Initialized native services in: /home/lollerfirst/.gradle/native
Initialized jansi services in: /home/lollerfirst/.gradle/native
To honour the JVM settings for this build a single-use Daemon process will be forked. For more on this, please refer to https://docs.gradle.org/8.11.1/userguide/gradle_daemon.html#sec:disabling_the_daemon in the Gradle documentation.
Starting process 'Gradle build daemon'. Working directory: /home/lollerfirst/.gradle/daemon/8.11.1 Command: /usr/lib/jvm/java-21-openjdk-amd64/bin/java --add-opens=java.base/java.lang=ALL-UNNAMED --add-opens=java.base/java.lang.invoke=ALL-UNNAMED --add-opens=java.base/java.util=ALL-UNNAMED --add-opens=java.prefs/java.util.prefs=ALL-UNNAMED --add-exports=jdk.compiler/com.sun.tools.javac.api=ALL-UNNAMED --add-exports=jdk.compiler/com.sun.tools.javac.util=ALL-UNNAMED --add-opens=java.base/java.util=ALL-UNNAMED --add-opens=java.prefs/java.util.prefs=ALL-UNNAMED --add-opens=java.base/java.nio.charset=ALL-UNNAMED --add-opens=java.base/java.net=ALL-UNNAMED --add-opens=java.base/java.util.concurrent.atomic=ALL-UNNAMED --add-opens=java.xml/javax.xml.namespace=ALL-UNNAMED -XX:MaxMetaspaceSize=1g -Xms256m -Xmx12g -Dfile.encoding=UTF-8 -Duser.country=US -Duser.language=en -Duser.variant -cp /home/lollerfirst/.gradle/wrapper/dists/gradle-8.11.1-all/2qik7nd48slq1ooc2496ixf4i/gradle-8.11.1/lib/gradle-daemon-main-8.11.1.jar -javaagent:/home/lollerfirst/.gradle/wrapper/dists/gradle-8.11.1-all/2qik7nd48slq1ooc2496ixf4i/gradle-8.11.1/lib/agents/gradle-instrumentation-agent-8.11.1.jar org.gradle.launcher.daemon.bootstrap.GradleDaemon 8.11.1
Successfully started process 'Gradle build daemon'
An attempt to start the daemon took 0.647 secs.
The client will now receive all logging from the daemon (pid: 33536). The daemon log file: /home/lollerfirst/.gradle/daemon/8.11.1/daemon-33536.out.log
Daemon will be stopped at the end of the build 
Using 12 worker leases.
Received JVM installation metadata from '/usr/lib/jvm/java-21-openjdk-amd64': {JAVA_HOME=/usr/lib/jvm/java-21-openjdk-amd64, JAVA_VERSION=21.0.8, JAVA_VENDOR=Ubuntu, RUNTIME_NAME=OpenJDK Runtime Environment, RUNTIME_VERSION=21.0.8+9-Ubuntu-0ubuntu124.04.1, VM_NAME=OpenJDK 64-Bit Server VM, VM_VERSION=21.0.8+9-Ubuntu-0ubuntu124.04.1, VM_VENDOR=Ubuntu, OS_ARCH=amd64}
Watching the file system is configured to be enabled if available
Now considering [/home/lollerfirst/Signal-Android] as hierarchies to watch
File system watching is active
Starting Build
Settings evaluated using settings file '/home/lollerfirst/Signal-Android/settings.gradle.kts'.
Now considering [/home/lollerfirst/Signal-Android/build-logic, /home/lollerfirst/Signal-Android] as hierarchies to watch
Projects loaded. Root project using build file '/home/lollerfirst/Signal-Android/build.gradle.kts'.
Included projects: [root project 'Signal', project ':benchmark', project ':billing', project ':contacts', project ':contacts-app', project ':core-ui', project ':core-util', project ':core-util-jvm', project ':debuglogs-viewer', project ':debuglogs-viewer-app', project ':device-transfer', project ':device-transfer-app', project ':donations', project ':donations-app', project ':glide-config', project ':image-editor', project ':image-editor-app', project ':libsignal-service', project ':lintchecks', project ':microbenchmark', project ':paging', project ':paging-app', project ':photoview', project ':qr', project ':qr-app', project ':Signal-Android', project ':spinner', project ':spinner-app', project ':sticky-header-grid', project ':video', project ':video-app']

> Configure project :build-logic
Evaluating project ':build-logic' using build file '/home/lollerfirst/Signal-Android/build-logic/build.gradle.kts'.
Transforming kotlin-gradle-plugin-model-2.2.20.jar (org.jetbrains.kotlin:kotlin-gradle-plugin-model:2.2.20) with InstrumentationAnalysisTransform
Transforming fus-statistics-gradle-plugin-2.2.20-gradle811.jar (org.jetbrains.kotlin:fus-statistics-gradle-plugin:2.2.20) with InstrumentationAnalysisTransform
Transforming kotlin-gradle-plugin-api-2.2.20.jar (org.jetbrains.kotlin:kotlin-gradle-plugin-api:2.2.20) with InstrumentationAnalysisTransform
Transforming kotlin-gradle-plugin-api-2.2.20-gradle811.jar (org.jetbrains.kotlin:kotlin-gradle-plugin-api:2.2.20) with InstrumentationAnalysisTransform
Transforming kotlin-gradle-plugin-2.2.20-gradle811.jar (org.jetbrains.kotlin:kotlin-gradle-plugin:2.2.20) with InstrumentationAnalysisTransform
Transforming kotlin-gradle-plugin-idea-proto-2.2.20.jar (org.jetbrains.kotlin:kotlin-gradle-plugin-idea-proto:2.2.20) with InstrumentationAnalysisTransform
Transforming kotlin-gradle-plugin-idea-2.2.20.jar (org.jetbrains.kotlin:kotlin-gradle-plugin-idea:2.2.20) with InstrumentationAnalysisTransform
Transforming kotlin-klib-commonizer-api-2.2.20.jar (org.jetbrains.kotlin:kotlin-klib-commonizer-api:2.2.20) with InstrumentationAnalysisTransform
Transforming kotlin-build-statistics-2.2.20.jar (org.jetbrains.kotlin:kotlin-build-statistics:2.2.20) with InstrumentationAnalysisTransform
Transforming kotlin-util-klib-metadata-2.2.20.jar (org.jetbrains.kotlin:kotlin-util-klib-metadata:2.2.20) with InstrumentationAnalysisTransform
Transforming abi-tools-api-2.2.20.jar (org.jetbrains.kotlin:abi-tools-api:2.2.20) with InstrumentationAnalysisTransform
Transforming kotlin-compiler-runner-2.2.20.jar (org.jetbrains.kotlin:kotlin-compiler-runner:2.2.20) with InstrumentationAnalysisTransform
Transforming kotlin-gradle-plugin-annotations-2.2.20.jar (org.jetbrains.kotlin:kotlin-gradle-plugin-annotations:2.2.20) with InstrumentationAnalysisTransform
Transforming kotlin-native-utils-2.2.20.jar (org.jetbrains.kotlin:kotlin-native-utils:2.2.20) with InstrumentationAnalysisTransform
Transforming kotlin-tooling-core-2.2.20.jar (org.jetbrains.kotlin:kotlin-tooling-core:2.2.20) with InstrumentationAnalysisTransform
Transforming kotlin-build-tools-api-2.2.20.jar (org.jetbrains.kotlin:kotlin-build-tools-api:2.2.20) with InstrumentationAnalysisTransform
Transforming gson-2.11.0.jar (com.google.code.gson:gson:2.11.0) with InstrumentationAnalysisTransform
Transforming kotlin-util-klib-2.2.20.jar (org.jetbrains.kotlin:kotlin-util-klib:2.2.20) with InstrumentationAnalysisTransform
Transforming kotlin-util-io-2.2.20.jar (org.jetbrains.kotlin:kotlin-util-io:2.2.20) with InstrumentationAnalysisTransform
Transforming kotlin-daemon-client-2.2.20.jar (org.jetbrains.kotlin:kotlin-daemon-client:2.2.20) with InstrumentationAnalysisTransform
Transforming kotlinx-coroutines-core-jvm-1.8.0.jar (org.jetbrains.kotlinx:kotlinx-coroutines-core-jvm:1.8.0) with InstrumentationAnalysisTransform
Transforming error_prone_annotations-2.27.0.jar (com.google.errorprone:error_prone_annotations:2.27.0) with InstrumentationAnalysisTransform
Transforming kotlin-gradle-plugin-model-2.2.20.jar (org.jetbrains.kotlin:kotlin-gradle-plugin-model:2.2.20) with InstrumentationAnalysisTransform
Transforming kotlin-gradle-plugin-model-2.2.20.jar (org.jetbrains.kotlin:kotlin-gradle-plugin-model:2.2.20) with MergeInstrumentationAnalysisTransform
Transforming fus-statistics-gradle-plugin-2.2.20-gradle811.jar (org.jetbrains.kotlin:fus-statistics-gradle-plugin:2.2.20) with InstrumentationAnalysisTransform
Transforming fus-statistics-gradle-plugin-2.2.20-gradle811.jar (org.jetbrains.kotlin:fus-statistics-gradle-plugin:2.2.20) with MergeInstrumentationAnalysisTransform
Transforming kotlin-gradle-plugin-api-2.2.20.jar (org.jetbrains.kotlin:kotlin-gradle-plugin-api:2.2.20) with InstrumentationAnalysisTransform
Transforming kotlin-gradle-plugin-api-2.2.20.jar (org.jetbrains.kotlin:kotlin-gradle-plugin-api:2.2.20) with MergeInstrumentationAnalysisTransform
Transforming kotlin-gradle-plugin-api-2.2.20-gradle811.jar (org.jetbrains.kotlin:kotlin-gradle-plugin-api:2.2.20) with InstrumentationAnalysisTransform
Transforming kotlin-gradle-plugin-api-2.2.20-gradle811.jar (org.jetbrains.kotlin:kotlin-gradle-plugin-api:2.2.20) with MergeInstrumentationAnalysisTransform
Transforming kotlin-gradle-plugin-2.2.20-gradle811.jar (org.jetbrains.kotlin:kotlin-gradle-plugin:2.2.20) with InstrumentationAnalysisTransform
Transforming kotlin-gradle-plugin-2.2.20-gradle811.jar (org.jetbrains.kotlin:kotlin-gradle-plugin:2.2.20) with MergeInstrumentationAnalysisTransform
Transforming kotlin-gradle-plugin-idea-proto-2.2.20.jar (org.jetbrains.kotlin:kotlin-gradle-plugin-idea-proto:2.2.20) with InstrumentationAnalysisTransform
Transforming kotlin-gradle-plugin-idea-proto-2.2.20.jar (org.jetbrains.kotlin:kotlin-gradle-plugin-idea-proto:2.2.20) with MergeInstrumentationAnalysisTransform
Transforming kotlin-gradle-plugin-idea-2.2.20.jar (org.jetbrains.kotlin:kotlin-gradle-plugin-idea:2.2.20) with InstrumentationAnalysisTransform
Transforming kotlin-gradle-plugin-idea-2.2.20.jar (org.jetbrains.kotlin:kotlin-gradle-plugin-idea:2.2.20) with MergeInstrumentationAnalysisTransform
Transforming kotlin-klib-commonizer-api-2.2.20.jar (org.jetbrains.kotlin:kotlin-klib-commonizer-api:2.2.20) with InstrumentationAnalysisTransform
Transforming kotlin-klib-commonizer-api-2.2.20.jar (org.jetbrains.kotlin:kotlin-klib-commonizer-api:2.2.20) with MergeInstrumentationAnalysisTransform
Transforming kotlin-build-statistics-2.2.20.jar (org.jetbrains.kotlin:kotlin-build-statistics:2.2.20) with InstrumentationAnalysisTransform
Transforming kotlin-build-statistics-2.2.20.jar (org.jetbrains.kotlin:kotlin-build-statistics:2.2.20) with MergeInstrumentationAnalysisTransform
Transforming kotlin-util-klib-metadata-2.2.20.jar (org.jetbrains.kotlin:kotlin-util-klib-metadata:2.2.20) with InstrumentationAnalysisTransform
Transforming kotlin-util-klib-metadata-2.2.20.jar (org.jetbrains.kotlin:kotlin-util-klib-metadata:2.2.20) with MergeInstrumentationAnalysisTransform
Transforming kotlin-gradle-plugin-2.2.20-gradle811.jar (org.jetbrains.kotlin:kotlin-gradle-plugin:2.2.20) with ExternalDependencyInstrumentingArtifactTransform
Transforming kotlin-gradle-plugin-idea-proto-2.2.20.jar (org.jetbrains.kotlin:kotlin-gradle-plugin-idea-proto:2.2.20) with ExternalDependencyInstrumentingArtifactTransform
Transforming kotlin-gradle-plugin-api-2.2.20.jar (org.jetbrains.kotlin:kotlin-gradle-plugin-api:2.2.20) with ExternalDependencyInstrumentingArtifactTransform
Transforming abi-tools-api-2.2.20.jar (org.jetbrains.kotlin:abi-tools-api:2.2.20) with InstrumentationAnalysisTransform
Transforming kotlin-gradle-plugin-model-2.2.20.jar (org.jetbrains.kotlin:kotlin-gradle-plugin-model:2.2.20) with ExternalDependencyInstrumentingArtifactTransform
Transforming abi-tools-api-2.2.20.jar (org.jetbrains.kotlin:abi-tools-api:2.2.20) with MergeInstrumentationAnalysisTransform
Transforming kotlin-gradle-plugin-api-2.2.20-gradle811.jar (org.jetbrains.kotlin:kotlin-gradle-plugin-api:2.2.20) with ExternalDependencyInstrumentingArtifactTransform
Transforming fus-statistics-gradle-plugin-2.2.20-gradle811.jar (org.jetbrains.kotlin:fus-statistics-gradle-plugin:2.2.20) with ExternalDependencyInstrumentingArtifactTransform
Transforming kotlin-compiler-runner-2.2.20.jar (org.jetbrains.kotlin:kotlin-compiler-runner:2.2.20) with InstrumentationAnalysisTransform
Transforming kotlin-compiler-runner-2.2.20.jar (org.jetbrains.kotlin:kotlin-compiler-runner:2.2.20) with MergeInstrumentationAnalysisTransform
Transforming kotlin-gradle-plugin-annotations-2.2.20.jar (org.jetbrains.kotlin:kotlin-gradle-plugin-annotations:2.2.20) with InstrumentationAnalysisTransform
Transforming kotlin-gradle-plugin-annotations-2.2.20.jar (org.jetbrains.kotlin:kotlin-gradle-plugin-annotations:2.2.20) with MergeInstrumentationAnalysisTransform
Transforming kotlin-native-utils-2.2.20.jar (org.jetbrains.kotlin:kotlin-native-utils:2.2.20) with InstrumentationAnalysisTransform
Transforming kotlin-native-utils-2.2.20.jar (org.jetbrains.kotlin:kotlin-native-utils:2.2.20) with MergeInstrumentationAnalysisTransform
Transforming kotlin-tooling-core-2.2.20.jar (org.jetbrains.kotlin:kotlin-tooling-core:2.2.20) with InstrumentationAnalysisTransform
Transforming kotlin-tooling-core-2.2.20.jar (org.jetbrains.kotlin:kotlin-tooling-core:2.2.20) with MergeInstrumentationAnalysisTransform
Transforming kotlin-build-tools-api-2.2.20.jar (org.jetbrains.kotlin:kotlin-build-tools-api:2.2.20) with InstrumentationAnalysisTransform
Transforming kotlin-build-tools-api-2.2.20.jar (org.jetbrains.kotlin:kotlin-build-tools-api:2.2.20) with MergeInstrumentationAnalysisTransform
Transforming gson-2.11.0.jar (com.google.code.gson:gson:2.11.0) with InstrumentationAnalysisTransform
Transforming gson-2.11.0.jar (com.google.code.gson:gson:2.11.0) with MergeInstrumentationAnalysisTransform
Transforming kotlin-util-klib-2.2.20.jar (org.jetbrains.kotlin:kotlin-util-klib:2.2.20) with InstrumentationAnalysisTransform
Transforming kotlin-util-klib-2.2.20.jar (org.jetbrains.kotlin:kotlin-util-klib:2.2.20) with MergeInstrumentationAnalysisTransform
Transforming kotlin-util-io-2.2.20.jar (org.jetbrains.kotlin:kotlin-util-io:2.2.20) with InstrumentationAnalysisTransform
Transforming kotlin-util-io-2.2.20.jar (org.jetbrains.kotlin:kotlin-util-io:2.2.20) with MergeInstrumentationAnalysisTransform
Transforming kotlin-gradle-plugin-idea-2.2.20.jar (org.jetbrains.kotlin:kotlin-gradle-plugin-idea:2.2.20) with ExternalDependencyInstrumentingArtifactTransform
Transforming kotlin-klib-commonizer-api-2.2.20.jar (org.jetbrains.kotlin:kotlin-klib-commonizer-api:2.2.20) with ExternalDependencyInstrumentingArtifactTransform
Transforming kotlin-daemon-client-2.2.20.jar (org.jetbrains.kotlin:kotlin-daemon-client:2.2.20) with InstrumentationAnalysisTransform
Transforming kotlin-daemon-client-2.2.20.jar (org.jetbrains.kotlin:kotlin-daemon-client:2.2.20) with MergeInstrumentationAnalysisTransform
Transforming kotlinx-coroutines-core-jvm-1.8.0.jar (org.jetbrains.kotlinx:kotlinx-coroutines-core-jvm:1.8.0) with InstrumentationAnalysisTransform
Transforming kotlinx-coroutines-core-jvm-1.8.0.jar (org.jetbrains.kotlinx:kotlinx-coroutines-core-jvm:1.8.0) with MergeInstrumentationAnalysisTransform
Transforming error_prone_annotations-2.27.0.jar (com.google.errorprone:error_prone_annotations:2.27.0) with InstrumentationAnalysisTransform
Transforming error_prone_annotations-2.27.0.jar (com.google.errorprone:error_prone_annotations:2.27.0) with MergeInstrumentationAnalysisTransform
Transforming kotlin-build-statistics-2.2.20.jar (org.jetbrains.kotlin:kotlin-build-statistics:2.2.20) with ExternalDependencyInstrumentingArtifactTransform
Transforming kotlin-util-klib-metadata-2.2.20.jar (org.jetbrains.kotlin:kotlin-util-klib-metadata:2.2.20) with ExternalDependencyInstrumentingArtifactTransform
Transforming abi-tools-api-2.2.20.jar (org.jetbrains.kotlin:abi-tools-api:2.2.20) with ExternalDependencyInstrumentingArtifactTransform
Transforming kotlin-compiler-runner-2.2.20.jar (org.jetbrains.kotlin:kotlin-compiler-runner:2.2.20) with ExternalDependencyInstrumentingArtifactTransform
Transforming kotlin-gradle-plugin-annotations-2.2.20.jar (org.jetbrains.kotlin:kotlin-gradle-plugin-annotations:2.2.20) with ExternalDependencyInstrumentingArtifactTransform
Transforming kotlin-native-utils-2.2.20.jar (org.jetbrains.kotlin:kotlin-native-utils:2.2.20) with ExternalDependencyInstrumentingArtifactTransform
Transforming gson-2.11.0.jar (com.google.code.gson:gson:2.11.0) with ExternalDependencyInstrumentingArtifactTransform
Transforming kotlin-tooling-core-2.2.20.jar (org.jetbrains.kotlin:kotlin-tooling-core:2.2.20) with ExternalDependencyInstrumentingArtifactTransform
Transforming kotlin-build-tools-api-2.2.20.jar (org.jetbrains.kotlin:kotlin-build-tools-api:2.2.20) with ExternalDependencyInstrumentingArtifactTransform
Transforming kotlin-util-io-2.2.20.jar (org.jetbrains.kotlin:kotlin-util-io:2.2.20) with ExternalDependencyInstrumentingArtifactTransform
Transforming kotlin-util-klib-2.2.20.jar (org.jetbrains.kotlin:kotlin-util-klib:2.2.20) with ExternalDependencyInstrumentingArtifactTransform
Transforming kotlin-daemon-client-2.2.20.jar (org.jetbrains.kotlin:kotlin-daemon-client:2.2.20) with ExternalDependencyInstrumentingArtifactTransform
Transforming error_prone_annotations-2.27.0.jar (com.google.errorprone:error_prone_annotations:2.27.0) with ExternalDependencyInstrumentingArtifactTransform
Transforming kotlinx-coroutines-core-jvm-1.8.0.jar (org.jetbrains.kotlinx:kotlinx-coroutines-core-jvm:1.8.0) with ExternalDependencyInstrumentingArtifactTransform

> Configure project :
Evaluating root project 'Signal' using build file '/home/lollerfirst/Signal-Android/build.gradle.kts'.

> Configure project :build-logic:plugins
Evaluating project ':build-logic:plugins' using build file '/home/lollerfirst/Signal-Android/build-logic/plugins/build.gradle.kts'.
Transforming gradle-kotlin-dsl-plugins-5.1.1.jar (org.gradle.kotlin:gradle-kotlin-dsl-plugins:5.1.1) with InstrumentationAnalysisTransform
Transforming kotlin-stdlib-2.0.20.jar (org.jetbrains.kotlin:kotlin-stdlib:2.0.20) with InstrumentationAnalysisTransform
Transforming annotations-13.0.jar (org.jetbrains:annotations:13.0) with InstrumentationAnalysisTransform
Transforming ktlint-gradle-12.1.1.jar (org.jlleitschuh.gradle:ktlint-gradle:12.1.1) with InstrumentationAnalysisTransform
Transforming kotlin-sam-with-receiver-2.0.20-gradle85.jar (org.jetbrains.kotlin:kotlin-sam-with-receiver:2.0.20) with InstrumentationAnalysisTransform
Transforming kotlin-assignment-2.0.20-gradle85.jar (org.jetbrains.kotlin:kotlin-assignment:2.0.20) with InstrumentationAnalysisTransform
Transforming kotlin-gradle-plugin-model-2.0.20.jar (org.jetbrains.kotlin:kotlin-gradle-plugin-model:2.0.20) with InstrumentationAnalysisTransform
Transforming kotlin-gradle-plugin-api-2.0.20.jar (org.jetbrains.kotlin:kotlin-gradle-plugin-api:2.0.20) with InstrumentationAnalysisTransform
Transforming kotlin-gradle-plugin-api-2.0.20-gradle85.jar (org.jetbrains.kotlin:kotlin-gradle-plugin-api:2.0.20) with InstrumentationAnalysisTransform
Transforming kotlin-gradle-plugin-2.0.20-gradle85.jar (org.jetbrains.kotlin:kotlin-gradle-plugin:2.0.20) with InstrumentationAnalysisTransform
Transforming kotlin-gradle-plugin-idea-proto-2.0.20.jar (org.jetbrains.kotlin:kotlin-gradle-plugin-idea-proto:2.0.20) with InstrumentationAnalysisTransform
Transforming kotlin-gradle-plugin-idea-2.0.20.jar (org.jetbrains.kotlin:kotlin-gradle-plugin-idea:2.0.20) with InstrumentationAnalysisTransform
Transforming kotlin-klib-commonizer-api-2.0.20.jar (org.jetbrains.kotlin:kotlin-klib-commonizer-api:2.0.20) with InstrumentationAnalysisTransform
Transforming kotlin-build-statistics-2.0.20.jar (org.jetbrains.kotlin:kotlin-build-statistics:2.0.20) with InstrumentationAnalysisTransform
Transforming kotlin-build-tools-api-2.0.20.jar (org.jetbrains.kotlin:kotlin-build-tools-api:2.0.20) with InstrumentationAnalysisTransform
Transforming kotlin-compiler-runner-2.0.20.jar (org.jetbrains.kotlin:kotlin-compiler-runner:2.0.20) with InstrumentationAnalysisTransform
Transforming kotlin-native-utils-2.0.20.jar (org.jetbrains.kotlin:kotlin-native-utils:2.0.20) with InstrumentationAnalysisTransform
Transforming kotlin-util-klib-2.0.20.jar (org.jetbrains.kotlin:kotlin-util-klib:2.0.20) with InstrumentationAnalysisTransform
Transforming kotlin-compiler-embeddable-2.0.20.jar (org.jetbrains.kotlin:kotlin-compiler-embeddable:2.0.20) with InstrumentationAnalysisTransform
Transforming kotlin-gradle-plugin-annotations-2.0.20.jar (org.jetbrains.kotlin:kotlin-gradle-plugin-annotations:2.0.20) with InstrumentationAnalysisTransform
Transforming kotlin-tooling-core-2.0.20.jar (org.jetbrains.kotlin:kotlin-tooling-core:2.0.20) with InstrumentationAnalysisTransform
Transforming gson-2.8.9.jar (com.google.code.gson:gson:2.8.9) with InstrumentationAnalysisTransform
Transforming kotlin-daemon-client-2.0.20.jar (org.jetbrains.kotlin:kotlin-daemon-client:2.0.20) with InstrumentationAnalysisTransform
Transforming kotlinx-coroutines-core-jvm-1.6.4.jar (org.jetbrains.kotlinx:kotlinx-coroutines-core-jvm:1.6.4) with InstrumentationAnalysisTransform
Transforming kotlin-util-io-2.0.20.jar (org.jetbrains.kotlin:kotlin-util-io:2.0.20) with InstrumentationAnalysisTransform
Transforming kotlin-daemon-embeddable-2.0.20.jar (org.jetbrains.kotlin:kotlin-daemon-embeddable:2.0.20) with InstrumentationAnalysisTransform
Transforming trove4j-1.0.20200330.jar (org.jetbrains.intellij.deps:trove4j:1.0.20200330) with InstrumentationAnalysisTransform
Transforming gradle-kotlin-dsl-plugins-5.1.1.jar (org.gradle.kotlin:gradle-kotlin-dsl-plugins:5.1.1) with InstrumentationAnalysisTransform
Transforming gradle-kotlin-dsl-plugins-5.1.1.jar (org.gradle.kotlin:gradle-kotlin-dsl-plugins:5.1.1) with MergeInstrumentationAnalysisTransform
Transforming kotlin-stdlib-2.0.20.jar (org.jetbrains.kotlin:kotlin-stdlib:2.0.20) with InstrumentationAnalysisTransform
Transforming kotlin-stdlib-2.0.20.jar (org.jetbrains.kotlin:kotlin-stdlib:2.0.20) with MergeInstrumentationAnalysisTransform
Transforming annotations-13.0.jar (org.jetbrains:annotations:13.0) with InstrumentationAnalysisTransform
Transforming annotations-13.0.jar (org.jetbrains:annotations:13.0) with MergeInstrumentationAnalysisTransform
Transforming ktlint-gradle-12.1.1.jar (org.jlleitschuh.gradle:ktlint-gradle:12.1.1) with InstrumentationAnalysisTransform
Transforming ktlint-gradle-12.1.1.jar (org.jlleitschuh.gradle:ktlint-gradle:12.1.1) with MergeInstrumentationAnalysisTransform
Transforming kotlin-sam-with-receiver-2.0.20-gradle85.jar (org.jetbrains.kotlin:kotlin-sam-with-receiver:2.0.20) with InstrumentationAnalysisTransform
Transforming kotlin-sam-with-receiver-2.0.20-gradle85.jar (org.jetbrains.kotlin:kotlin-sam-with-receiver:2.0.20) with MergeInstrumentationAnalysisTransform
Transforming kotlin-assignment-2.0.20-gradle85.jar (org.jetbrains.kotlin:kotlin-assignment:2.0.20) with InstrumentationAnalysisTransform
Transforming kotlin-assignment-2.0.20-gradle85.jar (org.jetbrains.kotlin:kotlin-assignment:2.0.20) with MergeInstrumentationAnalysisTransform
Transforming kotlin-gradle-plugin-model-2.0.20.jar (org.jetbrains.kotlin:kotlin-gradle-plugin-model:2.0.20) with InstrumentationAnalysisTransform
Transforming kotlin-gradle-plugin-model-2.0.20.jar (org.jetbrains.kotlin:kotlin-gradle-plugin-model:2.0.20) with MergeInstrumentationAnalysisTransform
Transforming kotlin-gradle-plugin-api-2.0.20.jar (org.jetbrains.kotlin:kotlin-gradle-plugin-api:2.0.20) with InstrumentationAnalysisTransform
Transforming kotlin-gradle-plugin-api-2.0.20.jar (org.jetbrains.kotlin:kotlin-gradle-plugin-api:2.0.20) with MergeInstrumentationAnalysisTransform
Transforming kotlin-gradle-plugin-api-2.0.20-gradle85.jar (org.jetbrains.kotlin:kotlin-gradle-plugin-api:2.0.20) with InstrumentationAnalysisTransform
Transforming kotlin-gradle-plugin-api-2.0.20-gradle85.jar (org.jetbrains.kotlin:kotlin-gradle-plugin-api:2.0.20) with MergeInstrumentationAnalysisTransform
Transforming kotlin-gradle-plugin-2.0.20-gradle85.jar (org.jetbrains.kotlin:kotlin-gradle-plugin:2.0.20) with InstrumentationAnalysisTransform
Transforming kotlin-gradle-plugin-2.0.20-gradle85.jar (org.jetbrains.kotlin:kotlin-gradle-plugin:2.0.20) with MergeInstrumentationAnalysisTransform
Transforming kotlin-gradle-plugin-idea-proto-2.0.20.jar (org.jetbrains.kotlin:kotlin-gradle-plugin-idea-proto:2.0.20) with InstrumentationAnalysisTransform
Transforming kotlin-stdlib-2.0.20.jar (org.jetbrains.kotlin:kotlin-stdlib:2.0.20) with ExternalDependencyInstrumentingArtifactTransform
Transforming kotlin-gradle-plugin-idea-proto-2.0.20.jar (org.jetbrains.kotlin:kotlin-gradle-plugin-idea-proto:2.0.20) with MergeInstrumentationAnalysisTransform
Transforming kotlin-gradle-plugin-idea-2.0.20.jar (org.jetbrains.kotlin:kotlin-gradle-plugin-idea:2.0.20) with InstrumentationAnalysisTransform
Transforming kotlin-gradle-plugin-idea-2.0.20.jar (org.jetbrains.kotlin:kotlin-gradle-plugin-idea:2.0.20) with MergeInstrumentationAnalysisTransform
Transforming kotlin-klib-commonizer-api-2.0.20.jar (org.jetbrains.kotlin:kotlin-klib-commonizer-api:2.0.20) with InstrumentationAnalysisTransform
Transforming kotlin-klib-commonizer-api-2.0.20.jar (org.jetbrains.kotlin:kotlin-klib-commonizer-api:2.0.20) with MergeInstrumentationAnalysisTransform
Transforming kotlin-build-statistics-2.0.20.jar (org.jetbrains.kotlin:kotlin-build-statistics:2.0.20) with InstrumentationAnalysisTransform
Transforming kotlin-build-statistics-2.0.20.jar (org.jetbrains.kotlin:kotlin-build-statistics:2.0.20) with MergeInstrumentationAnalysisTransform
Transforming kotlin-build-tools-api-2.0.20.jar (org.jetbrains.kotlin:kotlin-build-tools-api:2.0.20) with InstrumentationAnalysisTransform
Transforming kotlin-build-tools-api-2.0.20.jar (org.jetbrains.kotlin:kotlin-build-tools-api:2.0.20) with MergeInstrumentationAnalysisTransform
Transforming annotations-13.0.jar (org.jetbrains:annotations:13.0) with ExternalDependencyInstrumentingArtifactTransform
Transforming kotlin-compiler-runner-2.0.20.jar (org.jetbrains.kotlin:kotlin-compiler-runner:2.0.20) with InstrumentationAnalysisTransform
Transforming kotlin-compiler-runner-2.0.20.jar (org.jetbrains.kotlin:kotlin-compiler-runner:2.0.20) with MergeInstrumentationAnalysisTransform
Transforming ktlint-gradle-12.1.1.jar (org.jlleitschuh.gradle:ktlint-gradle:12.1.1) with ExternalDependencyInstrumentingArtifactTransform
Transforming kotlin-assignment-2.0.20-gradle85.jar (org.jetbrains.kotlin:kotlin-assignment:2.0.20) with ExternalDependencyInstrumentingArtifactTransform
Transforming gradle-kotlin-dsl-plugins-5.1.1.jar (org.gradle.kotlin:gradle-kotlin-dsl-plugins:5.1.1) with ExternalDependencyInstrumentingArtifactTransform
Transforming kotlin-native-utils-2.0.20.jar (org.jetbrains.kotlin:kotlin-native-utils:2.0.20) with InstrumentationAnalysisTransform
Transforming kotlin-native-utils-2.0.20.jar (org.jetbrains.kotlin:kotlin-native-utils:2.0.20) with MergeInstrumentationAnalysisTransform
Transforming kotlin-util-klib-2.0.20.jar (org.jetbrains.kotlin:kotlin-util-klib:2.0.20) with InstrumentationAnalysisTransform
Transforming kotlin-util-klib-2.0.20.jar (org.jetbrains.kotlin:kotlin-util-klib:2.0.20) with MergeInstrumentationAnalysisTransform
Transforming kotlin-compiler-embeddable-2.0.20.jar (org.jetbrains.kotlin:kotlin-compiler-embeddable:2.0.20) with InstrumentationAnalysisTransform
Transforming kotlin-compiler-embeddable-2.0.20.jar (org.jetbrains.kotlin:kotlin-compiler-embeddable:2.0.20) with MergeInstrumentationAnalysisTransform
Transforming kotlin-gradle-plugin-annotations-2.0.20.jar (org.jetbrains.kotlin:kotlin-gradle-plugin-annotations:2.0.20) with InstrumentationAnalysisTransform
Transforming kotlin-gradle-plugin-annotations-2.0.20.jar (org.jetbrains.kotlin:kotlin-gradle-plugin-annotations:2.0.20) with MergeInstrumentationAnalysisTransform
Transforming kotlin-tooling-core-2.0.20.jar (org.jetbrains.kotlin:kotlin-tooling-core:2.0.20) with InstrumentationAnalysisTransform
Transforming kotlin-tooling-core-2.0.20.jar (org.jetbrains.kotlin:kotlin-tooling-core:2.0.20) with MergeInstrumentationAnalysisTransform
Transforming gson-2.8.9.jar (com.google.code.gson:gson:2.8.9) with InstrumentationAnalysisTransform
Transforming gson-2.8.9.jar (com.google.code.gson:gson:2.8.9) with MergeInstrumentationAnalysisTransform
Transforming kotlin-sam-with-receiver-2.0.20-gradle85.jar (org.jetbrains.kotlin:kotlin-sam-with-receiver:2.0.20) with ExternalDependencyInstrumentingArtifactTransform
Transforming kotlin-daemon-client-2.0.20.jar (org.jetbrains.kotlin:kotlin-daemon-client:2.0.20) with InstrumentationAnalysisTransform
Transforming kotlin-daemon-client-2.0.20.jar (org.jetbrains.kotlin:kotlin-daemon-client:2.0.20) with MergeInstrumentationAnalysisTransform
Transforming kotlinx-coroutines-core-jvm-1.6.4.jar (org.jetbrains.kotlinx:kotlinx-coroutines-core-jvm:1.6.4) with InstrumentationAnalysisTransform
Transforming kotlinx-coroutines-core-jvm-1.6.4.jar (org.jetbrains.kotlinx:kotlinx-coroutines-core-jvm:1.6.4) with MergeInstrumentationAnalysisTransform
Transforming kotlin-util-io-2.0.20.jar (org.jetbrains.kotlin:kotlin-util-io:2.0.20) with InstrumentationAnalysisTransform
Transforming kotlin-util-io-2.0.20.jar (org.jetbrains.kotlin:kotlin-util-io:2.0.20) with MergeInstrumentationAnalysisTransform
Transforming kotlin-daemon-embeddable-2.0.20.jar (org.jetbrains.kotlin:kotlin-daemon-embeddable:2.0.20) with InstrumentationAnalysisTransform
Transforming kotlin-daemon-embeddable-2.0.20.jar (org.jetbrains.kotlin:kotlin-daemon-embeddable:2.0.20) with MergeInstrumentationAnalysisTransform
Transforming kotlin-gradle-plugin-model-2.0.20.jar (org.jetbrains.kotlin:kotlin-gradle-plugin-model:2.0.20) with ExternalDependencyInstrumentingArtifactTransform
Transforming trove4j-1.0.20200330.jar (org.jetbrains.intellij.deps:trove4j:1.0.20200330) with InstrumentationAnalysisTransform
Transforming kotlin-gradle-plugin-api-2.0.20.jar (org.jetbrains.kotlin:kotlin-gradle-plugin-api:2.0.20) with ExternalDependencyInstrumentingArtifactTransform
Transforming trove4j-1.0.20200330.jar (org.jetbrains.intellij.deps:trove4j:1.0.20200330) with MergeInstrumentationAnalysisTransform
Transforming kotlin-gradle-plugin-api-2.0.20-gradle85.jar (org.jetbrains.kotlin:kotlin-gradle-plugin-api:2.0.20) with ExternalDependencyInstrumentingArtifactTransform
Transforming kotlin-gradle-plugin-2.0.20-gradle85.jar (org.jetbrains.kotlin:kotlin-gradle-plugin:2.0.20) with ExternalDependencyInstrumentingArtifactTransform
Transforming kotlin-gradle-plugin-idea-proto-2.0.20.jar (org.jetbrains.kotlin:kotlin-gradle-plugin-idea-proto:2.0.20) with ExternalDependencyInstrumentingArtifactTransform
Transforming kotlin-build-statistics-2.0.20.jar (org.jetbrains.kotlin:kotlin-build-statistics:2.0.20) with ExternalDependencyInstrumentingArtifactTransform
Transforming kotlin-klib-commonizer-api-2.0.20.jar (org.jetbrains.kotlin:kotlin-klib-commonizer-api:2.0.20) with ExternalDependencyInstrumentingArtifactTransform
Transforming kotlin-gradle-plugin-idea-2.0.20.jar (org.jetbrains.kotlin:kotlin-gradle-plugin-idea:2.0.20) with ExternalDependencyInstrumentingArtifactTransform
Transforming kotlin-build-tools-api-2.0.20.jar (org.jetbrains.kotlin:kotlin-build-tools-api:2.0.20) with ExternalDependencyInstrumentingArtifactTransform
Transforming kotlin-compiler-runner-2.0.20.jar (org.jetbrains.kotlin:kotlin-compiler-runner:2.0.20) with ExternalDependencyInstrumentingArtifactTransform
Transforming kotlin-gradle-plugin-annotations-2.0.20.jar (org.jetbrains.kotlin:kotlin-gradle-plugin-annotations:2.0.20) with ExternalDependencyInstrumentingArtifactTransform
Transforming kotlin-native-utils-2.0.20.jar (org.jetbrains.kotlin:kotlin-native-utils:2.0.20) with ExternalDependencyInstrumentingArtifactTransform
Transforming kotlin-tooling-core-2.0.20.jar (org.jetbrains.kotlin:kotlin-tooling-core:2.0.20) with ExternalDependencyInstrumentingArtifactTransform
Transforming kotlin-compiler-embeddable-2.0.20.jar (org.jetbrains.kotlin:kotlin-compiler-embeddable:2.0.20) with ExternalDependencyInstrumentingArtifactTransform
Transforming kotlin-util-klib-2.0.20.jar (org.jetbrains.kotlin:kotlin-util-klib:2.0.20) with ExternalDependencyInstrumentingArtifactTransform
Transforming gson-2.8.9.jar (com.google.code.gson:gson:2.8.9) with ExternalDependencyInstrumentingArtifactTransform
Transforming kotlin-daemon-client-2.0.20.jar (org.jetbrains.kotlin:kotlin-daemon-client:2.0.20) with ExternalDependencyInstrumentingArtifactTransform
Transforming kotlinx-coroutines-core-jvm-1.6.4.jar (org.jetbrains.kotlinx:kotlinx-coroutines-core-jvm:1.6.4) with ExternalDependencyInstrumentingArtifactTransform
Transforming kotlin-util-io-2.0.20.jar (org.jetbrains.kotlin:kotlin-util-io:2.0.20) with ExternalDependencyInstrumentingArtifactTransform
Transforming kotlin-daemon-embeddable-2.0.20.jar (org.jetbrains.kotlin:kotlin-daemon-embeddable:2.0.20) with ExternalDependencyInstrumentingArtifactTransform
Transforming trove4j-1.0.20200330.jar (org.jetbrains.intellij.deps:trove4j:1.0.20200330) with ExternalDependencyInstrumentingArtifactTransform
Build cccc1b3c-fe02-4e74-a7bd-f659c5d4f643 is started
Using Kotlin Gradle Plugin gradle811 variant
kotlin scripting plugin: created the scripting discovery configuration: kotlinScriptDef
kotlin scripting plugin: created the scripting discovery configuration: testKotlinScriptDef
WARNING: Unsupported Kotlin plugin version.
The `embedded-kotlin` and `kotlin-dsl` plugins rely on features of Kotlin `2.0.20` that might work differently than in the requested version `2.2.20`.
file or directory '/home/lollerfirst/Signal-Android/build-logic/plugins/src/main/kotlin', not found
file or directory '/home/lollerfirst/Signal-Android/build-logic/plugins/src/main/resources', not found
file or directory '/home/lollerfirst/Signal-Android/build-logic/plugins/src/main/kotlin', not found
file or directory '/home/lollerfirst/Signal-Android/build-logic/plugins/src/main/groovy', not found

> Configure project :build-logic:tools
Evaluating project ':build-logic:tools' using build file '/home/lollerfirst/Signal-Android/build-logic/tools/build.gradle.kts'.
Transforming ktlint-gradle-12.1.1.jar (org.jlleitschuh.gradle:ktlint-gradle:12.1.1) with InstrumentationAnalysisTransform
Transforming ktlint-gradle-12.1.1.jar (org.jlleitschuh.gradle:ktlint-gradle:12.1.1) with InstrumentationAnalysisTransform
Transforming ktlint-gradle-12.1.1.jar (org.jlleitschuh.gradle:ktlint-gradle:12.1.1) with MergeInstrumentationAnalysisTransform
Transforming ktlint-gradle-12.1.1.jar (org.jlleitschuh.gradle:ktlint-gradle:12.1.1) with ExternalDependencyInstrumentingArtifactTransform
Using Kotlin Gradle Plugin gradle811 variant
kotlin scripting plugin: created the scripting discovery configuration: kotlinScriptDef
kotlin scripting plugin: created the scripting discovery configuration: testKotlinScriptDef

> Configure project :
Transforming wire-handler-1.0.0.jar with InstrumentationAnalysisTransform
Transforming navigation-safe-args-generator-2.8.5.jar (androidx.navigation:navigation-safe-args-generator:2.8.5) with InstrumentationAnalysisTransform
Transforming navigation-safe-args-gradle-plugin-2.8.5.jar (androidx.navigation:navigation-safe-args-gradle-plugin:2.8.5) with InstrumentationAnalysisTransform
Transforming gradle-8.10.1.jar (com.android.tools.build:gradle:8.10.1) with InstrumentationAnalysisTransform
Transforming protobuf-gradle-plugin-0.9.0.jar (com.google.protobuf:protobuf-gradle-plugin:0.9.0) with InstrumentationAnalysisTransform
Transforming wire-gradle-plugin-4.4.3.jar (com.squareup.wire:wire-gradle-plugin:4.4.3) with InstrumentationAnalysisTransform
Transforming benchmark-gradle-plugin-1.3.3.jar (androidx.benchmark:benchmark-gradle-plugin:1.3.3) with InstrumentationAnalysisTransform
Transforming symbol-processing-gradle-plugin-2.2.20-2.0.2.jar (com.google.devtools.ksp:symbol-processing-gradle-plugin:2.2.20-2.0.2) with InstrumentationAnalysisTransform
Transforming symbol-processing-api-2.2.20-2.0.2.jar (com.google.devtools.ksp:symbol-processing-api:2.2.20-2.0.2) with InstrumentationAnalysisTransform
Transforming symbol-processing-common-deps-2.2.20-2.0.2.jar (com.google.devtools.ksp:symbol-processing-common-deps:2.2.20-2.0.2) with InstrumentationAnalysisTransform
Transforming wire-compiler-4.4.3.jar (com.squareup.wire:wire-compiler:4.4.3) with InstrumentationAnalysisTransform
Transforming wire-kotlin-generator-4.4.3.jar (com.squareup.wire:wire-kotlin-generator:4.4.3) with InstrumentationAnalysisTransform
Transforming wire-java-generator-4.4.3.jar (com.squareup.wire:wire-java-generator:4.4.3) with InstrumentationAnalysisTransform
Transforming wire-schema-jvm-4.4.3.jar (com.squareup.wire:wire-schema-jvm:4.4.3) with InstrumentationAnalysisTransform
Transforming kotlinpoet-1.14.2.jar (com.squareup:kotlinpoet:1.14.2) with InstrumentationAnalysisTransform
Transforming kaml-0.20.0.jar (com.charleskorn.kaml:kaml:0.20.0) with InstrumentationAnalysisTransform
Transforming gradle-settings-api-8.10.1.jar (com.android.tools.build:gradle-settings-api:8.10.1) with InstrumentationAnalysisTransform
Transforming lint-model-31.10.1.jar (com.android.tools.lint:lint-model:31.10.1) with InstrumentationAnalysisTransform
Transforming builder-8.10.1.jar (com.android.tools.build:builder:8.10.1) with InstrumentationAnalysisTransform
Transforming manifest-merger-31.10.1.jar (com.android.tools.build:manifest-merger:31.10.1) with InstrumentationAnalysisTransform
Transforming sdk-common-31.10.1.jar (com.android.tools:sdk-common:31.10.1) with InstrumentationAnalysisTransform
Transforming sdklib-31.10.1.jar (com.android.tools:sdklib:31.10.1) with InstrumentationAnalysisTransform
Transforming repository-31.10.1.jar (com.android.tools:repository:31.10.1) with InstrumentationAnalysisTransform
Transforming aaptcompiler-8.10.1.jar (com.android.tools.build:aaptcompiler:8.10.1) with InstrumentationAnalysisTransform
Transforming tracker-31.10.1.jar (com.android.tools.analytics-library:tracker:31.10.1) with InstrumentationAnalysisTransform
Transforming shared-31.10.1.jar (com.android.tools.analytics-library:shared:31.10.1) with InstrumentationAnalysisTransform
Transforming databinding-compiler-common-8.10.1.jar (androidx.databinding:databinding-compiler-common:8.10.1) with InstrumentationAnalysisTransform
Transforming android-test-plugin-host-emulator-control-proto-31.10.1.jar (com.android.tools.utp:android-test-plugin-host-emulator-control-proto:31.10.1) with InstrumentationAnalysisTransform
Transforming builder-model-8.10.1.jar (com.android.tools.build:builder-model:8.10.1) with InstrumentationAnalysisTransform
Transforming gradle-api-8.10.1.jar (com.android.tools.build:gradle-api:8.10.1) with InstrumentationAnalysisTransform
Transforming wire-runtime-jvm-4.4.3.jar (com.squareup.wire:wire-runtime-jvm:4.4.3) with InstrumentationAnalysisTransform
Transforming builder-test-api-8.10.1.jar (com.android.tools.build:builder-test-api:8.10.1) with InstrumentationAnalysisTransform
Transforming ddmlib-31.10.1.jar (com.android.tools.ddms:ddmlib:31.10.1) with InstrumentationAnalysisTransform
Transforming layoutlib-api-31.10.1.jar (com.android.tools.layoutlib:layoutlib-api:31.10.1) with InstrumentationAnalysisTransform
Transforming dvlib-31.10.1.jar (com.android.tools:dvlib:31.10.1) with InstrumentationAnalysisTransform
Transforming common-31.10.1.jar (com.android.tools:common:31.10.1) with InstrumentationAnalysisTransform
Transforming okio-jvm-3.0.0.jar (com.squareup.okio:okio-jvm:3.0.0) with InstrumentationAnalysisTransform
Transforming kotlin-stdlib-jdk8-2.1.0.jar (org.jetbrains.kotlin:kotlin-stdlib-jdk8:2.1.0) with InstrumentationAnalysisTransform
Transforming jetifier-processor-1.0.0-beta10.jar (com.android.tools.build.jetifier:jetifier-processor:1.0.0-beta10) with InstrumentationAnalysisTransform
Transforming jetifier-core-1.0.0-beta10.jar (com.android.tools.build.jetifier:jetifier-core:1.0.0-beta10) with InstrumentationAnalysisTransform
Transforming kotlin-reflect-2.0.20.jar (org.jetbrains.kotlin:kotlin-reflect:2.0.20) with InstrumentationAnalysisTransform
Transforming kotlinx-serialization-core-jvm-1.0.1.jar (org.jetbrains.kotlinx:kotlinx-serialization-core-jvm:1.0.1) with InstrumentationAnalysisTransform
Transforming kotlin-stdlib-jdk7-2.1.0.jar (org.jetbrains.kotlin:kotlin-stdlib-jdk7:2.1.0) with InstrumentationAnalysisTransform
Transforming kotlin-stdlib-2.0.20.jar (org.jetbrains.kotlin:kotlin-stdlib:2.0.20) with InstrumentationAnalysisTransform
Transforming annotations-13.0.jar (org.jetbrains:annotations:13.0) with InstrumentationAnalysisTransform
Transforming bundletool-1.18.0.jar (com.android.tools.build:bundletool:1.18.0) with InstrumentationAnalysisTransform
Transforming aapt2-proto-8.10.1-12782657.jar (com.android.tools.build:aapt2-proto:8.10.1-12782657) with InstrumentationAnalysisTransform
Transforming crash-31.10.1.jar (com.android.tools.analytics-library:crash:31.10.1) with InstrumentationAnalysisTransform
Transforming lint-typedef-remover-31.10.1.jar (com.android.tools.lint:lint-typedef-remover:31.10.1) with InstrumentationAnalysisTransform
Transforming databinding-common-8.10.1.jar (androidx.databinding:databinding-common:8.10.1) with InstrumentationAnalysisTransform
Transforming baseLibrary-8.10.1.jar (com.android.databinding:baseLibrary:8.10.1) with InstrumentationAnalysisTransform
Transforming android-device-provider-ddmlib-proto-31.10.1.jar (com.android.tools.utp:android-device-provider-ddmlib-proto:31.10.1) with InstrumentationAnalysisTransform
Transforming android-device-provider-gradle-proto-31.10.1.jar (com.android.tools.utp:android-device-provider-gradle-proto:31.10.1) with InstrumentationAnalysisTransform
Transforming android-device-provider-profile-proto-31.10.1.jar (com.android.tools.utp:android-device-provider-profile-proto:31.10.1) with InstrumentationAnalysisTransform
Transforming android-test-plugin-host-additional-test-output-proto-31.10.1.jar (com.android.tools.utp:android-test-plugin-host-additional-test-output-proto:31.10.1) with InstrumentationAnalysisTransform
Transforming android-test-plugin-host-coverage-proto-31.10.1.jar (com.android.tools.utp:android-test-plugin-host-coverage-proto:31.10.1) with InstrumentationAnalysisTransform
Transforming android-test-plugin-host-logcat-proto-31.10.1.jar (com.android.tools.utp:android-test-plugin-host-logcat-proto:31.10.1) with InstrumentationAnalysisTransform
Transforming android-test-plugin-host-apk-installer-proto-31.10.1.jar (com.android.tools.utp:android-test-plugin-host-apk-installer-proto:31.10.1) with InstrumentationAnalysisTransform
Transforming android-test-plugin-result-listener-gradle-proto-31.10.1.jar (com.android.tools.utp:android-test-plugin-result-listener-gradle-proto:31.10.1) with InstrumentationAnalysisTransform
Transforming transform-api-2.0.0-deprecated-use-gradle-api.jar (com.android.tools.build:transform-api:2.0.0-deprecated-use-gradle-api) with InstrumentationAnalysisTransform
Transforming httpmime-4.5.6.jar (org.apache.httpcomponents:httpmime:4.5.6) with InstrumentationAnalysisTransform
Transforming commons-io-2.16.1.jar (commons-io:commons-io:2.16.1) with InstrumentationAnalysisTransform
Transforming asm-commons-9.7.1.jar (org.ow2.asm:asm-commons:9.7.1) with InstrumentationAnalysisTransform
Transforming asm-util-9.7.1.jar (org.ow2.asm:asm-util:9.7.1) with InstrumentationAnalysisTransform
Transforming asm-analysis-9.7.1.jar (org.ow2.asm:asm-analysis:9.7.1) with InstrumentationAnalysisTransform
Transforming asm-tree-9.7.1.jar (org.ow2.asm:asm-tree:9.7.1) with InstrumentationAnalysisTransform
Transforming asm-9.7.1.jar (org.ow2.asm:asm:9.7.1) with InstrumentationAnalysisTransform
Transforming apkzlib-8.10.1.jar (com.android.tools.build:apkzlib:8.10.1) with InstrumentationAnalysisTransform
Transforming bcpkix-jdk18on-1.79.jar (org.bouncycastle:bcpkix-jdk18on:1.79) with InstrumentationAnalysisTransform
Transforming jaxb-runtime-2.3.2.jar (org.glassfish.jaxb:jaxb-runtime:2.3.2) with InstrumentationAnalysisTransform
Transforming jopt-simple-4.9.jar (net.sf.jopt-simple:jopt-simple:4.9) with InstrumentationAnalysisTransform
Transforming javapoet-1.13.0.jar (com.squareup:javapoet:1.13.0) with InstrumentationAnalysisTransform
Transforming protobuf-java-util-3.25.5.jar (com.google.protobuf:protobuf-java-util:3.25.5) with InstrumentationAnalysisTransform
Transforming grpc-protobuf-1.69.1.jar (io.grpc:grpc-protobuf:1.69.1) with InstrumentationAnalysisTransform
Transforming tink-1.7.0.jar (com.google.crypto.tink:tink:1.7.0) with InstrumentationAnalysisTransform
Transforming core-proto-0.0.9-alpha03.jar (com.google.testing.platform:core-proto:0.0.9-alpha03) with InstrumentationAnalysisTransform
Transforming protos-31.10.1.jar (com.android.tools.analytics-library:protos:31.10.1) with InstrumentationAnalysisTransform
Transforming proto-google-common-protos-2.48.0.jar (com.google.api.grpc:proto-google-common-protos:2.48.0) with InstrumentationAnalysisTransform
Transforming protobuf-java-3.25.5.jar (com.google.protobuf:protobuf-java:3.25.5) with InstrumentationAnalysisTransform
Transforming grpc-netty-1.69.1.jar (io.grpc:grpc-netty:1.69.1) with InstrumentationAnalysisTransform
Transforming grpc-inprocess-1.69.1.jar (io.grpc:grpc-inprocess:1.69.1) with InstrumentationAnalysisTransform
Transforming grpc-util-1.69.1.jar (io.grpc:grpc-util:1.69.1) with InstrumentationAnalysisTransform
Transforming grpc-core-1.69.1.jar (io.grpc:grpc-core:1.69.1) with InstrumentationAnalysisTransform
Transforming kotlin-gradle-plugin-model-2.2.20.jar (org.jetbrains.kotlin:kotlin-gradle-plugin-model:2.2.20) with InstrumentationAnalysisTransform
Transforming fus-statistics-gradle-plugin-2.2.20-gradle811.jar (org.jetbrains.kotlin:fus-statistics-gradle-plugin:2.2.20) with InstrumentationAnalysisTransform
Transforming kotlin-gradle-plugin-api-2.2.20.jar (org.jetbrains.kotlin:kotlin-gradle-plugin-api:2.2.20) with InstrumentationAnalysisTransform
Transforming kotlin-gradle-plugin-api-2.2.20-gradle811.jar (org.jetbrains.kotlin:kotlin-gradle-plugin-api:2.2.20) with InstrumentationAnalysisTransform
Transforming compose-compiler-gradle-plugin-2.2.20-gradle811.jar (org.jetbrains.kotlin:compose-compiler-gradle-plugin:2.2.20) with InstrumentationAnalysisTransform
Transforming kotlin-gradle-plugin-2.2.20-gradle811.jar (org.jetbrains.kotlin:kotlin-gradle-plugin:2.2.20) with InstrumentationAnalysisTransform
Transforming kotlin-build-statistics-2.2.20.jar (org.jetbrains.kotlin:kotlin-build-statistics:2.2.20) with InstrumentationAnalysisTransform
Transforming gson-2.11.0.jar (com.google.code.gson:gson:2.11.0) with InstrumentationAnalysisTransform
Transforming grpc-stub-1.69.1.jar (io.grpc:grpc-stub:1.69.1) with InstrumentationAnalysisTransform
Transforming tensorflow-lite-metadata-0.2.0.jar (org.tensorflow:tensorflow-lite-metadata:0.2.0) with InstrumentationAnalysisTransform
Transforming flatbuffers-java-1.12.0.jar (com.google.flatbuffers:flatbuffers-java:1.12.0) with InstrumentationAnalysisTransform
Transforming osdetector-gradle-plugin-1.7.1.jar (com.google.gradle:osdetector-gradle-plugin:1.7.1) with InstrumentationAnalysisTransform
Transforming ktlint-gradle-12.1.1.jar (org.jlleitschuh.gradle:ktlint-gradle:12.1.1) with InstrumentationAnalysisTransform
Transforming xmlpull-1.1.3.1.jar (xmlpull:xmlpull:1.1.3.1) with InstrumentationAnalysisTransform
Transforming xpp3-1.1.4c.jar (xpp3:xpp3:1.1.4c) with InstrumentationAnalysisTransform
Transforming os-maven-plugin-1.7.0.jar (kr.motd.maven:os-maven-plugin:1.7.0) with InstrumentationAnalysisTransform
Transforming jimfs-1.1.jar (com.google.jimfs:jimfs:1.1) with InstrumentationAnalysisTransform
Transforming grpc-context-1.69.1.jar (io.grpc:grpc-context:1.69.1) with InstrumentationAnalysisTransform
Transforming grpc-protobuf-lite-1.69.1.jar (io.grpc:grpc-protobuf-lite:1.69.1) with InstrumentationAnalysisTransform
Transforming grpc-api-1.69.1.jar (io.grpc:grpc-api:1.69.1) with InstrumentationAnalysisTransform
Transforming guava-33.3.1-jre.jar (com.google.guava:guava:33.3.1-jre) with InstrumentationAnalysisTransform
Transforming kotlin-gradle-plugin-idea-proto-2.2.20.jar (org.jetbrains.kotlin:kotlin-gradle-plugin-idea-proto:2.2.20) with InstrumentationAnalysisTransform
Transforming kotlin-gradle-plugin-idea-2.2.20.jar (org.jetbrains.kotlin:kotlin-gradle-plugin-idea:2.2.20) with InstrumentationAnalysisTransform
Transforming kotlin-klib-commonizer-api-2.2.20.jar (org.jetbrains.kotlin:kotlin-klib-commonizer-api:2.2.20) with InstrumentationAnalysisTransform
Transforming kotlin-util-klib-metadata-2.2.20.jar (org.jetbrains.kotlin:kotlin-util-klib-metadata:2.2.20) with InstrumentationAnalysisTransform
Transforming abi-tools-api-2.2.20.jar (org.jetbrains.kotlin:abi-tools-api:2.2.20) with InstrumentationAnalysisTransform
Transforming kotlin-compiler-runner-2.2.20.jar (org.jetbrains.kotlin:kotlin-compiler-runner:2.2.20) with InstrumentationAnalysisTransform
Transforming jsr305-3.0.2.jar (com.google.code.findbugs:jsr305:3.0.2) with InstrumentationAnalysisTransform
Transforming failureaccess-1.0.2.jar (com.google.guava:failureaccess:1.0.2) with InstrumentationAnalysisTransform
Transforming listenablefuture-9999.0-empty-to-avoid-conflict-with-guava.jar (com.google.guava:listenablefuture:9999.0-empty-to-avoid-conflict-with-guava) with InstrumentationAnalysisTransform
Transforming checker-qual-3.43.0.jar (org.checkerframework:checker-qual:3.43.0) with InstrumentationAnalysisTransform
Transforming error_prone_annotations-2.30.0.jar (com.google.errorprone:error_prone_annotations:2.30.0) with InstrumentationAnalysisTransform
Transforming j2objc-annotations-3.0.0.jar (com.google.j2objc:j2objc-annotations:3.0.0) with InstrumentationAnalysisTransform
Transforming snakeyaml-engine-2.1.jar (org.snakeyaml:snakeyaml-engine:2.1) with InstrumentationAnalysisTransform
Transforming dagger-2.28.3.jar (com.google.dagger:dagger:2.28.3) with InstrumentationAnalysisTransform
Transforming javax.inject-1.jar (javax.inject:javax.inject:1) with InstrumentationAnalysisTransform
Transforming kxml2-2.3.0.jar (net.sf.kxml:kxml2:2.3.0) with InstrumentationAnalysisTransform
Transforming commons-compress-1.21.jar (org.apache.commons:commons-compress:1.21) with InstrumentationAnalysisTransform
Transforming bcutil-jdk18on-1.79.jar (org.bouncycastle:bcutil-jdk18on:1.79) with InstrumentationAnalysisTransform
Transforming bcprov-jdk18on-1.79.jar (org.bouncycastle:bcprov-jdk18on:1.79) with InstrumentationAnalysisTransform
Transforming httpclient-4.5.14.jar (org.apache.httpcomponents:httpclient:4.5.14) with InstrumentationAnalysisTransform
Transforming httpcore-4.4.16.jar (org.apache.httpcomponents:httpcore:4.4.16) with InstrumentationAnalysisTransform
Transforming javax.activation-1.2.0.jar (com.sun.activation:javax.activation:1.2.0) with InstrumentationAnalysisTransform
Transforming signflinger-8.10.1.jar (com.android:signflinger:8.10.1) with InstrumentationAnalysisTransform
Transforming zipflinger-8.10.1.jar (com.android:zipflinger:8.10.1) with InstrumentationAnalysisTransform
Transforming annotations-31.10.1.jar (com.android.tools:annotations:31.10.1) with InstrumentationAnalysisTransform
Transforming jna-platform-5.6.0.jar (net.java.dev.jna:jna-platform:5.6.0) with InstrumentationAnalysisTransform
Transforming juniversalchardet-1.0.3.jar (com.googlecode.juniversalchardet:juniversalchardet:1.0.3) with InstrumentationAnalysisTransform
Transforming javax.annotation-api-1.3.2.jar (javax.annotation:javax.annotation-api:1.3.2) with InstrumentationAnalysisTransform
Transforming stax-ex-1.8.1.jar (org.jvnet.staxex:stax-ex:1.8.1) with InstrumentationAnalysisTransform
Transforming jakarta.xml.bind-api-2.3.2.jar (jakarta.xml.bind:jakarta.xml.bind-api:2.3.2) with InstrumentationAnalysisTransform
Transforming txw2-2.3.2.jar (org.glassfish.jaxb:txw2:2.3.2) with InstrumentationAnalysisTransform
Transforming istack-commons-runtime-3.0.8.jar (com.sun.istack:istack-commons-runtime:3.0.8) with InstrumentationAnalysisTransform
Transforming FastInfoset-1.2.16.jar (com.sun.xml.fastinfoset:FastInfoset:1.2.16) with InstrumentationAnalysisTransform
Transforming jakarta.activation-api-1.2.1.jar (jakarta.activation:jakarta.activation-api:1.2.1) with InstrumentationAnalysisTransform
Transforming auto-value-annotations-1.6.2.jar (com.google.auto.value:auto-value-annotations:1.6.2) with InstrumentationAnalysisTransform
Transforming jose4j-0.9.5.jar (org.bitbucket.b_c:jose4j:0.9.5) with InstrumentationAnalysisTransform
Transforming slf4j-api-1.7.30.jar (org.slf4j:slf4j-api:1.7.30) with InstrumentationAnalysisTransform
Transforming jdom2-2.0.6.jar (org.jdom:jdom2:2.0.6) with InstrumentationAnalysisTransform
Transforming annotations-4.1.1.4.jar (com.google.android:annotations:4.1.1.4) with InstrumentationAnalysisTransform
Transforming animal-sniffer-annotations-1.24.jar (org.codehaus.mojo:animal-sniffer-annotations:1.24) with InstrumentationAnalysisTransform
Transforming perfmark-api-0.27.0.jar (io.perfmark:perfmark-api:0.27.0) with InstrumentationAnalysisTransform
Transforming netty-codec-http2-4.1.110.Final.jar (io.netty:netty-codec-http2:4.1.110.Final) with InstrumentationAnalysisTransform
Transforming netty-handler-proxy-4.1.110.Final.jar (io.netty:netty-handler-proxy:4.1.110.Final) with InstrumentationAnalysisTransform
Transforming netty-codec-http-4.1.110.Final.jar (io.netty:netty-codec-http:4.1.110.Final) with InstrumentationAnalysisTransform
Transforming netty-handler-4.1.110.Final.jar (io.netty:netty-handler:4.1.110.Final) with InstrumentationAnalysisTransform
Transforming netty-transport-native-unix-common-4.1.110.Final.jar (io.netty:netty-transport-native-unix-common:4.1.110.Final) with InstrumentationAnalysisTransform
Transforming apksig-8.10.1.jar (com.android.tools.build:apksig:8.10.1) with InstrumentationAnalysisTransform
Transforming javawriter-2.5.0.jar (com.squareup:javawriter:2.5.0) with InstrumentationAnalysisTransform
Transforming kotlin-gradle-plugin-annotations-2.2.20.jar (org.jetbrains.kotlin:kotlin-gradle-plugin-annotations:2.2.20) with InstrumentationAnalysisTransform
Transforming kotlin-native-utils-2.2.20.jar (org.jetbrains.kotlin:kotlin-native-utils:2.2.20) with InstrumentationAnalysisTransform
Transforming kotlin-tooling-core-2.2.20.jar (org.jetbrains.kotlin:kotlin-tooling-core:2.2.20) with InstrumentationAnalysisTransform
Transforming kotlin-build-tools-api-2.2.20.jar (org.jetbrains.kotlin:kotlin-build-tools-api:2.2.20) with InstrumentationAnalysisTransform
Transforming kotlin-util-klib-2.2.20.jar (org.jetbrains.kotlin:kotlin-util-klib:2.2.20) with InstrumentationAnalysisTransform
Transforming kotlin-util-io-2.2.20.jar (org.jetbrains.kotlin:kotlin-util-io:2.2.20) with InstrumentationAnalysisTransform
Transforming kotlin-daemon-client-2.2.20.jar (org.jetbrains.kotlin:kotlin-daemon-client:2.2.20) with InstrumentationAnalysisTransform
Transforming kotlinx-coroutines-core-jvm-1.8.0.jar (org.jetbrains.kotlinx:kotlinx-coroutines-core-jvm:1.8.0) with InstrumentationAnalysisTransform
Transforming commons-logging-1.2.jar (commons-logging:commons-logging:1.2) with InstrumentationAnalysisTransform
Transforming commons-codec-1.11.jar (commons-codec:commons-codec:1.11) with InstrumentationAnalysisTransform
Transforming jna-5.6.0.jar (net.java.dev.jna:jna:5.6.0) with InstrumentationAnalysisTransform
Transforming netty-codec-socks-4.1.110.Final.jar (io.netty:netty-codec-socks:4.1.110.Final) with InstrumentationAnalysisTransform
Transforming netty-codec-4.1.110.Final.jar (io.netty:netty-codec:4.1.110.Final) with InstrumentationAnalysisTransform
Transforming netty-transport-4.1.110.Final.jar (io.netty:netty-transport:4.1.110.Final) with InstrumentationAnalysisTransform
Transforming netty-buffer-4.1.110.Final.jar (io.netty:netty-buffer:4.1.110.Final) with InstrumentationAnalysisTransform
Transforming netty-resolver-4.1.110.Final.jar (io.netty:netty-resolver:4.1.110.Final) with InstrumentationAnalysisTransform
Transforming netty-common-4.1.110.Final.jar (io.netty:netty-common:4.1.110.Final) with InstrumentationAnalysisTransform
Transforming wire-handler-1.0.0.jar with InstrumentationAnalysisTransform
Transforming wire-handler-1.0.0.jar with MergeInstrumentationAnalysisTransform
Transforming navigation-safe-args-generator-2.8.5.jar (androidx.navigation:navigation-safe-args-generator:2.8.5) with InstrumentationAnalysisTransform
Transforming navigation-safe-args-generator-2.8.5.jar (androidx.navigation:navigation-safe-args-generator:2.8.5) with MergeInstrumentationAnalysisTransform
Transforming navigation-safe-args-gradle-plugin-2.8.5.jar (androidx.navigation:navigation-safe-args-gradle-plugin:2.8.5) with InstrumentationAnalysisTransform
Transforming navigation-safe-args-gradle-plugin-2.8.5.jar (androidx.navigation:navigation-safe-args-gradle-plugin:2.8.5) with MergeInstrumentationAnalysisTransform
Transforming gradle-8.10.1.jar (com.android.tools.build:gradle:8.10.1) with InstrumentationAnalysisTransform
Transforming gradle-8.10.1.jar (com.android.tools.build:gradle:8.10.1) with MergeInstrumentationAnalysisTransform
Transforming protobuf-gradle-plugin-0.9.0.jar (com.google.protobuf:protobuf-gradle-plugin:0.9.0) with InstrumentationAnalysisTransform
Transforming protobuf-gradle-plugin-0.9.0.jar (com.google.protobuf:protobuf-gradle-plugin:0.9.0) with MergeInstrumentationAnalysisTransform
Transforming wire-gradle-plugin-4.4.3.jar (com.squareup.wire:wire-gradle-plugin:4.4.3) with InstrumentationAnalysisTransform
Transforming wire-gradle-plugin-4.4.3.jar (com.squareup.wire:wire-gradle-plugin:4.4.3) with MergeInstrumentationAnalysisTransform
Transforming benchmark-gradle-plugin-1.3.3.jar (androidx.benchmark:benchmark-gradle-plugin:1.3.3) with InstrumentationAnalysisTransform
Transforming benchmark-gradle-plugin-1.3.3.jar (androidx.benchmark:benchmark-gradle-plugin:1.3.3) with MergeInstrumentationAnalysisTransform
Transforming symbol-processing-gradle-plugin-2.2.20-2.0.2.jar (com.google.devtools.ksp:symbol-processing-gradle-plugin:2.2.20-2.0.2) with InstrumentationAnalysisTransform
Transforming symbol-processing-gradle-plugin-2.2.20-2.0.2.jar (com.google.devtools.ksp:symbol-processing-gradle-plugin:2.2.20-2.0.2) with MergeInstrumentationAnalysisTransform
Transforming symbol-processing-api-2.2.20-2.0.2.jar (com.google.devtools.ksp:symbol-processing-api:2.2.20-2.0.2) with InstrumentationAnalysisTransform
Transforming symbol-processing-api-2.2.20-2.0.2.jar (com.google.devtools.ksp:symbol-processing-api:2.2.20-2.0.2) with MergeInstrumentationAnalysisTransform
Transforming symbol-processing-common-deps-2.2.20-2.0.2.jar (com.google.devtools.ksp:symbol-processing-common-deps:2.2.20-2.0.2) with InstrumentationAnalysisTransform
Transforming symbol-processing-common-deps-2.2.20-2.0.2.jar (com.google.devtools.ksp:symbol-processing-common-deps:2.2.20-2.0.2) with MergeInstrumentationAnalysisTransform
Transforming wire-compiler-4.4.3.jar (com.squareup.wire:wire-compiler:4.4.3) with InstrumentationAnalysisTransform
Transforming wire-compiler-4.4.3.jar (com.squareup.wire:wire-compiler:4.4.3) with MergeInstrumentationAnalysisTransform
Transforming wire-kotlin-generator-4.4.3.jar (com.squareup.wire:wire-kotlin-generator:4.4.3) with InstrumentationAnalysisTransform
Transforming wire-kotlin-generator-4.4.3.jar (com.squareup.wire:wire-kotlin-generator:4.4.3) with MergeInstrumentationAnalysisTransform
Transforming wire-java-generator-4.4.3.jar (com.squareup.wire:wire-java-generator:4.4.3) with InstrumentationAnalysisTransform
Transforming wire-java-generator-4.4.3.jar (com.squareup.wire:wire-java-generator:4.4.3) with MergeInstrumentationAnalysisTransform
Transforming wire-schema-jvm-4.4.3.jar (com.squareup.wire:wire-schema-jvm:4.4.3) with InstrumentationAnalysisTransform
Transforming wire-schema-jvm-4.4.3.jar (com.squareup.wire:wire-schema-jvm:4.4.3) with MergeInstrumentationAnalysisTransform
Transforming kotlinpoet-1.14.2.jar (com.squareup:kotlinpoet:1.14.2) with InstrumentationAnalysisTransform
Transforming kotlinpoet-1.14.2.jar (com.squareup:kotlinpoet:1.14.2) with MergeInstrumentationAnalysisTransform
Transforming kaml-0.20.0.jar (com.charleskorn.kaml:kaml:0.20.0) with InstrumentationAnalysisTransform
Transforming kaml-0.20.0.jar (com.charleskorn.kaml:kaml:0.20.0) with MergeInstrumentationAnalysisTransform
Transforming gradle-settings-api-8.10.1.jar (com.android.tools.build:gradle-settings-api:8.10.1) with InstrumentationAnalysisTransform
Transforming gradle-settings-api-8.10.1.jar (com.android.tools.build:gradle-settings-api:8.10.1) with MergeInstrumentationAnalysisTransform
Transforming lint-model-31.10.1.jar (com.android.tools.lint:lint-model:31.10.1) with InstrumentationAnalysisTransform
Transforming lint-model-31.10.1.jar (com.android.tools.lint:lint-model:31.10.1) with MergeInstrumentationAnalysisTransform
Transforming builder-8.10.1.jar (com.android.tools.build:builder:8.10.1) with InstrumentationAnalysisTransform
Transforming builder-8.10.1.jar (com.android.tools.build:builder:8.10.1) with MergeInstrumentationAnalysisTransform
Transforming manifest-merger-31.10.1.jar (com.android.tools.build:manifest-merger:31.10.1) with InstrumentationAnalysisTransform
Transforming manifest-merger-31.10.1.jar (com.android.tools.build:manifest-merger:31.10.1) with MergeInstrumentationAnalysisTransform
Transforming sdk-common-31.10.1.jar (com.android.tools:sdk-common:31.10.1) with InstrumentationAnalysisTransform
Transforming sdk-common-31.10.1.jar (com.android.tools:sdk-common:31.10.1) with MergeInstrumentationAnalysisTransform
Transforming sdklib-31.10.1.jar (com.android.tools:sdklib:31.10.1) with InstrumentationAnalysisTransform
Transforming sdklib-31.10.1.jar (com.android.tools:sdklib:31.10.1) with MergeInstrumentationAnalysisTransform
Transforming repository-31.10.1.jar (com.android.tools:repository:31.10.1) with InstrumentationAnalysisTransform
Transforming repository-31.10.1.jar (com.android.tools:repository:31.10.1) with MergeInstrumentationAnalysisTransform
Transforming aaptcompiler-8.10.1.jar (com.android.tools.build:aaptcompiler:8.10.1) with InstrumentationAnalysisTransform
Transforming aaptcompiler-8.10.1.jar (com.android.tools.build:aaptcompiler:8.10.1) with MergeInstrumentationAnalysisTransform
Transforming tracker-31.10.1.jar (com.android.tools.analytics-library:tracker:31.10.1) with InstrumentationAnalysisTransform
Transforming tracker-31.10.1.jar (com.android.tools.analytics-library:tracker:31.10.1) with MergeInstrumentationAnalysisTransform
Transforming gradle-8.10.1.jar (com.android.tools.build:gradle:8.10.1) with ExternalDependencyInstrumentingArtifactTransform
Transforming shared-31.10.1.jar (com.android.tools.analytics-library:shared:31.10.1) with InstrumentationAnalysisTransform
Transforming wire-handler-1.0.0.jar with ExternalDependencyInstrumentingArtifactTransform
Transforming wire-gradle-plugin-4.4.3.jar (com.squareup.wire:wire-gradle-plugin:4.4.3) with ExternalDependencyInstrumentingArtifactTransform
Transforming shared-31.10.1.jar (com.android.tools.analytics-library:shared:31.10.1) with MergeInstrumentationAnalysisTransform
Transforming databinding-compiler-common-8.10.1.jar (androidx.databinding:databinding-compiler-common:8.10.1) with InstrumentationAnalysisTransform
Transforming databinding-compiler-common-8.10.1.jar (androidx.databinding:databinding-compiler-common:8.10.1) with MergeInstrumentationAnalysisTransform
Transforming android-test-plugin-host-emulator-control-proto-31.10.1.jar (com.android.tools.utp:android-test-plugin-host-emulator-control-proto:31.10.1) with InstrumentationAnalysisTransform
Transforming android-test-plugin-host-emulator-control-proto-31.10.1.jar (com.android.tools.utp:android-test-plugin-host-emulator-control-proto:31.10.1) with MergeInstrumentationAnalysisTransform
Transforming builder-model-8.10.1.jar (com.android.tools.build:builder-model:8.10.1) with InstrumentationAnalysisTransform
Transforming builder-model-8.10.1.jar (com.android.tools.build:builder-model:8.10.1) with MergeInstrumentationAnalysisTransform
Transforming gradle-api-8.10.1.jar (com.android.tools.build:gradle-api:8.10.1) with InstrumentationAnalysisTransform
Transforming protobuf-gradle-plugin-0.9.0.jar (com.google.protobuf:protobuf-gradle-plugin:0.9.0) with ExternalDependencyInstrumentingArtifactTransform
Transforming navigation-safe-args-generator-2.8.5.jar (androidx.navigation:navigation-safe-args-generator:2.8.5) with ExternalDependencyInstrumentingArtifactTransform
Transforming gradle-api-8.10.1.jar (com.android.tools.build:gradle-api:8.10.1) with MergeInstrumentationAnalysisTransform
Transforming wire-runtime-jvm-4.4.3.jar (com.squareup.wire:wire-runtime-jvm:4.4.3) with InstrumentationAnalysisTransform
Transforming wire-runtime-jvm-4.4.3.jar (com.squareup.wire:wire-runtime-jvm:4.4.3) with MergeInstrumentationAnalysisTransform
Transforming builder-test-api-8.10.1.jar (com.android.tools.build:builder-test-api:8.10.1) with InstrumentationAnalysisTransform
Transforming builder-test-api-8.10.1.jar (com.android.tools.build:builder-test-api:8.10.1) with MergeInstrumentationAnalysisTransform
Transforming ddmlib-31.10.1.jar (com.android.tools.ddms:ddmlib:31.10.1) with InstrumentationAnalysisTransform
Transforming ddmlib-31.10.1.jar (com.android.tools.ddms:ddmlib:31.10.1) with MergeInstrumentationAnalysisTransform
Transforming layoutlib-api-31.10.1.jar (com.android.tools.layoutlib:layoutlib-api:31.10.1) with InstrumentationAnalysisTransform
Transforming layoutlib-api-31.10.1.jar (com.android.tools.layoutlib:layoutlib-api:31.10.1) with MergeInstrumentationAnalysisTransform
Transforming dvlib-31.10.1.jar (com.android.tools:dvlib:31.10.1) with InstrumentationAnalysisTransform
Transforming dvlib-31.10.1.jar (com.android.tools:dvlib:31.10.1) with MergeInstrumentationAnalysisTransform
Transforming common-31.10.1.jar (com.android.tools:common:31.10.1) with InstrumentationAnalysisTransform
Transforming common-31.10.1.jar (com.android.tools:common:31.10.1) with MergeInstrumentationAnalysisTransform
Transforming okio-jvm-3.0.0.jar (com.squareup.okio:okio-jvm:3.0.0) with InstrumentationAnalysisTransform
Transforming okio-jvm-3.0.0.jar (com.squareup.okio:okio-jvm:3.0.0) with MergeInstrumentationAnalysisTransform
Transforming kotlin-stdlib-jdk8-2.1.0.jar (org.jetbrains.kotlin:kotlin-stdlib-jdk8:2.1.0) with InstrumentationAnalysisTransform
Transforming kotlin-stdlib-jdk8-2.1.0.jar (org.jetbrains.kotlin:kotlin-stdlib-jdk8:2.1.0) with MergeInstrumentationAnalysisTransform
Transforming jetifier-processor-1.0.0-beta10.jar (com.android.tools.build.jetifier:jetifier-processor:1.0.0-beta10) with InstrumentationAnalysisTransform
Transforming jetifier-processor-1.0.0-beta10.jar (com.android.tools.build.jetifier:jetifier-processor:1.0.0-beta10) with MergeInstrumentationAnalysisTransform
Transforming jetifier-core-1.0.0-beta10.jar (com.android.tools.build.jetifier:jetifier-core:1.0.0-beta10) with InstrumentationAnalysisTransform
Transforming jetifier-core-1.0.0-beta10.jar (com.android.tools.build.jetifier:jetifier-core:1.0.0-beta10) with MergeInstrumentationAnalysisTransform
Transforming kotlin-reflect-2.0.20.jar (org.jetbrains.kotlin:kotlin-reflect:2.0.20) with InstrumentationAnalysisTransform
Transforming kotlin-reflect-2.0.20.jar (org.jetbrains.kotlin:kotlin-reflect:2.0.20) with MergeInstrumentationAnalysisTransform
Transforming kotlinx-serialization-core-jvm-1.0.1.jar (org.jetbrains.kotlinx:kotlinx-serialization-core-jvm:1.0.1) with InstrumentationAnalysisTransform
Transforming kotlinx-serialization-core-jvm-1.0.1.jar (org.jetbrains.kotlinx:kotlinx-serialization-core-jvm:1.0.1) with MergeInstrumentationAnalysisTransform
Transforming kotlin-stdlib-jdk7-2.1.0.jar (org.jetbrains.kotlin:kotlin-stdlib-jdk7:2.1.0) with InstrumentationAnalysisTransform
Transforming kotlin-stdlib-jdk7-2.1.0.jar (org.jetbrains.kotlin:kotlin-stdlib-jdk7:2.1.0) with MergeInstrumentationAnalysisTransform
Transforming kotlin-stdlib-2.0.20.jar (org.jetbrains.kotlin:kotlin-stdlib:2.0.20) with InstrumentationAnalysisTransform
Transforming benchmark-gradle-plugin-1.3.3.jar (androidx.benchmark:benchmark-gradle-plugin:1.3.3) with ExternalDependencyInstrumentingArtifactTransform
Transforming kotlin-stdlib-2.0.20.jar (org.jetbrains.kotlin:kotlin-stdlib:2.0.20) with MergeInstrumentationAnalysisTransform
Transforming annotations-13.0.jar (org.jetbrains:annotations:13.0) with InstrumentationAnalysisTransform
Transforming annotations-13.0.jar (org.jetbrains:annotations:13.0) with MergeInstrumentationAnalysisTransform
Transforming bundletool-1.18.0.jar (com.android.tools.build:bundletool:1.18.0) with InstrumentationAnalysisTransform
Transforming symbol-processing-api-2.2.20-2.0.2.jar (com.google.devtools.ksp:symbol-processing-api:2.2.20-2.0.2) with ExternalDependencyInstrumentingArtifactTransform
Transforming bundletool-1.18.0.jar (com.android.tools.build:bundletool:1.18.0) with MergeInstrumentationAnalysisTransform
Transforming aapt2-proto-8.10.1-12782657.jar (com.android.tools.build:aapt2-proto:8.10.1-12782657) with InstrumentationAnalysisTransform
Transforming aapt2-proto-8.10.1-12782657.jar (com.android.tools.build:aapt2-proto:8.10.1-12782657) with MergeInstrumentationAnalysisTransform
Transforming crash-31.10.1.jar (com.android.tools.analytics-library:crash:31.10.1) with InstrumentationAnalysisTransform
Transforming crash-31.10.1.jar (com.android.tools.analytics-library:crash:31.10.1) with MergeInstrumentationAnalysisTransform
Transforming lint-typedef-remover-31.10.1.jar (com.android.tools.lint:lint-typedef-remover:31.10.1) with InstrumentationAnalysisTransform
Transforming lint-typedef-remover-31.10.1.jar (com.android.tools.lint:lint-typedef-remover:31.10.1) with MergeInstrumentationAnalysisTransform
Transforming databinding-common-8.10.1.jar (androidx.databinding:databinding-common:8.10.1) with InstrumentationAnalysisTransform
Transforming databinding-common-8.10.1.jar (androidx.databinding:databinding-common:8.10.1) with MergeInstrumentationAnalysisTransform
Transforming baseLibrary-8.10.1.jar (com.android.databinding:baseLibrary:8.10.1) with InstrumentationAnalysisTransform
Transforming baseLibrary-8.10.1.jar (com.android.databinding:baseLibrary:8.10.1) with MergeInstrumentationAnalysisTransform
Transforming android-device-provider-ddmlib-proto-31.10.1.jar (com.android.tools.utp:android-device-provider-ddmlib-proto:31.10.1) with InstrumentationAnalysisTransform
Transforming android-device-provider-ddmlib-proto-31.10.1.jar (com.android.tools.utp:android-device-provider-ddmlib-proto:31.10.1) with MergeInstrumentationAnalysisTransform
Transforming android-device-provider-gradle-proto-31.10.1.jar (com.android.tools.utp:android-device-provider-gradle-proto:31.10.1) with InstrumentationAnalysisTransform
Transforming android-device-provider-gradle-proto-31.10.1.jar (com.android.tools.utp:android-device-provider-gradle-proto:31.10.1) with MergeInstrumentationAnalysisTransform
Transforming symbol-processing-common-deps-2.2.20-2.0.2.jar (com.google.devtools.ksp:symbol-processing-common-deps:2.2.20-2.0.2) with ExternalDependencyInstrumentingArtifactTransform
Transforming android-device-provider-profile-proto-31.10.1.jar (com.android.tools.utp:android-device-provider-profile-proto:31.10.1) with InstrumentationAnalysisTransform
Transforming android-device-provider-profile-proto-31.10.1.jar (com.android.tools.utp:android-device-provider-profile-proto:31.10.1) with MergeInstrumentationAnalysisTransform
Transforming android-test-plugin-host-additional-test-output-proto-31.10.1.jar (com.android.tools.utp:android-test-plugin-host-additional-test-output-proto:31.10.1) with InstrumentationAnalysisTransform
Transforming android-test-plugin-host-additional-test-output-proto-31.10.1.jar (com.android.tools.utp:android-test-plugin-host-additional-test-output-proto:31.10.1) with MergeInstrumentationAnalysisTransform
Transforming android-test-plugin-host-coverage-proto-31.10.1.jar (com.android.tools.utp:android-test-plugin-host-coverage-proto:31.10.1) with InstrumentationAnalysisTransform
Transforming android-test-plugin-host-coverage-proto-31.10.1.jar (com.android.tools.utp:android-test-plugin-host-coverage-proto:31.10.1) with MergeInstrumentationAnalysisTransform
Transforming android-test-plugin-host-logcat-proto-31.10.1.jar (com.android.tools.utp:android-test-plugin-host-logcat-proto:31.10.1) with InstrumentationAnalysisTransform
Transforming android-test-plugin-host-logcat-proto-31.10.1.jar (com.android.tools.utp:android-test-plugin-host-logcat-proto:31.10.1) with MergeInstrumentationAnalysisTransform
Transforming android-test-plugin-host-apk-installer-proto-31.10.1.jar (com.android.tools.utp:android-test-plugin-host-apk-installer-proto:31.10.1) with InstrumentationAnalysisTransform
Transforming android-test-plugin-host-apk-installer-proto-31.10.1.jar (com.android.tools.utp:android-test-plugin-host-apk-installer-proto:31.10.1) with MergeInstrumentationAnalysisTransform
Transforming android-test-plugin-result-listener-gradle-proto-31.10.1.jar (com.android.tools.utp:android-test-plugin-result-listener-gradle-proto:31.10.1) with InstrumentationAnalysisTransform
Transforming android-test-plugin-result-listener-gradle-proto-31.10.1.jar (com.android.tools.utp:android-test-plugin-result-listener-gradle-proto:31.10.1) with MergeInstrumentationAnalysisTransform
Transforming transform-api-2.0.0-deprecated-use-gradle-api.jar (com.android.tools.build:transform-api:2.0.0-deprecated-use-gradle-api) with InstrumentationAnalysisTransform
Transforming transform-api-2.0.0-deprecated-use-gradle-api.jar (com.android.tools.build:transform-api:2.0.0-deprecated-use-gradle-api) with MergeInstrumentationAnalysisTransform
Transforming httpmime-4.5.6.jar (org.apache.httpcomponents:httpmime:4.5.6) with InstrumentationAnalysisTransform
Transforming httpmime-4.5.6.jar (org.apache.httpcomponents:httpmime:4.5.6) with MergeInstrumentationAnalysisTransform
Transforming commons-io-2.16.1.jar (commons-io:commons-io:2.16.1) with InstrumentationAnalysisTransform
Transforming commons-io-2.16.1.jar (commons-io:commons-io:2.16.1) with MergeInstrumentationAnalysisTransform
Transforming asm-commons-9.7.1.jar (org.ow2.asm:asm-commons:9.7.1) with InstrumentationAnalysisTransform
Transforming asm-commons-9.7.1.jar (org.ow2.asm:asm-commons:9.7.1) with MergeInstrumentationAnalysisTransform
Transforming asm-util-9.7.1.jar (org.ow2.asm:asm-util:9.7.1) with InstrumentationAnalysisTransform
Transforming navigation-safe-args-gradle-plugin-2.8.5.jar (androidx.navigation:navigation-safe-args-gradle-plugin:2.8.5) with ExternalDependencyInstrumentingArtifactTransform
Transforming asm-util-9.7.1.jar (org.ow2.asm:asm-util:9.7.1) with MergeInstrumentationAnalysisTransform
Transforming asm-analysis-9.7.1.jar (org.ow2.asm:asm-analysis:9.7.1) with InstrumentationAnalysisTransform
Transforming asm-analysis-9.7.1.jar (org.ow2.asm:asm-analysis:9.7.1) with MergeInstrumentationAnalysisTransform
Transforming asm-tree-9.7.1.jar (org.ow2.asm:asm-tree:9.7.1) with InstrumentationAnalysisTransform
Transforming asm-tree-9.7.1.jar (org.ow2.asm:asm-tree:9.7.1) with MergeInstrumentationAnalysisTransform
Transforming asm-9.7.1.jar (org.ow2.asm:asm:9.7.1) with InstrumentationAnalysisTransform
Transforming asm-9.7.1.jar (org.ow2.asm:asm:9.7.1) with MergeInstrumentationAnalysisTransform
Transforming apkzlib-8.10.1.jar (com.android.tools.build:apkzlib:8.10.1) with InstrumentationAnalysisTransform
Transforming apkzlib-8.10.1.jar (com.android.tools.build:apkzlib:8.10.1) with MergeInstrumentationAnalysisTransform
Transforming bcpkix-jdk18on-1.79.jar (org.bouncycastle:bcpkix-jdk18on:1.79) with InstrumentationAnalysisTransform
Transforming symbol-processing-gradle-plugin-2.2.20-2.0.2.jar (com.google.devtools.ksp:symbol-processing-gradle-plugin:2.2.20-2.0.2) with ExternalDependencyInstrumentingArtifactTransform
Transforming bcpkix-jdk18on-1.79.jar (org.bouncycastle:bcpkix-jdk18on:1.79) with MergeInstrumentationAnalysisTransform
Transforming jaxb-runtime-2.3.2.jar (org.glassfish.jaxb:jaxb-runtime:2.3.2) with InstrumentationAnalysisTransform
Transforming jaxb-runtime-2.3.2.jar (org.glassfish.jaxb:jaxb-runtime:2.3.2) with MergeInstrumentationAnalysisTransform
Transforming jopt-simple-4.9.jar (net.sf.jopt-simple:jopt-simple:4.9) with InstrumentationAnalysisTransform
Transforming jopt-simple-4.9.jar (net.sf.jopt-simple:jopt-simple:4.9) with MergeInstrumentationAnalysisTransform
Transforming javapoet-1.13.0.jar (com.squareup:javapoet:1.13.0) with InstrumentationAnalysisTransform
Transforming javapoet-1.13.0.jar (com.squareup:javapoet:1.13.0) with MergeInstrumentationAnalysisTransform
Transforming protobuf-java-util-3.25.5.jar (com.google.protobuf:protobuf-java-util:3.25.5) with InstrumentationAnalysisTransform
Transforming protobuf-java-util-3.25.5.jar (com.google.protobuf:protobuf-java-util:3.25.5) with MergeInstrumentationAnalysisTransform
Transforming grpc-protobuf-1.69.1.jar (io.grpc:grpc-protobuf:1.69.1) with InstrumentationAnalysisTransform
Transforming grpc-protobuf-1.69.1.jar (io.grpc:grpc-protobuf:1.69.1) with MergeInstrumentationAnalysisTransform
Transforming tink-1.7.0.jar (com.google.crypto.tink:tink:1.7.0) with InstrumentationAnalysisTransform
Transforming tink-1.7.0.jar (com.google.crypto.tink:tink:1.7.0) with MergeInstrumentationAnalysisTransform
Transforming core-proto-0.0.9-alpha03.jar (com.google.testing.platform:core-proto:0.0.9-alpha03) with InstrumentationAnalysisTransform
Transforming core-proto-0.0.9-alpha03.jar (com.google.testing.platform:core-proto:0.0.9-alpha03) with MergeInstrumentationAnalysisTransform
Transforming protos-31.10.1.jar (com.android.tools.analytics-library:protos:31.10.1) with InstrumentationAnalysisTransform
Transforming protos-31.10.1.jar (com.android.tools.analytics-library:protos:31.10.1) with MergeInstrumentationAnalysisTransform
Transforming proto-google-common-protos-2.48.0.jar (com.google.api.grpc:proto-google-common-protos:2.48.0) with InstrumentationAnalysisTransform
Transforming proto-google-common-protos-2.48.0.jar (com.google.api.grpc:proto-google-common-protos:2.48.0) with MergeInstrumentationAnalysisTransform
Transforming protobuf-java-3.25.5.jar (com.google.protobuf:protobuf-java:3.25.5) with InstrumentationAnalysisTransform
Transforming protobuf-java-3.25.5.jar (com.google.protobuf:protobuf-java:3.25.5) with MergeInstrumentationAnalysisTransform
Transforming grpc-netty-1.69.1.jar (io.grpc:grpc-netty:1.69.1) with InstrumentationAnalysisTransform
Transforming grpc-netty-1.69.1.jar (io.grpc:grpc-netty:1.69.1) with MergeInstrumentationAnalysisTransform
Transforming grpc-inprocess-1.69.1.jar (io.grpc:grpc-inprocess:1.69.1) with InstrumentationAnalysisTransform
Transforming grpc-inprocess-1.69.1.jar (io.grpc:grpc-inprocess:1.69.1) with MergeInstrumentationAnalysisTransform
Transforming grpc-util-1.69.1.jar (io.grpc:grpc-util:1.69.1) with InstrumentationAnalysisTransform
Transforming grpc-util-1.69.1.jar (io.grpc:grpc-util:1.69.1) with MergeInstrumentationAnalysisTransform
Transforming grpc-core-1.69.1.jar (io.grpc:grpc-core:1.69.1) with InstrumentationAnalysisTransform
Transforming grpc-core-1.69.1.jar (io.grpc:grpc-core:1.69.1) with MergeInstrumentationAnalysisTransform
Transforming kotlin-gradle-plugin-model-2.2.20.jar (org.jetbrains.kotlin:kotlin-gradle-plugin-model:2.2.20) with InstrumentationAnalysisTransform
Transforming kotlin-gradle-plugin-model-2.2.20.jar (org.jetbrains.kotlin:kotlin-gradle-plugin-model:2.2.20) with MergeInstrumentationAnalysisTransform
Transforming fus-statistics-gradle-plugin-2.2.20-gradle811.jar (org.jetbrains.kotlin:fus-statistics-gradle-plugin:2.2.20) with InstrumentationAnalysisTransform
Transforming fus-statistics-gradle-plugin-2.2.20-gradle811.jar (org.jetbrains.kotlin:fus-statistics-gradle-plugin:2.2.20) with MergeInstrumentationAnalysisTransform
Transforming kotlin-gradle-plugin-api-2.2.20.jar (org.jetbrains.kotlin:kotlin-gradle-plugin-api:2.2.20) with InstrumentationAnalysisTransform
Transforming kotlin-gradle-plugin-api-2.2.20.jar (org.jetbrains.kotlin:kotlin-gradle-plugin-api:2.2.20) with MergeInstrumentationAnalysisTransform
Transforming kotlin-gradle-plugin-api-2.2.20-gradle811.jar (org.jetbrains.kotlin:kotlin-gradle-plugin-api:2.2.20) with InstrumentationAnalysisTransform
Transforming kotlin-gradle-plugin-api-2.2.20-gradle811.jar (org.jetbrains.kotlin:kotlin-gradle-plugin-api:2.2.20) with MergeInstrumentationAnalysisTransform
Transforming compose-compiler-gradle-plugin-2.2.20-gradle811.jar (org.jetbrains.kotlin:compose-compiler-gradle-plugin:2.2.20) with InstrumentationAnalysisTransform
Transforming wire-compiler-4.4.3.jar (com.squareup.wire:wire-compiler:4.4.3) with ExternalDependencyInstrumentingArtifactTransform
Transforming compose-compiler-gradle-plugin-2.2.20-gradle811.jar (org.jetbrains.kotlin:compose-compiler-gradle-plugin:2.2.20) with MergeInstrumentationAnalysisTransform
Transforming kotlin-gradle-plugin-2.2.20-gradle811.jar (org.jetbrains.kotlin:kotlin-gradle-plugin:2.2.20) with InstrumentationAnalysisTransform
Transforming kotlin-gradle-plugin-2.2.20-gradle811.jar (org.jetbrains.kotlin:kotlin-gradle-plugin:2.2.20) with MergeInstrumentationAnalysisTransform
Transforming kotlin-build-statistics-2.2.20.jar (org.jetbrains.kotlin:kotlin-build-statistics:2.2.20) with InstrumentationAnalysisTransform
Transforming kotlin-build-statistics-2.2.20.jar (org.jetbrains.kotlin:kotlin-build-statistics:2.2.20) with MergeInstrumentationAnalysisTransform
Transforming gson-2.11.0.jar (com.google.code.gson:gson:2.11.0) with InstrumentationAnalysisTransform
Transforming gson-2.11.0.jar (com.google.code.gson:gson:2.11.0) with MergeInstrumentationAnalysisTransform
Transforming grpc-stub-1.69.1.jar (io.grpc:grpc-stub:1.69.1) with InstrumentationAnalysisTransform
Transforming grpc-stub-1.69.1.jar (io.grpc:grpc-stub:1.69.1) with MergeInstrumentationAnalysisTransform
Transforming tensorflow-lite-metadata-0.2.0.jar (org.tensorflow:tensorflow-lite-metadata:0.2.0) with InstrumentationAnalysisTransform
Transforming tensorflow-lite-metadata-0.2.0.jar (org.tensorflow:tensorflow-lite-metadata:0.2.0) with MergeInstrumentationAnalysisTransform
Transforming flatbuffers-java-1.12.0.jar (com.google.flatbuffers:flatbuffers-java:1.12.0) with InstrumentationAnalysisTransform
Transforming flatbuffers-java-1.12.0.jar (com.google.flatbuffers:flatbuffers-java:1.12.0) with MergeInstrumentationAnalysisTransform
Transforming osdetector-gradle-plugin-1.7.1.jar (com.google.gradle:osdetector-gradle-plugin:1.7.1) with InstrumentationAnalysisTransform
Transforming osdetector-gradle-plugin-1.7.1.jar (com.google.gradle:osdetector-gradle-plugin:1.7.1) with MergeInstrumentationAnalysisTransform
Transforming ktlint-gradle-12.1.1.jar (org.jlleitschuh.gradle:ktlint-gradle:12.1.1) with InstrumentationAnalysisTransform
Transforming ktlint-gradle-12.1.1.jar (org.jlleitschuh.gradle:ktlint-gradle:12.1.1) with MergeInstrumentationAnalysisTransform
Transforming xmlpull-1.1.3.1.jar (xmlpull:xmlpull:1.1.3.1) with InstrumentationAnalysisTransform
Transforming xmlpull-1.1.3.1.jar (xmlpull:xmlpull:1.1.3.1) with MergeInstrumentationAnalysisTransform
Transforming xpp3-1.1.4c.jar (xpp3:xpp3:1.1.4c) with InstrumentationAnalysisTransform
Transforming xpp3-1.1.4c.jar (xpp3:xpp3:1.1.4c) with MergeInstrumentationAnalysisTransform
Transforming os-maven-plugin-1.7.0.jar (kr.motd.maven:os-maven-plugin:1.7.0) with InstrumentationAnalysisTransform
Transforming os-maven-plugin-1.7.0.jar (kr.motd.maven:os-maven-plugin:1.7.0) with MergeInstrumentationAnalysisTransform
Transforming jimfs-1.1.jar (com.google.jimfs:jimfs:1.1) with InstrumentationAnalysisTransform
Transforming jimfs-1.1.jar (com.google.jimfs:jimfs:1.1) with MergeInstrumentationAnalysisTransform
Transforming grpc-context-1.69.1.jar (io.grpc:grpc-context:1.69.1) with InstrumentationAnalysisTransform
Transforming grpc-context-1.69.1.jar (io.grpc:grpc-context:1.69.1) with MergeInstrumentationAnalysisTransform
Transforming grpc-protobuf-lite-1.69.1.jar (io.grpc:grpc-protobuf-lite:1.69.1) with InstrumentationAnalysisTransform
Transforming grpc-protobuf-lite-1.69.1.jar (io.grpc:grpc-protobuf-lite:1.69.1) with MergeInstrumentationAnalysisTransform
Transforming grpc-api-1.69.1.jar (io.grpc:grpc-api:1.69.1) with InstrumentationAnalysisTransform
Transforming grpc-api-1.69.1.jar (io.grpc:grpc-api:1.69.1) with MergeInstrumentationAnalysisTransform
Transforming guava-33.3.1-jre.jar (com.google.guava:guava:33.3.1-jre) with InstrumentationAnalysisTransform
Transforming guava-33.3.1-jre.jar (com.google.guava:guava:33.3.1-jre) with MergeInstrumentationAnalysisTransform
Transforming kotlin-gradle-plugin-idea-proto-2.2.20.jar (org.jetbrains.kotlin:kotlin-gradle-plugin-idea-proto:2.2.20) with InstrumentationAnalysisTransform
Transforming kotlin-gradle-plugin-idea-proto-2.2.20.jar (org.jetbrains.kotlin:kotlin-gradle-plugin-idea-proto:2.2.20) with MergeInstrumentationAnalysisTransform
Transforming kotlin-gradle-plugin-idea-2.2.20.jar (org.jetbrains.kotlin:kotlin-gradle-plugin-idea:2.2.20) with InstrumentationAnalysisTransform
Transforming kotlin-gradle-plugin-idea-2.2.20.jar (org.jetbrains.kotlin:kotlin-gradle-plugin-idea:2.2.20) with MergeInstrumentationAnalysisTransform
Transforming kotlin-klib-commonizer-api-2.2.20.jar (org.jetbrains.kotlin:kotlin-klib-commonizer-api:2.2.20) with InstrumentationAnalysisTransform
Transforming kotlin-klib-commonizer-api-2.2.20.jar (org.jetbrains.kotlin:kotlin-klib-commonizer-api:2.2.20) with MergeInstrumentationAnalysisTransform
Transforming kotlin-util-klib-metadata-2.2.20.jar (org.jetbrains.kotlin:kotlin-util-klib-metadata:2.2.20) with InstrumentationAnalysisTransform
Transforming kotlin-util-klib-metadata-2.2.20.jar (org.jetbrains.kotlin:kotlin-util-klib-metadata:2.2.20) with MergeInstrumentationAnalysisTransform
Transforming abi-tools-api-2.2.20.jar (org.jetbrains.kotlin:abi-tools-api:2.2.20) with InstrumentationAnalysisTransform
Transforming abi-tools-api-2.2.20.jar (org.jetbrains.kotlin:abi-tools-api:2.2.20) with MergeInstrumentationAnalysisTransform
Transforming kotlin-compiler-runner-2.2.20.jar (org.jetbrains.kotlin:kotlin-compiler-runner:2.2.20) with InstrumentationAnalysisTransform
Transforming kotlin-compiler-runner-2.2.20.jar (org.jetbrains.kotlin:kotlin-compiler-runner:2.2.20) with MergeInstrumentationAnalysisTransform
Transforming jsr305-3.0.2.jar (com.google.code.findbugs:jsr305:3.0.2) with InstrumentationAnalysisTransform
Transforming jsr305-3.0.2.jar (com.google.code.findbugs:jsr305:3.0.2) with MergeInstrumentationAnalysisTransform
Transforming failureaccess-1.0.2.jar (com.google.guava:failureaccess:1.0.2) with InstrumentationAnalysisTransform
Transforming failureaccess-1.0.2.jar (com.google.guava:failureaccess:1.0.2) with MergeInstrumentationAnalysisTransform
Transforming listenablefuture-9999.0-empty-to-avoid-conflict-with-guava.jar (com.google.guava:listenablefuture:9999.0-empty-to-avoid-conflict-with-guava) with InstrumentationAnalysisTransform
Transforming listenablefuture-9999.0-empty-to-avoid-conflict-with-guava.jar (com.google.guava:listenablefuture:9999.0-empty-to-avoid-conflict-with-guava) with MergeInstrumentationAnalysisTransform
Transforming checker-qual-3.43.0.jar (org.checkerframework:checker-qual:3.43.0) with InstrumentationAnalysisTransform
Transforming checker-qual-3.43.0.jar (org.checkerframework:checker-qual:3.43.0) with MergeInstrumentationAnalysisTransform
Transforming error_prone_annotations-2.30.0.jar (com.google.errorprone:error_prone_annotations:2.30.0) with InstrumentationAnalysisTransform
Transforming error_prone_annotations-2.30.0.jar (com.google.errorprone:error_prone_annotations:2.30.0) with MergeInstrumentationAnalysisTransform
Transforming j2objc-annotations-3.0.0.jar (com.google.j2objc:j2objc-annotations:3.0.0) with InstrumentationAnalysisTransform
Transforming j2objc-annotations-3.0.0.jar (com.google.j2objc:j2objc-annotations:3.0.0) with MergeInstrumentationAnalysisTransform
Transforming snakeyaml-engine-2.1.jar (org.snakeyaml:snakeyaml-engine:2.1) with InstrumentationAnalysisTransform
Transforming snakeyaml-engine-2.1.jar (org.snakeyaml:snakeyaml-engine:2.1) with MergeInstrumentationAnalysisTransform
Transforming dagger-2.28.3.jar (com.google.dagger:dagger:2.28.3) with InstrumentationAnalysisTransform
Transforming dagger-2.28.3.jar (com.google.dagger:dagger:2.28.3) with MergeInstrumentationAnalysisTransform
Transforming javax.inject-1.jar (javax.inject:javax.inject:1) with InstrumentationAnalysisTransform
Transforming javax.inject-1.jar (javax.inject:javax.inject:1) with MergeInstrumentationAnalysisTransform
Transforming kxml2-2.3.0.jar (net.sf.kxml:kxml2:2.3.0) with InstrumentationAnalysisTransform
Transforming kxml2-2.3.0.jar (net.sf.kxml:kxml2:2.3.0) with MergeInstrumentationAnalysisTransform
Transforming commons-compress-1.21.jar (org.apache.commons:commons-compress:1.21) with InstrumentationAnalysisTransform
Transforming commons-compress-1.21.jar (org.apache.commons:commons-compress:1.21) with MergeInstrumentationAnalysisTransform
Transforming bcutil-jdk18on-1.79.jar (org.bouncycastle:bcutil-jdk18on:1.79) with InstrumentationAnalysisTransform
Transforming bcutil-jdk18on-1.79.jar (org.bouncycastle:bcutil-jdk18on:1.79) with MergeInstrumentationAnalysisTransform
Transforming bcprov-jdk18on-1.79.jar (org.bouncycastle:bcprov-jdk18on:1.79) with InstrumentationAnalysisTransform
Transforming bcprov-jdk18on-1.79.jar (org.bouncycastle:bcprov-jdk18on:1.79) with MergeInstrumentationAnalysisTransform
Transforming httpclient-4.5.14.jar (org.apache.httpcomponents:httpclient:4.5.14) with InstrumentationAnalysisTransform
Transforming httpclient-4.5.14.jar (org.apache.httpcomponents:httpclient:4.5.14) with MergeInstrumentationAnalysisTransform
Transforming httpcore-4.4.16.jar (org.apache.httpcomponents:httpcore:4.4.16) with InstrumentationAnalysisTransform
Transforming httpcore-4.4.16.jar (org.apache.httpcomponents:httpcore:4.4.16) with MergeInstrumentationAnalysisTransform
Transforming javax.activation-1.2.0.jar (com.sun.activation:javax.activation:1.2.0) with InstrumentationAnalysisTransform
Transforming javax.activation-1.2.0.jar (com.sun.activation:javax.activation:1.2.0) with MergeInstrumentationAnalysisTransform
Transforming signflinger-8.10.1.jar (com.android:signflinger:8.10.1) with InstrumentationAnalysisTransform
Transforming signflinger-8.10.1.jar (com.android:signflinger:8.10.1) with MergeInstrumentationAnalysisTransform
Transforming zipflinger-8.10.1.jar (com.android:zipflinger:8.10.1) with InstrumentationAnalysisTransform
Transforming zipflinger-8.10.1.jar (com.android:zipflinger:8.10.1) with MergeInstrumentationAnalysisTransform
Transforming annotations-31.10.1.jar (com.android.tools:annotations:31.10.1) with InstrumentationAnalysisTransform
Transforming annotations-31.10.1.jar (com.android.tools:annotations:31.10.1) with MergeInstrumentationAnalysisTransform
Transforming jna-platform-5.6.0.jar (net.java.dev.jna:jna-platform:5.6.0) with InstrumentationAnalysisTransform
Transforming jna-platform-5.6.0.jar (net.java.dev.jna:jna-platform:5.6.0) with MergeInstrumentationAnalysisTransform
Transforming juniversalchardet-1.0.3.jar (com.googlecode.juniversalchardet:juniversalchardet:1.0.3) with InstrumentationAnalysisTransform
Transforming juniversalchardet-1.0.3.jar (com.googlecode.juniversalchardet:juniversalchardet:1.0.3) with MergeInstrumentationAnalysisTransform
Transforming javax.annotation-api-1.3.2.jar (javax.annotation:javax.annotation-api:1.3.2) with InstrumentationAnalysisTransform
Transforming javax.annotation-api-1.3.2.jar (javax.annotation:javax.annotation-api:1.3.2) with MergeInstrumentationAnalysisTransform
Transforming stax-ex-1.8.1.jar (org.jvnet.staxex:stax-ex:1.8.1) with InstrumentationAnalysisTransform
Transforming stax-ex-1.8.1.jar (org.jvnet.staxex:stax-ex:1.8.1) with MergeInstrumentationAnalysisTransform
Transforming jakarta.xml.bind-api-2.3.2.jar (jakarta.xml.bind:jakarta.xml.bind-api:2.3.2) with InstrumentationAnalysisTransform
Transforming jakarta.xml.bind-api-2.3.2.jar (jakarta.xml.bind:jakarta.xml.bind-api:2.3.2) with MergeInstrumentationAnalysisTransform
Transforming txw2-2.3.2.jar (org.glassfish.jaxb:txw2:2.3.2) with InstrumentationAnalysisTransform
Transforming txw2-2.3.2.jar (org.glassfish.jaxb:txw2:2.3.2) with MergeInstrumentationAnalysisTransform
Transforming istack-commons-runtime-3.0.8.jar (com.sun.istack:istack-commons-runtime:3.0.8) with InstrumentationAnalysisTransform
Transforming istack-commons-runtime-3.0.8.jar (com.sun.istack:istack-commons-runtime:3.0.8) with MergeInstrumentationAnalysisTransform
Transforming FastInfoset-1.2.16.jar (com.sun.xml.fastinfoset:FastInfoset:1.2.16) with InstrumentationAnalysisTransform
Transforming FastInfoset-1.2.16.jar (com.sun.xml.fastinfoset:FastInfoset:1.2.16) with MergeInstrumentationAnalysisTransform
Transforming jakarta.activation-api-1.2.1.jar (jakarta.activation:jakarta.activation-api:1.2.1) with InstrumentationAnalysisTransform
Transforming jakarta.activation-api-1.2.1.jar (jakarta.activation:jakarta.activation-api:1.2.1) with MergeInstrumentationAnalysisTransform
Transforming auto-value-annotations-1.6.2.jar (com.google.auto.value:auto-value-annotations:1.6.2) with InstrumentationAnalysisTransform
Transforming auto-value-annotations-1.6.2.jar (com.google.auto.value:auto-value-annotations:1.6.2) with MergeInstrumentationAnalysisTransform
Transforming jose4j-0.9.5.jar (org.bitbucket.b_c:jose4j:0.9.5) with InstrumentationAnalysisTransform
Transforming jose4j-0.9.5.jar (org.bitbucket.b_c:jose4j:0.9.5) with MergeInstrumentationAnalysisTransform
Transforming slf4j-api-1.7.30.jar (org.slf4j:slf4j-api:1.7.30) with InstrumentationAnalysisTransform
Transforming slf4j-api-1.7.30.jar (org.slf4j:slf4j-api:1.7.30) with MergeInstrumentationAnalysisTransform
Transforming jdom2-2.0.6.jar (org.jdom:jdom2:2.0.6) with InstrumentationAnalysisTransform
Transforming jdom2-2.0.6.jar (org.jdom:jdom2:2.0.6) with MergeInstrumentationAnalysisTransform
Transforming annotations-4.1.1.4.jar (com.google.android:annotations:4.1.1.4) with InstrumentationAnalysisTransform
Transforming annotations-4.1.1.4.jar (com.google.android:annotations:4.1.1.4) with MergeInstrumentationAnalysisTransform
Transforming animal-sniffer-annotations-1.24.jar (org.codehaus.mojo:animal-sniffer-annotations:1.24) with InstrumentationAnalysisTransform
Transforming animal-sniffer-annotations-1.24.jar (org.codehaus.mojo:animal-sniffer-annotations:1.24) with MergeInstrumentationAnalysisTransform
Transforming perfmark-api-0.27.0.jar (io.perfmark:perfmark-api:0.27.0) with InstrumentationAnalysisTransform
Transforming perfmark-api-0.27.0.jar (io.perfmark:perfmark-api:0.27.0) with MergeInstrumentationAnalysisTransform
Transforming netty-codec-http2-4.1.110.Final.jar (io.netty:netty-codec-http2:4.1.110.Final) with InstrumentationAnalysisTransform
Transforming netty-codec-http2-4.1.110.Final.jar (io.netty:netty-codec-http2:4.1.110.Final) with MergeInstrumentationAnalysisTransform
Transforming netty-handler-proxy-4.1.110.Final.jar (io.netty:netty-handler-proxy:4.1.110.Final) with InstrumentationAnalysisTransform
Transforming netty-handler-proxy-4.1.110.Final.jar (io.netty:netty-handler-proxy:4.1.110.Final) with MergeInstrumentationAnalysisTransform
Transforming netty-codec-http-4.1.110.Final.jar (io.netty:netty-codec-http:4.1.110.Final) with InstrumentationAnalysisTransform
Transforming netty-codec-http-4.1.110.Final.jar (io.netty:netty-codec-http:4.1.110.Final) with MergeInstrumentationAnalysisTransform
Transforming netty-handler-4.1.110.Final.jar (io.netty:netty-handler:4.1.110.Final) with InstrumentationAnalysisTransform
Transforming netty-handler-4.1.110.Final.jar (io.netty:netty-handler:4.1.110.Final) with MergeInstrumentationAnalysisTransform
Transforming netty-transport-native-unix-common-4.1.110.Final.jar (io.netty:netty-transport-native-unix-common:4.1.110.Final) with InstrumentationAnalysisTransform
Transforming netty-transport-native-unix-common-4.1.110.Final.jar (io.netty:netty-transport-native-unix-common:4.1.110.Final) with MergeInstrumentationAnalysisTransform
Transforming apksig-8.10.1.jar (com.android.tools.build:apksig:8.10.1) with InstrumentationAnalysisTransform
Transforming apksig-8.10.1.jar (com.android.tools.build:apksig:8.10.1) with MergeInstrumentationAnalysisTransform
Transforming javawriter-2.5.0.jar (com.squareup:javawriter:2.5.0) with InstrumentationAnalysisTransform
Transforming javawriter-2.5.0.jar (com.squareup:javawriter:2.5.0) with MergeInstrumentationAnalysisTransform
Transforming kotlin-gradle-plugin-annotations-2.2.20.jar (org.jetbrains.kotlin:kotlin-gradle-plugin-annotations:2.2.20) with InstrumentationAnalysisTransform
Transforming kotlin-gradle-plugin-annotations-2.2.20.jar (org.jetbrains.kotlin:kotlin-gradle-plugin-annotations:2.2.20) with MergeInstrumentationAnalysisTransform
Transforming kotlin-native-utils-2.2.20.jar (org.jetbrains.kotlin:kotlin-native-utils:2.2.20) with InstrumentationAnalysisTransform
Transforming kotlin-native-utils-2.2.20.jar (org.jetbrains.kotlin:kotlin-native-utils:2.2.20) with MergeInstrumentationAnalysisTransform
Transforming kotlin-tooling-core-2.2.20.jar (org.jetbrains.kotlin:kotlin-tooling-core:2.2.20) with InstrumentationAnalysisTransform
Transforming kotlin-tooling-core-2.2.20.jar (org.jetbrains.kotlin:kotlin-tooling-core:2.2.20) with MergeInstrumentationAnalysisTransform
Transforming kotlin-build-tools-api-2.2.20.jar (org.jetbrains.kotlin:kotlin-build-tools-api:2.2.20) with InstrumentationAnalysisTransform
Transforming kotlin-build-tools-api-2.2.20.jar (org.jetbrains.kotlin:kotlin-build-tools-api:2.2.20) with MergeInstrumentationAnalysisTransform
Transforming kotlin-util-klib-2.2.20.jar (org.jetbrains.kotlin:kotlin-util-klib:2.2.20) with InstrumentationAnalysisTransform
Transforming kotlin-util-klib-2.2.20.jar (org.jetbrains.kotlin:kotlin-util-klib:2.2.20) with MergeInstrumentationAnalysisTransform
Transforming kotlin-util-io-2.2.20.jar (org.jetbrains.kotlin:kotlin-util-io:2.2.20) with InstrumentationAnalysisTransform
Transforming kotlin-util-io-2.2.20.jar (org.jetbrains.kotlin:kotlin-util-io:2.2.20) with MergeInstrumentationAnalysisTransform
Transforming kotlin-daemon-client-2.2.20.jar (org.jetbrains.kotlin:kotlin-daemon-client:2.2.20) with InstrumentationAnalysisTransform
Transforming kotlin-daemon-client-2.2.20.jar (org.jetbrains.kotlin:kotlin-daemon-client:2.2.20) with MergeInstrumentationAnalysisTransform
Transforming kotlinx-coroutines-core-jvm-1.8.0.jar (org.jetbrains.kotlinx:kotlinx-coroutines-core-jvm:1.8.0) with InstrumentationAnalysisTransform
Transforming kotlinx-coroutines-core-jvm-1.8.0.jar (org.jetbrains.kotlinx:kotlinx-coroutines-core-jvm:1.8.0) with MergeInstrumentationAnalysisTransform
Transforming commons-logging-1.2.jar (commons-logging:commons-logging:1.2) with InstrumentationAnalysisTransform
Transforming commons-logging-1.2.jar (commons-logging:commons-logging:1.2) with MergeInstrumentationAnalysisTransform
Transforming commons-codec-1.11.jar (commons-codec:commons-codec:1.11) with InstrumentationAnalysisTransform
Transforming commons-codec-1.11.jar (commons-codec:commons-codec:1.11) with MergeInstrumentationAnalysisTransform
Transforming jna-5.6.0.jar (net.java.dev.jna:jna:5.6.0) with InstrumentationAnalysisTransform
Transforming jna-5.6.0.jar (net.java.dev.jna:jna:5.6.0) with MergeInstrumentationAnalysisTransform
Transforming netty-codec-socks-4.1.110.Final.jar (io.netty:netty-codec-socks:4.1.110.Final) with InstrumentationAnalysisTransform
Transforming netty-codec-socks-4.1.110.Final.jar (io.netty:netty-codec-socks:4.1.110.Final) with MergeInstrumentationAnalysisTransform
Transforming netty-codec-4.1.110.Final.jar (io.netty:netty-codec:4.1.110.Final) with InstrumentationAnalysisTransform
Transforming netty-codec-4.1.110.Final.jar (io.netty:netty-codec:4.1.110.Final) with MergeInstrumentationAnalysisTransform
Transforming netty-transport-4.1.110.Final.jar (io.netty:netty-transport:4.1.110.Final) with InstrumentationAnalysisTransform
Transforming netty-transport-4.1.110.Final.jar (io.netty:netty-transport:4.1.110.Final) with MergeInstrumentationAnalysisTransform
Transforming netty-buffer-4.1.110.Final.jar (io.netty:netty-buffer:4.1.110.Final) with InstrumentationAnalysisTransform
Transforming netty-buffer-4.1.110.Final.jar (io.netty:netty-buffer:4.1.110.Final) with MergeInstrumentationAnalysisTransform
Transforming netty-resolver-4.1.110.Final.jar (io.netty:netty-resolver:4.1.110.Final) with InstrumentationAnalysisTransform
Transforming netty-resolver-4.1.110.Final.jar (io.netty:netty-resolver:4.1.110.Final) with MergeInstrumentationAnalysisTransform
Transforming netty-common-4.1.110.Final.jar (io.netty:netty-common:4.1.110.Final) with InstrumentationAnalysisTransform
Transforming netty-common-4.1.110.Final.jar (io.netty:netty-common:4.1.110.Final) with MergeInstrumentationAnalysisTransform
Transforming wire-java-generator-4.4.3.jar (com.squareup.wire:wire-java-generator:4.4.3) with ExternalDependencyInstrumentingArtifactTransform
Transforming wire-kotlin-generator-4.4.3.jar (com.squareup.wire:wire-kotlin-generator:4.4.3) with ExternalDependencyInstrumentingArtifactTransform
Transforming wire-schema-jvm-4.4.3.jar (com.squareup.wire:wire-schema-jvm:4.4.3) with ExternalDependencyInstrumentingArtifactTransform
Transforming kotlinpoet-1.14.2.jar (com.squareup:kotlinpoet:1.14.2) with ExternalDependencyInstrumentingArtifactTransform
Transforming lint-model-31.10.1.jar (com.android.tools.lint:lint-model:31.10.1) with ExternalDependencyInstrumentingArtifactTransform
Transforming gradle-settings-api-8.10.1.jar (com.android.tools.build:gradle-settings-api:8.10.1) with ExternalDependencyInstrumentingArtifactTransform
Transforming sdklib-31.10.1.jar (com.android.tools:sdklib:31.10.1) with ExternalDependencyInstrumentingArtifactTransform
Transforming manifest-merger-31.10.1.jar (com.android.tools.build:manifest-merger:31.10.1) with ExternalDependencyInstrumentingArtifactTransform
Transforming sdk-common-31.10.1.jar (com.android.tools:sdk-common:31.10.1) with ExternalDependencyInstrumentingArtifactTransform
Transforming kaml-0.20.0.jar (com.charleskorn.kaml:kaml:0.20.0) with ExternalDependencyInstrumentingArtifactTransform
Transforming builder-8.10.1.jar (com.android.tools.build:builder:8.10.1) with ExternalDependencyInstrumentingArtifactTransform
Transforming repository-31.10.1.jar (com.android.tools:repository:31.10.1) with ExternalDependencyInstrumentingArtifactTransform
Transforming aaptcompiler-8.10.1.jar (com.android.tools.build:aaptcompiler:8.10.1) with ExternalDependencyInstrumentingArtifactTransform
Transforming tracker-31.10.1.jar (com.android.tools.analytics-library:tracker:31.10.1) with ExternalDependencyInstrumentingArtifactTransform
Transforming shared-31.10.1.jar (com.android.tools.analytics-library:shared:31.10.1) with ExternalDependencyInstrumentingArtifactTransform
Transforming databinding-compiler-common-8.10.1.jar (androidx.databinding:databinding-compiler-common:8.10.1) with ExternalDependencyInstrumentingArtifactTransform
Transforming builder-model-8.10.1.jar (com.android.tools.build:builder-model:8.10.1) with ExternalDependencyInstrumentingArtifactTransform
Transforming gradle-api-8.10.1.jar (com.android.tools.build:gradle-api:8.10.1) with ExternalDependencyInstrumentingArtifactTransform
Transforming wire-runtime-jvm-4.4.3.jar (com.squareup.wire:wire-runtime-jvm:4.4.3) with ExternalDependencyInstrumentingArtifactTransform
Transforming builder-test-api-8.10.1.jar (com.android.tools.build:builder-test-api:8.10.1) with ExternalDependencyInstrumentingArtifactTransform
Transforming ddmlib-31.10.1.jar (com.android.tools.ddms:ddmlib:31.10.1) with ExternalDependencyInstrumentingArtifactTransform
Transforming android-test-plugin-host-emulator-control-proto-31.10.1.jar (com.android.tools.utp:android-test-plugin-host-emulator-control-proto:31.10.1) with ExternalDependencyInstrumentingArtifactTransform
Transforming layoutlib-api-31.10.1.jar (com.android.tools.layoutlib:layoutlib-api:31.10.1) with ExternalDependencyInstrumentingArtifactTransform
Transforming dvlib-31.10.1.jar (com.android.tools:dvlib:31.10.1) with ExternalDependencyInstrumentingArtifactTransform
Transforming common-31.10.1.jar (com.android.tools:common:31.10.1) with ExternalDependencyInstrumentingArtifactTransform
Transforming kotlin-stdlib-jdk7-2.1.0.jar (org.jetbrains.kotlin:kotlin-stdlib-jdk7:2.1.0) with ExternalDependencyInstrumentingArtifactTransform
Transforming okio-jvm-3.0.0.jar (com.squareup.okio:okio-jvm:3.0.0) with ExternalDependencyInstrumentingArtifactTransform
Transforming kotlin-stdlib-jdk8-2.1.0.jar (org.jetbrains.kotlin:kotlin-stdlib-jdk8:2.1.0) with ExternalDependencyInstrumentingArtifactTransform
Transforming jetifier-processor-1.0.0-beta10.jar (com.android.tools.build.jetifier:jetifier-processor:1.0.0-beta10) with ExternalDependencyInstrumentingArtifactTransform
Transforming kotlin-reflect-2.0.20.jar (org.jetbrains.kotlin:kotlin-reflect:2.0.20) with ExternalDependencyInstrumentingArtifactTransform
Transforming jetifier-core-1.0.0-beta10.jar (com.android.tools.build.jetifier:jetifier-core:1.0.0-beta10) with ExternalDependencyInstrumentingArtifactTransform
Transforming kotlinx-serialization-core-jvm-1.0.1.jar (org.jetbrains.kotlinx:kotlinx-serialization-core-jvm:1.0.1) with ExternalDependencyInstrumentingArtifactTransform
Transforming kotlin-stdlib-2.0.20.jar (org.jetbrains.kotlin:kotlin-stdlib:2.0.20) with ExternalDependencyInstrumentingArtifactTransform
Transforming annotations-13.0.jar (org.jetbrains:annotations:13.0) with ExternalDependencyInstrumentingArtifactTransform
Transforming bundletool-1.18.0.jar (com.android.tools.build:bundletool:1.18.0) with ExternalDependencyInstrumentingArtifactTransform
Transforming aapt2-proto-8.10.1-12782657.jar (com.android.tools.build:aapt2-proto:8.10.1-12782657) with ExternalDependencyInstrumentingArtifactTransform
Transforming lint-typedef-remover-31.10.1.jar (com.android.tools.lint:lint-typedef-remover:31.10.1) with ExternalDependencyInstrumentingArtifactTransform
Transforming databinding-common-8.10.1.jar (androidx.databinding:databinding-common:8.10.1) with ExternalDependencyInstrumentingArtifactTransform
Transforming baseLibrary-8.10.1.jar (com.android.databinding:baseLibrary:8.10.1) with ExternalDependencyInstrumentingArtifactTransform
Transforming android-device-provider-gradle-proto-31.10.1.jar (com.android.tools.utp:android-device-provider-gradle-proto:31.10.1) with ExternalDependencyInstrumentingArtifactTransform
Transforming android-test-plugin-host-additional-test-output-proto-31.10.1.jar (com.android.tools.utp:android-test-plugin-host-additional-test-output-proto:31.10.1) with ExternalDependencyInstrumentingArtifactTransform
Transforming android-device-provider-profile-proto-31.10.1.jar (com.android.tools.utp:android-device-provider-profile-proto:31.10.1) with ExternalDependencyInstrumentingArtifactTransform
Transforming crash-31.10.1.jar (com.android.tools.analytics-library:crash:31.10.1) with ExternalDependencyInstrumentingArtifactTransform
Transforming android-device-provider-ddmlib-proto-31.10.1.jar (com.android.tools.utp:android-device-provider-ddmlib-proto:31.10.1) with ExternalDependencyInstrumentingArtifactTransform
Transforming android-test-plugin-host-logcat-proto-31.10.1.jar (com.android.tools.utp:android-test-plugin-host-logcat-proto:31.10.1) with ExternalDependencyInstrumentingArtifactTransform
Transforming android-test-plugin-host-coverage-proto-31.10.1.jar (com.android.tools.utp:android-test-plugin-host-coverage-proto:31.10.1) with ExternalDependencyInstrumentingArtifactTransform
Transforming android-test-plugin-host-apk-installer-proto-31.10.1.jar (com.android.tools.utp:android-test-plugin-host-apk-installer-proto:31.10.1) with ExternalDependencyInstrumentingArtifactTransform
Transforming transform-api-2.0.0-deprecated-use-gradle-api.jar (com.android.tools.build:transform-api:2.0.0-deprecated-use-gradle-api) with ExternalDependencyInstrumentingArtifactTransform
Transforming android-test-plugin-result-listener-gradle-proto-31.10.1.jar (com.android.tools.utp:android-test-plugin-result-listener-gradle-proto:31.10.1) with ExternalDependencyInstrumentingArtifactTransform
Transforming httpmime-4.5.6.jar (org.apache.httpcomponents:httpmime:4.5.6) with ExternalDependencyInstrumentingArtifactTransform
Transforming commons-io-2.16.1.jar (commons-io:commons-io:2.16.1) with ExternalDependencyInstrumentingArtifactTransform
Transforming asm-util-9.7.1.jar (org.ow2.asm:asm-util:9.7.1) with ExternalDependencyInstrumentingArtifactTransform
Transforming asm-commons-9.7.1.jar (org.ow2.asm:asm-commons:9.7.1) with ExternalDependencyInstrumentingArtifactTransform
Transforming asm-analysis-9.7.1.jar (org.ow2.asm:asm-analysis:9.7.1) with ExternalDependencyInstrumentingArtifactTransform
Transforming asm-tree-9.7.1.jar (org.ow2.asm:asm-tree:9.7.1) with ExternalDependencyInstrumentingArtifactTransform
Transforming asm-9.7.1.jar (org.ow2.asm:asm:9.7.1) with ExternalDependencyInstrumentingArtifactTransform
Transforming apkzlib-8.10.1.jar (com.android.tools.build:apkzlib:8.10.1) with ExternalDependencyInstrumentingArtifactTransform
Transforming jaxb-runtime-2.3.2.jar (org.glassfish.jaxb:jaxb-runtime:2.3.2) with ExternalDependencyInstrumentingArtifactTransform
Transforming bcpkix-jdk18on-1.79.jar (org.bouncycastle:bcpkix-jdk18on:1.79) with ExternalDependencyInstrumentingArtifactTransform
Transforming grpc-protobuf-1.69.1.jar (io.grpc:grpc-protobuf:1.69.1) with ExternalDependencyInstrumentingArtifactTransform
Transforming jopt-simple-4.9.jar (net.sf.jopt-simple:jopt-simple:4.9) with ExternalDependencyInstrumentingArtifactTransform
Transforming protobuf-java-util-3.25.5.jar (com.google.protobuf:protobuf-java-util:3.25.5) with ExternalDependencyInstrumentingArtifactTransform
Transforming core-proto-0.0.9-alpha03.jar (com.google.testing.platform:core-proto:0.0.9-alpha03) with ExternalDependencyInstrumentingArtifactTransform
Transforming javapoet-1.13.0.jar (com.squareup:javapoet:1.13.0) with ExternalDependencyInstrumentingArtifactTransform
Transforming proto-google-common-protos-2.48.0.jar (com.google.api.grpc:proto-google-common-protos:2.48.0) with ExternalDependencyInstrumentingArtifactTransform
Transforming protobuf-java-3.25.5.jar (com.google.protobuf:protobuf-java:3.25.5) with ExternalDependencyInstrumentingArtifactTransform
Transforming protos-31.10.1.jar (com.android.tools.analytics-library:protos:31.10.1) with ExternalDependencyInstrumentingArtifactTransform
Transforming tink-1.7.0.jar (com.google.crypto.tink:tink:1.7.0) with ExternalDependencyInstrumentingArtifactTransform
Transforming grpc-netty-1.69.1.jar (io.grpc:grpc-netty:1.69.1) with ExternalDependencyInstrumentingArtifactTransform
Transforming grpc-util-1.69.1.jar (io.grpc:grpc-util:1.69.1) with ExternalDependencyInstrumentingArtifactTransform
Transforming grpc-inprocess-1.69.1.jar (io.grpc:grpc-inprocess:1.69.1) with ExternalDependencyInstrumentingArtifactTransform
Transforming grpc-core-1.69.1.jar (io.grpc:grpc-core:1.69.1) with ExternalDependencyInstrumentingArtifactTransform
Transforming kotlin-gradle-plugin-model-2.2.20.jar (org.jetbrains.kotlin:kotlin-gradle-plugin-model:2.2.20) with ExternalDependencyInstrumentingArtifactTransform
Transforming kotlin-gradle-plugin-api-2.2.20.jar (org.jetbrains.kotlin:kotlin-gradle-plugin-api:2.2.20) with ExternalDependencyInstrumentingArtifactTransform
Transforming kotlin-gradle-plugin-api-2.2.20-gradle811.jar (org.jetbrains.kotlin:kotlin-gradle-plugin-api:2.2.20) with ExternalDependencyInstrumentingArtifactTransform
Transforming fus-statistics-gradle-plugin-2.2.20-gradle811.jar (org.jetbrains.kotlin:fus-statistics-gradle-plugin:2.2.20) with ExternalDependencyInstrumentingArtifactTransform
Transforming kotlin-gradle-plugin-2.2.20-gradle811.jar (org.jetbrains.kotlin:kotlin-gradle-plugin:2.2.20) with ExternalDependencyInstrumentingArtifactTransform
Transforming compose-compiler-gradle-plugin-2.2.20-gradle811.jar (org.jetbrains.kotlin:compose-compiler-gradle-plugin:2.2.20) with ExternalDependencyInstrumentingArtifactTransform
Transforming kotlin-build-statistics-2.2.20.jar (org.jetbrains.kotlin:kotlin-build-statistics:2.2.20) with ExternalDependencyInstrumentingArtifactTransform
Transforming grpc-stub-1.69.1.jar (io.grpc:grpc-stub:1.69.1) with ExternalDependencyInstrumentingArtifactTransform
Transforming gson-2.11.0.jar (com.google.code.gson:gson:2.11.0) with ExternalDependencyInstrumentingArtifactTransform
Transforming xmlpull-1.1.3.1.jar (xmlpull:xmlpull:1.1.3.1) with ExternalDependencyInstrumentingArtifactTransform
Transforming flatbuffers-java-1.12.0.jar (com.google.flatbuffers:flatbuffers-java:1.12.0) with ExternalDependencyInstrumentingArtifactTransform
Transforming osdetector-gradle-plugin-1.7.1.jar (com.google.gradle:osdetector-gradle-plugin:1.7.1) with ExternalDependencyInstrumentingArtifactTransform
Transforming tensorflow-lite-metadata-0.2.0.jar (org.tensorflow:tensorflow-lite-metadata:0.2.0) with ExternalDependencyInstrumentingArtifactTransform
Transforming ktlint-gradle-12.1.1.jar (org.jlleitschuh.gradle:ktlint-gradle:12.1.1) with ExternalDependencyInstrumentingArtifactTransform
Transforming xpp3-1.1.4c.jar (xpp3:xpp3:1.1.4c) with ExternalDependencyInstrumentingArtifactTransform
Transforming jimfs-1.1.jar (com.google.jimfs:jimfs:1.1) with ExternalDependencyInstrumentingArtifactTransform
Transforming os-maven-plugin-1.7.0.jar (kr.motd.maven:os-maven-plugin:1.7.0) with ExternalDependencyInstrumentingArtifactTransform
Transforming grpc-context-1.69.1.jar (io.grpc:grpc-context:1.69.1) with ExternalDependencyInstrumentingArtifactTransform
Transforming grpc-protobuf-lite-1.69.1.jar (io.grpc:grpc-protobuf-lite:1.69.1) with ExternalDependencyInstrumentingArtifactTransform
Transforming guava-33.3.1-jre.jar (com.google.guava:guava:33.3.1-jre) with ExternalDependencyInstrumentingArtifactTransform
Transforming kotlin-klib-commonizer-api-2.2.20.jar (org.jetbrains.kotlin:kotlin-klib-commonizer-api:2.2.20) with ExternalDependencyInstrumentingArtifactTransform
Transforming kotlin-gradle-plugin-idea-2.2.20.jar (org.jetbrains.kotlin:kotlin-gradle-plugin-idea:2.2.20) with ExternalDependencyInstrumentingArtifactTransform
Transforming grpc-api-1.69.1.jar (io.grpc:grpc-api:1.69.1) with ExternalDependencyInstrumentingArtifactTransform
Transforming abi-tools-api-2.2.20.jar (org.jetbrains.kotlin:abi-tools-api:2.2.20) with ExternalDependencyInstrumentingArtifactTransform
Transforming kotlin-util-klib-metadata-2.2.20.jar (org.jetbrains.kotlin:kotlin-util-klib-metadata:2.2.20) with ExternalDependencyInstrumentingArtifactTransform
Transforming kotlin-gradle-plugin-idea-proto-2.2.20.jar (org.jetbrains.kotlin:kotlin-gradle-plugin-idea-proto:2.2.20) with ExternalDependencyInstrumentingArtifactTransform
Transforming failureaccess-1.0.2.jar (com.google.guava:failureaccess:1.0.2) with ExternalDependencyInstrumentingArtifactTransform
Transforming kotlin-compiler-runner-2.2.20.jar (org.jetbrains.kotlin:kotlin-compiler-runner:2.2.20) with ExternalDependencyInstrumentingArtifactTransform
Transforming listenablefuture-9999.0-empty-to-avoid-conflict-with-guava.jar (com.google.guava:listenablefuture:9999.0-empty-to-avoid-conflict-with-guava) with ExternalDependencyInstrumentingArtifactTransform
Transforming jsr305-3.0.2.jar (com.google.code.findbugs:jsr305:3.0.2) with ExternalDependencyInstrumentingArtifactTransform
Transforming checker-qual-3.43.0.jar (org.checkerframework:checker-qual:3.43.0) with ExternalDependencyInstrumentingArtifactTransform
Transforming error_prone_annotations-2.30.0.jar (com.google.errorprone:error_prone_annotations:2.30.0) with ExternalDependencyInstrumentingArtifactTransform
Transforming javax.inject-1.jar (javax.inject:javax.inject:1) with ExternalDependencyInstrumentingArtifactTransform
Transforming j2objc-annotations-3.0.0.jar (com.google.j2objc:j2objc-annotations:3.0.0) with ExternalDependencyInstrumentingArtifactTransform
Transforming dagger-2.28.3.jar (com.google.dagger:dagger:2.28.3) with ExternalDependencyInstrumentingArtifactTransform
Transforming snakeyaml-engine-2.1.jar (org.snakeyaml:snakeyaml-engine:2.1) with ExternalDependencyInstrumentingArtifactTransform
Transforming kxml2-2.3.0.jar (net.sf.kxml:kxml2:2.3.0) with ExternalDependencyInstrumentingArtifactTransform
Transforming commons-compress-1.21.jar (org.apache.commons:commons-compress:1.21) with ExternalDependencyInstrumentingArtifactTransform
Transforming bcutil-jdk18on-1.79.jar (org.bouncycastle:bcutil-jdk18on:1.79) with ExternalDependencyInstrumentingArtifactTransform
Transforming bcprov-jdk18on-1.79.jar (org.bouncycastle:bcprov-jdk18on:1.79) with ExternalDependencyInstrumentingArtifactTransform
Transforming httpclient-4.5.14.jar (org.apache.httpcomponents:httpclient:4.5.14) with ExternalDependencyInstrumentingArtifactTransform
Transforming httpcore-4.4.16.jar (org.apache.httpcomponents:httpcore:4.4.16) with ExternalDependencyInstrumentingArtifactTransform
Transforming annotations-31.10.1.jar (com.android.tools:annotations:31.10.1) with ExternalDependencyInstrumentingArtifactTransform
Transforming signflinger-8.10.1.jar (com.android:signflinger:8.10.1) with ExternalDependencyInstrumentingArtifactTransform
Transforming javax.activation-1.2.0.jar (com.sun.activation:javax.activation:1.2.0) with ExternalDependencyInstrumentingArtifactTransform
Transforming juniversalchardet-1.0.3.jar (com.googlecode.juniversalchardet:juniversalchardet:1.0.3) with ExternalDependencyInstrumentingArtifactTransform
Transforming jna-platform-5.6.0.jar (net.java.dev.jna:jna-platform:5.6.0) with ExternalDependencyInstrumentingArtifactTransform
Transforming zipflinger-8.10.1.jar (com.android:zipflinger:8.10.1) with ExternalDependencyInstrumentingArtifactTransform
Transforming javax.annotation-api-1.3.2.jar (javax.annotation:javax.annotation-api:1.3.2) with ExternalDependencyInstrumentingArtifactTransform
Transforming stax-ex-1.8.1.jar (org.jvnet.staxex:stax-ex:1.8.1) with ExternalDependencyInstrumentingArtifactTransform
Transforming jakarta.xml.bind-api-2.3.2.jar (jakarta.xml.bind:jakarta.xml.bind-api:2.3.2) with ExternalDependencyInstrumentingArtifactTransform
Transforming txw2-2.3.2.jar (org.glassfish.jaxb:txw2:2.3.2) with ExternalDependencyInstrumentingArtifactTransform
Transforming auto-value-annotations-1.6.2.jar (com.google.auto.value:auto-value-annotations:1.6.2) with ExternalDependencyInstrumentingArtifactTransform
Transforming istack-commons-runtime-3.0.8.jar (com.sun.istack:istack-commons-runtime:3.0.8) with ExternalDependencyInstrumentingArtifactTransform
Transforming jakarta.activation-api-1.2.1.jar (jakarta.activation:jakarta.activation-api:1.2.1) with ExternalDependencyInstrumentingArtifactTransform
Transforming FastInfoset-1.2.16.jar (com.sun.xml.fastinfoset:FastInfoset:1.2.16) with ExternalDependencyInstrumentingArtifactTransform
Transforming annotations-4.1.1.4.jar (com.google.android:annotations:4.1.1.4) with ExternalDependencyInstrumentingArtifactTransform
Transforming slf4j-api-1.7.30.jar (org.slf4j:slf4j-api:1.7.30) with ExternalDependencyInstrumentingArtifactTransform
Transforming jose4j-0.9.5.jar (org.bitbucket.b_c:jose4j:0.9.5) with ExternalDependencyInstrumentingArtifactTransform
Transforming animal-sniffer-annotations-1.24.jar (org.codehaus.mojo:animal-sniffer-annotations:1.24) with ExternalDependencyInstrumentingArtifactTransform
Transforming jdom2-2.0.6.jar (org.jdom:jdom2:2.0.6) with ExternalDependencyInstrumentingArtifactTransform
Transforming perfmark-api-0.27.0.jar (io.perfmark:perfmark-api:0.27.0) with ExternalDependencyInstrumentingArtifactTransform
Transforming netty-codec-http2-4.1.110.Final.jar (io.netty:netty-codec-http2:4.1.110.Final) with ExternalDependencyInstrumentingArtifactTransform
Transforming kotlin-gradle-plugin-annotations-2.2.20.jar (org.jetbrains.kotlin:kotlin-gradle-plugin-annotations:2.2.20) with ExternalDependencyInstrumentingArtifactTransform
Transforming netty-handler-proxy-4.1.110.Final.jar (io.netty:netty-handler-proxy:4.1.110.Final) with ExternalDependencyInstrumentingArtifactTransform
Transforming netty-handler-4.1.110.Final.jar (io.netty:netty-handler:4.1.110.Final) with ExternalDependencyInstrumentingArtifactTransform
Transforming apksig-8.10.1.jar (com.android.tools.build:apksig:8.10.1) with ExternalDependencyInstrumentingArtifactTransform
Transforming netty-transport-native-unix-common-4.1.110.Final.jar (io.netty:netty-transport-native-unix-common:4.1.110.Final) with ExternalDependencyInstrumentingArtifactTransform
Transforming javawriter-2.5.0.jar (com.squareup:javawriter:2.5.0) with ExternalDependencyInstrumentingArtifactTransform
Transforming netty-codec-http-4.1.110.Final.jar (io.netty:netty-codec-http:4.1.110.Final) with ExternalDependencyInstrumentingArtifactTransform
Transforming kotlin-tooling-core-2.2.20.jar (org.jetbrains.kotlin:kotlin-tooling-core:2.2.20) with ExternalDependencyInstrumentingArtifactTransform
Transforming kotlin-build-tools-api-2.2.20.jar (org.jetbrains.kotlin:kotlin-build-tools-api:2.2.20) with ExternalDependencyInstrumentingArtifactTransform
Transforming kotlin-native-utils-2.2.20.jar (org.jetbrains.kotlin:kotlin-native-utils:2.2.20) with ExternalDependencyInstrumentingArtifactTransform
Transforming kotlin-util-klib-2.2.20.jar (org.jetbrains.kotlin:kotlin-util-klib:2.2.20) with ExternalDependencyInstrumentingArtifactTransform
Transforming kotlin-util-io-2.2.20.jar (org.jetbrains.kotlin:kotlin-util-io:2.2.20) with ExternalDependencyInstrumentingArtifactTransform
Transforming kotlinx-coroutines-core-jvm-1.8.0.jar (org.jetbrains.kotlinx:kotlinx-coroutines-core-jvm:1.8.0) with ExternalDependencyInstrumentingArtifactTransform
Transforming kotlin-daemon-client-2.2.20.jar (org.jetbrains.kotlin:kotlin-daemon-client:2.2.20) with ExternalDependencyInstrumentingArtifactTransform
Transforming commons-logging-1.2.jar (commons-logging:commons-logging:1.2) with ExternalDependencyInstrumentingArtifactTransform
Transforming netty-codec-socks-4.1.110.Final.jar (io.netty:netty-codec-socks:4.1.110.Final) with ExternalDependencyInstrumentingArtifactTransform
Transforming jna-5.6.0.jar (net.java.dev.jna:jna:5.6.0) with ExternalDependencyInstrumentingArtifactTransform
Transforming netty-codec-4.1.110.Final.jar (io.netty:netty-codec:4.1.110.Final) with ExternalDependencyInstrumentingArtifactTransform
Transforming commons-codec-1.11.jar (commons-codec:commons-codec:1.11) with ExternalDependencyInstrumentingArtifactTransform
Transforming netty-transport-4.1.110.Final.jar (io.netty:netty-transport:4.1.110.Final) with ExternalDependencyInstrumentingArtifactTransform
Transforming netty-common-4.1.110.Final.jar (io.netty:netty-common:4.1.110.Final) with ExternalDependencyInstrumentingArtifactTransform
Transforming netty-resolver-4.1.110.Final.jar (io.netty:netty-resolver:4.1.110.Final) with ExternalDependencyInstrumentingArtifactTransform
Transforming netty-buffer-4.1.110.Final.jar (io.netty:netty-buffer:4.1.110.Final) with ExternalDependencyInstrumentingArtifactTransform

> Configure project :benchmark
Evaluating project ':benchmark' using build file '/home/lollerfirst/Signal-Android/benchmark/build.gradle.kts'.
WARNING: The option setting 'android.experimental.androidTest.numManagedDeviceShards=4' is experimental.
Using default execution profile
Build 8e760dc7-1a26-4a01-9a45-8774d2f1bdf4 is started
Using Kotlin Gradle Plugin gradle811 variant
Path for java installation '/usr/lib/jvm/openjdk-21' (Common Linux Locations) auto-detected does not contain a java executable
Path for java installation '/usr/lib/jvm/openjdk-17' (Common Linux Locations) auto-detected does not contain a java executable
Starting process 'command '/usr/lib/jvm/java-17-openjdk-amd64/bin/java''. Working directory: /home/lollerfirst/.gradle/.tmp/tmp-jvm2214523896246040664probe Command: /usr/lib/jvm/java-17-openjdk-amd64/bin/java -Xmx32m -Xms32m -cp . JavaProbe
Successfully started process 'command '/usr/lib/jvm/java-17-openjdk-amd64/bin/java''
Received JVM installation metadata from '/usr/lib/jvm/java-17-openjdk-amd64': {JAVA_HOME=/usr/lib/jvm/java-17-openjdk-amd64, JAVA_VERSION=17.0.16, JAVA_VENDOR=Ubuntu, RUNTIME_NAME=OpenJDK Runtime Environment, RUNTIME_VERSION=17.0.16+8-Ubuntu-0ubuntu124.04.1, VM_NAME=OpenJDK 64-Bit Server VM, VM_VERSION=17.0.16+8-Ubuntu-0ubuntu124.04.1, VM_VENDOR=Ubuntu, OS_ARCH=amd64}
Resolve mutations for :build-logic:plugins:checkKotlinGradlePluginConfigurationErrors (Thread[#190,Execution worker,5,main]) started.
:build-logic:plugins:checkKotlinGradlePluginConfigurationErrors (Thread[#190,Execution worker,5,main]) started.

> Task :build-logic:plugins:checkKotlinGradlePluginConfigurationErrors SKIPPED
Skipping task ':build-logic:plugins:checkKotlinGradlePluginConfigurationErrors' as task onlyIf 'errorDiagnostics are present' is false.
Resolve mutations for :build-logic:tools:checkKotlinGradlePluginConfigurationErrors (Thread[#190,Execution worker,5,main]) started.

> Task :build-logic:tools:checkKotlinGradlePluginConfigurationErrors SKIPPED
Skipping task ':build-logic:tools:checkKotlinGradlePluginConfigurationErrors' as task onlyIf 'errorDiagnostics are present' is false.

> Task :build-logic:tools:compileKotlin UP-TO-DATE
Transforming gradle-api-8.11.1.jar with BuildToolsApiClasspathEntrySnapshotTransform
Transforming groovy-3.0.22.jar with BuildToolsApiClasspathEntrySnapshotTransform
Transforming groovy-ant-3.0.22.jar with BuildToolsApiClasspathEntrySnapshotTransform
Transforming groovy-astbuilder-3.0.22.jar with BuildToolsApiClasspathEntrySnapshotTransform
Transforming groovy-console-3.0.22.jar with BuildToolsApiClasspathEntrySnapshotTransform
Transforming groovy-datetime-3.0.22.jar with BuildToolsApiClasspathEntrySnapshotTransform
Transforming groovy-dateutil-3.0.22.jar with BuildToolsApiClasspathEntrySnapshotTransform
Transforming groovy-groovydoc-3.0.22.jar with BuildToolsApiClasspathEntrySnapshotTransform
Transforming groovy-json-3.0.22.jar with BuildToolsApiClasspathEntrySnapshotTransform
Transforming groovy-nio-3.0.22.jar with BuildToolsApiClasspathEntrySnapshotTransform
Transforming groovy-sql-3.0.22.jar with BuildToolsApiClasspathEntrySnapshotTransform
Transforming groovy-templates-3.0.22.jar with BuildToolsApiClasspathEntrySnapshotTransform
Transforming groovy-test-3.0.22.jar with BuildToolsApiClasspathEntrySnapshotTransform
Transforming groovy-xml-3.0.22.jar with BuildToolsApiClasspathEntrySnapshotTransform
Transforming javaparser-core-3.17.0.jar with BuildToolsApiClasspathEntrySnapshotTransform
Transforming kotlin-stdlib-2.0.20.jar with BuildToolsApiClasspathEntrySnapshotTransform
Transforming kotlin-reflect-2.0.20.jar with BuildToolsApiClasspathEntrySnapshotTransform
Transforming gradle-installation-beacon-8.11.1.jar with BuildToolsApiClasspathEntrySnapshotTransform
Transforming kotlin-stdlib-2.2.20.jar with BuildToolsApiClasspathEntrySnapshotTransform
Transforming dnsjava-2.1.9.jar with BuildToolsApiClasspathEntrySnapshotTransform
Transforming annotations-13.0.jar with BuildToolsApiClasspathEntrySnapshotTransform
Caching disabled for task ':build-logic:tools:compileKotlin' because:
  Build cache is disabled
Skipping task ':build-logic:tools:compileKotlin' as it is up-to-date.

> Task :build-logic:tools:compileJava NO-SOURCE
Skipping task ':build-logic:tools:compileJava' as it has no source files and no previous output files.

> Task :build-logic:tools:processResources NO-SOURCE
Skipping task ':build-logic:tools:processResources' as it has no source files and no previous output files.

> Task :build-logic:tools:classes UP-TO-DATE
Skipping task ':build-logic:tools:classes' as it has no actions.

> Task :build-logic:tools:jar UP-TO-DATE
Caching disabled for task ':build-logic:tools:jar' because:
  Build cache is disabled
  Not worth caching
Skipping task ':build-logic:tools:jar' as it is up-to-date.

> Task :build-logic:plugins:generateExternalPluginSpecBuilders UP-TO-DATE
Caching disabled for task ':build-logic:plugins:generateExternalPluginSpecBuilders' because:
  Build cache is disabled
Skipping task ':build-logic:plugins:generateExternalPluginSpecBuilders' as it is up-to-date.

> Task :build-logic:plugins:extractPluginRequests UP-TO-DATE
Caching disabled for task ':build-logic:plugins:extractPluginRequests' because:
  Build cache is disabled
Skipping task ':build-logic:plugins:extractPluginRequests' as it is up-to-date.

> Task :build-logic:plugins:generatePluginAdapters UP-TO-DATE
Caching disabled for task ':build-logic:plugins:generatePluginAdapters' because:
  Build cache is disabled
Skipping task ':build-logic:plugins:generatePluginAdapters' as it is up-to-date.

> Task :build-logic:plugins:extractPrecompiledScriptPluginPlugins UP-TO-DATE
Caching disabled for task ':build-logic:plugins:extractPrecompiledScriptPluginPlugins' because:
  Build cache is disabled
Skipping task ':build-logic:plugins:extractPrecompiledScriptPluginPlugins' as it is up-to-date.

> Task :build-logic:plugins:compilePluginsBlocks UP-TO-DATE
Caching disabled for task ':build-logic:plugins:compilePluginsBlocks' because:
  Build cache is disabled
Skipping task ':build-logic:plugins:compilePluginsBlocks' as it is up-to-date.

> Task :build-logic:plugins:generatePrecompiledScriptPluginAccessors UP-TO-DATE
Caching disabled for task ':build-logic:plugins:generatePrecompiledScriptPluginAccessors' because:
  Build cache is disabled
Skipping task ':build-logic:plugins:generatePrecompiledScriptPluginAccessors' as it is up-to-date.

> Task :build-logic:plugins:generateScriptPluginAdapters UP-TO-DATE
Caching disabled for task ':build-logic:plugins:generateScriptPluginAdapters' because:
  Build cache is disabled
Skipping task ':build-logic:plugins:generateScriptPluginAdapters' as it is up-to-date.

> Task :build-logic:plugins:compileKotlin UP-TO-DATE
Transforming gradle-api-8.11.1.jar with BuildToolsApiClasspathEntrySnapshotTransform
Transforming groovy-3.0.22.jar with BuildToolsApiClasspathEntrySnapshotTransform
Transforming groovy-ant-3.0.22.jar with BuildToolsApiClasspathEntrySnapshotTransform
Transforming groovy-astbuilder-3.0.22.jar with BuildToolsApiClasspathEntrySnapshotTransform
Transforming groovy-console-3.0.22.jar with BuildToolsApiClasspathEntrySnapshotTransform
Transforming groovy-datetime-3.0.22.jar with BuildToolsApiClasspathEntrySnapshotTransform
Transforming groovy-dateutil-3.0.22.jar with BuildToolsApiClasspathEntrySnapshotTransform
Transforming groovy-groovydoc-3.0.22.jar with BuildToolsApiClasspathEntrySnapshotTransform
Transforming groovy-json-3.0.22.jar with BuildToolsApiClasspathEntrySnapshotTransform
Transforming groovy-nio-3.0.22.jar with BuildToolsApiClasspathEntrySnapshotTransform
Transforming groovy-sql-3.0.22.jar with BuildToolsApiClasspathEntrySnapshotTransform
Transforming groovy-templates-3.0.22.jar with BuildToolsApiClasspathEntrySnapshotTransform
Transforming groovy-test-3.0.22.jar with BuildToolsApiClasspathEntrySnapshotTransform
Transforming groovy-xml-3.0.22.jar with BuildToolsApiClasspathEntrySnapshotTransform
Transforming javaparser-core-3.17.0.jar with BuildToolsApiClasspathEntrySnapshotTransform
Transforming kotlin-stdlib-2.0.20.jar with BuildToolsApiClasspathEntrySnapshotTransform
Transforming kotlin-reflect-2.0.20.jar with BuildToolsApiClasspathEntrySnapshotTransform
Transforming gradle-installation-beacon-8.11.1.jar with BuildToolsApiClasspathEntrySnapshotTransform
Transforming gradle-kotlin-dsl-extensions-8.11.1.jar with BuildToolsApiClasspathEntrySnapshotTransform
Transforming gradle-kotlin-dsl-8.11.1.jar with BuildToolsApiClasspathEntrySnapshotTransform
Transforming gradle-kotlin-dsl-shared-runtime-8.11.1.jar with BuildToolsApiClasspathEntrySnapshotTransform
Transforming gradle-kotlin-dsl-tooling-models-8.11.1.jar with BuildToolsApiClasspathEntrySnapshotTransform
Transforming classes with BuildToolsApiClasspathEntrySnapshotTransform
Transforming classes with BuildToolsApiClasspathEntrySnapshotTransform
Transforming kotlin-reflect-2.0.20.jar with BuildToolsApiClasspathEntrySnapshotTransform
Transforming tools.jar with BuildToolsApiClasspathEntrySnapshotTransform
Transforming kotlin-stdlib-2.2.20.jar with BuildToolsApiClasspathEntrySnapshotTransform
Transforming kotlin-gradle-plugin-model-2.2.20.jar with BuildToolsApiClasspathEntrySnapshotTransform
Transforming fus-statistics-gradle-plugin-2.2.20-gradle811.jar with BuildToolsApiClasspathEntrySnapshotTransform
Transforming kotlin-gradle-plugin-api-2.2.20.jar with BuildToolsApiClasspathEntrySnapshotTransform
Transforming kotlin-gradle-plugin-api-2.2.20-gradle811.jar with BuildToolsApiClasspathEntrySnapshotTransform
Transforming kotlin-gradle-plugin-2.2.20-gradle811.jar with BuildToolsApiClasspathEntrySnapshotTransform
Transforming ktlint-gradle-12.1.1.jar with BuildToolsApiClasspathEntrySnapshotTransform
Transforming annotations-13.0.jar with BuildToolsApiClasspathEntrySnapshotTransform
Transforming gradle-8.10.1.jar with BuildToolsApiClasspathEntrySnapshotTransform
Transforming kotlin-gradle-plugin-annotations-2.2.20.jar with BuildToolsApiClasspathEntrySnapshotTransform
Transforming kotlin-native-utils-2.2.20.jar with BuildToolsApiClasspathEntrySnapshotTransform
Transforming kotlin-tooling-core-2.2.20.jar with BuildToolsApiClasspathEntrySnapshotTransform
Transforming kotlin-build-tools-api-2.2.20.jar with BuildToolsApiClasspathEntrySnapshotTransform
Transforming builder-8.10.1.jar with BuildToolsApiClasspathEntrySnapshotTransform
Transforming builder-model-8.10.1.jar with BuildToolsApiClasspathEntrySnapshotTransform
Transforming gradle-api-8.10.1.jar with BuildToolsApiClasspathEntrySnapshotTransform
Transforming kotlin-util-io-2.2.20.jar with BuildToolsApiClasspathEntrySnapshotTransform
Transforming manifest-merger-31.10.1.jar with BuildToolsApiClasspathEntrySnapshotTransform
Transforming zipflinger-8.10.1.jar with BuildToolsApiClasspathEntrySnapshotTransform
Transforming apksig-8.10.1.jar with BuildToolsApiClasspathEntrySnapshotTransform
Transforming apkzlib-8.10.1.jar with BuildToolsApiClasspathEntrySnapshotTransform
Transforming javawriter-2.5.0.jar with BuildToolsApiClasspathEntrySnapshotTransform
Transforming asm-9.7.1.jar with BuildToolsApiClasspathEntrySnapshotTransform
Custom actions are attached to task ':build-logic:plugins:compileKotlin'.
Caching disabled for task ':build-logic:plugins:compileKotlin' because:
  Build cache is disabled
Skipping task ':build-logic:plugins:compileKotlin' as it is up-to-date.

> Task :build-logic:plugins:compileJava UP-TO-DATE
Caching disabled for task ':build-logic:plugins:compileJava' because:
  Build cache is disabled
Skipping task ':build-logic:plugins:compileJava' as it is up-to-date.
No compile result for :build-logic:plugins:compileJava
No compile result for :build-logic:plugins:compileJava

> Task :build-logic:plugins:compileGroovy NO-SOURCE
Skipping task ':build-logic:plugins:compileGroovy' as it has no source files and no previous output files.

> Task :build-logic:plugins:compileGroovyPlugins UP-TO-DATE
Caching disabled for task ':build-logic:plugins:compileGroovyPlugins' because:
  Build cache is disabled
Skipping task ':build-logic:plugins:compileGroovyPlugins' as it is up-to-date.
:build-logic:plugins:pluginDescriptors (Thread[#200,Execution worker Thread 11,5,main]) started.

> Task :build-logic:plugins:pluginDescriptors UP-TO-DATE
Caching disabled for task ':build-logic:plugins:pluginDescriptors' because:
  Build cache is disabled
  Not worth caching
Skipping task ':build-logic:plugins:pluginDescriptors' as it is up-to-date.
Resolve mutations for :build-logic:plugins:processResources (Thread[#200,Execution worker Thread 11,5,main]) started.
:build-logic:plugins:processResources (Thread[#200,Execution worker Thread 11,5,main]) started.

> Task :build-logic:plugins:processResources UP-TO-DATE
Caching disabled for task ':build-logic:plugins:processResources' because:
  Build cache is disabled
  Not worth caching
Skipping task ':build-logic:plugins:processResources' as it is up-to-date.
Resolve mutations for :build-logic:plugins:classes (Thread[#200,Execution worker Thread 11,5,main]) started.
:build-logic:plugins:classes (Thread[#200,Execution worker Thread 11,5,main]) started.

> Task :build-logic:plugins:classes UP-TO-DATE
Skipping task ':build-logic:plugins:classes' as it has no actions.
Resolve mutations for :build-logic:plugins:jar (Thread[#200,Execution worker Thread 11,5,main]) started.
:build-logic:plugins:jar (Thread[#200,Execution worker Thread 11,5,main]) started.

> Task :build-logic:plugins:jar UP-TO-DATE
Caching disabled for task ':build-logic:plugins:jar' because:
  Build cache is disabled
  Not worth caching
Skipping task ':build-logic:plugins:jar' as it is up-to-date.

> Configure project :billing
Evaluating project ':billing' using build file '/home/lollerfirst/Signal-Android/billing/build.gradle.kts'.
file or directory '/home/lollerfirst/Signal-Android/build-logic/plugins/src/main/resources', not found
file or directory '/home/lollerfirst/Signal-Android/build-logic/plugins/src/main/kotlin', not found
file or directory '/home/lollerfirst/Signal-Android/build-logic/plugins/src/main/groovy', not found
file or directory '/home/lollerfirst/Signal-Android/build-logic/plugins/src/main/resources', not found
file or directory '/home/lollerfirst/Signal-Android/build-logic/plugins/src/main/kotlin', not found
file or directory '/home/lollerfirst/Signal-Android/build-logic/plugins/src/main/groovy', not found
Starting process 'command '/usr/lib/jvm/java-8-openjdk-amd64/bin/java''. Working directory: /home/lollerfirst/.gradle/.tmp/tmp-jvm2627952247228803525probe Command: /usr/lib/jvm/java-8-openjdk-amd64/bin/java -Xmx32m -Xms32m -cp . JavaProbe
Successfully started process 'command '/usr/lib/jvm/java-8-openjdk-amd64/bin/java''
Received JVM installation metadata from '/usr/lib/jvm/java-8-openjdk-amd64': {JAVA_HOME=/usr/lib/jvm/java-8-openjdk-amd64/jre, JAVA_VERSION=1.8.0_462, JAVA_VENDOR=Private Build, RUNTIME_NAME=OpenJDK Runtime Environment, RUNTIME_VERSION=1.8.0_462-8u462-ga~us1-0ubuntu2~24.04.2-b08, VM_NAME=OpenJDK 64-Bit Server VM, VM_VERSION=25.462-b08, VM_VENDOR=Private Build, OS_ARCH=amd64}
:build-logic:tools:checkKotlinGradlePluginConfigurationErrors (Thread[#189,included builds,5,main]) started.
Resolve mutations for :build-logic:tools:compileKotlin (Thread[#189,included builds,5,main]) started.
:build-logic:tools:compileKotlin (Thread[#189,included builds,5,main]) started.
Resolve mutations for :build-logic:tools:compileJava (Thread[#189,included builds,5,main]) started.
:build-logic:tools:compileJava (Thread[#189,included builds,5,main]) started.
Resolve mutations for :build-logic:tools:processResources (Thread[#189,included builds,5,main]) started.
:build-logic:tools:processResources (Thread[#189,included builds,5,main]) started.
Resolve mutations for :build-logic:tools:classes (Thread[#189,included builds,5,main]) started.
:build-logic:tools:classes (Thread[#189,included builds,5,main]) started.
Resolve mutations for :build-logic:tools:jar (Thread[#189,included builds,5,main]) started.
:build-logic:tools:jar (Thread[#189,included builds,5,main]) started.
work action resolve tools.jar (project :build-logic:tools) (Thread[#189,included builds,5,main]) started.
Resolve mutations for :build-logic:plugins:generateExternalPluginSpecBuilders (Thread[#189,included builds,5,main]) started.
:build-logic:plugins:generateExternalPluginSpecBuilders (Thread[#189,included builds,5,main]) started.
Resolve mutations for :build-logic:plugins:extractPluginRequests (Thread[#189,included builds,5,main]) started.
:build-logic:plugins:extractPluginRequests (Thread[#189,included builds,5,main]) started.
Resolve mutations for :build-logic:plugins:generatePluginAdapters (Thread[#189,included builds,5,main]) started.
:build-logic:plugins:generatePluginAdapters (Thread[#189,included builds,5,main]) started.
Resolve mutations for :build-logic:plugins:extractPrecompiledScriptPluginPlugins (Thread[#189,included builds,5,main]) started.
:build-logic:plugins:extractPrecompiledScriptPluginPlugins (Thread[#189,included builds,5,main]) started.
Resolve mutations for :build-logic:plugins:compilePluginsBlocks (Thread[#189,included builds,5,main]) started.
:build-logic:plugins:compilePluginsBlocks (Thread[#189,included builds,5,main]) started.
Resolve mutations for :build-logic:plugins:generatePrecompiledScriptPluginAccessors (Thread[#189,included builds,5,main]) started.
:build-logic:plugins:generatePrecompiledScriptPluginAccessors (Thread[#189,included builds,5,main]) started.
Resolve mutations for :build-logic:plugins:generateScriptPluginAdapters (Thread[#189,included builds,5,main]) started.
:build-logic:plugins:generateScriptPluginAdapters (Thread[#189,included builds,5,main]) started.
Resolve mutations for :build-logic:plugins:compileKotlin (Thread[#189,included builds,5,main]) started.
:build-logic:plugins:compileKotlin (Thread[#189,included builds,5,main]) started.
Resolve mutations for :build-logic:plugins:compileJava (Thread[#189,included builds,5,main]) started.
:build-logic:plugins:compileJava (Thread[#189,included builds,5,main]) started.
Resolve mutations for :build-logic:plugins:compileGroovy (Thread[#189,included builds,5,main]) started.
:build-logic:plugins:compileGroovy (Thread[#189,included builds,5,main]) started.
Resolve mutations for :build-logic:plugins:compileGroovyPlugins (Thread[#189,included builds,5,main]) started.
:build-logic:plugins:compileGroovyPlugins (Thread[#189,included builds,5,main]) started.
Resolve mutations for :build-logic:plugins:pluginDescriptors (Thread[#189,included builds,5,main]) started.
Transforming classes with InstrumentationAnalysisTransform
Transforming classes with InstrumentationAnalysisTransform
Transforming gradle-8.10.1.jar (com.android.tools.build:gradle:8.10.1) with InstrumentationAnalysisTransform
Transforming gradle-settings-api-8.10.1.jar (com.android.tools.build:gradle-settings-api:8.10.1) with InstrumentationAnalysisTransform
Transforming lint-model-31.10.1.jar (com.android.tools.lint:lint-model:31.10.1) with InstrumentationAnalysisTransform
Transforming builder-8.10.1.jar (com.android.tools.build:builder:8.10.1) with InstrumentationAnalysisTransform
Transforming manifest-merger-31.10.1.jar (com.android.tools.build:manifest-merger:31.10.1) with InstrumentationAnalysisTransform
Transforming sdk-common-31.10.1.jar (com.android.tools:sdk-common:31.10.1) with InstrumentationAnalysisTransform
Transforming sdklib-31.10.1.jar (com.android.tools:sdklib:31.10.1) with InstrumentationAnalysisTransform
Transforming repository-31.10.1.jar (com.android.tools:repository:31.10.1) with InstrumentationAnalysisTransform
Transforming aaptcompiler-8.10.1.jar (com.android.tools.build:aaptcompiler:8.10.1) with InstrumentationAnalysisTransform
Transforming tracker-31.10.1.jar (com.android.tools.analytics-library:tracker:31.10.1) with InstrumentationAnalysisTransform
Transforming shared-31.10.1.jar (com.android.tools.analytics-library:shared:31.10.1) with InstrumentationAnalysisTransform
Transforming databinding-compiler-common-8.10.1.jar (androidx.databinding:databinding-compiler-common:8.10.1) with InstrumentationAnalysisTransform
Transforming android-test-plugin-host-emulator-control-proto-31.10.1.jar (com.android.tools.utp:android-test-plugin-host-emulator-control-proto:31.10.1) with InstrumentationAnalysisTransform
Transforming builder-model-8.10.1.jar (com.android.tools.build:builder-model:8.10.1) with InstrumentationAnalysisTransform
Transforming gradle-api-8.10.1.jar (com.android.tools.build:gradle-api:8.10.1) with InstrumentationAnalysisTransform
Transforming builder-test-api-8.10.1.jar (com.android.tools.build:builder-test-api:8.10.1) with InstrumentationAnalysisTransform
Transforming ddmlib-31.10.1.jar (com.android.tools.ddms:ddmlib:31.10.1) with InstrumentationAnalysisTransform
Transforming layoutlib-api-31.10.1.jar (com.android.tools.layoutlib:layoutlib-api:31.10.1) with InstrumentationAnalysisTransform
Transforming dvlib-31.10.1.jar (com.android.tools:dvlib:31.10.1) with InstrumentationAnalysisTransform
Transforming common-31.10.1.jar (com.android.tools:common:31.10.1) with InstrumentationAnalysisTransform
Transforming kotlin-stdlib-jdk8-2.1.0.jar (org.jetbrains.kotlin:kotlin-stdlib-jdk8:2.1.0) with InstrumentationAnalysisTransform
Transforming jetifier-processor-1.0.0-beta10.jar (com.android.tools.build.jetifier:jetifier-processor:1.0.0-beta10) with InstrumentationAnalysisTransform
Transforming jetifier-core-1.0.0-beta10.jar (com.android.tools.build.jetifier:jetifier-core:1.0.0-beta10) with InstrumentationAnalysisTransform
Transforming kotlin-reflect-2.0.20.jar (org.jetbrains.kotlin:kotlin-reflect:2.0.20) with InstrumentationAnalysisTransform
Transforming kotlin-stdlib-jdk7-2.1.0.jar (org.jetbrains.kotlin:kotlin-stdlib-jdk7:2.1.0) with InstrumentationAnalysisTransform
Transforming kotlin-stdlib-2.0.20.jar (org.jetbrains.kotlin:kotlin-stdlib:2.0.20) with InstrumentationAnalysisTransform
Transforming annotations-13.0.jar (org.jetbrains:annotations:13.0) with InstrumentationAnalysisTransform
Transforming kotlin-gradle-plugin-model-2.2.20.jar (org.jetbrains.kotlin:kotlin-gradle-plugin-model:2.2.20) with InstrumentationAnalysisTransform
Transforming fus-statistics-gradle-plugin-2.2.20-gradle811.jar (org.jetbrains.kotlin:fus-statistics-gradle-plugin:2.2.20) with InstrumentationAnalysisTransform
Transforming kotlin-gradle-plugin-api-2.2.20.jar (org.jetbrains.kotlin:kotlin-gradle-plugin-api:2.2.20) with InstrumentationAnalysisTransform
Transforming kotlin-gradle-plugin-api-2.2.20-gradle811.jar (org.jetbrains.kotlin:kotlin-gradle-plugin-api:2.2.20) with InstrumentationAnalysisTransform
Transforming kotlin-gradle-plugin-2.2.20-gradle811.jar (org.jetbrains.kotlin:kotlin-gradle-plugin:2.2.20) with InstrumentationAnalysisTransform
Transforming ktlint-gradle-12.1.1.jar (org.jlleitschuh.gradle:ktlint-gradle:12.1.1) with InstrumentationAnalysisTransform
Transforming kotlin-gradle-plugin-idea-proto-2.2.20.jar (org.jetbrains.kotlin:kotlin-gradle-plugin-idea-proto:2.2.20) with InstrumentationAnalysisTransform
Transforming kotlin-gradle-plugin-idea-2.2.20.jar (org.jetbrains.kotlin:kotlin-gradle-plugin-idea:2.2.20) with InstrumentationAnalysisTransform
Transforming kotlin-klib-commonizer-api-2.2.20.jar (org.jetbrains.kotlin:kotlin-klib-commonizer-api:2.2.20) with InstrumentationAnalysisTransform
Transforming kotlin-build-statistics-2.2.20.jar (org.jetbrains.kotlin:kotlin-build-statistics:2.2.20) with InstrumentationAnalysisTransform
Transforming kotlin-util-klib-metadata-2.2.20.jar (org.jetbrains.kotlin:kotlin-util-klib-metadata:2.2.20) with InstrumentationAnalysisTransform
Transforming abi-tools-api-2.2.20.jar (org.jetbrains.kotlin:abi-tools-api:2.2.20) with InstrumentationAnalysisTransform
Transforming kotlin-compiler-runner-2.2.20.jar (org.jetbrains.kotlin:kotlin-compiler-runner:2.2.20) with InstrumentationAnalysisTransform
Transforming dnsjava-2.1.9.jar (dnsjava:dnsjava:2.1.9) with InstrumentationAnalysisTransform
Transforming kotlin-gradle-plugin-annotations-2.2.20.jar (org.jetbrains.kotlin:kotlin-gradle-plugin-annotations:2.2.20) with InstrumentationAnalysisTransform
Transforming kotlin-native-utils-2.2.20.jar (org.jetbrains.kotlin:kotlin-native-utils:2.2.20) with InstrumentationAnalysisTransform
Transforming kotlin-tooling-core-2.2.20.jar (org.jetbrains.kotlin:kotlin-tooling-core:2.2.20) with InstrumentationAnalysisTransform
Transforming kotlin-build-tools-api-2.2.20.jar (org.jetbrains.kotlin:kotlin-build-tools-api:2.2.20) with InstrumentationAnalysisTransform
Transforming android-test-plugin-result-listener-gradle-proto-31.10.1.jar (com.android.tools.utp:android-test-plugin-result-listener-gradle-proto:31.10.1) with InstrumentationAnalysisTransform
Transforming bundletool-1.18.0.jar (com.android.tools.build:bundletool:1.18.0) with InstrumentationAnalysisTransform
Transforming protobuf-java-util-3.25.5.jar (com.google.protobuf:protobuf-java-util:3.25.5) with InstrumentationAnalysisTransform
Transforming grpc-netty-1.69.1.jar (io.grpc:grpc-netty:1.69.1) with InstrumentationAnalysisTransform
Transforming grpc-inprocess-1.69.1.jar (io.grpc:grpc-inprocess:1.69.1) with InstrumentationAnalysisTransform
Transforming grpc-util-1.69.1.jar (io.grpc:grpc-util:1.69.1) with InstrumentationAnalysisTransform
Transforming grpc-core-1.69.1.jar (io.grpc:grpc-core:1.69.1) with InstrumentationAnalysisTransform
Transforming tink-1.7.0.jar (com.google.crypto.tink:tink:1.7.0) with InstrumentationAnalysisTransform
Transforming gson-2.11.0.jar (com.google.code.gson:gson:2.11.0) with InstrumentationAnalysisTransform
Transforming kotlin-util-klib-2.2.20.jar (org.jetbrains.kotlin:kotlin-util-klib:2.2.20) with InstrumentationAnalysisTransform
Transforming kotlin-util-io-2.2.20.jar (org.jetbrains.kotlin:kotlin-util-io:2.2.20) with InstrumentationAnalysisTransform
Transforming kotlin-daemon-client-2.2.20.jar (org.jetbrains.kotlin:kotlin-daemon-client:2.2.20) with InstrumentationAnalysisTransform
Transforming kotlinx-coroutines-core-jvm-1.8.0.jar (org.jetbrains.kotlinx:kotlinx-coroutines-core-jvm:1.8.0) with InstrumentationAnalysisTransform
Transforming aapt2-proto-8.10.1-12782657.jar (com.android.tools.build:aapt2-proto:8.10.1-12782657) with InstrumentationAnalysisTransform
Transforming crash-31.10.1.jar (com.android.tools.analytics-library:crash:31.10.1) with InstrumentationAnalysisTransform
Transforming lint-typedef-remover-31.10.1.jar (com.android.tools.lint:lint-typedef-remover:31.10.1) with InstrumentationAnalysisTransform
Transforming databinding-common-8.10.1.jar (androidx.databinding:databinding-common:8.10.1) with InstrumentationAnalysisTransform
Transforming baseLibrary-8.10.1.jar (com.android.databinding:baseLibrary:8.10.1) with InstrumentationAnalysisTransform
Transforming android-device-provider-ddmlib-proto-31.10.1.jar (com.android.tools.utp:android-device-provider-ddmlib-proto:31.10.1) with InstrumentationAnalysisTransform
Transforming android-device-provider-gradle-proto-31.10.1.jar (com.android.tools.utp:android-device-provider-gradle-proto:31.10.1) with InstrumentationAnalysisTransform
Transforming android-device-provider-profile-proto-31.10.1.jar (com.android.tools.utp:android-device-provider-profile-proto:31.10.1) with InstrumentationAnalysisTransform
Transforming android-test-plugin-host-additional-test-output-proto-31.10.1.jar (com.android.tools.utp:android-test-plugin-host-additional-test-output-proto:31.10.1) with InstrumentationAnalysisTransform
Transforming android-test-plugin-host-coverage-proto-31.10.1.jar (com.android.tools.utp:android-test-plugin-host-coverage-proto:31.10.1) with InstrumentationAnalysisTransform
Transforming android-test-plugin-host-logcat-proto-31.10.1.jar (com.android.tools.utp:android-test-plugin-host-logcat-proto:31.10.1) with InstrumentationAnalysisTransform
Transforming android-test-plugin-host-apk-installer-proto-31.10.1.jar (com.android.tools.utp:android-test-plugin-host-apk-installer-proto:31.10.1) with InstrumentationAnalysisTransform
Transforming transform-api-2.0.0-deprecated-use-gradle-api.jar (com.android.tools.build:transform-api:2.0.0-deprecated-use-gradle-api) with InstrumentationAnalysisTransform
Transforming httpmime-4.5.6.jar (org.apache.httpcomponents:httpmime:4.5.6) with InstrumentationAnalysisTransform
Transforming commons-io-2.16.1.jar (commons-io:commons-io:2.16.1) with InstrumentationAnalysisTransform
Transforming asm-commons-9.7.1.jar (org.ow2.asm:asm-commons:9.7.1) with InstrumentationAnalysisTransform
Transforming asm-util-9.7.1.jar (org.ow2.asm:asm-util:9.7.1) with InstrumentationAnalysisTransform
Transforming asm-analysis-9.7.1.jar (org.ow2.asm:asm-analysis:9.7.1) with InstrumentationAnalysisTransform
Transforming asm-tree-9.7.1.jar (org.ow2.asm:asm-tree:9.7.1) with InstrumentationAnalysisTransform
Transforming asm-9.7.1.jar (org.ow2.asm:asm:9.7.1) with InstrumentationAnalysisTransform
Transforming apkzlib-8.10.1.jar (com.android.tools.build:apkzlib:8.10.1) with InstrumentationAnalysisTransform
Transforming bcpkix-jdk18on-1.79.jar (org.bouncycastle:bcpkix-jdk18on:1.79) with InstrumentationAnalysisTransform
Transforming jaxb-runtime-2.3.2.jar (org.glassfish.jaxb:jaxb-runtime:2.3.2) with InstrumentationAnalysisTransform
Transforming jopt-simple-4.9.jar (net.sf.jopt-simple:jopt-simple:4.9) with InstrumentationAnalysisTransform
Transforming javapoet-1.10.0.jar (com.squareup:javapoet:1.10.0) with InstrumentationAnalysisTransform
Transforming grpc-protobuf-1.69.1.jar (io.grpc:grpc-protobuf:1.69.1) with InstrumentationAnalysisTransform
Transforming core-proto-0.0.9-alpha03.jar (com.google.testing.platform:core-proto:0.0.9-alpha03) with InstrumentationAnalysisTransform
Transforming protos-31.10.1.jar (com.android.tools.analytics-library:protos:31.10.1) with InstrumentationAnalysisTransform
Transforming proto-google-common-protos-2.48.0.jar (com.google.api.grpc:proto-google-common-protos:2.48.0) with InstrumentationAnalysisTransform
Transforming protobuf-java-3.25.5.jar (com.google.protobuf:protobuf-java:3.25.5) with InstrumentationAnalysisTransform
Transforming grpc-stub-1.69.1.jar (io.grpc:grpc-stub:1.69.1) with InstrumentationAnalysisTransform
Transforming tensorflow-lite-metadata-0.2.0.jar (org.tensorflow:tensorflow-lite-metadata:0.2.0) with InstrumentationAnalysisTransform
Transforming flatbuffers-java-1.12.0.jar (com.google.flatbuffers:flatbuffers-java:1.12.0) with InstrumentationAnalysisTransform
Transforming jimfs-1.1.jar (com.google.jimfs:jimfs:1.1) with InstrumentationAnalysisTransform
Transforming grpc-context-1.69.1.jar (io.grpc:grpc-context:1.69.1) with InstrumentationAnalysisTransform
Transforming grpc-protobuf-lite-1.69.1.jar (io.grpc:grpc-protobuf-lite:1.69.1) with InstrumentationAnalysisTransform
Transforming grpc-api-1.69.1.jar (io.grpc:grpc-api:1.69.1) with InstrumentationAnalysisTransform
Transforming guava-33.3.1-jre.jar (com.google.guava:guava:33.3.1-jre) with InstrumentationAnalysisTransform
Transforming error_prone_annotations-2.30.0.jar (com.google.errorprone:error_prone_annotations:2.30.0) with InstrumentationAnalysisTransform
Transforming dagger-2.28.3.jar (com.google.dagger:dagger:2.28.3) with InstrumentationAnalysisTransform
Transforming javax.inject-1.jar (javax.inject:javax.inject:1) with InstrumentationAnalysisTransform
Transforming kxml2-2.3.0.jar (net.sf.kxml:kxml2:2.3.0) with InstrumentationAnalysisTransform
Transforming commons-compress-1.21.jar (org.apache.commons:commons-compress:1.21) with InstrumentationAnalysisTransform
Transforming bcutil-jdk18on-1.79.jar (org.bouncycastle:bcutil-jdk18on:1.79) with InstrumentationAnalysisTransform
Transforming bcprov-jdk18on-1.79.jar (org.bouncycastle:bcprov-jdk18on:1.79) with InstrumentationAnalysisTransform
Transforming httpclient-4.5.14.jar (org.apache.httpcomponents:httpclient:4.5.14) with InstrumentationAnalysisTransform
Transforming httpcore-4.4.16.jar (org.apache.httpcomponents:httpcore:4.4.16) with InstrumentationAnalysisTransform
Transforming javax.activation-1.2.0.jar (com.sun.activation:javax.activation:1.2.0) with InstrumentationAnalysisTransform
Transforming signflinger-8.10.1.jar (com.android:signflinger:8.10.1) with InstrumentationAnalysisTransform
Transforming zipflinger-8.10.1.jar (com.android:zipflinger:8.10.1) with InstrumentationAnalysisTransform
Transforming annotations-31.10.1.jar (com.android.tools:annotations:31.10.1) with InstrumentationAnalysisTransform
Transforming jna-platform-5.6.0.jar (net.java.dev.jna:jna-platform:5.6.0) with InstrumentationAnalysisTransform
Transforming juniversalchardet-1.0.3.jar (com.googlecode.juniversalchardet:juniversalchardet:1.0.3) with InstrumentationAnalysisTransform
Transforming javax.annotation-api-1.3.2.jar (javax.annotation:javax.annotation-api:1.3.2) with InstrumentationAnalysisTransform
Transforming stax-ex-1.8.1.jar (org.jvnet.staxex:stax-ex:1.8.1) with InstrumentationAnalysisTransform
Transforming jakarta.xml.bind-api-2.3.2.jar (jakarta.xml.bind:jakarta.xml.bind-api:2.3.2) with InstrumentationAnalysisTransform
Transforming txw2-2.3.2.jar (org.glassfish.jaxb:txw2:2.3.2) with InstrumentationAnalysisTransform
Transforming istack-commons-runtime-3.0.8.jar (com.sun.istack:istack-commons-runtime:3.0.8) with InstrumentationAnalysisTransform
Transforming FastInfoset-1.2.16.jar (com.sun.xml.fastinfoset:FastInfoset:1.2.16) with InstrumentationAnalysisTransform
Transforming jakarta.activation-api-1.2.1.jar (jakarta.activation:jakarta.activation-api:1.2.1) with InstrumentationAnalysisTransform
Transforming auto-value-annotations-1.6.2.jar (com.google.auto.value:auto-value-annotations:1.6.2) with InstrumentationAnalysisTransform
Transforming jose4j-0.9.5.jar (org.bitbucket.b_c:jose4j:0.9.5) with InstrumentationAnalysisTransform
Transforming slf4j-api-1.7.30.jar (org.slf4j:slf4j-api:1.7.30) with InstrumentationAnalysisTransform
Transforming jdom2-2.0.6.jar (org.jdom:jdom2:2.0.6) with InstrumentationAnalysisTransform
Transforming jsr305-3.0.2.jar (com.google.code.findbugs:jsr305:3.0.2) with InstrumentationAnalysisTransform
Transforming j2objc-annotations-3.0.0.jar (com.google.j2objc:j2objc-annotations:3.0.0) with InstrumentationAnalysisTransform
Transforming annotations-4.1.1.4.jar (com.google.android:annotations:4.1.1.4) with InstrumentationAnalysisTransform
Transforming animal-sniffer-annotations-1.24.jar (org.codehaus.mojo:animal-sniffer-annotations:1.24) with InstrumentationAnalysisTransform
Transforming perfmark-api-0.27.0.jar (io.perfmark:perfmark-api:0.27.0) with InstrumentationAnalysisTransform
Transforming netty-codec-http2-4.1.110.Final.jar (io.netty:netty-codec-http2:4.1.110.Final) with InstrumentationAnalysisTransform
Transforming netty-handler-proxy-4.1.110.Final.jar (io.netty:netty-handler-proxy:4.1.110.Final) with InstrumentationAnalysisTransform
Transforming netty-codec-http-4.1.110.Final.jar (io.netty:netty-codec-http:4.1.110.Final) with InstrumentationAnalysisTransform
Transforming netty-handler-4.1.110.Final.jar (io.netty:netty-handler:4.1.110.Final) with InstrumentationAnalysisTransform
Transforming netty-transport-native-unix-common-4.1.110.Final.jar (io.netty:netty-transport-native-unix-common:4.1.110.Final) with InstrumentationAnalysisTransform
Transforming checker-qual-3.43.0.jar (org.checkerframework:checker-qual:3.43.0) with InstrumentationAnalysisTransform
Transforming apksig-8.10.1.jar (com.android.tools.build:apksig:8.10.1) with InstrumentationAnalysisTransform
Transforming javawriter-2.5.0.jar (com.squareup:javawriter:2.5.0) with InstrumentationAnalysisTransform
Transforming failureaccess-1.0.2.jar (com.google.guava:failureaccess:1.0.2) with InstrumentationAnalysisTransform
Transforming listenablefuture-9999.0-empty-to-avoid-conflict-with-guava.jar (com.google.guava:listenablefuture:9999.0-empty-to-avoid-conflict-with-guava) with InstrumentationAnalysisTransform
Transforming commons-logging-1.2.jar (commons-logging:commons-logging:1.2) with InstrumentationAnalysisTransform
Transforming commons-codec-1.11.jar (commons-codec:commons-codec:1.11) with InstrumentationAnalysisTransform
Transforming jna-5.6.0.jar (net.java.dev.jna:jna:5.6.0) with InstrumentationAnalysisTransform
Transforming netty-codec-socks-4.1.110.Final.jar (io.netty:netty-codec-socks:4.1.110.Final) with InstrumentationAnalysisTransform
Transforming netty-codec-4.1.110.Final.jar (io.netty:netty-codec:4.1.110.Final) with InstrumentationAnalysisTransform
Transforming netty-transport-4.1.110.Final.jar (io.netty:netty-transport:4.1.110.Final) with InstrumentationAnalysisTransform
Transforming netty-buffer-4.1.110.Final.jar (io.netty:netty-buffer:4.1.110.Final) with InstrumentationAnalysisTransform
Transforming netty-resolver-4.1.110.Final.jar (io.netty:netty-resolver:4.1.110.Final) with InstrumentationAnalysisTransform
Transforming netty-common-4.1.110.Final.jar (io.netty:netty-common:4.1.110.Final) with InstrumentationAnalysisTransform
Transforming main (project :build-logic:plugins) with InstrumentationAnalysisTransform
Transforming main (project :build-logic:plugins) with InstrumentationAnalysisTransform
Transforming main (project :build-logic:plugins) with InstrumentationAnalysisTransform
Transforming main (project :build-logic:tools) with InstrumentationAnalysisTransform
Transforming main (project :build-logic:tools) with InstrumentationAnalysisTransform
Transforming classes with InstrumentationAnalysisTransform
Transforming classes with MergeInstrumentationAnalysisTransform
Transforming classes with InstrumentationAnalysisTransform
Transforming classes with MergeInstrumentationAnalysisTransform
Transforming gradle-8.10.1.jar (com.android.tools.build:gradle:8.10.1) with InstrumentationAnalysisTransform
Transforming gradle-8.10.1.jar (com.android.tools.build:gradle:8.10.1) with MergeInstrumentationAnalysisTransform
Transforming gradle-settings-api-8.10.1.jar (com.android.tools.build:gradle-settings-api:8.10.1) with InstrumentationAnalysisTransform
Transforming gradle-settings-api-8.10.1.jar (com.android.tools.build:gradle-settings-api:8.10.1) with MergeInstrumentationAnalysisTransform
Transforming lint-model-31.10.1.jar (com.android.tools.lint:lint-model:31.10.1) with InstrumentationAnalysisTransform
Transforming lint-model-31.10.1.jar (com.android.tools.lint:lint-model:31.10.1) with MergeInstrumentationAnalysisTransform
Transforming builder-8.10.1.jar (com.android.tools.build:builder:8.10.1) with InstrumentationAnalysisTransform
Transforming builder-8.10.1.jar (com.android.tools.build:builder:8.10.1) with MergeInstrumentationAnalysisTransform
Transforming manifest-merger-31.10.1.jar (com.android.tools.build:manifest-merger:31.10.1) with InstrumentationAnalysisTransform
Transforming manifest-merger-31.10.1.jar (com.android.tools.build:manifest-merger:31.10.1) with MergeInstrumentationAnalysisTransform
Transforming sdk-common-31.10.1.jar (com.android.tools:sdk-common:31.10.1) with InstrumentationAnalysisTransform
Transforming sdk-common-31.10.1.jar (com.android.tools:sdk-common:31.10.1) with MergeInstrumentationAnalysisTransform
Transforming sdklib-31.10.1.jar (com.android.tools:sdklib:31.10.1) with InstrumentationAnalysisTransform
Transforming sdklib-31.10.1.jar (com.android.tools:sdklib:31.10.1) with MergeInstrumentationAnalysisTransform
Transforming repository-31.10.1.jar (com.android.tools:repository:31.10.1) with InstrumentationAnalysisTransform
Transforming repository-31.10.1.jar (com.android.tools:repository:31.10.1) with MergeInstrumentationAnalysisTransform
Transforming aaptcompiler-8.10.1.jar (com.android.tools.build:aaptcompiler:8.10.1) with InstrumentationAnalysisTransform
Transforming aaptcompiler-8.10.1.jar (com.android.tools.build:aaptcompiler:8.10.1) with MergeInstrumentationAnalysisTransform
Transforming tracker-31.10.1.jar (com.android.tools.analytics-library:tracker:31.10.1) with InstrumentationAnalysisTransform
Transforming tracker-31.10.1.jar (com.android.tools.analytics-library:tracker:31.10.1) with MergeInstrumentationAnalysisTransform
Transforming shared-31.10.1.jar (com.android.tools.analytics-library:shared:31.10.1) with InstrumentationAnalysisTransform
Transforming shared-31.10.1.jar (com.android.tools.analytics-library:shared:31.10.1) with MergeInstrumentationAnalysisTransform
Transforming databinding-compiler-common-8.10.1.jar (androidx.databinding:databinding-compiler-common:8.10.1) with InstrumentationAnalysisTransform
Transforming databinding-compiler-common-8.10.1.jar (androidx.databinding:databinding-compiler-common:8.10.1) with MergeInstrumentationAnalysisTransform
Transforming android-test-plugin-host-emulator-control-proto-31.10.1.jar (com.android.tools.utp:android-test-plugin-host-emulator-control-proto:31.10.1) with InstrumentationAnalysisTransform
Transforming android-test-plugin-host-emulator-control-proto-31.10.1.jar (com.android.tools.utp:android-test-plugin-host-emulator-control-proto:31.10.1) with MergeInstrumentationAnalysisTransform
Transforming builder-model-8.10.1.jar (com.android.tools.build:builder-model:8.10.1) with InstrumentationAnalysisTransform
Transforming builder-model-8.10.1.jar (com.android.tools.build:builder-model:8.10.1) with MergeInstrumentationAnalysisTransform
Transforming gradle-api-8.10.1.jar (com.android.tools.build:gradle-api:8.10.1) with InstrumentationAnalysisTransform
Transforming gradle-api-8.10.1.jar (com.android.tools.build:gradle-api:8.10.1) with MergeInstrumentationAnalysisTransform
Transforming builder-test-api-8.10.1.jar (com.android.tools.build:builder-test-api:8.10.1) with InstrumentationAnalysisTransform
Transforming builder-test-api-8.10.1.jar (com.android.tools.build:builder-test-api:8.10.1) with MergeInstrumentationAnalysisTransform
Transforming ddmlib-31.10.1.jar (com.android.tools.ddms:ddmlib:31.10.1) with InstrumentationAnalysisTransform
Transforming ddmlib-31.10.1.jar (com.android.tools.ddms:ddmlib:31.10.1) with MergeInstrumentationAnalysisTransform
Transforming layoutlib-api-31.10.1.jar (com.android.tools.layoutlib:layoutlib-api:31.10.1) with InstrumentationAnalysisTransform
Transforming layoutlib-api-31.10.1.jar (com.android.tools.layoutlib:layoutlib-api:31.10.1) with MergeInstrumentationAnalysisTransform
Transforming dvlib-31.10.1.jar (com.android.tools:dvlib:31.10.1) with InstrumentationAnalysisTransform
Transforming dvlib-31.10.1.jar (com.android.tools:dvlib:31.10.1) with MergeInstrumentationAnalysisTransform
Transforming common-31.10.1.jar (com.android.tools:common:31.10.1) with InstrumentationAnalysisTransform
Transforming common-31.10.1.jar (com.android.tools:common:31.10.1) with MergeInstrumentationAnalysisTransform
Transforming kotlin-stdlib-jdk8-2.1.0.jar (org.jetbrains.kotlin:kotlin-stdlib-jdk8:2.1.0) with InstrumentationAnalysisTransform
Transforming kotlin-stdlib-jdk8-2.1.0.jar (org.jetbrains.kotlin:kotlin-stdlib-jdk8:2.1.0) with MergeInstrumentationAnalysisTransform
Transforming jetifier-processor-1.0.0-beta10.jar (com.android.tools.build.jetifier:jetifier-processor:1.0.0-beta10) with InstrumentationAnalysisTransform
Transforming jetifier-processor-1.0.0-beta10.jar (com.android.tools.build.jetifier:jetifier-processor:1.0.0-beta10) with MergeInstrumentationAnalysisTransform
Transforming jetifier-core-1.0.0-beta10.jar (com.android.tools.build.jetifier:jetifier-core:1.0.0-beta10) with InstrumentationAnalysisTransform
Transforming jetifier-core-1.0.0-beta10.jar (com.android.tools.build.jetifier:jetifier-core:1.0.0-beta10) with MergeInstrumentationAnalysisTransform
Transforming kotlin-reflect-2.0.20.jar (org.jetbrains.kotlin:kotlin-reflect:2.0.20) with InstrumentationAnalysisTransform
Transforming kotlin-reflect-2.0.20.jar (org.jetbrains.kotlin:kotlin-reflect:2.0.20) with MergeInstrumentationAnalysisTransform
Transforming kotlin-stdlib-jdk7-2.1.0.jar (org.jetbrains.kotlin:kotlin-stdlib-jdk7:2.1.0) with InstrumentationAnalysisTransform
Transforming kotlin-stdlib-jdk7-2.1.0.jar (org.jetbrains.kotlin:kotlin-stdlib-jdk7:2.1.0) with MergeInstrumentationAnalysisTransform
Transforming kotlin-stdlib-2.0.20.jar (org.jetbrains.kotlin:kotlin-stdlib:2.0.20) with InstrumentationAnalysisTransform
Transforming kotlin-stdlib-2.0.20.jar (org.jetbrains.kotlin:kotlin-stdlib:2.0.20) with MergeInstrumentationAnalysisTransform
Transforming annotations-13.0.jar (org.jetbrains:annotations:13.0) with InstrumentationAnalysisTransform
Transforming annotations-13.0.jar (org.jetbrains:annotations:13.0) with MergeInstrumentationAnalysisTransform
Transforming kotlin-gradle-plugin-model-2.2.20.jar (org.jetbrains.kotlin:kotlin-gradle-plugin-model:2.2.20) with InstrumentationAnalysisTransform
Transforming kotlin-gradle-plugin-model-2.2.20.jar (org.jetbrains.kotlin:kotlin-gradle-plugin-model:2.2.20) with MergeInstrumentationAnalysisTransform
Transforming fus-statistics-gradle-plugin-2.2.20-gradle811.jar (org.jetbrains.kotlin:fus-statistics-gradle-plugin:2.2.20) with InstrumentationAnalysisTransform
Transforming fus-statistics-gradle-plugin-2.2.20-gradle811.jar (org.jetbrains.kotlin:fus-statistics-gradle-plugin:2.2.20) with MergeInstrumentationAnalysisTransform
Transforming kotlin-gradle-plugin-api-2.2.20.jar (org.jetbrains.kotlin:kotlin-gradle-plugin-api:2.2.20) with InstrumentationAnalysisTransform
Transforming kotlin-gradle-plugin-api-2.2.20.jar (org.jetbrains.kotlin:kotlin-gradle-plugin-api:2.2.20) with MergeInstrumentationAnalysisTransform
Transforming kotlin-gradle-plugin-api-2.2.20-gradle811.jar (org.jetbrains.kotlin:kotlin-gradle-plugin-api:2.2.20) with InstrumentationAnalysisTransform
Transforming kotlin-gradle-plugin-api-2.2.20-gradle811.jar (org.jetbrains.kotlin:kotlin-gradle-plugin-api:2.2.20) with MergeInstrumentationAnalysisTransform
Transforming kotlin-gradle-plugin-2.2.20-gradle811.jar (org.jetbrains.kotlin:kotlin-gradle-plugin:2.2.20) with InstrumentationAnalysisTransform
Transforming kotlin-gradle-plugin-2.2.20-gradle811.jar (org.jetbrains.kotlin:kotlin-gradle-plugin:2.2.20) with MergeInstrumentationAnalysisTransform
Transforming ktlint-gradle-12.1.1.jar (org.jlleitschuh.gradle:ktlint-gradle:12.1.1) with InstrumentationAnalysisTransform
Transforming ktlint-gradle-12.1.1.jar (org.jlleitschuh.gradle:ktlint-gradle:12.1.1) with MergeInstrumentationAnalysisTransform
Transforming kotlin-gradle-plugin-idea-proto-2.2.20.jar (org.jetbrains.kotlin:kotlin-gradle-plugin-idea-proto:2.2.20) with InstrumentationAnalysisTransform
Transforming kotlin-gradle-plugin-idea-proto-2.2.20.jar (org.jetbrains.kotlin:kotlin-gradle-plugin-idea-proto:2.2.20) with MergeInstrumentationAnalysisTransform
Transforming kotlin-gradle-plugin-idea-2.2.20.jar (org.jetbrains.kotlin:kotlin-gradle-plugin-idea:2.2.20) with InstrumentationAnalysisTransform
Transforming kotlin-gradle-plugin-idea-2.2.20.jar (org.jetbrains.kotlin:kotlin-gradle-plugin-idea:2.2.20) with MergeInstrumentationAnalysisTransform
Transforming kotlin-klib-commonizer-api-2.2.20.jar (org.jetbrains.kotlin:kotlin-klib-commonizer-api:2.2.20) with InstrumentationAnalysisTransform
Transforming kotlin-klib-commonizer-api-2.2.20.jar (org.jetbrains.kotlin:kotlin-klib-commonizer-api:2.2.20) with MergeInstrumentationAnalysisTransform
Transforming kotlin-build-statistics-2.2.20.jar (org.jetbrains.kotlin:kotlin-build-statistics:2.2.20) with InstrumentationAnalysisTransform
Transforming kotlin-build-statistics-2.2.20.jar (org.jetbrains.kotlin:kotlin-build-statistics:2.2.20) with MergeInstrumentationAnalysisTransform
Transforming kotlin-util-klib-metadata-2.2.20.jar (org.jetbrains.kotlin:kotlin-util-klib-metadata:2.2.20) with InstrumentationAnalysisTransform
Transforming kotlin-util-klib-metadata-2.2.20.jar (org.jetbrains.kotlin:kotlin-util-klib-metadata:2.2.20) with MergeInstrumentationAnalysisTransform
Transforming abi-tools-api-2.2.20.jar (org.jetbrains.kotlin:abi-tools-api:2.2.20) with InstrumentationAnalysisTransform
Transforming abi-tools-api-2.2.20.jar (org.jetbrains.kotlin:abi-tools-api:2.2.20) with MergeInstrumentationAnalysisTransform
Transforming kotlin-compiler-runner-2.2.20.jar (org.jetbrains.kotlin:kotlin-compiler-runner:2.2.20) with InstrumentationAnalysisTransform
Transforming kotlin-compiler-runner-2.2.20.jar (org.jetbrains.kotlin:kotlin-compiler-runner:2.2.20) with MergeInstrumentationAnalysisTransform
Transforming dnsjava-2.1.9.jar (dnsjava:dnsjava:2.1.9) with InstrumentationAnalysisTransform
Transforming dnsjava-2.1.9.jar (dnsjava:dnsjava:2.1.9) with MergeInstrumentationAnalysisTransform
Transforming kotlin-gradle-plugin-annotations-2.2.20.jar (org.jetbrains.kotlin:kotlin-gradle-plugin-annotations:2.2.20) with InstrumentationAnalysisTransform
Transforming kotlin-gradle-plugin-annotations-2.2.20.jar (org.jetbrains.kotlin:kotlin-gradle-plugin-annotations:2.2.20) with MergeInstrumentationAnalysisTransform
Transforming kotlin-native-utils-2.2.20.jar (org.jetbrains.kotlin:kotlin-native-utils:2.2.20) with InstrumentationAnalysisTransform
Transforming kotlin-native-utils-2.2.20.jar (org.jetbrains.kotlin:kotlin-native-utils:2.2.20) with MergeInstrumentationAnalysisTransform
Transforming kotlin-tooling-core-2.2.20.jar (org.jetbrains.kotlin:kotlin-tooling-core:2.2.20) with InstrumentationAnalysisTransform
Transforming kotlin-tooling-core-2.2.20.jar (org.jetbrains.kotlin:kotlin-tooling-core:2.2.20) with MergeInstrumentationAnalysisTransform
Transforming kotlin-build-tools-api-2.2.20.jar (org.jetbrains.kotlin:kotlin-build-tools-api:2.2.20) with InstrumentationAnalysisTransform
Transforming kotlin-build-tools-api-2.2.20.jar (org.jetbrains.kotlin:kotlin-build-tools-api:2.2.20) with MergeInstrumentationAnalysisTransform
Transforming android-test-plugin-result-listener-gradle-proto-31.10.1.jar (com.android.tools.utp:android-test-plugin-result-listener-gradle-proto:31.10.1) with InstrumentationAnalysisTransform
Transforming android-test-plugin-result-listener-gradle-proto-31.10.1.jar (com.android.tools.utp:android-test-plugin-result-listener-gradle-proto:31.10.1) with MergeInstrumentationAnalysisTransform
Transforming bundletool-1.18.0.jar (com.android.tools.build:bundletool:1.18.0) with InstrumentationAnalysisTransform
Transforming bundletool-1.18.0.jar (com.android.tools.build:bundletool:1.18.0) with MergeInstrumentationAnalysisTransform
Transforming protobuf-java-util-3.25.5.jar (com.google.protobuf:protobuf-java-util:3.25.5) with InstrumentationAnalysisTransform
Transforming protobuf-java-util-3.25.5.jar (com.google.protobuf:protobuf-java-util:3.25.5) with MergeInstrumentationAnalysisTransform
Transforming grpc-netty-1.69.1.jar (io.grpc:grpc-netty:1.69.1) with InstrumentationAnalysisTransform
Transforming grpc-netty-1.69.1.jar (io.grpc:grpc-netty:1.69.1) with MergeInstrumentationAnalysisTransform
Transforming grpc-inprocess-1.69.1.jar (io.grpc:grpc-inprocess:1.69.1) with InstrumentationAnalysisTransform
Transforming grpc-inprocess-1.69.1.jar (io.grpc:grpc-inprocess:1.69.1) with MergeInstrumentationAnalysisTransform
Transforming grpc-util-1.69.1.jar (io.grpc:grpc-util:1.69.1) with InstrumentationAnalysisTransform
Transforming grpc-util-1.69.1.jar (io.grpc:grpc-util:1.69.1) with MergeInstrumentationAnalysisTransform
Transforming grpc-core-1.69.1.jar (io.grpc:grpc-core:1.69.1) with InstrumentationAnalysisTransform
Transforming grpc-core-1.69.1.jar (io.grpc:grpc-core:1.69.1) with MergeInstrumentationAnalysisTransform
Transforming tink-1.7.0.jar (com.google.crypto.tink:tink:1.7.0) with InstrumentationAnalysisTransform
Transforming tink-1.7.0.jar (com.google.crypto.tink:tink:1.7.0) with MergeInstrumentationAnalysisTransform
Transforming gson-2.11.0.jar (com.google.code.gson:gson:2.11.0) with InstrumentationAnalysisTransform
Transforming gson-2.11.0.jar (com.google.code.gson:gson:2.11.0) with MergeInstrumentationAnalysisTransform
Transforming kotlin-util-klib-2.2.20.jar (org.jetbrains.kotlin:kotlin-util-klib:2.2.20) with InstrumentationAnalysisTransform
Transforming kotlin-util-klib-2.2.20.jar (org.jetbrains.kotlin:kotlin-util-klib:2.2.20) with MergeInstrumentationAnalysisTransform
Transforming kotlin-util-io-2.2.20.jar (org.jetbrains.kotlin:kotlin-util-io:2.2.20) with InstrumentationAnalysisTransform
Transforming kotlin-util-io-2.2.20.jar (org.jetbrains.kotlin:kotlin-util-io:2.2.20) with MergeInstrumentationAnalysisTransform
Transforming kotlin-daemon-client-2.2.20.jar (org.jetbrains.kotlin:kotlin-daemon-client:2.2.20) with InstrumentationAnalysisTransform
Transforming kotlin-daemon-client-2.2.20.jar (org.jetbrains.kotlin:kotlin-daemon-client:2.2.20) with MergeInstrumentationAnalysisTransform
Transforming kotlinx-coroutines-core-jvm-1.8.0.jar (org.jetbrains.kotlinx:kotlinx-coroutines-core-jvm:1.8.0) with InstrumentationAnalysisTransform
Transforming kotlinx-coroutines-core-jvm-1.8.0.jar (org.jetbrains.kotlinx:kotlinx-coroutines-core-jvm:1.8.0) with MergeInstrumentationAnalysisTransform
Transforming aapt2-proto-8.10.1-12782657.jar (com.android.tools.build:aapt2-proto:8.10.1-12782657) with InstrumentationAnalysisTransform
Transforming aapt2-proto-8.10.1-12782657.jar (com.android.tools.build:aapt2-proto:8.10.1-12782657) with MergeInstrumentationAnalysisTransform
Transforming crash-31.10.1.jar (com.android.tools.analytics-library:crash:31.10.1) with InstrumentationAnalysisTransform
Transforming crash-31.10.1.jar (com.android.tools.analytics-library:crash:31.10.1) with MergeInstrumentationAnalysisTransform
Transforming lint-typedef-remover-31.10.1.jar (com.android.tools.lint:lint-typedef-remover:31.10.1) with InstrumentationAnalysisTransform
Transforming lint-typedef-remover-31.10.1.jar (com.android.tools.lint:lint-typedef-remover:31.10.1) with MergeInstrumentationAnalysisTransform
Transforming databinding-common-8.10.1.jar (androidx.databinding:databinding-common:8.10.1) with InstrumentationAnalysisTransform
Transforming databinding-common-8.10.1.jar (androidx.databinding:databinding-common:8.10.1) with MergeInstrumentationAnalysisTransform
Transforming baseLibrary-8.10.1.jar (com.android.databinding:baseLibrary:8.10.1) with InstrumentationAnalysisTransform
Transforming baseLibrary-8.10.1.jar (com.android.databinding:baseLibrary:8.10.1) with MergeInstrumentationAnalysisTransform
Transforming android-device-provider-ddmlib-proto-31.10.1.jar (com.android.tools.utp:android-device-provider-ddmlib-proto:31.10.1) with InstrumentationAnalysisTransform
Transforming android-device-provider-ddmlib-proto-31.10.1.jar (com.android.tools.utp:android-device-provider-ddmlib-proto:31.10.1) with MergeInstrumentationAnalysisTransform
Transforming android-device-provider-gradle-proto-31.10.1.jar (com.android.tools.utp:android-device-provider-gradle-proto:31.10.1) with InstrumentationAnalysisTransform
Transforming android-device-provider-gradle-proto-31.10.1.jar (com.android.tools.utp:android-device-provider-gradle-proto:31.10.1) with MergeInstrumentationAnalysisTransform
Transforming android-device-provider-profile-proto-31.10.1.jar (com.android.tools.utp:android-device-provider-profile-proto:31.10.1) with InstrumentationAnalysisTransform
Transforming android-device-provider-profile-proto-31.10.1.jar (com.android.tools.utp:android-device-provider-profile-proto:31.10.1) with MergeInstrumentationAnalysisTransform
Transforming android-test-plugin-host-additional-test-output-proto-31.10.1.jar (com.android.tools.utp:android-test-plugin-host-additional-test-output-proto:31.10.1) with InstrumentationAnalysisTransform
Transforming android-test-plugin-host-additional-test-output-proto-31.10.1.jar (com.android.tools.utp:android-test-plugin-host-additional-test-output-proto:31.10.1) with MergeInstrumentationAnalysisTransform
Transforming android-test-plugin-host-coverage-proto-31.10.1.jar (com.android.tools.utp:android-test-plugin-host-coverage-proto:31.10.1) with InstrumentationAnalysisTransform
Transforming android-test-plugin-host-coverage-proto-31.10.1.jar (com.android.tools.utp:android-test-plugin-host-coverage-proto:31.10.1) with MergeInstrumentationAnalysisTransform
Transforming android-test-plugin-host-logcat-proto-31.10.1.jar (com.android.tools.utp:android-test-plugin-host-logcat-proto:31.10.1) with InstrumentationAnalysisTransform
Transforming android-test-plugin-host-logcat-proto-31.10.1.jar (com.android.tools.utp:android-test-plugin-host-logcat-proto:31.10.1) with MergeInstrumentationAnalysisTransform
Transforming android-test-plugin-host-apk-installer-proto-31.10.1.jar (com.android.tools.utp:android-test-plugin-host-apk-installer-proto:31.10.1) with InstrumentationAnalysisTransform
Transforming android-test-plugin-host-apk-installer-proto-31.10.1.jar (com.android.tools.utp:android-test-plugin-host-apk-installer-proto:31.10.1) with MergeInstrumentationAnalysisTransform
Transforming transform-api-2.0.0-deprecated-use-gradle-api.jar (com.android.tools.build:transform-api:2.0.0-deprecated-use-gradle-api) with InstrumentationAnalysisTransform
Transforming transform-api-2.0.0-deprecated-use-gradle-api.jar (com.android.tools.build:transform-api:2.0.0-deprecated-use-gradle-api) with MergeInstrumentationAnalysisTransform
Transforming httpmime-4.5.6.jar (org.apache.httpcomponents:httpmime:4.5.6) with InstrumentationAnalysisTransform
Transforming httpmime-4.5.6.jar (org.apache.httpcomponents:httpmime:4.5.6) with MergeInstrumentationAnalysisTransform
Transforming commons-io-2.16.1.jar (commons-io:commons-io:2.16.1) with InstrumentationAnalysisTransform
Transforming commons-io-2.16.1.jar (commons-io:commons-io:2.16.1) with MergeInstrumentationAnalysisTransform
Transforming asm-commons-9.7.1.jar (org.ow2.asm:asm-commons:9.7.1) with InstrumentationAnalysisTransform
Transforming asm-commons-9.7.1.jar (org.ow2.asm:asm-commons:9.7.1) with MergeInstrumentationAnalysisTransform
Transforming asm-util-9.7.1.jar (org.ow2.asm:asm-util:9.7.1) with InstrumentationAnalysisTransform
Transforming asm-util-9.7.1.jar (org.ow2.asm:asm-util:9.7.1) with MergeInstrumentationAnalysisTransform
Transforming asm-analysis-9.7.1.jar (org.ow2.asm:asm-analysis:9.7.1) with InstrumentationAnalysisTransform
Transforming asm-analysis-9.7.1.jar (org.ow2.asm:asm-analysis:9.7.1) with MergeInstrumentationAnalysisTransform
Transforming asm-tree-9.7.1.jar (org.ow2.asm:asm-tree:9.7.1) with InstrumentationAnalysisTransform
Transforming asm-tree-9.7.1.jar (org.ow2.asm:asm-tree:9.7.1) with MergeInstrumentationAnalysisTransform
Transforming asm-9.7.1.jar (org.ow2.asm:asm:9.7.1) with InstrumentationAnalysisTransform
Transforming asm-9.7.1.jar (org.ow2.asm:asm:9.7.1) with MergeInstrumentationAnalysisTransform
Transforming apkzlib-8.10.1.jar (com.android.tools.build:apkzlib:8.10.1) with InstrumentationAnalysisTransform
Transforming apkzlib-8.10.1.jar (com.android.tools.build:apkzlib:8.10.1) with MergeInstrumentationAnalysisTransform
Transforming bcpkix-jdk18on-1.79.jar (org.bouncycastle:bcpkix-jdk18on:1.79) with InstrumentationAnalysisTransform
Transforming bcpkix-jdk18on-1.79.jar (org.bouncycastle:bcpkix-jdk18on:1.79) with MergeInstrumentationAnalysisTransform
Transforming jaxb-runtime-2.3.2.jar (org.glassfish.jaxb:jaxb-runtime:2.3.2) with InstrumentationAnalysisTransform
Transforming jaxb-runtime-2.3.2.jar (org.glassfish.jaxb:jaxb-runtime:2.3.2) with MergeInstrumentationAnalysisTransform
Transforming jopt-simple-4.9.jar (net.sf.jopt-simple:jopt-simple:4.9) with InstrumentationAnalysisTransform
Transforming jopt-simple-4.9.jar (net.sf.jopt-simple:jopt-simple:4.9) with MergeInstrumentationAnalysisTransform
Transforming javapoet-1.10.0.jar (com.squareup:javapoet:1.10.0) with InstrumentationAnalysisTransform
Transforming javapoet-1.10.0.jar (com.squareup:javapoet:1.10.0) with MergeInstrumentationAnalysisTransform
Transforming grpc-protobuf-1.69.1.jar (io.grpc:grpc-protobuf:1.69.1) with InstrumentationAnalysisTransform
Transforming grpc-protobuf-1.69.1.jar (io.grpc:grpc-protobuf:1.69.1) with MergeInstrumentationAnalysisTransform
Transforming core-proto-0.0.9-alpha03.jar (com.google.testing.platform:core-proto:0.0.9-alpha03) with InstrumentationAnalysisTransform
Transforming core-proto-0.0.9-alpha03.jar (com.google.testing.platform:core-proto:0.0.9-alpha03) with MergeInstrumentationAnalysisTransform
Transforming protos-31.10.1.jar (com.android.tools.analytics-library:protos:31.10.1) with InstrumentationAnalysisTransform
Transforming protos-31.10.1.jar (com.android.tools.analytics-library:protos:31.10.1) with MergeInstrumentationAnalysisTransform
Transforming proto-google-common-protos-2.48.0.jar (com.google.api.grpc:proto-google-common-protos:2.48.0) with InstrumentationAnalysisTransform
Transforming proto-google-common-protos-2.48.0.jar (com.google.api.grpc:proto-google-common-protos:2.48.0) with MergeInstrumentationAnalysisTransform
Transforming protobuf-java-3.25.5.jar (com.google.protobuf:protobuf-java:3.25.5) with InstrumentationAnalysisTransform
Transforming protobuf-java-3.25.5.jar (com.google.protobuf:protobuf-java:3.25.5) with MergeInstrumentationAnalysisTransform
Transforming grpc-stub-1.69.1.jar (io.grpc:grpc-stub:1.69.1) with InstrumentationAnalysisTransform
Transforming grpc-stub-1.69.1.jar (io.grpc:grpc-stub:1.69.1) with MergeInstrumentationAnalysisTransform
Transforming tensorflow-lite-metadata-0.2.0.jar (org.tensorflow:tensorflow-lite-metadata:0.2.0) with InstrumentationAnalysisTransform
Transforming tensorflow-lite-metadata-0.2.0.jar (org.tensorflow:tensorflow-lite-metadata:0.2.0) with MergeInstrumentationAnalysisTransform
Transforming flatbuffers-java-1.12.0.jar (com.google.flatbuffers:flatbuffers-java:1.12.0) with InstrumentationAnalysisTransform
Transforming flatbuffers-java-1.12.0.jar (com.google.flatbuffers:flatbuffers-java:1.12.0) with MergeInstrumentationAnalysisTransform
Transforming jimfs-1.1.jar (com.google.jimfs:jimfs:1.1) with InstrumentationAnalysisTransform
Transforming jimfs-1.1.jar (com.google.jimfs:jimfs:1.1) with MergeInstrumentationAnalysisTransform
Transforming grpc-context-1.69.1.jar (io.grpc:grpc-context:1.69.1) with InstrumentationAnalysisTransform
Transforming grpc-context-1.69.1.jar (io.grpc:grpc-context:1.69.1) with MergeInstrumentationAnalysisTransform
Transforming grpc-protobuf-lite-1.69.1.jar (io.grpc:grpc-protobuf-lite:1.69.1) with InstrumentationAnalysisTransform
Transforming grpc-protobuf-lite-1.69.1.jar (io.grpc:grpc-protobuf-lite:1.69.1) with MergeInstrumentationAnalysisTransform
Transforming grpc-api-1.69.1.jar (io.grpc:grpc-api:1.69.1) with InstrumentationAnalysisTransform
Transforming grpc-api-1.69.1.jar (io.grpc:grpc-api:1.69.1) with MergeInstrumentationAnalysisTransform
Transforming guava-33.3.1-jre.jar (com.google.guava:guava:33.3.1-jre) with InstrumentationAnalysisTransform
Transforming guava-33.3.1-jre.jar (com.google.guava:guava:33.3.1-jre) with MergeInstrumentationAnalysisTransform
Transforming error_prone_annotations-2.30.0.jar (com.google.errorprone:error_prone_annotations:2.30.0) with InstrumentationAnalysisTransform
Transforming error_prone_annotations-2.30.0.jar (com.google.errorprone:error_prone_annotations:2.30.0) with MergeInstrumentationAnalysisTransform
Transforming dagger-2.28.3.jar (com.google.dagger:dagger:2.28.3) with InstrumentationAnalysisTransform
Transforming dagger-2.28.3.jar (com.google.dagger:dagger:2.28.3) with MergeInstrumentationAnalysisTransform
Transforming javax.inject-1.jar (javax.inject:javax.inject:1) with InstrumentationAnalysisTransform
Transforming javax.inject-1.jar (javax.inject:javax.inject:1) with MergeInstrumentationAnalysisTransform
Transforming kxml2-2.3.0.jar (net.sf.kxml:kxml2:2.3.0) with InstrumentationAnalysisTransform
Transforming kxml2-2.3.0.jar (net.sf.kxml:kxml2:2.3.0) with MergeInstrumentationAnalysisTransform
Transforming commons-compress-1.21.jar (org.apache.commons:commons-compress:1.21) with InstrumentationAnalysisTransform
Transforming commons-compress-1.21.jar (org.apache.commons:commons-compress:1.21) with MergeInstrumentationAnalysisTransform
Transforming bcutil-jdk18on-1.79.jar (org.bouncycastle:bcutil-jdk18on:1.79) with InstrumentationAnalysisTransform
Transforming bcutil-jdk18on-1.79.jar (org.bouncycastle:bcutil-jdk18on:1.79) with MergeInstrumentationAnalysisTransform
Transforming bcprov-jdk18on-1.79.jar (org.bouncycastle:bcprov-jdk18on:1.79) with InstrumentationAnalysisTransform
Transforming bcprov-jdk18on-1.79.jar (org.bouncycastle:bcprov-jdk18on:1.79) with MergeInstrumentationAnalysisTransform
Transforming httpclient-4.5.14.jar (org.apache.httpcomponents:httpclient:4.5.14) with InstrumentationAnalysisTransform
Transforming httpclient-4.5.14.jar (org.apache.httpcomponents:httpclient:4.5.14) with MergeInstrumentationAnalysisTransform
Transforming httpcore-4.4.16.jar (org.apache.httpcomponents:httpcore:4.4.16) with InstrumentationAnalysisTransform
Transforming httpcore-4.4.16.jar (org.apache.httpcomponents:httpcore:4.4.16) with MergeInstrumentationAnalysisTransform
Transforming javax.activation-1.2.0.jar (com.sun.activation:javax.activation:1.2.0) with InstrumentationAnalysisTransform
Transforming javax.activation-1.2.0.jar (com.sun.activation:javax.activation:1.2.0) with MergeInstrumentationAnalysisTransform
Transforming signflinger-8.10.1.jar (com.android:signflinger:8.10.1) with InstrumentationAnalysisTransform
Transforming signflinger-8.10.1.jar (com.android:signflinger:8.10.1) with MergeInstrumentationAnalysisTransform
Transforming zipflinger-8.10.1.jar (com.android:zipflinger:8.10.1) with InstrumentationAnalysisTransform
Transforming zipflinger-8.10.1.jar (com.android:zipflinger:8.10.1) with MergeInstrumentationAnalysisTransform
Transforming annotations-31.10.1.jar (com.android.tools:annotations:31.10.1) with InstrumentationAnalysisTransform
Transforming annotations-31.10.1.jar (com.android.tools:annotations:31.10.1) with MergeInstrumentationAnalysisTransform
Transforming jna-platform-5.6.0.jar (net.java.dev.jna:jna-platform:5.6.0) with InstrumentationAnalysisTransform
Transforming jna-platform-5.6.0.jar (net.java.dev.jna:jna-platform:5.6.0) with MergeInstrumentationAnalysisTransform
Transforming juniversalchardet-1.0.3.jar (com.googlecode.juniversalchardet:juniversalchardet:1.0.3) with InstrumentationAnalysisTransform
Transforming juniversalchardet-1.0.3.jar (com.googlecode.juniversalchardet:juniversalchardet:1.0.3) with MergeInstrumentationAnalysisTransform
Transforming javax.annotation-api-1.3.2.jar (javax.annotation:javax.annotation-api:1.3.2) with InstrumentationAnalysisTransform
Transforming javax.annotation-api-1.3.2.jar (javax.annotation:javax.annotation-api:1.3.2) with MergeInstrumentationAnalysisTransform
Transforming stax-ex-1.8.1.jar (org.jvnet.staxex:stax-ex:1.8.1) with InstrumentationAnalysisTransform
Transforming stax-ex-1.8.1.jar (org.jvnet.staxex:stax-ex:1.8.1) with MergeInstrumentationAnalysisTransform
Transforming jakarta.xml.bind-api-2.3.2.jar (jakarta.xml.bind:jakarta.xml.bind-api:2.3.2) with InstrumentationAnalysisTransform
Transforming jakarta.xml.bind-api-2.3.2.jar (jakarta.xml.bind:jakarta.xml.bind-api:2.3.2) with MergeInstrumentationAnalysisTransform
Transforming txw2-2.3.2.jar (org.glassfish.jaxb:txw2:2.3.2) with InstrumentationAnalysisTransform
Transforming txw2-2.3.2.jar (org.glassfish.jaxb:txw2:2.3.2) with MergeInstrumentationAnalysisTransform
Transforming istack-commons-runtime-3.0.8.jar (com.sun.istack:istack-commons-runtime:3.0.8) with InstrumentationAnalysisTransform
Transforming istack-commons-runtime-3.0.8.jar (com.sun.istack:istack-commons-runtime:3.0.8) with MergeInstrumentationAnalysisTransform
Transforming FastInfoset-1.2.16.jar (com.sun.xml.fastinfoset:FastInfoset:1.2.16) with InstrumentationAnalysisTransform
Transforming FastInfoset-1.2.16.jar (com.sun.xml.fastinfoset:FastInfoset:1.2.16) with MergeInstrumentationAnalysisTransform
Transforming jakarta.activation-api-1.2.1.jar (jakarta.activation:jakarta.activation-api:1.2.1) with InstrumentationAnalysisTransform
Transforming jakarta.activation-api-1.2.1.jar (jakarta.activation:jakarta.activation-api:1.2.1) with MergeInstrumentationAnalysisTransform
Transforming auto-value-annotations-1.6.2.jar (com.google.auto.value:auto-value-annotations:1.6.2) with InstrumentationAnalysisTransform
Transforming auto-value-annotations-1.6.2.jar (com.google.auto.value:auto-value-annotations:1.6.2) with MergeInstrumentationAnalysisTransform
Transforming jose4j-0.9.5.jar (org.bitbucket.b_c:jose4j:0.9.5) with InstrumentationAnalysisTransform
Transforming jose4j-0.9.5.jar (org.bitbucket.b_c:jose4j:0.9.5) with MergeInstrumentationAnalysisTransform
Transforming slf4j-api-1.7.30.jar (org.slf4j:slf4j-api:1.7.30) with InstrumentationAnalysisTransform
Transforming slf4j-api-1.7.30.jar (org.slf4j:slf4j-api:1.7.30) with MergeInstrumentationAnalysisTransform
Transforming jdom2-2.0.6.jar (org.jdom:jdom2:2.0.6) with InstrumentationAnalysisTransform
Transforming jdom2-2.0.6.jar (org.jdom:jdom2:2.0.6) with MergeInstrumentationAnalysisTransform
Transforming jsr305-3.0.2.jar (com.google.code.findbugs:jsr305:3.0.2) with InstrumentationAnalysisTransform
Transforming jsr305-3.0.2.jar (com.google.code.findbugs:jsr305:3.0.2) with MergeInstrumentationAnalysisTransform
Transforming j2objc-annotations-3.0.0.jar (com.google.j2objc:j2objc-annotations:3.0.0) with InstrumentationAnalysisTransform
Transforming j2objc-annotations-3.0.0.jar (com.google.j2objc:j2objc-annotations:3.0.0) with MergeInstrumentationAnalysisTransform
Transforming annotations-4.1.1.4.jar (com.google.android:annotations:4.1.1.4) with InstrumentationAnalysisTransform
Transforming annotations-4.1.1.4.jar (com.google.android:annotations:4.1.1.4) with MergeInstrumentationAnalysisTransform
Transforming animal-sniffer-annotations-1.24.jar (org.codehaus.mojo:animal-sniffer-annotations:1.24) with InstrumentationAnalysisTransform
Transforming animal-sniffer-annotations-1.24.jar (org.codehaus.mojo:animal-sniffer-annotations:1.24) with MergeInstrumentationAnalysisTransform
Transforming perfmark-api-0.27.0.jar (io.perfmark:perfmark-api:0.27.0) with InstrumentationAnalysisTransform
Transforming perfmark-api-0.27.0.jar (io.perfmark:perfmark-api:0.27.0) with MergeInstrumentationAnalysisTransform
Transforming netty-codec-http2-4.1.110.Final.jar (io.netty:netty-codec-http2:4.1.110.Final) with InstrumentationAnalysisTransform
Transforming netty-codec-http2-4.1.110.Final.jar (io.netty:netty-codec-http2:4.1.110.Final) with MergeInstrumentationAnalysisTransform
Transforming netty-handler-proxy-4.1.110.Final.jar (io.netty:netty-handler-proxy:4.1.110.Final) with InstrumentationAnalysisTransform
Transforming netty-handler-proxy-4.1.110.Final.jar (io.netty:netty-handler-proxy:4.1.110.Final) with MergeInstrumentationAnalysisTransform
Transforming netty-codec-http-4.1.110.Final.jar (io.netty:netty-codec-http:4.1.110.Final) with InstrumentationAnalysisTransform
Transforming netty-codec-http-4.1.110.Final.jar (io.netty:netty-codec-http:4.1.110.Final) with MergeInstrumentationAnalysisTransform
Transforming netty-handler-4.1.110.Final.jar (io.netty:netty-handler:4.1.110.Final) with InstrumentationAnalysisTransform
Transforming netty-handler-4.1.110.Final.jar (io.netty:netty-handler:4.1.110.Final) with MergeInstrumentationAnalysisTransform
Transforming netty-transport-native-unix-common-4.1.110.Final.jar (io.netty:netty-transport-native-unix-common:4.1.110.Final) with InstrumentationAnalysisTransform
Transforming netty-transport-native-unix-common-4.1.110.Final.jar (io.netty:netty-transport-native-unix-common:4.1.110.Final) with MergeInstrumentationAnalysisTransform
Transforming classes with ExternalDependencyInstrumentingArtifactTransform
Transforming checker-qual-3.43.0.jar (org.checkerframework:checker-qual:3.43.0) with InstrumentationAnalysisTransform
Transforming checker-qual-3.43.0.jar (org.checkerframework:checker-qual:3.43.0) with MergeInstrumentationAnalysisTransform
Transforming apksig-8.10.1.jar (com.android.tools.build:apksig:8.10.1) with InstrumentationAnalysisTransform
Transforming apksig-8.10.1.jar (com.android.tools.build:apksig:8.10.1) with MergeInstrumentationAnalysisTransform
Transforming javawriter-2.5.0.jar (com.squareup:javawriter:2.5.0) with InstrumentationAnalysisTransform
Transforming javawriter-2.5.0.jar (com.squareup:javawriter:2.5.0) with MergeInstrumentationAnalysisTransform
Transforming failureaccess-1.0.2.jar (com.google.guava:failureaccess:1.0.2) with InstrumentationAnalysisTransform
Transforming failureaccess-1.0.2.jar (com.google.guava:failureaccess:1.0.2) with MergeInstrumentationAnalysisTransform
Transforming listenablefuture-9999.0-empty-to-avoid-conflict-with-guava.jar (com.google.guava:listenablefuture:9999.0-empty-to-avoid-conflict-with-guava) with InstrumentationAnalysisTransform
Transforming listenablefuture-9999.0-empty-to-avoid-conflict-with-guava.jar (com.google.guava:listenablefuture:9999.0-empty-to-avoid-conflict-with-guava) with MergeInstrumentationAnalysisTransform
Transforming commons-logging-1.2.jar (commons-logging:commons-logging:1.2) with InstrumentationAnalysisTransform
Transforming commons-logging-1.2.jar (commons-logging:commons-logging:1.2) with MergeInstrumentationAnalysisTransform
Transforming commons-codec-1.11.jar (commons-codec:commons-codec:1.11) with InstrumentationAnalysisTransform
Transforming commons-codec-1.11.jar (commons-codec:commons-codec:1.11) with MergeInstrumentationAnalysisTransform
Transforming jna-5.6.0.jar (net.java.dev.jna:jna:5.6.0) with InstrumentationAnalysisTransform
Transforming jna-5.6.0.jar (net.java.dev.jna:jna:5.6.0) with MergeInstrumentationAnalysisTransform
Transforming netty-codec-socks-4.1.110.Final.jar (io.netty:netty-codec-socks:4.1.110.Final) with InstrumentationAnalysisTransform
Transforming netty-codec-socks-4.1.110.Final.jar (io.netty:netty-codec-socks:4.1.110.Final) with MergeInstrumentationAnalysisTransform
Transforming netty-codec-4.1.110.Final.jar (io.netty:netty-codec:4.1.110.Final) with InstrumentationAnalysisTransform
Transforming netty-codec-4.1.110.Final.jar (io.netty:netty-codec:4.1.110.Final) with MergeInstrumentationAnalysisTransform
Transforming sdk-common-31.10.1.jar (com.android.tools:sdk-common:31.10.1) with ExternalDependencyInstrumentingArtifactTransform
Transforming netty-transport-4.1.110.Final.jar (io.netty:netty-transport:4.1.110.Final) with InstrumentationAnalysisTransform
Transforming netty-transport-4.1.110.Final.jar (io.netty:netty-transport:4.1.110.Final) with MergeInstrumentationAnalysisTransform
Transforming netty-buffer-4.1.110.Final.jar (io.netty:netty-buffer:4.1.110.Final) with InstrumentationAnalysisTransform
Transforming netty-buffer-4.1.110.Final.jar (io.netty:netty-buffer:4.1.110.Final) with MergeInstrumentationAnalysisTransform
Transforming netty-resolver-4.1.110.Final.jar (io.netty:netty-resolver:4.1.110.Final) with InstrumentationAnalysisTransform
Transforming netty-resolver-4.1.110.Final.jar (io.netty:netty-resolver:4.1.110.Final) with MergeInstrumentationAnalysisTransform
Transforming netty-common-4.1.110.Final.jar (io.netty:netty-common:4.1.110.Final) with InstrumentationAnalysisTransform
Transforming netty-common-4.1.110.Final.jar (io.netty:netty-common:4.1.110.Final) with MergeInstrumentationAnalysisTransform
Transforming gradle-8.10.1.jar (com.android.tools.build:gradle:8.10.1) with ExternalDependencyInstrumentingArtifactTransform
Transforming builder-8.10.1.jar (com.android.tools.build:builder:8.10.1) with ExternalDependencyInstrumentingArtifactTransform
Transforming lint-model-31.10.1.jar (com.android.tools.lint:lint-model:31.10.1) with ExternalDependencyInstrumentingArtifactTransform
Transforming aaptcompiler-8.10.1.jar (com.android.tools.build:aaptcompiler:8.10.1) with ExternalDependencyInstrumentingArtifactTransform
Transforming gradle-settings-api-8.10.1.jar (com.android.tools.build:gradle-settings-api:8.10.1) with ExternalDependencyInstrumentingArtifactTransform
Transforming manifest-merger-31.10.1.jar (com.android.tools.build:manifest-merger:31.10.1) with ExternalDependencyInstrumentingArtifactTransform
Transforming repository-31.10.1.jar (com.android.tools:repository:31.10.1) with ExternalDependencyInstrumentingArtifactTransform
Transforming sdklib-31.10.1.jar (com.android.tools:sdklib:31.10.1) with ExternalDependencyInstrumentingArtifactTransform
Transforming classes with ExternalDependencyInstrumentingArtifactTransform
Transforming tracker-31.10.1.jar (com.android.tools.analytics-library:tracker:31.10.1) with ExternalDependencyInstrumentingArtifactTransform
Transforming databinding-compiler-common-8.10.1.jar (androidx.databinding:databinding-compiler-common:8.10.1) with ExternalDependencyInstrumentingArtifactTransform
Transforming android-test-plugin-host-emulator-control-proto-31.10.1.jar (com.android.tools.utp:android-test-plugin-host-emulator-control-proto:31.10.1) with ExternalDependencyInstrumentingArtifactTransform
Transforming gradle-api-8.10.1.jar (com.android.tools.build:gradle-api:8.10.1) with ExternalDependencyInstrumentingArtifactTransform
Transforming dvlib-31.10.1.jar (com.android.tools:dvlib:31.10.1) with ExternalDependencyInstrumentingArtifactTransform
Transforming layoutlib-api-31.10.1.jar (com.android.tools.layoutlib:layoutlib-api:31.10.1) with ExternalDependencyInstrumentingArtifactTransform
Transforming builder-model-8.10.1.jar (com.android.tools.build:builder-model:8.10.1) with ExternalDependencyInstrumentingArtifactTransform
Transforming shared-31.10.1.jar (com.android.tools.analytics-library:shared:31.10.1) with ExternalDependencyInstrumentingArtifactTransform
Transforming builder-test-api-8.10.1.jar (com.android.tools.build:builder-test-api:8.10.1) with ExternalDependencyInstrumentingArtifactTransform
Transforming ddmlib-31.10.1.jar (com.android.tools.ddms:ddmlib:31.10.1) with ExternalDependencyInstrumentingArtifactTransform
Transforming common-31.10.1.jar (com.android.tools:common:31.10.1) with ExternalDependencyInstrumentingArtifactTransform
Transforming kotlin-gradle-plugin-model-2.2.20.jar (org.jetbrains.kotlin:kotlin-gradle-plugin-model:2.2.20) with ExternalDependencyInstrumentingArtifactTransform
Transforming kotlin-stdlib-jdk8-2.1.0.jar (org.jetbrains.kotlin:kotlin-stdlib-jdk8:2.1.0) with ExternalDependencyInstrumentingArtifactTransform
Transforming kotlin-reflect-2.0.20.jar (org.jetbrains.kotlin:kotlin-reflect:2.0.20) with ExternalDependencyInstrumentingArtifactTransform
Transforming kotlin-stdlib-jdk7-2.1.0.jar (org.jetbrains.kotlin:kotlin-stdlib-jdk7:2.1.0) with ExternalDependencyInstrumentingArtifactTransform
Transforming jetifier-core-1.0.0-beta10.jar (com.android.tools.build.jetifier:jetifier-core:1.0.0-beta10) with ExternalDependencyInstrumentingArtifactTransform
Transforming kotlin-stdlib-2.0.20.jar (org.jetbrains.kotlin:kotlin-stdlib:2.0.20) with ExternalDependencyInstrumentingArtifactTransform
Transforming jetifier-processor-1.0.0-beta10.jar (com.android.tools.build.jetifier:jetifier-processor:1.0.0-beta10) with ExternalDependencyInstrumentingArtifactTransform
Transforming fus-statistics-gradle-plugin-2.2.20-gradle811.jar (org.jetbrains.kotlin:fus-statistics-gradle-plugin:2.2.20) with ExternalDependencyInstrumentingArtifactTransform
Transforming annotations-13.0.jar (org.jetbrains:annotations:13.0) with ExternalDependencyInstrumentingArtifactTransform
Transforming kotlin-gradle-plugin-api-2.2.20.jar (org.jetbrains.kotlin:kotlin-gradle-plugin-api:2.2.20) with ExternalDependencyInstrumentingArtifactTransform
Transforming ktlint-gradle-12.1.1.jar (org.jlleitschuh.gradle:ktlint-gradle:12.1.1) with ExternalDependencyInstrumentingArtifactTransform
Transforming kotlin-gradle-plugin-idea-proto-2.2.20.jar (org.jetbrains.kotlin:kotlin-gradle-plugin-idea-proto:2.2.20) with ExternalDependencyInstrumentingArtifactTransform
Transforming kotlin-klib-commonizer-api-2.2.20.jar (org.jetbrains.kotlin:kotlin-klib-commonizer-api:2.2.20) with ExternalDependencyInstrumentingArtifactTransform
Transforming kotlin-gradle-plugin-api-2.2.20-gradle811.jar (org.jetbrains.kotlin:kotlin-gradle-plugin-api:2.2.20) with ExternalDependencyInstrumentingArtifactTransform
Transforming kotlin-build-statistics-2.2.20.jar (org.jetbrains.kotlin:kotlin-build-statistics:2.2.20) with ExternalDependencyInstrumentingArtifactTransform
Transforming kotlin-util-klib-metadata-2.2.20.jar (org.jetbrains.kotlin:kotlin-util-klib-metadata:2.2.20) with ExternalDependencyInstrumentingArtifactTransform
Transforming kotlin-gradle-plugin-2.2.20-gradle811.jar (org.jetbrains.kotlin:kotlin-gradle-plugin:2.2.20) with ExternalDependencyInstrumentingArtifactTransform
Transforming abi-tools-api-2.2.20.jar (org.jetbrains.kotlin:abi-tools-api:2.2.20) with ExternalDependencyInstrumentingArtifactTransform
Transforming kotlin-gradle-plugin-idea-2.2.20.jar (org.jetbrains.kotlin:kotlin-gradle-plugin-idea:2.2.20) with ExternalDependencyInstrumentingArtifactTransform
Transforming kotlin-gradle-plugin-annotations-2.2.20.jar (org.jetbrains.kotlin:kotlin-gradle-plugin-annotations:2.2.20) with ExternalDependencyInstrumentingArtifactTransform
Transforming kotlin-compiler-runner-2.2.20.jar (org.jetbrains.kotlin:kotlin-compiler-runner:2.2.20) with ExternalDependencyInstrumentingArtifactTransform
Transforming dnsjava-2.1.9.jar (dnsjava:dnsjava:2.1.9) with ExternalDependencyInstrumentingArtifactTransform
Transforming kotlin-tooling-core-2.2.20.jar (org.jetbrains.kotlin:kotlin-tooling-core:2.2.20) with ExternalDependencyInstrumentingArtifactTransform
Transforming android-test-plugin-result-listener-gradle-proto-31.10.1.jar (com.android.tools.utp:android-test-plugin-result-listener-gradle-proto:31.10.1) with ExternalDependencyInstrumentingArtifactTransform
Transforming kotlin-build-tools-api-2.2.20.jar (org.jetbrains.kotlin:kotlin-build-tools-api:2.2.20) with ExternalDependencyInstrumentingArtifactTransform
Transforming kotlin-native-utils-2.2.20.jar (org.jetbrains.kotlin:kotlin-native-utils:2.2.20) with ExternalDependencyInstrumentingArtifactTransform
Transforming bundletool-1.18.0.jar (com.android.tools.build:bundletool:1.18.0) with ExternalDependencyInstrumentingArtifactTransform
Transforming protobuf-java-util-3.25.5.jar (com.google.protobuf:protobuf-java-util:3.25.5) with ExternalDependencyInstrumentingArtifactTransform
Transforming grpc-inprocess-1.69.1.jar (io.grpc:grpc-inprocess:1.69.1) with ExternalDependencyInstrumentingArtifactTransform
Transforming grpc-netty-1.69.1.jar (io.grpc:grpc-netty:1.69.1) with ExternalDependencyInstrumentingArtifactTransform
Transforming grpc-util-1.69.1.jar (io.grpc:grpc-util:1.69.1) with ExternalDependencyInstrumentingArtifactTransform
Transforming gson-2.11.0.jar (com.google.code.gson:gson:2.11.0) with ExternalDependencyInstrumentingArtifactTransform
Transforming tink-1.7.0.jar (com.google.crypto.tink:tink:1.7.0) with ExternalDependencyInstrumentingArtifactTransform
Transforming grpc-core-1.69.1.jar (io.grpc:grpc-core:1.69.1) with ExternalDependencyInstrumentingArtifactTransform
Transforming kotlin-util-klib-2.2.20.jar (org.jetbrains.kotlin:kotlin-util-klib:2.2.20) with ExternalDependencyInstrumentingArtifactTransform
Transforming kotlin-util-io-2.2.20.jar (org.jetbrains.kotlin:kotlin-util-io:2.2.20) with ExternalDependencyInstrumentingArtifactTransform
Transforming kotlin-daemon-client-2.2.20.jar (org.jetbrains.kotlin:kotlin-daemon-client:2.2.20) with ExternalDependencyInstrumentingArtifactTransform
Transforming aapt2-proto-8.10.1-12782657.jar (com.android.tools.build:aapt2-proto:8.10.1-12782657) with ExternalDependencyInstrumentingArtifactTransform
Transforming kotlinx-coroutines-core-jvm-1.8.0.jar (org.jetbrains.kotlinx:kotlinx-coroutines-core-jvm:1.8.0) with ExternalDependencyInstrumentingArtifactTransform
Transforming lint-typedef-remover-31.10.1.jar (com.android.tools.lint:lint-typedef-remover:31.10.1) with ExternalDependencyInstrumentingArtifactTransform
Transforming databinding-common-8.10.1.jar (androidx.databinding:databinding-common:8.10.1) with ExternalDependencyInstrumentingArtifactTransform
Transforming android-device-provider-ddmlib-proto-31.10.1.jar (com.android.tools.utp:android-device-provider-ddmlib-proto:31.10.1) with ExternalDependencyInstrumentingArtifactTransform
Transforming baseLibrary-8.10.1.jar (com.android.databinding:baseLibrary:8.10.1) with ExternalDependencyInstrumentingArtifactTransform
Transforming android-device-provider-gradle-proto-31.10.1.jar (com.android.tools.utp:android-device-provider-gradle-proto:31.10.1) with ExternalDependencyInstrumentingArtifactTransform
Transforming android-test-plugin-host-coverage-proto-31.10.1.jar (com.android.tools.utp:android-test-plugin-host-coverage-proto:31.10.1) with ExternalDependencyInstrumentingArtifactTransform
Transforming android-device-provider-profile-proto-31.10.1.jar (com.android.tools.utp:android-device-provider-profile-proto:31.10.1) with ExternalDependencyInstrumentingArtifactTransform
Transforming android-test-plugin-host-additional-test-output-proto-31.10.1.jar (com.android.tools.utp:android-test-plugin-host-additional-test-output-proto:31.10.1) with ExternalDependencyInstrumentingArtifactTransform
Transforming android-test-plugin-host-logcat-proto-31.10.1.jar (com.android.tools.utp:android-test-plugin-host-logcat-proto:31.10.1) with ExternalDependencyInstrumentingArtifactTransform
Transforming transform-api-2.0.0-deprecated-use-gradle-api.jar (com.android.tools.build:transform-api:2.0.0-deprecated-use-gradle-api) with ExternalDependencyInstrumentingArtifactTransform
Transforming android-test-plugin-host-apk-installer-proto-31.10.1.jar (com.android.tools.utp:android-test-plugin-host-apk-installer-proto:31.10.1) with ExternalDependencyInstrumentingArtifactTransform
Transforming commons-io-2.16.1.jar (commons-io:commons-io:2.16.1) with ExternalDependencyInstrumentingArtifactTransform
Transforming httpmime-4.5.6.jar (org.apache.httpcomponents:httpmime:4.5.6) with ExternalDependencyInstrumentingArtifactTransform
Transforming asm-commons-9.7.1.jar (org.ow2.asm:asm-commons:9.7.1) with ExternalDependencyInstrumentingArtifactTransform
Transforming asm-util-9.7.1.jar (org.ow2.asm:asm-util:9.7.1) with ExternalDependencyInstrumentingArtifactTransform
Transforming asm-tree-9.7.1.jar (org.ow2.asm:asm-tree:9.7.1) with ExternalDependencyInstrumentingArtifactTransform
Transforming asm-9.7.1.jar (org.ow2.asm:asm:9.7.1) with ExternalDependencyInstrumentingArtifactTransform
Transforming bcpkix-jdk18on-1.79.jar (org.bouncycastle:bcpkix-jdk18on:1.79) with ExternalDependencyInstrumentingArtifactTransform
Transforming apkzlib-8.10.1.jar (com.android.tools.build:apkzlib:8.10.1) with ExternalDependencyInstrumentingArtifactTransform
Transforming jaxb-runtime-2.3.2.jar (org.glassfish.jaxb:jaxb-runtime:2.3.2) with ExternalDependencyInstrumentingArtifactTransform
Transforming jopt-simple-4.9.jar (net.sf.jopt-simple:jopt-simple:4.9) with ExternalDependencyInstrumentingArtifactTransform
Transforming javapoet-1.10.0.jar (com.squareup:javapoet:1.10.0) with ExternalDependencyInstrumentingArtifactTransform
Transforming core-proto-0.0.9-alpha03.jar (com.google.testing.platform:core-proto:0.0.9-alpha03) with ExternalDependencyInstrumentingArtifactTransform
Transforming tensorflow-lite-metadata-0.2.0.jar (org.tensorflow:tensorflow-lite-metadata:0.2.0) with ExternalDependencyInstrumentingArtifactTransform
Transforming protos-31.10.1.jar (com.android.tools.analytics-library:protos:31.10.1) with ExternalDependencyInstrumentingArtifactTransform
Transforming protobuf-java-3.25.5.jar (com.google.protobuf:protobuf-java:3.25.5) with ExternalDependencyInstrumentingArtifactTransform
Transforming grpc-stub-1.69.1.jar (io.grpc:grpc-stub:1.69.1) with ExternalDependencyInstrumentingArtifactTransform
Transforming grpc-protobuf-1.69.1.jar (io.grpc:grpc-protobuf:1.69.1) with ExternalDependencyInstrumentingArtifactTransform
Transforming grpc-context-1.69.1.jar (io.grpc:grpc-context:1.69.1) with ExternalDependencyInstrumentingArtifactTransform
Transforming grpc-api-1.69.1.jar (io.grpc:grpc-api:1.69.1) with ExternalDependencyInstrumentingArtifactTransform
Transforming guava-33.3.1-jre.jar (com.google.guava:guava:33.3.1-jre) with ExternalDependencyInstrumentingArtifactTransform
Transforming error_prone_annotations-2.30.0.jar (com.google.errorprone:error_prone_annotations:2.30.0) with ExternalDependencyInstrumentingArtifactTransform
Transforming dagger-2.28.3.jar (com.google.dagger:dagger:2.28.3) with ExternalDependencyInstrumentingArtifactTransform
Transforming javax.inject-1.jar (javax.inject:javax.inject:1) with ExternalDependencyInstrumentingArtifactTransform
Transforming kxml2-2.3.0.jar (net.sf.kxml:kxml2:2.3.0) with ExternalDependencyInstrumentingArtifactTransform
Transforming commons-compress-1.21.jar (org.apache.commons:commons-compress:1.21) with ExternalDependencyInstrumentingArtifactTransform
Transforming bcutil-jdk18on-1.79.jar (org.bouncycastle:bcutil-jdk18on:1.79) with ExternalDependencyInstrumentingArtifactTransform
Transforming httpclient-4.5.14.jar (org.apache.httpcomponents:httpclient:4.5.14) with ExternalDependencyInstrumentingArtifactTransform
Transforming bcprov-jdk18on-1.79.jar (org.bouncycastle:bcprov-jdk18on:1.79) with ExternalDependencyInstrumentingArtifactTransform
Transforming javax.activation-1.2.0.jar (com.sun.activation:javax.activation:1.2.0) with ExternalDependencyInstrumentingArtifactTransform
Transforming signflinger-8.10.1.jar (com.android:signflinger:8.10.1) with ExternalDependencyInstrumentingArtifactTransform
Transforming annotations-31.10.1.jar (com.android.tools:annotations:31.10.1) with ExternalDependencyInstrumentingArtifactTransform
Transforming zipflinger-8.10.1.jar (com.android:zipflinger:8.10.1) with ExternalDependencyInstrumentingArtifactTransform
Transforming jna-platform-5.6.0.jar (net.java.dev.jna:jna-platform:5.6.0) with ExternalDependencyInstrumentingArtifactTransform
Transforming juniversalchardet-1.0.3.jar (com.googlecode.juniversalchardet:juniversalchardet:1.0.3) with ExternalDependencyInstrumentingArtifactTransform
Transforming javax.annotation-api-1.3.2.jar (javax.annotation:javax.annotation-api:1.3.2) with ExternalDependencyInstrumentingArtifactTransform
Transforming txw2-2.3.2.jar (org.glassfish.jaxb:txw2:2.3.2) with ExternalDependencyInstrumentingArtifactTransform
Transforming jakarta.xml.bind-api-2.3.2.jar (jakarta.xml.bind:jakarta.xml.bind-api:2.3.2) with ExternalDependencyInstrumentingArtifactTransform
Transforming istack-commons-runtime-3.0.8.jar (com.sun.istack:istack-commons-runtime:3.0.8) with ExternalDependencyInstrumentingArtifactTransform
Transforming crash-31.10.1.jar (com.android.tools.analytics-library:crash:31.10.1) with ExternalDependencyInstrumentingArtifactTransform
Transforming FastInfoset-1.2.16.jar (com.sun.xml.fastinfoset:FastInfoset:1.2.16) with ExternalDependencyInstrumentingArtifactTransform
Transforming asm-analysis-9.7.1.jar (org.ow2.asm:asm-analysis:9.7.1) with ExternalDependencyInstrumentingArtifactTransform
Transforming auto-value-annotations-1.6.2.jar (com.google.auto.value:auto-value-annotations:1.6.2) with ExternalDependencyInstrumentingArtifactTransform
Transforming jakarta.activation-api-1.2.1.jar (jakarta.activation:jakarta.activation-api:1.2.1) with ExternalDependencyInstrumentingArtifactTransform
Transforming httpcore-4.4.16.jar (org.apache.httpcomponents:httpcore:4.4.16) with ExternalDependencyInstrumentingArtifactTransform
Transforming jose4j-0.9.5.jar (org.bitbucket.b_c:jose4j:0.9.5) with ExternalDependencyInstrumentingArtifactTransform
Transforming proto-google-common-protos-2.48.0.jar (com.google.api.grpc:proto-google-common-protos:2.48.0) with ExternalDependencyInstrumentingArtifactTransform
Transforming flatbuffers-java-1.12.0.jar (com.google.flatbuffers:flatbuffers-java:1.12.0) with ExternalDependencyInstrumentingArtifactTransform
Transforming slf4j-api-1.7.30.jar (org.slf4j:slf4j-api:1.7.30) with ExternalDependencyInstrumentingArtifactTransform
Transforming jimfs-1.1.jar (com.google.jimfs:jimfs:1.1) with ExternalDependencyInstrumentingArtifactTransform
Transforming stax-ex-1.8.1.jar (org.jvnet.staxex:stax-ex:1.8.1) with ExternalDependencyInstrumentingArtifactTransform
Transforming jdom2-2.0.6.jar (org.jdom:jdom2:2.0.6) with ExternalDependencyInstrumentingArtifactTransform
Transforming j2objc-annotations-3.0.0.jar (com.google.j2objc:j2objc-annotations:3.0.0) with ExternalDependencyInstrumentingArtifactTransform
Transforming jsr305-3.0.2.jar (com.google.code.findbugs:jsr305:3.0.2) with ExternalDependencyInstrumentingArtifactTransform
Transforming animal-sniffer-annotations-1.24.jar (org.codehaus.mojo:animal-sniffer-annotations:1.24) with ExternalDependencyInstrumentingArtifactTransform
Transforming annotations-4.1.1.4.jar (com.google.android:annotations:4.1.1.4) with ExternalDependencyInstrumentingArtifactTransform
Transforming perfmark-api-0.27.0.jar (io.perfmark:perfmark-api:0.27.0) with ExternalDependencyInstrumentingArtifactTransform
Transforming netty-codec-http2-4.1.110.Final.jar (io.netty:netty-codec-http2:4.1.110.Final) with ExternalDependencyInstrumentingArtifactTransform
Transforming netty-handler-proxy-4.1.110.Final.jar (io.netty:netty-handler-proxy:4.1.110.Final) with ExternalDependencyInstrumentingArtifactTransform
Transforming netty-codec-http-4.1.110.Final.jar (io.netty:netty-codec-http:4.1.110.Final) with ExternalDependencyInstrumentingArtifactTransform
Transforming netty-handler-4.1.110.Final.jar (io.netty:netty-handler:4.1.110.Final) with ExternalDependencyInstrumentingArtifactTransform
Transforming checker-qual-3.43.0.jar (org.checkerframework:checker-qual:3.43.0) with ExternalDependencyInstrumentingArtifactTransform
Transforming netty-transport-native-unix-common-4.1.110.Final.jar (io.netty:netty-transport-native-unix-common:4.1.110.Final) with ExternalDependencyInstrumentingArtifactTransform
Transforming failureaccess-1.0.2.jar (com.google.guava:failureaccess:1.0.2) with ExternalDependencyInstrumentingArtifactTransform
Transforming grpc-protobuf-lite-1.69.1.jar (io.grpc:grpc-protobuf-lite:1.69.1) with ExternalDependencyInstrumentingArtifactTransform
Transforming listenablefuture-9999.0-empty-to-avoid-conflict-with-guava.jar (com.google.guava:listenablefuture:9999.0-empty-to-avoid-conflict-with-guava) with ExternalDependencyInstrumentingArtifactTransform
Transforming apksig-8.10.1.jar (com.android.tools.build:apksig:8.10.1) with ExternalDependencyInstrumentingArtifactTransform
Transforming javawriter-2.5.0.jar (com.squareup:javawriter:2.5.0) with ExternalDependencyInstrumentingArtifactTransform
Transforming commons-logging-1.2.jar (commons-logging:commons-logging:1.2) with ExternalDependencyInstrumentingArtifactTransform
Transforming commons-codec-1.11.jar (commons-codec:commons-codec:1.11) with ExternalDependencyInstrumentingArtifactTransform
Transforming jna-5.6.0.jar (net.java.dev.jna:jna:5.6.0) with ExternalDependencyInstrumentingArtifactTransform
Transforming netty-transport-4.1.110.Final.jar (io.netty:netty-transport:4.1.110.Final) with ExternalDependencyInstrumentingArtifactTransform
Transforming netty-codec-4.1.110.Final.jar (io.netty:netty-codec:4.1.110.Final) with ExternalDependencyInstrumentingArtifactTransform
Transforming netty-resolver-4.1.110.Final.jar (io.netty:netty-resolver:4.1.110.Final) with ExternalDependencyInstrumentingArtifactTransform
Transforming netty-buffer-4.1.110.Final.jar (io.netty:netty-buffer:4.1.110.Final) with ExternalDependencyInstrumentingArtifactTransform
Transforming netty-common-4.1.110.Final.jar (io.netty:netty-common:4.1.110.Final) with ExternalDependencyInstrumentingArtifactTransform
Transforming netty-codec-socks-4.1.110.Final.jar (io.netty:netty-codec-socks:4.1.110.Final) with ExternalDependencyInstrumentingArtifactTransform
Transforming plugins.jar (project :build-logic:plugins) with ProjectDependencyInstrumentingArtifactTransform
Transforming tools.jar (project :build-logic:tools) with ProjectDependencyInstrumentingArtifactTransform
Using default execution profile
Using Kotlin Gradle Plugin gradle811 variant

> Configure project :contacts
Evaluating project ':contacts' using build file '/home/lollerfirst/Signal-Android/contacts/lib/build.gradle'.
Transforming classes with InstrumentationAnalysisTransform
Transforming classes with InstrumentationAnalysisTransform
Transforming kotlin-gradle-plugin-model-2.2.20.jar (org.jetbrains.kotlin:kotlin-gradle-plugin-model:2.2.20) with InstrumentationAnalysisTransform
Transforming fus-statistics-gradle-plugin-2.2.20-gradle811.jar (org.jetbrains.kotlin:fus-statistics-gradle-plugin:2.2.20) with InstrumentationAnalysisTransform
Transforming kotlin-gradle-plugin-api-2.2.20.jar (org.jetbrains.kotlin:kotlin-gradle-plugin-api:2.2.20) with InstrumentationAnalysisTransform
Transforming kotlin-gradle-plugin-api-2.2.20-gradle811.jar (org.jetbrains.kotlin:kotlin-gradle-plugin-api:2.2.20) with InstrumentationAnalysisTransform
Transforming kotlin-gradle-plugin-2.2.20-gradle811.jar (org.jetbrains.kotlin:kotlin-gradle-plugin:2.2.20) with InstrumentationAnalysisTransform
Transforming ktlint-gradle-12.1.1.jar (org.jlleitschuh.gradle:ktlint-gradle:12.1.1) with InstrumentationAnalysisTransform
Transforming kotlin-gradle-plugin-idea-proto-2.2.20.jar (org.jetbrains.kotlin:kotlin-gradle-plugin-idea-proto:2.2.20) with InstrumentationAnalysisTransform
Transforming kotlin-gradle-plugin-idea-2.2.20.jar (org.jetbrains.kotlin:kotlin-gradle-plugin-idea:2.2.20) with InstrumentationAnalysisTransform
Transforming kotlin-klib-commonizer-api-2.2.20.jar (org.jetbrains.kotlin:kotlin-klib-commonizer-api:2.2.20) with InstrumentationAnalysisTransform
Transforming kotlin-build-statistics-2.2.20.jar (org.jetbrains.kotlin:kotlin-build-statistics:2.2.20) with InstrumentationAnalysisTransform
Transforming kotlin-util-klib-metadata-2.2.20.jar (org.jetbrains.kotlin:kotlin-util-klib-metadata:2.2.20) with InstrumentationAnalysisTransform
Transforming abi-tools-api-2.2.20.jar (org.jetbrains.kotlin:abi-tools-api:2.2.20) with InstrumentationAnalysisTransform
Transforming kotlin-compiler-runner-2.2.20.jar (org.jetbrains.kotlin:kotlin-compiler-runner:2.2.20) with InstrumentationAnalysisTransform
Transforming gradle-8.10.1.jar (com.android.tools.build:gradle:8.10.1) with InstrumentationAnalysisTransform
Transforming gradle-settings-api-8.10.1.jar (com.android.tools.build:gradle-settings-api:8.10.1) with InstrumentationAnalysisTransform
Transforming lint-model-31.10.1.jar (com.android.tools.lint:lint-model:31.10.1) with InstrumentationAnalysisTransform
Transforming builder-8.10.1.jar (com.android.tools.build:builder:8.10.1) with InstrumentationAnalysisTransform
Transforming manifest-merger-31.10.1.jar (com.android.tools.build:manifest-merger:31.10.1) with InstrumentationAnalysisTransform
Transforming sdk-common-31.10.1.jar (com.android.tools:sdk-common:31.10.1) with InstrumentationAnalysisTransform
Transforming sdklib-31.10.1.jar (com.android.tools:sdklib:31.10.1) with InstrumentationAnalysisTransform
Transforming repository-31.10.1.jar (com.android.tools:repository:31.10.1) with InstrumentationAnalysisTransform
Transforming aaptcompiler-8.10.1.jar (com.android.tools.build:aaptcompiler:8.10.1) with InstrumentationAnalysisTransform
Transforming tracker-31.10.1.jar (com.android.tools.analytics-library:tracker:31.10.1) with InstrumentationAnalysisTransform
Transforming shared-31.10.1.jar (com.android.tools.analytics-library:shared:31.10.1) with InstrumentationAnalysisTransform
Transforming databinding-compiler-common-8.10.1.jar (androidx.databinding:databinding-compiler-common:8.10.1) with InstrumentationAnalysisTransform
Transforming android-test-plugin-host-emulator-control-proto-31.10.1.jar (com.android.tools.utp:android-test-plugin-host-emulator-control-proto:31.10.1) with InstrumentationAnalysisTransform
Transforming builder-model-8.10.1.jar (com.android.tools.build:builder-model:8.10.1) with InstrumentationAnalysisTransform
Transforming gradle-api-8.10.1.jar (com.android.tools.build:gradle-api:8.10.1) with InstrumentationAnalysisTransform
Transforming builder-test-api-8.10.1.jar (com.android.tools.build:builder-test-api:8.10.1) with InstrumentationAnalysisTransform
Transforming ddmlib-31.10.1.jar (com.android.tools.ddms:ddmlib:31.10.1) with InstrumentationAnalysisTransform
Transforming layoutlib-api-31.10.1.jar (com.android.tools.layoutlib:layoutlib-api:31.10.1) with InstrumentationAnalysisTransform
Transforming dvlib-31.10.1.jar (com.android.tools:dvlib:31.10.1) with InstrumentationAnalysisTransform
Transforming common-31.10.1.jar (com.android.tools:common:31.10.1) with InstrumentationAnalysisTransform
Transforming kotlin-stdlib-jdk8-2.1.0.jar (org.jetbrains.kotlin:kotlin-stdlib-jdk8:2.1.0) with InstrumentationAnalysisTransform
Transforming jetifier-processor-1.0.0-beta10.jar (com.android.tools.build.jetifier:jetifier-processor:1.0.0-beta10) with InstrumentationAnalysisTransform
Transforming jetifier-core-1.0.0-beta10.jar (com.android.tools.build.jetifier:jetifier-core:1.0.0-beta10) with InstrumentationAnalysisTransform
Transforming kotlin-reflect-2.1.0.jar (org.jetbrains.kotlin:kotlin-reflect:2.1.0) with InstrumentationAnalysisTransform
Transforming kotlin-stdlib-jdk7-2.1.0.jar (org.jetbrains.kotlin:kotlin-stdlib-jdk7:2.1.0) with InstrumentationAnalysisTransform
Transforming kotlin-stdlib-2.2.20.jar (org.jetbrains.kotlin:kotlin-stdlib:2.2.20) with InstrumentationAnalysisTransform
Transforming dnsjava-2.1.9.jar (dnsjava:dnsjava:2.1.9) with InstrumentationAnalysisTransform
Transforming kotlin-gradle-plugin-annotations-2.2.20.jar (org.jetbrains.kotlin:kotlin-gradle-plugin-annotations:2.2.20) with InstrumentationAnalysisTransform
Transforming kotlin-native-utils-2.2.20.jar (org.jetbrains.kotlin:kotlin-native-utils:2.2.20) with InstrumentationAnalysisTransform
Transforming kotlin-tooling-core-2.2.20.jar (org.jetbrains.kotlin:kotlin-tooling-core:2.2.20) with InstrumentationAnalysisTransform
Transforming kotlin-build-tools-api-2.2.20.jar (org.jetbrains.kotlin:kotlin-build-tools-api:2.2.20) with InstrumentationAnalysisTransform
Transforming android-test-plugin-result-listener-gradle-proto-31.10.1.jar (com.android.tools.utp:android-test-plugin-result-listener-gradle-proto:31.10.1) with InstrumentationAnalysisTransform
Transforming bundletool-1.18.0.jar (com.android.tools.build:bundletool:1.18.0) with InstrumentationAnalysisTransform
Transforming protobuf-java-util-3.25.5.jar (com.google.protobuf:protobuf-java-util:3.25.5) with InstrumentationAnalysisTransform
Transforming grpc-netty-1.69.1.jar (io.grpc:grpc-netty:1.69.1) with InstrumentationAnalysisTransform
Transforming grpc-inprocess-1.69.1.jar (io.grpc:grpc-inprocess:1.69.1) with InstrumentationAnalysisTransform
Transforming grpc-util-1.69.1.jar (io.grpc:grpc-util:1.69.1) with InstrumentationAnalysisTransform
Transforming grpc-core-1.69.1.jar (io.grpc:grpc-core:1.69.1) with InstrumentationAnalysisTransform
Transforming tink-1.7.0.jar (com.google.crypto.tink:tink:1.7.0) with InstrumentationAnalysisTransform
Transforming gson-2.11.0.jar (com.google.code.gson:gson:2.11.0) with InstrumentationAnalysisTransform
Transforming kotlin-util-klib-2.2.20.jar (org.jetbrains.kotlin:kotlin-util-klib:2.2.20) with InstrumentationAnalysisTransform
Transforming kotlin-util-io-2.2.20.jar (org.jetbrains.kotlin:kotlin-util-io:2.2.20) with InstrumentationAnalysisTransform
Transforming kotlin-daemon-client-2.2.20.jar (org.jetbrains.kotlin:kotlin-daemon-client:2.2.20) with InstrumentationAnalysisTransform
Transforming kotlinx-coroutines-core-jvm-1.8.0.jar (org.jetbrains.kotlinx:kotlinx-coroutines-core-jvm:1.8.0) with InstrumentationAnalysisTransform
Transforming aapt2-proto-8.10.1-12782657.jar (com.android.tools.build:aapt2-proto:8.10.1-12782657) with InstrumentationAnalysisTransform
Transforming crash-31.10.1.jar (com.android.tools.analytics-library:crash:31.10.1) with InstrumentationAnalysisTransform
Transforming lint-typedef-remover-31.10.1.jar (com.android.tools.lint:lint-typedef-remover:31.10.1) with InstrumentationAnalysisTransform
Transforming databinding-common-8.10.1.jar (androidx.databinding:databinding-common:8.10.1) with InstrumentationAnalysisTransform
Transforming baseLibrary-8.10.1.jar (com.android.databinding:baseLibrary:8.10.1) with InstrumentationAnalysisTransform
Transforming android-device-provider-ddmlib-proto-31.10.1.jar (com.android.tools.utp:android-device-provider-ddmlib-proto:31.10.1) with InstrumentationAnalysisTransform
Transforming android-device-provider-gradle-proto-31.10.1.jar (com.android.tools.utp:android-device-provider-gradle-proto:31.10.1) with InstrumentationAnalysisTransform
Transforming android-device-provider-profile-proto-31.10.1.jar (com.android.tools.utp:android-device-provider-profile-proto:31.10.1) with InstrumentationAnalysisTransform
Transforming android-test-plugin-host-additional-test-output-proto-31.10.1.jar (com.android.tools.utp:android-test-plugin-host-additional-test-output-proto:31.10.1) with InstrumentationAnalysisTransform
Transforming android-test-plugin-host-coverage-proto-31.10.1.jar (com.android.tools.utp:android-test-plugin-host-coverage-proto:31.10.1) with InstrumentationAnalysisTransform
Transforming android-test-plugin-host-logcat-proto-31.10.1.jar (com.android.tools.utp:android-test-plugin-host-logcat-proto:31.10.1) with InstrumentationAnalysisTransform
Transforming android-test-plugin-host-apk-installer-proto-31.10.1.jar (com.android.tools.utp:android-test-plugin-host-apk-installer-proto:31.10.1) with InstrumentationAnalysisTransform
Transforming transform-api-2.0.0-deprecated-use-gradle-api.jar (com.android.tools.build:transform-api:2.0.0-deprecated-use-gradle-api) with InstrumentationAnalysisTransform
Transforming httpmime-4.5.6.jar (org.apache.httpcomponents:httpmime:4.5.6) with InstrumentationAnalysisTransform
Transforming commons-io-2.16.1.jar (commons-io:commons-io:2.16.1) with InstrumentationAnalysisTransform
Transforming asm-commons-9.7.1.jar (org.ow2.asm:asm-commons:9.7.1) with InstrumentationAnalysisTransform
Transforming asm-util-9.7.1.jar (org.ow2.asm:asm-util:9.7.1) with InstrumentationAnalysisTransform
Transforming asm-analysis-9.7.1.jar (org.ow2.asm:asm-analysis:9.7.1) with InstrumentationAnalysisTransform
Transforming asm-tree-9.7.1.jar (org.ow2.asm:asm-tree:9.7.1) with InstrumentationAnalysisTransform
Transforming asm-9.7.1.jar (org.ow2.asm:asm:9.7.1) with InstrumentationAnalysisTransform
Transforming apkzlib-8.10.1.jar (com.android.tools.build:apkzlib:8.10.1) with InstrumentationAnalysisTransform
Transforming bcpkix-jdk18on-1.79.jar (org.bouncycastle:bcpkix-jdk18on:1.79) with InstrumentationAnalysisTransform
Transforming jaxb-runtime-2.3.2.jar (org.glassfish.jaxb:jaxb-runtime:2.3.2) with InstrumentationAnalysisTransform
Transforming jopt-simple-4.9.jar (net.sf.jopt-simple:jopt-simple:4.9) with InstrumentationAnalysisTransform
Transforming javapoet-1.10.0.jar (com.squareup:javapoet:1.10.0) with InstrumentationAnalysisTransform
Transforming grpc-protobuf-1.69.1.jar (io.grpc:grpc-protobuf:1.69.1) with InstrumentationAnalysisTransform
Transforming core-proto-0.0.9-alpha03.jar (com.google.testing.platform:core-proto:0.0.9-alpha03) with InstrumentationAnalysisTransform
Transforming protos-31.10.1.jar (com.android.tools.analytics-library:protos:31.10.1) with InstrumentationAnalysisTransform
Transforming proto-google-common-protos-2.48.0.jar (com.google.api.grpc:proto-google-common-protos:2.48.0) with InstrumentationAnalysisTransform
Transforming protobuf-java-3.25.5.jar (com.google.protobuf:protobuf-java:3.25.5) with InstrumentationAnalysisTransform
Transforming grpc-stub-1.69.1.jar (io.grpc:grpc-stub:1.69.1) with InstrumentationAnalysisTransform
Transforming tensorflow-lite-metadata-0.2.0.jar (org.tensorflow:tensorflow-lite-metadata:0.2.0) with InstrumentationAnalysisTransform
Transforming flatbuffers-java-1.12.0.jar (com.google.flatbuffers:flatbuffers-java:1.12.0) with InstrumentationAnalysisTransform
Transforming annotations-23.0.0.jar (org.jetbrains:annotations:23.0.0) with InstrumentationAnalysisTransform
Transforming jimfs-1.1.jar (com.google.jimfs:jimfs:1.1) with InstrumentationAnalysisTransform
Transforming grpc-context-1.69.1.jar (io.grpc:grpc-context:1.69.1) with InstrumentationAnalysisTransform
Transforming grpc-protobuf-lite-1.69.1.jar (io.grpc:grpc-protobuf-lite:1.69.1) with InstrumentationAnalysisTransform
Transforming grpc-api-1.69.1.jar (io.grpc:grpc-api:1.69.1) with InstrumentationAnalysisTransform
Transforming guava-33.3.1-jre.jar (com.google.guava:guava:33.3.1-jre) with InstrumentationAnalysisTransform
Transforming error_prone_annotations-2.30.0.jar (com.google.errorprone:error_prone_annotations:2.30.0) with InstrumentationAnalysisTransform
Transforming dagger-2.28.3.jar (com.google.dagger:dagger:2.28.3) with InstrumentationAnalysisTransform
Transforming javax.inject-1.jar (javax.inject:javax.inject:1) with InstrumentationAnalysisTransform
Transforming kxml2-2.3.0.jar (net.sf.kxml:kxml2:2.3.0) with InstrumentationAnalysisTransform
Transforming commons-compress-1.21.jar (org.apache.commons:commons-compress:1.21) with InstrumentationAnalysisTransform
Transforming bcutil-jdk18on-1.79.jar (org.bouncycastle:bcutil-jdk18on:1.79) with InstrumentationAnalysisTransform
Transforming bcprov-jdk18on-1.79.jar (org.bouncycastle:bcprov-jdk18on:1.79) with InstrumentationAnalysisTransform
Transforming httpclient-4.5.14.jar (org.apache.httpcomponents:httpclient:4.5.14) with InstrumentationAnalysisTransform
Transforming httpcore-4.4.16.jar (org.apache.httpcomponents:httpcore:4.4.16) with InstrumentationAnalysisTransform
Transforming javax.activation-1.2.0.jar (com.sun.activation:javax.activation:1.2.0) with InstrumentationAnalysisTransform
Transforming signflinger-8.10.1.jar (com.android:signflinger:8.10.1) with InstrumentationAnalysisTransform
Transforming zipflinger-8.10.1.jar (com.android:zipflinger:8.10.1) with InstrumentationAnalysisTransform
Transforming annotations-31.10.1.jar (com.android.tools:annotations:31.10.1) with InstrumentationAnalysisTransform
Transforming jna-platform-5.6.0.jar (net.java.dev.jna:jna-platform:5.6.0) with InstrumentationAnalysisTransform
Transforming juniversalchardet-1.0.3.jar (com.googlecode.juniversalchardet:juniversalchardet:1.0.3) with InstrumentationAnalysisTransform
Transforming javax.annotation-api-1.3.2.jar (javax.annotation:javax.annotation-api:1.3.2) with InstrumentationAnalysisTransform
Transforming stax-ex-1.8.1.jar (org.jvnet.staxex:stax-ex:1.8.1) with InstrumentationAnalysisTransform
Transforming jakarta.xml.bind-api-2.3.2.jar (jakarta.xml.bind:jakarta.xml.bind-api:2.3.2) with InstrumentationAnalysisTransform
Transforming txw2-2.3.2.jar (org.glassfish.jaxb:txw2:2.3.2) with InstrumentationAnalysisTransform
Transforming istack-commons-runtime-3.0.8.jar (com.sun.istack:istack-commons-runtime:3.0.8) with InstrumentationAnalysisTransform
Transforming FastInfoset-1.2.16.jar (com.sun.xml.fastinfoset:FastInfoset:1.2.16) with InstrumentationAnalysisTransform
Transforming jakarta.activation-api-1.2.1.jar (jakarta.activation:jakarta.activation-api:1.2.1) with InstrumentationAnalysisTransform
Transforming auto-value-annotations-1.6.2.jar (com.google.auto.value:auto-value-annotations:1.6.2) with InstrumentationAnalysisTransform
Transforming jose4j-0.9.5.jar (org.bitbucket.b_c:jose4j:0.9.5) with InstrumentationAnalysisTransform
Transforming slf4j-api-1.7.30.jar (org.slf4j:slf4j-api:1.7.30) with InstrumentationAnalysisTransform
Transforming jdom2-2.0.6.jar (org.jdom:jdom2:2.0.6) with InstrumentationAnalysisTransform
Transforming jsr305-3.0.2.jar (com.google.code.findbugs:jsr305:3.0.2) with InstrumentationAnalysisTransform
Transforming j2objc-annotations-3.0.0.jar (com.google.j2objc:j2objc-annotations:3.0.0) with InstrumentationAnalysisTransform
Transforming annotations-4.1.1.4.jar (com.google.android:annotations:4.1.1.4) with InstrumentationAnalysisTransform
Transforming animal-sniffer-annotations-1.24.jar (org.codehaus.mojo:animal-sniffer-annotations:1.24) with InstrumentationAnalysisTransform
Transforming perfmark-api-0.27.0.jar (io.perfmark:perfmark-api:0.27.0) with InstrumentationAnalysisTransform
Transforming netty-codec-http2-4.1.110.Final.jar (io.netty:netty-codec-http2:4.1.110.Final) with InstrumentationAnalysisTransform
Transforming netty-handler-proxy-4.1.110.Final.jar (io.netty:netty-handler-proxy:4.1.110.Final) with InstrumentationAnalysisTransform
Transforming netty-codec-http-4.1.110.Final.jar (io.netty:netty-codec-http:4.1.110.Final) with InstrumentationAnalysisTransform
Transforming netty-handler-4.1.110.Final.jar (io.netty:netty-handler:4.1.110.Final) with InstrumentationAnalysisTransform
Transforming netty-transport-native-unix-common-4.1.110.Final.jar (io.netty:netty-transport-native-unix-common:4.1.110.Final) with InstrumentationAnalysisTransform
Transforming checker-qual-3.43.0.jar (org.checkerframework:checker-qual:3.43.0) with InstrumentationAnalysisTransform
Transforming apksig-8.10.1.jar (com.android.tools.build:apksig:8.10.1) with InstrumentationAnalysisTransform
Transforming javawriter-2.5.0.jar (com.squareup:javawriter:2.5.0) with InstrumentationAnalysisTransform
Transforming failureaccess-1.0.2.jar (com.google.guava:failureaccess:1.0.2) with InstrumentationAnalysisTransform
Transforming listenablefuture-9999.0-empty-to-avoid-conflict-with-guava.jar (com.google.guava:listenablefuture:9999.0-empty-to-avoid-conflict-with-guava) with InstrumentationAnalysisTransform
Transforming commons-logging-1.2.jar (commons-logging:commons-logging:1.2) with InstrumentationAnalysisTransform
Transforming commons-codec-1.11.jar (commons-codec:commons-codec:1.11) with InstrumentationAnalysisTransform
Transforming jna-5.6.0.jar (net.java.dev.jna:jna:5.6.0) with InstrumentationAnalysisTransform
Transforming netty-codec-socks-4.1.110.Final.jar (io.netty:netty-codec-socks:4.1.110.Final) with InstrumentationAnalysisTransform
Transforming netty-codec-4.1.110.Final.jar (io.netty:netty-codec:4.1.110.Final) with InstrumentationAnalysisTransform
Transforming netty-transport-4.1.110.Final.jar (io.netty:netty-transport:4.1.110.Final) with InstrumentationAnalysisTransform
Transforming netty-buffer-4.1.110.Final.jar (io.netty:netty-buffer:4.1.110.Final) with InstrumentationAnalysisTransform
Transforming netty-resolver-4.1.110.Final.jar (io.netty:netty-resolver:4.1.110.Final) with InstrumentationAnalysisTransform
Transforming netty-common-4.1.110.Final.jar (io.netty:netty-common:4.1.110.Final) with InstrumentationAnalysisTransform
Transforming main (project :build-logic:plugins) with InstrumentationAnalysisTransform
Transforming main (project :build-logic:plugins) with InstrumentationAnalysisTransform
Transforming main (project :build-logic:plugins) with InstrumentationAnalysisTransform
Transforming main (project :build-logic:tools) with InstrumentationAnalysisTransform
Transforming main (project :build-logic:tools) with InstrumentationAnalysisTransform
Transforming classes with InstrumentationAnalysisTransform
Transforming classes with MergeInstrumentationAnalysisTransform
Transforming classes with InstrumentationAnalysisTransform
Transforming classes with MergeInstrumentationAnalysisTransform
Transforming kotlin-gradle-plugin-model-2.2.20.jar (org.jetbrains.kotlin:kotlin-gradle-plugin-model:2.2.20) with InstrumentationAnalysisTransform
Transforming kotlin-gradle-plugin-model-2.2.20.jar (org.jetbrains.kotlin:kotlin-gradle-plugin-model:2.2.20) with MergeInstrumentationAnalysisTransform
Transforming fus-statistics-gradle-plugin-2.2.20-gradle811.jar (org.jetbrains.kotlin:fus-statistics-gradle-plugin:2.2.20) with InstrumentationAnalysisTransform
Transforming fus-statistics-gradle-plugin-2.2.20-gradle811.jar (org.jetbrains.kotlin:fus-statistics-gradle-plugin:2.2.20) with MergeInstrumentationAnalysisTransform
Transforming kotlin-gradle-plugin-api-2.2.20.jar (org.jetbrains.kotlin:kotlin-gradle-plugin-api:2.2.20) with InstrumentationAnalysisTransform
Transforming kotlin-gradle-plugin-api-2.2.20.jar (org.jetbrains.kotlin:kotlin-gradle-plugin-api:2.2.20) with MergeInstrumentationAnalysisTransform
Transforming kotlin-gradle-plugin-api-2.2.20-gradle811.jar (org.jetbrains.kotlin:kotlin-gradle-plugin-api:2.2.20) with InstrumentationAnalysisTransform
Transforming kotlin-gradle-plugin-api-2.2.20-gradle811.jar (org.jetbrains.kotlin:kotlin-gradle-plugin-api:2.2.20) with MergeInstrumentationAnalysisTransform
Transforming kotlin-gradle-plugin-2.2.20-gradle811.jar (org.jetbrains.kotlin:kotlin-gradle-plugin:2.2.20) with InstrumentationAnalysisTransform
Transforming kotlin-gradle-plugin-2.2.20-gradle811.jar (org.jetbrains.kotlin:kotlin-gradle-plugin:2.2.20) with MergeInstrumentationAnalysisTransform
Transforming ktlint-gradle-12.1.1.jar (org.jlleitschuh.gradle:ktlint-gradle:12.1.1) with InstrumentationAnalysisTransform
Transforming ktlint-gradle-12.1.1.jar (org.jlleitschuh.gradle:ktlint-gradle:12.1.1) with MergeInstrumentationAnalysisTransform
Transforming kotlin-gradle-plugin-idea-proto-2.2.20.jar (org.jetbrains.kotlin:kotlin-gradle-plugin-idea-proto:2.2.20) with InstrumentationAnalysisTransform
Transforming kotlin-gradle-plugin-idea-proto-2.2.20.jar (org.jetbrains.kotlin:kotlin-gradle-plugin-idea-proto:2.2.20) with MergeInstrumentationAnalysisTransform
Transforming kotlin-gradle-plugin-idea-2.2.20.jar (org.jetbrains.kotlin:kotlin-gradle-plugin-idea:2.2.20) with InstrumentationAnalysisTransform
Transforming kotlin-gradle-plugin-idea-2.2.20.jar (org.jetbrains.kotlin:kotlin-gradle-plugin-idea:2.2.20) with MergeInstrumentationAnalysisTransform
Transforming kotlin-klib-commonizer-api-2.2.20.jar (org.jetbrains.kotlin:kotlin-klib-commonizer-api:2.2.20) with InstrumentationAnalysisTransform
Transforming kotlin-klib-commonizer-api-2.2.20.jar (org.jetbrains.kotlin:kotlin-klib-commonizer-api:2.2.20) with MergeInstrumentationAnalysisTransform
Transforming kotlin-build-statistics-2.2.20.jar (org.jetbrains.kotlin:kotlin-build-statistics:2.2.20) with InstrumentationAnalysisTransform
Transforming kotlin-build-statistics-2.2.20.jar (org.jetbrains.kotlin:kotlin-build-statistics:2.2.20) with MergeInstrumentationAnalysisTransform
Transforming kotlin-util-klib-metadata-2.2.20.jar (org.jetbrains.kotlin:kotlin-util-klib-metadata:2.2.20) with InstrumentationAnalysisTransform
Transforming kotlin-util-klib-metadata-2.2.20.jar (org.jetbrains.kotlin:kotlin-util-klib-metadata:2.2.20) with MergeInstrumentationAnalysisTransform
Transforming abi-tools-api-2.2.20.jar (org.jetbrains.kotlin:abi-tools-api:2.2.20) with InstrumentationAnalysisTransform
Transforming abi-tools-api-2.2.20.jar (org.jetbrains.kotlin:abi-tools-api:2.2.20) with MergeInstrumentationAnalysisTransform
Transforming kotlin-compiler-runner-2.2.20.jar (org.jetbrains.kotlin:kotlin-compiler-runner:2.2.20) with InstrumentationAnalysisTransform
Transforming kotlin-compiler-runner-2.2.20.jar (org.jetbrains.kotlin:kotlin-compiler-runner:2.2.20) with MergeInstrumentationAnalysisTransform
Transforming gradle-8.10.1.jar (com.android.tools.build:gradle:8.10.1) with InstrumentationAnalysisTransform
Transforming gradle-8.10.1.jar (com.android.tools.build:gradle:8.10.1) with MergeInstrumentationAnalysisTransform
Transforming gradle-settings-api-8.10.1.jar (com.android.tools.build:gradle-settings-api:8.10.1) with InstrumentationAnalysisTransform
Transforming gradle-settings-api-8.10.1.jar (com.android.tools.build:gradle-settings-api:8.10.1) with MergeInstrumentationAnalysisTransform
Transforming lint-model-31.10.1.jar (com.android.tools.lint:lint-model:31.10.1) with InstrumentationAnalysisTransform
Transforming lint-model-31.10.1.jar (com.android.tools.lint:lint-model:31.10.1) with MergeInstrumentationAnalysisTransform
Transforming builder-8.10.1.jar (com.android.tools.build:builder:8.10.1) with InstrumentationAnalysisTransform
Transforming builder-8.10.1.jar (com.android.tools.build:builder:8.10.1) with MergeInstrumentationAnalysisTransform
Transforming manifest-merger-31.10.1.jar (com.android.tools.build:manifest-merger:31.10.1) with InstrumentationAnalysisTransform
Transforming manifest-merger-31.10.1.jar (com.android.tools.build:manifest-merger:31.10.1) with MergeInstrumentationAnalysisTransform
Transforming sdk-common-31.10.1.jar (com.android.tools:sdk-common:31.10.1) with InstrumentationAnalysisTransform
Transforming sdk-common-31.10.1.jar (com.android.tools:sdk-common:31.10.1) with MergeInstrumentationAnalysisTransform
Transforming sdklib-31.10.1.jar (com.android.tools:sdklib:31.10.1) with InstrumentationAnalysisTransform
Transforming sdklib-31.10.1.jar (com.android.tools:sdklib:31.10.1) with MergeInstrumentationAnalysisTransform
Transforming repository-31.10.1.jar (com.android.tools:repository:31.10.1) with InstrumentationAnalysisTransform
Transforming repository-31.10.1.jar (com.android.tools:repository:31.10.1) with MergeInstrumentationAnalysisTransform
Transforming aaptcompiler-8.10.1.jar (com.android.tools.build:aaptcompiler:8.10.1) with InstrumentationAnalysisTransform
Transforming aaptcompiler-8.10.1.jar (com.android.tools.build:aaptcompiler:8.10.1) with MergeInstrumentationAnalysisTransform
Transforming tracker-31.10.1.jar (com.android.tools.analytics-library:tracker:31.10.1) with InstrumentationAnalysisTransform
Transforming tracker-31.10.1.jar (com.android.tools.analytics-library:tracker:31.10.1) with MergeInstrumentationAnalysisTransform
Transforming shared-31.10.1.jar (com.android.tools.analytics-library:shared:31.10.1) with InstrumentationAnalysisTransform
Transforming shared-31.10.1.jar (com.android.tools.analytics-library:shared:31.10.1) with MergeInstrumentationAnalysisTransform
Transforming databinding-compiler-common-8.10.1.jar (androidx.databinding:databinding-compiler-common:8.10.1) with InstrumentationAnalysisTransform
Transforming databinding-compiler-common-8.10.1.jar (androidx.databinding:databinding-compiler-common:8.10.1) with MergeInstrumentationAnalysisTransform
Transforming android-test-plugin-host-emulator-control-proto-31.10.1.jar (com.android.tools.utp:android-test-plugin-host-emulator-control-proto:31.10.1) with InstrumentationAnalysisTransform
Transforming android-test-plugin-host-emulator-control-proto-31.10.1.jar (com.android.tools.utp:android-test-plugin-host-emulator-control-proto:31.10.1) with MergeInstrumentationAnalysisTransform
Transforming builder-model-8.10.1.jar (com.android.tools.build:builder-model:8.10.1) with InstrumentationAnalysisTransform
Transforming builder-model-8.10.1.jar (com.android.tools.build:builder-model:8.10.1) with MergeInstrumentationAnalysisTransform
Transforming gradle-api-8.10.1.jar (com.android.tools.build:gradle-api:8.10.1) with InstrumentationAnalysisTransform
Transforming gradle-api-8.10.1.jar (com.android.tools.build:gradle-api:8.10.1) with MergeInstrumentationAnalysisTransform
Transforming builder-test-api-8.10.1.jar (com.android.tools.build:builder-test-api:8.10.1) with InstrumentationAnalysisTransform
Transforming builder-test-api-8.10.1.jar (com.android.tools.build:builder-test-api:8.10.1) with MergeInstrumentationAnalysisTransform
Transforming ddmlib-31.10.1.jar (com.android.tools.ddms:ddmlib:31.10.1) with InstrumentationAnalysisTransform
Transforming ddmlib-31.10.1.jar (com.android.tools.ddms:ddmlib:31.10.1) with MergeInstrumentationAnalysisTransform
Transforming layoutlib-api-31.10.1.jar (com.android.tools.layoutlib:layoutlib-api:31.10.1) with InstrumentationAnalysisTransform
Transforming layoutlib-api-31.10.1.jar (com.android.tools.layoutlib:layoutlib-api:31.10.1) with MergeInstrumentationAnalysisTransform
Transforming dvlib-31.10.1.jar (com.android.tools:dvlib:31.10.1) with InstrumentationAnalysisTransform
Transforming dvlib-31.10.1.jar (com.android.tools:dvlib:31.10.1) with MergeInstrumentationAnalysisTransform
Transforming common-31.10.1.jar (com.android.tools:common:31.10.1) with InstrumentationAnalysisTransform
Transforming common-31.10.1.jar (com.android.tools:common:31.10.1) with MergeInstrumentationAnalysisTransform
Transforming kotlin-stdlib-jdk8-2.1.0.jar (org.jetbrains.kotlin:kotlin-stdlib-jdk8:2.1.0) with InstrumentationAnalysisTransform
Transforming kotlin-stdlib-jdk8-2.1.0.jar (org.jetbrains.kotlin:kotlin-stdlib-jdk8:2.1.0) with MergeInstrumentationAnalysisTransform
Transforming jetifier-processor-1.0.0-beta10.jar (com.android.tools.build.jetifier:jetifier-processor:1.0.0-beta10) with InstrumentationAnalysisTransform
Transforming jetifier-processor-1.0.0-beta10.jar (com.android.tools.build.jetifier:jetifier-processor:1.0.0-beta10) with MergeInstrumentationAnalysisTransform
Transforming jetifier-core-1.0.0-beta10.jar (com.android.tools.build.jetifier:jetifier-core:1.0.0-beta10) with InstrumentationAnalysisTransform
Transforming jetifier-core-1.0.0-beta10.jar (com.android.tools.build.jetifier:jetifier-core:1.0.0-beta10) with MergeInstrumentationAnalysisTransform
Transforming kotlin-reflect-2.1.0.jar (org.jetbrains.kotlin:kotlin-reflect:2.1.0) with InstrumentationAnalysisTransform
Transforming kotlin-reflect-2.1.0.jar (org.jetbrains.kotlin:kotlin-reflect:2.1.0) with MergeInstrumentationAnalysisTransform
Transforming kotlin-stdlib-jdk7-2.1.0.jar (org.jetbrains.kotlin:kotlin-stdlib-jdk7:2.1.0) with InstrumentationAnalysisTransform
Transforming kotlin-stdlib-jdk7-2.1.0.jar (org.jetbrains.kotlin:kotlin-stdlib-jdk7:2.1.0) with MergeInstrumentationAnalysisTransform
Transforming kotlin-stdlib-2.2.20.jar (org.jetbrains.kotlin:kotlin-stdlib:2.2.20) with InstrumentationAnalysisTransform
Transforming kotlin-stdlib-2.2.20.jar (org.jetbrains.kotlin:kotlin-stdlib:2.2.20) with MergeInstrumentationAnalysisTransform
Transforming dnsjava-2.1.9.jar (dnsjava:dnsjava:2.1.9) with InstrumentationAnalysisTransform
Transforming dnsjava-2.1.9.jar (dnsjava:dnsjava:2.1.9) with MergeInstrumentationAnalysisTransform
Transforming kotlin-gradle-plugin-annotations-2.2.20.jar (org.jetbrains.kotlin:kotlin-gradle-plugin-annotations:2.2.20) with InstrumentationAnalysisTransform
Transforming kotlin-gradle-plugin-annotations-2.2.20.jar (org.jetbrains.kotlin:kotlin-gradle-plugin-annotations:2.2.20) with MergeInstrumentationAnalysisTransform
Transforming kotlin-native-utils-2.2.20.jar (org.jetbrains.kotlin:kotlin-native-utils:2.2.20) with InstrumentationAnalysisTransform
Transforming kotlin-native-utils-2.2.20.jar (org.jetbrains.kotlin:kotlin-native-utils:2.2.20) with MergeInstrumentationAnalysisTransform
Transforming kotlin-tooling-core-2.2.20.jar (org.jetbrains.kotlin:kotlin-tooling-core:2.2.20) with InstrumentationAnalysisTransform
Transforming kotlin-tooling-core-2.2.20.jar (org.jetbrains.kotlin:kotlin-tooling-core:2.2.20) with MergeInstrumentationAnalysisTransform
Transforming kotlin-build-tools-api-2.2.20.jar (org.jetbrains.kotlin:kotlin-build-tools-api:2.2.20) with InstrumentationAnalysisTransform
Transforming kotlin-build-tools-api-2.2.20.jar (org.jetbrains.kotlin:kotlin-build-tools-api:2.2.20) with MergeInstrumentationAnalysisTransform
Transforming android-test-plugin-result-listener-gradle-proto-31.10.1.jar (com.android.tools.utp:android-test-plugin-result-listener-gradle-proto:31.10.1) with InstrumentationAnalysisTransform
Transforming android-test-plugin-result-listener-gradle-proto-31.10.1.jar (com.android.tools.utp:android-test-plugin-result-listener-gradle-proto:31.10.1) with MergeInstrumentationAnalysisTransform
Transforming bundletool-1.18.0.jar (com.android.tools.build:bundletool:1.18.0) with InstrumentationAnalysisTransform
Transforming bundletool-1.18.0.jar (com.android.tools.build:bundletool:1.18.0) with MergeInstrumentationAnalysisTransform
Transforming protobuf-java-util-3.25.5.jar (com.google.protobuf:protobuf-java-util:3.25.5) with InstrumentationAnalysisTransform
Transforming protobuf-java-util-3.25.5.jar (com.google.protobuf:protobuf-java-util:3.25.5) with MergeInstrumentationAnalysisTransform
Transforming grpc-netty-1.69.1.jar (io.grpc:grpc-netty:1.69.1) with InstrumentationAnalysisTransform
Transforming grpc-netty-1.69.1.jar (io.grpc:grpc-netty:1.69.1) with MergeInstrumentationAnalysisTransform
Transforming grpc-inprocess-1.69.1.jar (io.grpc:grpc-inprocess:1.69.1) with InstrumentationAnalysisTransform
Transforming grpc-inprocess-1.69.1.jar (io.grpc:grpc-inprocess:1.69.1) with MergeInstrumentationAnalysisTransform
Transforming grpc-util-1.69.1.jar (io.grpc:grpc-util:1.69.1) with InstrumentationAnalysisTransform
Transforming grpc-util-1.69.1.jar (io.grpc:grpc-util:1.69.1) with MergeInstrumentationAnalysisTransform
Transforming grpc-core-1.69.1.jar (io.grpc:grpc-core:1.69.1) with InstrumentationAnalysisTransform
Transforming grpc-core-1.69.1.jar (io.grpc:grpc-core:1.69.1) with MergeInstrumentationAnalysisTransform
Transforming tink-1.7.0.jar (com.google.crypto.tink:tink:1.7.0) with InstrumentationAnalysisTransform
Transforming tink-1.7.0.jar (com.google.crypto.tink:tink:1.7.0) with MergeInstrumentationAnalysisTransform
Transforming gson-2.11.0.jar (com.google.code.gson:gson:2.11.0) with InstrumentationAnalysisTransform
Transforming gson-2.11.0.jar (com.google.code.gson:gson:2.11.0) with MergeInstrumentationAnalysisTransform
Transforming kotlin-util-klib-2.2.20.jar (org.jetbrains.kotlin:kotlin-util-klib:2.2.20) with InstrumentationAnalysisTransform
Transforming kotlin-util-klib-2.2.20.jar (org.jetbrains.kotlin:kotlin-util-klib:2.2.20) with MergeInstrumentationAnalysisTransform
Transforming kotlin-util-io-2.2.20.jar (org.jetbrains.kotlin:kotlin-util-io:2.2.20) with InstrumentationAnalysisTransform
Transforming kotlin-gradle-plugin-idea-proto-2.2.20.jar (org.jetbrains.kotlin:kotlin-gradle-plugin-idea-proto:2.2.20) with ExternalDependencyInstrumentingArtifactTransform
Transforming kotlin-util-io-2.2.20.jar (org.jetbrains.kotlin:kotlin-util-io:2.2.20) with MergeInstrumentationAnalysisTransform
Transforming ktlint-gradle-12.1.1.jar (org.jlleitschuh.gradle:ktlint-gradle:12.1.1) with ExternalDependencyInstrumentingArtifactTransform
Transforming kotlin-daemon-client-2.2.20.jar (org.jetbrains.kotlin:kotlin-daemon-client:2.2.20) with InstrumentationAnalysisTransform
Transforming kotlin-daemon-client-2.2.20.jar (org.jetbrains.kotlin:kotlin-daemon-client:2.2.20) with MergeInstrumentationAnalysisTransform
Transforming kotlinx-coroutines-core-jvm-1.8.0.jar (org.jetbrains.kotlinx:kotlinx-coroutines-core-jvm:1.8.0) with InstrumentationAnalysisTransform
Transforming kotlin-klib-commonizer-api-2.2.20.jar (org.jetbrains.kotlin:kotlin-klib-commonizer-api:2.2.20) with ExternalDependencyInstrumentingArtifactTransform
Transforming kotlinx-coroutines-core-jvm-1.8.0.jar (org.jetbrains.kotlinx:kotlinx-coroutines-core-jvm:1.8.0) with MergeInstrumentationAnalysisTransform
Transforming fus-statistics-gradle-plugin-2.2.20-gradle811.jar (org.jetbrains.kotlin:fus-statistics-gradle-plugin:2.2.20) with ExternalDependencyInstrumentingArtifactTransform
Transforming kotlin-gradle-plugin-idea-2.2.20.jar (org.jetbrains.kotlin:kotlin-gradle-plugin-idea:2.2.20) with ExternalDependencyInstrumentingArtifactTransform
Transforming aapt2-proto-8.10.1-12782657.jar (com.android.tools.build:aapt2-proto:8.10.1-12782657) with InstrumentationAnalysisTransform
Transforming aapt2-proto-8.10.1-12782657.jar (com.android.tools.build:aapt2-proto:8.10.1-12782657) with MergeInstrumentationAnalysisTransform
Transforming crash-31.10.1.jar (com.android.tools.analytics-library:crash:31.10.1) with InstrumentationAnalysisTransform
Transforming crash-31.10.1.jar (com.android.tools.analytics-library:crash:31.10.1) with MergeInstrumentationAnalysisTransform
Transforming lint-typedef-remover-31.10.1.jar (com.android.tools.lint:lint-typedef-remover:31.10.1) with InstrumentationAnalysisTransform
Transforming lint-typedef-remover-31.10.1.jar (com.android.tools.lint:lint-typedef-remover:31.10.1) with MergeInstrumentationAnalysisTransform
Transforming classes with ExternalDependencyInstrumentingArtifactTransform
Transforming databinding-common-8.10.1.jar (androidx.databinding:databinding-common:8.10.1) with InstrumentationAnalysisTransform
Transforming databinding-common-8.10.1.jar (androidx.databinding:databinding-common:8.10.1) with MergeInstrumentationAnalysisTransform
Transforming kotlin-gradle-plugin-model-2.2.20.jar (org.jetbrains.kotlin:kotlin-gradle-plugin-model:2.2.20) with ExternalDependencyInstrumentingArtifactTransform
Transforming baseLibrary-8.10.1.jar (com.android.databinding:baseLibrary:8.10.1) with InstrumentationAnalysisTransform
Transforming baseLibrary-8.10.1.jar (com.android.databinding:baseLibrary:8.10.1) with MergeInstrumentationAnalysisTransform
Transforming android-device-provider-ddmlib-proto-31.10.1.jar (com.android.tools.utp:android-device-provider-ddmlib-proto:31.10.1) with InstrumentationAnalysisTransform
Transforming android-device-provider-ddmlib-proto-31.10.1.jar (com.android.tools.utp:android-device-provider-ddmlib-proto:31.10.1) with MergeInstrumentationAnalysisTransform
Transforming android-device-provider-gradle-proto-31.10.1.jar (com.android.tools.utp:android-device-provider-gradle-proto:31.10.1) with InstrumentationAnalysisTransform
Transforming android-device-provider-gradle-proto-31.10.1.jar (com.android.tools.utp:android-device-provider-gradle-proto:31.10.1) with MergeInstrumentationAnalysisTransform
Transforming android-device-provider-profile-proto-31.10.1.jar (com.android.tools.utp:android-device-provider-profile-proto:31.10.1) with InstrumentationAnalysisTransform
Transforming classes with ExternalDependencyInstrumentingArtifactTransform
Transforming android-device-provider-profile-proto-31.10.1.jar (com.android.tools.utp:android-device-provider-profile-proto:31.10.1) with MergeInstrumentationAnalysisTransform
Transforming android-test-plugin-host-additional-test-output-proto-31.10.1.jar (com.android.tools.utp:android-test-plugin-host-additional-test-output-proto:31.10.1) with InstrumentationAnalysisTransform
Transforming android-test-plugin-host-additional-test-output-proto-31.10.1.jar (com.android.tools.utp:android-test-plugin-host-additional-test-output-proto:31.10.1) with MergeInstrumentationAnalysisTransform
Transforming android-test-plugin-host-coverage-proto-31.10.1.jar (com.android.tools.utp:android-test-plugin-host-coverage-proto:31.10.1) with InstrumentationAnalysisTransform
Transforming android-test-plugin-host-coverage-proto-31.10.1.jar (com.android.tools.utp:android-test-plugin-host-coverage-proto:31.10.1) with MergeInstrumentationAnalysisTransform
Transforming android-test-plugin-host-logcat-proto-31.10.1.jar (com.android.tools.utp:android-test-plugin-host-logcat-proto:31.10.1) with InstrumentationAnalysisTransform
Transforming android-test-plugin-host-logcat-proto-31.10.1.jar (com.android.tools.utp:android-test-plugin-host-logcat-proto:31.10.1) with MergeInstrumentationAnalysisTransform
Transforming android-test-plugin-host-apk-installer-proto-31.10.1.jar (com.android.tools.utp:android-test-plugin-host-apk-installer-proto:31.10.1) with InstrumentationAnalysisTransform
Transforming android-test-plugin-host-apk-installer-proto-31.10.1.jar (com.android.tools.utp:android-test-plugin-host-apk-installer-proto:31.10.1) with MergeInstrumentationAnalysisTransform
Transforming transform-api-2.0.0-deprecated-use-gradle-api.jar (com.android.tools.build:transform-api:2.0.0-deprecated-use-gradle-api) with InstrumentationAnalysisTransform
Transforming transform-api-2.0.0-deprecated-use-gradle-api.jar (com.android.tools.build:transform-api:2.0.0-deprecated-use-gradle-api) with MergeInstrumentationAnalysisTransform
Transforming kotlin-gradle-plugin-2.2.20-gradle811.jar (org.jetbrains.kotlin:kotlin-gradle-plugin:2.2.20) with ExternalDependencyInstrumentingArtifactTransform
Transforming httpmime-4.5.6.jar (org.apache.httpcomponents:httpmime:4.5.6) with InstrumentationAnalysisTransform
Transforming httpmime-4.5.6.jar (org.apache.httpcomponents:httpmime:4.5.6) with MergeInstrumentationAnalysisTransform
Transforming commons-io-2.16.1.jar (commons-io:commons-io:2.16.1) with InstrumentationAnalysisTransform
Transforming commons-io-2.16.1.jar (commons-io:commons-io:2.16.1) with MergeInstrumentationAnalysisTransform
Transforming asm-commons-9.7.1.jar (org.ow2.asm:asm-commons:9.7.1) with InstrumentationAnalysisTransform
Transforming asm-commons-9.7.1.jar (org.ow2.asm:asm-commons:9.7.1) with MergeInstrumentationAnalysisTransform
Transforming asm-util-9.7.1.jar (org.ow2.asm:asm-util:9.7.1) with InstrumentationAnalysisTransform
Transforming asm-util-9.7.1.jar (org.ow2.asm:asm-util:9.7.1) with MergeInstrumentationAnalysisTransform
Transforming asm-analysis-9.7.1.jar (org.ow2.asm:asm-analysis:9.7.1) with InstrumentationAnalysisTransform
Transforming asm-analysis-9.7.1.jar (org.ow2.asm:asm-analysis:9.7.1) with MergeInstrumentationAnalysisTransform
Transforming asm-tree-9.7.1.jar (org.ow2.asm:asm-tree:9.7.1) with InstrumentationAnalysisTransform
Transforming asm-tree-9.7.1.jar (org.ow2.asm:asm-tree:9.7.1) with MergeInstrumentationAnalysisTransform
Transforming asm-9.7.1.jar (org.ow2.asm:asm:9.7.1) with InstrumentationAnalysisTransform
Transforming asm-9.7.1.jar (org.ow2.asm:asm:9.7.1) with MergeInstrumentationAnalysisTransform
Transforming apkzlib-8.10.1.jar (com.android.tools.build:apkzlib:8.10.1) with InstrumentationAnalysisTransform
Transforming apkzlib-8.10.1.jar (com.android.tools.build:apkzlib:8.10.1) with MergeInstrumentationAnalysisTransform
Transforming bcpkix-jdk18on-1.79.jar (org.bouncycastle:bcpkix-jdk18on:1.79) with InstrumentationAnalysisTransform
Transforming bcpkix-jdk18on-1.79.jar (org.bouncycastle:bcpkix-jdk18on:1.79) with MergeInstrumentationAnalysisTransform
Transforming jaxb-runtime-2.3.2.jar (org.glassfish.jaxb:jaxb-runtime:2.3.2) with InstrumentationAnalysisTransform
Transforming kotlin-gradle-plugin-api-2.2.20-gradle811.jar (org.jetbrains.kotlin:kotlin-gradle-plugin-api:2.2.20) with ExternalDependencyInstrumentingArtifactTransform
Transforming jaxb-runtime-2.3.2.jar (org.glassfish.jaxb:jaxb-runtime:2.3.2) with MergeInstrumentationAnalysisTransform
Transforming kotlin-gradle-plugin-api-2.2.20.jar (org.jetbrains.kotlin:kotlin-gradle-plugin-api:2.2.20) with ExternalDependencyInstrumentingArtifactTransform
Transforming jopt-simple-4.9.jar (net.sf.jopt-simple:jopt-simple:4.9) with InstrumentationAnalysisTransform
Transforming jopt-simple-4.9.jar (net.sf.jopt-simple:jopt-simple:4.9) with MergeInstrumentationAnalysisTransform
Transforming javapoet-1.10.0.jar (com.squareup:javapoet:1.10.0) with InstrumentationAnalysisTransform
Transforming javapoet-1.10.0.jar (com.squareup:javapoet:1.10.0) with MergeInstrumentationAnalysisTransform
Transforming grpc-protobuf-1.69.1.jar (io.grpc:grpc-protobuf:1.69.1) with InstrumentationAnalysisTransform
Transforming grpc-protobuf-1.69.1.jar (io.grpc:grpc-protobuf:1.69.1) with MergeInstrumentationAnalysisTransform
Transforming core-proto-0.0.9-alpha03.jar (com.google.testing.platform:core-proto:0.0.9-alpha03) with InstrumentationAnalysisTransform
Transforming core-proto-0.0.9-alpha03.jar (com.google.testing.platform:core-proto:0.0.9-alpha03) with MergeInstrumentationAnalysisTransform
Transforming protos-31.10.1.jar (com.android.tools.analytics-library:protos:31.10.1) with InstrumentationAnalysisTransform
Transforming protos-31.10.1.jar (com.android.tools.analytics-library:protos:31.10.1) with MergeInstrumentationAnalysisTransform
Transforming proto-google-common-protos-2.48.0.jar (com.google.api.grpc:proto-google-common-protos:2.48.0) with InstrumentationAnalysisTransform
Transforming proto-google-common-protos-2.48.0.jar (com.google.api.grpc:proto-google-common-protos:2.48.0) with MergeInstrumentationAnalysisTransform
Transforming protobuf-java-3.25.5.jar (com.google.protobuf:protobuf-java:3.25.5) with InstrumentationAnalysisTransform
Transforming protobuf-java-3.25.5.jar (com.google.protobuf:protobuf-java:3.25.5) with MergeInstrumentationAnalysisTransform
Transforming grpc-stub-1.69.1.jar (io.grpc:grpc-stub:1.69.1) with InstrumentationAnalysisTransform
Transforming grpc-stub-1.69.1.jar (io.grpc:grpc-stub:1.69.1) with MergeInstrumentationAnalysisTransform
Transforming tensorflow-lite-metadata-0.2.0.jar (org.tensorflow:tensorflow-lite-metadata:0.2.0) with InstrumentationAnalysisTransform
Transforming tensorflow-lite-metadata-0.2.0.jar (org.tensorflow:tensorflow-lite-metadata:0.2.0) with MergeInstrumentationAnalysisTransform
Transforming flatbuffers-java-1.12.0.jar (com.google.flatbuffers:flatbuffers-java:1.12.0) with InstrumentationAnalysisTransform
Transforming flatbuffers-java-1.12.0.jar (com.google.flatbuffers:flatbuffers-java:1.12.0) with MergeInstrumentationAnalysisTransform
Transforming annotations-23.0.0.jar (org.jetbrains:annotations:23.0.0) with InstrumentationAnalysisTransform
Transforming annotations-23.0.0.jar (org.jetbrains:annotations:23.0.0) with MergeInstrumentationAnalysisTransform
Transforming jimfs-1.1.jar (com.google.jimfs:jimfs:1.1) with InstrumentationAnalysisTransform
Transforming jimfs-1.1.jar (com.google.jimfs:jimfs:1.1) with MergeInstrumentationAnalysisTransform
Transforming grpc-context-1.69.1.jar (io.grpc:grpc-context:1.69.1) with InstrumentationAnalysisTransform
Transforming grpc-context-1.69.1.jar (io.grpc:grpc-context:1.69.1) with MergeInstrumentationAnalysisTransform
Transforming grpc-protobuf-lite-1.69.1.jar (io.grpc:grpc-protobuf-lite:1.69.1) with InstrumentationAnalysisTransform
Transforming grpc-protobuf-lite-1.69.1.jar (io.grpc:grpc-protobuf-lite:1.69.1) with MergeInstrumentationAnalysisTransform
Transforming grpc-api-1.69.1.jar (io.grpc:grpc-api:1.69.1) with InstrumentationAnalysisTransform
Transforming grpc-api-1.69.1.jar (io.grpc:grpc-api:1.69.1) with MergeInstrumentationAnalysisTransform
Transforming guava-33.3.1-jre.jar (com.google.guava:guava:33.3.1-jre) with InstrumentationAnalysisTransform
Transforming guava-33.3.1-jre.jar (com.google.guava:guava:33.3.1-jre) with MergeInstrumentationAnalysisTransform
Transforming error_prone_annotations-2.30.0.jar (com.google.errorprone:error_prone_annotations:2.30.0) with InstrumentationAnalysisTransform
Transforming error_prone_annotations-2.30.0.jar (com.google.errorprone:error_prone_annotations:2.30.0) with MergeInstrumentationAnalysisTransform
Transforming dagger-2.28.3.jar (com.google.dagger:dagger:2.28.3) with InstrumentationAnalysisTransform
Transforming kotlin-build-statistics-2.2.20.jar (org.jetbrains.kotlin:kotlin-build-statistics:2.2.20) with ExternalDependencyInstrumentingArtifactTransform
Transforming dagger-2.28.3.jar (com.google.dagger:dagger:2.28.3) with MergeInstrumentationAnalysisTransform
Transforming javax.inject-1.jar (javax.inject:javax.inject:1) with InstrumentationAnalysisTransform
Transforming javax.inject-1.jar (javax.inject:javax.inject:1) with MergeInstrumentationAnalysisTransform
Transforming kxml2-2.3.0.jar (net.sf.kxml:kxml2:2.3.0) with InstrumentationAnalysisTransform
Transforming kxml2-2.3.0.jar (net.sf.kxml:kxml2:2.3.0) with MergeInstrumentationAnalysisTransform
Transforming kotlin-util-klib-metadata-2.2.20.jar (org.jetbrains.kotlin:kotlin-util-klib-metadata:2.2.20) with ExternalDependencyInstrumentingArtifactTransform
Transforming commons-compress-1.21.jar (org.apache.commons:commons-compress:1.21) with InstrumentationAnalysisTransform
Transforming commons-compress-1.21.jar (org.apache.commons:commons-compress:1.21) with MergeInstrumentationAnalysisTransform
Transforming bcutil-jdk18on-1.79.jar (org.bouncycastle:bcutil-jdk18on:1.79) with InstrumentationAnalysisTransform
Transforming bcutil-jdk18on-1.79.jar (org.bouncycastle:bcutil-jdk18on:1.79) with MergeInstrumentationAnalysisTransform
Transforming bcprov-jdk18on-1.79.jar (org.bouncycastle:bcprov-jdk18on:1.79) with InstrumentationAnalysisTransform
Transforming gradle-8.10.1.jar (com.android.tools.build:gradle:8.10.1) with ExternalDependencyInstrumentingArtifactTransform
Transforming bcprov-jdk18on-1.79.jar (org.bouncycastle:bcprov-jdk18on:1.79) with MergeInstrumentationAnalysisTransform
Transforming httpclient-4.5.14.jar (org.apache.httpcomponents:httpclient:4.5.14) with InstrumentationAnalysisTransform
Transforming httpclient-4.5.14.jar (org.apache.httpcomponents:httpclient:4.5.14) with MergeInstrumentationAnalysisTransform
Transforming httpcore-4.4.16.jar (org.apache.httpcomponents:httpcore:4.4.16) with InstrumentationAnalysisTransform
Transforming httpcore-4.4.16.jar (org.apache.httpcomponents:httpcore:4.4.16) with MergeInstrumentationAnalysisTransform
Transforming javax.activation-1.2.0.jar (com.sun.activation:javax.activation:1.2.0) with InstrumentationAnalysisTransform
Transforming javax.activation-1.2.0.jar (com.sun.activation:javax.activation:1.2.0) with MergeInstrumentationAnalysisTransform
Transforming signflinger-8.10.1.jar (com.android:signflinger:8.10.1) with InstrumentationAnalysisTransform
Transforming kotlin-compiler-runner-2.2.20.jar (org.jetbrains.kotlin:kotlin-compiler-runner:2.2.20) with ExternalDependencyInstrumentingArtifactTransform
Transforming signflinger-8.10.1.jar (com.android:signflinger:8.10.1) with MergeInstrumentationAnalysisTransform
Transforming zipflinger-8.10.1.jar (com.android:zipflinger:8.10.1) with InstrumentationAnalysisTransform
Transforming zipflinger-8.10.1.jar (com.android:zipflinger:8.10.1) with MergeInstrumentationAnalysisTransform
Transforming annotations-31.10.1.jar (com.android.tools:annotations:31.10.1) with InstrumentationAnalysisTransform
Transforming lint-model-31.10.1.jar (com.android.tools.lint:lint-model:31.10.1) with ExternalDependencyInstrumentingArtifactTransform
Transforming annotations-31.10.1.jar (com.android.tools:annotations:31.10.1) with MergeInstrumentationAnalysisTransform
Transforming abi-tools-api-2.2.20.jar (org.jetbrains.kotlin:abi-tools-api:2.2.20) with ExternalDependencyInstrumentingArtifactTransform
Transforming jna-platform-5.6.0.jar (net.java.dev.jna:jna-platform:5.6.0) with InstrumentationAnalysisTransform
Transforming jna-platform-5.6.0.jar (net.java.dev.jna:jna-platform:5.6.0) with MergeInstrumentationAnalysisTransform
Transforming juniversalchardet-1.0.3.jar (com.googlecode.juniversalchardet:juniversalchardet:1.0.3) with InstrumentationAnalysisTransform
Transforming juniversalchardet-1.0.3.jar (com.googlecode.juniversalchardet:juniversalchardet:1.0.3) with MergeInstrumentationAnalysisTransform
Transforming javax.annotation-api-1.3.2.jar (javax.annotation:javax.annotation-api:1.3.2) with InstrumentationAnalysisTransform
Transforming javax.annotation-api-1.3.2.jar (javax.annotation:javax.annotation-api:1.3.2) with MergeInstrumentationAnalysisTransform
Transforming gradle-settings-api-8.10.1.jar (com.android.tools.build:gradle-settings-api:8.10.1) with ExternalDependencyInstrumentingArtifactTransform
Transforming stax-ex-1.8.1.jar (org.jvnet.staxex:stax-ex:1.8.1) with InstrumentationAnalysisTransform
Transforming builder-8.10.1.jar (com.android.tools.build:builder:8.10.1) with ExternalDependencyInstrumentingArtifactTransform
Transforming stax-ex-1.8.1.jar (org.jvnet.staxex:stax-ex:1.8.1) with MergeInstrumentationAnalysisTransform
Transforming jakarta.xml.bind-api-2.3.2.jar (jakarta.xml.bind:jakarta.xml.bind-api:2.3.2) with InstrumentationAnalysisTransform
Transforming jakarta.xml.bind-api-2.3.2.jar (jakarta.xml.bind:jakarta.xml.bind-api:2.3.2) with MergeInstrumentationAnalysisTransform
Transforming txw2-2.3.2.jar (org.glassfish.jaxb:txw2:2.3.2) with InstrumentationAnalysisTransform
Transforming txw2-2.3.2.jar (org.glassfish.jaxb:txw2:2.3.2) with MergeInstrumentationAnalysisTransform
Transforming istack-commons-runtime-3.0.8.jar (com.sun.istack:istack-commons-runtime:3.0.8) with InstrumentationAnalysisTransform
Transforming istack-commons-runtime-3.0.8.jar (com.sun.istack:istack-commons-runtime:3.0.8) with MergeInstrumentationAnalysisTransform
Transforming FastInfoset-1.2.16.jar (com.sun.xml.fastinfoset:FastInfoset:1.2.16) with InstrumentationAnalysisTransform
Transforming FastInfoset-1.2.16.jar (com.sun.xml.fastinfoset:FastInfoset:1.2.16) with MergeInstrumentationAnalysisTransform
Transforming jakarta.activation-api-1.2.1.jar (jakarta.activation:jakarta.activation-api:1.2.1) with InstrumentationAnalysisTransform
Transforming jakarta.activation-api-1.2.1.jar (jakarta.activation:jakarta.activation-api:1.2.1) with MergeInstrumentationAnalysisTransform
Transforming auto-value-annotations-1.6.2.jar (com.google.auto.value:auto-value-annotations:1.6.2) with InstrumentationAnalysisTransform
Transforming auto-value-annotations-1.6.2.jar (com.google.auto.value:auto-value-annotations:1.6.2) with MergeInstrumentationAnalysisTransform
Transforming jose4j-0.9.5.jar (org.bitbucket.b_c:jose4j:0.9.5) with InstrumentationAnalysisTransform
Transforming jose4j-0.9.5.jar (org.bitbucket.b_c:jose4j:0.9.5) with MergeInstrumentationAnalysisTransform
Transforming slf4j-api-1.7.30.jar (org.slf4j:slf4j-api:1.7.30) with InstrumentationAnalysisTransform
Transforming slf4j-api-1.7.30.jar (org.slf4j:slf4j-api:1.7.30) with MergeInstrumentationAnalysisTransform
Transforming jdom2-2.0.6.jar (org.jdom:jdom2:2.0.6) with InstrumentationAnalysisTransform
Transforming jdom2-2.0.6.jar (org.jdom:jdom2:2.0.6) with MergeInstrumentationAnalysisTransform
Transforming jsr305-3.0.2.jar (com.google.code.findbugs:jsr305:3.0.2) with InstrumentationAnalysisTransform
Transforming jsr305-3.0.2.jar (com.google.code.findbugs:jsr305:3.0.2) with MergeInstrumentationAnalysisTransform
Transforming j2objc-annotations-3.0.0.jar (com.google.j2objc:j2objc-annotations:3.0.0) with InstrumentationAnalysisTransform
Transforming j2objc-annotations-3.0.0.jar (com.google.j2objc:j2objc-annotations:3.0.0) with MergeInstrumentationAnalysisTransform
Transforming annotations-4.1.1.4.jar (com.google.android:annotations:4.1.1.4) with InstrumentationAnalysisTransform
Transforming annotations-4.1.1.4.jar (com.google.android:annotations:4.1.1.4) with MergeInstrumentationAnalysisTransform
Transforming animal-sniffer-annotations-1.24.jar (org.codehaus.mojo:animal-sniffer-annotations:1.24) with InstrumentationAnalysisTransform
Transforming animal-sniffer-annotations-1.24.jar (org.codehaus.mojo:animal-sniffer-annotations:1.24) with MergeInstrumentationAnalysisTransform
Transforming perfmark-api-0.27.0.jar (io.perfmark:perfmark-api:0.27.0) with InstrumentationAnalysisTransform
Transforming perfmark-api-0.27.0.jar (io.perfmark:perfmark-api:0.27.0) with MergeInstrumentationAnalysisTransform
Transforming netty-codec-http2-4.1.110.Final.jar (io.netty:netty-codec-http2:4.1.110.Final) with InstrumentationAnalysisTransform
Transforming netty-codec-http2-4.1.110.Final.jar (io.netty:netty-codec-http2:4.1.110.Final) with MergeInstrumentationAnalysisTransform
Transforming netty-handler-proxy-4.1.110.Final.jar (io.netty:netty-handler-proxy:4.1.110.Final) with InstrumentationAnalysisTransform
Transforming netty-handler-proxy-4.1.110.Final.jar (io.netty:netty-handler-proxy:4.1.110.Final) with MergeInstrumentationAnalysisTransform
Transforming netty-codec-http-4.1.110.Final.jar (io.netty:netty-codec-http:4.1.110.Final) with InstrumentationAnalysisTransform
Transforming netty-codec-http-4.1.110.Final.jar (io.netty:netty-codec-http:4.1.110.Final) with MergeInstrumentationAnalysisTransform
Transforming netty-handler-4.1.110.Final.jar (io.netty:netty-handler:4.1.110.Final) with InstrumentationAnalysisTransform
Transforming netty-handler-4.1.110.Final.jar (io.netty:netty-handler:4.1.110.Final) with MergeInstrumentationAnalysisTransform
Transforming netty-transport-native-unix-common-4.1.110.Final.jar (io.netty:netty-transport-native-unix-common:4.1.110.Final) with InstrumentationAnalysisTransform
Transforming netty-transport-native-unix-common-4.1.110.Final.jar (io.netty:netty-transport-native-unix-common:4.1.110.Final) with MergeInstrumentationAnalysisTransform
Transforming checker-qual-3.43.0.jar (org.checkerframework:checker-qual:3.43.0) with InstrumentationAnalysisTransform
Transforming manifest-merger-31.10.1.jar (com.android.tools.build:manifest-merger:31.10.1) with ExternalDependencyInstrumentingArtifactTransform
Transforming checker-qual-3.43.0.jar (org.checkerframework:checker-qual:3.43.0) with MergeInstrumentationAnalysisTransform
Transforming sdk-common-31.10.1.jar (com.android.tools:sdk-common:31.10.1) with ExternalDependencyInstrumentingArtifactTransform
Transforming apksig-8.10.1.jar (com.android.tools.build:apksig:8.10.1) with InstrumentationAnalysisTransform
Transforming apksig-8.10.1.jar (com.android.tools.build:apksig:8.10.1) with MergeInstrumentationAnalysisTransform
Transforming javawriter-2.5.0.jar (com.squareup:javawriter:2.5.0) with InstrumentationAnalysisTransform
Transforming javawriter-2.5.0.jar (com.squareup:javawriter:2.5.0) with MergeInstrumentationAnalysisTransform
Transforming failureaccess-1.0.2.jar (com.google.guava:failureaccess:1.0.2) with InstrumentationAnalysisTransform
Transforming failureaccess-1.0.2.jar (com.google.guava:failureaccess:1.0.2) with MergeInstrumentationAnalysisTransform
Transforming listenablefuture-9999.0-empty-to-avoid-conflict-with-guava.jar (com.google.guava:listenablefuture:9999.0-empty-to-avoid-conflict-with-guava) with InstrumentationAnalysisTransform
Transforming listenablefuture-9999.0-empty-to-avoid-conflict-with-guava.jar (com.google.guava:listenablefuture:9999.0-empty-to-avoid-conflict-with-guava) with MergeInstrumentationAnalysisTransform
Transforming commons-logging-1.2.jar (commons-logging:commons-logging:1.2) with InstrumentationAnalysisTransform
Transforming commons-logging-1.2.jar (commons-logging:commons-logging:1.2) with MergeInstrumentationAnalysisTransform
Transforming commons-codec-1.11.jar (commons-codec:commons-codec:1.11) with InstrumentationAnalysisTransform
Transforming commons-codec-1.11.jar (commons-codec:commons-codec:1.11) with MergeInstrumentationAnalysisTransform
Transforming jna-5.6.0.jar (net.java.dev.jna:jna:5.6.0) with InstrumentationAnalysisTransform
Transforming jna-5.6.0.jar (net.java.dev.jna:jna:5.6.0) with MergeInstrumentationAnalysisTransform
Transforming sdklib-31.10.1.jar (com.android.tools:sdklib:31.10.1) with ExternalDependencyInstrumentingArtifactTransform
Transforming netty-codec-socks-4.1.110.Final.jar (io.netty:netty-codec-socks:4.1.110.Final) with InstrumentationAnalysisTransform
Transforming netty-codec-socks-4.1.110.Final.jar (io.netty:netty-codec-socks:4.1.110.Final) with MergeInstrumentationAnalysisTransform
Transforming netty-codec-4.1.110.Final.jar (io.netty:netty-codec:4.1.110.Final) with InstrumentationAnalysisTransform
Transforming netty-codec-4.1.110.Final.jar (io.netty:netty-codec:4.1.110.Final) with MergeInstrumentationAnalysisTransform
Transforming netty-transport-4.1.110.Final.jar (io.netty:netty-transport:4.1.110.Final) with InstrumentationAnalysisTransform
Transforming netty-transport-4.1.110.Final.jar (io.netty:netty-transport:4.1.110.Final) with MergeInstrumentationAnalysisTransform
Transforming netty-buffer-4.1.110.Final.jar (io.netty:netty-buffer:4.1.110.Final) with InstrumentationAnalysisTransform
Transforming netty-buffer-4.1.110.Final.jar (io.netty:netty-buffer:4.1.110.Final) with MergeInstrumentationAnalysisTransform
Transforming netty-resolver-4.1.110.Final.jar (io.netty:netty-resolver:4.1.110.Final) with InstrumentationAnalysisTransform
Transforming netty-resolver-4.1.110.Final.jar (io.netty:netty-resolver:4.1.110.Final) with MergeInstrumentationAnalysisTransform
Transforming netty-common-4.1.110.Final.jar (io.netty:netty-common:4.1.110.Final) with InstrumentationAnalysisTransform
Transforming netty-common-4.1.110.Final.jar (io.netty:netty-common:4.1.110.Final) with MergeInstrumentationAnalysisTransform
Transforming repository-31.10.1.jar (com.android.tools:repository:31.10.1) with ExternalDependencyInstrumentingArtifactTransform
Transforming tracker-31.10.1.jar (com.android.tools.analytics-library:tracker:31.10.1) with ExternalDependencyInstrumentingArtifactTransform
Transforming gradle-api-8.10.1.jar (com.android.tools.build:gradle-api:8.10.1) with ExternalDependencyInstrumentingArtifactTransform
Transforming aaptcompiler-8.10.1.jar (com.android.tools.build:aaptcompiler:8.10.1) with ExternalDependencyInstrumentingArtifactTransform
Transforming shared-31.10.1.jar (com.android.tools.analytics-library:shared:31.10.1) with ExternalDependencyInstrumentingArtifactTransform
Transforming builder-model-8.10.1.jar (com.android.tools.build:builder-model:8.10.1) with ExternalDependencyInstrumentingArtifactTransform
Transforming ddmlib-31.10.1.jar (com.android.tools.ddms:ddmlib:31.10.1) with ExternalDependencyInstrumentingArtifactTransform
Transforming android-test-plugin-host-emulator-control-proto-31.10.1.jar (com.android.tools.utp:android-test-plugin-host-emulator-control-proto:31.10.1) with ExternalDependencyInstrumentingArtifactTransform
Transforming kotlin-stdlib-jdk8-2.1.0.jar (org.jetbrains.kotlin:kotlin-stdlib-jdk8:2.1.0) with ExternalDependencyInstrumentingArtifactTransform
Transforming builder-test-api-8.10.1.jar (com.android.tools.build:builder-test-api:8.10.1) with ExternalDependencyInstrumentingArtifactTransform
Transforming databinding-compiler-common-8.10.1.jar (androidx.databinding:databinding-compiler-common:8.10.1) with ExternalDependencyInstrumentingArtifactTransform
Transforming layoutlib-api-31.10.1.jar (com.android.tools.layoutlib:layoutlib-api:31.10.1) with ExternalDependencyInstrumentingArtifactTransform
Transforming kotlin-stdlib-jdk7-2.1.0.jar (org.jetbrains.kotlin:kotlin-stdlib-jdk7:2.1.0) with ExternalDependencyInstrumentingArtifactTransform
Transforming dvlib-31.10.1.jar (com.android.tools:dvlib:31.10.1) with ExternalDependencyInstrumentingArtifactTransform
Transforming common-31.10.1.jar (com.android.tools:common:31.10.1) with ExternalDependencyInstrumentingArtifactTransform
Transforming jetifier-processor-1.0.0-beta10.jar (com.android.tools.build.jetifier:jetifier-processor:1.0.0-beta10) with ExternalDependencyInstrumentingArtifactTransform
Transforming jetifier-core-1.0.0-beta10.jar (com.android.tools.build.jetifier:jetifier-core:1.0.0-beta10) with ExternalDependencyInstrumentingArtifactTransform
Transforming kotlin-reflect-2.1.0.jar (org.jetbrains.kotlin:kotlin-reflect:2.1.0) with ExternalDependencyInstrumentingArtifactTransform
Transforming kotlin-stdlib-2.2.20.jar (org.jetbrains.kotlin:kotlin-stdlib:2.2.20) with ExternalDependencyInstrumentingArtifactTransform
Transforming kotlin-gradle-plugin-annotations-2.2.20.jar (org.jetbrains.kotlin:kotlin-gradle-plugin-annotations:2.2.20) with ExternalDependencyInstrumentingArtifactTransform
Transforming kotlin-native-utils-2.2.20.jar (org.jetbrains.kotlin:kotlin-native-utils:2.2.20) with ExternalDependencyInstrumentingArtifactTransform
Transforming dnsjava-2.1.9.jar (dnsjava:dnsjava:2.1.9) with ExternalDependencyInstrumentingArtifactTransform
Transforming kotlin-build-tools-api-2.2.20.jar (org.jetbrains.kotlin:kotlin-build-tools-api:2.2.20) with ExternalDependencyInstrumentingArtifactTransform
Transforming android-test-plugin-result-listener-gradle-proto-31.10.1.jar (com.android.tools.utp:android-test-plugin-result-listener-gradle-proto:31.10.1) with ExternalDependencyInstrumentingArtifactTransform
Transforming protobuf-java-util-3.25.5.jar (com.google.protobuf:protobuf-java-util:3.25.5) with ExternalDependencyInstrumentingArtifactTransform
Transforming kotlin-tooling-core-2.2.20.jar (org.jetbrains.kotlin:kotlin-tooling-core:2.2.20) with ExternalDependencyInstrumentingArtifactTransform
Transforming grpc-inprocess-1.69.1.jar (io.grpc:grpc-inprocess:1.69.1) with ExternalDependencyInstrumentingArtifactTransform
Transforming grpc-netty-1.69.1.jar (io.grpc:grpc-netty:1.69.1) with ExternalDependencyInstrumentingArtifactTransform
Transforming bundletool-1.18.0.jar (com.android.tools.build:bundletool:1.18.0) with ExternalDependencyInstrumentingArtifactTransform
Transforming grpc-util-1.69.1.jar (io.grpc:grpc-util:1.69.1) with ExternalDependencyInstrumentingArtifactTransform
Transforming tink-1.7.0.jar (com.google.crypto.tink:tink:1.7.0) with ExternalDependencyInstrumentingArtifactTransform
Transforming grpc-core-1.69.1.jar (io.grpc:grpc-core:1.69.1) with ExternalDependencyInstrumentingArtifactTransform
Transforming gson-2.11.0.jar (com.google.code.gson:gson:2.11.0) with ExternalDependencyInstrumentingArtifactTransform
Transforming aapt2-proto-8.10.1-12782657.jar (com.android.tools.build:aapt2-proto:8.10.1-12782657) with ExternalDependencyInstrumentingArtifactTransform
Transforming kotlin-daemon-client-2.2.20.jar (org.jetbrains.kotlin:kotlin-daemon-client:2.2.20) with ExternalDependencyInstrumentingArtifactTransform
Transforming kotlinx-coroutines-core-jvm-1.8.0.jar (org.jetbrains.kotlinx:kotlinx-coroutines-core-jvm:1.8.0) with ExternalDependencyInstrumentingArtifactTransform
Transforming crash-31.10.1.jar (com.android.tools.analytics-library:crash:31.10.1) with ExternalDependencyInstrumentingArtifactTransform
Transforming baseLibrary-8.10.1.jar (com.android.databinding:baseLibrary:8.10.1) with ExternalDependencyInstrumentingArtifactTransform
Transforming databinding-common-8.10.1.jar (androidx.databinding:databinding-common:8.10.1) with ExternalDependencyInstrumentingArtifactTransform
Transforming kotlin-util-klib-2.2.20.jar (org.jetbrains.kotlin:kotlin-util-klib:2.2.20) with ExternalDependencyInstrumentingArtifactTransform
Transforming android-device-provider-ddmlib-proto-31.10.1.jar (com.android.tools.utp:android-device-provider-ddmlib-proto:31.10.1) with ExternalDependencyInstrumentingArtifactTransform
Transforming lint-typedef-remover-31.10.1.jar (com.android.tools.lint:lint-typedef-remover:31.10.1) with ExternalDependencyInstrumentingArtifactTransform
Transforming kotlin-util-io-2.2.20.jar (org.jetbrains.kotlin:kotlin-util-io:2.2.20) with ExternalDependencyInstrumentingArtifactTransform
Transforming android-device-provider-gradle-proto-31.10.1.jar (com.android.tools.utp:android-device-provider-gradle-proto:31.10.1) with ExternalDependencyInstrumentingArtifactTransform
Transforming android-test-plugin-host-additional-test-output-proto-31.10.1.jar (com.android.tools.utp:android-test-plugin-host-additional-test-output-proto:31.10.1) with ExternalDependencyInstrumentingArtifactTransform
Transforming android-device-provider-profile-proto-31.10.1.jar (com.android.tools.utp:android-device-provider-profile-proto:31.10.1) with ExternalDependencyInstrumentingArtifactTransform
Transforming android-test-plugin-host-coverage-proto-31.10.1.jar (com.android.tools.utp:android-test-plugin-host-coverage-proto:31.10.1) with ExternalDependencyInstrumentingArtifactTransform
Transforming android-test-plugin-host-logcat-proto-31.10.1.jar (com.android.tools.utp:android-test-plugin-host-logcat-proto:31.10.1) with ExternalDependencyInstrumentingArtifactTransform
Transforming transform-api-2.0.0-deprecated-use-gradle-api.jar (com.android.tools.build:transform-api:2.0.0-deprecated-use-gradle-api) with ExternalDependencyInstrumentingArtifactTransform
Transforming android-test-plugin-host-apk-installer-proto-31.10.1.jar (com.android.tools.utp:android-test-plugin-host-apk-installer-proto:31.10.1) with ExternalDependencyInstrumentingArtifactTransform
Transforming httpmime-4.5.6.jar (org.apache.httpcomponents:httpmime:4.5.6) with ExternalDependencyInstrumentingArtifactTransform
Transforming asm-util-9.7.1.jar (org.ow2.asm:asm-util:9.7.1) with ExternalDependencyInstrumentingArtifactTransform
Transforming commons-io-2.16.1.jar (commons-io:commons-io:2.16.1) with ExternalDependencyInstrumentingArtifactTransform
Transforming asm-commons-9.7.1.jar (org.ow2.asm:asm-commons:9.7.1) with ExternalDependencyInstrumentingArtifactTransform
Transforming asm-analysis-9.7.1.jar (org.ow2.asm:asm-analysis:9.7.1) with ExternalDependencyInstrumentingArtifactTransform
Transforming asm-tree-9.7.1.jar (org.ow2.asm:asm-tree:9.7.1) with ExternalDependencyInstrumentingArtifactTransform
Transforming jaxb-runtime-2.3.2.jar (org.glassfish.jaxb:jaxb-runtime:2.3.2) with ExternalDependencyInstrumentingArtifactTransform
Transforming apkzlib-8.10.1.jar (com.android.tools.build:apkzlib:8.10.1) with ExternalDependencyInstrumentingArtifactTransform
Transforming asm-9.7.1.jar (org.ow2.asm:asm:9.7.1) with ExternalDependencyInstrumentingArtifactTransform
Transforming jopt-simple-4.9.jar (net.sf.jopt-simple:jopt-simple:4.9) with ExternalDependencyInstrumentingArtifactTransform
Transforming grpc-protobuf-1.69.1.jar (io.grpc:grpc-protobuf:1.69.1) with ExternalDependencyInstrumentingArtifactTransform
Transforming proto-google-common-protos-2.48.0.jar (com.google.api.grpc:proto-google-common-protos:2.48.0) with ExternalDependencyInstrumentingArtifactTransform
Transforming bcpkix-jdk18on-1.79.jar (org.bouncycastle:bcpkix-jdk18on:1.79) with ExternalDependencyInstrumentingArtifactTransform
Transforming javapoet-1.10.0.jar (com.squareup:javapoet:1.10.0) with ExternalDependencyInstrumentingArtifactTransform
Transforming protobuf-java-3.25.5.jar (com.google.protobuf:protobuf-java:3.25.5) with ExternalDependencyInstrumentingArtifactTransform
Transforming annotations-23.0.0.jar (org.jetbrains:annotations:23.0.0) with ExternalDependencyInstrumentingArtifactTransform
Transforming core-proto-0.0.9-alpha03.jar (com.google.testing.platform:core-proto:0.0.9-alpha03) with ExternalDependencyInstrumentingArtifactTransform
Transforming tensorflow-lite-metadata-0.2.0.jar (org.tensorflow:tensorflow-lite-metadata:0.2.0) with ExternalDependencyInstrumentingArtifactTransform
Transforming grpc-stub-1.69.1.jar (io.grpc:grpc-stub:1.69.1) with ExternalDependencyInstrumentingArtifactTransform
Transforming flatbuffers-java-1.12.0.jar (com.google.flatbuffers:flatbuffers-java:1.12.0) with ExternalDependencyInstrumentingArtifactTransform
Transforming grpc-context-1.69.1.jar (io.grpc:grpc-context:1.69.1) with ExternalDependencyInstrumentingArtifactTransform
Transforming protos-31.10.1.jar (com.android.tools.analytics-library:protos:31.10.1) with ExternalDependencyInstrumentingArtifactTransform
Transforming jimfs-1.1.jar (com.google.jimfs:jimfs:1.1) with ExternalDependencyInstrumentingArtifactTransform
Transforming error_prone_annotations-2.30.0.jar (com.google.errorprone:error_prone_annotations:2.30.0) with ExternalDependencyInstrumentingArtifactTransform
Transforming grpc-api-1.69.1.jar (io.grpc:grpc-api:1.69.1) with ExternalDependencyInstrumentingArtifactTransform
Transforming guava-33.3.1-jre.jar (com.google.guava:guava:33.3.1-jre) with ExternalDependencyInstrumentingArtifactTransform
Transforming javax.inject-1.jar (javax.inject:javax.inject:1) with ExternalDependencyInstrumentingArtifactTransform
Transforming dagger-2.28.3.jar (com.google.dagger:dagger:2.28.3) with ExternalDependencyInstrumentingArtifactTransform
Transforming grpc-protobuf-lite-1.69.1.jar (io.grpc:grpc-protobuf-lite:1.69.1) with ExternalDependencyInstrumentingArtifactTransform
Transforming kxml2-2.3.0.jar (net.sf.kxml:kxml2:2.3.0) with ExternalDependencyInstrumentingArtifactTransform
Transforming bcutil-jdk18on-1.79.jar (org.bouncycastle:bcutil-jdk18on:1.79) with ExternalDependencyInstrumentingArtifactTransform
Transforming commons-compress-1.21.jar (org.apache.commons:commons-compress:1.21) with ExternalDependencyInstrumentingArtifactTransform
Transforming bcprov-jdk18on-1.79.jar (org.bouncycastle:bcprov-jdk18on:1.79) with ExternalDependencyInstrumentingArtifactTransform
Transforming httpclient-4.5.14.jar (org.apache.httpcomponents:httpclient:4.5.14) with ExternalDependencyInstrumentingArtifactTransform
Transforming httpcore-4.4.16.jar (org.apache.httpcomponents:httpcore:4.4.16) with ExternalDependencyInstrumentingArtifactTransform
Transforming signflinger-8.10.1.jar (com.android:signflinger:8.10.1) with ExternalDependencyInstrumentingArtifactTransform
Transforming annotations-31.10.1.jar (com.android.tools:annotations:31.10.1) with ExternalDependencyInstrumentingArtifactTransform
Transforming javax.annotation-api-1.3.2.jar (javax.annotation:javax.annotation-api:1.3.2) with ExternalDependencyInstrumentingArtifactTransform
Transforming zipflinger-8.10.1.jar (com.android:zipflinger:8.10.1) with ExternalDependencyInstrumentingArtifactTransform
Transforming jna-platform-5.6.0.jar (net.java.dev.jna:jna-platform:5.6.0) with ExternalDependencyInstrumentingArtifactTransform
Transforming javax.activation-1.2.0.jar (com.sun.activation:javax.activation:1.2.0) with ExternalDependencyInstrumentingArtifactTransform
Transforming txw2-2.3.2.jar (org.glassfish.jaxb:txw2:2.3.2) with ExternalDependencyInstrumentingArtifactTransform
Transforming stax-ex-1.8.1.jar (org.jvnet.staxex:stax-ex:1.8.1) with ExternalDependencyInstrumentingArtifactTransform
Transforming juniversalchardet-1.0.3.jar (com.googlecode.juniversalchardet:juniversalchardet:1.0.3) with ExternalDependencyInstrumentingArtifactTransform
Transforming istack-commons-runtime-3.0.8.jar (com.sun.istack:istack-commons-runtime:3.0.8) with ExternalDependencyInstrumentingArtifactTransform
Transforming jakarta.xml.bind-api-2.3.2.jar (jakarta.xml.bind:jakarta.xml.bind-api:2.3.2) with ExternalDependencyInstrumentingArtifactTransform
Transforming jakarta.activation-api-1.2.1.jar (jakarta.activation:jakarta.activation-api:1.2.1) with ExternalDependencyInstrumentingArtifactTransform
Transforming jose4j-0.9.5.jar (org.bitbucket.b_c:jose4j:0.9.5) with ExternalDependencyInstrumentingArtifactTransform
Transforming auto-value-annotations-1.6.2.jar (com.google.auto.value:auto-value-annotations:1.6.2) with ExternalDependencyInstrumentingArtifactTransform
Transforming FastInfoset-1.2.16.jar (com.sun.xml.fastinfoset:FastInfoset:1.2.16) with ExternalDependencyInstrumentingArtifactTransform
Transforming j2objc-annotations-3.0.0.jar (com.google.j2objc:j2objc-annotations:3.0.0) with ExternalDependencyInstrumentingArtifactTransform
Transforming slf4j-api-1.7.30.jar (org.slf4j:slf4j-api:1.7.30) with ExternalDependencyInstrumentingArtifactTransform
Transforming animal-sniffer-annotations-1.24.jar (org.codehaus.mojo:animal-sniffer-annotations:1.24) with ExternalDependencyInstrumentingArtifactTransform
Transforming jdom2-2.0.6.jar (org.jdom:jdom2:2.0.6) with ExternalDependencyInstrumentingArtifactTransform
Transforming annotations-4.1.1.4.jar (com.google.android:annotations:4.1.1.4) with ExternalDependencyInstrumentingArtifactTransform
Transforming jsr305-3.0.2.jar (com.google.code.findbugs:jsr305:3.0.2) with ExternalDependencyInstrumentingArtifactTransform
Transforming perfmark-api-0.27.0.jar (io.perfmark:perfmark-api:0.27.0) with ExternalDependencyInstrumentingArtifactTransform
Transforming netty-codec-http2-4.1.110.Final.jar (io.netty:netty-codec-http2:4.1.110.Final) with ExternalDependencyInstrumentingArtifactTransform
Transforming netty-codec-http-4.1.110.Final.jar (io.netty:netty-codec-http:4.1.110.Final) with ExternalDependencyInstrumentingArtifactTransform
Transforming netty-handler-4.1.110.Final.jar (io.netty:netty-handler:4.1.110.Final) with ExternalDependencyInstrumentingArtifactTransform
Transforming checker-qual-3.43.0.jar (org.checkerframework:checker-qual:3.43.0) with ExternalDependencyInstrumentingArtifactTransform
Transforming netty-transport-native-unix-common-4.1.110.Final.jar (io.netty:netty-transport-native-unix-common:4.1.110.Final) with ExternalDependencyInstrumentingArtifactTransform
Transforming listenablefuture-9999.0-empty-to-avoid-conflict-with-guava.jar (com.google.guava:listenablefuture:9999.0-empty-to-avoid-conflict-with-guava) with ExternalDependencyInstrumentingArtifactTransform
Transforming failureaccess-1.0.2.jar (com.google.guava:failureaccess:1.0.2) with ExternalDependencyInstrumentingArtifactTransform
Transforming javawriter-2.5.0.jar (com.squareup:javawriter:2.5.0) with ExternalDependencyInstrumentingArtifactTransform
Transforming netty-handler-proxy-4.1.110.Final.jar (io.netty:netty-handler-proxy:4.1.110.Final) with ExternalDependencyInstrumentingArtifactTransform
Transforming commons-logging-1.2.jar (commons-logging:commons-logging:1.2) with ExternalDependencyInstrumentingArtifactTransform
Transforming apksig-8.10.1.jar (com.android.tools.build:apksig:8.10.1) with ExternalDependencyInstrumentingArtifactTransform
Transforming commons-codec-1.11.jar (commons-codec:commons-codec:1.11) with ExternalDependencyInstrumentingArtifactTransform
Transforming netty-codec-4.1.110.Final.jar (io.netty:netty-codec:4.1.110.Final) with ExternalDependencyInstrumentingArtifactTransform
Transforming netty-codec-socks-4.1.110.Final.jar (io.netty:netty-codec-socks:4.1.110.Final) with ExternalDependencyInstrumentingArtifactTransform
Transforming netty-common-4.1.110.Final.jar (io.netty:netty-common:4.1.110.Final) with ExternalDependencyInstrumentingArtifactTransform
Transforming netty-buffer-4.1.110.Final.jar (io.netty:netty-buffer:4.1.110.Final) with ExternalDependencyInstrumentingArtifactTransform
Transforming netty-transport-4.1.110.Final.jar (io.netty:netty-transport:4.1.110.Final) with ExternalDependencyInstrumentingArtifactTransform
Transforming jna-5.6.0.jar (net.java.dev.jna:jna:5.6.0) with ExternalDependencyInstrumentingArtifactTransform
Transforming netty-resolver-4.1.110.Final.jar (io.netty:netty-resolver:4.1.110.Final) with ExternalDependencyInstrumentingArtifactTransform
Transforming plugins.jar (project :build-logic:plugins) with ProjectDependencyInstrumentingArtifactTransform
Transforming tools.jar (project :build-logic:tools) with ProjectDependencyInstrumentingArtifactTransform
Using default execution profile
Using Kotlin Gradle Plugin gradle811 variant

> Configure project :contacts-app
Evaluating project ':contacts-app' using build file '/home/lollerfirst/Signal-Android/contacts/app/build.gradle'.
Transforming classes with InstrumentationAnalysisTransform
Transforming classes with InstrumentationAnalysisTransform
Transforming kotlin-gradle-plugin-model-2.2.20.jar (org.jetbrains.kotlin:kotlin-gradle-plugin-model:2.2.20) with InstrumentationAnalysisTransform
Transforming fus-statistics-gradle-plugin-2.2.20-gradle811.jar (org.jetbrains.kotlin:fus-statistics-gradle-plugin:2.2.20) with InstrumentationAnalysisTransform
Transforming kotlin-gradle-plugin-api-2.2.20.jar (org.jetbrains.kotlin:kotlin-gradle-plugin-api:2.2.20) with InstrumentationAnalysisTransform
Transforming kotlin-gradle-plugin-api-2.2.20-gradle811.jar (org.jetbrains.kotlin:kotlin-gradle-plugin-api:2.2.20) with InstrumentationAnalysisTransform
Transforming kotlin-gradle-plugin-2.2.20-gradle811.jar (org.jetbrains.kotlin:kotlin-gradle-plugin:2.2.20) with InstrumentationAnalysisTransform
Transforming ktlint-gradle-12.1.1.jar (org.jlleitschuh.gradle:ktlint-gradle:12.1.1) with InstrumentationAnalysisTransform
Transforming kotlin-gradle-plugin-idea-proto-2.2.20.jar (org.jetbrains.kotlin:kotlin-gradle-plugin-idea-proto:2.2.20) with InstrumentationAnalysisTransform
Transforming kotlin-gradle-plugin-idea-2.2.20.jar (org.jetbrains.kotlin:kotlin-gradle-plugin-idea:2.2.20) with InstrumentationAnalysisTransform
Transforming kotlin-klib-commonizer-api-2.2.20.jar (org.jetbrains.kotlin:kotlin-klib-commonizer-api:2.2.20) with InstrumentationAnalysisTransform
Transforming kotlin-build-statistics-2.2.20.jar (org.jetbrains.kotlin:kotlin-build-statistics:2.2.20) with InstrumentationAnalysisTransform
Transforming kotlin-util-klib-metadata-2.2.20.jar (org.jetbrains.kotlin:kotlin-util-klib-metadata:2.2.20) with InstrumentationAnalysisTransform
Transforming abi-tools-api-2.2.20.jar (org.jetbrains.kotlin:abi-tools-api:2.2.20) with InstrumentationAnalysisTransform
Transforming kotlin-compiler-runner-2.2.20.jar (org.jetbrains.kotlin:kotlin-compiler-runner:2.2.20) with InstrumentationAnalysisTransform
Transforming gradle-8.10.1.jar (com.android.tools.build:gradle:8.10.1) with InstrumentationAnalysisTransform
Transforming gradle-settings-api-8.10.1.jar (com.android.tools.build:gradle-settings-api:8.10.1) with InstrumentationAnalysisTransform
Transforming lint-model-31.10.1.jar (com.android.tools.lint:lint-model:31.10.1) with InstrumentationAnalysisTransform
Transforming builder-8.10.1.jar (com.android.tools.build:builder:8.10.1) with InstrumentationAnalysisTransform
Transforming manifest-merger-31.10.1.jar (com.android.tools.build:manifest-merger:31.10.1) with InstrumentationAnalysisTransform
Transforming sdk-common-31.10.1.jar (com.android.tools:sdk-common:31.10.1) with InstrumentationAnalysisTransform
Transforming sdklib-31.10.1.jar (com.android.tools:sdklib:31.10.1) with InstrumentationAnalysisTransform
Transforming repository-31.10.1.jar (com.android.tools:repository:31.10.1) with InstrumentationAnalysisTransform
Transforming aaptcompiler-8.10.1.jar (com.android.tools.build:aaptcompiler:8.10.1) with InstrumentationAnalysisTransform
Transforming tracker-31.10.1.jar (com.android.tools.analytics-library:tracker:31.10.1) with InstrumentationAnalysisTransform
Transforming shared-31.10.1.jar (com.android.tools.analytics-library:shared:31.10.1) with InstrumentationAnalysisTransform
Transforming databinding-compiler-common-8.10.1.jar (androidx.databinding:databinding-compiler-common:8.10.1) with InstrumentationAnalysisTransform
Transforming android-test-plugin-host-emulator-control-proto-31.10.1.jar (com.android.tools.utp:android-test-plugin-host-emulator-control-proto:31.10.1) with InstrumentationAnalysisTransform
Transforming builder-model-8.10.1.jar (com.android.tools.build:builder-model:8.10.1) with InstrumentationAnalysisTransform
Transforming gradle-api-8.10.1.jar (com.android.tools.build:gradle-api:8.10.1) with InstrumentationAnalysisTransform
Transforming builder-test-api-8.10.1.jar (com.android.tools.build:builder-test-api:8.10.1) with InstrumentationAnalysisTransform
Transforming ddmlib-31.10.1.jar (com.android.tools.ddms:ddmlib:31.10.1) with InstrumentationAnalysisTransform
Transforming layoutlib-api-31.10.1.jar (com.android.tools.layoutlib:layoutlib-api:31.10.1) with InstrumentationAnalysisTransform
Transforming dvlib-31.10.1.jar (com.android.tools:dvlib:31.10.1) with InstrumentationAnalysisTransform
Transforming common-31.10.1.jar (com.android.tools:common:31.10.1) with InstrumentationAnalysisTransform
Transforming kotlin-stdlib-jdk8-2.1.0.jar (org.jetbrains.kotlin:kotlin-stdlib-jdk8:2.1.0) with InstrumentationAnalysisTransform
Transforming jetifier-processor-1.0.0-beta10.jar (com.android.tools.build.jetifier:jetifier-processor:1.0.0-beta10) with InstrumentationAnalysisTransform
Transforming jetifier-core-1.0.0-beta10.jar (com.android.tools.build.jetifier:jetifier-core:1.0.0-beta10) with InstrumentationAnalysisTransform
Transforming kotlin-reflect-2.1.0.jar (org.jetbrains.kotlin:kotlin-reflect:2.1.0) with InstrumentationAnalysisTransform
Transforming kotlin-stdlib-jdk7-2.1.0.jar (org.jetbrains.kotlin:kotlin-stdlib-jdk7:2.1.0) with InstrumentationAnalysisTransform
Transforming kotlin-stdlib-2.2.20.jar (org.jetbrains.kotlin:kotlin-stdlib:2.2.20) with InstrumentationAnalysisTransform
Transforming dnsjava-2.1.9.jar (dnsjava:dnsjava:2.1.9) with InstrumentationAnalysisTransform
Transforming kotlin-gradle-plugin-annotations-2.2.20.jar (org.jetbrains.kotlin:kotlin-gradle-plugin-annotations:2.2.20) with InstrumentationAnalysisTransform
Transforming kotlin-native-utils-2.2.20.jar (org.jetbrains.kotlin:kotlin-native-utils:2.2.20) with InstrumentationAnalysisTransform
Transforming kotlin-tooling-core-2.2.20.jar (org.jetbrains.kotlin:kotlin-tooling-core:2.2.20) with InstrumentationAnalysisTransform
Transforming kotlin-build-tools-api-2.2.20.jar (org.jetbrains.kotlin:kotlin-build-tools-api:2.2.20) with InstrumentationAnalysisTransform
Transforming android-test-plugin-result-listener-gradle-proto-31.10.1.jar (com.android.tools.utp:android-test-plugin-result-listener-gradle-proto:31.10.1) with InstrumentationAnalysisTransform
Transforming bundletool-1.18.0.jar (com.android.tools.build:bundletool:1.18.0) with InstrumentationAnalysisTransform
Transforming protobuf-java-util-3.25.5.jar (com.google.protobuf:protobuf-java-util:3.25.5) with InstrumentationAnalysisTransform
Transforming grpc-netty-1.69.1.jar (io.grpc:grpc-netty:1.69.1) with InstrumentationAnalysisTransform
Transforming grpc-inprocess-1.69.1.jar (io.grpc:grpc-inprocess:1.69.1) with InstrumentationAnalysisTransform
Transforming grpc-util-1.69.1.jar (io.grpc:grpc-util:1.69.1) with InstrumentationAnalysisTransform
Transforming grpc-core-1.69.1.jar (io.grpc:grpc-core:1.69.1) with InstrumentationAnalysisTransform
Transforming tink-1.7.0.jar (com.google.crypto.tink:tink:1.7.0) with InstrumentationAnalysisTransform
Transforming gson-2.11.0.jar (com.google.code.gson:gson:2.11.0) with InstrumentationAnalysisTransform
Transforming kotlin-util-klib-2.2.20.jar (org.jetbrains.kotlin:kotlin-util-klib:2.2.20) with InstrumentationAnalysisTransform
Transforming kotlin-util-io-2.2.20.jar (org.jetbrains.kotlin:kotlin-util-io:2.2.20) with InstrumentationAnalysisTransform
Transforming kotlin-daemon-client-2.2.20.jar (org.jetbrains.kotlin:kotlin-daemon-client:2.2.20) with InstrumentationAnalysisTransform
Transforming kotlinx-coroutines-core-jvm-1.8.0.jar (org.jetbrains.kotlinx:kotlinx-coroutines-core-jvm:1.8.0) with InstrumentationAnalysisTransform
Transforming aapt2-proto-8.10.1-12782657.jar (com.android.tools.build:aapt2-proto:8.10.1-12782657) with InstrumentationAnalysisTransform
Transforming crash-31.10.1.jar (com.android.tools.analytics-library:crash:31.10.1) with InstrumentationAnalysisTransform
Transforming lint-typedef-remover-31.10.1.jar (com.android.tools.lint:lint-typedef-remover:31.10.1) with InstrumentationAnalysisTransform
Transforming databinding-common-8.10.1.jar (androidx.databinding:databinding-common:8.10.1) with InstrumentationAnalysisTransform
Transforming baseLibrary-8.10.1.jar (com.android.databinding:baseLibrary:8.10.1) with InstrumentationAnalysisTransform
Transforming android-device-provider-ddmlib-proto-31.10.1.jar (com.android.tools.utp:android-device-provider-ddmlib-proto:31.10.1) with InstrumentationAnalysisTransform
Transforming android-device-provider-gradle-proto-31.10.1.jar (com.android.tools.utp:android-device-provider-gradle-proto:31.10.1) with InstrumentationAnalysisTransform
Transforming android-device-provider-profile-proto-31.10.1.jar (com.android.tools.utp:android-device-provider-profile-proto:31.10.1) with InstrumentationAnalysisTransform
Transforming android-test-plugin-host-additional-test-output-proto-31.10.1.jar (com.android.tools.utp:android-test-plugin-host-additional-test-output-proto:31.10.1) with InstrumentationAnalysisTransform
Transforming android-test-plugin-host-coverage-proto-31.10.1.jar (com.android.tools.utp:android-test-plugin-host-coverage-proto:31.10.1) with InstrumentationAnalysisTransform
Transforming android-test-plugin-host-logcat-proto-31.10.1.jar (com.android.tools.utp:android-test-plugin-host-logcat-proto:31.10.1) with InstrumentationAnalysisTransform
Transforming android-test-plugin-host-apk-installer-proto-31.10.1.jar (com.android.tools.utp:android-test-plugin-host-apk-installer-proto:31.10.1) with InstrumentationAnalysisTransform
Transforming transform-api-2.0.0-deprecated-use-gradle-api.jar (com.android.tools.build:transform-api:2.0.0-deprecated-use-gradle-api) with InstrumentationAnalysisTransform
Transforming httpmime-4.5.6.jar (org.apache.httpcomponents:httpmime:4.5.6) with InstrumentationAnalysisTransform
Transforming commons-io-2.16.1.jar (commons-io:commons-io:2.16.1) with InstrumentationAnalysisTransform
Transforming asm-commons-9.7.1.jar (org.ow2.asm:asm-commons:9.7.1) with InstrumentationAnalysisTransform
Transforming asm-util-9.7.1.jar (org.ow2.asm:asm-util:9.7.1) with InstrumentationAnalysisTransform
Transforming asm-analysis-9.7.1.jar (org.ow2.asm:asm-analysis:9.7.1) with InstrumentationAnalysisTransform
Transforming asm-tree-9.7.1.jar (org.ow2.asm:asm-tree:9.7.1) with InstrumentationAnalysisTransform
Transforming asm-9.7.1.jar (org.ow2.asm:asm:9.7.1) with InstrumentationAnalysisTransform
Transforming apkzlib-8.10.1.jar (com.android.tools.build:apkzlib:8.10.1) with InstrumentationAnalysisTransform
Transforming bcpkix-jdk18on-1.79.jar (org.bouncycastle:bcpkix-jdk18on:1.79) with InstrumentationAnalysisTransform
Transforming jaxb-runtime-2.3.2.jar (org.glassfish.jaxb:jaxb-runtime:2.3.2) with InstrumentationAnalysisTransform
Transforming jopt-simple-4.9.jar (net.sf.jopt-simple:jopt-simple:4.9) with InstrumentationAnalysisTransform
Transforming javapoet-1.10.0.jar (com.squareup:javapoet:1.10.0) with InstrumentationAnalysisTransform
Transforming grpc-protobuf-1.69.1.jar (io.grpc:grpc-protobuf:1.69.1) with InstrumentationAnalysisTransform
Transforming core-proto-0.0.9-alpha03.jar (com.google.testing.platform:core-proto:0.0.9-alpha03) with InstrumentationAnalysisTransform
Transforming protos-31.10.1.jar (com.android.tools.analytics-library:protos:31.10.1) with InstrumentationAnalysisTransform
Transforming proto-google-common-protos-2.48.0.jar (com.google.api.grpc:proto-google-common-protos:2.48.0) with InstrumentationAnalysisTransform
Transforming protobuf-java-3.25.5.jar (com.google.protobuf:protobuf-java:3.25.5) with InstrumentationAnalysisTransform
Transforming grpc-stub-1.69.1.jar (io.grpc:grpc-stub:1.69.1) with InstrumentationAnalysisTransform
Transforming tensorflow-lite-metadata-0.2.0.jar (org.tensorflow:tensorflow-lite-metadata:0.2.0) with InstrumentationAnalysisTransform
Transforming flatbuffers-java-1.12.0.jar (com.google.flatbuffers:flatbuffers-java:1.12.0) with InstrumentationAnalysisTransform
Transforming annotations-23.0.0.jar (org.jetbrains:annotations:23.0.0) with InstrumentationAnalysisTransform
Transforming jimfs-1.1.jar (com.google.jimfs:jimfs:1.1) with InstrumentationAnalysisTransform
Transforming grpc-context-1.69.1.jar (io.grpc:grpc-context:1.69.1) with InstrumentationAnalysisTransform
Transforming grpc-protobuf-lite-1.69.1.jar (io.grpc:grpc-protobuf-lite:1.69.1) with InstrumentationAnalysisTransform
Transforming grpc-api-1.69.1.jar (io.grpc:grpc-api:1.69.1) with InstrumentationAnalysisTransform
Transforming guava-33.3.1-jre.jar (com.google.guava:guava:33.3.1-jre) with InstrumentationAnalysisTransform
Transforming error_prone_annotations-2.30.0.jar (com.google.errorprone:error_prone_annotations:2.30.0) with InstrumentationAnalysisTransform
Transforming dagger-2.28.3.jar (com.google.dagger:dagger:2.28.3) with InstrumentationAnalysisTransform
Transforming javax.inject-1.jar (javax.inject:javax.inject:1) with InstrumentationAnalysisTransform
Transforming kxml2-2.3.0.jar (net.sf.kxml:kxml2:2.3.0) with InstrumentationAnalysisTransform
Transforming commons-compress-1.21.jar (org.apache.commons:commons-compress:1.21) with InstrumentationAnalysisTransform
Transforming bcutil-jdk18on-1.79.jar (org.bouncycastle:bcutil-jdk18on:1.79) with InstrumentationAnalysisTransform
Transforming bcprov-jdk18on-1.79.jar (org.bouncycastle:bcprov-jdk18on:1.79) with InstrumentationAnalysisTransform
Transforming httpclient-4.5.14.jar (org.apache.httpcomponents:httpclient:4.5.14) with InstrumentationAnalysisTransform
Transforming httpcore-4.4.16.jar (org.apache.httpcomponents:httpcore:4.4.16) with InstrumentationAnalysisTransform
Transforming javax.activation-1.2.0.jar (com.sun.activation:javax.activation:1.2.0) with InstrumentationAnalysisTransform
Transforming signflinger-8.10.1.jar (com.android:signflinger:8.10.1) with InstrumentationAnalysisTransform
Transforming zipflinger-8.10.1.jar (com.android:zipflinger:8.10.1) with InstrumentationAnalysisTransform
Transforming annotations-31.10.1.jar (com.android.tools:annotations:31.10.1) with InstrumentationAnalysisTransform
Transforming jna-platform-5.6.0.jar (net.java.dev.jna:jna-platform:5.6.0) with InstrumentationAnalysisTransform
Transforming juniversalchardet-1.0.3.jar (com.googlecode.juniversalchardet:juniversalchardet:1.0.3) with InstrumentationAnalysisTransform
Transforming javax.annotation-api-1.3.2.jar (javax.annotation:javax.annotation-api:1.3.2) with InstrumentationAnalysisTransform
Transforming stax-ex-1.8.1.jar (org.jvnet.staxex:stax-ex:1.8.1) with InstrumentationAnalysisTransform
Transforming jakarta.xml.bind-api-2.3.2.jar (jakarta.xml.bind:jakarta.xml.bind-api:2.3.2) with InstrumentationAnalysisTransform
Transforming txw2-2.3.2.jar (org.glassfish.jaxb:txw2:2.3.2) with InstrumentationAnalysisTransform
Transforming istack-commons-runtime-3.0.8.jar (com.sun.istack:istack-commons-runtime:3.0.8) with InstrumentationAnalysisTransform
Transforming FastInfoset-1.2.16.jar (com.sun.xml.fastinfoset:FastInfoset:1.2.16) with InstrumentationAnalysisTransform
Transforming jakarta.activation-api-1.2.1.jar (jakarta.activation:jakarta.activation-api:1.2.1) with InstrumentationAnalysisTransform
Transforming auto-value-annotations-1.6.2.jar (com.google.auto.value:auto-value-annotations:1.6.2) with InstrumentationAnalysisTransform
Transforming jose4j-0.9.5.jar (org.bitbucket.b_c:jose4j:0.9.5) with InstrumentationAnalysisTransform
Transforming slf4j-api-1.7.30.jar (org.slf4j:slf4j-api:1.7.30) with InstrumentationAnalysisTransform
Transforming jdom2-2.0.6.jar (org.jdom:jdom2:2.0.6) with InstrumentationAnalysisTransform
Transforming jsr305-3.0.2.jar (com.google.code.findbugs:jsr305:3.0.2) with InstrumentationAnalysisTransform
Transforming j2objc-annotations-3.0.0.jar (com.google.j2objc:j2objc-annotations:3.0.0) with InstrumentationAnalysisTransform
Transforming annotations-4.1.1.4.jar (com.google.android:annotations:4.1.1.4) with InstrumentationAnalysisTransform
Transforming animal-sniffer-annotations-1.24.jar (org.codehaus.mojo:animal-sniffer-annotations:1.24) with InstrumentationAnalysisTransform
Transforming perfmark-api-0.27.0.jar (io.perfmark:perfmark-api:0.27.0) with InstrumentationAnalysisTransform
Transforming netty-codec-http2-4.1.110.Final.jar (io.netty:netty-codec-http2:4.1.110.Final) with InstrumentationAnalysisTransform
Transforming netty-handler-proxy-4.1.110.Final.jar (io.netty:netty-handler-proxy:4.1.110.Final) with InstrumentationAnalysisTransform
Transforming netty-codec-http-4.1.110.Final.jar (io.netty:netty-codec-http:4.1.110.Final) with InstrumentationAnalysisTransform
Transforming netty-handler-4.1.110.Final.jar (io.netty:netty-handler:4.1.110.Final) with InstrumentationAnalysisTransform
Transforming netty-transport-native-unix-common-4.1.110.Final.jar (io.netty:netty-transport-native-unix-common:4.1.110.Final) with InstrumentationAnalysisTransform
Transforming checker-qual-3.43.0.jar (org.checkerframework:checker-qual:3.43.0) with InstrumentationAnalysisTransform
Transforming apksig-8.10.1.jar (com.android.tools.build:apksig:8.10.1) with InstrumentationAnalysisTransform
Transforming javawriter-2.5.0.jar (com.squareup:javawriter:2.5.0) with InstrumentationAnalysisTransform
Transforming failureaccess-1.0.2.jar (com.google.guava:failureaccess:1.0.2) with InstrumentationAnalysisTransform
Transforming listenablefuture-9999.0-empty-to-avoid-conflict-with-guava.jar (com.google.guava:listenablefuture:9999.0-empty-to-avoid-conflict-with-guava) with InstrumentationAnalysisTransform
Transforming commons-logging-1.2.jar (commons-logging:commons-logging:1.2) with InstrumentationAnalysisTransform
Transforming commons-codec-1.11.jar (commons-codec:commons-codec:1.11) with InstrumentationAnalysisTransform
Transforming jna-5.6.0.jar (net.java.dev.jna:jna:5.6.0) with InstrumentationAnalysisTransform
Transforming netty-codec-socks-4.1.110.Final.jar (io.netty:netty-codec-socks:4.1.110.Final) with InstrumentationAnalysisTransform
Transforming netty-codec-4.1.110.Final.jar (io.netty:netty-codec:4.1.110.Final) with InstrumentationAnalysisTransform
Transforming netty-transport-4.1.110.Final.jar (io.netty:netty-transport:4.1.110.Final) with InstrumentationAnalysisTransform
Transforming netty-buffer-4.1.110.Final.jar (io.netty:netty-buffer:4.1.110.Final) with InstrumentationAnalysisTransform
Transforming netty-resolver-4.1.110.Final.jar (io.netty:netty-resolver:4.1.110.Final) with InstrumentationAnalysisTransform
Transforming netty-common-4.1.110.Final.jar (io.netty:netty-common:4.1.110.Final) with InstrumentationAnalysisTransform
Transforming main (project :build-logic:plugins) with InstrumentationAnalysisTransform
Transforming main (project :build-logic:plugins) with InstrumentationAnalysisTransform
Transforming main (project :build-logic:plugins) with InstrumentationAnalysisTransform
Transforming main (project :build-logic:tools) with InstrumentationAnalysisTransform
Transforming main (project :build-logic:tools) with InstrumentationAnalysisTransform
Transforming classes with InstrumentationAnalysisTransform
Transforming classes with MergeInstrumentationAnalysisTransform
Transforming classes with InstrumentationAnalysisTransform
Transforming classes with MergeInstrumentationAnalysisTransform
Transforming kotlin-gradle-plugin-model-2.2.20.jar (org.jetbrains.kotlin:kotlin-gradle-plugin-model:2.2.20) with InstrumentationAnalysisTransform
Transforming kotlin-gradle-plugin-model-2.2.20.jar (org.jetbrains.kotlin:kotlin-gradle-plugin-model:2.2.20) with MergeInstrumentationAnalysisTransform
Transforming fus-statistics-gradle-plugin-2.2.20-gradle811.jar (org.jetbrains.kotlin:fus-statistics-gradle-plugin:2.2.20) with InstrumentationAnalysisTransform
Transforming fus-statistics-gradle-plugin-2.2.20-gradle811.jar (org.jetbrains.kotlin:fus-statistics-gradle-plugin:2.2.20) with MergeInstrumentationAnalysisTransform
Transforming kotlin-gradle-plugin-api-2.2.20.jar (org.jetbrains.kotlin:kotlin-gradle-plugin-api:2.2.20) with InstrumentationAnalysisTransform
Transforming kotlin-gradle-plugin-api-2.2.20.jar (org.jetbrains.kotlin:kotlin-gradle-plugin-api:2.2.20) with MergeInstrumentationAnalysisTransform
Transforming kotlin-gradle-plugin-api-2.2.20-gradle811.jar (org.jetbrains.kotlin:kotlin-gradle-plugin-api:2.2.20) with InstrumentationAnalysisTransform
Transforming kotlin-gradle-plugin-api-2.2.20-gradle811.jar (org.jetbrains.kotlin:kotlin-gradle-plugin-api:2.2.20) with MergeInstrumentationAnalysisTransform
Transforming classes with ExternalDependencyInstrumentingArtifactTransform
Transforming classes with ExternalDependencyInstrumentingArtifactTransform
Transforming fus-statistics-gradle-plugin-2.2.20-gradle811.jar (org.jetbrains.kotlin:fus-statistics-gradle-plugin:2.2.20) with ExternalDependencyInstrumentingArtifactTransform
Transforming kotlin-gradle-plugin-api-2.2.20.jar (org.jetbrains.kotlin:kotlin-gradle-plugin-api:2.2.20) with ExternalDependencyInstrumentingArtifactTransform
Transforming kotlin-gradle-plugin-2.2.20-gradle811.jar (org.jetbrains.kotlin:kotlin-gradle-plugin:2.2.20) with InstrumentationAnalysisTransform
Transforming kotlin-gradle-plugin-2.2.20-gradle811.jar (org.jetbrains.kotlin:kotlin-gradle-plugin:2.2.20) with MergeInstrumentationAnalysisTransform
Transforming ktlint-gradle-12.1.1.jar (org.jlleitschuh.gradle:ktlint-gradle:12.1.1) with InstrumentationAnalysisTransform
Transforming ktlint-gradle-12.1.1.jar (org.jlleitschuh.gradle:ktlint-gradle:12.1.1) with MergeInstrumentationAnalysisTransform
Transforming kotlin-gradle-plugin-model-2.2.20.jar (org.jetbrains.kotlin:kotlin-gradle-plugin-model:2.2.20) with ExternalDependencyInstrumentingArtifactTransform
Transforming kotlin-gradle-plugin-idea-proto-2.2.20.jar (org.jetbrains.kotlin:kotlin-gradle-plugin-idea-proto:2.2.20) with InstrumentationAnalysisTransform
Transforming kotlin-gradle-plugin-api-2.2.20-gradle811.jar (org.jetbrains.kotlin:kotlin-gradle-plugin-api:2.2.20) with ExternalDependencyInstrumentingArtifactTransform
Transforming kotlin-gradle-plugin-idea-proto-2.2.20.jar (org.jetbrains.kotlin:kotlin-gradle-plugin-idea-proto:2.2.20) with MergeInstrumentationAnalysisTransform
Transforming kotlin-gradle-plugin-idea-2.2.20.jar (org.jetbrains.kotlin:kotlin-gradle-plugin-idea:2.2.20) with InstrumentationAnalysisTransform
Transforming kotlin-gradle-plugin-idea-2.2.20.jar (org.jetbrains.kotlin:kotlin-gradle-plugin-idea:2.2.20) with MergeInstrumentationAnalysisTransform
Transforming kotlin-gradle-plugin-2.2.20-gradle811.jar (org.jetbrains.kotlin:kotlin-gradle-plugin:2.2.20) with ExternalDependencyInstrumentingArtifactTransform
Transforming kotlin-klib-commonizer-api-2.2.20.jar (org.jetbrains.kotlin:kotlin-klib-commonizer-api:2.2.20) with InstrumentationAnalysisTransform
Transforming kotlin-klib-commonizer-api-2.2.20.jar (org.jetbrains.kotlin:kotlin-klib-commonizer-api:2.2.20) with MergeInstrumentationAnalysisTransform
Transforming kotlin-build-statistics-2.2.20.jar (org.jetbrains.kotlin:kotlin-build-statistics:2.2.20) with InstrumentationAnalysisTransform
Transforming kotlin-build-statistics-2.2.20.jar (org.jetbrains.kotlin:kotlin-build-statistics:2.2.20) with MergeInstrumentationAnalysisTransform
Transforming kotlin-gradle-plugin-idea-proto-2.2.20.jar (org.jetbrains.kotlin:kotlin-gradle-plugin-idea-proto:2.2.20) with ExternalDependencyInstrumentingArtifactTransform
Transforming kotlin-klib-commonizer-api-2.2.20.jar (org.jetbrains.kotlin:kotlin-klib-commonizer-api:2.2.20) with ExternalDependencyInstrumentingArtifactTransform
Transforming kotlin-build-statistics-2.2.20.jar (org.jetbrains.kotlin:kotlin-build-statistics:2.2.20) with ExternalDependencyInstrumentingArtifactTransform
Transforming ktlint-gradle-12.1.1.jar (org.jlleitschuh.gradle:ktlint-gradle:12.1.1) with ExternalDependencyInstrumentingArtifactTransform
Transforming kotlin-util-klib-metadata-2.2.20.jar (org.jetbrains.kotlin:kotlin-util-klib-metadata:2.2.20) with InstrumentationAnalysisTransform
Transforming kotlin-gradle-plugin-idea-2.2.20.jar (org.jetbrains.kotlin:kotlin-gradle-plugin-idea:2.2.20) with ExternalDependencyInstrumentingArtifactTransform
Transforming kotlin-util-klib-metadata-2.2.20.jar (org.jetbrains.kotlin:kotlin-util-klib-metadata:2.2.20) with MergeInstrumentationAnalysisTransform
Transforming abi-tools-api-2.2.20.jar (org.jetbrains.kotlin:abi-tools-api:2.2.20) with InstrumentationAnalysisTransform
Transforming abi-tools-api-2.2.20.jar (org.jetbrains.kotlin:abi-tools-api:2.2.20) with MergeInstrumentationAnalysisTransform
Transforming kotlin-compiler-runner-2.2.20.jar (org.jetbrains.kotlin:kotlin-compiler-runner:2.2.20) with InstrumentationAnalysisTransform
Transforming kotlin-compiler-runner-2.2.20.jar (org.jetbrains.kotlin:kotlin-compiler-runner:2.2.20) with MergeInstrumentationAnalysisTransform
Transforming gradle-8.10.1.jar (com.android.tools.build:gradle:8.10.1) with InstrumentationAnalysisTransform
Transforming gradle-8.10.1.jar (com.android.tools.build:gradle:8.10.1) with MergeInstrumentationAnalysisTransform
Transforming kotlin-util-klib-metadata-2.2.20.jar (org.jetbrains.kotlin:kotlin-util-klib-metadata:2.2.20) with ExternalDependencyInstrumentingArtifactTransform
Transforming gradle-settings-api-8.10.1.jar (com.android.tools.build:gradle-settings-api:8.10.1) with InstrumentationAnalysisTransform
Transforming gradle-settings-api-8.10.1.jar (com.android.tools.build:gradle-settings-api:8.10.1) with MergeInstrumentationAnalysisTransform
Transforming lint-model-31.10.1.jar (com.android.tools.lint:lint-model:31.10.1) with InstrumentationAnalysisTransform
Transforming lint-model-31.10.1.jar (com.android.tools.lint:lint-model:31.10.1) with MergeInstrumentationAnalysisTransform
Transforming builder-8.10.1.jar (com.android.tools.build:builder:8.10.1) with InstrumentationAnalysisTransform
Transforming gradle-8.10.1.jar (com.android.tools.build:gradle:8.10.1) with ExternalDependencyInstrumentingArtifactTransform
Transforming abi-tools-api-2.2.20.jar (org.jetbrains.kotlin:abi-tools-api:2.2.20) with ExternalDependencyInstrumentingArtifactTransform
Transforming kotlin-compiler-runner-2.2.20.jar (org.jetbrains.kotlin:kotlin-compiler-runner:2.2.20) with ExternalDependencyInstrumentingArtifactTransform
Transforming builder-8.10.1.jar (com.android.tools.build:builder:8.10.1) with MergeInstrumentationAnalysisTransform
Transforming lint-model-31.10.1.jar (com.android.tools.lint:lint-model:31.10.1) with ExternalDependencyInstrumentingArtifactTransform
Transforming manifest-merger-31.10.1.jar (com.android.tools.build:manifest-merger:31.10.1) with InstrumentationAnalysisTransform
Transforming manifest-merger-31.10.1.jar (com.android.tools.build:manifest-merger:31.10.1) with MergeInstrumentationAnalysisTransform
Transforming sdk-common-31.10.1.jar (com.android.tools:sdk-common:31.10.1) with InstrumentationAnalysisTransform
Transforming gradle-settings-api-8.10.1.jar (com.android.tools.build:gradle-settings-api:8.10.1) with ExternalDependencyInstrumentingArtifactTransform
Transforming sdk-common-31.10.1.jar (com.android.tools:sdk-common:31.10.1) with MergeInstrumentationAnalysisTransform
Transforming sdklib-31.10.1.jar (com.android.tools:sdklib:31.10.1) with InstrumentationAnalysisTransform
Transforming sdklib-31.10.1.jar (com.android.tools:sdklib:31.10.1) with MergeInstrumentationAnalysisTransform
Transforming manifest-merger-31.10.1.jar (com.android.tools.build:manifest-merger:31.10.1) with ExternalDependencyInstrumentingArtifactTransform
Transforming sdk-common-31.10.1.jar (com.android.tools:sdk-common:31.10.1) with ExternalDependencyInstrumentingArtifactTransform
Transforming builder-8.10.1.jar (com.android.tools.build:builder:8.10.1) with ExternalDependencyInstrumentingArtifactTransform
Transforming repository-31.10.1.jar (com.android.tools:repository:31.10.1) with InstrumentationAnalysisTransform
Transforming sdklib-31.10.1.jar (com.android.tools:sdklib:31.10.1) with ExternalDependencyInstrumentingArtifactTransform
Transforming repository-31.10.1.jar (com.android.tools:repository:31.10.1) with MergeInstrumentationAnalysisTransform
Transforming aaptcompiler-8.10.1.jar (com.android.tools.build:aaptcompiler:8.10.1) with InstrumentationAnalysisTransform
Transforming aaptcompiler-8.10.1.jar (com.android.tools.build:aaptcompiler:8.10.1) with MergeInstrumentationAnalysisTransform
Transforming tracker-31.10.1.jar (com.android.tools.analytics-library:tracker:31.10.1) with InstrumentationAnalysisTransform
Transforming repository-31.10.1.jar (com.android.tools:repository:31.10.1) with ExternalDependencyInstrumentingArtifactTransform
Transforming tracker-31.10.1.jar (com.android.tools.analytics-library:tracker:31.10.1) with MergeInstrumentationAnalysisTransform
Transforming shared-31.10.1.jar (com.android.tools.analytics-library:shared:31.10.1) with InstrumentationAnalysisTransform
Transforming shared-31.10.1.jar (com.android.tools.analytics-library:shared:31.10.1) with MergeInstrumentationAnalysisTransform
Transforming databinding-compiler-common-8.10.1.jar (androidx.databinding:databinding-compiler-common:8.10.1) with InstrumentationAnalysisTransform
Transforming databinding-compiler-common-8.10.1.jar (androidx.databinding:databinding-compiler-common:8.10.1) with MergeInstrumentationAnalysisTransform
Transforming aaptcompiler-8.10.1.jar (com.android.tools.build:aaptcompiler:8.10.1) with ExternalDependencyInstrumentingArtifactTransform
Transforming android-test-plugin-host-emulator-control-proto-31.10.1.jar (com.android.tools.utp:android-test-plugin-host-emulator-control-proto:31.10.1) with InstrumentationAnalysisTransform
Transforming shared-31.10.1.jar (com.android.tools.analytics-library:shared:31.10.1) with ExternalDependencyInstrumentingArtifactTransform
Transforming tracker-31.10.1.jar (com.android.tools.analytics-library:tracker:31.10.1) with ExternalDependencyInstrumentingArtifactTransform
Transforming android-test-plugin-host-emulator-control-proto-31.10.1.jar (com.android.tools.utp:android-test-plugin-host-emulator-control-proto:31.10.1) with MergeInstrumentationAnalysisTransform
Transforming builder-model-8.10.1.jar (com.android.tools.build:builder-model:8.10.1) with InstrumentationAnalysisTransform
Transforming builder-model-8.10.1.jar (com.android.tools.build:builder-model:8.10.1) with MergeInstrumentationAnalysisTransform
Transforming databinding-compiler-common-8.10.1.jar (androidx.databinding:databinding-compiler-common:8.10.1) with ExternalDependencyInstrumentingArtifactTransform
Transforming gradle-api-8.10.1.jar (com.android.tools.build:gradle-api:8.10.1) with InstrumentationAnalysisTransform
Transforming gradle-api-8.10.1.jar (com.android.tools.build:gradle-api:8.10.1) with MergeInstrumentationAnalysisTransform
Transforming builder-model-8.10.1.jar (com.android.tools.build:builder-model:8.10.1) with ExternalDependencyInstrumentingArtifactTransform
Transforming android-test-plugin-host-emulator-control-proto-31.10.1.jar (com.android.tools.utp:android-test-plugin-host-emulator-control-proto:31.10.1) with ExternalDependencyInstrumentingArtifactTransform
Transforming builder-test-api-8.10.1.jar (com.android.tools.build:builder-test-api:8.10.1) with InstrumentationAnalysisTransform
Transforming gradle-api-8.10.1.jar (com.android.tools.build:gradle-api:8.10.1) with ExternalDependencyInstrumentingArtifactTransform
Transforming builder-test-api-8.10.1.jar (com.android.tools.build:builder-test-api:8.10.1) with MergeInstrumentationAnalysisTransform
Transforming ddmlib-31.10.1.jar (com.android.tools.ddms:ddmlib:31.10.1) with InstrumentationAnalysisTransform
Transforming ddmlib-31.10.1.jar (com.android.tools.ddms:ddmlib:31.10.1) with MergeInstrumentationAnalysisTransform
Transforming layoutlib-api-31.10.1.jar (com.android.tools.layoutlib:layoutlib-api:31.10.1) with InstrumentationAnalysisTransform
Transforming layoutlib-api-31.10.1.jar (com.android.tools.layoutlib:layoutlib-api:31.10.1) with MergeInstrumentationAnalysisTransform
Transforming dvlib-31.10.1.jar (com.android.tools:dvlib:31.10.1) with InstrumentationAnalysisTransform
Transforming dvlib-31.10.1.jar (com.android.tools:dvlib:31.10.1) with MergeInstrumentationAnalysisTransform
Transforming common-31.10.1.jar (com.android.tools:common:31.10.1) with InstrumentationAnalysisTransform
Transforming common-31.10.1.jar (com.android.tools:common:31.10.1) with MergeInstrumentationAnalysisTransform
Transforming kotlin-stdlib-jdk8-2.1.0.jar (org.jetbrains.kotlin:kotlin-stdlib-jdk8:2.1.0) with InstrumentationAnalysisTransform
Transforming builder-test-api-8.10.1.jar (com.android.tools.build:builder-test-api:8.10.1) with ExternalDependencyInstrumentingArtifactTransform
Transforming ddmlib-31.10.1.jar (com.android.tools.ddms:ddmlib:31.10.1) with ExternalDependencyInstrumentingArtifactTransform
Transforming kotlin-stdlib-jdk8-2.1.0.jar (org.jetbrains.kotlin:kotlin-stdlib-jdk8:2.1.0) with MergeInstrumentationAnalysisTransform
Transforming layoutlib-api-31.10.1.jar (com.android.tools.layoutlib:layoutlib-api:31.10.1) with ExternalDependencyInstrumentingArtifactTransform
Transforming dvlib-31.10.1.jar (com.android.tools:dvlib:31.10.1) with ExternalDependencyInstrumentingArtifactTransform
Transforming common-31.10.1.jar (com.android.tools:common:31.10.1) with ExternalDependencyInstrumentingArtifactTransform
Transforming kotlin-stdlib-jdk8-2.1.0.jar (org.jetbrains.kotlin:kotlin-stdlib-jdk8:2.1.0) with ExternalDependencyInstrumentingArtifactTransform
Transforming jetifier-processor-1.0.0-beta10.jar (com.android.tools.build.jetifier:jetifier-processor:1.0.0-beta10) with InstrumentationAnalysisTransform
Transforming jetifier-processor-1.0.0-beta10.jar (com.android.tools.build.jetifier:jetifier-processor:1.0.0-beta10) with MergeInstrumentationAnalysisTransform
Transforming jetifier-core-1.0.0-beta10.jar (com.android.tools.build.jetifier:jetifier-core:1.0.0-beta10) with InstrumentationAnalysisTransform
Transforming jetifier-processor-1.0.0-beta10.jar (com.android.tools.build.jetifier:jetifier-processor:1.0.0-beta10) with ExternalDependencyInstrumentingArtifactTransform
Transforming jetifier-core-1.0.0-beta10.jar (com.android.tools.build.jetifier:jetifier-core:1.0.0-beta10) with MergeInstrumentationAnalysisTransform
Transforming kotlin-reflect-2.1.0.jar (org.jetbrains.kotlin:kotlin-reflect:2.1.0) with InstrumentationAnalysisTransform
Transforming jetifier-core-1.0.0-beta10.jar (com.android.tools.build.jetifier:jetifier-core:1.0.0-beta10) with ExternalDependencyInstrumentingArtifactTransform
Transforming kotlin-reflect-2.1.0.jar (org.jetbrains.kotlin:kotlin-reflect:2.1.0) with MergeInstrumentationAnalysisTransform
Transforming kotlin-stdlib-jdk7-2.1.0.jar (org.jetbrains.kotlin:kotlin-stdlib-jdk7:2.1.0) with InstrumentationAnalysisTransform
Transforming kotlin-stdlib-jdk7-2.1.0.jar (org.jetbrains.kotlin:kotlin-stdlib-jdk7:2.1.0) with MergeInstrumentationAnalysisTransform
Transforming kotlin-stdlib-2.2.20.jar (org.jetbrains.kotlin:kotlin-stdlib:2.2.20) with InstrumentationAnalysisTransform
Transforming kotlin-stdlib-2.2.20.jar (org.jetbrains.kotlin:kotlin-stdlib:2.2.20) with MergeInstrumentationAnalysisTransform
Transforming kotlin-stdlib-jdk7-2.1.0.jar (org.jetbrains.kotlin:kotlin-stdlib-jdk7:2.1.0) with ExternalDependencyInstrumentingArtifactTransform
Transforming dnsjava-2.1.9.jar (dnsjava:dnsjava:2.1.9) with InstrumentationAnalysisTransform
Transforming kotlin-reflect-2.1.0.jar (org.jetbrains.kotlin:kotlin-reflect:2.1.0) with ExternalDependencyInstrumentingArtifactTransform
Transforming dnsjava-2.1.9.jar (dnsjava:dnsjava:2.1.9) with MergeInstrumentationAnalysisTransform
Transforming kotlin-gradle-plugin-annotations-2.2.20.jar (org.jetbrains.kotlin:kotlin-gradle-plugin-annotations:2.2.20) with InstrumentationAnalysisTransform
Transforming dnsjava-2.1.9.jar (dnsjava:dnsjava:2.1.9) with ExternalDependencyInstrumentingArtifactTransform
Transforming kotlin-stdlib-2.2.20.jar (org.jetbrains.kotlin:kotlin-stdlib:2.2.20) with ExternalDependencyInstrumentingArtifactTransform
Transforming kotlin-gradle-plugin-annotations-2.2.20.jar (org.jetbrains.kotlin:kotlin-gradle-plugin-annotations:2.2.20) with MergeInstrumentationAnalysisTransform
Transforming kotlin-native-utils-2.2.20.jar (org.jetbrains.kotlin:kotlin-native-utils:2.2.20) with InstrumentationAnalysisTransform
Transforming kotlin-native-utils-2.2.20.jar (org.jetbrains.kotlin:kotlin-native-utils:2.2.20) with MergeInstrumentationAnalysisTransform
Transforming kotlin-tooling-core-2.2.20.jar (org.jetbrains.kotlin:kotlin-tooling-core:2.2.20) with InstrumentationAnalysisTransform
Transforming kotlin-tooling-core-2.2.20.jar (org.jetbrains.kotlin:kotlin-tooling-core:2.2.20) with MergeInstrumentationAnalysisTransform
Transforming kotlin-build-tools-api-2.2.20.jar (org.jetbrains.kotlin:kotlin-build-tools-api:2.2.20) with InstrumentationAnalysisTransform
Transforming kotlin-build-tools-api-2.2.20.jar (org.jetbrains.kotlin:kotlin-build-tools-api:2.2.20) with MergeInstrumentationAnalysisTransform
Transforming kotlin-native-utils-2.2.20.jar (org.jetbrains.kotlin:kotlin-native-utils:2.2.20) with ExternalDependencyInstrumentingArtifactTransform
Transforming kotlin-tooling-core-2.2.20.jar (org.jetbrains.kotlin:kotlin-tooling-core:2.2.20) with ExternalDependencyInstrumentingArtifactTransform
Transforming android-test-plugin-result-listener-gradle-proto-31.10.1.jar (com.android.tools.utp:android-test-plugin-result-listener-gradle-proto:31.10.1) with InstrumentationAnalysisTransform
Transforming kotlin-gradle-plugin-annotations-2.2.20.jar (org.jetbrains.kotlin:kotlin-gradle-plugin-annotations:2.2.20) with ExternalDependencyInstrumentingArtifactTransform
Transforming android-test-plugin-result-listener-gradle-proto-31.10.1.jar (com.android.tools.utp:android-test-plugin-result-listener-gradle-proto:31.10.1) with MergeInstrumentationAnalysisTransform
Transforming bundletool-1.18.0.jar (com.android.tools.build:bundletool:1.18.0) with InstrumentationAnalysisTransform
Transforming bundletool-1.18.0.jar (com.android.tools.build:bundletool:1.18.0) with MergeInstrumentationAnalysisTransform
Transforming protobuf-java-util-3.25.5.jar (com.google.protobuf:protobuf-java-util:3.25.5) with InstrumentationAnalysisTransform
Transforming kotlin-build-tools-api-2.2.20.jar (org.jetbrains.kotlin:kotlin-build-tools-api:2.2.20) with ExternalDependencyInstrumentingArtifactTransform
Transforming protobuf-java-util-3.25.5.jar (com.google.protobuf:protobuf-java-util:3.25.5) with MergeInstrumentationAnalysisTransform
Transforming grpc-netty-1.69.1.jar (io.grpc:grpc-netty:1.69.1) with InstrumentationAnalysisTransform
Transforming grpc-netty-1.69.1.jar (io.grpc:grpc-netty:1.69.1) with MergeInstrumentationAnalysisTransform
Transforming grpc-inprocess-1.69.1.jar (io.grpc:grpc-inprocess:1.69.1) with InstrumentationAnalysisTransform
Transforming grpc-inprocess-1.69.1.jar (io.grpc:grpc-inprocess:1.69.1) with MergeInstrumentationAnalysisTransform
Transforming android-test-plugin-result-listener-gradle-proto-31.10.1.jar (com.android.tools.utp:android-test-plugin-result-listener-gradle-proto:31.10.1) with ExternalDependencyInstrumentingArtifactTransform
Transforming bundletool-1.18.0.jar (com.android.tools.build:bundletool:1.18.0) with ExternalDependencyInstrumentingArtifactTransform
Transforming grpc-util-1.69.1.jar (io.grpc:grpc-util:1.69.1) with InstrumentationAnalysisTransform
Transforming protobuf-java-util-3.25.5.jar (com.google.protobuf:protobuf-java-util:3.25.5) with ExternalDependencyInstrumentingArtifactTransform
Transforming grpc-util-1.69.1.jar (io.grpc:grpc-util:1.69.1) with MergeInstrumentationAnalysisTransform
Transforming grpc-core-1.69.1.jar (io.grpc:grpc-core:1.69.1) with InstrumentationAnalysisTransform
Transforming grpc-core-1.69.1.jar (io.grpc:grpc-core:1.69.1) with MergeInstrumentationAnalysisTransform
Transforming tink-1.7.0.jar (com.google.crypto.tink:tink:1.7.0) with InstrumentationAnalysisTransform
Transforming tink-1.7.0.jar (com.google.crypto.tink:tink:1.7.0) with MergeInstrumentationAnalysisTransform
Transforming gson-2.11.0.jar (com.google.code.gson:gson:2.11.0) with InstrumentationAnalysisTransform
Transforming gson-2.11.0.jar (com.google.code.gson:gson:2.11.0) with MergeInstrumentationAnalysisTransform
Transforming kotlin-util-klib-2.2.20.jar (org.jetbrains.kotlin:kotlin-util-klib:2.2.20) with InstrumentationAnalysisTransform
Transforming grpc-netty-1.69.1.jar (io.grpc:grpc-netty:1.69.1) with ExternalDependencyInstrumentingArtifactTransform
Transforming kotlin-util-klib-2.2.20.jar (org.jetbrains.kotlin:kotlin-util-klib:2.2.20) with MergeInstrumentationAnalysisTransform
Transforming grpc-inprocess-1.69.1.jar (io.grpc:grpc-inprocess:1.69.1) with ExternalDependencyInstrumentingArtifactTransform
Transforming grpc-util-1.69.1.jar (io.grpc:grpc-util:1.69.1) with ExternalDependencyInstrumentingArtifactTransform
Transforming kotlin-util-io-2.2.20.jar (org.jetbrains.kotlin:kotlin-util-io:2.2.20) with InstrumentationAnalysisTransform
Transforming kotlin-util-io-2.2.20.jar (org.jetbrains.kotlin:kotlin-util-io:2.2.20) with MergeInstrumentationAnalysisTransform
Transforming kotlin-daemon-client-2.2.20.jar (org.jetbrains.kotlin:kotlin-daemon-client:2.2.20) with InstrumentationAnalysisTransform
Transforming kotlin-daemon-client-2.2.20.jar (org.jetbrains.kotlin:kotlin-daemon-client:2.2.20) with MergeInstrumentationAnalysisTransform
Transforming kotlinx-coroutines-core-jvm-1.8.0.jar (org.jetbrains.kotlinx:kotlinx-coroutines-core-jvm:1.8.0) with InstrumentationAnalysisTransform
Transforming kotlinx-coroutines-core-jvm-1.8.0.jar (org.jetbrains.kotlinx:kotlinx-coroutines-core-jvm:1.8.0) with MergeInstrumentationAnalysisTransform
Transforming aapt2-proto-8.10.1-12782657.jar (com.android.tools.build:aapt2-proto:8.10.1-12782657) with InstrumentationAnalysisTransform
Transforming aapt2-proto-8.10.1-12782657.jar (com.android.tools.build:aapt2-proto:8.10.1-12782657) with MergeInstrumentationAnalysisTransform
Transforming crash-31.10.1.jar (com.android.tools.analytics-library:crash:31.10.1) with InstrumentationAnalysisTransform
Transforming grpc-core-1.69.1.jar (io.grpc:grpc-core:1.69.1) with ExternalDependencyInstrumentingArtifactTransform
Transforming crash-31.10.1.jar (com.android.tools.analytics-library:crash:31.10.1) with MergeInstrumentationAnalysisTransform
Transforming lint-typedef-remover-31.10.1.jar (com.android.tools.lint:lint-typedef-remover:31.10.1) with InstrumentationAnalysisTransform
Transforming gson-2.11.0.jar (com.google.code.gson:gson:2.11.0) with ExternalDependencyInstrumentingArtifactTransform
Transforming lint-typedef-remover-31.10.1.jar (com.android.tools.lint:lint-typedef-remover:31.10.1) with MergeInstrumentationAnalysisTransform
Transforming tink-1.7.0.jar (com.google.crypto.tink:tink:1.7.0) with ExternalDependencyInstrumentingArtifactTransform
Transforming databinding-common-8.10.1.jar (androidx.databinding:databinding-common:8.10.1) with InstrumentationAnalysisTransform
Transforming databinding-common-8.10.1.jar (androidx.databinding:databinding-common:8.10.1) with MergeInstrumentationAnalysisTransform
Transforming baseLibrary-8.10.1.jar (com.android.databinding:baseLibrary:8.10.1) with InstrumentationAnalysisTransform
Transforming baseLibrary-8.10.1.jar (com.android.databinding:baseLibrary:8.10.1) with MergeInstrumentationAnalysisTransform
Transforming android-device-provider-ddmlib-proto-31.10.1.jar (com.android.tools.utp:android-device-provider-ddmlib-proto:31.10.1) with InstrumentationAnalysisTransform
Transforming android-device-provider-ddmlib-proto-31.10.1.jar (com.android.tools.utp:android-device-provider-ddmlib-proto:31.10.1) with MergeInstrumentationAnalysisTransform
Transforming android-device-provider-gradle-proto-31.10.1.jar (com.android.tools.utp:android-device-provider-gradle-proto:31.10.1) with InstrumentationAnalysisTransform
Transforming android-device-provider-gradle-proto-31.10.1.jar (com.android.tools.utp:android-device-provider-gradle-proto:31.10.1) with MergeInstrumentationAnalysisTransform
Transforming kotlin-util-klib-2.2.20.jar (org.jetbrains.kotlin:kotlin-util-klib:2.2.20) with ExternalDependencyInstrumentingArtifactTransform
Transforming android-device-provider-profile-proto-31.10.1.jar (com.android.tools.utp:android-device-provider-profile-proto:31.10.1) with InstrumentationAnalysisTransform
Transforming kotlin-util-io-2.2.20.jar (org.jetbrains.kotlin:kotlin-util-io:2.2.20) with ExternalDependencyInstrumentingArtifactTransform
Transforming android-device-provider-profile-proto-31.10.1.jar (com.android.tools.utp:android-device-provider-profile-proto:31.10.1) with MergeInstrumentationAnalysisTransform
Transforming android-test-plugin-host-additional-test-output-proto-31.10.1.jar (com.android.tools.utp:android-test-plugin-host-additional-test-output-proto:31.10.1) with InstrumentationAnalysisTransform
Transforming kotlin-daemon-client-2.2.20.jar (org.jetbrains.kotlin:kotlin-daemon-client:2.2.20) with ExternalDependencyInstrumentingArtifactTransform
Transforming android-test-plugin-host-additional-test-output-proto-31.10.1.jar (com.android.tools.utp:android-test-plugin-host-additional-test-output-proto:31.10.1) with MergeInstrumentationAnalysisTransform
Transforming android-test-plugin-host-coverage-proto-31.10.1.jar (com.android.tools.utp:android-test-plugin-host-coverage-proto:31.10.1) with InstrumentationAnalysisTransform
Transforming android-test-plugin-host-coverage-proto-31.10.1.jar (com.android.tools.utp:android-test-plugin-host-coverage-proto:31.10.1) with MergeInstrumentationAnalysisTransform
Transforming android-test-plugin-host-logcat-proto-31.10.1.jar (com.android.tools.utp:android-test-plugin-host-logcat-proto:31.10.1) with InstrumentationAnalysisTransform
Transforming android-test-plugin-host-logcat-proto-31.10.1.jar (com.android.tools.utp:android-test-plugin-host-logcat-proto:31.10.1) with MergeInstrumentationAnalysisTransform
Transforming android-test-plugin-host-apk-installer-proto-31.10.1.jar (com.android.tools.utp:android-test-plugin-host-apk-installer-proto:31.10.1) with InstrumentationAnalysisTransform
Transforming android-test-plugin-host-apk-installer-proto-31.10.1.jar (com.android.tools.utp:android-test-plugin-host-apk-installer-proto:31.10.1) with MergeInstrumentationAnalysisTransform
Transforming transform-api-2.0.0-deprecated-use-gradle-api.jar (com.android.tools.build:transform-api:2.0.0-deprecated-use-gradle-api) with InstrumentationAnalysisTransform
Transforming kotlinx-coroutines-core-jvm-1.8.0.jar (org.jetbrains.kotlinx:kotlinx-coroutines-core-jvm:1.8.0) with ExternalDependencyInstrumentingArtifactTransform
Transforming transform-api-2.0.0-deprecated-use-gradle-api.jar (com.android.tools.build:transform-api:2.0.0-deprecated-use-gradle-api) with MergeInstrumentationAnalysisTransform
Transforming aapt2-proto-8.10.1-12782657.jar (com.android.tools.build:aapt2-proto:8.10.1-12782657) with ExternalDependencyInstrumentingArtifactTransform
Transforming crash-31.10.1.jar (com.android.tools.analytics-library:crash:31.10.1) with ExternalDependencyInstrumentingArtifactTransform
Transforming httpmime-4.5.6.jar (org.apache.httpcomponents:httpmime:4.5.6) with InstrumentationAnalysisTransform
Transforming httpmime-4.5.6.jar (org.apache.httpcomponents:httpmime:4.5.6) with MergeInstrumentationAnalysisTransform
Transforming commons-io-2.16.1.jar (commons-io:commons-io:2.16.1) with InstrumentationAnalysisTransform
Transforming commons-io-2.16.1.jar (commons-io:commons-io:2.16.1) with MergeInstrumentationAnalysisTransform
Transforming asm-commons-9.7.1.jar (org.ow2.asm:asm-commons:9.7.1) with InstrumentationAnalysisTransform
Transforming asm-commons-9.7.1.jar (org.ow2.asm:asm-commons:9.7.1) with MergeInstrumentationAnalysisTransform
Transforming asm-util-9.7.1.jar (org.ow2.asm:asm-util:9.7.1) with InstrumentationAnalysisTransform
Transforming asm-util-9.7.1.jar (org.ow2.asm:asm-util:9.7.1) with MergeInstrumentationAnalysisTransform
Transforming asm-analysis-9.7.1.jar (org.ow2.asm:asm-analysis:9.7.1) with InstrumentationAnalysisTransform
Transforming lint-typedef-remover-31.10.1.jar (com.android.tools.lint:lint-typedef-remover:31.10.1) with ExternalDependencyInstrumentingArtifactTransform
Transforming asm-analysis-9.7.1.jar (org.ow2.asm:asm-analysis:9.7.1) with MergeInstrumentationAnalysisTransform
Transforming asm-tree-9.7.1.jar (org.ow2.asm:asm-tree:9.7.1) with InstrumentationAnalysisTransform
Transforming databinding-common-8.10.1.jar (androidx.databinding:databinding-common:8.10.1) with ExternalDependencyInstrumentingArtifactTransform
Transforming asm-tree-9.7.1.jar (org.ow2.asm:asm-tree:9.7.1) with MergeInstrumentationAnalysisTransform
Transforming asm-9.7.1.jar (org.ow2.asm:asm:9.7.1) with InstrumentationAnalysisTransform
Transforming baseLibrary-8.10.1.jar (com.android.databinding:baseLibrary:8.10.1) with ExternalDependencyInstrumentingArtifactTransform
Transforming asm-9.7.1.jar (org.ow2.asm:asm:9.7.1) with MergeInstrumentationAnalysisTransform
Transforming apkzlib-8.10.1.jar (com.android.tools.build:apkzlib:8.10.1) with InstrumentationAnalysisTransform
Transforming apkzlib-8.10.1.jar (com.android.tools.build:apkzlib:8.10.1) with MergeInstrumentationAnalysisTransform
Transforming bcpkix-jdk18on-1.79.jar (org.bouncycastle:bcpkix-jdk18on:1.79) with InstrumentationAnalysisTransform
Transforming android-device-provider-ddmlib-proto-31.10.1.jar (com.android.tools.utp:android-device-provider-ddmlib-proto:31.10.1) with ExternalDependencyInstrumentingArtifactTransform
Transforming bcpkix-jdk18on-1.79.jar (org.bouncycastle:bcpkix-jdk18on:1.79) with MergeInstrumentationAnalysisTransform
Transforming jaxb-runtime-2.3.2.jar (org.glassfish.jaxb:jaxb-runtime:2.3.2) with InstrumentationAnalysisTransform
Transforming jaxb-runtime-2.3.2.jar (org.glassfish.jaxb:jaxb-runtime:2.3.2) with MergeInstrumentationAnalysisTransform
Transforming jopt-simple-4.9.jar (net.sf.jopt-simple:jopt-simple:4.9) with InstrumentationAnalysisTransform
Transforming android-device-provider-gradle-proto-31.10.1.jar (com.android.tools.utp:android-device-provider-gradle-proto:31.10.1) with ExternalDependencyInstrumentingArtifactTransform
Transforming android-test-plugin-host-additional-test-output-proto-31.10.1.jar (com.android.tools.utp:android-test-plugin-host-additional-test-output-proto:31.10.1) with ExternalDependencyInstrumentingArtifactTransform
Transforming jopt-simple-4.9.jar (net.sf.jopt-simple:jopt-simple:4.9) with MergeInstrumentationAnalysisTransform
Transforming javapoet-1.10.0.jar (com.squareup:javapoet:1.10.0) with InstrumentationAnalysisTransform
Transforming javapoet-1.10.0.jar (com.squareup:javapoet:1.10.0) with MergeInstrumentationAnalysisTransform
Transforming android-device-provider-profile-proto-31.10.1.jar (com.android.tools.utp:android-device-provider-profile-proto:31.10.1) with ExternalDependencyInstrumentingArtifactTransform
Transforming grpc-protobuf-1.69.1.jar (io.grpc:grpc-protobuf:1.69.1) with InstrumentationAnalysisTransform
Transforming android-test-plugin-host-coverage-proto-31.10.1.jar (com.android.tools.utp:android-test-plugin-host-coverage-proto:31.10.1) with ExternalDependencyInstrumentingArtifactTransform
Transforming grpc-protobuf-1.69.1.jar (io.grpc:grpc-protobuf:1.69.1) with MergeInstrumentationAnalysisTransform
Transforming core-proto-0.0.9-alpha03.jar (com.google.testing.platform:core-proto:0.0.9-alpha03) with InstrumentationAnalysisTransform
Transforming core-proto-0.0.9-alpha03.jar (com.google.testing.platform:core-proto:0.0.9-alpha03) with MergeInstrumentationAnalysisTransform
Transforming protos-31.10.1.jar (com.android.tools.analytics-library:protos:31.10.1) with InstrumentationAnalysisTransform
Transforming protos-31.10.1.jar (com.android.tools.analytics-library:protos:31.10.1) with MergeInstrumentationAnalysisTransform
Transforming proto-google-common-protos-2.48.0.jar (com.google.api.grpc:proto-google-common-protos:2.48.0) with InstrumentationAnalysisTransform
Transforming android-test-plugin-host-apk-installer-proto-31.10.1.jar (com.android.tools.utp:android-test-plugin-host-apk-installer-proto:31.10.1) with ExternalDependencyInstrumentingArtifactTransform
Transforming proto-google-common-protos-2.48.0.jar (com.google.api.grpc:proto-google-common-protos:2.48.0) with MergeInstrumentationAnalysisTransform
Transforming android-test-plugin-host-logcat-proto-31.10.1.jar (com.android.tools.utp:android-test-plugin-host-logcat-proto:31.10.1) with ExternalDependencyInstrumentingArtifactTransform
Transforming protobuf-java-3.25.5.jar (com.google.protobuf:protobuf-java:3.25.5) with InstrumentationAnalysisTransform
Transforming protobuf-java-3.25.5.jar (com.google.protobuf:protobuf-java:3.25.5) with MergeInstrumentationAnalysisTransform
Transforming transform-api-2.0.0-deprecated-use-gradle-api.jar (com.android.tools.build:transform-api:2.0.0-deprecated-use-gradle-api) with ExternalDependencyInstrumentingArtifactTransform
Transforming httpmime-4.5.6.jar (org.apache.httpcomponents:httpmime:4.5.6) with ExternalDependencyInstrumentingArtifactTransform
Transforming grpc-stub-1.69.1.jar (io.grpc:grpc-stub:1.69.1) with InstrumentationAnalysisTransform
Transforming grpc-stub-1.69.1.jar (io.grpc:grpc-stub:1.69.1) with MergeInstrumentationAnalysisTransform
Transforming tensorflow-lite-metadata-0.2.0.jar (org.tensorflow:tensorflow-lite-metadata:0.2.0) with InstrumentationAnalysisTransform
Transforming tensorflow-lite-metadata-0.2.0.jar (org.tensorflow:tensorflow-lite-metadata:0.2.0) with MergeInstrumentationAnalysisTransform
Transforming flatbuffers-java-1.12.0.jar (com.google.flatbuffers:flatbuffers-java:1.12.0) with InstrumentationAnalysisTransform
Transforming asm-commons-9.7.1.jar (org.ow2.asm:asm-commons:9.7.1) with ExternalDependencyInstrumentingArtifactTransform
Transforming flatbuffers-java-1.12.0.jar (com.google.flatbuffers:flatbuffers-java:1.12.0) with MergeInstrumentationAnalysisTransform
Transforming annotations-23.0.0.jar (org.jetbrains:annotations:23.0.0) with InstrumentationAnalysisTransform
Transforming annotations-23.0.0.jar (org.jetbrains:annotations:23.0.0) with MergeInstrumentationAnalysisTransform
Transforming jimfs-1.1.jar (com.google.jimfs:jimfs:1.1) with InstrumentationAnalysisTransform
Transforming commons-io-2.16.1.jar (commons-io:commons-io:2.16.1) with ExternalDependencyInstrumentingArtifactTransform
Transforming asm-util-9.7.1.jar (org.ow2.asm:asm-util:9.7.1) with ExternalDependencyInstrumentingArtifactTransform
Transforming jimfs-1.1.jar (com.google.jimfs:jimfs:1.1) with MergeInstrumentationAnalysisTransform
Transforming grpc-context-1.69.1.jar (io.grpc:grpc-context:1.69.1) with InstrumentationAnalysisTransform
Transforming grpc-context-1.69.1.jar (io.grpc:grpc-context:1.69.1) with MergeInstrumentationAnalysisTransform
Transforming grpc-protobuf-lite-1.69.1.jar (io.grpc:grpc-protobuf-lite:1.69.1) with InstrumentationAnalysisTransform
Transforming grpc-protobuf-lite-1.69.1.jar (io.grpc:grpc-protobuf-lite:1.69.1) with MergeInstrumentationAnalysisTransform
Transforming grpc-api-1.69.1.jar (io.grpc:grpc-api:1.69.1) with InstrumentationAnalysisTransform
Transforming asm-analysis-9.7.1.jar (org.ow2.asm:asm-analysis:9.7.1) with ExternalDependencyInstrumentingArtifactTransform
Transforming grpc-api-1.69.1.jar (io.grpc:grpc-api:1.69.1) with MergeInstrumentationAnalysisTransform
Transforming guava-33.3.1-jre.jar (com.google.guava:guava:33.3.1-jre) with InstrumentationAnalysisTransform
Transforming guava-33.3.1-jre.jar (com.google.guava:guava:33.3.1-jre) with MergeInstrumentationAnalysisTransform
Transforming error_prone_annotations-2.30.0.jar (com.google.errorprone:error_prone_annotations:2.30.0) with InstrumentationAnalysisTransform
Transforming error_prone_annotations-2.30.0.jar (com.google.errorprone:error_prone_annotations:2.30.0) with MergeInstrumentationAnalysisTransform
Transforming dagger-2.28.3.jar (com.google.dagger:dagger:2.28.3) with InstrumentationAnalysisTransform
Transforming asm-9.7.1.jar (org.ow2.asm:asm:9.7.1) with ExternalDependencyInstrumentingArtifactTransform
Transforming dagger-2.28.3.jar (com.google.dagger:dagger:2.28.3) with MergeInstrumentationAnalysisTransform
Transforming asm-tree-9.7.1.jar (org.ow2.asm:asm-tree:9.7.1) with ExternalDependencyInstrumentingArtifactTransform
Transforming javax.inject-1.jar (javax.inject:javax.inject:1) with InstrumentationAnalysisTransform
Transforming javax.inject-1.jar (javax.inject:javax.inject:1) with MergeInstrumentationAnalysisTransform
Transforming kxml2-2.3.0.jar (net.sf.kxml:kxml2:2.3.0) with InstrumentationAnalysisTransform
Transforming apkzlib-8.10.1.jar (com.android.tools.build:apkzlib:8.10.1) with ExternalDependencyInstrumentingArtifactTransform
Transforming kxml2-2.3.0.jar (net.sf.kxml:kxml2:2.3.0) with MergeInstrumentationAnalysisTransform
Transforming commons-compress-1.21.jar (org.apache.commons:commons-compress:1.21) with InstrumentationAnalysisTransform
Transforming commons-compress-1.21.jar (org.apache.commons:commons-compress:1.21) with MergeInstrumentationAnalysisTransform
Transforming bcutil-jdk18on-1.79.jar (org.bouncycastle:bcutil-jdk18on:1.79) with InstrumentationAnalysisTransform
Transforming bcutil-jdk18on-1.79.jar (org.bouncycastle:bcutil-jdk18on:1.79) with MergeInstrumentationAnalysisTransform
Transforming bcprov-jdk18on-1.79.jar (org.bouncycastle:bcprov-jdk18on:1.79) with InstrumentationAnalysisTransform
Transforming bcpkix-jdk18on-1.79.jar (org.bouncycastle:bcpkix-jdk18on:1.79) with ExternalDependencyInstrumentingArtifactTransform
Transforming bcprov-jdk18on-1.79.jar (org.bouncycastle:bcprov-jdk18on:1.79) with MergeInstrumentationAnalysisTransform
Transforming httpclient-4.5.14.jar (org.apache.httpcomponents:httpclient:4.5.14) with InstrumentationAnalysisTransform
Transforming httpclient-4.5.14.jar (org.apache.httpcomponents:httpclient:4.5.14) with MergeInstrumentationAnalysisTransform
Transforming httpcore-4.4.16.jar (org.apache.httpcomponents:httpcore:4.4.16) with InstrumentationAnalysisTransform
Transforming jaxb-runtime-2.3.2.jar (org.glassfish.jaxb:jaxb-runtime:2.3.2) with ExternalDependencyInstrumentingArtifactTransform
Transforming jopt-simple-4.9.jar (net.sf.jopt-simple:jopt-simple:4.9) with ExternalDependencyInstrumentingArtifactTransform
Transforming httpcore-4.4.16.jar (org.apache.httpcomponents:httpcore:4.4.16) with MergeInstrumentationAnalysisTransform
Transforming javax.activation-1.2.0.jar (com.sun.activation:javax.activation:1.2.0) with InstrumentationAnalysisTransform
Transforming javax.activation-1.2.0.jar (com.sun.activation:javax.activation:1.2.0) with MergeInstrumentationAnalysisTransform
Transforming signflinger-8.10.1.jar (com.android:signflinger:8.10.1) with InstrumentationAnalysisTransform
Transforming signflinger-8.10.1.jar (com.android:signflinger:8.10.1) with MergeInstrumentationAnalysisTransform
Transforming zipflinger-8.10.1.jar (com.android:zipflinger:8.10.1) with InstrumentationAnalysisTransform
Transforming javapoet-1.10.0.jar (com.squareup:javapoet:1.10.0) with ExternalDependencyInstrumentingArtifactTransform
Transforming zipflinger-8.10.1.jar (com.android:zipflinger:8.10.1) with MergeInstrumentationAnalysisTransform
Transforming annotations-31.10.1.jar (com.android.tools:annotations:31.10.1) with InstrumentationAnalysisTransform
Transforming annotations-31.10.1.jar (com.android.tools:annotations:31.10.1) with MergeInstrumentationAnalysisTransform
Transforming jna-platform-5.6.0.jar (net.java.dev.jna:jna-platform:5.6.0) with InstrumentationAnalysisTransform
Transforming jna-platform-5.6.0.jar (net.java.dev.jna:jna-platform:5.6.0) with MergeInstrumentationAnalysisTransform
Transforming juniversalchardet-1.0.3.jar (com.googlecode.juniversalchardet:juniversalchardet:1.0.3) with InstrumentationAnalysisTransform
Transforming core-proto-0.0.9-alpha03.jar (com.google.testing.platform:core-proto:0.0.9-alpha03) with ExternalDependencyInstrumentingArtifactTransform
Transforming juniversalchardet-1.0.3.jar (com.googlecode.juniversalchardet:juniversalchardet:1.0.3) with MergeInstrumentationAnalysisTransform
Transforming javax.annotation-api-1.3.2.jar (javax.annotation:javax.annotation-api:1.3.2) with InstrumentationAnalysisTransform
Transforming grpc-protobuf-1.69.1.jar (io.grpc:grpc-protobuf:1.69.1) with ExternalDependencyInstrumentingArtifactTransform
Transforming javax.annotation-api-1.3.2.jar (javax.annotation:javax.annotation-api:1.3.2) with MergeInstrumentationAnalysisTransform
Transforming stax-ex-1.8.1.jar (org.jvnet.staxex:stax-ex:1.8.1) with InstrumentationAnalysisTransform
Transforming protos-31.10.1.jar (com.android.tools.analytics-library:protos:31.10.1) with ExternalDependencyInstrumentingArtifactTransform
Transforming stax-ex-1.8.1.jar (org.jvnet.staxex:stax-ex:1.8.1) with MergeInstrumentationAnalysisTransform
Transforming jakarta.xml.bind-api-2.3.2.jar (jakarta.xml.bind:jakarta.xml.bind-api:2.3.2) with InstrumentationAnalysisTransform
Transforming jakarta.xml.bind-api-2.3.2.jar (jakarta.xml.bind:jakarta.xml.bind-api:2.3.2) with MergeInstrumentationAnalysisTransform
Transforming txw2-2.3.2.jar (org.glassfish.jaxb:txw2:2.3.2) with InstrumentationAnalysisTransform
Transforming txw2-2.3.2.jar (org.glassfish.jaxb:txw2:2.3.2) with MergeInstrumentationAnalysisTransform
Transforming istack-commons-runtime-3.0.8.jar (com.sun.istack:istack-commons-runtime:3.0.8) with InstrumentationAnalysisTransform
Transforming proto-google-common-protos-2.48.0.jar (com.google.api.grpc:proto-google-common-protos:2.48.0) with ExternalDependencyInstrumentingArtifactTransform
Transforming istack-commons-runtime-3.0.8.jar (com.sun.istack:istack-commons-runtime:3.0.8) with MergeInstrumentationAnalysisTransform
Transforming FastInfoset-1.2.16.jar (com.sun.xml.fastinfoset:FastInfoset:1.2.16) with InstrumentationAnalysisTransform
Transforming FastInfoset-1.2.16.jar (com.sun.xml.fastinfoset:FastInfoset:1.2.16) with MergeInstrumentationAnalysisTransform
Transforming jakarta.activation-api-1.2.1.jar (jakarta.activation:jakarta.activation-api:1.2.1) with InstrumentationAnalysisTransform
Transforming jakarta.activation-api-1.2.1.jar (jakarta.activation:jakarta.activation-api:1.2.1) with MergeInstrumentationAnalysisTransform
Transforming auto-value-annotations-1.6.2.jar (com.google.auto.value:auto-value-annotations:1.6.2) with InstrumentationAnalysisTransform
Transforming grpc-stub-1.69.1.jar (io.grpc:grpc-stub:1.69.1) with ExternalDependencyInstrumentingArtifactTransform
Transforming auto-value-annotations-1.6.2.jar (com.google.auto.value:auto-value-annotations:1.6.2) with MergeInstrumentationAnalysisTransform
Transforming jose4j-0.9.5.jar (org.bitbucket.b_c:jose4j:0.9.5) with InstrumentationAnalysisTransform
Transforming jose4j-0.9.5.jar (org.bitbucket.b_c:jose4j:0.9.5) with MergeInstrumentationAnalysisTransform
Transforming slf4j-api-1.7.30.jar (org.slf4j:slf4j-api:1.7.30) with InstrumentationAnalysisTransform
Transforming slf4j-api-1.7.30.jar (org.slf4j:slf4j-api:1.7.30) with MergeInstrumentationAnalysisTransform
Transforming jdom2-2.0.6.jar (org.jdom:jdom2:2.0.6) with InstrumentationAnalysisTransform
Transforming annotations-23.0.0.jar (org.jetbrains:annotations:23.0.0) with ExternalDependencyInstrumentingArtifactTransform
Transforming jdom2-2.0.6.jar (org.jdom:jdom2:2.0.6) with MergeInstrumentationAnalysisTransform
Transforming jsr305-3.0.2.jar (com.google.code.findbugs:jsr305:3.0.2) with InstrumentationAnalysisTransform
Transforming jsr305-3.0.2.jar (com.google.code.findbugs:jsr305:3.0.2) with MergeInstrumentationAnalysisTransform
Transforming j2objc-annotations-3.0.0.jar (com.google.j2objc:j2objc-annotations:3.0.0) with InstrumentationAnalysisTransform
Transforming grpc-context-1.69.1.jar (io.grpc:grpc-context:1.69.1) with ExternalDependencyInstrumentingArtifactTransform
Transforming j2objc-annotations-3.0.0.jar (com.google.j2objc:j2objc-annotations:3.0.0) with MergeInstrumentationAnalysisTransform
Transforming tensorflow-lite-metadata-0.2.0.jar (org.tensorflow:tensorflow-lite-metadata:0.2.0) with ExternalDependencyInstrumentingArtifactTransform
Transforming jimfs-1.1.jar (com.google.jimfs:jimfs:1.1) with ExternalDependencyInstrumentingArtifactTransform
Transforming dagger-2.28.3.jar (com.google.dagger:dagger:2.28.3) with ExternalDependencyInstrumentingArtifactTransform
Transforming kxml2-2.3.0.jar (net.sf.kxml:kxml2:2.3.0) with ExternalDependencyInstrumentingArtifactTransform
Transforming javax.inject-1.jar (javax.inject:javax.inject:1) with ExternalDependencyInstrumentingArtifactTransform
Transforming commons-compress-1.21.jar (org.apache.commons:commons-compress:1.21) with ExternalDependencyInstrumentingArtifactTransform
Transforming httpclient-4.5.14.jar (org.apache.httpcomponents:httpclient:4.5.14) with ExternalDependencyInstrumentingArtifactTransform
Transforming httpcore-4.4.16.jar (org.apache.httpcomponents:httpcore:4.4.16) with ExternalDependencyInstrumentingArtifactTransform
Transforming protobuf-java-3.25.5.jar (com.google.protobuf:protobuf-java:3.25.5) with ExternalDependencyInstrumentingArtifactTransform
Transforming signflinger-8.10.1.jar (com.android:signflinger:8.10.1) with ExternalDependencyInstrumentingArtifactTransform
Transforming javax.activation-1.2.0.jar (com.sun.activation:javax.activation:1.2.0) with ExternalDependencyInstrumentingArtifactTransform
Transforming bcprov-jdk18on-1.79.jar (org.bouncycastle:bcprov-jdk18on:1.79) with ExternalDependencyInstrumentingArtifactTransform
Transforming annotations-31.10.1.jar (com.android.tools:annotations:31.10.1) with ExternalDependencyInstrumentingArtifactTransform
Transforming bcutil-jdk18on-1.79.jar (org.bouncycastle:bcutil-jdk18on:1.79) with ExternalDependencyInstrumentingArtifactTransform
Transforming zipflinger-8.10.1.jar (com.android:zipflinger:8.10.1) with ExternalDependencyInstrumentingArtifactTransform
Transforming jna-platform-5.6.0.jar (net.java.dev.jna:jna-platform:5.6.0) with ExternalDependencyInstrumentingArtifactTransform
Transforming javax.annotation-api-1.3.2.jar (javax.annotation:javax.annotation-api:1.3.2) with ExternalDependencyInstrumentingArtifactTransform
Transforming stax-ex-1.8.1.jar (org.jvnet.staxex:stax-ex:1.8.1) with ExternalDependencyInstrumentingArtifactTransform
Transforming jakarta.xml.bind-api-2.3.2.jar (jakarta.xml.bind:jakarta.xml.bind-api:2.3.2) with ExternalDependencyInstrumentingArtifactTransform
Transforming juniversalchardet-1.0.3.jar (com.googlecode.juniversalchardet:juniversalchardet:1.0.3) with ExternalDependencyInstrumentingArtifactTransform
Transforming jakarta.activation-api-1.2.1.jar (jakarta.activation:jakarta.activation-api:1.2.1) with ExternalDependencyInstrumentingArtifactTransform
Transforming error_prone_annotations-2.30.0.jar (com.google.errorprone:error_prone_annotations:2.30.0) with ExternalDependencyInstrumentingArtifactTransform
Transforming auto-value-annotations-1.6.2.jar (com.google.auto.value:auto-value-annotations:1.6.2) with ExternalDependencyInstrumentingArtifactTransform
Transforming FastInfoset-1.2.16.jar (com.sun.xml.fastinfoset:FastInfoset:1.2.16) with ExternalDependencyInstrumentingArtifactTransform
Transforming guava-33.3.1-jre.jar (com.google.guava:guava:33.3.1-jre) with ExternalDependencyInstrumentingArtifactTransform
Transforming flatbuffers-java-1.12.0.jar (com.google.flatbuffers:flatbuffers-java:1.12.0) with ExternalDependencyInstrumentingArtifactTransform
Transforming slf4j-api-1.7.30.jar (org.slf4j:slf4j-api:1.7.30) with ExternalDependencyInstrumentingArtifactTransform
Transforming grpc-protobuf-lite-1.69.1.jar (io.grpc:grpc-protobuf-lite:1.69.1) with ExternalDependencyInstrumentingArtifactTransform
Transforming jdom2-2.0.6.jar (org.jdom:jdom2:2.0.6) with ExternalDependencyInstrumentingArtifactTransform
Transforming annotations-4.1.1.4.jar (com.google.android:annotations:4.1.1.4) with InstrumentationAnalysisTransform
Transforming grpc-api-1.69.1.jar (io.grpc:grpc-api:1.69.1) with ExternalDependencyInstrumentingArtifactTransform
Transforming j2objc-annotations-3.0.0.jar (com.google.j2objc:j2objc-annotations:3.0.0) with ExternalDependencyInstrumentingArtifactTransform
Transforming jose4j-0.9.5.jar (org.bitbucket.b_c:jose4j:0.9.5) with ExternalDependencyInstrumentingArtifactTransform
Transforming istack-commons-runtime-3.0.8.jar (com.sun.istack:istack-commons-runtime:3.0.8) with ExternalDependencyInstrumentingArtifactTransform
Transforming txw2-2.3.2.jar (org.glassfish.jaxb:txw2:2.3.2) with ExternalDependencyInstrumentingArtifactTransform
Transforming annotations-4.1.1.4.jar (com.google.android:annotations:4.1.1.4) with MergeInstrumentationAnalysisTransform
Transforming jsr305-3.0.2.jar (com.google.code.findbugs:jsr305:3.0.2) with ExternalDependencyInstrumentingArtifactTransform
Transforming animal-sniffer-annotations-1.24.jar (org.codehaus.mojo:animal-sniffer-annotations:1.24) with InstrumentationAnalysisTransform
Transforming animal-sniffer-annotations-1.24.jar (org.codehaus.mojo:animal-sniffer-annotations:1.24) with MergeInstrumentationAnalysisTransform
Transforming perfmark-api-0.27.0.jar (io.perfmark:perfmark-api:0.27.0) with InstrumentationAnalysisTransform
Transforming annotations-4.1.1.4.jar (com.google.android:annotations:4.1.1.4) with ExternalDependencyInstrumentingArtifactTransform
Transforming perfmark-api-0.27.0.jar (io.perfmark:perfmark-api:0.27.0) with MergeInstrumentationAnalysisTransform
Transforming netty-codec-http2-4.1.110.Final.jar (io.netty:netty-codec-http2:4.1.110.Final) with InstrumentationAnalysisTransform
Transforming netty-codec-http2-4.1.110.Final.jar (io.netty:netty-codec-http2:4.1.110.Final) with MergeInstrumentationAnalysisTransform
Transforming netty-handler-proxy-4.1.110.Final.jar (io.netty:netty-handler-proxy:4.1.110.Final) with InstrumentationAnalysisTransform
Transforming netty-handler-proxy-4.1.110.Final.jar (io.netty:netty-handler-proxy:4.1.110.Final) with MergeInstrumentationAnalysisTransform
Transforming netty-codec-http-4.1.110.Final.jar (io.netty:netty-codec-http:4.1.110.Final) with InstrumentationAnalysisTransform
Transforming perfmark-api-0.27.0.jar (io.perfmark:perfmark-api:0.27.0) with ExternalDependencyInstrumentingArtifactTransform
Transforming netty-codec-http-4.1.110.Final.jar (io.netty:netty-codec-http:4.1.110.Final) with MergeInstrumentationAnalysisTransform
Transforming animal-sniffer-annotations-1.24.jar (org.codehaus.mojo:animal-sniffer-annotations:1.24) with ExternalDependencyInstrumentingArtifactTransform
Transforming netty-handler-4.1.110.Final.jar (io.netty:netty-handler:4.1.110.Final) with InstrumentationAnalysisTransform
Transforming netty-handler-4.1.110.Final.jar (io.netty:netty-handler:4.1.110.Final) with MergeInstrumentationAnalysisTransform
Transforming netty-handler-proxy-4.1.110.Final.jar (io.netty:netty-handler-proxy:4.1.110.Final) with ExternalDependencyInstrumentingArtifactTransform
Transforming netty-transport-native-unix-common-4.1.110.Final.jar (io.netty:netty-transport-native-unix-common:4.1.110.Final) with InstrumentationAnalysisTransform
Transforming netty-codec-http2-4.1.110.Final.jar (io.netty:netty-codec-http2:4.1.110.Final) with ExternalDependencyInstrumentingArtifactTransform
Transforming netty-transport-native-unix-common-4.1.110.Final.jar (io.netty:netty-transport-native-unix-common:4.1.110.Final) with MergeInstrumentationAnalysisTransform
Transforming netty-handler-4.1.110.Final.jar (io.netty:netty-handler:4.1.110.Final) with ExternalDependencyInstrumentingArtifactTransform
Transforming checker-qual-3.43.0.jar (org.checkerframework:checker-qual:3.43.0) with InstrumentationAnalysisTransform
Transforming netty-codec-http-4.1.110.Final.jar (io.netty:netty-codec-http:4.1.110.Final) with ExternalDependencyInstrumentingArtifactTransform
Transforming checker-qual-3.43.0.jar (org.checkerframework:checker-qual:3.43.0) with MergeInstrumentationAnalysisTransform
Transforming apksig-8.10.1.jar (com.android.tools.build:apksig:8.10.1) with InstrumentationAnalysisTransform
Transforming apksig-8.10.1.jar (com.android.tools.build:apksig:8.10.1) with MergeInstrumentationAnalysisTransform
Transforming javawriter-2.5.0.jar (com.squareup:javawriter:2.5.0) with InstrumentationAnalysisTransform
Transforming netty-transport-native-unix-common-4.1.110.Final.jar (io.netty:netty-transport-native-unix-common:4.1.110.Final) with ExternalDependencyInstrumentingArtifactTransform
Transforming javawriter-2.5.0.jar (com.squareup:javawriter:2.5.0) with MergeInstrumentationAnalysisTransform
Transforming failureaccess-1.0.2.jar (com.google.guava:failureaccess:1.0.2) with InstrumentationAnalysisTransform
Transforming checker-qual-3.43.0.jar (org.checkerframework:checker-qual:3.43.0) with ExternalDependencyInstrumentingArtifactTransform
Transforming failureaccess-1.0.2.jar (com.google.guava:failureaccess:1.0.2) with MergeInstrumentationAnalysisTransform
Transforming listenablefuture-9999.0-empty-to-avoid-conflict-with-guava.jar (com.google.guava:listenablefuture:9999.0-empty-to-avoid-conflict-with-guava) with InstrumentationAnalysisTransform
Transforming apksig-8.10.1.jar (com.android.tools.build:apksig:8.10.1) with ExternalDependencyInstrumentingArtifactTransform
Transforming listenablefuture-9999.0-empty-to-avoid-conflict-with-guava.jar (com.google.guava:listenablefuture:9999.0-empty-to-avoid-conflict-with-guava) with MergeInstrumentationAnalysisTransform
Transforming commons-logging-1.2.jar (commons-logging:commons-logging:1.2) with InstrumentationAnalysisTransform
Transforming commons-logging-1.2.jar (commons-logging:commons-logging:1.2) with MergeInstrumentationAnalysisTransform
Transforming commons-codec-1.11.jar (commons-codec:commons-codec:1.11) with InstrumentationAnalysisTransform
Transforming commons-codec-1.11.jar (commons-codec:commons-codec:1.11) with MergeInstrumentationAnalysisTransform
Transforming jna-5.6.0.jar (net.java.dev.jna:jna:5.6.0) with InstrumentationAnalysisTransform
Transforming failureaccess-1.0.2.jar (com.google.guava:failureaccess:1.0.2) with ExternalDependencyInstrumentingArtifactTransform
Transforming jna-5.6.0.jar (net.java.dev.jna:jna:5.6.0) with MergeInstrumentationAnalysisTransform
Transforming netty-codec-socks-4.1.110.Final.jar (io.netty:netty-codec-socks:4.1.110.Final) with InstrumentationAnalysisTransform
Transforming netty-codec-socks-4.1.110.Final.jar (io.netty:netty-codec-socks:4.1.110.Final) with MergeInstrumentationAnalysisTransform
Transforming netty-codec-4.1.110.Final.jar (io.netty:netty-codec:4.1.110.Final) with InstrumentationAnalysisTransform
Transforming netty-codec-4.1.110.Final.jar (io.netty:netty-codec:4.1.110.Final) with MergeInstrumentationAnalysisTransform
Transforming netty-transport-4.1.110.Final.jar (io.netty:netty-transport:4.1.110.Final) with InstrumentationAnalysisTransform
Transforming netty-transport-4.1.110.Final.jar (io.netty:netty-transport:4.1.110.Final) with MergeInstrumentationAnalysisTransform
Transforming commons-codec-1.11.jar (commons-codec:commons-codec:1.11) with ExternalDependencyInstrumentingArtifactTransform
Transforming listenablefuture-9999.0-empty-to-avoid-conflict-with-guava.jar (com.google.guava:listenablefuture:9999.0-empty-to-avoid-conflict-with-guava) with ExternalDependencyInstrumentingArtifactTransform
Transforming jna-5.6.0.jar (net.java.dev.jna:jna:5.6.0) with ExternalDependencyInstrumentingArtifactTransform
Transforming javawriter-2.5.0.jar (com.squareup:javawriter:2.5.0) with ExternalDependencyInstrumentingArtifactTransform
Transforming netty-transport-4.1.110.Final.jar (io.netty:netty-transport:4.1.110.Final) with ExternalDependencyInstrumentingArtifactTransform
Transforming netty-codec-socks-4.1.110.Final.jar (io.netty:netty-codec-socks:4.1.110.Final) with ExternalDependencyInstrumentingArtifactTransform
Transforming netty-codec-4.1.110.Final.jar (io.netty:netty-codec:4.1.110.Final) with ExternalDependencyInstrumentingArtifactTransform
Transforming commons-logging-1.2.jar (commons-logging:commons-logging:1.2) with ExternalDependencyInstrumentingArtifactTransform
Transforming netty-buffer-4.1.110.Final.jar (io.netty:netty-buffer:4.1.110.Final) with InstrumentationAnalysisTransform
Transforming netty-buffer-4.1.110.Final.jar (io.netty:netty-buffer:4.1.110.Final) with MergeInstrumentationAnalysisTransform
Transforming netty-resolver-4.1.110.Final.jar (io.netty:netty-resolver:4.1.110.Final) with InstrumentationAnalysisTransform
Transforming netty-resolver-4.1.110.Final.jar (io.netty:netty-resolver:4.1.110.Final) with MergeInstrumentationAnalysisTransform
Transforming netty-common-4.1.110.Final.jar (io.netty:netty-common:4.1.110.Final) with InstrumentationAnalysisTransform
Transforming netty-common-4.1.110.Final.jar (io.netty:netty-common:4.1.110.Final) with MergeInstrumentationAnalysisTransform
Transforming netty-resolver-4.1.110.Final.jar (io.netty:netty-resolver:4.1.110.Final) with ExternalDependencyInstrumentingArtifactTransform
Transforming netty-buffer-4.1.110.Final.jar (io.netty:netty-buffer:4.1.110.Final) with ExternalDependencyInstrumentingArtifactTransform
Transforming netty-common-4.1.110.Final.jar (io.netty:netty-common:4.1.110.Final) with ExternalDependencyInstrumentingArtifactTransform
Transforming plugins.jar (project :build-logic:plugins) with ProjectDependencyInstrumentingArtifactTransform
Transforming tools.jar (project :build-logic:tools) with ProjectDependencyInstrumentingArtifactTransform
Using default execution profile
Using Kotlin Gradle Plugin gradle811 variant
Detected Android Gradle Plugin compose compiler configuration
Detected Android Gradle Plugin compose compiler configuration
Detected Android Gradle Plugin compose compiler configuration
Detected Android Gradle Plugin compose compiler configuration
Detected Android Gradle Plugin compose compiler configuration

> Configure project :core-ui
Evaluating project ':core-ui' using build file '/home/lollerfirst/Signal-Android/core-ui/build.gradle.kts'.
Transforming classes with InstrumentationAnalysisTransform
Transforming classes with InstrumentationAnalysisTransform
Transforming gradle-8.10.1.jar (com.android.tools.build:gradle:8.10.1) with InstrumentationAnalysisTransform
Transforming gradle-settings-api-8.10.1.jar (com.android.tools.build:gradle-settings-api:8.10.1) with InstrumentationAnalysisTransform
Transforming lint-model-31.10.1.jar (com.android.tools.lint:lint-model:31.10.1) with InstrumentationAnalysisTransform
Transforming builder-8.10.1.jar (com.android.tools.build:builder:8.10.1) with InstrumentationAnalysisTransform
Transforming manifest-merger-31.10.1.jar (com.android.tools.build:manifest-merger:31.10.1) with InstrumentationAnalysisTransform
Transforming sdk-common-31.10.1.jar (com.android.tools:sdk-common:31.10.1) with InstrumentationAnalysisTransform
Transforming sdklib-31.10.1.jar (com.android.tools:sdklib:31.10.1) with InstrumentationAnalysisTransform
Transforming repository-31.10.1.jar (com.android.tools:repository:31.10.1) with InstrumentationAnalysisTransform
Transforming aaptcompiler-8.10.1.jar (com.android.tools.build:aaptcompiler:8.10.1) with InstrumentationAnalysisTransform
Transforming tracker-31.10.1.jar (com.android.tools.analytics-library:tracker:31.10.1) with InstrumentationAnalysisTransform
Transforming shared-31.10.1.jar (com.android.tools.analytics-library:shared:31.10.1) with InstrumentationAnalysisTransform
Transforming databinding-compiler-common-8.10.1.jar (androidx.databinding:databinding-compiler-common:8.10.1) with InstrumentationAnalysisTransform
Transforming android-test-plugin-host-emulator-control-proto-31.10.1.jar (com.android.tools.utp:android-test-plugin-host-emulator-control-proto:31.10.1) with InstrumentationAnalysisTransform
Transforming builder-model-8.10.1.jar (com.android.tools.build:builder-model:8.10.1) with InstrumentationAnalysisTransform
Transforming gradle-api-8.10.1.jar (com.android.tools.build:gradle-api:8.10.1) with InstrumentationAnalysisTransform
Transforming builder-test-api-8.10.1.jar (com.android.tools.build:builder-test-api:8.10.1) with InstrumentationAnalysisTransform
Transforming ddmlib-31.10.1.jar (com.android.tools.ddms:ddmlib:31.10.1) with InstrumentationAnalysisTransform
Transforming layoutlib-api-31.10.1.jar (com.android.tools.layoutlib:layoutlib-api:31.10.1) with InstrumentationAnalysisTransform
Transforming dvlib-31.10.1.jar (com.android.tools:dvlib:31.10.1) with InstrumentationAnalysisTransform
Transforming common-31.10.1.jar (com.android.tools:common:31.10.1) with InstrumentationAnalysisTransform
Transforming kotlin-stdlib-jdk8-2.1.0.jar (org.jetbrains.kotlin:kotlin-stdlib-jdk8:2.1.0) with InstrumentationAnalysisTransform
Transforming jetifier-processor-1.0.0-beta10.jar (com.android.tools.build.jetifier:jetifier-processor:1.0.0-beta10) with InstrumentationAnalysisTransform
Transforming jetifier-core-1.0.0-beta10.jar (com.android.tools.build.jetifier:jetifier-core:1.0.0-beta10) with InstrumentationAnalysisTransform
Transforming kotlin-reflect-2.0.20.jar (org.jetbrains.kotlin:kotlin-reflect:2.0.20) with InstrumentationAnalysisTransform
Transforming kotlin-stdlib-jdk7-2.1.0.jar (org.jetbrains.kotlin:kotlin-stdlib-jdk7:2.1.0) with InstrumentationAnalysisTransform
Transforming kotlin-stdlib-2.0.20.jar (org.jetbrains.kotlin:kotlin-stdlib:2.0.20) with InstrumentationAnalysisTransform
Transforming annotations-13.0.jar (org.jetbrains:annotations:13.0) with InstrumentationAnalysisTransform
Transforming kotlin-gradle-plugin-model-2.2.20.jar (org.jetbrains.kotlin:kotlin-gradle-plugin-model:2.2.20) with InstrumentationAnalysisTransform
Transforming fus-statistics-gradle-plugin-2.2.20-gradle811.jar (org.jetbrains.kotlin:fus-statistics-gradle-plugin:2.2.20) with InstrumentationAnalysisTransform
Transforming kotlin-gradle-plugin-api-2.2.20.jar (org.jetbrains.kotlin:kotlin-gradle-plugin-api:2.2.20) with InstrumentationAnalysisTransform
Transforming kotlin-gradle-plugin-api-2.2.20-gradle811.jar (org.jetbrains.kotlin:kotlin-gradle-plugin-api:2.2.20) with InstrumentationAnalysisTransform
Transforming kotlin-gradle-plugin-2.2.20-gradle811.jar (org.jetbrains.kotlin:kotlin-gradle-plugin:2.2.20) with InstrumentationAnalysisTransform
Transforming ktlint-gradle-12.1.1.jar (org.jlleitschuh.gradle:ktlint-gradle:12.1.1) with InstrumentationAnalysisTransform
Transforming kotlin-gradle-plugin-idea-proto-2.2.20.jar (org.jetbrains.kotlin:kotlin-gradle-plugin-idea-proto:2.2.20) with InstrumentationAnalysisTransform
Transforming kotlin-gradle-plugin-idea-2.2.20.jar (org.jetbrains.kotlin:kotlin-gradle-plugin-idea:2.2.20) with InstrumentationAnalysisTransform
Transforming kotlin-klib-commonizer-api-2.2.20.jar (org.jetbrains.kotlin:kotlin-klib-commonizer-api:2.2.20) with InstrumentationAnalysisTransform
Transforming kotlin-build-statistics-2.2.20.jar (org.jetbrains.kotlin:kotlin-build-statistics:2.2.20) with InstrumentationAnalysisTransform
Transforming kotlin-util-klib-metadata-2.2.20.jar (org.jetbrains.kotlin:kotlin-util-klib-metadata:2.2.20) with InstrumentationAnalysisTransform
Transforming abi-tools-api-2.2.20.jar (org.jetbrains.kotlin:abi-tools-api:2.2.20) with InstrumentationAnalysisTransform
Transforming kotlin-compiler-runner-2.2.20.jar (org.jetbrains.kotlin:kotlin-compiler-runner:2.2.20) with InstrumentationAnalysisTransform
Transforming dnsjava-2.1.9.jar (dnsjava:dnsjava:2.1.9) with InstrumentationAnalysisTransform
Transforming kotlin-gradle-plugin-annotations-2.2.20.jar (org.jetbrains.kotlin:kotlin-gradle-plugin-annotations:2.2.20) with InstrumentationAnalysisTransform
Transforming kotlin-native-utils-2.2.20.jar (org.jetbrains.kotlin:kotlin-native-utils:2.2.20) with InstrumentationAnalysisTransform
Transforming kotlin-tooling-core-2.2.20.jar (org.jetbrains.kotlin:kotlin-tooling-core:2.2.20) with InstrumentationAnalysisTransform
Transforming kotlin-build-tools-api-2.2.20.jar (org.jetbrains.kotlin:kotlin-build-tools-api:2.2.20) with InstrumentationAnalysisTransform
Transforming android-test-plugin-result-listener-gradle-proto-31.10.1.jar (com.android.tools.utp:android-test-plugin-result-listener-gradle-proto:31.10.1) with InstrumentationAnalysisTransform
Transforming bundletool-1.18.0.jar (com.android.tools.build:bundletool:1.18.0) with InstrumentationAnalysisTransform
Transforming protobuf-java-util-3.25.5.jar (com.google.protobuf:protobuf-java-util:3.25.5) with InstrumentationAnalysisTransform
Transforming grpc-netty-1.69.1.jar (io.grpc:grpc-netty:1.69.1) with InstrumentationAnalysisTransform
Transforming grpc-inprocess-1.69.1.jar (io.grpc:grpc-inprocess:1.69.1) with InstrumentationAnalysisTransform
Transforming grpc-util-1.69.1.jar (io.grpc:grpc-util:1.69.1) with InstrumentationAnalysisTransform
Transforming grpc-core-1.69.1.jar (io.grpc:grpc-core:1.69.1) with InstrumentationAnalysisTransform
Transforming tink-1.7.0.jar (com.google.crypto.tink:tink:1.7.0) with InstrumentationAnalysisTransform
Transforming gson-2.11.0.jar (com.google.code.gson:gson:2.11.0) with InstrumentationAnalysisTransform
Transforming kotlin-util-klib-2.2.20.jar (org.jetbrains.kotlin:kotlin-util-klib:2.2.20) with InstrumentationAnalysisTransform
Transforming kotlin-util-io-2.2.20.jar (org.jetbrains.kotlin:kotlin-util-io:2.2.20) with InstrumentationAnalysisTransform
Transforming kotlin-daemon-client-2.2.20.jar (org.jetbrains.kotlin:kotlin-daemon-client:2.2.20) with InstrumentationAnalysisTransform
Transforming kotlinx-coroutines-core-jvm-1.8.0.jar (org.jetbrains.kotlinx:kotlinx-coroutines-core-jvm:1.8.0) with InstrumentationAnalysisTransform
Transforming aapt2-proto-8.10.1-12782657.jar (com.android.tools.build:aapt2-proto:8.10.1-12782657) with InstrumentationAnalysisTransform
Transforming crash-31.10.1.jar (com.android.tools.analytics-library:crash:31.10.1) with InstrumentationAnalysisTransform
Transforming lint-typedef-remover-31.10.1.jar (com.android.tools.lint:lint-typedef-remover:31.10.1) with InstrumentationAnalysisTransform
Transforming databinding-common-8.10.1.jar (androidx.databinding:databinding-common:8.10.1) with InstrumentationAnalysisTransform
Transforming baseLibrary-8.10.1.jar (com.android.databinding:baseLibrary:8.10.1) with InstrumentationAnalysisTransform
Transforming android-device-provider-ddmlib-proto-31.10.1.jar (com.android.tools.utp:android-device-provider-ddmlib-proto:31.10.1) with InstrumentationAnalysisTransform
Transforming android-device-provider-gradle-proto-31.10.1.jar (com.android.tools.utp:android-device-provider-gradle-proto:31.10.1) with InstrumentationAnalysisTransform
Transforming android-device-provider-profile-proto-31.10.1.jar (com.android.tools.utp:android-device-provider-profile-proto:31.10.1) with InstrumentationAnalysisTransform
Transforming android-test-plugin-host-additional-test-output-proto-31.10.1.jar (com.android.tools.utp:android-test-plugin-host-additional-test-output-proto:31.10.1) with InstrumentationAnalysisTransform
Transforming android-test-plugin-host-coverage-proto-31.10.1.jar (com.android.tools.utp:android-test-plugin-host-coverage-proto:31.10.1) with InstrumentationAnalysisTransform
Transforming android-test-plugin-host-logcat-proto-31.10.1.jar (com.android.tools.utp:android-test-plugin-host-logcat-proto:31.10.1) with InstrumentationAnalysisTransform
Transforming android-test-plugin-host-apk-installer-proto-31.10.1.jar (com.android.tools.utp:android-test-plugin-host-apk-installer-proto:31.10.1) with InstrumentationAnalysisTransform
Transforming transform-api-2.0.0-deprecated-use-gradle-api.jar (com.android.tools.build:transform-api:2.0.0-deprecated-use-gradle-api) with InstrumentationAnalysisTransform
Transforming httpmime-4.5.6.jar (org.apache.httpcomponents:httpmime:4.5.6) with InstrumentationAnalysisTransform
Transforming commons-io-2.16.1.jar (commons-io:commons-io:2.16.1) with InstrumentationAnalysisTransform
Transforming asm-commons-9.7.1.jar (org.ow2.asm:asm-commons:9.7.1) with InstrumentationAnalysisTransform
Transforming asm-util-9.7.1.jar (org.ow2.asm:asm-util:9.7.1) with InstrumentationAnalysisTransform
Transforming asm-analysis-9.7.1.jar (org.ow2.asm:asm-analysis:9.7.1) with InstrumentationAnalysisTransform
Transforming asm-tree-9.7.1.jar (org.ow2.asm:asm-tree:9.7.1) with InstrumentationAnalysisTransform
Transforming asm-9.7.1.jar (org.ow2.asm:asm:9.7.1) with InstrumentationAnalysisTransform
Transforming apkzlib-8.10.1.jar (com.android.tools.build:apkzlib:8.10.1) with InstrumentationAnalysisTransform
Transforming bcpkix-jdk18on-1.79.jar (org.bouncycastle:bcpkix-jdk18on:1.79) with InstrumentationAnalysisTransform
Transforming jaxb-runtime-2.3.2.jar (org.glassfish.jaxb:jaxb-runtime:2.3.2) with InstrumentationAnalysisTransform
Transforming jopt-simple-4.9.jar (net.sf.jopt-simple:jopt-simple:4.9) with InstrumentationAnalysisTransform
Transforming javapoet-1.10.0.jar (com.squareup:javapoet:1.10.0) with InstrumentationAnalysisTransform
Transforming grpc-protobuf-1.69.1.jar (io.grpc:grpc-protobuf:1.69.1) with InstrumentationAnalysisTransform
Transforming core-proto-0.0.9-alpha03.jar (com.google.testing.platform:core-proto:0.0.9-alpha03) with InstrumentationAnalysisTransform
Transforming protos-31.10.1.jar (com.android.tools.analytics-library:protos:31.10.1) with InstrumentationAnalysisTransform
Transforming proto-google-common-protos-2.48.0.jar (com.google.api.grpc:proto-google-common-protos:2.48.0) with InstrumentationAnalysisTransform
Transforming protobuf-java-3.25.5.jar (com.google.protobuf:protobuf-java:3.25.5) with InstrumentationAnalysisTransform
Transforming grpc-stub-1.69.1.jar (io.grpc:grpc-stub:1.69.1) with InstrumentationAnalysisTransform
Transforming tensorflow-lite-metadata-0.2.0.jar (org.tensorflow:tensorflow-lite-metadata:0.2.0) with InstrumentationAnalysisTransform
Transforming flatbuffers-java-1.12.0.jar (com.google.flatbuffers:flatbuffers-java:1.12.0) with InstrumentationAnalysisTransform
Transforming jimfs-1.1.jar (com.google.jimfs:jimfs:1.1) with InstrumentationAnalysisTransform
Transforming grpc-context-1.69.1.jar (io.grpc:grpc-context:1.69.1) with InstrumentationAnalysisTransform
Transforming grpc-protobuf-lite-1.69.1.jar (io.grpc:grpc-protobuf-lite:1.69.1) with InstrumentationAnalysisTransform
Transforming grpc-api-1.69.1.jar (io.grpc:grpc-api:1.69.1) with InstrumentationAnalysisTransform
Transforming guava-33.3.1-jre.jar (com.google.guava:guava:33.3.1-jre) with InstrumentationAnalysisTransform
Transforming error_prone_annotations-2.30.0.jar (com.google.errorprone:error_prone_annotations:2.30.0) with InstrumentationAnalysisTransform
Transforming dagger-2.28.3.jar (com.google.dagger:dagger:2.28.3) with InstrumentationAnalysisTransform
Transforming javax.inject-1.jar (javax.inject:javax.inject:1) with InstrumentationAnalysisTransform
Transforming kxml2-2.3.0.jar (net.sf.kxml:kxml2:2.3.0) with InstrumentationAnalysisTransform
Transforming commons-compress-1.21.jar (org.apache.commons:commons-compress:1.21) with InstrumentationAnalysisTransform
Transforming bcutil-jdk18on-1.79.jar (org.bouncycastle:bcutil-jdk18on:1.79) with InstrumentationAnalysisTransform
Transforming bcprov-jdk18on-1.79.jar (org.bouncycastle:bcprov-jdk18on:1.79) with InstrumentationAnalysisTransform
Transforming httpclient-4.5.14.jar (org.apache.httpcomponents:httpclient:4.5.14) with InstrumentationAnalysisTransform
Transforming httpcore-4.4.16.jar (org.apache.httpcomponents:httpcore:4.4.16) with InstrumentationAnalysisTransform
Transforming javax.activation-1.2.0.jar (com.sun.activation:javax.activation:1.2.0) with InstrumentationAnalysisTransform
Transforming signflinger-8.10.1.jar (com.android:signflinger:8.10.1) with InstrumentationAnalysisTransform
Transforming zipflinger-8.10.1.jar (com.android:zipflinger:8.10.1) with InstrumentationAnalysisTransform
Transforming annotations-31.10.1.jar (com.android.tools:annotations:31.10.1) with InstrumentationAnalysisTransform
Transforming jna-platform-5.6.0.jar (net.java.dev.jna:jna-platform:5.6.0) with InstrumentationAnalysisTransform
Transforming juniversalchardet-1.0.3.jar (com.googlecode.juniversalchardet:juniversalchardet:1.0.3) with InstrumentationAnalysisTransform
Transforming javax.annotation-api-1.3.2.jar (javax.annotation:javax.annotation-api:1.3.2) with InstrumentationAnalysisTransform
Transforming stax-ex-1.8.1.jar (org.jvnet.staxex:stax-ex:1.8.1) with InstrumentationAnalysisTransform
Transforming jakarta.xml.bind-api-2.3.2.jar (jakarta.xml.bind:jakarta.xml.bind-api:2.3.2) with InstrumentationAnalysisTransform
Transforming txw2-2.3.2.jar (org.glassfish.jaxb:txw2:2.3.2) with InstrumentationAnalysisTransform
Transforming istack-commons-runtime-3.0.8.jar (com.sun.istack:istack-commons-runtime:3.0.8) with InstrumentationAnalysisTransform
Transforming FastInfoset-1.2.16.jar (com.sun.xml.fastinfoset:FastInfoset:1.2.16) with InstrumentationAnalysisTransform
Transforming jakarta.activation-api-1.2.1.jar (jakarta.activation:jakarta.activation-api:1.2.1) with InstrumentationAnalysisTransform
Transforming auto-value-annotations-1.6.2.jar (com.google.auto.value:auto-value-annotations:1.6.2) with InstrumentationAnalysisTransform
Transforming jose4j-0.9.5.jar (org.bitbucket.b_c:jose4j:0.9.5) with InstrumentationAnalysisTransform
Transforming slf4j-api-1.7.30.jar (org.slf4j:slf4j-api:1.7.30) with InstrumentationAnalysisTransform
Transforming jdom2-2.0.6.jar (org.jdom:jdom2:2.0.6) with InstrumentationAnalysisTransform
Transforming jsr305-3.0.2.jar (com.google.code.findbugs:jsr305:3.0.2) with InstrumentationAnalysisTransform
Transforming j2objc-annotations-3.0.0.jar (com.google.j2objc:j2objc-annotations:3.0.0) with InstrumentationAnalysisTransform
Transforming annotations-4.1.1.4.jar (com.google.android:annotations:4.1.1.4) with InstrumentationAnalysisTransform
Transforming animal-sniffer-annotations-1.24.jar (org.codehaus.mojo:animal-sniffer-annotations:1.24) with InstrumentationAnalysisTransform
Transforming perfmark-api-0.27.0.jar (io.perfmark:perfmark-api:0.27.0) with InstrumentationAnalysisTransform
Transforming netty-codec-http2-4.1.110.Final.jar (io.netty:netty-codec-http2:4.1.110.Final) with InstrumentationAnalysisTransform
Transforming netty-handler-proxy-4.1.110.Final.jar (io.netty:netty-handler-proxy:4.1.110.Final) with InstrumentationAnalysisTransform
Transforming netty-codec-http-4.1.110.Final.jar (io.netty:netty-codec-http:4.1.110.Final) with InstrumentationAnalysisTransform
Transforming netty-handler-4.1.110.Final.jar (io.netty:netty-handler:4.1.110.Final) with InstrumentationAnalysisTransform
Transforming netty-transport-native-unix-common-4.1.110.Final.jar (io.netty:netty-transport-native-unix-common:4.1.110.Final) with InstrumentationAnalysisTransform
Transforming checker-qual-3.43.0.jar (org.checkerframework:checker-qual:3.43.0) with InstrumentationAnalysisTransform
Transforming apksig-8.10.1.jar (com.android.tools.build:apksig:8.10.1) with InstrumentationAnalysisTransform
Transforming javawriter-2.5.0.jar (com.squareup:javawriter:2.5.0) with InstrumentationAnalysisTransform
Transforming failureaccess-1.0.2.jar (com.google.guava:failureaccess:1.0.2) with InstrumentationAnalysisTransform
Transforming listenablefuture-9999.0-empty-to-avoid-conflict-with-guava.jar (com.google.guava:listenablefuture:9999.0-empty-to-avoid-conflict-with-guava) with InstrumentationAnalysisTransform
Transforming commons-logging-1.2.jar (commons-logging:commons-logging:1.2) with InstrumentationAnalysisTransform
Transforming commons-codec-1.11.jar (commons-codec:commons-codec:1.11) with InstrumentationAnalysisTransform
Transforming jna-5.6.0.jar (net.java.dev.jna:jna:5.6.0) with InstrumentationAnalysisTransform
Transforming netty-codec-socks-4.1.110.Final.jar (io.netty:netty-codec-socks:4.1.110.Final) with InstrumentationAnalysisTransform
Transforming netty-codec-4.1.110.Final.jar (io.netty:netty-codec:4.1.110.Final) with InstrumentationAnalysisTransform
Transforming netty-transport-4.1.110.Final.jar (io.netty:netty-transport:4.1.110.Final) with InstrumentationAnalysisTransform
Transforming netty-buffer-4.1.110.Final.jar (io.netty:netty-buffer:4.1.110.Final) with InstrumentationAnalysisTransform
Transforming netty-resolver-4.1.110.Final.jar (io.netty:netty-resolver:4.1.110.Final) with InstrumentationAnalysisTransform
Transforming netty-common-4.1.110.Final.jar (io.netty:netty-common:4.1.110.Final) with InstrumentationAnalysisTransform
Transforming main (project :build-logic:plugins) with InstrumentationAnalysisTransform
Transforming main (project :build-logic:plugins) with InstrumentationAnalysisTransform
Transforming main (project :build-logic:plugins) with InstrumentationAnalysisTransform
Transforming main (project :build-logic:tools) with InstrumentationAnalysisTransform
Transforming main (project :build-logic:tools) with InstrumentationAnalysisTransform
Transforming classes with InstrumentationAnalysisTransform
Transforming classes with MergeInstrumentationAnalysisTransform
Transforming classes with InstrumentationAnalysisTransform
Transforming classes with MergeInstrumentationAnalysisTransform
Transforming classes with ExternalDependencyInstrumentingArtifactTransform
Transforming gradle-8.10.1.jar (com.android.tools.build:gradle:8.10.1) with InstrumentationAnalysisTransform
Transforming classes with ExternalDependencyInstrumentingArtifactTransform
Transforming gradle-8.10.1.jar (com.android.tools.build:gradle:8.10.1) with MergeInstrumentationAnalysisTransform
Transforming gradle-settings-api-8.10.1.jar (com.android.tools.build:gradle-settings-api:8.10.1) with InstrumentationAnalysisTransform
Transforming gradle-settings-api-8.10.1.jar (com.android.tools.build:gradle-settings-api:8.10.1) with MergeInstrumentationAnalysisTransform
Transforming lint-model-31.10.1.jar (com.android.tools.lint:lint-model:31.10.1) with InstrumentationAnalysisTransform
Transforming gradle-settings-api-8.10.1.jar (com.android.tools.build:gradle-settings-api:8.10.1) with ExternalDependencyInstrumentingArtifactTransform
Transforming lint-model-31.10.1.jar (com.android.tools.lint:lint-model:31.10.1) with MergeInstrumentationAnalysisTransform
Transforming builder-8.10.1.jar (com.android.tools.build:builder:8.10.1) with InstrumentationAnalysisTransform
Transforming builder-8.10.1.jar (com.android.tools.build:builder:8.10.1) with MergeInstrumentationAnalysisTransform
Transforming manifest-merger-31.10.1.jar (com.android.tools.build:manifest-merger:31.10.1) with InstrumentationAnalysisTransform
Transforming lint-model-31.10.1.jar (com.android.tools.lint:lint-model:31.10.1) with ExternalDependencyInstrumentingArtifactTransform
Transforming builder-8.10.1.jar (com.android.tools.build:builder:8.10.1) with ExternalDependencyInstrumentingArtifactTransform
Transforming manifest-merger-31.10.1.jar (com.android.tools.build:manifest-merger:31.10.1) with MergeInstrumentationAnalysisTransform
Transforming gradle-8.10.1.jar (com.android.tools.build:gradle:8.10.1) with ExternalDependencyInstrumentingArtifactTransform
Transforming sdk-common-31.10.1.jar (com.android.tools:sdk-common:31.10.1) with InstrumentationAnalysisTransform
Transforming sdk-common-31.10.1.jar (com.android.tools:sdk-common:31.10.1) with MergeInstrumentationAnalysisTransform
Transforming manifest-merger-31.10.1.jar (com.android.tools.build:manifest-merger:31.10.1) with ExternalDependencyInstrumentingArtifactTransform
Transforming sdklib-31.10.1.jar (com.android.tools:sdklib:31.10.1) with InstrumentationAnalysisTransform
Transforming sdklib-31.10.1.jar (com.android.tools:sdklib:31.10.1) with MergeInstrumentationAnalysisTransform
Transforming sdk-common-31.10.1.jar (com.android.tools:sdk-common:31.10.1) with ExternalDependencyInstrumentingArtifactTransform
Transforming repository-31.10.1.jar (com.android.tools:repository:31.10.1) with InstrumentationAnalysisTransform
Transforming repository-31.10.1.jar (com.android.tools:repository:31.10.1) with MergeInstrumentationAnalysisTransform
Transforming aaptcompiler-8.10.1.jar (com.android.tools.build:aaptcompiler:8.10.1) with InstrumentationAnalysisTransform
Transforming aaptcompiler-8.10.1.jar (com.android.tools.build:aaptcompiler:8.10.1) with MergeInstrumentationAnalysisTransform
Transforming sdklib-31.10.1.jar (com.android.tools:sdklib:31.10.1) with ExternalDependencyInstrumentingArtifactTransform
Transforming tracker-31.10.1.jar (com.android.tools.analytics-library:tracker:31.10.1) with InstrumentationAnalysisTransform
Transforming repository-31.10.1.jar (com.android.tools:repository:31.10.1) with ExternalDependencyInstrumentingArtifactTransform
Transforming tracker-31.10.1.jar (com.android.tools.analytics-library:tracker:31.10.1) with MergeInstrumentationAnalysisTransform
Transforming shared-31.10.1.jar (com.android.tools.analytics-library:shared:31.10.1) with InstrumentationAnalysisTransform
Transforming aaptcompiler-8.10.1.jar (com.android.tools.build:aaptcompiler:8.10.1) with ExternalDependencyInstrumentingArtifactTransform
Transforming shared-31.10.1.jar (com.android.tools.analytics-library:shared:31.10.1) with MergeInstrumentationAnalysisTransform
Transforming databinding-compiler-common-8.10.1.jar (androidx.databinding:databinding-compiler-common:8.10.1) with InstrumentationAnalysisTransform
Transforming databinding-compiler-common-8.10.1.jar (androidx.databinding:databinding-compiler-common:8.10.1) with MergeInstrumentationAnalysisTransform
Transforming android-test-plugin-host-emulator-control-proto-31.10.1.jar (com.android.tools.utp:android-test-plugin-host-emulator-control-proto:31.10.1) with InstrumentationAnalysisTransform
Transforming tracker-31.10.1.jar (com.android.tools.analytics-library:tracker:31.10.1) with ExternalDependencyInstrumentingArtifactTransform
Transforming android-test-plugin-host-emulator-control-proto-31.10.1.jar (com.android.tools.utp:android-test-plugin-host-emulator-control-proto:31.10.1) with MergeInstrumentationAnalysisTransform
Transforming shared-31.10.1.jar (com.android.tools.analytics-library:shared:31.10.1) with ExternalDependencyInstrumentingArtifactTransform
Transforming databinding-compiler-common-8.10.1.jar (androidx.databinding:databinding-compiler-common:8.10.1) with ExternalDependencyInstrumentingArtifactTransform
Transforming builder-model-8.10.1.jar (com.android.tools.build:builder-model:8.10.1) with InstrumentationAnalysisTransform
Transforming android-test-plugin-host-emulator-control-proto-31.10.1.jar (com.android.tools.utp:android-test-plugin-host-emulator-control-proto:31.10.1) with ExternalDependencyInstrumentingArtifactTransform
Transforming builder-model-8.10.1.jar (com.android.tools.build:builder-model:8.10.1) with MergeInstrumentationAnalysisTransform
Transforming gradle-api-8.10.1.jar (com.android.tools.build:gradle-api:8.10.1) with InstrumentationAnalysisTransform
Transforming gradle-api-8.10.1.jar (com.android.tools.build:gradle-api:8.10.1) with MergeInstrumentationAnalysisTransform
Transforming builder-test-api-8.10.1.jar (com.android.tools.build:builder-test-api:8.10.1) with InstrumentationAnalysisTransform
Transforming builder-model-8.10.1.jar (com.android.tools.build:builder-model:8.10.1) with ExternalDependencyInstrumentingArtifactTransform
Transforming builder-test-api-8.10.1.jar (com.android.tools.build:builder-test-api:8.10.1) with MergeInstrumentationAnalysisTransform
Transforming gradle-api-8.10.1.jar (com.android.tools.build:gradle-api:8.10.1) with ExternalDependencyInstrumentingArtifactTransform
Transforming ddmlib-31.10.1.jar (com.android.tools.ddms:ddmlib:31.10.1) with InstrumentationAnalysisTransform
Transforming ddmlib-31.10.1.jar (com.android.tools.ddms:ddmlib:31.10.1) with MergeInstrumentationAnalysisTransform
Transforming layoutlib-api-31.10.1.jar (com.android.tools.layoutlib:layoutlib-api:31.10.1) with InstrumentationAnalysisTransform
Transforming layoutlib-api-31.10.1.jar (com.android.tools.layoutlib:layoutlib-api:31.10.1) with MergeInstrumentationAnalysisTransform
Transforming dvlib-31.10.1.jar (com.android.tools:dvlib:31.10.1) with InstrumentationAnalysisTransform
Transforming dvlib-31.10.1.jar (com.android.tools:dvlib:31.10.1) with MergeInstrumentationAnalysisTransform
Transforming common-31.10.1.jar (com.android.tools:common:31.10.1) with InstrumentationAnalysisTransform
Transforming builder-test-api-8.10.1.jar (com.android.tools.build:builder-test-api:8.10.1) with ExternalDependencyInstrumentingArtifactTransform
Transforming common-31.10.1.jar (com.android.tools:common:31.10.1) with MergeInstrumentationAnalysisTransform
Transforming kotlin-stdlib-jdk8-2.1.0.jar (org.jetbrains.kotlin:kotlin-stdlib-jdk8:2.1.0) with InstrumentationAnalysisTransform
Transforming ddmlib-31.10.1.jar (com.android.tools.ddms:ddmlib:31.10.1) with ExternalDependencyInstrumentingArtifactTransform
Transforming common-31.10.1.jar (com.android.tools:common:31.10.1) with ExternalDependencyInstrumentingArtifactTransform
Transforming layoutlib-api-31.10.1.jar (com.android.tools.layoutlib:layoutlib-api:31.10.1) with ExternalDependencyInstrumentingArtifactTransform
Transforming kotlin-stdlib-jdk8-2.1.0.jar (org.jetbrains.kotlin:kotlin-stdlib-jdk8:2.1.0) with MergeInstrumentationAnalysisTransform
Transforming dvlib-31.10.1.jar (com.android.tools:dvlib:31.10.1) with ExternalDependencyInstrumentingArtifactTransform
Transforming jetifier-processor-1.0.0-beta10.jar (com.android.tools.build.jetifier:jetifier-processor:1.0.0-beta10) with InstrumentationAnalysisTransform
Transforming jetifier-processor-1.0.0-beta10.jar (com.android.tools.build.jetifier:jetifier-processor:1.0.0-beta10) with MergeInstrumentationAnalysisTransform
Transforming jetifier-core-1.0.0-beta10.jar (com.android.tools.build.jetifier:jetifier-core:1.0.0-beta10) with InstrumentationAnalysisTransform
Transforming kotlin-stdlib-jdk8-2.1.0.jar (org.jetbrains.kotlin:kotlin-stdlib-jdk8:2.1.0) with ExternalDependencyInstrumentingArtifactTransform
Transforming jetifier-processor-1.0.0-beta10.jar (com.android.tools.build.jetifier:jetifier-processor:1.0.0-beta10) with ExternalDependencyInstrumentingArtifactTransform
Transforming jetifier-core-1.0.0-beta10.jar (com.android.tools.build.jetifier:jetifier-core:1.0.0-beta10) with MergeInstrumentationAnalysisTransform
Transforming kotlin-reflect-2.0.20.jar (org.jetbrains.kotlin:kotlin-reflect:2.0.20) with InstrumentationAnalysisTransform
Transforming jetifier-core-1.0.0-beta10.jar (com.android.tools.build.jetifier:jetifier-core:1.0.0-beta10) with ExternalDependencyInstrumentingArtifactTransform
Transforming kotlin-reflect-2.0.20.jar (org.jetbrains.kotlin:kotlin-reflect:2.0.20) with MergeInstrumentationAnalysisTransform
Transforming kotlin-stdlib-jdk7-2.1.0.jar (org.jetbrains.kotlin:kotlin-stdlib-jdk7:2.1.0) with InstrumentationAnalysisTransform
Transforming kotlin-stdlib-jdk7-2.1.0.jar (org.jetbrains.kotlin:kotlin-stdlib-jdk7:2.1.0) with MergeInstrumentationAnalysisTransform
Transforming kotlin-stdlib-2.0.20.jar (org.jetbrains.kotlin:kotlin-stdlib:2.0.20) with InstrumentationAnalysisTransform
Transforming kotlin-stdlib-2.0.20.jar (org.jetbrains.kotlin:kotlin-stdlib:2.0.20) with MergeInstrumentationAnalysisTransform
Transforming kotlin-stdlib-jdk7-2.1.0.jar (org.jetbrains.kotlin:kotlin-stdlib-jdk7:2.1.0) with ExternalDependencyInstrumentingArtifactTransform
Transforming annotations-13.0.jar (org.jetbrains:annotations:13.0) with InstrumentationAnalysisTransform
Transforming kotlin-reflect-2.0.20.jar (org.jetbrains.kotlin:kotlin-reflect:2.0.20) with ExternalDependencyInstrumentingArtifactTransform
Transforming annotations-13.0.jar (org.jetbrains:annotations:13.0) with MergeInstrumentationAnalysisTransform
Transforming kotlin-gradle-plugin-model-2.2.20.jar (org.jetbrains.kotlin:kotlin-gradle-plugin-model:2.2.20) with InstrumentationAnalysisTransform
Transforming annotations-13.0.jar (org.jetbrains:annotations:13.0) with ExternalDependencyInstrumentingArtifactTransform
Transforming kotlin-stdlib-2.0.20.jar (org.jetbrains.kotlin:kotlin-stdlib:2.0.20) with ExternalDependencyInstrumentingArtifactTransform
Transforming kotlin-gradle-plugin-model-2.2.20.jar (org.jetbrains.kotlin:kotlin-gradle-plugin-model:2.2.20) with MergeInstrumentationAnalysisTransform
Transforming fus-statistics-gradle-plugin-2.2.20-gradle811.jar (org.jetbrains.kotlin:fus-statistics-gradle-plugin:2.2.20) with InstrumentationAnalysisTransform
Transforming fus-statistics-gradle-plugin-2.2.20-gradle811.jar (org.jetbrains.kotlin:fus-statistics-gradle-plugin:2.2.20) with MergeInstrumentationAnalysisTransform
Transforming kotlin-gradle-plugin-api-2.2.20.jar (org.jetbrains.kotlin:kotlin-gradle-plugin-api:2.2.20) with InstrumentationAnalysisTransform
Transforming kotlin-gradle-plugin-api-2.2.20.jar (org.jetbrains.kotlin:kotlin-gradle-plugin-api:2.2.20) with MergeInstrumentationAnalysisTransform
Transforming kotlin-gradle-plugin-api-2.2.20-gradle811.jar (org.jetbrains.kotlin:kotlin-gradle-plugin-api:2.2.20) with InstrumentationAnalysisTransform
Transforming kotlin-gradle-plugin-api-2.2.20-gradle811.jar (org.jetbrains.kotlin:kotlin-gradle-plugin-api:2.2.20) with MergeInstrumentationAnalysisTransform
Transforming kotlin-gradle-plugin-2.2.20-gradle811.jar (org.jetbrains.kotlin:kotlin-gradle-plugin:2.2.20) with InstrumentationAnalysisTransform
Transforming kotlin-gradle-plugin-2.2.20-gradle811.jar (org.jetbrains.kotlin:kotlin-gradle-plugin:2.2.20) with MergeInstrumentationAnalysisTransform
Transforming ktlint-gradle-12.1.1.jar (org.jlleitschuh.gradle:ktlint-gradle:12.1.1) with InstrumentationAnalysisTransform
Transforming ktlint-gradle-12.1.1.jar (org.jlleitschuh.gradle:ktlint-gradle:12.1.1) with MergeInstrumentationAnalysisTransform
Transforming kotlin-gradle-plugin-idea-proto-2.2.20.jar (org.jetbrains.kotlin:kotlin-gradle-plugin-idea-proto:2.2.20) with InstrumentationAnalysisTransform
Transforming kotlin-gradle-plugin-idea-proto-2.2.20.jar (org.jetbrains.kotlin:kotlin-gradle-plugin-idea-proto:2.2.20) with MergeInstrumentationAnalysisTransform
Transforming kotlin-gradle-plugin-idea-2.2.20.jar (org.jetbrains.kotlin:kotlin-gradle-plugin-idea:2.2.20) with InstrumentationAnalysisTransform
Transforming kotlin-gradle-plugin-idea-2.2.20.jar (org.jetbrains.kotlin:kotlin-gradle-plugin-idea:2.2.20) with MergeInstrumentationAnalysisTransform
Transforming kotlin-klib-commonizer-api-2.2.20.jar (org.jetbrains.kotlin:kotlin-klib-commonizer-api:2.2.20) with InstrumentationAnalysisTransform
Transforming kotlin-klib-commonizer-api-2.2.20.jar (org.jetbrains.kotlin:kotlin-klib-commonizer-api:2.2.20) with MergeInstrumentationAnalysisTransform
Transforming kotlin-build-statistics-2.2.20.jar (org.jetbrains.kotlin:kotlin-build-statistics:2.2.20) with InstrumentationAnalysisTransform
Transforming kotlin-build-statistics-2.2.20.jar (org.jetbrains.kotlin:kotlin-build-statistics:2.2.20) with MergeInstrumentationAnalysisTransform
Transforming kotlin-util-klib-metadata-2.2.20.jar (org.jetbrains.kotlin:kotlin-util-klib-metadata:2.2.20) with InstrumentationAnalysisTransform
Transforming kotlin-util-klib-metadata-2.2.20.jar (org.jetbrains.kotlin:kotlin-util-klib-metadata:2.2.20) with MergeInstrumentationAnalysisTransform
Transforming abi-tools-api-2.2.20.jar (org.jetbrains.kotlin:abi-tools-api:2.2.20) with InstrumentationAnalysisTransform
Transforming abi-tools-api-2.2.20.jar (org.jetbrains.kotlin:abi-tools-api:2.2.20) with MergeInstrumentationAnalysisTransform
Transforming kotlin-compiler-runner-2.2.20.jar (org.jetbrains.kotlin:kotlin-compiler-runner:2.2.20) with InstrumentationAnalysisTransform
Transforming kotlin-build-statistics-2.2.20.jar (org.jetbrains.kotlin:kotlin-build-statistics:2.2.20) with ExternalDependencyInstrumentingArtifactTransform
Transforming kotlin-gradle-plugin-2.2.20-gradle811.jar (org.jetbrains.kotlin:kotlin-gradle-plugin:2.2.20) with ExternalDependencyInstrumentingArtifactTransform
Transforming abi-tools-api-2.2.20.jar (org.jetbrains.kotlin:abi-tools-api:2.2.20) with ExternalDependencyInstrumentingArtifactTransform
Transforming kotlin-klib-commonizer-api-2.2.20.jar (org.jetbrains.kotlin:kotlin-klib-commonizer-api:2.2.20) with ExternalDependencyInstrumentingArtifactTransform
Transforming kotlin-util-klib-metadata-2.2.20.jar (org.jetbrains.kotlin:kotlin-util-klib-metadata:2.2.20) with ExternalDependencyInstrumentingArtifactTransform
Transforming kotlin-gradle-plugin-idea-2.2.20.jar (org.jetbrains.kotlin:kotlin-gradle-plugin-idea:2.2.20) with ExternalDependencyInstrumentingArtifactTransform
Transforming ktlint-gradle-12.1.1.jar (org.jlleitschuh.gradle:ktlint-gradle:12.1.1) with ExternalDependencyInstrumentingArtifactTransform
Transforming kotlin-compiler-runner-2.2.20.jar (org.jetbrains.kotlin:kotlin-compiler-runner:2.2.20) with MergeInstrumentationAnalysisTransform
Transforming kotlin-gradle-plugin-idea-proto-2.2.20.jar (org.jetbrains.kotlin:kotlin-gradle-plugin-idea-proto:2.2.20) with ExternalDependencyInstrumentingArtifactTransform
Transforming dnsjava-2.1.9.jar (dnsjava:dnsjava:2.1.9) with InstrumentationAnalysisTransform
Transforming dnsjava-2.1.9.jar (dnsjava:dnsjava:2.1.9) with MergeInstrumentationAnalysisTransform
Transforming kotlin-gradle-plugin-api-2.2.20-gradle811.jar (org.jetbrains.kotlin:kotlin-gradle-plugin-api:2.2.20) with ExternalDependencyInstrumentingArtifactTransform
Transforming kotlin-gradle-plugin-annotations-2.2.20.jar (org.jetbrains.kotlin:kotlin-gradle-plugin-annotations:2.2.20) with InstrumentationAnalysisTransform
Transforming kotlin-compiler-runner-2.2.20.jar (org.jetbrains.kotlin:kotlin-compiler-runner:2.2.20) with ExternalDependencyInstrumentingArtifactTransform
Transforming kotlin-gradle-plugin-annotations-2.2.20.jar (org.jetbrains.kotlin:kotlin-gradle-plugin-annotations:2.2.20) with MergeInstrumentationAnalysisTransform
Transforming kotlin-native-utils-2.2.20.jar (org.jetbrains.kotlin:kotlin-native-utils:2.2.20) with InstrumentationAnalysisTransform
Transforming kotlin-native-utils-2.2.20.jar (org.jetbrains.kotlin:kotlin-native-utils:2.2.20) with MergeInstrumentationAnalysisTransform
Transforming kotlin-tooling-core-2.2.20.jar (org.jetbrains.kotlin:kotlin-tooling-core:2.2.20) with InstrumentationAnalysisTransform
Transforming dnsjava-2.1.9.jar (dnsjava:dnsjava:2.1.9) with ExternalDependencyInstrumentingArtifactTransform
Transforming kotlin-gradle-plugin-api-2.2.20.jar (org.jetbrains.kotlin:kotlin-gradle-plugin-api:2.2.20) with ExternalDependencyInstrumentingArtifactTransform
Transforming kotlin-gradle-plugin-annotations-2.2.20.jar (org.jetbrains.kotlin:kotlin-gradle-plugin-annotations:2.2.20) with ExternalDependencyInstrumentingArtifactTransform
Transforming kotlin-tooling-core-2.2.20.jar (org.jetbrains.kotlin:kotlin-tooling-core:2.2.20) with MergeInstrumentationAnalysisTransform
Transforming kotlin-build-tools-api-2.2.20.jar (org.jetbrains.kotlin:kotlin-build-tools-api:2.2.20) with InstrumentationAnalysisTransform
Transforming kotlin-build-tools-api-2.2.20.jar (org.jetbrains.kotlin:kotlin-build-tools-api:2.2.20) with MergeInstrumentationAnalysisTransform
Transforming android-test-plugin-result-listener-gradle-proto-31.10.1.jar (com.android.tools.utp:android-test-plugin-result-listener-gradle-proto:31.10.1) with InstrumentationAnalysisTransform
Transforming kotlin-tooling-core-2.2.20.jar (org.jetbrains.kotlin:kotlin-tooling-core:2.2.20) with ExternalDependencyInstrumentingArtifactTransform
Transforming kotlin-gradle-plugin-model-2.2.20.jar (org.jetbrains.kotlin:kotlin-gradle-plugin-model:2.2.20) with ExternalDependencyInstrumentingArtifactTransform
Transforming fus-statistics-gradle-plugin-2.2.20-gradle811.jar (org.jetbrains.kotlin:fus-statistics-gradle-plugin:2.2.20) with ExternalDependencyInstrumentingArtifactTransform
Transforming kotlin-native-utils-2.2.20.jar (org.jetbrains.kotlin:kotlin-native-utils:2.2.20) with ExternalDependencyInstrumentingArtifactTransform
Transforming android-test-plugin-result-listener-gradle-proto-31.10.1.jar (com.android.tools.utp:android-test-plugin-result-listener-gradle-proto:31.10.1) with MergeInstrumentationAnalysisTransform
Transforming kotlin-build-tools-api-2.2.20.jar (org.jetbrains.kotlin:kotlin-build-tools-api:2.2.20) with ExternalDependencyInstrumentingArtifactTransform
Transforming bundletool-1.18.0.jar (com.android.tools.build:bundletool:1.18.0) with InstrumentationAnalysisTransform
Transforming bundletool-1.18.0.jar (com.android.tools.build:bundletool:1.18.0) with MergeInstrumentationAnalysisTransform
Transforming android-test-plugin-result-listener-gradle-proto-31.10.1.jar (com.android.tools.utp:android-test-plugin-result-listener-gradle-proto:31.10.1) with ExternalDependencyInstrumentingArtifactTransform
Transforming protobuf-java-util-3.25.5.jar (com.google.protobuf:protobuf-java-util:3.25.5) with InstrumentationAnalysisTransform
Transforming protobuf-java-util-3.25.5.jar (com.google.protobuf:protobuf-java-util:3.25.5) with MergeInstrumentationAnalysisTransform
Transforming bundletool-1.18.0.jar (com.android.tools.build:bundletool:1.18.0) with ExternalDependencyInstrumentingArtifactTransform
Transforming grpc-netty-1.69.1.jar (io.grpc:grpc-netty:1.69.1) with InstrumentationAnalysisTransform
Transforming protobuf-java-util-3.25.5.jar (com.google.protobuf:protobuf-java-util:3.25.5) with ExternalDependencyInstrumentingArtifactTransform
Transforming grpc-netty-1.69.1.jar (io.grpc:grpc-netty:1.69.1) with MergeInstrumentationAnalysisTransform
Transforming grpc-inprocess-1.69.1.jar (io.grpc:grpc-inprocess:1.69.1) with InstrumentationAnalysisTransform
Transforming grpc-inprocess-1.69.1.jar (io.grpc:grpc-inprocess:1.69.1) with MergeInstrumentationAnalysisTransform
Transforming grpc-netty-1.69.1.jar (io.grpc:grpc-netty:1.69.1) with ExternalDependencyInstrumentingArtifactTransform
Transforming grpc-util-1.69.1.jar (io.grpc:grpc-util:1.69.1) with InstrumentationAnalysisTransform
Transforming grpc-inprocess-1.69.1.jar (io.grpc:grpc-inprocess:1.69.1) with ExternalDependencyInstrumentingArtifactTransform
Transforming grpc-util-1.69.1.jar (io.grpc:grpc-util:1.69.1) with MergeInstrumentationAnalysisTransform
Transforming grpc-core-1.69.1.jar (io.grpc:grpc-core:1.69.1) with InstrumentationAnalysisTransform
Transforming grpc-util-1.69.1.jar (io.grpc:grpc-util:1.69.1) with ExternalDependencyInstrumentingArtifactTransform
Transforming grpc-core-1.69.1.jar (io.grpc:grpc-core:1.69.1) with MergeInstrumentationAnalysisTransform
Transforming tink-1.7.0.jar (com.google.crypto.tink:tink:1.7.0) with InstrumentationAnalysisTransform
Transforming tink-1.7.0.jar (com.google.crypto.tink:tink:1.7.0) with MergeInstrumentationAnalysisTransform
Transforming gson-2.11.0.jar (com.google.code.gson:gson:2.11.0) with InstrumentationAnalysisTransform
Transforming gson-2.11.0.jar (com.google.code.gson:gson:2.11.0) with MergeInstrumentationAnalysisTransform
Transforming grpc-core-1.69.1.jar (io.grpc:grpc-core:1.69.1) with ExternalDependencyInstrumentingArtifactTransform
Transforming kotlin-util-klib-2.2.20.jar (org.jetbrains.kotlin:kotlin-util-klib:2.2.20) with InstrumentationAnalysisTransform
Transforming tink-1.7.0.jar (com.google.crypto.tink:tink:1.7.0) with ExternalDependencyInstrumentingArtifactTransform
Transforming kotlin-util-klib-2.2.20.jar (org.jetbrains.kotlin:kotlin-util-klib:2.2.20) with MergeInstrumentationAnalysisTransform
Transforming kotlin-util-io-2.2.20.jar (org.jetbrains.kotlin:kotlin-util-io:2.2.20) with InstrumentationAnalysisTransform
Transforming kotlin-util-io-2.2.20.jar (org.jetbrains.kotlin:kotlin-util-io:2.2.20) with MergeInstrumentationAnalysisTransform
Transforming gson-2.11.0.jar (com.google.code.gson:gson:2.11.0) with ExternalDependencyInstrumentingArtifactTransform
Transforming kotlin-daemon-client-2.2.20.jar (org.jetbrains.kotlin:kotlin-daemon-client:2.2.20) with InstrumentationAnalysisTransform
Transforming kotlin-daemon-client-2.2.20.jar (org.jetbrains.kotlin:kotlin-daemon-client:2.2.20) with MergeInstrumentationAnalysisTransform
Transforming kotlin-util-io-2.2.20.jar (org.jetbrains.kotlin:kotlin-util-io:2.2.20) with ExternalDependencyInstrumentingArtifactTransform
Transforming kotlin-util-klib-2.2.20.jar (org.jetbrains.kotlin:kotlin-util-klib:2.2.20) with ExternalDependencyInstrumentingArtifactTransform
Transforming kotlinx-coroutines-core-jvm-1.8.0.jar (org.jetbrains.kotlinx:kotlinx-coroutines-core-jvm:1.8.0) with InstrumentationAnalysisTransform
Transforming kotlinx-coroutines-core-jvm-1.8.0.jar (org.jetbrains.kotlinx:kotlinx-coroutines-core-jvm:1.8.0) with MergeInstrumentationAnalysisTransform
Transforming aapt2-proto-8.10.1-12782657.jar (com.android.tools.build:aapt2-proto:8.10.1-12782657) with InstrumentationAnalysisTransform
Transforming kotlin-daemon-client-2.2.20.jar (org.jetbrains.kotlin:kotlin-daemon-client:2.2.20) with ExternalDependencyInstrumentingArtifactTransform
Transforming aapt2-proto-8.10.1-12782657.jar (com.android.tools.build:aapt2-proto:8.10.1-12782657) with MergeInstrumentationAnalysisTransform
Transforming crash-31.10.1.jar (com.android.tools.analytics-library:crash:31.10.1) with InstrumentationAnalysisTransform
Transforming kotlinx-coroutines-core-jvm-1.8.0.jar (org.jetbrains.kotlinx:kotlinx-coroutines-core-jvm:1.8.0) with ExternalDependencyInstrumentingArtifactTransform
Transforming aapt2-proto-8.10.1-12782657.jar (com.android.tools.build:aapt2-proto:8.10.1-12782657) with ExternalDependencyInstrumentingArtifactTransform
Transforming crash-31.10.1.jar (com.android.tools.analytics-library:crash:31.10.1) with MergeInstrumentationAnalysisTransform
Transforming lint-typedef-remover-31.10.1.jar (com.android.tools.lint:lint-typedef-remover:31.10.1) with InstrumentationAnalysisTransform
Transforming lint-typedef-remover-31.10.1.jar (com.android.tools.lint:lint-typedef-remover:31.10.1) with MergeInstrumentationAnalysisTransform
Transforming databinding-common-8.10.1.jar (androidx.databinding:databinding-common:8.10.1) with InstrumentationAnalysisTransform
Transforming crash-31.10.1.jar (com.android.tools.analytics-library:crash:31.10.1) with ExternalDependencyInstrumentingArtifactTransform
Transforming databinding-common-8.10.1.jar (androidx.databinding:databinding-common:8.10.1) with MergeInstrumentationAnalysisTransform
Transforming baseLibrary-8.10.1.jar (com.android.databinding:baseLibrary:8.10.1) with InstrumentationAnalysisTransform
Transforming baseLibrary-8.10.1.jar (com.android.databinding:baseLibrary:8.10.1) with MergeInstrumentationAnalysisTransform
Transforming android-device-provider-ddmlib-proto-31.10.1.jar (com.android.tools.utp:android-device-provider-ddmlib-proto:31.10.1) with InstrumentationAnalysisTransform
Transforming android-device-provider-ddmlib-proto-31.10.1.jar (com.android.tools.utp:android-device-provider-ddmlib-proto:31.10.1) with MergeInstrumentationAnalysisTransform
Transforming android-device-provider-gradle-proto-31.10.1.jar (com.android.tools.utp:android-device-provider-gradle-proto:31.10.1) with InstrumentationAnalysisTransform
Transforming android-device-provider-gradle-proto-31.10.1.jar (com.android.tools.utp:android-device-provider-gradle-proto:31.10.1) with MergeInstrumentationAnalysisTransform
Transforming android-device-provider-profile-proto-31.10.1.jar (com.android.tools.utp:android-device-provider-profile-proto:31.10.1) with InstrumentationAnalysisTransform
Transforming android-device-provider-profile-proto-31.10.1.jar (com.android.tools.utp:android-device-provider-profile-proto:31.10.1) with MergeInstrumentationAnalysisTransform
Transforming android-test-plugin-host-additional-test-output-proto-31.10.1.jar (com.android.tools.utp:android-test-plugin-host-additional-test-output-proto:31.10.1) with InstrumentationAnalysisTransform
Transforming android-test-plugin-host-additional-test-output-proto-31.10.1.jar (com.android.tools.utp:android-test-plugin-host-additional-test-output-proto:31.10.1) with MergeInstrumentationAnalysisTransform
Transforming android-test-plugin-host-coverage-proto-31.10.1.jar (com.android.tools.utp:android-test-plugin-host-coverage-proto:31.10.1) with InstrumentationAnalysisTransform
Transforming baseLibrary-8.10.1.jar (com.android.databinding:baseLibrary:8.10.1) with ExternalDependencyInstrumentingArtifactTransform
Transforming android-test-plugin-host-coverage-proto-31.10.1.jar (com.android.tools.utp:android-test-plugin-host-coverage-proto:31.10.1) with MergeInstrumentationAnalysisTransform
Transforming lint-typedef-remover-31.10.1.jar (com.android.tools.lint:lint-typedef-remover:31.10.1) with ExternalDependencyInstrumentingArtifactTransform
Transforming android-device-provider-ddmlib-proto-31.10.1.jar (com.android.tools.utp:android-device-provider-ddmlib-proto:31.10.1) with ExternalDependencyInstrumentingArtifactTransform
Transforming android-device-provider-gradle-proto-31.10.1.jar (com.android.tools.utp:android-device-provider-gradle-proto:31.10.1) with ExternalDependencyInstrumentingArtifactTransform
Transforming android-test-plugin-host-logcat-proto-31.10.1.jar (com.android.tools.utp:android-test-plugin-host-logcat-proto:31.10.1) with InstrumentationAnalysisTransform
Transforming databinding-common-8.10.1.jar (androidx.databinding:databinding-common:8.10.1) with ExternalDependencyInstrumentingArtifactTransform
Transforming android-device-provider-profile-proto-31.10.1.jar (com.android.tools.utp:android-device-provider-profile-proto:31.10.1) with ExternalDependencyInstrumentingArtifactTransform
Transforming android-test-plugin-host-logcat-proto-31.10.1.jar (com.android.tools.utp:android-test-plugin-host-logcat-proto:31.10.1) with MergeInstrumentationAnalysisTransform
Transforming android-test-plugin-host-apk-installer-proto-31.10.1.jar (com.android.tools.utp:android-test-plugin-host-apk-installer-proto:31.10.1) with InstrumentationAnalysisTransform
Transforming android-test-plugin-host-apk-installer-proto-31.10.1.jar (com.android.tools.utp:android-test-plugin-host-apk-installer-proto:31.10.1) with MergeInstrumentationAnalysisTransform
Transforming android-test-plugin-host-additional-test-output-proto-31.10.1.jar (com.android.tools.utp:android-test-plugin-host-additional-test-output-proto:31.10.1) with ExternalDependencyInstrumentingArtifactTransform
Transforming android-test-plugin-host-coverage-proto-31.10.1.jar (com.android.tools.utp:android-test-plugin-host-coverage-proto:31.10.1) with ExternalDependencyInstrumentingArtifactTransform
Transforming transform-api-2.0.0-deprecated-use-gradle-api.jar (com.android.tools.build:transform-api:2.0.0-deprecated-use-gradle-api) with InstrumentationAnalysisTransform
Transforming transform-api-2.0.0-deprecated-use-gradle-api.jar (com.android.tools.build:transform-api:2.0.0-deprecated-use-gradle-api) with MergeInstrumentationAnalysisTransform
Transforming httpmime-4.5.6.jar (org.apache.httpcomponents:httpmime:4.5.6) with InstrumentationAnalysisTransform
Transforming httpmime-4.5.6.jar (org.apache.httpcomponents:httpmime:4.5.6) with MergeInstrumentationAnalysisTransform
Transforming commons-io-2.16.1.jar (commons-io:commons-io:2.16.1) with InstrumentationAnalysisTransform
Transforming transform-api-2.0.0-deprecated-use-gradle-api.jar (com.android.tools.build:transform-api:2.0.0-deprecated-use-gradle-api) with ExternalDependencyInstrumentingArtifactTransform
Transforming commons-io-2.16.1.jar (commons-io:commons-io:2.16.1) with MergeInstrumentationAnalysisTransform
Transforming asm-commons-9.7.1.jar (org.ow2.asm:asm-commons:9.7.1) with InstrumentationAnalysisTransform
Transforming android-test-plugin-host-logcat-proto-31.10.1.jar (com.android.tools.utp:android-test-plugin-host-logcat-proto:31.10.1) with ExternalDependencyInstrumentingArtifactTransform
Transforming asm-commons-9.7.1.jar (org.ow2.asm:asm-commons:9.7.1) with MergeInstrumentationAnalysisTransform
Transforming commons-io-2.16.1.jar (commons-io:commons-io:2.16.1) with ExternalDependencyInstrumentingArtifactTransform
Transforming httpmime-4.5.6.jar (org.apache.httpcomponents:httpmime:4.5.6) with ExternalDependencyInstrumentingArtifactTransform
Transforming android-test-plugin-host-apk-installer-proto-31.10.1.jar (com.android.tools.utp:android-test-plugin-host-apk-installer-proto:31.10.1) with ExternalDependencyInstrumentingArtifactTransform
Transforming asm-util-9.7.1.jar (org.ow2.asm:asm-util:9.7.1) with InstrumentationAnalysisTransform
Transforming asm-commons-9.7.1.jar (org.ow2.asm:asm-commons:9.7.1) with ExternalDependencyInstrumentingArtifactTransform
Transforming asm-util-9.7.1.jar (org.ow2.asm:asm-util:9.7.1) with MergeInstrumentationAnalysisTransform
Transforming asm-analysis-9.7.1.jar (org.ow2.asm:asm-analysis:9.7.1) with InstrumentationAnalysisTransform
Transforming asm-analysis-9.7.1.jar (org.ow2.asm:asm-analysis:9.7.1) with MergeInstrumentationAnalysisTransform
Transforming asm-tree-9.7.1.jar (org.ow2.asm:asm-tree:9.7.1) with InstrumentationAnalysisTransform
Transforming asm-util-9.7.1.jar (org.ow2.asm:asm-util:9.7.1) with ExternalDependencyInstrumentingArtifactTransform
Transforming asm-tree-9.7.1.jar (org.ow2.asm:asm-tree:9.7.1) with MergeInstrumentationAnalysisTransform
Transforming asm-9.7.1.jar (org.ow2.asm:asm:9.7.1) with InstrumentationAnalysisTransform
Transforming asm-9.7.1.jar (org.ow2.asm:asm:9.7.1) with MergeInstrumentationAnalysisTransform
Transforming apkzlib-8.10.1.jar (com.android.tools.build:apkzlib:8.10.1) with InstrumentationAnalysisTransform
Transforming asm-analysis-9.7.1.jar (org.ow2.asm:asm-analysis:9.7.1) with ExternalDependencyInstrumentingArtifactTransform
Transforming apkzlib-8.10.1.jar (com.android.tools.build:apkzlib:8.10.1) with MergeInstrumentationAnalysisTransform
Transforming bcpkix-jdk18on-1.79.jar (org.bouncycastle:bcpkix-jdk18on:1.79) with InstrumentationAnalysisTransform
Transforming bcpkix-jdk18on-1.79.jar (org.bouncycastle:bcpkix-jdk18on:1.79) with MergeInstrumentationAnalysisTransform
Transforming jaxb-runtime-2.3.2.jar (org.glassfish.jaxb:jaxb-runtime:2.3.2) with InstrumentationAnalysisTransform
Transforming jaxb-runtime-2.3.2.jar (org.glassfish.jaxb:jaxb-runtime:2.3.2) with MergeInstrumentationAnalysisTransform
Transforming jopt-simple-4.9.jar (net.sf.jopt-simple:jopt-simple:4.9) with InstrumentationAnalysisTransform
Transforming asm-9.7.1.jar (org.ow2.asm:asm:9.7.1) with ExternalDependencyInstrumentingArtifactTransform
Transforming jopt-simple-4.9.jar (net.sf.jopt-simple:jopt-simple:4.9) with MergeInstrumentationAnalysisTransform
Transforming javapoet-1.10.0.jar (com.squareup:javapoet:1.10.0) with InstrumentationAnalysisTransform
Transforming bcpkix-jdk18on-1.79.jar (org.bouncycastle:bcpkix-jdk18on:1.79) with ExternalDependencyInstrumentingArtifactTransform
Transforming javapoet-1.10.0.jar (com.squareup:javapoet:1.10.0) with MergeInstrumentationAnalysisTransform
Transforming grpc-protobuf-1.69.1.jar (io.grpc:grpc-protobuf:1.69.1) with InstrumentationAnalysisTransform
Transforming jopt-simple-4.9.jar (net.sf.jopt-simple:jopt-simple:4.9) with ExternalDependencyInstrumentingArtifactTransform
Transforming javapoet-1.10.0.jar (com.squareup:javapoet:1.10.0) with ExternalDependencyInstrumentingArtifactTransform
Transforming asm-tree-9.7.1.jar (org.ow2.asm:asm-tree:9.7.1) with ExternalDependencyInstrumentingArtifactTransform
Transforming jaxb-runtime-2.3.2.jar (org.glassfish.jaxb:jaxb-runtime:2.3.2) with ExternalDependencyInstrumentingArtifactTransform
Transforming grpc-protobuf-1.69.1.jar (io.grpc:grpc-protobuf:1.69.1) with MergeInstrumentationAnalysisTransform
Transforming apkzlib-8.10.1.jar (com.android.tools.build:apkzlib:8.10.1) with ExternalDependencyInstrumentingArtifactTransform
Transforming core-proto-0.0.9-alpha03.jar (com.google.testing.platform:core-proto:0.0.9-alpha03) with InstrumentationAnalysisTransform
Transforming core-proto-0.0.9-alpha03.jar (com.google.testing.platform:core-proto:0.0.9-alpha03) with MergeInstrumentationAnalysisTransform
Transforming protos-31.10.1.jar (com.android.tools.analytics-library:protos:31.10.1) with InstrumentationAnalysisTransform
Transforming protos-31.10.1.jar (com.android.tools.analytics-library:protos:31.10.1) with MergeInstrumentationAnalysisTransform
Transforming proto-google-common-protos-2.48.0.jar (com.google.api.grpc:proto-google-common-protos:2.48.0) with InstrumentationAnalysisTransform
Transforming grpc-protobuf-1.69.1.jar (io.grpc:grpc-protobuf:1.69.1) with ExternalDependencyInstrumentingArtifactTransform
Transforming proto-google-common-protos-2.48.0.jar (com.google.api.grpc:proto-google-common-protos:2.48.0) with MergeInstrumentationAnalysisTransform
Transforming protobuf-java-3.25.5.jar (com.google.protobuf:protobuf-java:3.25.5) with InstrumentationAnalysisTransform
Transforming protobuf-java-3.25.5.jar (com.google.protobuf:protobuf-java:3.25.5) with MergeInstrumentationAnalysisTransform
Transforming core-proto-0.0.9-alpha03.jar (com.google.testing.platform:core-proto:0.0.9-alpha03) with ExternalDependencyInstrumentingArtifactTransform
Transforming grpc-stub-1.69.1.jar (io.grpc:grpc-stub:1.69.1) with InstrumentationAnalysisTransform
Transforming grpc-stub-1.69.1.jar (io.grpc:grpc-stub:1.69.1) with MergeInstrumentationAnalysisTransform
Transforming tensorflow-lite-metadata-0.2.0.jar (org.tensorflow:tensorflow-lite-metadata:0.2.0) with InstrumentationAnalysisTransform
Transforming protos-31.10.1.jar (com.android.tools.analytics-library:protos:31.10.1) with ExternalDependencyInstrumentingArtifactTransform
Transforming tensorflow-lite-metadata-0.2.0.jar (org.tensorflow:tensorflow-lite-metadata:0.2.0) with MergeInstrumentationAnalysisTransform
Transforming flatbuffers-java-1.12.0.jar (com.google.flatbuffers:flatbuffers-java:1.12.0) with InstrumentationAnalysisTransform
Transforming flatbuffers-java-1.12.0.jar (com.google.flatbuffers:flatbuffers-java:1.12.0) with MergeInstrumentationAnalysisTransform
Transforming jimfs-1.1.jar (com.google.jimfs:jimfs:1.1) with InstrumentationAnalysisTransform
Transforming proto-google-common-protos-2.48.0.jar (com.google.api.grpc:proto-google-common-protos:2.48.0) with ExternalDependencyInstrumentingArtifactTransform
Transforming jimfs-1.1.jar (com.google.jimfs:jimfs:1.1) with MergeInstrumentationAnalysisTransform
Transforming grpc-context-1.69.1.jar (io.grpc:grpc-context:1.69.1) with InstrumentationAnalysisTransform
Transforming protobuf-java-3.25.5.jar (com.google.protobuf:protobuf-java:3.25.5) with ExternalDependencyInstrumentingArtifactTransform
Transforming grpc-context-1.69.1.jar (io.grpc:grpc-context:1.69.1) with MergeInstrumentationAnalysisTransform
Transforming grpc-protobuf-lite-1.69.1.jar (io.grpc:grpc-protobuf-lite:1.69.1) with InstrumentationAnalysisTransform
Transforming grpc-protobuf-lite-1.69.1.jar (io.grpc:grpc-protobuf-lite:1.69.1) with MergeInstrumentationAnalysisTransform
Transforming grpc-api-1.69.1.jar (io.grpc:grpc-api:1.69.1) with InstrumentationAnalysisTransform
Transforming grpc-api-1.69.1.jar (io.grpc:grpc-api:1.69.1) with MergeInstrumentationAnalysisTransform
Transforming guava-33.3.1-jre.jar (com.google.guava:guava:33.3.1-jre) with InstrumentationAnalysisTransform
Transforming grpc-stub-1.69.1.jar (io.grpc:grpc-stub:1.69.1) with ExternalDependencyInstrumentingArtifactTransform
Transforming guava-33.3.1-jre.jar (com.google.guava:guava:33.3.1-jre) with MergeInstrumentationAnalysisTransform
Transforming error_prone_annotations-2.30.0.jar (com.google.errorprone:error_prone_annotations:2.30.0) with InstrumentationAnalysisTransform
Transforming error_prone_annotations-2.30.0.jar (com.google.errorprone:error_prone_annotations:2.30.0) with MergeInstrumentationAnalysisTransform
Transforming dagger-2.28.3.jar (com.google.dagger:dagger:2.28.3) with InstrumentationAnalysisTransform
Transforming dagger-2.28.3.jar (com.google.dagger:dagger:2.28.3) with MergeInstrumentationAnalysisTransform
Transforming jimfs-1.1.jar (com.google.jimfs:jimfs:1.1) with ExternalDependencyInstrumentingArtifactTransform
Transforming flatbuffers-java-1.12.0.jar (com.google.flatbuffers:flatbuffers-java:1.12.0) with ExternalDependencyInstrumentingArtifactTransform
Transforming grpc-api-1.69.1.jar (io.grpc:grpc-api:1.69.1) with ExternalDependencyInstrumentingArtifactTransform
Transforming error_prone_annotations-2.30.0.jar (com.google.errorprone:error_prone_annotations:2.30.0) with ExternalDependencyInstrumentingArtifactTransform
Transforming tensorflow-lite-metadata-0.2.0.jar (org.tensorflow:tensorflow-lite-metadata:0.2.0) with ExternalDependencyInstrumentingArtifactTransform
Transforming dagger-2.28.3.jar (com.google.dagger:dagger:2.28.3) with ExternalDependencyInstrumentingArtifactTransform
Transforming grpc-protobuf-lite-1.69.1.jar (io.grpc:grpc-protobuf-lite:1.69.1) with ExternalDependencyInstrumentingArtifactTransform
Transforming guava-33.3.1-jre.jar (com.google.guava:guava:33.3.1-jre) with ExternalDependencyInstrumentingArtifactTransform
Transforming javax.inject-1.jar (javax.inject:javax.inject:1) with InstrumentationAnalysisTransform
Transforming grpc-context-1.69.1.jar (io.grpc:grpc-context:1.69.1) with ExternalDependencyInstrumentingArtifactTransform
Transforming javax.inject-1.jar (javax.inject:javax.inject:1) with MergeInstrumentationAnalysisTransform
Transforming kxml2-2.3.0.jar (net.sf.kxml:kxml2:2.3.0) with InstrumentationAnalysisTransform
Transforming kxml2-2.3.0.jar (net.sf.kxml:kxml2:2.3.0) with MergeInstrumentationAnalysisTransform
Transforming commons-compress-1.21.jar (org.apache.commons:commons-compress:1.21) with InstrumentationAnalysisTransform
Transforming commons-compress-1.21.jar (org.apache.commons:commons-compress:1.21) with MergeInstrumentationAnalysisTransform
Transforming bcutil-jdk18on-1.79.jar (org.bouncycastle:bcutil-jdk18on:1.79) with InstrumentationAnalysisTransform
Transforming bcutil-jdk18on-1.79.jar (org.bouncycastle:bcutil-jdk18on:1.79) with MergeInstrumentationAnalysisTransform
Transforming javax.inject-1.jar (javax.inject:javax.inject:1) with ExternalDependencyInstrumentingArtifactTransform
Transforming bcprov-jdk18on-1.79.jar (org.bouncycastle:bcprov-jdk18on:1.79) with InstrumentationAnalysisTransform
Transforming kxml2-2.3.0.jar (net.sf.kxml:kxml2:2.3.0) with ExternalDependencyInstrumentingArtifactTransform
Transforming commons-compress-1.21.jar (org.apache.commons:commons-compress:1.21) with ExternalDependencyInstrumentingArtifactTransform
Transforming bcprov-jdk18on-1.79.jar (org.bouncycastle:bcprov-jdk18on:1.79) with MergeInstrumentationAnalysisTransform
Transforming httpclient-4.5.14.jar (org.apache.httpcomponents:httpclient:4.5.14) with InstrumentationAnalysisTransform
Transforming httpclient-4.5.14.jar (org.apache.httpcomponents:httpclient:4.5.14) with MergeInstrumentationAnalysisTransform
Transforming httpcore-4.4.16.jar (org.apache.httpcomponents:httpcore:4.4.16) with InstrumentationAnalysisTransform
Transforming httpcore-4.4.16.jar (org.apache.httpcomponents:httpcore:4.4.16) with MergeInstrumentationAnalysisTransform
Transforming javax.activation-1.2.0.jar (com.sun.activation:javax.activation:1.2.0) with InstrumentationAnalysisTransform
Transforming javax.activation-1.2.0.jar (com.sun.activation:javax.activation:1.2.0) with MergeInstrumentationAnalysisTransform
Transforming bcutil-jdk18on-1.79.jar (org.bouncycastle:bcutil-jdk18on:1.79) with ExternalDependencyInstrumentingArtifactTransform
Transforming signflinger-8.10.1.jar (com.android:signflinger:8.10.1) with InstrumentationAnalysisTransform
Transforming signflinger-8.10.1.jar (com.android:signflinger:8.10.1) with MergeInstrumentationAnalysisTransform
Transforming zipflinger-8.10.1.jar (com.android:zipflinger:8.10.1) with InstrumentationAnalysisTransform
Transforming zipflinger-8.10.1.jar (com.android:zipflinger:8.10.1) with MergeInstrumentationAnalysisTransform
Transforming httpclient-4.5.14.jar (org.apache.httpcomponents:httpclient:4.5.14) with ExternalDependencyInstrumentingArtifactTransform
Transforming signflinger-8.10.1.jar (com.android:signflinger:8.10.1) with ExternalDependencyInstrumentingArtifactTransform
Transforming httpcore-4.4.16.jar (org.apache.httpcomponents:httpcore:4.4.16) with ExternalDependencyInstrumentingArtifactTransform
Transforming bcprov-jdk18on-1.79.jar (org.bouncycastle:bcprov-jdk18on:1.79) with ExternalDependencyInstrumentingArtifactTransform
Transforming annotations-31.10.1.jar (com.android.tools:annotations:31.10.1) with InstrumentationAnalysisTransform
Transforming zipflinger-8.10.1.jar (com.android:zipflinger:8.10.1) with ExternalDependencyInstrumentingArtifactTransform
Transforming annotations-31.10.1.jar (com.android.tools:annotations:31.10.1) with MergeInstrumentationAnalysisTransform
Transforming javax.activation-1.2.0.jar (com.sun.activation:javax.activation:1.2.0) with ExternalDependencyInstrumentingArtifactTransform
Transforming jna-platform-5.6.0.jar (net.java.dev.jna:jna-platform:5.6.0) with InstrumentationAnalysisTransform
Transforming jna-platform-5.6.0.jar (net.java.dev.jna:jna-platform:5.6.0) with MergeInstrumentationAnalysisTransform
Transforming juniversalchardet-1.0.3.jar (com.googlecode.juniversalchardet:juniversalchardet:1.0.3) with InstrumentationAnalysisTransform
Transforming juniversalchardet-1.0.3.jar (com.googlecode.juniversalchardet:juniversalchardet:1.0.3) with MergeInstrumentationAnalysisTransform
Transforming annotations-31.10.1.jar (com.android.tools:annotations:31.10.1) with ExternalDependencyInstrumentingArtifactTransform
Transforming jna-platform-5.6.0.jar (net.java.dev.jna:jna-platform:5.6.0) with ExternalDependencyInstrumentingArtifactTransform
Transforming javax.annotation-api-1.3.2.jar (javax.annotation:javax.annotation-api:1.3.2) with InstrumentationAnalysisTransform
Transforming javax.annotation-api-1.3.2.jar (javax.annotation:javax.annotation-api:1.3.2) with MergeInstrumentationAnalysisTransform
Transforming stax-ex-1.8.1.jar (org.jvnet.staxex:stax-ex:1.8.1) with InstrumentationAnalysisTransform
Transforming stax-ex-1.8.1.jar (org.jvnet.staxex:stax-ex:1.8.1) with MergeInstrumentationAnalysisTransform
Transforming jakarta.xml.bind-api-2.3.2.jar (jakarta.xml.bind:jakarta.xml.bind-api:2.3.2) with InstrumentationAnalysisTransform
Transforming juniversalchardet-1.0.3.jar (com.googlecode.juniversalchardet:juniversalchardet:1.0.3) with ExternalDependencyInstrumentingArtifactTransform
Transforming jakarta.xml.bind-api-2.3.2.jar (jakarta.xml.bind:jakarta.xml.bind-api:2.3.2) with MergeInstrumentationAnalysisTransform
Transforming txw2-2.3.2.jar (org.glassfish.jaxb:txw2:2.3.2) with InstrumentationAnalysisTransform
Transforming javax.annotation-api-1.3.2.jar (javax.annotation:javax.annotation-api:1.3.2) with ExternalDependencyInstrumentingArtifactTransform
Transforming jakarta.xml.bind-api-2.3.2.jar (jakarta.xml.bind:jakarta.xml.bind-api:2.3.2) with ExternalDependencyInstrumentingArtifactTransform
Transforming txw2-2.3.2.jar (org.glassfish.jaxb:txw2:2.3.2) with MergeInstrumentationAnalysisTransform
Transforming istack-commons-runtime-3.0.8.jar (com.sun.istack:istack-commons-runtime:3.0.8) with InstrumentationAnalysisTransform
Transforming istack-commons-runtime-3.0.8.jar (com.sun.istack:istack-commons-runtime:3.0.8) with MergeInstrumentationAnalysisTransform
Transforming FastInfoset-1.2.16.jar (com.sun.xml.fastinfoset:FastInfoset:1.2.16) with InstrumentationAnalysisTransform
Transforming stax-ex-1.8.1.jar (org.jvnet.staxex:stax-ex:1.8.1) with ExternalDependencyInstrumentingArtifactTransform
Transforming FastInfoset-1.2.16.jar (com.sun.xml.fastinfoset:FastInfoset:1.2.16) with MergeInstrumentationAnalysisTransform
Transforming jakarta.activation-api-1.2.1.jar (jakarta.activation:jakarta.activation-api:1.2.1) with InstrumentationAnalysisTransform
Transforming txw2-2.3.2.jar (org.glassfish.jaxb:txw2:2.3.2) with ExternalDependencyInstrumentingArtifactTransform
Transforming jakarta.activation-api-1.2.1.jar (jakarta.activation:jakarta.activation-api:1.2.1) with MergeInstrumentationAnalysisTransform
Transforming FastInfoset-1.2.16.jar (com.sun.xml.fastinfoset:FastInfoset:1.2.16) with ExternalDependencyInstrumentingArtifactTransform
Transforming istack-commons-runtime-3.0.8.jar (com.sun.istack:istack-commons-runtime:3.0.8) with ExternalDependencyInstrumentingArtifactTransform
Transforming jakarta.activation-api-1.2.1.jar (jakarta.activation:jakarta.activation-api:1.2.1) with ExternalDependencyInstrumentingArtifactTransform
Transforming auto-value-annotations-1.6.2.jar (com.google.auto.value:auto-value-annotations:1.6.2) with InstrumentationAnalysisTransform
Transforming auto-value-annotations-1.6.2.jar (com.google.auto.value:auto-value-annotations:1.6.2) with MergeInstrumentationAnalysisTransform
Transforming jose4j-0.9.5.jar (org.bitbucket.b_c:jose4j:0.9.5) with InstrumentationAnalysisTransform
Transforming jose4j-0.9.5.jar (org.bitbucket.b_c:jose4j:0.9.5) with MergeInstrumentationAnalysisTransform
Transforming slf4j-api-1.7.30.jar (org.slf4j:slf4j-api:1.7.30) with InstrumentationAnalysisTransform
Transforming slf4j-api-1.7.30.jar (org.slf4j:slf4j-api:1.7.30) with MergeInstrumentationAnalysisTransform
Transforming jdom2-2.0.6.jar (org.jdom:jdom2:2.0.6) with InstrumentationAnalysisTransform
Transforming jdom2-2.0.6.jar (org.jdom:jdom2:2.0.6) with MergeInstrumentationAnalysisTransform
Transforming jsr305-3.0.2.jar (com.google.code.findbugs:jsr305:3.0.2) with InstrumentationAnalysisTransform
Transforming jsr305-3.0.2.jar (com.google.code.findbugs:jsr305:3.0.2) with MergeInstrumentationAnalysisTransform
Transforming auto-value-annotations-1.6.2.jar (com.google.auto.value:auto-value-annotations:1.6.2) with ExternalDependencyInstrumentingArtifactTransform
Transforming jose4j-0.9.5.jar (org.bitbucket.b_c:jose4j:0.9.5) with ExternalDependencyInstrumentingArtifactTransform
Transforming j2objc-annotations-3.0.0.jar (com.google.j2objc:j2objc-annotations:3.0.0) with InstrumentationAnalysisTransform
Transforming jsr305-3.0.2.jar (com.google.code.findbugs:jsr305:3.0.2) with ExternalDependencyInstrumentingArtifactTransform
Transforming jdom2-2.0.6.jar (org.jdom:jdom2:2.0.6) with ExternalDependencyInstrumentingArtifactTransform
Transforming slf4j-api-1.7.30.jar (org.slf4j:slf4j-api:1.7.30) with ExternalDependencyInstrumentingArtifactTransform
Transforming j2objc-annotations-3.0.0.jar (com.google.j2objc:j2objc-annotations:3.0.0) with MergeInstrumentationAnalysisTransform
Transforming annotations-4.1.1.4.jar (com.google.android:annotations:4.1.1.4) with InstrumentationAnalysisTransform
Transforming annotations-4.1.1.4.jar (com.google.android:annotations:4.1.1.4) with MergeInstrumentationAnalysisTransform
Transforming animal-sniffer-annotations-1.24.jar (org.codehaus.mojo:animal-sniffer-annotations:1.24) with InstrumentationAnalysisTransform
Transforming animal-sniffer-annotations-1.24.jar (org.codehaus.mojo:animal-sniffer-annotations:1.24) with MergeInstrumentationAnalysisTransform
Transforming perfmark-api-0.27.0.jar (io.perfmark:perfmark-api:0.27.0) with InstrumentationAnalysisTransform
Transforming perfmark-api-0.27.0.jar (io.perfmark:perfmark-api:0.27.0) with MergeInstrumentationAnalysisTransform
Transforming annotations-4.1.1.4.jar (com.google.android:annotations:4.1.1.4) with ExternalDependencyInstrumentingArtifactTransform
Transforming netty-codec-http2-4.1.110.Final.jar (io.netty:netty-codec-http2:4.1.110.Final) with InstrumentationAnalysisTransform
Transforming j2objc-annotations-3.0.0.jar (com.google.j2objc:j2objc-annotations:3.0.0) with ExternalDependencyInstrumentingArtifactTransform
Transforming animal-sniffer-annotations-1.24.jar (org.codehaus.mojo:animal-sniffer-annotations:1.24) with ExternalDependencyInstrumentingArtifactTransform
Transforming netty-codec-http2-4.1.110.Final.jar (io.netty:netty-codec-http2:4.1.110.Final) with MergeInstrumentationAnalysisTransform
Transforming perfmark-api-0.27.0.jar (io.perfmark:perfmark-api:0.27.0) with ExternalDependencyInstrumentingArtifactTransform
Transforming netty-handler-proxy-4.1.110.Final.jar (io.netty:netty-handler-proxy:4.1.110.Final) with InstrumentationAnalysisTransform
Transforming netty-handler-proxy-4.1.110.Final.jar (io.netty:netty-handler-proxy:4.1.110.Final) with MergeInstrumentationAnalysisTransform
Transforming netty-codec-http2-4.1.110.Final.jar (io.netty:netty-codec-http2:4.1.110.Final) with ExternalDependencyInstrumentingArtifactTransform
Transforming netty-handler-proxy-4.1.110.Final.jar (io.netty:netty-handler-proxy:4.1.110.Final) with ExternalDependencyInstrumentingArtifactTransform
Transforming netty-codec-http-4.1.110.Final.jar (io.netty:netty-codec-http:4.1.110.Final) with InstrumentationAnalysisTransform
Transforming netty-codec-http-4.1.110.Final.jar (io.netty:netty-codec-http:4.1.110.Final) with MergeInstrumentationAnalysisTransform
Transforming netty-handler-4.1.110.Final.jar (io.netty:netty-handler:4.1.110.Final) with InstrumentationAnalysisTransform
Transforming netty-handler-4.1.110.Final.jar (io.netty:netty-handler:4.1.110.Final) with MergeInstrumentationAnalysisTransform
Transforming netty-transport-native-unix-common-4.1.110.Final.jar (io.netty:netty-transport-native-unix-common:4.1.110.Final) with InstrumentationAnalysisTransform
Transforming netty-transport-native-unix-common-4.1.110.Final.jar (io.netty:netty-transport-native-unix-common:4.1.110.Final) with MergeInstrumentationAnalysisTransform
Transforming checker-qual-3.43.0.jar (org.checkerframework:checker-qual:3.43.0) with InstrumentationAnalysisTransform
Transforming checker-qual-3.43.0.jar (org.checkerframework:checker-qual:3.43.0) with MergeInstrumentationAnalysisTransform
Transforming netty-codec-http-4.1.110.Final.jar (io.netty:netty-codec-http:4.1.110.Final) with ExternalDependencyInstrumentingArtifactTransform
Transforming apksig-8.10.1.jar (com.android.tools.build:apksig:8.10.1) with InstrumentationAnalysisTransform
Transforming netty-handler-4.1.110.Final.jar (io.netty:netty-handler:4.1.110.Final) with ExternalDependencyInstrumentingArtifactTransform
Transforming apksig-8.10.1.jar (com.android.tools.build:apksig:8.10.1) with MergeInstrumentationAnalysisTransform
Transforming javawriter-2.5.0.jar (com.squareup:javawriter:2.5.0) with InstrumentationAnalysisTransform
Transforming javawriter-2.5.0.jar (com.squareup:javawriter:2.5.0) with MergeInstrumentationAnalysisTransform
Transforming netty-transport-native-unix-common-4.1.110.Final.jar (io.netty:netty-transport-native-unix-common:4.1.110.Final) with ExternalDependencyInstrumentingArtifactTransform
Transforming apksig-8.10.1.jar (com.android.tools.build:apksig:8.10.1) with ExternalDependencyInstrumentingArtifactTransform
Transforming checker-qual-3.43.0.jar (org.checkerframework:checker-qual:3.43.0) with ExternalDependencyInstrumentingArtifactTransform
Transforming javawriter-2.5.0.jar (com.squareup:javawriter:2.5.0) with ExternalDependencyInstrumentingArtifactTransform
Transforming failureaccess-1.0.2.jar (com.google.guava:failureaccess:1.0.2) with InstrumentationAnalysisTransform
Transforming failureaccess-1.0.2.jar (com.google.guava:failureaccess:1.0.2) with MergeInstrumentationAnalysisTransform
Transforming listenablefuture-9999.0-empty-to-avoid-conflict-with-guava.jar (com.google.guava:listenablefuture:9999.0-empty-to-avoid-conflict-with-guava) with InstrumentationAnalysisTransform
Transforming listenablefuture-9999.0-empty-to-avoid-conflict-with-guava.jar (com.google.guava:listenablefuture:9999.0-empty-to-avoid-conflict-with-guava) with MergeInstrumentationAnalysisTransform
Transforming commons-logging-1.2.jar (commons-logging:commons-logging:1.2) with InstrumentationAnalysisTransform
Transforming commons-logging-1.2.jar (commons-logging:commons-logging:1.2) with MergeInstrumentationAnalysisTransform
Transforming failureaccess-1.0.2.jar (com.google.guava:failureaccess:1.0.2) with ExternalDependencyInstrumentingArtifactTransform
Transforming commons-codec-1.11.jar (commons-codec:commons-codec:1.11) with InstrumentationAnalysisTransform
Transforming commons-codec-1.11.jar (commons-codec:commons-codec:1.11) with MergeInstrumentationAnalysisTransform
Transforming jna-5.6.0.jar (net.java.dev.jna:jna:5.6.0) with InstrumentationAnalysisTransform
Transforming jna-5.6.0.jar (net.java.dev.jna:jna:5.6.0) with MergeInstrumentationAnalysisTransform
Transforming listenablefuture-9999.0-empty-to-avoid-conflict-with-guava.jar (com.google.guava:listenablefuture:9999.0-empty-to-avoid-conflict-with-guava) with ExternalDependencyInstrumentingArtifactTransform
Transforming commons-logging-1.2.jar (commons-logging:commons-logging:1.2) with ExternalDependencyInstrumentingArtifactTransform
Transforming netty-codec-socks-4.1.110.Final.jar (io.netty:netty-codec-socks:4.1.110.Final) with InstrumentationAnalysisTransform
Transforming commons-codec-1.11.jar (commons-codec:commons-codec:1.11) with ExternalDependencyInstrumentingArtifactTransform
Transforming netty-codec-socks-4.1.110.Final.jar (io.netty:netty-codec-socks:4.1.110.Final) with MergeInstrumentationAnalysisTransform
Transforming jna-5.6.0.jar (net.java.dev.jna:jna:5.6.0) with ExternalDependencyInstrumentingArtifactTransform
Transforming netty-codec-4.1.110.Final.jar (io.netty:netty-codec:4.1.110.Final) with InstrumentationAnalysisTransform
Transforming netty-codec-4.1.110.Final.jar (io.netty:netty-codec:4.1.110.Final) with MergeInstrumentationAnalysisTransform
Transforming netty-transport-4.1.110.Final.jar (io.netty:netty-transport:4.1.110.Final) with InstrumentationAnalysisTransform
Transforming netty-transport-4.1.110.Final.jar (io.netty:netty-transport:4.1.110.Final) with MergeInstrumentationAnalysisTransform
Transforming netty-buffer-4.1.110.Final.jar (io.netty:netty-buffer:4.1.110.Final) with InstrumentationAnalysisTransform
Transforming netty-codec-socks-4.1.110.Final.jar (io.netty:netty-codec-socks:4.1.110.Final) with ExternalDependencyInstrumentingArtifactTransform
Transforming netty-buffer-4.1.110.Final.jar (io.netty:netty-buffer:4.1.110.Final) with MergeInstrumentationAnalysisTransform
Transforming netty-resolver-4.1.110.Final.jar (io.netty:netty-resolver:4.1.110.Final) with InstrumentationAnalysisTransform
Transforming netty-codec-4.1.110.Final.jar (io.netty:netty-codec:4.1.110.Final) with ExternalDependencyInstrumentingArtifactTransform
Transforming netty-transport-4.1.110.Final.jar (io.netty:netty-transport:4.1.110.Final) with ExternalDependencyInstrumentingArtifactTransform
Transforming netty-resolver-4.1.110.Final.jar (io.netty:netty-resolver:4.1.110.Final) with MergeInstrumentationAnalysisTransform
Transforming netty-buffer-4.1.110.Final.jar (io.netty:netty-buffer:4.1.110.Final) with ExternalDependencyInstrumentingArtifactTransform
Transforming netty-common-4.1.110.Final.jar (io.netty:netty-common:4.1.110.Final) with InstrumentationAnalysisTransform
Transforming netty-resolver-4.1.110.Final.jar (io.netty:netty-resolver:4.1.110.Final) with ExternalDependencyInstrumentingArtifactTransform
Transforming netty-common-4.1.110.Final.jar (io.netty:netty-common:4.1.110.Final) with MergeInstrumentationAnalysisTransform
Transforming netty-common-4.1.110.Final.jar (io.netty:netty-common:4.1.110.Final) with ExternalDependencyInstrumentingArtifactTransform
Transforming plugins.jar (project :build-logic:plugins) with ProjectDependencyInstrumentingArtifactTransform
Transforming tools.jar (project :build-logic:tools) with ProjectDependencyInstrumentingArtifactTransform
Using default execution profile
Using Kotlin Gradle Plugin gradle811 variant
Detected Android Gradle Plugin compose compiler configuration
Detected Android Gradle Plugin compose compiler configuration
Detected Android Gradle Plugin compose compiler configuration
Detected Android Gradle Plugin compose compiler configuration
Detected Android Gradle Plugin compose compiler configuration

> Configure project :core-util
Evaluating project ':core-util' using build file '/home/lollerfirst/Signal-Android/core-util/build.gradle.kts'.
Transforming classes with InstrumentationAnalysisTransform
Transforming classes with InstrumentationAnalysisTransform
Transforming gradle-8.10.1.jar (com.android.tools.build:gradle:8.10.1) with InstrumentationAnalysisTransform
Transforming gradle-settings-api-8.10.1.jar (com.android.tools.build:gradle-settings-api:8.10.1) with InstrumentationAnalysisTransform
Transforming lint-model-31.10.1.jar (com.android.tools.lint:lint-model:31.10.1) with InstrumentationAnalysisTransform
Transforming builder-8.10.1.jar (com.android.tools.build:builder:8.10.1) with InstrumentationAnalysisTransform
Transforming manifest-merger-31.10.1.jar (com.android.tools.build:manifest-merger:31.10.1) with InstrumentationAnalysisTransform
Transforming sdk-common-31.10.1.jar (com.android.tools:sdk-common:31.10.1) with InstrumentationAnalysisTransform
Transforming sdklib-31.10.1.jar (com.android.tools:sdklib:31.10.1) with InstrumentationAnalysisTransform
Transforming repository-31.10.1.jar (com.android.tools:repository:31.10.1) with InstrumentationAnalysisTransform
Transforming aaptcompiler-8.10.1.jar (com.android.tools.build:aaptcompiler:8.10.1) with InstrumentationAnalysisTransform
Transforming tracker-31.10.1.jar (com.android.tools.analytics-library:tracker:31.10.1) with InstrumentationAnalysisTransform
Transforming shared-31.10.1.jar (com.android.tools.analytics-library:shared:31.10.1) with InstrumentationAnalysisTransform
Transforming databinding-compiler-common-8.10.1.jar (androidx.databinding:databinding-compiler-common:8.10.1) with InstrumentationAnalysisTransform
Transforming android-test-plugin-host-emulator-control-proto-31.10.1.jar (com.android.tools.utp:android-test-plugin-host-emulator-control-proto:31.10.1) with InstrumentationAnalysisTransform
Transforming builder-model-8.10.1.jar (com.android.tools.build:builder-model:8.10.1) with InstrumentationAnalysisTransform
Transforming gradle-api-8.10.1.jar (com.android.tools.build:gradle-api:8.10.1) with InstrumentationAnalysisTransform
Transforming builder-test-api-8.10.1.jar (com.android.tools.build:builder-test-api:8.10.1) with InstrumentationAnalysisTransform
Transforming ddmlib-31.10.1.jar (com.android.tools.ddms:ddmlib:31.10.1) with InstrumentationAnalysisTransform
Transforming layoutlib-api-31.10.1.jar (com.android.tools.layoutlib:layoutlib-api:31.10.1) with InstrumentationAnalysisTransform
Transforming dvlib-31.10.1.jar (com.android.tools:dvlib:31.10.1) with InstrumentationAnalysisTransform
Transforming common-31.10.1.jar (com.android.tools:common:31.10.1) with InstrumentationAnalysisTransform
Transforming kotlin-stdlib-jdk8-2.1.0.jar (org.jetbrains.kotlin:kotlin-stdlib-jdk8:2.1.0) with InstrumentationAnalysisTransform
Transforming jetifier-processor-1.0.0-beta10.jar (com.android.tools.build.jetifier:jetifier-processor:1.0.0-beta10) with InstrumentationAnalysisTransform
Transforming jetifier-core-1.0.0-beta10.jar (com.android.tools.build.jetifier:jetifier-core:1.0.0-beta10) with InstrumentationAnalysisTransform
Transforming kotlin-reflect-2.0.20.jar (org.jetbrains.kotlin:kotlin-reflect:2.0.20) with InstrumentationAnalysisTransform
Transforming kotlin-stdlib-jdk7-2.1.0.jar (org.jetbrains.kotlin:kotlin-stdlib-jdk7:2.1.0) with InstrumentationAnalysisTransform
Transforming kotlin-stdlib-2.0.20.jar (org.jetbrains.kotlin:kotlin-stdlib:2.0.20) with InstrumentationAnalysisTransform
Transforming annotations-13.0.jar (org.jetbrains:annotations:13.0) with InstrumentationAnalysisTransform
Transforming kotlin-gradle-plugin-model-2.2.20.jar (org.jetbrains.kotlin:kotlin-gradle-plugin-model:2.2.20) with InstrumentationAnalysisTransform
Transforming fus-statistics-gradle-plugin-2.2.20-gradle811.jar (org.jetbrains.kotlin:fus-statistics-gradle-plugin:2.2.20) with InstrumentationAnalysisTransform
Transforming kotlin-gradle-plugin-api-2.2.20.jar (org.jetbrains.kotlin:kotlin-gradle-plugin-api:2.2.20) with InstrumentationAnalysisTransform
Transforming kotlin-gradle-plugin-api-2.2.20-gradle811.jar (org.jetbrains.kotlin:kotlin-gradle-plugin-api:2.2.20) with InstrumentationAnalysisTransform
Transforming kotlin-gradle-plugin-2.2.20-gradle811.jar (org.jetbrains.kotlin:kotlin-gradle-plugin:2.2.20) with InstrumentationAnalysisTransform
Transforming ktlint-gradle-12.1.1.jar (org.jlleitschuh.gradle:ktlint-gradle:12.1.1) with InstrumentationAnalysisTransform
Transforming kotlin-gradle-plugin-idea-proto-2.2.20.jar (org.jetbrains.kotlin:kotlin-gradle-plugin-idea-proto:2.2.20) with InstrumentationAnalysisTransform
Transforming kotlin-gradle-plugin-idea-2.2.20.jar (org.jetbrains.kotlin:kotlin-gradle-plugin-idea:2.2.20) with InstrumentationAnalysisTransform
Transforming kotlin-klib-commonizer-api-2.2.20.jar (org.jetbrains.kotlin:kotlin-klib-commonizer-api:2.2.20) with InstrumentationAnalysisTransform
Transforming kotlin-build-statistics-2.2.20.jar (org.jetbrains.kotlin:kotlin-build-statistics:2.2.20) with InstrumentationAnalysisTransform
Transforming kotlin-util-klib-metadata-2.2.20.jar (org.jetbrains.kotlin:kotlin-util-klib-metadata:2.2.20) with InstrumentationAnalysisTransform
Transforming abi-tools-api-2.2.20.jar (org.jetbrains.kotlin:abi-tools-api:2.2.20) with InstrumentationAnalysisTransform
Transforming kotlin-compiler-runner-2.2.20.jar (org.jetbrains.kotlin:kotlin-compiler-runner:2.2.20) with InstrumentationAnalysisTransform
Transforming dnsjava-2.1.9.jar (dnsjava:dnsjava:2.1.9) with InstrumentationAnalysisTransform
Transforming kotlin-gradle-plugin-annotations-2.2.20.jar (org.jetbrains.kotlin:kotlin-gradle-plugin-annotations:2.2.20) with InstrumentationAnalysisTransform
Transforming kotlin-native-utils-2.2.20.jar (org.jetbrains.kotlin:kotlin-native-utils:2.2.20) with InstrumentationAnalysisTransform
Transforming kotlin-tooling-core-2.2.20.jar (org.jetbrains.kotlin:kotlin-tooling-core:2.2.20) with InstrumentationAnalysisTransform
Transforming kotlin-build-tools-api-2.2.20.jar (org.jetbrains.kotlin:kotlin-build-tools-api:2.2.20) with InstrumentationAnalysisTransform
Transforming android-test-plugin-result-listener-gradle-proto-31.10.1.jar (com.android.tools.utp:android-test-plugin-result-listener-gradle-proto:31.10.1) with InstrumentationAnalysisTransform
Transforming bundletool-1.18.0.jar (com.android.tools.build:bundletool:1.18.0) with InstrumentationAnalysisTransform
Transforming protobuf-java-util-3.25.5.jar (com.google.protobuf:protobuf-java-util:3.25.5) with InstrumentationAnalysisTransform
Transforming grpc-netty-1.69.1.jar (io.grpc:grpc-netty:1.69.1) with InstrumentationAnalysisTransform
Transforming grpc-inprocess-1.69.1.jar (io.grpc:grpc-inprocess:1.69.1) with InstrumentationAnalysisTransform
Transforming grpc-util-1.69.1.jar (io.grpc:grpc-util:1.69.1) with InstrumentationAnalysisTransform
Transforming grpc-core-1.69.1.jar (io.grpc:grpc-core:1.69.1) with InstrumentationAnalysisTransform
Transforming tink-1.7.0.jar (com.google.crypto.tink:tink:1.7.0) with InstrumentationAnalysisTransform
Transforming gson-2.11.0.jar (com.google.code.gson:gson:2.11.0) with InstrumentationAnalysisTransform
Transforming kotlin-util-klib-2.2.20.jar (org.jetbrains.kotlin:kotlin-util-klib:2.2.20) with InstrumentationAnalysisTransform
Transforming kotlin-util-io-2.2.20.jar (org.jetbrains.kotlin:kotlin-util-io:2.2.20) with InstrumentationAnalysisTransform
Transforming kotlin-daemon-client-2.2.20.jar (org.jetbrains.kotlin:kotlin-daemon-client:2.2.20) with InstrumentationAnalysisTransform
Transforming kotlinx-coroutines-core-jvm-1.8.0.jar (org.jetbrains.kotlinx:kotlinx-coroutines-core-jvm:1.8.0) with InstrumentationAnalysisTransform
Transforming aapt2-proto-8.10.1-12782657.jar (com.android.tools.build:aapt2-proto:8.10.1-12782657) with InstrumentationAnalysisTransform
Transforming crash-31.10.1.jar (com.android.tools.analytics-library:crash:31.10.1) with InstrumentationAnalysisTransform
Transforming lint-typedef-remover-31.10.1.jar (com.android.tools.lint:lint-typedef-remover:31.10.1) with InstrumentationAnalysisTransform
Transforming databinding-common-8.10.1.jar (androidx.databinding:databinding-common:8.10.1) with InstrumentationAnalysisTransform
Transforming baseLibrary-8.10.1.jar (com.android.databinding:baseLibrary:8.10.1) with InstrumentationAnalysisTransform
Transforming android-device-provider-ddmlib-proto-31.10.1.jar (com.android.tools.utp:android-device-provider-ddmlib-proto:31.10.1) with InstrumentationAnalysisTransform
Transforming android-device-provider-gradle-proto-31.10.1.jar (com.android.tools.utp:android-device-provider-gradle-proto:31.10.1) with InstrumentationAnalysisTransform
Transforming android-device-provider-profile-proto-31.10.1.jar (com.android.tools.utp:android-device-provider-profile-proto:31.10.1) with InstrumentationAnalysisTransform
Transforming android-test-plugin-host-additional-test-output-proto-31.10.1.jar (com.android.tools.utp:android-test-plugin-host-additional-test-output-proto:31.10.1) with InstrumentationAnalysisTransform
Transforming android-test-plugin-host-coverage-proto-31.10.1.jar (com.android.tools.utp:android-test-plugin-host-coverage-proto:31.10.1) with InstrumentationAnalysisTransform
Transforming android-test-plugin-host-logcat-proto-31.10.1.jar (com.android.tools.utp:android-test-plugin-host-logcat-proto:31.10.1) with InstrumentationAnalysisTransform
Transforming android-test-plugin-host-apk-installer-proto-31.10.1.jar (com.android.tools.utp:android-test-plugin-host-apk-installer-proto:31.10.1) with InstrumentationAnalysisTransform
Transforming transform-api-2.0.0-deprecated-use-gradle-api.jar (com.android.tools.build:transform-api:2.0.0-deprecated-use-gradle-api) with InstrumentationAnalysisTransform
Transforming httpmime-4.5.6.jar (org.apache.httpcomponents:httpmime:4.5.6) with InstrumentationAnalysisTransform
Transforming commons-io-2.16.1.jar (commons-io:commons-io:2.16.1) with InstrumentationAnalysisTransform
Transforming asm-commons-9.7.1.jar (org.ow2.asm:asm-commons:9.7.1) with InstrumentationAnalysisTransform
Transforming asm-util-9.7.1.jar (org.ow2.asm:asm-util:9.7.1) with InstrumentationAnalysisTransform
Transforming asm-analysis-9.7.1.jar (org.ow2.asm:asm-analysis:9.7.1) with InstrumentationAnalysisTransform
Transforming asm-tree-9.7.1.jar (org.ow2.asm:asm-tree:9.7.1) with InstrumentationAnalysisTransform
Transforming asm-9.7.1.jar (org.ow2.asm:asm:9.7.1) with InstrumentationAnalysisTransform
Transforming apkzlib-8.10.1.jar (com.android.tools.build:apkzlib:8.10.1) with InstrumentationAnalysisTransform
Transforming bcpkix-jdk18on-1.79.jar (org.bouncycastle:bcpkix-jdk18on:1.79) with InstrumentationAnalysisTransform
Transforming jaxb-runtime-2.3.2.jar (org.glassfish.jaxb:jaxb-runtime:2.3.2) with InstrumentationAnalysisTransform
Transforming jopt-simple-4.9.jar (net.sf.jopt-simple:jopt-simple:4.9) with InstrumentationAnalysisTransform
Transforming javapoet-1.10.0.jar (com.squareup:javapoet:1.10.0) with InstrumentationAnalysisTransform
Transforming grpc-protobuf-1.69.1.jar (io.grpc:grpc-protobuf:1.69.1) with InstrumentationAnalysisTransform
Transforming core-proto-0.0.9-alpha03.jar (com.google.testing.platform:core-proto:0.0.9-alpha03) with InstrumentationAnalysisTransform
Transforming protos-31.10.1.jar (com.android.tools.analytics-library:protos:31.10.1) with InstrumentationAnalysisTransform
Transforming proto-google-common-protos-2.48.0.jar (com.google.api.grpc:proto-google-common-protos:2.48.0) with InstrumentationAnalysisTransform
Transforming protobuf-java-3.25.5.jar (com.google.protobuf:protobuf-java:3.25.5) with InstrumentationAnalysisTransform
Transforming grpc-stub-1.69.1.jar (io.grpc:grpc-stub:1.69.1) with InstrumentationAnalysisTransform
Transforming tensorflow-lite-metadata-0.2.0.jar (org.tensorflow:tensorflow-lite-metadata:0.2.0) with InstrumentationAnalysisTransform
Transforming flatbuffers-java-1.12.0.jar (com.google.flatbuffers:flatbuffers-java:1.12.0) with InstrumentationAnalysisTransform
Transforming jimfs-1.1.jar (com.google.jimfs:jimfs:1.1) with InstrumentationAnalysisTransform
Transforming grpc-context-1.69.1.jar (io.grpc:grpc-context:1.69.1) with InstrumentationAnalysisTransform
Transforming grpc-protobuf-lite-1.69.1.jar (io.grpc:grpc-protobuf-lite:1.69.1) with InstrumentationAnalysisTransform
Transforming grpc-api-1.69.1.jar (io.grpc:grpc-api:1.69.1) with InstrumentationAnalysisTransform
Transforming guava-33.3.1-jre.jar (com.google.guava:guava:33.3.1-jre) with InstrumentationAnalysisTransform
Transforming error_prone_annotations-2.30.0.jar (com.google.errorprone:error_prone_annotations:2.30.0) with InstrumentationAnalysisTransform
Transforming dagger-2.28.3.jar (com.google.dagger:dagger:2.28.3) with InstrumentationAnalysisTransform
Transforming javax.inject-1.jar (javax.inject:javax.inject:1) with InstrumentationAnalysisTransform
Transforming kxml2-2.3.0.jar (net.sf.kxml:kxml2:2.3.0) with InstrumentationAnalysisTransform
Transforming commons-compress-1.21.jar (org.apache.commons:commons-compress:1.21) with InstrumentationAnalysisTransform
Transforming bcutil-jdk18on-1.79.jar (org.bouncycastle:bcutil-jdk18on:1.79) with InstrumentationAnalysisTransform
Transforming bcprov-jdk18on-1.79.jar (org.bouncycastle:bcprov-jdk18on:1.79) with InstrumentationAnalysisTransform
Transforming httpclient-4.5.14.jar (org.apache.httpcomponents:httpclient:4.5.14) with InstrumentationAnalysisTransform
Transforming httpcore-4.4.16.jar (org.apache.httpcomponents:httpcore:4.4.16) with InstrumentationAnalysisTransform
Transforming javax.activation-1.2.0.jar (com.sun.activation:javax.activation:1.2.0) with InstrumentationAnalysisTransform
Transforming signflinger-8.10.1.jar (com.android:signflinger:8.10.1) with InstrumentationAnalysisTransform
Transforming zipflinger-8.10.1.jar (com.android:zipflinger:8.10.1) with InstrumentationAnalysisTransform
Transforming annotations-31.10.1.jar (com.android.tools:annotations:31.10.1) with InstrumentationAnalysisTransform
Transforming jna-platform-5.6.0.jar (net.java.dev.jna:jna-platform:5.6.0) with InstrumentationAnalysisTransform
Transforming juniversalchardet-1.0.3.jar (com.googlecode.juniversalchardet:juniversalchardet:1.0.3) with InstrumentationAnalysisTransform
Transforming javax.annotation-api-1.3.2.jar (javax.annotation:javax.annotation-api:1.3.2) with InstrumentationAnalysisTransform
Transforming stax-ex-1.8.1.jar (org.jvnet.staxex:stax-ex:1.8.1) with InstrumentationAnalysisTransform
Transforming jakarta.xml.bind-api-2.3.2.jar (jakarta.xml.bind:jakarta.xml.bind-api:2.3.2) with InstrumentationAnalysisTransform
Transforming txw2-2.3.2.jar (org.glassfish.jaxb:txw2:2.3.2) with InstrumentationAnalysisTransform
Transforming istack-commons-runtime-3.0.8.jar (com.sun.istack:istack-commons-runtime:3.0.8) with InstrumentationAnalysisTransform
Transforming FastInfoset-1.2.16.jar (com.sun.xml.fastinfoset:FastInfoset:1.2.16) with InstrumentationAnalysisTransform
Transforming jakarta.activation-api-1.2.1.jar (jakarta.activation:jakarta.activation-api:1.2.1) with InstrumentationAnalysisTransform
Transforming auto-value-annotations-1.6.2.jar (com.google.auto.value:auto-value-annotations:1.6.2) with InstrumentationAnalysisTransform
Transforming jose4j-0.9.5.jar (org.bitbucket.b_c:jose4j:0.9.5) with InstrumentationAnalysisTransform
Transforming slf4j-api-1.7.30.jar (org.slf4j:slf4j-api:1.7.30) with InstrumentationAnalysisTransform
Transforming jdom2-2.0.6.jar (org.jdom:jdom2:2.0.6) with InstrumentationAnalysisTransform
Transforming jsr305-3.0.2.jar (com.google.code.findbugs:jsr305:3.0.2) with InstrumentationAnalysisTransform
Transforming j2objc-annotations-3.0.0.jar (com.google.j2objc:j2objc-annotations:3.0.0) with InstrumentationAnalysisTransform
Transforming annotations-4.1.1.4.jar (com.google.android:annotations:4.1.1.4) with InstrumentationAnalysisTransform
Transforming animal-sniffer-annotations-1.24.jar (org.codehaus.mojo:animal-sniffer-annotations:1.24) with InstrumentationAnalysisTransform
Transforming perfmark-api-0.27.0.jar (io.perfmark:perfmark-api:0.27.0) with InstrumentationAnalysisTransform
Transforming netty-codec-http2-4.1.110.Final.jar (io.netty:netty-codec-http2:4.1.110.Final) with InstrumentationAnalysisTransform
Transforming netty-handler-proxy-4.1.110.Final.jar (io.netty:netty-handler-proxy:4.1.110.Final) with InstrumentationAnalysisTransform
Transforming netty-codec-http-4.1.110.Final.jar (io.netty:netty-codec-http:4.1.110.Final) with InstrumentationAnalysisTransform
Transforming netty-handler-4.1.110.Final.jar (io.netty:netty-handler:4.1.110.Final) with InstrumentationAnalysisTransform
Transforming netty-transport-native-unix-common-4.1.110.Final.jar (io.netty:netty-transport-native-unix-common:4.1.110.Final) with InstrumentationAnalysisTransform
Transforming checker-qual-3.43.0.jar (org.checkerframework:checker-qual:3.43.0) with InstrumentationAnalysisTransform
Transforming apksig-8.10.1.jar (com.android.tools.build:apksig:8.10.1) with InstrumentationAnalysisTransform
Transforming javawriter-2.5.0.jar (com.squareup:javawriter:2.5.0) with InstrumentationAnalysisTransform
Transforming failureaccess-1.0.2.jar (com.google.guava:failureaccess:1.0.2) with InstrumentationAnalysisTransform
Transforming listenablefuture-9999.0-empty-to-avoid-conflict-with-guava.jar (com.google.guava:listenablefuture:9999.0-empty-to-avoid-conflict-with-guava) with InstrumentationAnalysisTransform
Transforming commons-logging-1.2.jar (commons-logging:commons-logging:1.2) with InstrumentationAnalysisTransform
Transforming commons-codec-1.11.jar (commons-codec:commons-codec:1.11) with InstrumentationAnalysisTransform
Transforming jna-5.6.0.jar (net.java.dev.jna:jna:5.6.0) with InstrumentationAnalysisTransform
Transforming netty-codec-socks-4.1.110.Final.jar (io.netty:netty-codec-socks:4.1.110.Final) with InstrumentationAnalysisTransform
Transforming netty-codec-4.1.110.Final.jar (io.netty:netty-codec:4.1.110.Final) with InstrumentationAnalysisTransform
Transforming netty-transport-4.1.110.Final.jar (io.netty:netty-transport:4.1.110.Final) with InstrumentationAnalysisTransform
Transforming netty-buffer-4.1.110.Final.jar (io.netty:netty-buffer:4.1.110.Final) with InstrumentationAnalysisTransform
Transforming netty-resolver-4.1.110.Final.jar (io.netty:netty-resolver:4.1.110.Final) with InstrumentationAnalysisTransform
Transforming netty-common-4.1.110.Final.jar (io.netty:netty-common:4.1.110.Final) with InstrumentationAnalysisTransform
Transforming main (project :build-logic:plugins) with InstrumentationAnalysisTransform
Transforming main (project :build-logic:plugins) with InstrumentationAnalysisTransform
Transforming main (project :build-logic:plugins) with InstrumentationAnalysisTransform
Transforming main (project :build-logic:tools) with InstrumentationAnalysisTransform
Transforming main (project :build-logic:tools) with InstrumentationAnalysisTransform
Transforming classes with InstrumentationAnalysisTransform
Transforming classes with MergeInstrumentationAnalysisTransform
Transforming classes with InstrumentationAnalysisTransform
Transforming classes with MergeInstrumentationAnalysisTransform
Transforming gradle-8.10.1.jar (com.android.tools.build:gradle:8.10.1) with InstrumentationAnalysisTransform
Transforming gradle-8.10.1.jar (com.android.tools.build:gradle:8.10.1) with MergeInstrumentationAnalysisTransform
Transforming gradle-settings-api-8.10.1.jar (com.android.tools.build:gradle-settings-api:8.10.1) with InstrumentationAnalysisTransform
Transforming gradle-settings-api-8.10.1.jar (com.android.tools.build:gradle-settings-api:8.10.1) with MergeInstrumentationAnalysisTransform
Transforming lint-model-31.10.1.jar (com.android.tools.lint:lint-model:31.10.1) with InstrumentationAnalysisTransform
Transforming lint-model-31.10.1.jar (com.android.tools.lint:lint-model:31.10.1) with MergeInstrumentationAnalysisTransform
Transforming builder-8.10.1.jar (com.android.tools.build:builder:8.10.1) with InstrumentationAnalysisTransform
Transforming classes with ExternalDependencyInstrumentingArtifactTransform
Transforming builder-8.10.1.jar (com.android.tools.build:builder:8.10.1) with MergeInstrumentationAnalysisTransform
Transforming manifest-merger-31.10.1.jar (com.android.tools.build:manifest-merger:31.10.1) with InstrumentationAnalysisTransform
Transforming classes with ExternalDependencyInstrumentingArtifactTransform
Transforming manifest-merger-31.10.1.jar (com.android.tools.build:manifest-merger:31.10.1) with MergeInstrumentationAnalysisTransform
Transforming sdk-common-31.10.1.jar (com.android.tools:sdk-common:31.10.1) with InstrumentationAnalysisTransform
Transforming gradle-8.10.1.jar (com.android.tools.build:gradle:8.10.1) with ExternalDependencyInstrumentingArtifactTransform
Transforming sdk-common-31.10.1.jar (com.android.tools:sdk-common:31.10.1) with MergeInstrumentationAnalysisTransform
Transforming lint-model-31.10.1.jar (com.android.tools.lint:lint-model:31.10.1) with ExternalDependencyInstrumentingArtifactTransform
Transforming gradle-settings-api-8.10.1.jar (com.android.tools.build:gradle-settings-api:8.10.1) with ExternalDependencyInstrumentingArtifactTransform
Transforming manifest-merger-31.10.1.jar (com.android.tools.build:manifest-merger:31.10.1) with ExternalDependencyInstrumentingArtifactTransform
Transforming builder-8.10.1.jar (com.android.tools.build:builder:8.10.1) with ExternalDependencyInstrumentingArtifactTransform
Transforming sdklib-31.10.1.jar (com.android.tools:sdklib:31.10.1) with InstrumentationAnalysisTransform
Transforming sdk-common-31.10.1.jar (com.android.tools:sdk-common:31.10.1) with ExternalDependencyInstrumentingArtifactTransform
Transforming sdklib-31.10.1.jar (com.android.tools:sdklib:31.10.1) with MergeInstrumentationAnalysisTransform
Transforming repository-31.10.1.jar (com.android.tools:repository:31.10.1) with InstrumentationAnalysisTransform
Transforming repository-31.10.1.jar (com.android.tools:repository:31.10.1) with MergeInstrumentationAnalysisTransform
Transforming aaptcompiler-8.10.1.jar (com.android.tools.build:aaptcompiler:8.10.1) with InstrumentationAnalysisTransform
Transforming aaptcompiler-8.10.1.jar (com.android.tools.build:aaptcompiler:8.10.1) with MergeInstrumentationAnalysisTransform
Transforming tracker-31.10.1.jar (com.android.tools.analytics-library:tracker:31.10.1) with InstrumentationAnalysisTransform
Transforming tracker-31.10.1.jar (com.android.tools.analytics-library:tracker:31.10.1) with MergeInstrumentationAnalysisTransform
Transforming sdklib-31.10.1.jar (com.android.tools:sdklib:31.10.1) with ExternalDependencyInstrumentingArtifactTransform
Transforming shared-31.10.1.jar (com.android.tools.analytics-library:shared:31.10.1) with InstrumentationAnalysisTransform
Transforming repository-31.10.1.jar (com.android.tools:repository:31.10.1) with ExternalDependencyInstrumentingArtifactTransform
Transforming shared-31.10.1.jar (com.android.tools.analytics-library:shared:31.10.1) with MergeInstrumentationAnalysisTransform
Transforming aaptcompiler-8.10.1.jar (com.android.tools.build:aaptcompiler:8.10.1) with ExternalDependencyInstrumentingArtifactTransform
Transforming databinding-compiler-common-8.10.1.jar (androidx.databinding:databinding-compiler-common:8.10.1) with InstrumentationAnalysisTransform
Transforming shared-31.10.1.jar (com.android.tools.analytics-library:shared:31.10.1) with ExternalDependencyInstrumentingArtifactTransform
Transforming databinding-compiler-common-8.10.1.jar (androidx.databinding:databinding-compiler-common:8.10.1) with MergeInstrumentationAnalysisTransform
Transforming android-test-plugin-host-emulator-control-proto-31.10.1.jar (com.android.tools.utp:android-test-plugin-host-emulator-control-proto:31.10.1) with InstrumentationAnalysisTransform
Transforming tracker-31.10.1.jar (com.android.tools.analytics-library:tracker:31.10.1) with ExternalDependencyInstrumentingArtifactTransform
Transforming databinding-compiler-common-8.10.1.jar (androidx.databinding:databinding-compiler-common:8.10.1) with ExternalDependencyInstrumentingArtifactTransform
Transforming android-test-plugin-host-emulator-control-proto-31.10.1.jar (com.android.tools.utp:android-test-plugin-host-emulator-control-proto:31.10.1) with MergeInstrumentationAnalysisTransform
Transforming builder-model-8.10.1.jar (com.android.tools.build:builder-model:8.10.1) with InstrumentationAnalysisTransform
Transforming builder-model-8.10.1.jar (com.android.tools.build:builder-model:8.10.1) with MergeInstrumentationAnalysisTransform
Transforming gradle-api-8.10.1.jar (com.android.tools.build:gradle-api:8.10.1) with InstrumentationAnalysisTransform
Transforming android-test-plugin-host-emulator-control-proto-31.10.1.jar (com.android.tools.utp:android-test-plugin-host-emulator-control-proto:31.10.1) with ExternalDependencyInstrumentingArtifactTransform
Transforming gradle-api-8.10.1.jar (com.android.tools.build:gradle-api:8.10.1) with MergeInstrumentationAnalysisTransform
Transforming builder-model-8.10.1.jar (com.android.tools.build:builder-model:8.10.1) with ExternalDependencyInstrumentingArtifactTransform
Transforming builder-test-api-8.10.1.jar (com.android.tools.build:builder-test-api:8.10.1) with InstrumentationAnalysisTransform
Transforming gradle-api-8.10.1.jar (com.android.tools.build:gradle-api:8.10.1) with ExternalDependencyInstrumentingArtifactTransform
Transforming builder-test-api-8.10.1.jar (com.android.tools.build:builder-test-api:8.10.1) with MergeInstrumentationAnalysisTransform
Transforming ddmlib-31.10.1.jar (com.android.tools.ddms:ddmlib:31.10.1) with InstrumentationAnalysisTransform
Transforming ddmlib-31.10.1.jar (com.android.tools.ddms:ddmlib:31.10.1) with MergeInstrumentationAnalysisTransform
Transforming builder-test-api-8.10.1.jar (com.android.tools.build:builder-test-api:8.10.1) with ExternalDependencyInstrumentingArtifactTransform
Transforming layoutlib-api-31.10.1.jar (com.android.tools.layoutlib:layoutlib-api:31.10.1) with InstrumentationAnalysisTransform
Transforming layoutlib-api-31.10.1.jar (com.android.tools.layoutlib:layoutlib-api:31.10.1) with MergeInstrumentationAnalysisTransform
Transforming dvlib-31.10.1.jar (com.android.tools:dvlib:31.10.1) with InstrumentationAnalysisTransform
Transforming dvlib-31.10.1.jar (com.android.tools:dvlib:31.10.1) with MergeInstrumentationAnalysisTransform
Transforming common-31.10.1.jar (com.android.tools:common:31.10.1) with InstrumentationAnalysisTransform
Transforming common-31.10.1.jar (com.android.tools:common:31.10.1) with MergeInstrumentationAnalysisTransform
Transforming kotlin-stdlib-jdk8-2.1.0.jar (org.jetbrains.kotlin:kotlin-stdlib-jdk8:2.1.0) with InstrumentationAnalysisTransform
Transforming ddmlib-31.10.1.jar (com.android.tools.ddms:ddmlib:31.10.1) with ExternalDependencyInstrumentingArtifactTransform
Transforming kotlin-stdlib-jdk8-2.1.0.jar (org.jetbrains.kotlin:kotlin-stdlib-jdk8:2.1.0) with MergeInstrumentationAnalysisTransform
Transforming common-31.10.1.jar (com.android.tools:common:31.10.1) with ExternalDependencyInstrumentingArtifactTransform
Transforming jetifier-processor-1.0.0-beta10.jar (com.android.tools.build.jetifier:jetifier-processor:1.0.0-beta10) with InstrumentationAnalysisTransform
Transforming layoutlib-api-31.10.1.jar (com.android.tools.layoutlib:layoutlib-api:31.10.1) with ExternalDependencyInstrumentingArtifactTransform
Transforming jetifier-processor-1.0.0-beta10.jar (com.android.tools.build.jetifier:jetifier-processor:1.0.0-beta10) with MergeInstrumentationAnalysisTransform
Transforming dvlib-31.10.1.jar (com.android.tools:dvlib:31.10.1) with ExternalDependencyInstrumentingArtifactTransform
Transforming jetifier-core-1.0.0-beta10.jar (com.android.tools.build.jetifier:jetifier-core:1.0.0-beta10) with InstrumentationAnalysisTransform
Transforming kotlin-stdlib-jdk8-2.1.0.jar (org.jetbrains.kotlin:kotlin-stdlib-jdk8:2.1.0) with ExternalDependencyInstrumentingArtifactTransform
Transforming jetifier-core-1.0.0-beta10.jar (com.android.tools.build.jetifier:jetifier-core:1.0.0-beta10) with MergeInstrumentationAnalysisTransform
Transforming kotlin-reflect-2.0.20.jar (org.jetbrains.kotlin:kotlin-reflect:2.0.20) with InstrumentationAnalysisTransform
Transforming jetifier-processor-1.0.0-beta10.jar (com.android.tools.build.jetifier:jetifier-processor:1.0.0-beta10) with ExternalDependencyInstrumentingArtifactTransform
Transforming kotlin-reflect-2.0.20.jar (org.jetbrains.kotlin:kotlin-reflect:2.0.20) with MergeInstrumentationAnalysisTransform
Transforming kotlin-stdlib-jdk7-2.1.0.jar (org.jetbrains.kotlin:kotlin-stdlib-jdk7:2.1.0) with InstrumentationAnalysisTransform
Transforming jetifier-core-1.0.0-beta10.jar (com.android.tools.build.jetifier:jetifier-core:1.0.0-beta10) with ExternalDependencyInstrumentingArtifactTransform
Transforming kotlin-stdlib-jdk7-2.1.0.jar (org.jetbrains.kotlin:kotlin-stdlib-jdk7:2.1.0) with MergeInstrumentationAnalysisTransform
Transforming kotlin-reflect-2.0.20.jar (org.jetbrains.kotlin:kotlin-reflect:2.0.20) with ExternalDependencyInstrumentingArtifactTransform
Transforming kotlin-stdlib-2.0.20.jar (org.jetbrains.kotlin:kotlin-stdlib:2.0.20) with InstrumentationAnalysisTransform
Transforming kotlin-stdlib-2.0.20.jar (org.jetbrains.kotlin:kotlin-stdlib:2.0.20) with MergeInstrumentationAnalysisTransform
Transforming kotlin-stdlib-jdk7-2.1.0.jar (org.jetbrains.kotlin:kotlin-stdlib-jdk7:2.1.0) with ExternalDependencyInstrumentingArtifactTransform
Transforming annotations-13.0.jar (org.jetbrains:annotations:13.0) with InstrumentationAnalysisTransform
Transforming kotlin-stdlib-2.0.20.jar (org.jetbrains.kotlin:kotlin-stdlib:2.0.20) with ExternalDependencyInstrumentingArtifactTransform
Transforming annotations-13.0.jar (org.jetbrains:annotations:13.0) with MergeInstrumentationAnalysisTransform
Transforming kotlin-gradle-plugin-model-2.2.20.jar (org.jetbrains.kotlin:kotlin-gradle-plugin-model:2.2.20) with InstrumentationAnalysisTransform
Transforming annotations-13.0.jar (org.jetbrains:annotations:13.0) with ExternalDependencyInstrumentingArtifactTransform
Transforming kotlin-gradle-plugin-model-2.2.20.jar (org.jetbrains.kotlin:kotlin-gradle-plugin-model:2.2.20) with MergeInstrumentationAnalysisTransform
Transforming fus-statistics-gradle-plugin-2.2.20-gradle811.jar (org.jetbrains.kotlin:fus-statistics-gradle-plugin:2.2.20) with InstrumentationAnalysisTransform
Transforming fus-statistics-gradle-plugin-2.2.20-gradle811.jar (org.jetbrains.kotlin:fus-statistics-gradle-plugin:2.2.20) with MergeInstrumentationAnalysisTransform
Transforming kotlin-gradle-plugin-model-2.2.20.jar (org.jetbrains.kotlin:kotlin-gradle-plugin-model:2.2.20) with ExternalDependencyInstrumentingArtifactTransform
Transforming kotlin-gradle-plugin-api-2.2.20.jar (org.jetbrains.kotlin:kotlin-gradle-plugin-api:2.2.20) with InstrumentationAnalysisTransform
Transforming kotlin-gradle-plugin-api-2.2.20.jar (org.jetbrains.kotlin:kotlin-gradle-plugin-api:2.2.20) with MergeInstrumentationAnalysisTransform
Transforming kotlin-gradle-plugin-api-2.2.20-gradle811.jar (org.jetbrains.kotlin:kotlin-gradle-plugin-api:2.2.20) with InstrumentationAnalysisTransform
Transforming kotlin-gradle-plugin-api-2.2.20-gradle811.jar (org.jetbrains.kotlin:kotlin-gradle-plugin-api:2.2.20) with MergeInstrumentationAnalysisTransform
Transforming fus-statistics-gradle-plugin-2.2.20-gradle811.jar (org.jetbrains.kotlin:fus-statistics-gradle-plugin:2.2.20) with ExternalDependencyInstrumentingArtifactTransform
Transforming kotlin-gradle-plugin-2.2.20-gradle811.jar (org.jetbrains.kotlin:kotlin-gradle-plugin:2.2.20) with InstrumentationAnalysisTransform
Transforming kotlin-gradle-plugin-api-2.2.20.jar (org.jetbrains.kotlin:kotlin-gradle-plugin-api:2.2.20) with ExternalDependencyInstrumentingArtifactTransform
Transforming kotlin-gradle-plugin-2.2.20-gradle811.jar (org.jetbrains.kotlin:kotlin-gradle-plugin:2.2.20) with MergeInstrumentationAnalysisTransform
Transforming kotlin-gradle-plugin-api-2.2.20-gradle811.jar (org.jetbrains.kotlin:kotlin-gradle-plugin-api:2.2.20) with ExternalDependencyInstrumentingArtifactTransform
Transforming ktlint-gradle-12.1.1.jar (org.jlleitschuh.gradle:ktlint-gradle:12.1.1) with InstrumentationAnalysisTransform
Transforming ktlint-gradle-12.1.1.jar (org.jlleitschuh.gradle:ktlint-gradle:12.1.1) with MergeInstrumentationAnalysisTransform
Transforming kotlin-gradle-plugin-2.2.20-gradle811.jar (org.jetbrains.kotlin:kotlin-gradle-plugin:2.2.20) with ExternalDependencyInstrumentingArtifactTransform
Transforming kotlin-gradle-plugin-idea-proto-2.2.20.jar (org.jetbrains.kotlin:kotlin-gradle-plugin-idea-proto:2.2.20) with InstrumentationAnalysisTransform
Transforming kotlin-gradle-plugin-idea-proto-2.2.20.jar (org.jetbrains.kotlin:kotlin-gradle-plugin-idea-proto:2.2.20) with MergeInstrumentationAnalysisTransform
Transforming ktlint-gradle-12.1.1.jar (org.jlleitschuh.gradle:ktlint-gradle:12.1.1) with ExternalDependencyInstrumentingArtifactTransform
Transforming kotlin-gradle-plugin-idea-2.2.20.jar (org.jetbrains.kotlin:kotlin-gradle-plugin-idea:2.2.20) with InstrumentationAnalysisTransform
Transforming kotlin-gradle-plugin-idea-2.2.20.jar (org.jetbrains.kotlin:kotlin-gradle-plugin-idea:2.2.20) with MergeInstrumentationAnalysisTransform
Transforming kotlin-gradle-plugin-idea-proto-2.2.20.jar (org.jetbrains.kotlin:kotlin-gradle-plugin-idea-proto:2.2.20) with ExternalDependencyInstrumentingArtifactTransform
Transforming kotlin-klib-commonizer-api-2.2.20.jar (org.jetbrains.kotlin:kotlin-klib-commonizer-api:2.2.20) with InstrumentationAnalysisTransform
Transforming kotlin-klib-commonizer-api-2.2.20.jar (org.jetbrains.kotlin:kotlin-klib-commonizer-api:2.2.20) with MergeInstrumentationAnalysisTransform
Transforming kotlin-build-statistics-2.2.20.jar (org.jetbrains.kotlin:kotlin-build-statistics:2.2.20) with InstrumentationAnalysisTransform
Transforming kotlin-gradle-plugin-idea-2.2.20.jar (org.jetbrains.kotlin:kotlin-gradle-plugin-idea:2.2.20) with ExternalDependencyInstrumentingArtifactTransform
Transforming kotlin-klib-commonizer-api-2.2.20.jar (org.jetbrains.kotlin:kotlin-klib-commonizer-api:2.2.20) with ExternalDependencyInstrumentingArtifactTransform
Transforming kotlin-build-statistics-2.2.20.jar (org.jetbrains.kotlin:kotlin-build-statistics:2.2.20) with MergeInstrumentationAnalysisTransform
Transforming kotlin-util-klib-metadata-2.2.20.jar (org.jetbrains.kotlin:kotlin-util-klib-metadata:2.2.20) with InstrumentationAnalysisTransform
Transforming kotlin-util-klib-metadata-2.2.20.jar (org.jetbrains.kotlin:kotlin-util-klib-metadata:2.2.20) with MergeInstrumentationAnalysisTransform
Transforming abi-tools-api-2.2.20.jar (org.jetbrains.kotlin:abi-tools-api:2.2.20) with InstrumentationAnalysisTransform
Transforming abi-tools-api-2.2.20.jar (org.jetbrains.kotlin:abi-tools-api:2.2.20) with MergeInstrumentationAnalysisTransform
Transforming kotlin-util-klib-metadata-2.2.20.jar (org.jetbrains.kotlin:kotlin-util-klib-metadata:2.2.20) with ExternalDependencyInstrumentingArtifactTransform
Transforming kotlin-build-statistics-2.2.20.jar (org.jetbrains.kotlin:kotlin-build-statistics:2.2.20) with ExternalDependencyInstrumentingArtifactTransform
Transforming kotlin-compiler-runner-2.2.20.jar (org.jetbrains.kotlin:kotlin-compiler-runner:2.2.20) with InstrumentationAnalysisTransform
Transforming abi-tools-api-2.2.20.jar (org.jetbrains.kotlin:abi-tools-api:2.2.20) with ExternalDependencyInstrumentingArtifactTransform
Transforming kotlin-compiler-runner-2.2.20.jar (org.jetbrains.kotlin:kotlin-compiler-runner:2.2.20) with MergeInstrumentationAnalysisTransform
Transforming dnsjava-2.1.9.jar (dnsjava:dnsjava:2.1.9) with InstrumentationAnalysisTransform
Transforming dnsjava-2.1.9.jar (dnsjava:dnsjava:2.1.9) with MergeInstrumentationAnalysisTransform
Transforming kotlin-compiler-runner-2.2.20.jar (org.jetbrains.kotlin:kotlin-compiler-runner:2.2.20) with ExternalDependencyInstrumentingArtifactTransform
Transforming kotlin-gradle-plugin-annotations-2.2.20.jar (org.jetbrains.kotlin:kotlin-gradle-plugin-annotations:2.2.20) with InstrumentationAnalysisTransform
Transforming dnsjava-2.1.9.jar (dnsjava:dnsjava:2.1.9) with ExternalDependencyInstrumentingArtifactTransform
Transforming kotlin-gradle-plugin-annotations-2.2.20.jar (org.jetbrains.kotlin:kotlin-gradle-plugin-annotations:2.2.20) with MergeInstrumentationAnalysisTransform
Transforming kotlin-native-utils-2.2.20.jar (org.jetbrains.kotlin:kotlin-native-utils:2.2.20) with InstrumentationAnalysisTransform
Transforming kotlin-native-utils-2.2.20.jar (org.jetbrains.kotlin:kotlin-native-utils:2.2.20) with MergeInstrumentationAnalysisTransform
Transforming kotlin-gradle-plugin-annotations-2.2.20.jar (org.jetbrains.kotlin:kotlin-gradle-plugin-annotations:2.2.20) with ExternalDependencyInstrumentingArtifactTransform
Transforming kotlin-tooling-core-2.2.20.jar (org.jetbrains.kotlin:kotlin-tooling-core:2.2.20) with InstrumentationAnalysisTransform
Transforming kotlin-tooling-core-2.2.20.jar (org.jetbrains.kotlin:kotlin-tooling-core:2.2.20) with MergeInstrumentationAnalysisTransform
Transforming kotlin-build-tools-api-2.2.20.jar (org.jetbrains.kotlin:kotlin-build-tools-api:2.2.20) with InstrumentationAnalysisTransform
Transforming kotlin-native-utils-2.2.20.jar (org.jetbrains.kotlin:kotlin-native-utils:2.2.20) with ExternalDependencyInstrumentingArtifactTransform
Transforming kotlin-tooling-core-2.2.20.jar (org.jetbrains.kotlin:kotlin-tooling-core:2.2.20) with ExternalDependencyInstrumentingArtifactTransform
Transforming kotlin-build-tools-api-2.2.20.jar (org.jetbrains.kotlin:kotlin-build-tools-api:2.2.20) with MergeInstrumentationAnalysisTransform
Transforming android-test-plugin-result-listener-gradle-proto-31.10.1.jar (com.android.tools.utp:android-test-plugin-result-listener-gradle-proto:31.10.1) with InstrumentationAnalysisTransform
Transforming android-test-plugin-result-listener-gradle-proto-31.10.1.jar (com.android.tools.utp:android-test-plugin-result-listener-gradle-proto:31.10.1) with MergeInstrumentationAnalysisTransform
Transforming bundletool-1.18.0.jar (com.android.tools.build:bundletool:1.18.0) with InstrumentationAnalysisTransform
Transforming bundletool-1.18.0.jar (com.android.tools.build:bundletool:1.18.0) with MergeInstrumentationAnalysisTransform
Transforming android-test-plugin-result-listener-gradle-proto-31.10.1.jar (com.android.tools.utp:android-test-plugin-result-listener-gradle-proto:31.10.1) with ExternalDependencyInstrumentingArtifactTransform
Transforming protobuf-java-util-3.25.5.jar (com.google.protobuf:protobuf-java-util:3.25.5) with InstrumentationAnalysisTransform
Transforming kotlin-build-tools-api-2.2.20.jar (org.jetbrains.kotlin:kotlin-build-tools-api:2.2.20) with ExternalDependencyInstrumentingArtifactTransform
Transforming protobuf-java-util-3.25.5.jar (com.google.protobuf:protobuf-java-util:3.25.5) with MergeInstrumentationAnalysisTransform
Transforming bundletool-1.18.0.jar (com.android.tools.build:bundletool:1.18.0) with ExternalDependencyInstrumentingArtifactTransform
Transforming grpc-netty-1.69.1.jar (io.grpc:grpc-netty:1.69.1) with InstrumentationAnalysisTransform
Transforming grpc-netty-1.69.1.jar (io.grpc:grpc-netty:1.69.1) with MergeInstrumentationAnalysisTransform
Transforming grpc-inprocess-1.69.1.jar (io.grpc:grpc-inprocess:1.69.1) with InstrumentationAnalysisTransform
Transforming protobuf-java-util-3.25.5.jar (com.google.protobuf:protobuf-java-util:3.25.5) with ExternalDependencyInstrumentingArtifactTransform
Transforming grpc-inprocess-1.69.1.jar (io.grpc:grpc-inprocess:1.69.1) with MergeInstrumentationAnalysisTransform
Transforming grpc-util-1.69.1.jar (io.grpc:grpc-util:1.69.1) with InstrumentationAnalysisTransform
Transforming grpc-netty-1.69.1.jar (io.grpc:grpc-netty:1.69.1) with ExternalDependencyInstrumentingArtifactTransform
Transforming grpc-inprocess-1.69.1.jar (io.grpc:grpc-inprocess:1.69.1) with ExternalDependencyInstrumentingArtifactTransform
Transforming grpc-util-1.69.1.jar (io.grpc:grpc-util:1.69.1) with MergeInstrumentationAnalysisTransform
Transforming grpc-core-1.69.1.jar (io.grpc:grpc-core:1.69.1) with InstrumentationAnalysisTransform
Transforming grpc-util-1.69.1.jar (io.grpc:grpc-util:1.69.1) with ExternalDependencyInstrumentingArtifactTransform
Transforming grpc-core-1.69.1.jar (io.grpc:grpc-core:1.69.1) with MergeInstrumentationAnalysisTransform
Transforming tink-1.7.0.jar (com.google.crypto.tink:tink:1.7.0) with InstrumentationAnalysisTransform
Transforming grpc-core-1.69.1.jar (io.grpc:grpc-core:1.69.1) with ExternalDependencyInstrumentingArtifactTransform
Transforming tink-1.7.0.jar (com.google.crypto.tink:tink:1.7.0) with MergeInstrumentationAnalysisTransform
Transforming gson-2.11.0.jar (com.google.code.gson:gson:2.11.0) with InstrumentationAnalysisTransform
Transforming gson-2.11.0.jar (com.google.code.gson:gson:2.11.0) with MergeInstrumentationAnalysisTransform
Transforming kotlin-util-klib-2.2.20.jar (org.jetbrains.kotlin:kotlin-util-klib:2.2.20) with InstrumentationAnalysisTransform
Transforming tink-1.7.0.jar (com.google.crypto.tink:tink:1.7.0) with ExternalDependencyInstrumentingArtifactTransform
Transforming gson-2.11.0.jar (com.google.code.gson:gson:2.11.0) with ExternalDependencyInstrumentingArtifactTransform
Transforming kotlin-util-klib-2.2.20.jar (org.jetbrains.kotlin:kotlin-util-klib:2.2.20) with MergeInstrumentationAnalysisTransform
Transforming kotlin-util-io-2.2.20.jar (org.jetbrains.kotlin:kotlin-util-io:2.2.20) with InstrumentationAnalysisTransform
Transforming kotlin-util-io-2.2.20.jar (org.jetbrains.kotlin:kotlin-util-io:2.2.20) with MergeInstrumentationAnalysisTransform
Transforming kotlin-daemon-client-2.2.20.jar (org.jetbrains.kotlin:kotlin-daemon-client:2.2.20) with InstrumentationAnalysisTransform
Transforming kotlin-daemon-client-2.2.20.jar (org.jetbrains.kotlin:kotlin-daemon-client:2.2.20) with MergeInstrumentationAnalysisTransform
Transforming kotlinx-coroutines-core-jvm-1.8.0.jar (org.jetbrains.kotlinx:kotlinx-coroutines-core-jvm:1.8.0) with InstrumentationAnalysisTransform
Transforming kotlinx-coroutines-core-jvm-1.8.0.jar (org.jetbrains.kotlinx:kotlinx-coroutines-core-jvm:1.8.0) with MergeInstrumentationAnalysisTransform
Transforming kotlin-util-klib-2.2.20.jar (org.jetbrains.kotlin:kotlin-util-klib:2.2.20) with ExternalDependencyInstrumentingArtifactTransform
Transforming aapt2-proto-8.10.1-12782657.jar (com.android.tools.build:aapt2-proto:8.10.1-12782657) with InstrumentationAnalysisTransform
Transforming kotlin-util-io-2.2.20.jar (org.jetbrains.kotlin:kotlin-util-io:2.2.20) with ExternalDependencyInstrumentingArtifactTransform
Transforming aapt2-proto-8.10.1-12782657.jar (com.android.tools.build:aapt2-proto:8.10.1-12782657) with MergeInstrumentationAnalysisTransform
Transforming kotlin-daemon-client-2.2.20.jar (org.jetbrains.kotlin:kotlin-daemon-client:2.2.20) with ExternalDependencyInstrumentingArtifactTransform
Transforming crash-31.10.1.jar (com.android.tools.analytics-library:crash:31.10.1) with InstrumentationAnalysisTransform
Transforming crash-31.10.1.jar (com.android.tools.analytics-library:crash:31.10.1) with MergeInstrumentationAnalysisTransform
Transforming lint-typedef-remover-31.10.1.jar (com.android.tools.lint:lint-typedef-remover:31.10.1) with InstrumentationAnalysisTransform
Transforming lint-typedef-remover-31.10.1.jar (com.android.tools.lint:lint-typedef-remover:31.10.1) with MergeInstrumentationAnalysisTransform
Transforming kotlinx-coroutines-core-jvm-1.8.0.jar (org.jetbrains.kotlinx:kotlinx-coroutines-core-jvm:1.8.0) with ExternalDependencyInstrumentingArtifactTransform
Transforming databinding-common-8.10.1.jar (androidx.databinding:databinding-common:8.10.1) with InstrumentationAnalysisTransform
Transforming crash-31.10.1.jar (com.android.tools.analytics-library:crash:31.10.1) with ExternalDependencyInstrumentingArtifactTransform
Transforming databinding-common-8.10.1.jar (androidx.databinding:databinding-common:8.10.1) with MergeInstrumentationAnalysisTransform
Transforming aapt2-proto-8.10.1-12782657.jar (com.android.tools.build:aapt2-proto:8.10.1-12782657) with ExternalDependencyInstrumentingArtifactTransform
Transforming baseLibrary-8.10.1.jar (com.android.databinding:baseLibrary:8.10.1) with InstrumentationAnalysisTransform
Transforming lint-typedef-remover-31.10.1.jar (com.android.tools.lint:lint-typedef-remover:31.10.1) with ExternalDependencyInstrumentingArtifactTransform
Transforming baseLibrary-8.10.1.jar (com.android.databinding:baseLibrary:8.10.1) with MergeInstrumentationAnalysisTransform
Transforming databinding-common-8.10.1.jar (androidx.databinding:databinding-common:8.10.1) with ExternalDependencyInstrumentingArtifactTransform
Transforming android-device-provider-ddmlib-proto-31.10.1.jar (com.android.tools.utp:android-device-provider-ddmlib-proto:31.10.1) with InstrumentationAnalysisTransform
Transforming android-device-provider-ddmlib-proto-31.10.1.jar (com.android.tools.utp:android-device-provider-ddmlib-proto:31.10.1) with MergeInstrumentationAnalysisTransform
Transforming baseLibrary-8.10.1.jar (com.android.databinding:baseLibrary:8.10.1) with ExternalDependencyInstrumentingArtifactTransform
Transforming android-device-provider-gradle-proto-31.10.1.jar (com.android.tools.utp:android-device-provider-gradle-proto:31.10.1) with InstrumentationAnalysisTransform
Transforming android-device-provider-ddmlib-proto-31.10.1.jar (com.android.tools.utp:android-device-provider-ddmlib-proto:31.10.1) with ExternalDependencyInstrumentingArtifactTransform
Transforming android-device-provider-gradle-proto-31.10.1.jar (com.android.tools.utp:android-device-provider-gradle-proto:31.10.1) with MergeInstrumentationAnalysisTransform
Transforming android-device-provider-profile-proto-31.10.1.jar (com.android.tools.utp:android-device-provider-profile-proto:31.10.1) with InstrumentationAnalysisTransform
Transforming android-device-provider-profile-proto-31.10.1.jar (com.android.tools.utp:android-device-provider-profile-proto:31.10.1) with MergeInstrumentationAnalysisTransform
Transforming android-device-provider-gradle-proto-31.10.1.jar (com.android.tools.utp:android-device-provider-gradle-proto:31.10.1) with ExternalDependencyInstrumentingArtifactTransform
Transforming android-test-plugin-host-additional-test-output-proto-31.10.1.jar (com.android.tools.utp:android-test-plugin-host-additional-test-output-proto:31.10.1) with InstrumentationAnalysisTransform
Transforming android-test-plugin-host-additional-test-output-proto-31.10.1.jar (com.android.tools.utp:android-test-plugin-host-additional-test-output-proto:31.10.1) with MergeInstrumentationAnalysisTransform
Transforming android-device-provider-profile-proto-31.10.1.jar (com.android.tools.utp:android-device-provider-profile-proto:31.10.1) with ExternalDependencyInstrumentingArtifactTransform
Transforming android-test-plugin-host-coverage-proto-31.10.1.jar (com.android.tools.utp:android-test-plugin-host-coverage-proto:31.10.1) with InstrumentationAnalysisTransform
Transforming android-test-plugin-host-coverage-proto-31.10.1.jar (com.android.tools.utp:android-test-plugin-host-coverage-proto:31.10.1) with MergeInstrumentationAnalysisTransform
Transforming android-test-plugin-host-logcat-proto-31.10.1.jar (com.android.tools.utp:android-test-plugin-host-logcat-proto:31.10.1) with InstrumentationAnalysisTransform
Transforming android-test-plugin-host-logcat-proto-31.10.1.jar (com.android.tools.utp:android-test-plugin-host-logcat-proto:31.10.1) with MergeInstrumentationAnalysisTransform
Transforming android-test-plugin-host-coverage-proto-31.10.1.jar (com.android.tools.utp:android-test-plugin-host-coverage-proto:31.10.1) with ExternalDependencyInstrumentingArtifactTransform
Transforming android-test-plugin-host-apk-installer-proto-31.10.1.jar (com.android.tools.utp:android-test-plugin-host-apk-installer-proto:31.10.1) with InstrumentationAnalysisTransform
Transforming android-test-plugin-host-apk-installer-proto-31.10.1.jar (com.android.tools.utp:android-test-plugin-host-apk-installer-proto:31.10.1) with MergeInstrumentationAnalysisTransform
Transforming transform-api-2.0.0-deprecated-use-gradle-api.jar (com.android.tools.build:transform-api:2.0.0-deprecated-use-gradle-api) with InstrumentationAnalysisTransform
Transforming transform-api-2.0.0-deprecated-use-gradle-api.jar (com.android.tools.build:transform-api:2.0.0-deprecated-use-gradle-api) with MergeInstrumentationAnalysisTransform
Transforming httpmime-4.5.6.jar (org.apache.httpcomponents:httpmime:4.5.6) with InstrumentationAnalysisTransform
Transforming httpmime-4.5.6.jar (org.apache.httpcomponents:httpmime:4.5.6) with MergeInstrumentationAnalysisTransform
Transforming commons-io-2.16.1.jar (commons-io:commons-io:2.16.1) with InstrumentationAnalysisTransform
Transforming android-test-plugin-host-additional-test-output-proto-31.10.1.jar (com.android.tools.utp:android-test-plugin-host-additional-test-output-proto:31.10.1) with ExternalDependencyInstrumentingArtifactTransform
Transforming commons-io-2.16.1.jar (commons-io:commons-io:2.16.1) with MergeInstrumentationAnalysisTransform
Transforming android-test-plugin-host-logcat-proto-31.10.1.jar (com.android.tools.utp:android-test-plugin-host-logcat-proto:31.10.1) with ExternalDependencyInstrumentingArtifactTransform
Transforming asm-commons-9.7.1.jar (org.ow2.asm:asm-commons:9.7.1) with InstrumentationAnalysisTransform
Transforming asm-commons-9.7.1.jar (org.ow2.asm:asm-commons:9.7.1) with MergeInstrumentationAnalysisTransform
Transforming asm-util-9.7.1.jar (org.ow2.asm:asm-util:9.7.1) with InstrumentationAnalysisTransform
Transforming asm-util-9.7.1.jar (org.ow2.asm:asm-util:9.7.1) with MergeInstrumentationAnalysisTransform
Transforming android-test-plugin-host-apk-installer-proto-31.10.1.jar (com.android.tools.utp:android-test-plugin-host-apk-installer-proto:31.10.1) with ExternalDependencyInstrumentingArtifactTransform
Transforming asm-analysis-9.7.1.jar (org.ow2.asm:asm-analysis:9.7.1) with InstrumentationAnalysisTransform
Transforming transform-api-2.0.0-deprecated-use-gradle-api.jar (com.android.tools.build:transform-api:2.0.0-deprecated-use-gradle-api) with ExternalDependencyInstrumentingArtifactTransform
Transforming asm-analysis-9.7.1.jar (org.ow2.asm:asm-analysis:9.7.1) with MergeInstrumentationAnalysisTransform
Transforming asm-tree-9.7.1.jar (org.ow2.asm:asm-tree:9.7.1) with InstrumentationAnalysisTransform
Transforming asm-tree-9.7.1.jar (org.ow2.asm:asm-tree:9.7.1) with MergeInstrumentationAnalysisTransform
Transforming asm-9.7.1.jar (org.ow2.asm:asm:9.7.1) with InstrumentationAnalysisTransform
Transforming asm-9.7.1.jar (org.ow2.asm:asm:9.7.1) with MergeInstrumentationAnalysisTransform
Transforming commons-io-2.16.1.jar (commons-io:commons-io:2.16.1) with ExternalDependencyInstrumentingArtifactTransform
Transforming asm-util-9.7.1.jar (org.ow2.asm:asm-util:9.7.1) with ExternalDependencyInstrumentingArtifactTransform
Transforming asm-analysis-9.7.1.jar (org.ow2.asm:asm-analysis:9.7.1) with ExternalDependencyInstrumentingArtifactTransform
Transforming asm-tree-9.7.1.jar (org.ow2.asm:asm-tree:9.7.1) with ExternalDependencyInstrumentingArtifactTransform
Transforming asm-9.7.1.jar (org.ow2.asm:asm:9.7.1) with ExternalDependencyInstrumentingArtifactTransform
Transforming asm-commons-9.7.1.jar (org.ow2.asm:asm-commons:9.7.1) with ExternalDependencyInstrumentingArtifactTransform
Transforming apkzlib-8.10.1.jar (com.android.tools.build:apkzlib:8.10.1) with InstrumentationAnalysisTransform
Transforming apkzlib-8.10.1.jar (com.android.tools.build:apkzlib:8.10.1) with MergeInstrumentationAnalysisTransform
Transforming bcpkix-jdk18on-1.79.jar (org.bouncycastle:bcpkix-jdk18on:1.79) with InstrumentationAnalysisTransform
Transforming bcpkix-jdk18on-1.79.jar (org.bouncycastle:bcpkix-jdk18on:1.79) with MergeInstrumentationAnalysisTransform
Transforming jaxb-runtime-2.3.2.jar (org.glassfish.jaxb:jaxb-runtime:2.3.2) with InstrumentationAnalysisTransform
Transforming apkzlib-8.10.1.jar (com.android.tools.build:apkzlib:8.10.1) with ExternalDependencyInstrumentingArtifactTransform
Transforming jaxb-runtime-2.3.2.jar (org.glassfish.jaxb:jaxb-runtime:2.3.2) with MergeInstrumentationAnalysisTransform
Transforming jopt-simple-4.9.jar (net.sf.jopt-simple:jopt-simple:4.9) with InstrumentationAnalysisTransform
Transforming jopt-simple-4.9.jar (net.sf.jopt-simple:jopt-simple:4.9) with MergeInstrumentationAnalysisTransform
Transforming jaxb-runtime-2.3.2.jar (org.glassfish.jaxb:jaxb-runtime:2.3.2) with ExternalDependencyInstrumentingArtifactTransform
Transforming httpmime-4.5.6.jar (org.apache.httpcomponents:httpmime:4.5.6) with ExternalDependencyInstrumentingArtifactTransform
Transforming jopt-simple-4.9.jar (net.sf.jopt-simple:jopt-simple:4.9) with ExternalDependencyInstrumentingArtifactTransform
Transforming bcpkix-jdk18on-1.79.jar (org.bouncycastle:bcpkix-jdk18on:1.79) with ExternalDependencyInstrumentingArtifactTransform
Transforming javapoet-1.10.0.jar (com.squareup:javapoet:1.10.0) with InstrumentationAnalysisTransform
Transforming javapoet-1.10.0.jar (com.squareup:javapoet:1.10.0) with MergeInstrumentationAnalysisTransform
Transforming grpc-protobuf-1.69.1.jar (io.grpc:grpc-protobuf:1.69.1) with InstrumentationAnalysisTransform
Transforming grpc-protobuf-1.69.1.jar (io.grpc:grpc-protobuf:1.69.1) with MergeInstrumentationAnalysisTransform
Transforming javapoet-1.10.0.jar (com.squareup:javapoet:1.10.0) with ExternalDependencyInstrumentingArtifactTransform
Transforming core-proto-0.0.9-alpha03.jar (com.google.testing.platform:core-proto:0.0.9-alpha03) with InstrumentationAnalysisTransform
Transforming core-proto-0.0.9-alpha03.jar (com.google.testing.platform:core-proto:0.0.9-alpha03) with MergeInstrumentationAnalysisTransform
Transforming protos-31.10.1.jar (com.android.tools.analytics-library:protos:31.10.1) with InstrumentationAnalysisTransform
Transforming protos-31.10.1.jar (com.android.tools.analytics-library:protos:31.10.1) with MergeInstrumentationAnalysisTransform
Transforming proto-google-common-protos-2.48.0.jar (com.google.api.grpc:proto-google-common-protos:2.48.0) with InstrumentationAnalysisTransform
Transforming proto-google-common-protos-2.48.0.jar (com.google.api.grpc:proto-google-common-protos:2.48.0) with MergeInstrumentationAnalysisTransform
Transforming protobuf-java-3.25.5.jar (com.google.protobuf:protobuf-java:3.25.5) with InstrumentationAnalysisTransform
Transforming protobuf-java-3.25.5.jar (com.google.protobuf:protobuf-java:3.25.5) with MergeInstrumentationAnalysisTransform
Transforming grpc-stub-1.69.1.jar (io.grpc:grpc-stub:1.69.1) with InstrumentationAnalysisTransform
Transforming grpc-stub-1.69.1.jar (io.grpc:grpc-stub:1.69.1) with MergeInstrumentationAnalysisTransform
Transforming tensorflow-lite-metadata-0.2.0.jar (org.tensorflow:tensorflow-lite-metadata:0.2.0) with InstrumentationAnalysisTransform
Transforming tensorflow-lite-metadata-0.2.0.jar (org.tensorflow:tensorflow-lite-metadata:0.2.0) with MergeInstrumentationAnalysisTransform
Transforming flatbuffers-java-1.12.0.jar (com.google.flatbuffers:flatbuffers-java:1.12.0) with InstrumentationAnalysisTransform
Transforming flatbuffers-java-1.12.0.jar (com.google.flatbuffers:flatbuffers-java:1.12.0) with MergeInstrumentationAnalysisTransform
Transforming jimfs-1.1.jar (com.google.jimfs:jimfs:1.1) with InstrumentationAnalysisTransform
Transforming jimfs-1.1.jar (com.google.jimfs:jimfs:1.1) with MergeInstrumentationAnalysisTransform
Transforming grpc-context-1.69.1.jar (io.grpc:grpc-context:1.69.1) with InstrumentationAnalysisTransform
Transforming grpc-context-1.69.1.jar (io.grpc:grpc-context:1.69.1) with MergeInstrumentationAnalysisTransform
Transforming protos-31.10.1.jar (com.android.tools.analytics-library:protos:31.10.1) with ExternalDependencyInstrumentingArtifactTransform
Transforming proto-google-common-protos-2.48.0.jar (com.google.api.grpc:proto-google-common-protos:2.48.0) with ExternalDependencyInstrumentingArtifactTransform
Transforming protobuf-java-3.25.5.jar (com.google.protobuf:protobuf-java:3.25.5) with ExternalDependencyInstrumentingArtifactTransform
Transforming grpc-stub-1.69.1.jar (io.grpc:grpc-stub:1.69.1) with ExternalDependencyInstrumentingArtifactTransform
Transforming tensorflow-lite-metadata-0.2.0.jar (org.tensorflow:tensorflow-lite-metadata:0.2.0) with ExternalDependencyInstrumentingArtifactTransform
Transforming flatbuffers-java-1.12.0.jar (com.google.flatbuffers:flatbuffers-java:1.12.0) with ExternalDependencyInstrumentingArtifactTransform
Transforming jimfs-1.1.jar (com.google.jimfs:jimfs:1.1) with ExternalDependencyInstrumentingArtifactTransform
Transforming grpc-context-1.69.1.jar (io.grpc:grpc-context:1.69.1) with ExternalDependencyInstrumentingArtifactTransform
Transforming grpc-protobuf-1.69.1.jar (io.grpc:grpc-protobuf:1.69.1) with ExternalDependencyInstrumentingArtifactTransform
Transforming grpc-protobuf-lite-1.69.1.jar (io.grpc:grpc-protobuf-lite:1.69.1) with InstrumentationAnalysisTransform
Transforming grpc-protobuf-lite-1.69.1.jar (io.grpc:grpc-protobuf-lite:1.69.1) with MergeInstrumentationAnalysisTransform
Transforming grpc-api-1.69.1.jar (io.grpc:grpc-api:1.69.1) with InstrumentationAnalysisTransform
Transforming grpc-api-1.69.1.jar (io.grpc:grpc-api:1.69.1) with MergeInstrumentationAnalysisTransform
Transforming guava-33.3.1-jre.jar (com.google.guava:guava:33.3.1-jre) with InstrumentationAnalysisTransform
Transforming guava-33.3.1-jre.jar (com.google.guava:guava:33.3.1-jre) with MergeInstrumentationAnalysisTransform
Transforming error_prone_annotations-2.30.0.jar (com.google.errorprone:error_prone_annotations:2.30.0) with InstrumentationAnalysisTransform
Transforming error_prone_annotations-2.30.0.jar (com.google.errorprone:error_prone_annotations:2.30.0) with MergeInstrumentationAnalysisTransform
Transforming dagger-2.28.3.jar (com.google.dagger:dagger:2.28.3) with InstrumentationAnalysisTransform
Transforming dagger-2.28.3.jar (com.google.dagger:dagger:2.28.3) with MergeInstrumentationAnalysisTransform
Transforming javax.inject-1.jar (javax.inject:javax.inject:1) with InstrumentationAnalysisTransform
Transforming javax.inject-1.jar (javax.inject:javax.inject:1) with MergeInstrumentationAnalysisTransform
Transforming kxml2-2.3.0.jar (net.sf.kxml:kxml2:2.3.0) with InstrumentationAnalysisTransform
Transforming kxml2-2.3.0.jar (net.sf.kxml:kxml2:2.3.0) with MergeInstrumentationAnalysisTransform
Transforming commons-compress-1.21.jar (org.apache.commons:commons-compress:1.21) with InstrumentationAnalysisTransform
Transforming commons-compress-1.21.jar (org.apache.commons:commons-compress:1.21) with MergeInstrumentationAnalysisTransform
Transforming bcutil-jdk18on-1.79.jar (org.bouncycastle:bcutil-jdk18on:1.79) with InstrumentationAnalysisTransform
Transforming bcutil-jdk18on-1.79.jar (org.bouncycastle:bcutil-jdk18on:1.79) with MergeInstrumentationAnalysisTransform
Transforming bcprov-jdk18on-1.79.jar (org.bouncycastle:bcprov-jdk18on:1.79) with InstrumentationAnalysisTransform
Transforming bcprov-jdk18on-1.79.jar (org.bouncycastle:bcprov-jdk18on:1.79) with MergeInstrumentationAnalysisTransform
Transforming httpclient-4.5.14.jar (org.apache.httpcomponents:httpclient:4.5.14) with InstrumentationAnalysisTransform
Transforming httpclient-4.5.14.jar (org.apache.httpcomponents:httpclient:4.5.14) with MergeInstrumentationAnalysisTransform
Transforming httpcore-4.4.16.jar (org.apache.httpcomponents:httpcore:4.4.16) with InstrumentationAnalysisTransform
Transforming httpcore-4.4.16.jar (org.apache.httpcomponents:httpcore:4.4.16) with MergeInstrumentationAnalysisTransform
Transforming javax.activation-1.2.0.jar (com.sun.activation:javax.activation:1.2.0) with InstrumentationAnalysisTransform
Transforming javax.activation-1.2.0.jar (com.sun.activation:javax.activation:1.2.0) with MergeInstrumentationAnalysisTransform
Transforming signflinger-8.10.1.jar (com.android:signflinger:8.10.1) with InstrumentationAnalysisTransform
Transforming signflinger-8.10.1.jar (com.android:signflinger:8.10.1) with MergeInstrumentationAnalysisTransform
Transforming zipflinger-8.10.1.jar (com.android:zipflinger:8.10.1) with InstrumentationAnalysisTransform
Transforming zipflinger-8.10.1.jar (com.android:zipflinger:8.10.1) with MergeInstrumentationAnalysisTransform
Transforming annotations-31.10.1.jar (com.android.tools:annotations:31.10.1) with InstrumentationAnalysisTransform
Transforming annotations-31.10.1.jar (com.android.tools:annotations:31.10.1) with MergeInstrumentationAnalysisTransform
Transforming jna-platform-5.6.0.jar (net.java.dev.jna:jna-platform:5.6.0) with InstrumentationAnalysisTransform
Transforming jna-platform-5.6.0.jar (net.java.dev.jna:jna-platform:5.6.0) with MergeInstrumentationAnalysisTransform
Transforming juniversalchardet-1.0.3.jar (com.googlecode.juniversalchardet:juniversalchardet:1.0.3) with InstrumentationAnalysisTransform
Transforming juniversalchardet-1.0.3.jar (com.googlecode.juniversalchardet:juniversalchardet:1.0.3) with MergeInstrumentationAnalysisTransform
Transforming javax.annotation-api-1.3.2.jar (javax.annotation:javax.annotation-api:1.3.2) with InstrumentationAnalysisTransform
Transforming javax.annotation-api-1.3.2.jar (javax.annotation:javax.annotation-api:1.3.2) with MergeInstrumentationAnalysisTransform
Transforming stax-ex-1.8.1.jar (org.jvnet.staxex:stax-ex:1.8.1) with InstrumentationAnalysisTransform
Transforming stax-ex-1.8.1.jar (org.jvnet.staxex:stax-ex:1.8.1) with MergeInstrumentationAnalysisTransform
Transforming jakarta.xml.bind-api-2.3.2.jar (jakarta.xml.bind:jakarta.xml.bind-api:2.3.2) with InstrumentationAnalysisTransform
Transforming jakarta.xml.bind-api-2.3.2.jar (jakarta.xml.bind:jakarta.xml.bind-api:2.3.2) with MergeInstrumentationAnalysisTransform
Transforming txw2-2.3.2.jar (org.glassfish.jaxb:txw2:2.3.2) with InstrumentationAnalysisTransform
Transforming txw2-2.3.2.jar (org.glassfish.jaxb:txw2:2.3.2) with MergeInstrumentationAnalysisTransform
Transforming istack-commons-runtime-3.0.8.jar (com.sun.istack:istack-commons-runtime:3.0.8) with InstrumentationAnalysisTransform
Transforming istack-commons-runtime-3.0.8.jar (com.sun.istack:istack-commons-runtime:3.0.8) with MergeInstrumentationAnalysisTransform
Transforming FastInfoset-1.2.16.jar (com.sun.xml.fastinfoset:FastInfoset:1.2.16) with InstrumentationAnalysisTransform
Transforming FastInfoset-1.2.16.jar (com.sun.xml.fastinfoset:FastInfoset:1.2.16) with MergeInstrumentationAnalysisTransform
Transforming jakarta.activation-api-1.2.1.jar (jakarta.activation:jakarta.activation-api:1.2.1) with InstrumentationAnalysisTransform
Transforming jakarta.activation-api-1.2.1.jar (jakarta.activation:jakarta.activation-api:1.2.1) with MergeInstrumentationAnalysisTransform
Transforming auto-value-annotations-1.6.2.jar (com.google.auto.value:auto-value-annotations:1.6.2) with InstrumentationAnalysisTransform
Transforming grpc-protobuf-lite-1.69.1.jar (io.grpc:grpc-protobuf-lite:1.69.1) with ExternalDependencyInstrumentingArtifactTransform
Transforming auto-value-annotations-1.6.2.jar (com.google.auto.value:auto-value-annotations:1.6.2) with MergeInstrumentationAnalysisTransform
Transforming jose4j-0.9.5.jar (org.bitbucket.b_c:jose4j:0.9.5) with InstrumentationAnalysisTransform
Transforming jose4j-0.9.5.jar (org.bitbucket.b_c:jose4j:0.9.5) with MergeInstrumentationAnalysisTransform
Transforming slf4j-api-1.7.30.jar (org.slf4j:slf4j-api:1.7.30) with InstrumentationAnalysisTransform
Transforming grpc-api-1.69.1.jar (io.grpc:grpc-api:1.69.1) with ExternalDependencyInstrumentingArtifactTransform
Transforming slf4j-api-1.7.30.jar (org.slf4j:slf4j-api:1.7.30) with MergeInstrumentationAnalysisTransform
Transforming jdom2-2.0.6.jar (org.jdom:jdom2:2.0.6) with InstrumentationAnalysisTransform
Transforming jdom2-2.0.6.jar (org.jdom:jdom2:2.0.6) with MergeInstrumentationAnalysisTransform
Transforming guava-33.3.1-jre.jar (com.google.guava:guava:33.3.1-jre) with ExternalDependencyInstrumentingArtifactTransform
Transforming error_prone_annotations-2.30.0.jar (com.google.errorprone:error_prone_annotations:2.30.0) with ExternalDependencyInstrumentingArtifactTransform
Transforming dagger-2.28.3.jar (com.google.dagger:dagger:2.28.3) with ExternalDependencyInstrumentingArtifactTransform
Transforming javax.inject-1.jar (javax.inject:javax.inject:1) with ExternalDependencyInstrumentingArtifactTransform
Transforming httpclient-4.5.14.jar (org.apache.httpcomponents:httpclient:4.5.14) with ExternalDependencyInstrumentingArtifactTransform
Transforming annotations-31.10.1.jar (com.android.tools:annotations:31.10.1) with ExternalDependencyInstrumentingArtifactTransform
Transforming jna-platform-5.6.0.jar (net.java.dev.jna:jna-platform:5.6.0) with ExternalDependencyInstrumentingArtifactTransform
Transforming juniversalchardet-1.0.3.jar (com.googlecode.juniversalchardet:juniversalchardet:1.0.3) with ExternalDependencyInstrumentingArtifactTransform
Transforming javax.annotation-api-1.3.2.jar (javax.annotation:javax.annotation-api:1.3.2) with ExternalDependencyInstrumentingArtifactTransform
Transforming stax-ex-1.8.1.jar (org.jvnet.staxex:stax-ex:1.8.1) with ExternalDependencyInstrumentingArtifactTransform
Transforming jakarta.xml.bind-api-2.3.2.jar (jakarta.xml.bind:jakarta.xml.bind-api:2.3.2) with ExternalDependencyInstrumentingArtifactTransform
Transforming txw2-2.3.2.jar (org.glassfish.jaxb:txw2:2.3.2) with ExternalDependencyInstrumentingArtifactTransform
Transforming istack-commons-runtime-3.0.8.jar (com.sun.istack:istack-commons-runtime:3.0.8) with ExternalDependencyInstrumentingArtifactTransform
Transforming FastInfoset-1.2.16.jar (com.sun.xml.fastinfoset:FastInfoset:1.2.16) with ExternalDependencyInstrumentingArtifactTransform
Transforming jakarta.activation-api-1.2.1.jar (jakarta.activation:jakarta.activation-api:1.2.1) with ExternalDependencyInstrumentingArtifactTransform
Transforming auto-value-annotations-1.6.2.jar (com.google.auto.value:auto-value-annotations:1.6.2) with ExternalDependencyInstrumentingArtifactTransform
Transforming jose4j-0.9.5.jar (org.bitbucket.b_c:jose4j:0.9.5) with ExternalDependencyInstrumentingArtifactTransform
Transforming slf4j-api-1.7.30.jar (org.slf4j:slf4j-api:1.7.30) with ExternalDependencyInstrumentingArtifactTransform
Transforming core-proto-0.0.9-alpha03.jar (com.google.testing.platform:core-proto:0.0.9-alpha03) with ExternalDependencyInstrumentingArtifactTransform
Transforming jsr305-3.0.2.jar (com.google.code.findbugs:jsr305:3.0.2) with InstrumentationAnalysisTransform
Transforming jsr305-3.0.2.jar (com.google.code.findbugs:jsr305:3.0.2) with MergeInstrumentationAnalysisTransform
Transforming j2objc-annotations-3.0.0.jar (com.google.j2objc:j2objc-annotations:3.0.0) with InstrumentationAnalysisTransform
Transforming jdom2-2.0.6.jar (org.jdom:jdom2:2.0.6) with ExternalDependencyInstrumentingArtifactTransform
Transforming j2objc-annotations-3.0.0.jar (com.google.j2objc:j2objc-annotations:3.0.0) with MergeInstrumentationAnalysisTransform
Transforming jsr305-3.0.2.jar (com.google.code.findbugs:jsr305:3.0.2) with ExternalDependencyInstrumentingArtifactTransform
Transforming j2objc-annotations-3.0.0.jar (com.google.j2objc:j2objc-annotations:3.0.0) with ExternalDependencyInstrumentingArtifactTransform
Transforming signflinger-8.10.1.jar (com.android:signflinger:8.10.1) with ExternalDependencyInstrumentingArtifactTransform
Transforming zipflinger-8.10.1.jar (com.android:zipflinger:8.10.1) with ExternalDependencyInstrumentingArtifactTransform
Transforming bcprov-jdk18on-1.79.jar (org.bouncycastle:bcprov-jdk18on:1.79) with ExternalDependencyInstrumentingArtifactTransform
Transforming annotations-4.1.1.4.jar (com.google.android:annotations:4.1.1.4) with InstrumentationAnalysisTransform
Transforming annotations-4.1.1.4.jar (com.google.android:annotations:4.1.1.4) with MergeInstrumentationAnalysisTransform
Transforming animal-sniffer-annotations-1.24.jar (org.codehaus.mojo:animal-sniffer-annotations:1.24) with InstrumentationAnalysisTransform
Transforming animal-sniffer-annotations-1.24.jar (org.codehaus.mojo:animal-sniffer-annotations:1.24) with MergeInstrumentationAnalysisTransform
Transforming perfmark-api-0.27.0.jar (io.perfmark:perfmark-api:0.27.0) with InstrumentationAnalysisTransform
Transforming annotations-4.1.1.4.jar (com.google.android:annotations:4.1.1.4) with ExternalDependencyInstrumentingArtifactTransform
Transforming perfmark-api-0.27.0.jar (io.perfmark:perfmark-api:0.27.0) with MergeInstrumentationAnalysisTransform
Transforming kxml2-2.3.0.jar (net.sf.kxml:kxml2:2.3.0) with ExternalDependencyInstrumentingArtifactTransform
Transforming bcutil-jdk18on-1.79.jar (org.bouncycastle:bcutil-jdk18on:1.79) with ExternalDependencyInstrumentingArtifactTransform
Transforming netty-codec-http2-4.1.110.Final.jar (io.netty:netty-codec-http2:4.1.110.Final) with InstrumentationAnalysisTransform
Transforming httpcore-4.4.16.jar (org.apache.httpcomponents:httpcore:4.4.16) with ExternalDependencyInstrumentingArtifactTransform
Transforming netty-codec-http2-4.1.110.Final.jar (io.netty:netty-codec-http2:4.1.110.Final) with MergeInstrumentationAnalysisTransform
Transforming netty-handler-proxy-4.1.110.Final.jar (io.netty:netty-handler-proxy:4.1.110.Final) with InstrumentationAnalysisTransform
Transforming perfmark-api-0.27.0.jar (io.perfmark:perfmark-api:0.27.0) with ExternalDependencyInstrumentingArtifactTransform
Transforming netty-handler-proxy-4.1.110.Final.jar (io.netty:netty-handler-proxy:4.1.110.Final) with MergeInstrumentationAnalysisTransform
Transforming netty-codec-http-4.1.110.Final.jar (io.netty:netty-codec-http:4.1.110.Final) with InstrumentationAnalysisTransform
Transforming netty-codec-http-4.1.110.Final.jar (io.netty:netty-codec-http:4.1.110.Final) with MergeInstrumentationAnalysisTransform
Transforming netty-handler-4.1.110.Final.jar (io.netty:netty-handler:4.1.110.Final) with InstrumentationAnalysisTransform
Transforming netty-codec-http2-4.1.110.Final.jar (io.netty:netty-codec-http2:4.1.110.Final) with ExternalDependencyInstrumentingArtifactTransform
Transforming netty-codec-http-4.1.110.Final.jar (io.netty:netty-codec-http:4.1.110.Final) with ExternalDependencyInstrumentingArtifactTransform
Transforming javax.activation-1.2.0.jar (com.sun.activation:javax.activation:1.2.0) with ExternalDependencyInstrumentingArtifactTransform
Transforming netty-handler-4.1.110.Final.jar (io.netty:netty-handler:4.1.110.Final) with MergeInstrumentationAnalysisTransform
Transforming netty-handler-proxy-4.1.110.Final.jar (io.netty:netty-handler-proxy:4.1.110.Final) with ExternalDependencyInstrumentingArtifactTransform
Transforming netty-transport-native-unix-common-4.1.110.Final.jar (io.netty:netty-transport-native-unix-common:4.1.110.Final) with InstrumentationAnalysisTransform
Transforming commons-compress-1.21.jar (org.apache.commons:commons-compress:1.21) with ExternalDependencyInstrumentingArtifactTransform
Transforming netty-transport-native-unix-common-4.1.110.Final.jar (io.netty:netty-transport-native-unix-common:4.1.110.Final) with MergeInstrumentationAnalysisTransform
Transforming checker-qual-3.43.0.jar (org.checkerframework:checker-qual:3.43.0) with InstrumentationAnalysisTransform
Transforming checker-qual-3.43.0.jar (org.checkerframework:checker-qual:3.43.0) with MergeInstrumentationAnalysisTransform
Transforming apksig-8.10.1.jar (com.android.tools.build:apksig:8.10.1) with InstrumentationAnalysisTransform
Transforming netty-handler-4.1.110.Final.jar (io.netty:netty-handler:4.1.110.Final) with ExternalDependencyInstrumentingArtifactTransform
Transforming animal-sniffer-annotations-1.24.jar (org.codehaus.mojo:animal-sniffer-annotations:1.24) with ExternalDependencyInstrumentingArtifactTransform
Transforming apksig-8.10.1.jar (com.android.tools.build:apksig:8.10.1) with MergeInstrumentationAnalysisTransform
Transforming netty-transport-native-unix-common-4.1.110.Final.jar (io.netty:netty-transport-native-unix-common:4.1.110.Final) with ExternalDependencyInstrumentingArtifactTransform
Transforming checker-qual-3.43.0.jar (org.checkerframework:checker-qual:3.43.0) with ExternalDependencyInstrumentingArtifactTransform
Transforming javawriter-2.5.0.jar (com.squareup:javawriter:2.5.0) with InstrumentationAnalysisTransform
Transforming apksig-8.10.1.jar (com.android.tools.build:apksig:8.10.1) with ExternalDependencyInstrumentingArtifactTransform
Transforming javawriter-2.5.0.jar (com.squareup:javawriter:2.5.0) with MergeInstrumentationAnalysisTransform
Transforming failureaccess-1.0.2.jar (com.google.guava:failureaccess:1.0.2) with InstrumentationAnalysisTransform
Transforming failureaccess-1.0.2.jar (com.google.guava:failureaccess:1.0.2) with MergeInstrumentationAnalysisTransform
Transforming listenablefuture-9999.0-empty-to-avoid-conflict-with-guava.jar (com.google.guava:listenablefuture:9999.0-empty-to-avoid-conflict-with-guava) with InstrumentationAnalysisTransform
Transforming javawriter-2.5.0.jar (com.squareup:javawriter:2.5.0) with ExternalDependencyInstrumentingArtifactTransform
Transforming listenablefuture-9999.0-empty-to-avoid-conflict-with-guava.jar (com.google.guava:listenablefuture:9999.0-empty-to-avoid-conflict-with-guava) with MergeInstrumentationAnalysisTransform
Transforming commons-logging-1.2.jar (commons-logging:commons-logging:1.2) with InstrumentationAnalysisTransform
Transforming failureaccess-1.0.2.jar (com.google.guava:failureaccess:1.0.2) with ExternalDependencyInstrumentingArtifactTransform
Transforming commons-logging-1.2.jar (commons-logging:commons-logging:1.2) with MergeInstrumentationAnalysisTransform
Transforming listenablefuture-9999.0-empty-to-avoid-conflict-with-guava.jar (com.google.guava:listenablefuture:9999.0-empty-to-avoid-conflict-with-guava) with ExternalDependencyInstrumentingArtifactTransform
Transforming commons-codec-1.11.jar (commons-codec:commons-codec:1.11) with InstrumentationAnalysisTransform
Transforming commons-codec-1.11.jar (commons-codec:commons-codec:1.11) with MergeInstrumentationAnalysisTransform
Transforming jna-5.6.0.jar (net.java.dev.jna:jna:5.6.0) with InstrumentationAnalysisTransform
Transforming commons-logging-1.2.jar (commons-logging:commons-logging:1.2) with ExternalDependencyInstrumentingArtifactTransform
Transforming jna-5.6.0.jar (net.java.dev.jna:jna:5.6.0) with MergeInstrumentationAnalysisTransform
Transforming commons-codec-1.11.jar (commons-codec:commons-codec:1.11) with ExternalDependencyInstrumentingArtifactTransform
Transforming netty-codec-socks-4.1.110.Final.jar (io.netty:netty-codec-socks:4.1.110.Final) with InstrumentationAnalysisTransform
Transforming netty-codec-socks-4.1.110.Final.jar (io.netty:netty-codec-socks:4.1.110.Final) with MergeInstrumentationAnalysisTransform
Transforming netty-codec-4.1.110.Final.jar (io.netty:netty-codec:4.1.110.Final) with InstrumentationAnalysisTransform
Transforming jna-5.6.0.jar (net.java.dev.jna:jna:5.6.0) with ExternalDependencyInstrumentingArtifactTransform
Transforming netty-codec-socks-4.1.110.Final.jar (io.netty:netty-codec-socks:4.1.110.Final) with ExternalDependencyInstrumentingArtifactTransform
Transforming netty-codec-4.1.110.Final.jar (io.netty:netty-codec:4.1.110.Final) with MergeInstrumentationAnalysisTransform
Transforming netty-transport-4.1.110.Final.jar (io.netty:netty-transport:4.1.110.Final) with InstrumentationAnalysisTransform
Transforming netty-transport-4.1.110.Final.jar (io.netty:netty-transport:4.1.110.Final) with MergeInstrumentationAnalysisTransform
Transforming netty-codec-4.1.110.Final.jar (io.netty:netty-codec:4.1.110.Final) with ExternalDependencyInstrumentingArtifactTransform
Transforming netty-buffer-4.1.110.Final.jar (io.netty:netty-buffer:4.1.110.Final) with InstrumentationAnalysisTransform
Transforming netty-buffer-4.1.110.Final.jar (io.netty:netty-buffer:4.1.110.Final) with MergeInstrumentationAnalysisTransform
Transforming netty-resolver-4.1.110.Final.jar (io.netty:netty-resolver:4.1.110.Final) with InstrumentationAnalysisTransform
Transforming netty-transport-4.1.110.Final.jar (io.netty:netty-transport:4.1.110.Final) with ExternalDependencyInstrumentingArtifactTransform
Transforming netty-resolver-4.1.110.Final.jar (io.netty:netty-resolver:4.1.110.Final) with MergeInstrumentationAnalysisTransform
Transforming netty-buffer-4.1.110.Final.jar (io.netty:netty-buffer:4.1.110.Final) with ExternalDependencyInstrumentingArtifactTransform
Transforming netty-common-4.1.110.Final.jar (io.netty:netty-common:4.1.110.Final) with InstrumentationAnalysisTransform
Transforming netty-resolver-4.1.110.Final.jar (io.netty:netty-resolver:4.1.110.Final) with ExternalDependencyInstrumentingArtifactTransform
Transforming netty-common-4.1.110.Final.jar (io.netty:netty-common:4.1.110.Final) with MergeInstrumentationAnalysisTransform
Transforming netty-common-4.1.110.Final.jar (io.netty:netty-common:4.1.110.Final) with ExternalDependencyInstrumentingArtifactTransform
Transforming plugins.jar (project :build-logic:plugins) with ProjectDependencyInstrumentingArtifactTransform
Transforming tools.jar (project :build-logic:tools) with ProjectDependencyInstrumentingArtifactTransform
Using default execution profile
Using Kotlin Gradle Plugin gradle811 variant

> Configure project :core-util-jvm
Evaluating project ':core-util-jvm' using build file '/home/lollerfirst/Signal-Android/core-util-jvm/build.gradle.kts'.
Transforming classes with InstrumentationAnalysisTransform
Transforming classes with InstrumentationAnalysisTransform
Transforming gradle-8.10.1.jar (com.android.tools.build:gradle:8.10.1) with InstrumentationAnalysisTransform
Transforming gradle-settings-api-8.10.1.jar (com.android.tools.build:gradle-settings-api:8.10.1) with InstrumentationAnalysisTransform
Transforming lint-model-31.10.1.jar (com.android.tools.lint:lint-model:31.10.1) with InstrumentationAnalysisTransform
Transforming builder-8.10.1.jar (com.android.tools.build:builder:8.10.1) with InstrumentationAnalysisTransform
Transforming manifest-merger-31.10.1.jar (com.android.tools.build:manifest-merger:31.10.1) with InstrumentationAnalysisTransform
Transforming sdk-common-31.10.1.jar (com.android.tools:sdk-common:31.10.1) with InstrumentationAnalysisTransform
Transforming sdklib-31.10.1.jar (com.android.tools:sdklib:31.10.1) with InstrumentationAnalysisTransform
Transforming repository-31.10.1.jar (com.android.tools:repository:31.10.1) with InstrumentationAnalysisTransform
Transforming aaptcompiler-8.10.1.jar (com.android.tools.build:aaptcompiler:8.10.1) with InstrumentationAnalysisTransform
Transforming tracker-31.10.1.jar (com.android.tools.analytics-library:tracker:31.10.1) with InstrumentationAnalysisTransform
Transforming shared-31.10.1.jar (com.android.tools.analytics-library:shared:31.10.1) with InstrumentationAnalysisTransform
Transforming databinding-compiler-common-8.10.1.jar (androidx.databinding:databinding-compiler-common:8.10.1) with InstrumentationAnalysisTransform
Transforming android-test-plugin-host-emulator-control-proto-31.10.1.jar (com.android.tools.utp:android-test-plugin-host-emulator-control-proto:31.10.1) with InstrumentationAnalysisTransform
Transforming builder-model-8.10.1.jar (com.android.tools.build:builder-model:8.10.1) with InstrumentationAnalysisTransform
Transforming gradle-api-8.10.1.jar (com.android.tools.build:gradle-api:8.10.1) with InstrumentationAnalysisTransform
Transforming builder-test-api-8.10.1.jar (com.android.tools.build:builder-test-api:8.10.1) with InstrumentationAnalysisTransform
Transforming ddmlib-31.10.1.jar (com.android.tools.ddms:ddmlib:31.10.1) with InstrumentationAnalysisTransform
Transforming layoutlib-api-31.10.1.jar (com.android.tools.layoutlib:layoutlib-api:31.10.1) with InstrumentationAnalysisTransform
Transforming dvlib-31.10.1.jar (com.android.tools:dvlib:31.10.1) with InstrumentationAnalysisTransform
Transforming common-31.10.1.jar (com.android.tools:common:31.10.1) with InstrumentationAnalysisTransform
Transforming kotlin-stdlib-jdk8-2.1.0.jar (org.jetbrains.kotlin:kotlin-stdlib-jdk8:2.1.0) with InstrumentationAnalysisTransform
Transforming jetifier-processor-1.0.0-beta10.jar (com.android.tools.build.jetifier:jetifier-processor:1.0.0-beta10) with InstrumentationAnalysisTransform
Transforming jetifier-core-1.0.0-beta10.jar (com.android.tools.build.jetifier:jetifier-core:1.0.0-beta10) with InstrumentationAnalysisTransform
Transforming kotlin-reflect-2.0.20.jar (org.jetbrains.kotlin:kotlin-reflect:2.0.20) with InstrumentationAnalysisTransform
Transforming kotlin-stdlib-jdk7-2.1.0.jar (org.jetbrains.kotlin:kotlin-stdlib-jdk7:2.1.0) with InstrumentationAnalysisTransform
Transforming kotlin-stdlib-2.0.20.jar (org.jetbrains.kotlin:kotlin-stdlib:2.0.20) with InstrumentationAnalysisTransform
Transforming annotations-13.0.jar (org.jetbrains:annotations:13.0) with InstrumentationAnalysisTransform
Transforming kotlin-gradle-plugin-model-2.2.20.jar (org.jetbrains.kotlin:kotlin-gradle-plugin-model:2.2.20) with InstrumentationAnalysisTransform
Transforming fus-statistics-gradle-plugin-2.2.20-gradle811.jar (org.jetbrains.kotlin:fus-statistics-gradle-plugin:2.2.20) with InstrumentationAnalysisTransform
Transforming kotlin-gradle-plugin-api-2.2.20.jar (org.jetbrains.kotlin:kotlin-gradle-plugin-api:2.2.20) with InstrumentationAnalysisTransform
Transforming kotlin-gradle-plugin-api-2.2.20-gradle811.jar (org.jetbrains.kotlin:kotlin-gradle-plugin-api:2.2.20) with InstrumentationAnalysisTransform
Transforming kotlin-gradle-plugin-2.2.20-gradle811.jar (org.jetbrains.kotlin:kotlin-gradle-plugin:2.2.20) with InstrumentationAnalysisTransform
Transforming ktlint-gradle-12.1.1.jar (org.jlleitschuh.gradle:ktlint-gradle:12.1.1) with InstrumentationAnalysisTransform
Transforming kotlin-gradle-plugin-idea-proto-2.2.20.jar (org.jetbrains.kotlin:kotlin-gradle-plugin-idea-proto:2.2.20) with InstrumentationAnalysisTransform
Transforming kotlin-gradle-plugin-idea-2.2.20.jar (org.jetbrains.kotlin:kotlin-gradle-plugin-idea:2.2.20) with InstrumentationAnalysisTransform
Transforming kotlin-klib-commonizer-api-2.2.20.jar (org.jetbrains.kotlin:kotlin-klib-commonizer-api:2.2.20) with InstrumentationAnalysisTransform
Transforming kotlin-build-statistics-2.2.20.jar (org.jetbrains.kotlin:kotlin-build-statistics:2.2.20) with InstrumentationAnalysisTransform
Transforming kotlin-util-klib-metadata-2.2.20.jar (org.jetbrains.kotlin:kotlin-util-klib-metadata:2.2.20) with InstrumentationAnalysisTransform
Transforming abi-tools-api-2.2.20.jar (org.jetbrains.kotlin:abi-tools-api:2.2.20) with InstrumentationAnalysisTransform
Transforming kotlin-compiler-runner-2.2.20.jar (org.jetbrains.kotlin:kotlin-compiler-runner:2.2.20) with InstrumentationAnalysisTransform
Transforming dnsjava-2.1.9.jar (dnsjava:dnsjava:2.1.9) with InstrumentationAnalysisTransform
Transforming kotlin-gradle-plugin-annotations-2.2.20.jar (org.jetbrains.kotlin:kotlin-gradle-plugin-annotations:2.2.20) with InstrumentationAnalysisTransform
Transforming kotlin-native-utils-2.2.20.jar (org.jetbrains.kotlin:kotlin-native-utils:2.2.20) with InstrumentationAnalysisTransform
Transforming kotlin-tooling-core-2.2.20.jar (org.jetbrains.kotlin:kotlin-tooling-core:2.2.20) with InstrumentationAnalysisTransform
Transforming kotlin-build-tools-api-2.2.20.jar (org.jetbrains.kotlin:kotlin-build-tools-api:2.2.20) with InstrumentationAnalysisTransform
Transforming android-test-plugin-result-listener-gradle-proto-31.10.1.jar (com.android.tools.utp:android-test-plugin-result-listener-gradle-proto:31.10.1) with InstrumentationAnalysisTransform
Transforming bundletool-1.18.0.jar (com.android.tools.build:bundletool:1.18.0) with InstrumentationAnalysisTransform
Transforming protobuf-java-util-3.25.5.jar (com.google.protobuf:protobuf-java-util:3.25.5) with InstrumentationAnalysisTransform
Transforming grpc-netty-1.69.1.jar (io.grpc:grpc-netty:1.69.1) with InstrumentationAnalysisTransform
Transforming grpc-inprocess-1.69.1.jar (io.grpc:grpc-inprocess:1.69.1) with InstrumentationAnalysisTransform
Transforming grpc-util-1.69.1.jar (io.grpc:grpc-util:1.69.1) with InstrumentationAnalysisTransform
Transforming grpc-core-1.69.1.jar (io.grpc:grpc-core:1.69.1) with InstrumentationAnalysisTransform
Transforming tink-1.7.0.jar (com.google.crypto.tink:tink:1.7.0) with InstrumentationAnalysisTransform
Transforming gson-2.11.0.jar (com.google.code.gson:gson:2.11.0) with InstrumentationAnalysisTransform
Transforming kotlin-util-klib-2.2.20.jar (org.jetbrains.kotlin:kotlin-util-klib:2.2.20) with InstrumentationAnalysisTransform
Transforming kotlin-util-io-2.2.20.jar (org.jetbrains.kotlin:kotlin-util-io:2.2.20) with InstrumentationAnalysisTransform
Transforming kotlin-daemon-client-2.2.20.jar (org.jetbrains.kotlin:kotlin-daemon-client:2.2.20) with InstrumentationAnalysisTransform
Transforming kotlinx-coroutines-core-jvm-1.8.0.jar (org.jetbrains.kotlinx:kotlinx-coroutines-core-jvm:1.8.0) with InstrumentationAnalysisTransform
Transforming aapt2-proto-8.10.1-12782657.jar (com.android.tools.build:aapt2-proto:8.10.1-12782657) with InstrumentationAnalysisTransform
Transforming crash-31.10.1.jar (com.android.tools.analytics-library:crash:31.10.1) with InstrumentationAnalysisTransform
Transforming lint-typedef-remover-31.10.1.jar (com.android.tools.lint:lint-typedef-remover:31.10.1) with InstrumentationAnalysisTransform
Transforming databinding-common-8.10.1.jar (androidx.databinding:databinding-common:8.10.1) with InstrumentationAnalysisTransform
Transforming baseLibrary-8.10.1.jar (com.android.databinding:baseLibrary:8.10.1) with InstrumentationAnalysisTransform
Transforming android-device-provider-ddmlib-proto-31.10.1.jar (com.android.tools.utp:android-device-provider-ddmlib-proto:31.10.1) with InstrumentationAnalysisTransform
Transforming android-device-provider-gradle-proto-31.10.1.jar (com.android.tools.utp:android-device-provider-gradle-proto:31.10.1) with InstrumentationAnalysisTransform
Transforming android-device-provider-profile-proto-31.10.1.jar (com.android.tools.utp:android-device-provider-profile-proto:31.10.1) with InstrumentationAnalysisTransform
Transforming android-test-plugin-host-additional-test-output-proto-31.10.1.jar (com.android.tools.utp:android-test-plugin-host-additional-test-output-proto:31.10.1) with InstrumentationAnalysisTransform
Transforming android-test-plugin-host-coverage-proto-31.10.1.jar (com.android.tools.utp:android-test-plugin-host-coverage-proto:31.10.1) with InstrumentationAnalysisTransform
Transforming android-test-plugin-host-logcat-proto-31.10.1.jar (com.android.tools.utp:android-test-plugin-host-logcat-proto:31.10.1) with InstrumentationAnalysisTransform
Transforming android-test-plugin-host-apk-installer-proto-31.10.1.jar (com.android.tools.utp:android-test-plugin-host-apk-installer-proto:31.10.1) with InstrumentationAnalysisTransform
Transforming transform-api-2.0.0-deprecated-use-gradle-api.jar (com.android.tools.build:transform-api:2.0.0-deprecated-use-gradle-api) with InstrumentationAnalysisTransform
Transforming httpmime-4.5.6.jar (org.apache.httpcomponents:httpmime:4.5.6) with InstrumentationAnalysisTransform
Transforming commons-io-2.16.1.jar (commons-io:commons-io:2.16.1) with InstrumentationAnalysisTransform
Transforming asm-commons-9.7.1.jar (org.ow2.asm:asm-commons:9.7.1) with InstrumentationAnalysisTransform
Transforming asm-util-9.7.1.jar (org.ow2.asm:asm-util:9.7.1) with InstrumentationAnalysisTransform
Transforming asm-analysis-9.7.1.jar (org.ow2.asm:asm-analysis:9.7.1) with InstrumentationAnalysisTransform
Transforming asm-tree-9.7.1.jar (org.ow2.asm:asm-tree:9.7.1) with InstrumentationAnalysisTransform
Transforming asm-9.7.1.jar (org.ow2.asm:asm:9.7.1) with InstrumentationAnalysisTransform
Transforming apkzlib-8.10.1.jar (com.android.tools.build:apkzlib:8.10.1) with InstrumentationAnalysisTransform
Transforming bcpkix-jdk18on-1.79.jar (org.bouncycastle:bcpkix-jdk18on:1.79) with InstrumentationAnalysisTransform
Transforming jaxb-runtime-2.3.2.jar (org.glassfish.jaxb:jaxb-runtime:2.3.2) with InstrumentationAnalysisTransform
Transforming jopt-simple-4.9.jar (net.sf.jopt-simple:jopt-simple:4.9) with InstrumentationAnalysisTransform
Transforming javapoet-1.10.0.jar (com.squareup:javapoet:1.10.0) with InstrumentationAnalysisTransform
Transforming grpc-protobuf-1.69.1.jar (io.grpc:grpc-protobuf:1.69.1) with InstrumentationAnalysisTransform
Transforming core-proto-0.0.9-alpha03.jar (com.google.testing.platform:core-proto:0.0.9-alpha03) with InstrumentationAnalysisTransform
Transforming protos-31.10.1.jar (com.android.tools.analytics-library:protos:31.10.1) with InstrumentationAnalysisTransform
Transforming proto-google-common-protos-2.48.0.jar (com.google.api.grpc:proto-google-common-protos:2.48.0) with InstrumentationAnalysisTransform
Transforming protobuf-java-3.25.5.jar (com.google.protobuf:protobuf-java:3.25.5) with InstrumentationAnalysisTransform
Transforming grpc-stub-1.69.1.jar (io.grpc:grpc-stub:1.69.1) with InstrumentationAnalysisTransform
Transforming tensorflow-lite-metadata-0.2.0.jar (org.tensorflow:tensorflow-lite-metadata:0.2.0) with InstrumentationAnalysisTransform
Transforming flatbuffers-java-1.12.0.jar (com.google.flatbuffers:flatbuffers-java:1.12.0) with InstrumentationAnalysisTransform
Transforming jimfs-1.1.jar (com.google.jimfs:jimfs:1.1) with InstrumentationAnalysisTransform
Transforming grpc-context-1.69.1.jar (io.grpc:grpc-context:1.69.1) with InstrumentationAnalysisTransform
Transforming grpc-protobuf-lite-1.69.1.jar (io.grpc:grpc-protobuf-lite:1.69.1) with InstrumentationAnalysisTransform
Transforming grpc-api-1.69.1.jar (io.grpc:grpc-api:1.69.1) with InstrumentationAnalysisTransform
Transforming guava-33.3.1-jre.jar (com.google.guava:guava:33.3.1-jre) with InstrumentationAnalysisTransform
Transforming error_prone_annotations-2.30.0.jar (com.google.errorprone:error_prone_annotations:2.30.0) with InstrumentationAnalysisTransform
Transforming dagger-2.28.3.jar (com.google.dagger:dagger:2.28.3) with InstrumentationAnalysisTransform
Transforming javax.inject-1.jar (javax.inject:javax.inject:1) with InstrumentationAnalysisTransform
Transforming kxml2-2.3.0.jar (net.sf.kxml:kxml2:2.3.0) with InstrumentationAnalysisTransform
Transforming commons-compress-1.21.jar (org.apache.commons:commons-compress:1.21) with InstrumentationAnalysisTransform
Transforming bcutil-jdk18on-1.79.jar (org.bouncycastle:bcutil-jdk18on:1.79) with InstrumentationAnalysisTransform
Transforming bcprov-jdk18on-1.79.jar (org.bouncycastle:bcprov-jdk18on:1.79) with InstrumentationAnalysisTransform
Transforming httpclient-4.5.14.jar (org.apache.httpcomponents:httpclient:4.5.14) with InstrumentationAnalysisTransform
Transforming httpcore-4.4.16.jar (org.apache.httpcomponents:httpcore:4.4.16) with InstrumentationAnalysisTransform
Transforming javax.activation-1.2.0.jar (com.sun.activation:javax.activation:1.2.0) with InstrumentationAnalysisTransform
Transforming signflinger-8.10.1.jar (com.android:signflinger:8.10.1) with InstrumentationAnalysisTransform
Transforming zipflinger-8.10.1.jar (com.android:zipflinger:8.10.1) with InstrumentationAnalysisTransform
Transforming annotations-31.10.1.jar (com.android.tools:annotations:31.10.1) with InstrumentationAnalysisTransform
Transforming jna-platform-5.6.0.jar (net.java.dev.jna:jna-platform:5.6.0) with InstrumentationAnalysisTransform
Transforming juniversalchardet-1.0.3.jar (com.googlecode.juniversalchardet:juniversalchardet:1.0.3) with InstrumentationAnalysisTransform
Transforming javax.annotation-api-1.3.2.jar (javax.annotation:javax.annotation-api:1.3.2) with InstrumentationAnalysisTransform
Transforming stax-ex-1.8.1.jar (org.jvnet.staxex:stax-ex:1.8.1) with InstrumentationAnalysisTransform
Transforming jakarta.xml.bind-api-2.3.2.jar (jakarta.xml.bind:jakarta.xml.bind-api:2.3.2) with InstrumentationAnalysisTransform
Transforming txw2-2.3.2.jar (org.glassfish.jaxb:txw2:2.3.2) with InstrumentationAnalysisTransform
Transforming istack-commons-runtime-3.0.8.jar (com.sun.istack:istack-commons-runtime:3.0.8) with InstrumentationAnalysisTransform
Transforming FastInfoset-1.2.16.jar (com.sun.xml.fastinfoset:FastInfoset:1.2.16) with InstrumentationAnalysisTransform
Transforming jakarta.activation-api-1.2.1.jar (jakarta.activation:jakarta.activation-api:1.2.1) with InstrumentationAnalysisTransform
Transforming auto-value-annotations-1.6.2.jar (com.google.auto.value:auto-value-annotations:1.6.2) with InstrumentationAnalysisTransform
Transforming jose4j-0.9.5.jar (org.bitbucket.b_c:jose4j:0.9.5) with InstrumentationAnalysisTransform
Transforming slf4j-api-1.7.30.jar (org.slf4j:slf4j-api:1.7.30) with InstrumentationAnalysisTransform
Transforming jdom2-2.0.6.jar (org.jdom:jdom2:2.0.6) with InstrumentationAnalysisTransform
Transforming jsr305-3.0.2.jar (com.google.code.findbugs:jsr305:3.0.2) with InstrumentationAnalysisTransform
Transforming j2objc-annotations-3.0.0.jar (com.google.j2objc:j2objc-annotations:3.0.0) with InstrumentationAnalysisTransform
Transforming annotations-4.1.1.4.jar (com.google.android:annotations:4.1.1.4) with InstrumentationAnalysisTransform
Transforming animal-sniffer-annotations-1.24.jar (org.codehaus.mojo:animal-sniffer-annotations:1.24) with InstrumentationAnalysisTransform
Transforming perfmark-api-0.27.0.jar (io.perfmark:perfmark-api:0.27.0) with InstrumentationAnalysisTransform
Transforming netty-codec-http2-4.1.110.Final.jar (io.netty:netty-codec-http2:4.1.110.Final) with InstrumentationAnalysisTransform
Transforming netty-handler-proxy-4.1.110.Final.jar (io.netty:netty-handler-proxy:4.1.110.Final) with InstrumentationAnalysisTransform
Transforming netty-codec-http-4.1.110.Final.jar (io.netty:netty-codec-http:4.1.110.Final) with InstrumentationAnalysisTransform
Transforming netty-handler-4.1.110.Final.jar (io.netty:netty-handler:4.1.110.Final) with InstrumentationAnalysisTransform
Transforming netty-transport-native-unix-common-4.1.110.Final.jar (io.netty:netty-transport-native-unix-common:4.1.110.Final) with InstrumentationAnalysisTransform
Transforming checker-qual-3.43.0.jar (org.checkerframework:checker-qual:3.43.0) with InstrumentationAnalysisTransform
Transforming apksig-8.10.1.jar (com.android.tools.build:apksig:8.10.1) with InstrumentationAnalysisTransform
Transforming javawriter-2.5.0.jar (com.squareup:javawriter:2.5.0) with InstrumentationAnalysisTransform
Transforming failureaccess-1.0.2.jar (com.google.guava:failureaccess:1.0.2) with InstrumentationAnalysisTransform
Transforming listenablefuture-9999.0-empty-to-avoid-conflict-with-guava.jar (com.google.guava:listenablefuture:9999.0-empty-to-avoid-conflict-with-guava) with InstrumentationAnalysisTransform
Transforming commons-logging-1.2.jar (commons-logging:commons-logging:1.2) with InstrumentationAnalysisTransform
Transforming commons-codec-1.11.jar (commons-codec:commons-codec:1.11) with InstrumentationAnalysisTransform
Transforming jna-5.6.0.jar (net.java.dev.jna:jna:5.6.0) with InstrumentationAnalysisTransform
Transforming netty-codec-socks-4.1.110.Final.jar (io.netty:netty-codec-socks:4.1.110.Final) with InstrumentationAnalysisTransform
Transforming netty-codec-4.1.110.Final.jar (io.netty:netty-codec:4.1.110.Final) with InstrumentationAnalysisTransform
Transforming netty-transport-4.1.110.Final.jar (io.netty:netty-transport:4.1.110.Final) with InstrumentationAnalysisTransform
Transforming netty-buffer-4.1.110.Final.jar (io.netty:netty-buffer:4.1.110.Final) with InstrumentationAnalysisTransform
Transforming netty-resolver-4.1.110.Final.jar (io.netty:netty-resolver:4.1.110.Final) with InstrumentationAnalysisTransform
Transforming netty-common-4.1.110.Final.jar (io.netty:netty-common:4.1.110.Final) with InstrumentationAnalysisTransform
Transforming main (project :build-logic:plugins) with InstrumentationAnalysisTransform
Transforming main (project :build-logic:plugins) with InstrumentationAnalysisTransform
Transforming main (project :build-logic:plugins) with InstrumentationAnalysisTransform
Transforming main (project :build-logic:tools) with InstrumentationAnalysisTransform
Transforming main (project :build-logic:tools) with InstrumentationAnalysisTransform
Transforming classes with InstrumentationAnalysisTransform
Transforming classes with MergeInstrumentationAnalysisTransform
Transforming classes with InstrumentationAnalysisTransform
Transforming classes with MergeInstrumentationAnalysisTransform
Transforming gradle-8.10.1.jar (com.android.tools.build:gradle:8.10.1) with InstrumentationAnalysisTransform
Transforming classes with ExternalDependencyInstrumentingArtifactTransform
Transforming gradle-8.10.1.jar (com.android.tools.build:gradle:8.10.1) with MergeInstrumentationAnalysisTransform
Transforming gradle-settings-api-8.10.1.jar (com.android.tools.build:gradle-settings-api:8.10.1) with InstrumentationAnalysisTransform
Transforming gradle-settings-api-8.10.1.jar (com.android.tools.build:gradle-settings-api:8.10.1) with MergeInstrumentationAnalysisTransform
Transforming lint-model-31.10.1.jar (com.android.tools.lint:lint-model:31.10.1) with InstrumentationAnalysisTransform
Transforming lint-model-31.10.1.jar (com.android.tools.lint:lint-model:31.10.1) with MergeInstrumentationAnalysisTransform
Transforming builder-8.10.1.jar (com.android.tools.build:builder:8.10.1) with InstrumentationAnalysisTransform
Transforming builder-8.10.1.jar (com.android.tools.build:builder:8.10.1) with MergeInstrumentationAnalysisTransform
Transforming manifest-merger-31.10.1.jar (com.android.tools.build:manifest-merger:31.10.1) with InstrumentationAnalysisTransform
Transforming manifest-merger-31.10.1.jar (com.android.tools.build:manifest-merger:31.10.1) with MergeInstrumentationAnalysisTransform
Transforming sdk-common-31.10.1.jar (com.android.tools:sdk-common:31.10.1) with InstrumentationAnalysisTransform
Transforming sdk-common-31.10.1.jar (com.android.tools:sdk-common:31.10.1) with MergeInstrumentationAnalysisTransform
Transforming sdklib-31.10.1.jar (com.android.tools:sdklib:31.10.1) with InstrumentationAnalysisTransform
Transforming sdklib-31.10.1.jar (com.android.tools:sdklib:31.10.1) with MergeInstrumentationAnalysisTransform
Transforming repository-31.10.1.jar (com.android.tools:repository:31.10.1) with InstrumentationAnalysisTransform
Transforming classes with ExternalDependencyInstrumentingArtifactTransform
Transforming repository-31.10.1.jar (com.android.tools:repository:31.10.1) with MergeInstrumentationAnalysisTransform
Transforming builder-8.10.1.jar (com.android.tools.build:builder:8.10.1) with ExternalDependencyInstrumentingArtifactTransform
Transforming gradle-settings-api-8.10.1.jar (com.android.tools.build:gradle-settings-api:8.10.1) with ExternalDependencyInstrumentingArtifactTransform
Transforming gradle-8.10.1.jar (com.android.tools.build:gradle:8.10.1) with ExternalDependencyInstrumentingArtifactTransform
Transforming aaptcompiler-8.10.1.jar (com.android.tools.build:aaptcompiler:8.10.1) with InstrumentationAnalysisTransform
Transforming aaptcompiler-8.10.1.jar (com.android.tools.build:aaptcompiler:8.10.1) with MergeInstrumentationAnalysisTransform
Transforming sdk-common-31.10.1.jar (com.android.tools:sdk-common:31.10.1) with ExternalDependencyInstrumentingArtifactTransform
Transforming tracker-31.10.1.jar (com.android.tools.analytics-library:tracker:31.10.1) with InstrumentationAnalysisTransform
Transforming lint-model-31.10.1.jar (com.android.tools.lint:lint-model:31.10.1) with ExternalDependencyInstrumentingArtifactTransform
Transforming aaptcompiler-8.10.1.jar (com.android.tools.build:aaptcompiler:8.10.1) with ExternalDependencyInstrumentingArtifactTransform
Transforming sdklib-31.10.1.jar (com.android.tools:sdklib:31.10.1) with ExternalDependencyInstrumentingArtifactTransform
Transforming manifest-merger-31.10.1.jar (com.android.tools.build:manifest-merger:31.10.1) with ExternalDependencyInstrumentingArtifactTransform
Transforming tracker-31.10.1.jar (com.android.tools.analytics-library:tracker:31.10.1) with MergeInstrumentationAnalysisTransform
Transforming shared-31.10.1.jar (com.android.tools.analytics-library:shared:31.10.1) with InstrumentationAnalysisTransform
Transforming shared-31.10.1.jar (com.android.tools.analytics-library:shared:31.10.1) with MergeInstrumentationAnalysisTransform
Transforming databinding-compiler-common-8.10.1.jar (androidx.databinding:databinding-compiler-common:8.10.1) with InstrumentationAnalysisTransform
Transforming databinding-compiler-common-8.10.1.jar (androidx.databinding:databinding-compiler-common:8.10.1) with MergeInstrumentationAnalysisTransform
Transforming android-test-plugin-host-emulator-control-proto-31.10.1.jar (com.android.tools.utp:android-test-plugin-host-emulator-control-proto:31.10.1) with InstrumentationAnalysisTransform
Transforming android-test-plugin-host-emulator-control-proto-31.10.1.jar (com.android.tools.utp:android-test-plugin-host-emulator-control-proto:31.10.1) with MergeInstrumentationAnalysisTransform
Transforming builder-model-8.10.1.jar (com.android.tools.build:builder-model:8.10.1) with InstrumentationAnalysisTransform
Transforming builder-model-8.10.1.jar (com.android.tools.build:builder-model:8.10.1) with MergeInstrumentationAnalysisTransform
Transforming gradle-api-8.10.1.jar (com.android.tools.build:gradle-api:8.10.1) with InstrumentationAnalysisTransform
Transforming gradle-api-8.10.1.jar (com.android.tools.build:gradle-api:8.10.1) with MergeInstrumentationAnalysisTransform
Transforming builder-test-api-8.10.1.jar (com.android.tools.build:builder-test-api:8.10.1) with InstrumentationAnalysisTransform
Transforming databinding-compiler-common-8.10.1.jar (androidx.databinding:databinding-compiler-common:8.10.1) with ExternalDependencyInstrumentingArtifactTransform
Transforming builder-test-api-8.10.1.jar (com.android.tools.build:builder-test-api:8.10.1) with MergeInstrumentationAnalysisTransform
Transforming shared-31.10.1.jar (com.android.tools.analytics-library:shared:31.10.1) with ExternalDependencyInstrumentingArtifactTransform
Transforming builder-model-8.10.1.jar (com.android.tools.build:builder-model:8.10.1) with ExternalDependencyInstrumentingArtifactTransform
Transforming tracker-31.10.1.jar (com.android.tools.analytics-library:tracker:31.10.1) with ExternalDependencyInstrumentingArtifactTransform
Transforming ddmlib-31.10.1.jar (com.android.tools.ddms:ddmlib:31.10.1) with InstrumentationAnalysisTransform
Transforming android-test-plugin-host-emulator-control-proto-31.10.1.jar (com.android.tools.utp:android-test-plugin-host-emulator-control-proto:31.10.1) with ExternalDependencyInstrumentingArtifactTransform
Transforming ddmlib-31.10.1.jar (com.android.tools.ddms:ddmlib:31.10.1) with MergeInstrumentationAnalysisTransform
Transforming layoutlib-api-31.10.1.jar (com.android.tools.layoutlib:layoutlib-api:31.10.1) with InstrumentationAnalysisTransform
Transforming layoutlib-api-31.10.1.jar (com.android.tools.layoutlib:layoutlib-api:31.10.1) with MergeInstrumentationAnalysisTransform
Transforming dvlib-31.10.1.jar (com.android.tools:dvlib:31.10.1) with InstrumentationAnalysisTransform
Transforming dvlib-31.10.1.jar (com.android.tools:dvlib:31.10.1) with MergeInstrumentationAnalysisTransform
Transforming ddmlib-31.10.1.jar (com.android.tools.ddms:ddmlib:31.10.1) with ExternalDependencyInstrumentingArtifactTransform
Transforming common-31.10.1.jar (com.android.tools:common:31.10.1) with InstrumentationAnalysisTransform
Transforming common-31.10.1.jar (com.android.tools:common:31.10.1) with MergeInstrumentationAnalysisTransform
Transforming kotlin-stdlib-jdk8-2.1.0.jar (org.jetbrains.kotlin:kotlin-stdlib-jdk8:2.1.0) with InstrumentationAnalysisTransform
Transforming kotlin-stdlib-jdk8-2.1.0.jar (org.jetbrains.kotlin:kotlin-stdlib-jdk8:2.1.0) with MergeInstrumentationAnalysisTransform
Transforming dvlib-31.10.1.jar (com.android.tools:dvlib:31.10.1) with ExternalDependencyInstrumentingArtifactTransform
Transforming jetifier-processor-1.0.0-beta10.jar (com.android.tools.build.jetifier:jetifier-processor:1.0.0-beta10) with InstrumentationAnalysisTransform
Transforming common-31.10.1.jar (com.android.tools:common:31.10.1) with ExternalDependencyInstrumentingArtifactTransform
Transforming gradle-api-8.10.1.jar (com.android.tools.build:gradle-api:8.10.1) with ExternalDependencyInstrumentingArtifactTransform
Transforming layoutlib-api-31.10.1.jar (com.android.tools.layoutlib:layoutlib-api:31.10.1) with ExternalDependencyInstrumentingArtifactTransform
Transforming repository-31.10.1.jar (com.android.tools:repository:31.10.1) with ExternalDependencyInstrumentingArtifactTransform
Transforming jetifier-processor-1.0.0-beta10.jar (com.android.tools.build.jetifier:jetifier-processor:1.0.0-beta10) with MergeInstrumentationAnalysisTransform
Transforming kotlin-stdlib-jdk8-2.1.0.jar (org.jetbrains.kotlin:kotlin-stdlib-jdk8:2.1.0) with ExternalDependencyInstrumentingArtifactTransform
Transforming builder-test-api-8.10.1.jar (com.android.tools.build:builder-test-api:8.10.1) with ExternalDependencyInstrumentingArtifactTransform
Transforming jetifier-core-1.0.0-beta10.jar (com.android.tools.build.jetifier:jetifier-core:1.0.0-beta10) with InstrumentationAnalysisTransform
Transforming jetifier-core-1.0.0-beta10.jar (com.android.tools.build.jetifier:jetifier-core:1.0.0-beta10) with MergeInstrumentationAnalysisTransform
Transforming kotlin-reflect-2.0.20.jar (org.jetbrains.kotlin:kotlin-reflect:2.0.20) with InstrumentationAnalysisTransform
Transforming kotlin-reflect-2.0.20.jar (org.jetbrains.kotlin:kotlin-reflect:2.0.20) with MergeInstrumentationAnalysisTransform
Transforming kotlin-stdlib-jdk7-2.1.0.jar (org.jetbrains.kotlin:kotlin-stdlib-jdk7:2.1.0) with InstrumentationAnalysisTransform
Transforming jetifier-processor-1.0.0-beta10.jar (com.android.tools.build.jetifier:jetifier-processor:1.0.0-beta10) with ExternalDependencyInstrumentingArtifactTransform
Transforming kotlin-stdlib-jdk7-2.1.0.jar (org.jetbrains.kotlin:kotlin-stdlib-jdk7:2.1.0) with MergeInstrumentationAnalysisTransform
Transforming kotlin-stdlib-2.0.20.jar (org.jetbrains.kotlin:kotlin-stdlib:2.0.20) with InstrumentationAnalysisTransform
Transforming kotlin-stdlib-2.0.20.jar (org.jetbrains.kotlin:kotlin-stdlib:2.0.20) with MergeInstrumentationAnalysisTransform
Transforming annotations-13.0.jar (org.jetbrains:annotations:13.0) with InstrumentationAnalysisTransform
Transforming jetifier-core-1.0.0-beta10.jar (com.android.tools.build.jetifier:jetifier-core:1.0.0-beta10) with ExternalDependencyInstrumentingArtifactTransform
Transforming kotlin-reflect-2.0.20.jar (org.jetbrains.kotlin:kotlin-reflect:2.0.20) with ExternalDependencyInstrumentingArtifactTransform
Transforming kotlin-stdlib-jdk7-2.1.0.jar (org.jetbrains.kotlin:kotlin-stdlib-jdk7:2.1.0) with ExternalDependencyInstrumentingArtifactTransform
Transforming kotlin-stdlib-2.0.20.jar (org.jetbrains.kotlin:kotlin-stdlib:2.0.20) with ExternalDependencyInstrumentingArtifactTransform
Transforming annotations-13.0.jar (org.jetbrains:annotations:13.0) with MergeInstrumentationAnalysisTransform
Transforming kotlin-gradle-plugin-model-2.2.20.jar (org.jetbrains.kotlin:kotlin-gradle-plugin-model:2.2.20) with InstrumentationAnalysisTransform
Transforming kotlin-gradle-plugin-model-2.2.20.jar (org.jetbrains.kotlin:kotlin-gradle-plugin-model:2.2.20) with MergeInstrumentationAnalysisTransform
Transforming fus-statistics-gradle-plugin-2.2.20-gradle811.jar (org.jetbrains.kotlin:fus-statistics-gradle-plugin:2.2.20) with InstrumentationAnalysisTransform
Transforming fus-statistics-gradle-plugin-2.2.20-gradle811.jar (org.jetbrains.kotlin:fus-statistics-gradle-plugin:2.2.20) with MergeInstrumentationAnalysisTransform
Transforming kotlin-gradle-plugin-api-2.2.20.jar (org.jetbrains.kotlin:kotlin-gradle-plugin-api:2.2.20) with InstrumentationAnalysisTransform
Transforming kotlin-gradle-plugin-api-2.2.20.jar (org.jetbrains.kotlin:kotlin-gradle-plugin-api:2.2.20) with MergeInstrumentationAnalysisTransform
Transforming kotlin-gradle-plugin-api-2.2.20-gradle811.jar (org.jetbrains.kotlin:kotlin-gradle-plugin-api:2.2.20) with InstrumentationAnalysisTransform
Transforming kotlin-gradle-plugin-api-2.2.20-gradle811.jar (org.jetbrains.kotlin:kotlin-gradle-plugin-api:2.2.20) with MergeInstrumentationAnalysisTransform
Transforming kotlin-gradle-plugin-2.2.20-gradle811.jar (org.jetbrains.kotlin:kotlin-gradle-plugin:2.2.20) with InstrumentationAnalysisTransform
Transforming kotlin-gradle-plugin-2.2.20-gradle811.jar (org.jetbrains.kotlin:kotlin-gradle-plugin:2.2.20) with MergeInstrumentationAnalysisTransform
Transforming ktlint-gradle-12.1.1.jar (org.jlleitschuh.gradle:ktlint-gradle:12.1.1) with InstrumentationAnalysisTransform
Transforming ktlint-gradle-12.1.1.jar (org.jlleitschuh.gradle:ktlint-gradle:12.1.1) with MergeInstrumentationAnalysisTransform
Transforming kotlin-gradle-plugin-idea-proto-2.2.20.jar (org.jetbrains.kotlin:kotlin-gradle-plugin-idea-proto:2.2.20) with InstrumentationAnalysisTransform
Transforming annotations-13.0.jar (org.jetbrains:annotations:13.0) with ExternalDependencyInstrumentingArtifactTransform
Transforming kotlin-gradle-plugin-idea-proto-2.2.20.jar (org.jetbrains.kotlin:kotlin-gradle-plugin-idea-proto:2.2.20) with MergeInstrumentationAnalysisTransform
Transforming kotlin-gradle-plugin-idea-2.2.20.jar (org.jetbrains.kotlin:kotlin-gradle-plugin-idea:2.2.20) with InstrumentationAnalysisTransform
Transforming kotlin-gradle-plugin-model-2.2.20.jar (org.jetbrains.kotlin:kotlin-gradle-plugin-model:2.2.20) with ExternalDependencyInstrumentingArtifactTransform
Transforming kotlin-gradle-plugin-idea-2.2.20.jar (org.jetbrains.kotlin:kotlin-gradle-plugin-idea:2.2.20) with MergeInstrumentationAnalysisTransform
Transforming kotlin-klib-commonizer-api-2.2.20.jar (org.jetbrains.kotlin:kotlin-klib-commonizer-api:2.2.20) with InstrumentationAnalysisTransform
Transforming kotlin-klib-commonizer-api-2.2.20.jar (org.jetbrains.kotlin:kotlin-klib-commonizer-api:2.2.20) with MergeInstrumentationAnalysisTransform
Transforming kotlin-build-statistics-2.2.20.jar (org.jetbrains.kotlin:kotlin-build-statistics:2.2.20) with InstrumentationAnalysisTransform
Transforming kotlin-build-statistics-2.2.20.jar (org.jetbrains.kotlin:kotlin-build-statistics:2.2.20) with MergeInstrumentationAnalysisTransform
Transforming kotlin-util-klib-metadata-2.2.20.jar (org.jetbrains.kotlin:kotlin-util-klib-metadata:2.2.20) with InstrumentationAnalysisTransform
Transforming kotlin-util-klib-metadata-2.2.20.jar (org.jetbrains.kotlin:kotlin-util-klib-metadata:2.2.20) with MergeInstrumentationAnalysisTransform
Transforming fus-statistics-gradle-plugin-2.2.20-gradle811.jar (org.jetbrains.kotlin:fus-statistics-gradle-plugin:2.2.20) with ExternalDependencyInstrumentingArtifactTransform
Transforming abi-tools-api-2.2.20.jar (org.jetbrains.kotlin:abi-tools-api:2.2.20) with InstrumentationAnalysisTransform
Transforming kotlin-gradle-plugin-api-2.2.20.jar (org.jetbrains.kotlin:kotlin-gradle-plugin-api:2.2.20) with ExternalDependencyInstrumentingArtifactTransform
Transforming abi-tools-api-2.2.20.jar (org.jetbrains.kotlin:abi-tools-api:2.2.20) with MergeInstrumentationAnalysisTransform
Transforming kotlin-compiler-runner-2.2.20.jar (org.jetbrains.kotlin:kotlin-compiler-runner:2.2.20) with InstrumentationAnalysisTransform
Transforming kotlin-compiler-runner-2.2.20.jar (org.jetbrains.kotlin:kotlin-compiler-runner:2.2.20) with MergeInstrumentationAnalysisTransform
Transforming dnsjava-2.1.9.jar (dnsjava:dnsjava:2.1.9) with InstrumentationAnalysisTransform
Transforming dnsjava-2.1.9.jar (dnsjava:dnsjava:2.1.9) with MergeInstrumentationAnalysisTransform
Transforming kotlin-gradle-plugin-annotations-2.2.20.jar (org.jetbrains.kotlin:kotlin-gradle-plugin-annotations:2.2.20) with InstrumentationAnalysisTransform
Transforming kotlin-gradle-plugin-api-2.2.20-gradle811.jar (org.jetbrains.kotlin:kotlin-gradle-plugin-api:2.2.20) with ExternalDependencyInstrumentingArtifactTransform
Transforming kotlin-gradle-plugin-annotations-2.2.20.jar (org.jetbrains.kotlin:kotlin-gradle-plugin-annotations:2.2.20) with MergeInstrumentationAnalysisTransform
Transforming kotlin-native-utils-2.2.20.jar (org.jetbrains.kotlin:kotlin-native-utils:2.2.20) with InstrumentationAnalysisTransform
Transforming kotlin-native-utils-2.2.20.jar (org.jetbrains.kotlin:kotlin-native-utils:2.2.20) with MergeInstrumentationAnalysisTransform
Transforming kotlin-tooling-core-2.2.20.jar (org.jetbrains.kotlin:kotlin-tooling-core:2.2.20) with InstrumentationAnalysisTransform
Transforming kotlin-tooling-core-2.2.20.jar (org.jetbrains.kotlin:kotlin-tooling-core:2.2.20) with MergeInstrumentationAnalysisTransform
Transforming kotlin-build-tools-api-2.2.20.jar (org.jetbrains.kotlin:kotlin-build-tools-api:2.2.20) with InstrumentationAnalysisTransform
Transforming ktlint-gradle-12.1.1.jar (org.jlleitschuh.gradle:ktlint-gradle:12.1.1) with ExternalDependencyInstrumentingArtifactTransform
Transforming kotlin-gradle-plugin-idea-proto-2.2.20.jar (org.jetbrains.kotlin:kotlin-gradle-plugin-idea-proto:2.2.20) with ExternalDependencyInstrumentingArtifactTransform
Transforming kotlin-klib-commonizer-api-2.2.20.jar (org.jetbrains.kotlin:kotlin-klib-commonizer-api:2.2.20) with ExternalDependencyInstrumentingArtifactTransform
Transforming kotlin-util-klib-metadata-2.2.20.jar (org.jetbrains.kotlin:kotlin-util-klib-metadata:2.2.20) with ExternalDependencyInstrumentingArtifactTransform
Transforming kotlin-compiler-runner-2.2.20.jar (org.jetbrains.kotlin:kotlin-compiler-runner:2.2.20) with ExternalDependencyInstrumentingArtifactTransform
Transforming kotlin-gradle-plugin-idea-2.2.20.jar (org.jetbrains.kotlin:kotlin-gradle-plugin-idea:2.2.20) with ExternalDependencyInstrumentingArtifactTransform
Transforming kotlin-gradle-plugin-annotations-2.2.20.jar (org.jetbrains.kotlin:kotlin-gradle-plugin-annotations:2.2.20) with ExternalDependencyInstrumentingArtifactTransform
Transforming kotlin-native-utils-2.2.20.jar (org.jetbrains.kotlin:kotlin-native-utils:2.2.20) with ExternalDependencyInstrumentingArtifactTransform
Transforming kotlin-tooling-core-2.2.20.jar (org.jetbrains.kotlin:kotlin-tooling-core:2.2.20) with ExternalDependencyInstrumentingArtifactTransform
Transforming kotlin-gradle-plugin-2.2.20-gradle811.jar (org.jetbrains.kotlin:kotlin-gradle-plugin:2.2.20) with ExternalDependencyInstrumentingArtifactTransform
Transforming dnsjava-2.1.9.jar (dnsjava:dnsjava:2.1.9) with ExternalDependencyInstrumentingArtifactTransform
Transforming abi-tools-api-2.2.20.jar (org.jetbrains.kotlin:abi-tools-api:2.2.20) with ExternalDependencyInstrumentingArtifactTransform
Transforming kotlin-build-statistics-2.2.20.jar (org.jetbrains.kotlin:kotlin-build-statistics:2.2.20) with ExternalDependencyInstrumentingArtifactTransform
Transforming kotlin-build-tools-api-2.2.20.jar (org.jetbrains.kotlin:kotlin-build-tools-api:2.2.20) with MergeInstrumentationAnalysisTransform
Transforming android-test-plugin-result-listener-gradle-proto-31.10.1.jar (com.android.tools.utp:android-test-plugin-result-listener-gradle-proto:31.10.1) with InstrumentationAnalysisTransform
Transforming android-test-plugin-result-listener-gradle-proto-31.10.1.jar (com.android.tools.utp:android-test-plugin-result-listener-gradle-proto:31.10.1) with MergeInstrumentationAnalysisTransform
Transforming bundletool-1.18.0.jar (com.android.tools.build:bundletool:1.18.0) with InstrumentationAnalysisTransform
Transforming bundletool-1.18.0.jar (com.android.tools.build:bundletool:1.18.0) with MergeInstrumentationAnalysisTransform
Transforming protobuf-java-util-3.25.5.jar (com.google.protobuf:protobuf-java-util:3.25.5) with InstrumentationAnalysisTransform
Transforming protobuf-java-util-3.25.5.jar (com.google.protobuf:protobuf-java-util:3.25.5) with MergeInstrumentationAnalysisTransform
Transforming grpc-netty-1.69.1.jar (io.grpc:grpc-netty:1.69.1) with InstrumentationAnalysisTransform
Transforming grpc-netty-1.69.1.jar (io.grpc:grpc-netty:1.69.1) with MergeInstrumentationAnalysisTransform
Transforming grpc-inprocess-1.69.1.jar (io.grpc:grpc-inprocess:1.69.1) with InstrumentationAnalysisTransform
Transforming grpc-inprocess-1.69.1.jar (io.grpc:grpc-inprocess:1.69.1) with MergeInstrumentationAnalysisTransform
Transforming grpc-util-1.69.1.jar (io.grpc:grpc-util:1.69.1) with InstrumentationAnalysisTransform
Transforming grpc-util-1.69.1.jar (io.grpc:grpc-util:1.69.1) with MergeInstrumentationAnalysisTransform
Transforming grpc-core-1.69.1.jar (io.grpc:grpc-core:1.69.1) with InstrumentationAnalysisTransform
Transforming grpc-core-1.69.1.jar (io.grpc:grpc-core:1.69.1) with MergeInstrumentationAnalysisTransform
Transforming tink-1.7.0.jar (com.google.crypto.tink:tink:1.7.0) with InstrumentationAnalysisTransform
Transforming tink-1.7.0.jar (com.google.crypto.tink:tink:1.7.0) with MergeInstrumentationAnalysisTransform
Transforming gson-2.11.0.jar (com.google.code.gson:gson:2.11.0) with InstrumentationAnalysisTransform
Transforming gson-2.11.0.jar (com.google.code.gson:gson:2.11.0) with MergeInstrumentationAnalysisTransform
Transforming kotlin-util-klib-2.2.20.jar (org.jetbrains.kotlin:kotlin-util-klib:2.2.20) with InstrumentationAnalysisTransform
Transforming kotlin-util-klib-2.2.20.jar (org.jetbrains.kotlin:kotlin-util-klib:2.2.20) with MergeInstrumentationAnalysisTransform
Transforming kotlin-util-io-2.2.20.jar (org.jetbrains.kotlin:kotlin-util-io:2.2.20) with InstrumentationAnalysisTransform
Transforming kotlin-util-io-2.2.20.jar (org.jetbrains.kotlin:kotlin-util-io:2.2.20) with MergeInstrumentationAnalysisTransform
Transforming kotlin-daemon-client-2.2.20.jar (org.jetbrains.kotlin:kotlin-daemon-client:2.2.20) with InstrumentationAnalysisTransform
Transforming kotlin-daemon-client-2.2.20.jar (org.jetbrains.kotlin:kotlin-daemon-client:2.2.20) with MergeInstrumentationAnalysisTransform
Transforming kotlinx-coroutines-core-jvm-1.8.0.jar (org.jetbrains.kotlinx:kotlinx-coroutines-core-jvm:1.8.0) with InstrumentationAnalysisTransform
Transforming kotlinx-coroutines-core-jvm-1.8.0.jar (org.jetbrains.kotlinx:kotlinx-coroutines-core-jvm:1.8.0) with MergeInstrumentationAnalysisTransform
Transforming aapt2-proto-8.10.1-12782657.jar (com.android.tools.build:aapt2-proto:8.10.1-12782657) with InstrumentationAnalysisTransform
Transforming aapt2-proto-8.10.1-12782657.jar (com.android.tools.build:aapt2-proto:8.10.1-12782657) with MergeInstrumentationAnalysisTransform
Transforming crash-31.10.1.jar (com.android.tools.analytics-library:crash:31.10.1) with InstrumentationAnalysisTransform
Transforming crash-31.10.1.jar (com.android.tools.analytics-library:crash:31.10.1) with MergeInstrumentationAnalysisTransform
Transforming kotlin-build-tools-api-2.2.20.jar (org.jetbrains.kotlin:kotlin-build-tools-api:2.2.20) with ExternalDependencyInstrumentingArtifactTransform
Transforming lint-typedef-remover-31.10.1.jar (com.android.tools.lint:lint-typedef-remover:31.10.1) with InstrumentationAnalysisTransform
Transforming lint-typedef-remover-31.10.1.jar (com.android.tools.lint:lint-typedef-remover:31.10.1) with MergeInstrumentationAnalysisTransform
Transforming android-test-plugin-result-listener-gradle-proto-31.10.1.jar (com.android.tools.utp:android-test-plugin-result-listener-gradle-proto:31.10.1) with ExternalDependencyInstrumentingArtifactTransform
Transforming databinding-common-8.10.1.jar (androidx.databinding:databinding-common:8.10.1) with InstrumentationAnalysisTransform
Transforming databinding-common-8.10.1.jar (androidx.databinding:databinding-common:8.10.1) with MergeInstrumentationAnalysisTransform
Transforming bundletool-1.18.0.jar (com.android.tools.build:bundletool:1.18.0) with ExternalDependencyInstrumentingArtifactTransform
Transforming baseLibrary-8.10.1.jar (com.android.databinding:baseLibrary:8.10.1) with InstrumentationAnalysisTransform
Transforming baseLibrary-8.10.1.jar (com.android.databinding:baseLibrary:8.10.1) with MergeInstrumentationAnalysisTransform
Transforming android-device-provider-ddmlib-proto-31.10.1.jar (com.android.tools.utp:android-device-provider-ddmlib-proto:31.10.1) with InstrumentationAnalysisTransform
Transforming android-device-provider-ddmlib-proto-31.10.1.jar (com.android.tools.utp:android-device-provider-ddmlib-proto:31.10.1) with MergeInstrumentationAnalysisTransform
Transforming android-device-provider-gradle-proto-31.10.1.jar (com.android.tools.utp:android-device-provider-gradle-proto:31.10.1) with InstrumentationAnalysisTransform
Transforming android-device-provider-gradle-proto-31.10.1.jar (com.android.tools.utp:android-device-provider-gradle-proto:31.10.1) with MergeInstrumentationAnalysisTransform
Transforming grpc-inprocess-1.69.1.jar (io.grpc:grpc-inprocess:1.69.1) with ExternalDependencyInstrumentingArtifactTransform
Transforming grpc-util-1.69.1.jar (io.grpc:grpc-util:1.69.1) with ExternalDependencyInstrumentingArtifactTransform
Transforming grpc-core-1.69.1.jar (io.grpc:grpc-core:1.69.1) with ExternalDependencyInstrumentingArtifactTransform
Transforming tink-1.7.0.jar (com.google.crypto.tink:tink:1.7.0) with ExternalDependencyInstrumentingArtifactTransform
Transforming gson-2.11.0.jar (com.google.code.gson:gson:2.11.0) with ExternalDependencyInstrumentingArtifactTransform
Transforming kotlin-util-klib-2.2.20.jar (org.jetbrains.kotlin:kotlin-util-klib:2.2.20) with ExternalDependencyInstrumentingArtifactTransform
Transforming kotlin-util-io-2.2.20.jar (org.jetbrains.kotlin:kotlin-util-io:2.2.20) with ExternalDependencyInstrumentingArtifactTransform
Transforming kotlin-daemon-client-2.2.20.jar (org.jetbrains.kotlin:kotlin-daemon-client:2.2.20) with ExternalDependencyInstrumentingArtifactTransform
Transforming kotlinx-coroutines-core-jvm-1.8.0.jar (org.jetbrains.kotlinx:kotlinx-coroutines-core-jvm:1.8.0) with ExternalDependencyInstrumentingArtifactTransform
Transforming aapt2-proto-8.10.1-12782657.jar (com.android.tools.build:aapt2-proto:8.10.1-12782657) with ExternalDependencyInstrumentingArtifactTransform
Transforming crash-31.10.1.jar (com.android.tools.analytics-library:crash:31.10.1) with ExternalDependencyInstrumentingArtifactTransform
Transforming lint-typedef-remover-31.10.1.jar (com.android.tools.lint:lint-typedef-remover:31.10.1) with ExternalDependencyInstrumentingArtifactTransform
Transforming databinding-common-8.10.1.jar (androidx.databinding:databinding-common:8.10.1) with ExternalDependencyInstrumentingArtifactTransform
Transforming baseLibrary-8.10.1.jar (com.android.databinding:baseLibrary:8.10.1) with ExternalDependencyInstrumentingArtifactTransform
Transforming android-device-provider-ddmlib-proto-31.10.1.jar (com.android.tools.utp:android-device-provider-ddmlib-proto:31.10.1) with ExternalDependencyInstrumentingArtifactTransform
Transforming android-device-provider-gradle-proto-31.10.1.jar (com.android.tools.utp:android-device-provider-gradle-proto:31.10.1) with ExternalDependencyInstrumentingArtifactTransform
Transforming grpc-netty-1.69.1.jar (io.grpc:grpc-netty:1.69.1) with ExternalDependencyInstrumentingArtifactTransform
Transforming protobuf-java-util-3.25.5.jar (com.google.protobuf:protobuf-java-util:3.25.5) with ExternalDependencyInstrumentingArtifactTransform
Transforming android-device-provider-profile-proto-31.10.1.jar (com.android.tools.utp:android-device-provider-profile-proto:31.10.1) with InstrumentationAnalysisTransform
Transforming android-device-provider-profile-proto-31.10.1.jar (com.android.tools.utp:android-device-provider-profile-proto:31.10.1) with MergeInstrumentationAnalysisTransform
Transforming android-test-plugin-host-additional-test-output-proto-31.10.1.jar (com.android.tools.utp:android-test-plugin-host-additional-test-output-proto:31.10.1) with InstrumentationAnalysisTransform
Transforming android-test-plugin-host-additional-test-output-proto-31.10.1.jar (com.android.tools.utp:android-test-plugin-host-additional-test-output-proto:31.10.1) with MergeInstrumentationAnalysisTransform
Transforming android-test-plugin-host-coverage-proto-31.10.1.jar (com.android.tools.utp:android-test-plugin-host-coverage-proto:31.10.1) with InstrumentationAnalysisTransform
Transforming android-test-plugin-host-coverage-proto-31.10.1.jar (com.android.tools.utp:android-test-plugin-host-coverage-proto:31.10.1) with MergeInstrumentationAnalysisTransform
Transforming android-test-plugin-host-logcat-proto-31.10.1.jar (com.android.tools.utp:android-test-plugin-host-logcat-proto:31.10.1) with InstrumentationAnalysisTransform
Transforming android-test-plugin-host-logcat-proto-31.10.1.jar (com.android.tools.utp:android-test-plugin-host-logcat-proto:31.10.1) with MergeInstrumentationAnalysisTransform
Transforming android-test-plugin-host-apk-installer-proto-31.10.1.jar (com.android.tools.utp:android-test-plugin-host-apk-installer-proto:31.10.1) with InstrumentationAnalysisTransform
Transforming android-test-plugin-host-apk-installer-proto-31.10.1.jar (com.android.tools.utp:android-test-plugin-host-apk-installer-proto:31.10.1) with MergeInstrumentationAnalysisTransform
Transforming android-device-provider-profile-proto-31.10.1.jar (com.android.tools.utp:android-device-provider-profile-proto:31.10.1) with ExternalDependencyInstrumentingArtifactTransform
Transforming transform-api-2.0.0-deprecated-use-gradle-api.jar (com.android.tools.build:transform-api:2.0.0-deprecated-use-gradle-api) with InstrumentationAnalysisTransform
Transforming android-test-plugin-host-logcat-proto-31.10.1.jar (com.android.tools.utp:android-test-plugin-host-logcat-proto:31.10.1) with ExternalDependencyInstrumentingArtifactTransform
Transforming transform-api-2.0.0-deprecated-use-gradle-api.jar (com.android.tools.build:transform-api:2.0.0-deprecated-use-gradle-api) with MergeInstrumentationAnalysisTransform
Transforming android-test-plugin-host-apk-installer-proto-31.10.1.jar (com.android.tools.utp:android-test-plugin-host-apk-installer-proto:31.10.1) with ExternalDependencyInstrumentingArtifactTransform
Transforming httpmime-4.5.6.jar (org.apache.httpcomponents:httpmime:4.5.6) with InstrumentationAnalysisTransform
Transforming android-test-plugin-host-coverage-proto-31.10.1.jar (com.android.tools.utp:android-test-plugin-host-coverage-proto:31.10.1) with ExternalDependencyInstrumentingArtifactTransform
Transforming httpmime-4.5.6.jar (org.apache.httpcomponents:httpmime:4.5.6) with MergeInstrumentationAnalysisTransform
Transforming commons-io-2.16.1.jar (commons-io:commons-io:2.16.1) with InstrumentationAnalysisTransform
Transforming android-test-plugin-host-additional-test-output-proto-31.10.1.jar (com.android.tools.utp:android-test-plugin-host-additional-test-output-proto:31.10.1) with ExternalDependencyInstrumentingArtifactTransform
Transforming httpmime-4.5.6.jar (org.apache.httpcomponents:httpmime:4.5.6) with ExternalDependencyInstrumentingArtifactTransform
Transforming transform-api-2.0.0-deprecated-use-gradle-api.jar (com.android.tools.build:transform-api:2.0.0-deprecated-use-gradle-api) with ExternalDependencyInstrumentingArtifactTransform
Transforming commons-io-2.16.1.jar (commons-io:commons-io:2.16.1) with MergeInstrumentationAnalysisTransform
Transforming asm-commons-9.7.1.jar (org.ow2.asm:asm-commons:9.7.1) with InstrumentationAnalysisTransform
Transforming asm-commons-9.7.1.jar (org.ow2.asm:asm-commons:9.7.1) with MergeInstrumentationAnalysisTransform
Transforming asm-util-9.7.1.jar (org.ow2.asm:asm-util:9.7.1) with InstrumentationAnalysisTransform
Transforming asm-util-9.7.1.jar (org.ow2.asm:asm-util:9.7.1) with MergeInstrumentationAnalysisTransform
Transforming commons-io-2.16.1.jar (commons-io:commons-io:2.16.1) with ExternalDependencyInstrumentingArtifactTransform
Transforming asm-analysis-9.7.1.jar (org.ow2.asm:asm-analysis:9.7.1) with InstrumentationAnalysisTransform
Transforming asm-analysis-9.7.1.jar (org.ow2.asm:asm-analysis:9.7.1) with MergeInstrumentationAnalysisTransform
Transforming asm-tree-9.7.1.jar (org.ow2.asm:asm-tree:9.7.1) with InstrumentationAnalysisTransform
Transforming asm-tree-9.7.1.jar (org.ow2.asm:asm-tree:9.7.1) with MergeInstrumentationAnalysisTransform
Transforming asm-9.7.1.jar (org.ow2.asm:asm:9.7.1) with InstrumentationAnalysisTransform
Transforming asm-commons-9.7.1.jar (org.ow2.asm:asm-commons:9.7.1) with ExternalDependencyInstrumentingArtifactTransform
Transforming asm-9.7.1.jar (org.ow2.asm:asm:9.7.1) with MergeInstrumentationAnalysisTransform
Transforming asm-util-9.7.1.jar (org.ow2.asm:asm-util:9.7.1) with ExternalDependencyInstrumentingArtifactTransform
Transforming apkzlib-8.10.1.jar (com.android.tools.build:apkzlib:8.10.1) with InstrumentationAnalysisTransform
Transforming apkzlib-8.10.1.jar (com.android.tools.build:apkzlib:8.10.1) with MergeInstrumentationAnalysisTransform
Transforming bcpkix-jdk18on-1.79.jar (org.bouncycastle:bcpkix-jdk18on:1.79) with InstrumentationAnalysisTransform
Transforming asm-analysis-9.7.1.jar (org.ow2.asm:asm-analysis:9.7.1) with ExternalDependencyInstrumentingArtifactTransform
Transforming bcpkix-jdk18on-1.79.jar (org.bouncycastle:bcpkix-jdk18on:1.79) with MergeInstrumentationAnalysisTransform
Transforming jaxb-runtime-2.3.2.jar (org.glassfish.jaxb:jaxb-runtime:2.3.2) with InstrumentationAnalysisTransform
Transforming asm-tree-9.7.1.jar (org.ow2.asm:asm-tree:9.7.1) with ExternalDependencyInstrumentingArtifactTransform
Transforming asm-9.7.1.jar (org.ow2.asm:asm:9.7.1) with ExternalDependencyInstrumentingArtifactTransform
Transforming apkzlib-8.10.1.jar (com.android.tools.build:apkzlib:8.10.1) with ExternalDependencyInstrumentingArtifactTransform
Transforming bcpkix-jdk18on-1.79.jar (org.bouncycastle:bcpkix-jdk18on:1.79) with ExternalDependencyInstrumentingArtifactTransform
Transforming jaxb-runtime-2.3.2.jar (org.glassfish.jaxb:jaxb-runtime:2.3.2) with MergeInstrumentationAnalysisTransform
Transforming jopt-simple-4.9.jar (net.sf.jopt-simple:jopt-simple:4.9) with InstrumentationAnalysisTransform
Transforming jopt-simple-4.9.jar (net.sf.jopt-simple:jopt-simple:4.9) with MergeInstrumentationAnalysisTransform
Transforming javapoet-1.10.0.jar (com.squareup:javapoet:1.10.0) with InstrumentationAnalysisTransform
Transforming javapoet-1.10.0.jar (com.squareup:javapoet:1.10.0) with MergeInstrumentationAnalysisTransform
Transforming grpc-protobuf-1.69.1.jar (io.grpc:grpc-protobuf:1.69.1) with InstrumentationAnalysisTransform
Transforming jopt-simple-4.9.jar (net.sf.jopt-simple:jopt-simple:4.9) with ExternalDependencyInstrumentingArtifactTransform
Transforming grpc-protobuf-1.69.1.jar (io.grpc:grpc-protobuf:1.69.1) with MergeInstrumentationAnalysisTransform
Transforming core-proto-0.0.9-alpha03.jar (com.google.testing.platform:core-proto:0.0.9-alpha03) with InstrumentationAnalysisTransform
Transforming core-proto-0.0.9-alpha03.jar (com.google.testing.platform:core-proto:0.0.9-alpha03) with MergeInstrumentationAnalysisTransform
Transforming protos-31.10.1.jar (com.android.tools.analytics-library:protos:31.10.1) with InstrumentationAnalysisTransform
Transforming protos-31.10.1.jar (com.android.tools.analytics-library:protos:31.10.1) with MergeInstrumentationAnalysisTransform
Transforming proto-google-common-protos-2.48.0.jar (com.google.api.grpc:proto-google-common-protos:2.48.0) with InstrumentationAnalysisTransform
Transforming javapoet-1.10.0.jar (com.squareup:javapoet:1.10.0) with ExternalDependencyInstrumentingArtifactTransform
Transforming proto-google-common-protos-2.48.0.jar (com.google.api.grpc:proto-google-common-protos:2.48.0) with MergeInstrumentationAnalysisTransform
Transforming protobuf-java-3.25.5.jar (com.google.protobuf:protobuf-java:3.25.5) with InstrumentationAnalysisTransform
Transforming protobuf-java-3.25.5.jar (com.google.protobuf:protobuf-java:3.25.5) with MergeInstrumentationAnalysisTransform
Transforming grpc-stub-1.69.1.jar (io.grpc:grpc-stub:1.69.1) with InstrumentationAnalysisTransform
Transforming grpc-stub-1.69.1.jar (io.grpc:grpc-stub:1.69.1) with MergeInstrumentationAnalysisTransform
Transforming grpc-protobuf-1.69.1.jar (io.grpc:grpc-protobuf:1.69.1) with ExternalDependencyInstrumentingArtifactTransform
Transforming core-proto-0.0.9-alpha03.jar (com.google.testing.platform:core-proto:0.0.9-alpha03) with ExternalDependencyInstrumentingArtifactTransform
Transforming protos-31.10.1.jar (com.android.tools.analytics-library:protos:31.10.1) with ExternalDependencyInstrumentingArtifactTransform
Transforming tensorflow-lite-metadata-0.2.0.jar (org.tensorflow:tensorflow-lite-metadata:0.2.0) with InstrumentationAnalysisTransform
Transforming proto-google-common-protos-2.48.0.jar (com.google.api.grpc:proto-google-common-protos:2.48.0) with ExternalDependencyInstrumentingArtifactTransform
Transforming tensorflow-lite-metadata-0.2.0.jar (org.tensorflow:tensorflow-lite-metadata:0.2.0) with MergeInstrumentationAnalysisTransform
Transforming flatbuffers-java-1.12.0.jar (com.google.flatbuffers:flatbuffers-java:1.12.0) with InstrumentationAnalysisTransform
Transforming flatbuffers-java-1.12.0.jar (com.google.flatbuffers:flatbuffers-java:1.12.0) with MergeInstrumentationAnalysisTransform
Transforming jimfs-1.1.jar (com.google.jimfs:jimfs:1.1) with InstrumentationAnalysisTransform
Transforming protobuf-java-3.25.5.jar (com.google.protobuf:protobuf-java:3.25.5) with ExternalDependencyInstrumentingArtifactTransform
Transforming jimfs-1.1.jar (com.google.jimfs:jimfs:1.1) with MergeInstrumentationAnalysisTransform
Transforming grpc-context-1.69.1.jar (io.grpc:grpc-context:1.69.1) with InstrumentationAnalysisTransform
Transforming grpc-context-1.69.1.jar (io.grpc:grpc-context:1.69.1) with MergeInstrumentationAnalysisTransform
Transforming grpc-protobuf-lite-1.69.1.jar (io.grpc:grpc-protobuf-lite:1.69.1) with InstrumentationAnalysisTransform
Transforming grpc-protobuf-lite-1.69.1.jar (io.grpc:grpc-protobuf-lite:1.69.1) with MergeInstrumentationAnalysisTransform
Transforming grpc-stub-1.69.1.jar (io.grpc:grpc-stub:1.69.1) with ExternalDependencyInstrumentingArtifactTransform
Transforming grpc-api-1.69.1.jar (io.grpc:grpc-api:1.69.1) with InstrumentationAnalysisTransform
Transforming grpc-api-1.69.1.jar (io.grpc:grpc-api:1.69.1) with MergeInstrumentationAnalysisTransform
Transforming guava-33.3.1-jre.jar (com.google.guava:guava:33.3.1-jre) with InstrumentationAnalysisTransform
Transforming guava-33.3.1-jre.jar (com.google.guava:guava:33.3.1-jre) with MergeInstrumentationAnalysisTransform
Transforming error_prone_annotations-2.30.0.jar (com.google.errorprone:error_prone_annotations:2.30.0) with InstrumentationAnalysisTransform
Transforming flatbuffers-java-1.12.0.jar (com.google.flatbuffers:flatbuffers-java:1.12.0) with ExternalDependencyInstrumentingArtifactTransform
Transforming error_prone_annotations-2.30.0.jar (com.google.errorprone:error_prone_annotations:2.30.0) with MergeInstrumentationAnalysisTransform
Transforming dagger-2.28.3.jar (com.google.dagger:dagger:2.28.3) with InstrumentationAnalysisTransform
Transforming dagger-2.28.3.jar (com.google.dagger:dagger:2.28.3) with MergeInstrumentationAnalysisTransform
Transforming javax.inject-1.jar (javax.inject:javax.inject:1) with InstrumentationAnalysisTransform
Transforming javax.inject-1.jar (javax.inject:javax.inject:1) with MergeInstrumentationAnalysisTransform
Transforming tensorflow-lite-metadata-0.2.0.jar (org.tensorflow:tensorflow-lite-metadata:0.2.0) with ExternalDependencyInstrumentingArtifactTransform
Transforming kxml2-2.3.0.jar (net.sf.kxml:kxml2:2.3.0) with InstrumentationAnalysisTransform
Transforming jimfs-1.1.jar (com.google.jimfs:jimfs:1.1) with ExternalDependencyInstrumentingArtifactTransform
Transforming kxml2-2.3.0.jar (net.sf.kxml:kxml2:2.3.0) with MergeInstrumentationAnalysisTransform
Transforming commons-compress-1.21.jar (org.apache.commons:commons-compress:1.21) with InstrumentationAnalysisTransform
Transforming commons-compress-1.21.jar (org.apache.commons:commons-compress:1.21) with MergeInstrumentationAnalysisTransform
Transforming grpc-context-1.69.1.jar (io.grpc:grpc-context:1.69.1) with ExternalDependencyInstrumentingArtifactTransform
Transforming grpc-protobuf-lite-1.69.1.jar (io.grpc:grpc-protobuf-lite:1.69.1) with ExternalDependencyInstrumentingArtifactTransform
Transforming grpc-api-1.69.1.jar (io.grpc:grpc-api:1.69.1) with ExternalDependencyInstrumentingArtifactTransform
Transforming guava-33.3.1-jre.jar (com.google.guava:guava:33.3.1-jre) with ExternalDependencyInstrumentingArtifactTransform
Transforming error_prone_annotations-2.30.0.jar (com.google.errorprone:error_prone_annotations:2.30.0) with ExternalDependencyInstrumentingArtifactTransform
Transforming dagger-2.28.3.jar (com.google.dagger:dagger:2.28.3) with ExternalDependencyInstrumentingArtifactTransform
Transforming kxml2-2.3.0.jar (net.sf.kxml:kxml2:2.3.0) with ExternalDependencyInstrumentingArtifactTransform
Transforming commons-compress-1.21.jar (org.apache.commons:commons-compress:1.21) with ExternalDependencyInstrumentingArtifactTransform
Transforming jaxb-runtime-2.3.2.jar (org.glassfish.jaxb:jaxb-runtime:2.3.2) with ExternalDependencyInstrumentingArtifactTransform
Transforming javax.inject-1.jar (javax.inject:javax.inject:1) with ExternalDependencyInstrumentingArtifactTransform
Transforming bcutil-jdk18on-1.79.jar (org.bouncycastle:bcutil-jdk18on:1.79) with InstrumentationAnalysisTransform
Transforming bcutil-jdk18on-1.79.jar (org.bouncycastle:bcutil-jdk18on:1.79) with MergeInstrumentationAnalysisTransform
Transforming bcprov-jdk18on-1.79.jar (org.bouncycastle:bcprov-jdk18on:1.79) with InstrumentationAnalysisTransform
Transforming bcprov-jdk18on-1.79.jar (org.bouncycastle:bcprov-jdk18on:1.79) with MergeInstrumentationAnalysisTransform
Transforming httpclient-4.5.14.jar (org.apache.httpcomponents:httpclient:4.5.14) with InstrumentationAnalysisTransform
Transforming bcutil-jdk18on-1.79.jar (org.bouncycastle:bcutil-jdk18on:1.79) with ExternalDependencyInstrumentingArtifactTransform
Transforming httpclient-4.5.14.jar (org.apache.httpcomponents:httpclient:4.5.14) with MergeInstrumentationAnalysisTransform
Transforming httpcore-4.4.16.jar (org.apache.httpcomponents:httpcore:4.4.16) with InstrumentationAnalysisTransform
Transforming httpcore-4.4.16.jar (org.apache.httpcomponents:httpcore:4.4.16) with MergeInstrumentationAnalysisTransform
Transforming httpclient-4.5.14.jar (org.apache.httpcomponents:httpclient:4.5.14) with ExternalDependencyInstrumentingArtifactTransform
Transforming javax.activation-1.2.0.jar (com.sun.activation:javax.activation:1.2.0) with InstrumentationAnalysisTransform
Transforming bcprov-jdk18on-1.79.jar (org.bouncycastle:bcprov-jdk18on:1.79) with ExternalDependencyInstrumentingArtifactTransform
Transforming javax.activation-1.2.0.jar (com.sun.activation:javax.activation:1.2.0) with MergeInstrumentationAnalysisTransform
Transforming signflinger-8.10.1.jar (com.android:signflinger:8.10.1) with InstrumentationAnalysisTransform
Transforming httpcore-4.4.16.jar (org.apache.httpcomponents:httpcore:4.4.16) with ExternalDependencyInstrumentingArtifactTransform
Transforming signflinger-8.10.1.jar (com.android:signflinger:8.10.1) with MergeInstrumentationAnalysisTransform
Transforming javax.activation-1.2.0.jar (com.sun.activation:javax.activation:1.2.0) with ExternalDependencyInstrumentingArtifactTransform
Transforming zipflinger-8.10.1.jar (com.android:zipflinger:8.10.1) with InstrumentationAnalysisTransform
Transforming zipflinger-8.10.1.jar (com.android:zipflinger:8.10.1) with MergeInstrumentationAnalysisTransform
Transforming annotations-31.10.1.jar (com.android.tools:annotations:31.10.1) with InstrumentationAnalysisTransform
Transforming signflinger-8.10.1.jar (com.android:signflinger:8.10.1) with ExternalDependencyInstrumentingArtifactTransform
Transforming annotations-31.10.1.jar (com.android.tools:annotations:31.10.1) with MergeInstrumentationAnalysisTransform
Transforming jna-platform-5.6.0.jar (net.java.dev.jna:jna-platform:5.6.0) with InstrumentationAnalysisTransform
Transforming jna-platform-5.6.0.jar (net.java.dev.jna:jna-platform:5.6.0) with MergeInstrumentationAnalysisTransform
Transforming zipflinger-8.10.1.jar (com.android:zipflinger:8.10.1) with ExternalDependencyInstrumentingArtifactTransform
Transforming annotations-31.10.1.jar (com.android.tools:annotations:31.10.1) with ExternalDependencyInstrumentingArtifactTransform
Transforming juniversalchardet-1.0.3.jar (com.googlecode.juniversalchardet:juniversalchardet:1.0.3) with InstrumentationAnalysisTransform
Transforming juniversalchardet-1.0.3.jar (com.googlecode.juniversalchardet:juniversalchardet:1.0.3) with MergeInstrumentationAnalysisTransform
Transforming jna-platform-5.6.0.jar (net.java.dev.jna:jna-platform:5.6.0) with ExternalDependencyInstrumentingArtifactTransform
Transforming javax.annotation-api-1.3.2.jar (javax.annotation:javax.annotation-api:1.3.2) with InstrumentationAnalysisTransform
Transforming javax.annotation-api-1.3.2.jar (javax.annotation:javax.annotation-api:1.3.2) with MergeInstrumentationAnalysisTransform
Transforming stax-ex-1.8.1.jar (org.jvnet.staxex:stax-ex:1.8.1) with InstrumentationAnalysisTransform
Transforming juniversalchardet-1.0.3.jar (com.googlecode.juniversalchardet:juniversalchardet:1.0.3) with ExternalDependencyInstrumentingArtifactTransform
Transforming stax-ex-1.8.1.jar (org.jvnet.staxex:stax-ex:1.8.1) with MergeInstrumentationAnalysisTransform
Transforming jakarta.xml.bind-api-2.3.2.jar (jakarta.xml.bind:jakarta.xml.bind-api:2.3.2) with InstrumentationAnalysisTransform
Transforming jakarta.xml.bind-api-2.3.2.jar (jakarta.xml.bind:jakarta.xml.bind-api:2.3.2) with MergeInstrumentationAnalysisTransform
Transforming javax.annotation-api-1.3.2.jar (javax.annotation:javax.annotation-api:1.3.2) with ExternalDependencyInstrumentingArtifactTransform
Transforming txw2-2.3.2.jar (org.glassfish.jaxb:txw2:2.3.2) with InstrumentationAnalysisTransform
Transforming stax-ex-1.8.1.jar (org.jvnet.staxex:stax-ex:1.8.1) with ExternalDependencyInstrumentingArtifactTransform
Transforming txw2-2.3.2.jar (org.glassfish.jaxb:txw2:2.3.2) with MergeInstrumentationAnalysisTransform
Transforming istack-commons-runtime-3.0.8.jar (com.sun.istack:istack-commons-runtime:3.0.8) with InstrumentationAnalysisTransform
Transforming istack-commons-runtime-3.0.8.jar (com.sun.istack:istack-commons-runtime:3.0.8) with MergeInstrumentationAnalysisTransform
Transforming FastInfoset-1.2.16.jar (com.sun.xml.fastinfoset:FastInfoset:1.2.16) with InstrumentationAnalysisTransform
Transforming FastInfoset-1.2.16.jar (com.sun.xml.fastinfoset:FastInfoset:1.2.16) with MergeInstrumentationAnalysisTransform
Transforming istack-commons-runtime-3.0.8.jar (com.sun.istack:istack-commons-runtime:3.0.8) with ExternalDependencyInstrumentingArtifactTransform
Transforming jakarta.activation-api-1.2.1.jar (jakarta.activation:jakarta.activation-api:1.2.1) with InstrumentationAnalysisTransform
Transforming txw2-2.3.2.jar (org.glassfish.jaxb:txw2:2.3.2) with ExternalDependencyInstrumentingArtifactTransform
Transforming jakarta.xml.bind-api-2.3.2.jar (jakarta.xml.bind:jakarta.xml.bind-api:2.3.2) with ExternalDependencyInstrumentingArtifactTransform
Transforming jakarta.activation-api-1.2.1.jar (jakarta.activation:jakarta.activation-api:1.2.1) with MergeInstrumentationAnalysisTransform
Transforming auto-value-annotations-1.6.2.jar (com.google.auto.value:auto-value-annotations:1.6.2) with InstrumentationAnalysisTransform
Transforming auto-value-annotations-1.6.2.jar (com.google.auto.value:auto-value-annotations:1.6.2) with MergeInstrumentationAnalysisTransform
Transforming jose4j-0.9.5.jar (org.bitbucket.b_c:jose4j:0.9.5) with InstrumentationAnalysisTransform
Transforming jakarta.activation-api-1.2.1.jar (jakarta.activation:jakarta.activation-api:1.2.1) with ExternalDependencyInstrumentingArtifactTransform
Transforming jose4j-0.9.5.jar (org.bitbucket.b_c:jose4j:0.9.5) with MergeInstrumentationAnalysisTransform
Transforming FastInfoset-1.2.16.jar (com.sun.xml.fastinfoset:FastInfoset:1.2.16) with ExternalDependencyInstrumentingArtifactTransform
Transforming slf4j-api-1.7.30.jar (org.slf4j:slf4j-api:1.7.30) with InstrumentationAnalysisTransform
Transforming auto-value-annotations-1.6.2.jar (com.google.auto.value:auto-value-annotations:1.6.2) with ExternalDependencyInstrumentingArtifactTransform
Transforming slf4j-api-1.7.30.jar (org.slf4j:slf4j-api:1.7.30) with MergeInstrumentationAnalysisTransform
Transforming jdom2-2.0.6.jar (org.jdom:jdom2:2.0.6) with InstrumentationAnalysisTransform
Transforming jdom2-2.0.6.jar (org.jdom:jdom2:2.0.6) with MergeInstrumentationAnalysisTransform
Transforming jsr305-3.0.2.jar (com.google.code.findbugs:jsr305:3.0.2) with InstrumentationAnalysisTransform
Transforming jose4j-0.9.5.jar (org.bitbucket.b_c:jose4j:0.9.5) with ExternalDependencyInstrumentingArtifactTransform
Transforming jsr305-3.0.2.jar (com.google.code.findbugs:jsr305:3.0.2) with MergeInstrumentationAnalysisTransform
Transforming j2objc-annotations-3.0.0.jar (com.google.j2objc:j2objc-annotations:3.0.0) with InstrumentationAnalysisTransform
Transforming slf4j-api-1.7.30.jar (org.slf4j:slf4j-api:1.7.30) with ExternalDependencyInstrumentingArtifactTransform
Transforming jdom2-2.0.6.jar (org.jdom:jdom2:2.0.6) with ExternalDependencyInstrumentingArtifactTransform
Transforming j2objc-annotations-3.0.0.jar (com.google.j2objc:j2objc-annotations:3.0.0) with MergeInstrumentationAnalysisTransform
Transforming annotations-4.1.1.4.jar (com.google.android:annotations:4.1.1.4) with InstrumentationAnalysisTransform
Transforming annotations-4.1.1.4.jar (com.google.android:annotations:4.1.1.4) with MergeInstrumentationAnalysisTransform
Transforming animal-sniffer-annotations-1.24.jar (org.codehaus.mojo:animal-sniffer-annotations:1.24) with InstrumentationAnalysisTransform
Transforming jsr305-3.0.2.jar (com.google.code.findbugs:jsr305:3.0.2) with ExternalDependencyInstrumentingArtifactTransform
Transforming animal-sniffer-annotations-1.24.jar (org.codehaus.mojo:animal-sniffer-annotations:1.24) with MergeInstrumentationAnalysisTransform
Transforming perfmark-api-0.27.0.jar (io.perfmark:perfmark-api:0.27.0) with InstrumentationAnalysisTransform
Transforming j2objc-annotations-3.0.0.jar (com.google.j2objc:j2objc-annotations:3.0.0) with ExternalDependencyInstrumentingArtifactTransform
Transforming perfmark-api-0.27.0.jar (io.perfmark:perfmark-api:0.27.0) with MergeInstrumentationAnalysisTransform
Transforming annotations-4.1.1.4.jar (com.google.android:annotations:4.1.1.4) with ExternalDependencyInstrumentingArtifactTransform
Transforming netty-codec-http2-4.1.110.Final.jar (io.netty:netty-codec-http2:4.1.110.Final) with InstrumentationAnalysisTransform
Transforming animal-sniffer-annotations-1.24.jar (org.codehaus.mojo:animal-sniffer-annotations:1.24) with ExternalDependencyInstrumentingArtifactTransform
Transforming netty-codec-http2-4.1.110.Final.jar (io.netty:netty-codec-http2:4.1.110.Final) with MergeInstrumentationAnalysisTransform
Transforming netty-handler-proxy-4.1.110.Final.jar (io.netty:netty-handler-proxy:4.1.110.Final) with InstrumentationAnalysisTransform
Transforming perfmark-api-0.27.0.jar (io.perfmark:perfmark-api:0.27.0) with ExternalDependencyInstrumentingArtifactTransform
Transforming netty-handler-proxy-4.1.110.Final.jar (io.netty:netty-handler-proxy:4.1.110.Final) with MergeInstrumentationAnalysisTransform
Transforming netty-codec-http-4.1.110.Final.jar (io.netty:netty-codec-http:4.1.110.Final) with InstrumentationAnalysisTransform
Transforming netty-codec-http2-4.1.110.Final.jar (io.netty:netty-codec-http2:4.1.110.Final) with ExternalDependencyInstrumentingArtifactTransform
Transforming netty-codec-http-4.1.110.Final.jar (io.netty:netty-codec-http:4.1.110.Final) with MergeInstrumentationAnalysisTransform
Transforming netty-handler-4.1.110.Final.jar (io.netty:netty-handler:4.1.110.Final) with InstrumentationAnalysisTransform
Transforming netty-handler-4.1.110.Final.jar (io.netty:netty-handler:4.1.110.Final) with MergeInstrumentationAnalysisTransform
Transforming netty-transport-native-unix-common-4.1.110.Final.jar (io.netty:netty-transport-native-unix-common:4.1.110.Final) with InstrumentationAnalysisTransform
Transforming netty-handler-proxy-4.1.110.Final.jar (io.netty:netty-handler-proxy:4.1.110.Final) with ExternalDependencyInstrumentingArtifactTransform
Transforming netty-transport-native-unix-common-4.1.110.Final.jar (io.netty:netty-transport-native-unix-common:4.1.110.Final) with MergeInstrumentationAnalysisTransform
Transforming netty-codec-http-4.1.110.Final.jar (io.netty:netty-codec-http:4.1.110.Final) with ExternalDependencyInstrumentingArtifactTransform
Transforming checker-qual-3.43.0.jar (org.checkerframework:checker-qual:3.43.0) with InstrumentationAnalysisTransform
Transforming checker-qual-3.43.0.jar (org.checkerframework:checker-qual:3.43.0) with MergeInstrumentationAnalysisTransform
Transforming netty-handler-4.1.110.Final.jar (io.netty:netty-handler:4.1.110.Final) with ExternalDependencyInstrumentingArtifactTransform
Transforming apksig-8.10.1.jar (com.android.tools.build:apksig:8.10.1) with InstrumentationAnalysisTransform
Transforming checker-qual-3.43.0.jar (org.checkerframework:checker-qual:3.43.0) with ExternalDependencyInstrumentingArtifactTransform
Transforming apksig-8.10.1.jar (com.android.tools.build:apksig:8.10.1) with MergeInstrumentationAnalysisTransform
Transforming javawriter-2.5.0.jar (com.squareup:javawriter:2.5.0) with InstrumentationAnalysisTransform
Transforming javawriter-2.5.0.jar (com.squareup:javawriter:2.5.0) with MergeInstrumentationAnalysisTransform
Transforming failureaccess-1.0.2.jar (com.google.guava:failureaccess:1.0.2) with InstrumentationAnalysisTransform
Transforming netty-transport-native-unix-common-4.1.110.Final.jar (io.netty:netty-transport-native-unix-common:4.1.110.Final) with ExternalDependencyInstrumentingArtifactTransform
Transforming failureaccess-1.0.2.jar (com.google.guava:failureaccess:1.0.2) with MergeInstrumentationAnalysisTransform
Transforming apksig-8.10.1.jar (com.android.tools.build:apksig:8.10.1) with ExternalDependencyInstrumentingArtifactTransform
Transforming listenablefuture-9999.0-empty-to-avoid-conflict-with-guava.jar (com.google.guava:listenablefuture:9999.0-empty-to-avoid-conflict-with-guava) with InstrumentationAnalysisTransform
Transforming javawriter-2.5.0.jar (com.squareup:javawriter:2.5.0) with ExternalDependencyInstrumentingArtifactTransform
Transforming listenablefuture-9999.0-empty-to-avoid-conflict-with-guava.jar (com.google.guava:listenablefuture:9999.0-empty-to-avoid-conflict-with-guava) with MergeInstrumentationAnalysisTransform
Transforming failureaccess-1.0.2.jar (com.google.guava:failureaccess:1.0.2) with ExternalDependencyInstrumentingArtifactTransform
Transforming commons-logging-1.2.jar (commons-logging:commons-logging:1.2) with InstrumentationAnalysisTransform
Transforming commons-logging-1.2.jar (commons-logging:commons-logging:1.2) with MergeInstrumentationAnalysisTransform
Transforming commons-codec-1.11.jar (commons-codec:commons-codec:1.11) with InstrumentationAnalysisTransform
Transforming listenablefuture-9999.0-empty-to-avoid-conflict-with-guava.jar (com.google.guava:listenablefuture:9999.0-empty-to-avoid-conflict-with-guava) with ExternalDependencyInstrumentingArtifactTransform
Transforming commons-codec-1.11.jar (commons-codec:commons-codec:1.11) with MergeInstrumentationAnalysisTransform
Transforming jna-5.6.0.jar (net.java.dev.jna:jna:5.6.0) with InstrumentationAnalysisTransform
Transforming commons-logging-1.2.jar (commons-logging:commons-logging:1.2) with ExternalDependencyInstrumentingArtifactTransform
Transforming jna-5.6.0.jar (net.java.dev.jna:jna:5.6.0) with MergeInstrumentationAnalysisTransform
Transforming netty-codec-socks-4.1.110.Final.jar (io.netty:netty-codec-socks:4.1.110.Final) with InstrumentationAnalysisTransform
Transforming netty-codec-socks-4.1.110.Final.jar (io.netty:netty-codec-socks:4.1.110.Final) with MergeInstrumentationAnalysisTransform
Transforming netty-codec-4.1.110.Final.jar (io.netty:netty-codec:4.1.110.Final) with InstrumentationAnalysisTransform
Transforming commons-codec-1.11.jar (commons-codec:commons-codec:1.11) with ExternalDependencyInstrumentingArtifactTransform
Transforming netty-codec-4.1.110.Final.jar (io.netty:netty-codec:4.1.110.Final) with MergeInstrumentationAnalysisTransform
Transforming netty-transport-4.1.110.Final.jar (io.netty:netty-transport:4.1.110.Final) with InstrumentationAnalysisTransform
Transforming jna-5.6.0.jar (net.java.dev.jna:jna:5.6.0) with ExternalDependencyInstrumentingArtifactTransform
Transforming netty-transport-4.1.110.Final.jar (io.netty:netty-transport:4.1.110.Final) with MergeInstrumentationAnalysisTransform
Transforming netty-buffer-4.1.110.Final.jar (io.netty:netty-buffer:4.1.110.Final) with InstrumentationAnalysisTransform
Transforming netty-buffer-4.1.110.Final.jar (io.netty:netty-buffer:4.1.110.Final) with MergeInstrumentationAnalysisTransform
Transforming netty-resolver-4.1.110.Final.jar (io.netty:netty-resolver:4.1.110.Final) with InstrumentationAnalysisTransform
Transforming netty-codec-socks-4.1.110.Final.jar (io.netty:netty-codec-socks:4.1.110.Final) with ExternalDependencyInstrumentingArtifactTransform
Transforming netty-resolver-4.1.110.Final.jar (io.netty:netty-resolver:4.1.110.Final) with MergeInstrumentationAnalysisTransform
Transforming netty-common-4.1.110.Final.jar (io.netty:netty-common:4.1.110.Final) with InstrumentationAnalysisTransform
Transforming netty-common-4.1.110.Final.jar (io.netty:netty-common:4.1.110.Final) with MergeInstrumentationAnalysisTransform
Transforming netty-codec-4.1.110.Final.jar (io.netty:netty-codec:4.1.110.Final) with ExternalDependencyInstrumentingArtifactTransform
Transforming netty-resolver-4.1.110.Final.jar (io.netty:netty-resolver:4.1.110.Final) with ExternalDependencyInstrumentingArtifactTransform
Transforming netty-buffer-4.1.110.Final.jar (io.netty:netty-buffer:4.1.110.Final) with ExternalDependencyInstrumentingArtifactTransform
Transforming netty-common-4.1.110.Final.jar (io.netty:netty-common:4.1.110.Final) with ExternalDependencyInstrumentingArtifactTransform
Transforming netty-transport-4.1.110.Final.jar (io.netty:netty-transport:4.1.110.Final) with ExternalDependencyInstrumentingArtifactTransform
Transforming plugins.jar (project :build-logic:plugins) with ProjectDependencyInstrumentingArtifactTransform
Transforming tools.jar (project :build-logic:tools) with ProjectDependencyInstrumentingArtifactTransform
Using Kotlin Gradle Plugin gradle811 variant
kotlin scripting plugin: created the scripting discovery configuration: kotlinScriptDef
kotlin scripting plugin: created the scripting discovery configuration: testKotlinScriptDef

> Configure project :debuglogs-viewer
Evaluating project ':debuglogs-viewer' using build file '/home/lollerfirst/Signal-Android/debuglogs-viewer/lib/build.gradle.kts'.
Transforming classes with InstrumentationAnalysisTransform
Transforming classes with InstrumentationAnalysisTransform
Transforming gradle-8.10.1.jar (com.android.tools.build:gradle:8.10.1) with InstrumentationAnalysisTransform
Transforming gradle-settings-api-8.10.1.jar (com.android.tools.build:gradle-settings-api:8.10.1) with InstrumentationAnalysisTransform
Transforming lint-model-31.10.1.jar (com.android.tools.lint:lint-model:31.10.1) with InstrumentationAnalysisTransform
Transforming builder-8.10.1.jar (com.android.tools.build:builder:8.10.1) with InstrumentationAnalysisTransform
Transforming manifest-merger-31.10.1.jar (com.android.tools.build:manifest-merger:31.10.1) with InstrumentationAnalysisTransform
Transforming sdk-common-31.10.1.jar (com.android.tools:sdk-common:31.10.1) with InstrumentationAnalysisTransform
Transforming sdklib-31.10.1.jar (com.android.tools:sdklib:31.10.1) with InstrumentationAnalysisTransform
Transforming repository-31.10.1.jar (com.android.tools:repository:31.10.1) with InstrumentationAnalysisTransform
Transforming aaptcompiler-8.10.1.jar (com.android.tools.build:aaptcompiler:8.10.1) with InstrumentationAnalysisTransform
Transforming tracker-31.10.1.jar (com.android.tools.analytics-library:tracker:31.10.1) with InstrumentationAnalysisTransform
Transforming shared-31.10.1.jar (com.android.tools.analytics-library:shared:31.10.1) with InstrumentationAnalysisTransform
Transforming databinding-compiler-common-8.10.1.jar (androidx.databinding:databinding-compiler-common:8.10.1) with InstrumentationAnalysisTransform
Transforming android-test-plugin-host-emulator-control-proto-31.10.1.jar (com.android.tools.utp:android-test-plugin-host-emulator-control-proto:31.10.1) with InstrumentationAnalysisTransform
Transforming builder-model-8.10.1.jar (com.android.tools.build:builder-model:8.10.1) with InstrumentationAnalysisTransform
Transforming gradle-api-8.10.1.jar (com.android.tools.build:gradle-api:8.10.1) with InstrumentationAnalysisTransform
Transforming builder-test-api-8.10.1.jar (com.android.tools.build:builder-test-api:8.10.1) with InstrumentationAnalysisTransform
Transforming ddmlib-31.10.1.jar (com.android.tools.ddms:ddmlib:31.10.1) with InstrumentationAnalysisTransform
Transforming layoutlib-api-31.10.1.jar (com.android.tools.layoutlib:layoutlib-api:31.10.1) with InstrumentationAnalysisTransform
Transforming dvlib-31.10.1.jar (com.android.tools:dvlib:31.10.1) with InstrumentationAnalysisTransform
Transforming common-31.10.1.jar (com.android.tools:common:31.10.1) with InstrumentationAnalysisTransform
Transforming kotlin-stdlib-jdk8-2.1.0.jar (org.jetbrains.kotlin:kotlin-stdlib-jdk8:2.1.0) with InstrumentationAnalysisTransform
Transforming jetifier-processor-1.0.0-beta10.jar (com.android.tools.build.jetifier:jetifier-processor:1.0.0-beta10) with InstrumentationAnalysisTransform
Transforming jetifier-core-1.0.0-beta10.jar (com.android.tools.build.jetifier:jetifier-core:1.0.0-beta10) with InstrumentationAnalysisTransform
Transforming kotlin-reflect-2.0.20.jar (org.jetbrains.kotlin:kotlin-reflect:2.0.20) with InstrumentationAnalysisTransform
Transforming kotlin-stdlib-jdk7-2.1.0.jar (org.jetbrains.kotlin:kotlin-stdlib-jdk7:2.1.0) with InstrumentationAnalysisTransform
Transforming kotlin-stdlib-2.0.20.jar (org.jetbrains.kotlin:kotlin-stdlib:2.0.20) with InstrumentationAnalysisTransform
Transforming annotations-13.0.jar (org.jetbrains:annotations:13.0) with InstrumentationAnalysisTransform
Transforming kotlin-gradle-plugin-model-2.2.20.jar (org.jetbrains.kotlin:kotlin-gradle-plugin-model:2.2.20) with InstrumentationAnalysisTransform
Transforming fus-statistics-gradle-plugin-2.2.20-gradle811.jar (org.jetbrains.kotlin:fus-statistics-gradle-plugin:2.2.20) with InstrumentationAnalysisTransform
Transforming kotlin-gradle-plugin-api-2.2.20.jar (org.jetbrains.kotlin:kotlin-gradle-plugin-api:2.2.20) with InstrumentationAnalysisTransform
Transforming kotlin-gradle-plugin-api-2.2.20-gradle811.jar (org.jetbrains.kotlin:kotlin-gradle-plugin-api:2.2.20) with InstrumentationAnalysisTransform
Transforming kotlin-gradle-plugin-2.2.20-gradle811.jar (org.jetbrains.kotlin:kotlin-gradle-plugin:2.2.20) with InstrumentationAnalysisTransform
Transforming ktlint-gradle-12.1.1.jar (org.jlleitschuh.gradle:ktlint-gradle:12.1.1) with InstrumentationAnalysisTransform
Transforming kotlin-gradle-plugin-idea-proto-2.2.20.jar (org.jetbrains.kotlin:kotlin-gradle-plugin-idea-proto:2.2.20) with InstrumentationAnalysisTransform
Transforming kotlin-gradle-plugin-idea-2.2.20.jar (org.jetbrains.kotlin:kotlin-gradle-plugin-idea:2.2.20) with InstrumentationAnalysisTransform
Transforming kotlin-klib-commonizer-api-2.2.20.jar (org.jetbrains.kotlin:kotlin-klib-commonizer-api:2.2.20) with InstrumentationAnalysisTransform
Transforming kotlin-build-statistics-2.2.20.jar (org.jetbrains.kotlin:kotlin-build-statistics:2.2.20) with InstrumentationAnalysisTransform
Transforming kotlin-util-klib-metadata-2.2.20.jar (org.jetbrains.kotlin:kotlin-util-klib-metadata:2.2.20) with InstrumentationAnalysisTransform
Transforming abi-tools-api-2.2.20.jar (org.jetbrains.kotlin:abi-tools-api:2.2.20) with InstrumentationAnalysisTransform
Transforming kotlin-compiler-runner-2.2.20.jar (org.jetbrains.kotlin:kotlin-compiler-runner:2.2.20) with InstrumentationAnalysisTransform
Transforming dnsjava-2.1.9.jar (dnsjava:dnsjava:2.1.9) with InstrumentationAnalysisTransform
Transforming kotlin-gradle-plugin-annotations-2.2.20.jar (org.jetbrains.kotlin:kotlin-gradle-plugin-annotations:2.2.20) with InstrumentationAnalysisTransform
Transforming kotlin-native-utils-2.2.20.jar (org.jetbrains.kotlin:kotlin-native-utils:2.2.20) with InstrumentationAnalysisTransform
Transforming kotlin-tooling-core-2.2.20.jar (org.jetbrains.kotlin:kotlin-tooling-core:2.2.20) with InstrumentationAnalysisTransform
Transforming kotlin-build-tools-api-2.2.20.jar (org.jetbrains.kotlin:kotlin-build-tools-api:2.2.20) with InstrumentationAnalysisTransform
Transforming android-test-plugin-result-listener-gradle-proto-31.10.1.jar (com.android.tools.utp:android-test-plugin-result-listener-gradle-proto:31.10.1) with InstrumentationAnalysisTransform
Transforming bundletool-1.18.0.jar (com.android.tools.build:bundletool:1.18.0) with InstrumentationAnalysisTransform
Transforming protobuf-java-util-3.25.5.jar (com.google.protobuf:protobuf-java-util:3.25.5) with InstrumentationAnalysisTransform
Transforming grpc-netty-1.69.1.jar (io.grpc:grpc-netty:1.69.1) with InstrumentationAnalysisTransform
Transforming grpc-inprocess-1.69.1.jar (io.grpc:grpc-inprocess:1.69.1) with InstrumentationAnalysisTransform
Transforming grpc-util-1.69.1.jar (io.grpc:grpc-util:1.69.1) with InstrumentationAnalysisTransform
Transforming grpc-core-1.69.1.jar (io.grpc:grpc-core:1.69.1) with InstrumentationAnalysisTransform
Transforming tink-1.7.0.jar (com.google.crypto.tink:tink:1.7.0) with InstrumentationAnalysisTransform
Transforming gson-2.11.0.jar (com.google.code.gson:gson:2.11.0) with InstrumentationAnalysisTransform
Transforming kotlin-util-klib-2.2.20.jar (org.jetbrains.kotlin:kotlin-util-klib:2.2.20) with InstrumentationAnalysisTransform
Transforming kotlin-util-io-2.2.20.jar (org.jetbrains.kotlin:kotlin-util-io:2.2.20) with InstrumentationAnalysisTransform
Transforming kotlin-daemon-client-2.2.20.jar (org.jetbrains.kotlin:kotlin-daemon-client:2.2.20) with InstrumentationAnalysisTransform
Transforming kotlinx-coroutines-core-jvm-1.8.0.jar (org.jetbrains.kotlinx:kotlinx-coroutines-core-jvm:1.8.0) with InstrumentationAnalysisTransform
Transforming aapt2-proto-8.10.1-12782657.jar (com.android.tools.build:aapt2-proto:8.10.1-12782657) with InstrumentationAnalysisTransform
Transforming crash-31.10.1.jar (com.android.tools.analytics-library:crash:31.10.1) with InstrumentationAnalysisTransform
Transforming lint-typedef-remover-31.10.1.jar (com.android.tools.lint:lint-typedef-remover:31.10.1) with InstrumentationAnalysisTransform
Transforming databinding-common-8.10.1.jar (androidx.databinding:databinding-common:8.10.1) with InstrumentationAnalysisTransform
Transforming baseLibrary-8.10.1.jar (com.android.databinding:baseLibrary:8.10.1) with InstrumentationAnalysisTransform
Transforming android-device-provider-ddmlib-proto-31.10.1.jar (com.android.tools.utp:android-device-provider-ddmlib-proto:31.10.1) with InstrumentationAnalysisTransform
Transforming android-device-provider-gradle-proto-31.10.1.jar (com.android.tools.utp:android-device-provider-gradle-proto:31.10.1) with InstrumentationAnalysisTransform
Transforming android-device-provider-profile-proto-31.10.1.jar (com.android.tools.utp:android-device-provider-profile-proto:31.10.1) with InstrumentationAnalysisTransform
Transforming android-test-plugin-host-additional-test-output-proto-31.10.1.jar (com.android.tools.utp:android-test-plugin-host-additional-test-output-proto:31.10.1) with InstrumentationAnalysisTransform
Transforming android-test-plugin-host-coverage-proto-31.10.1.jar (com.android.tools.utp:android-test-plugin-host-coverage-proto:31.10.1) with InstrumentationAnalysisTransform
Transforming android-test-plugin-host-logcat-proto-31.10.1.jar (com.android.tools.utp:android-test-plugin-host-logcat-proto:31.10.1) with InstrumentationAnalysisTransform
Transforming android-test-plugin-host-apk-installer-proto-31.10.1.jar (com.android.tools.utp:android-test-plugin-host-apk-installer-proto:31.10.1) with InstrumentationAnalysisTransform
Transforming transform-api-2.0.0-deprecated-use-gradle-api.jar (com.android.tools.build:transform-api:2.0.0-deprecated-use-gradle-api) with InstrumentationAnalysisTransform
Transforming httpmime-4.5.6.jar (org.apache.httpcomponents:httpmime:4.5.6) with InstrumentationAnalysisTransform
Transforming commons-io-2.16.1.jar (commons-io:commons-io:2.16.1) with InstrumentationAnalysisTransform
Transforming asm-commons-9.7.1.jar (org.ow2.asm:asm-commons:9.7.1) with InstrumentationAnalysisTransform
Transforming asm-util-9.7.1.jar (org.ow2.asm:asm-util:9.7.1) with InstrumentationAnalysisTransform
Transforming asm-analysis-9.7.1.jar (org.ow2.asm:asm-analysis:9.7.1) with InstrumentationAnalysisTransform
Transforming asm-tree-9.7.1.jar (org.ow2.asm:asm-tree:9.7.1) with InstrumentationAnalysisTransform
Transforming asm-9.7.1.jar (org.ow2.asm:asm:9.7.1) with InstrumentationAnalysisTransform
Transforming apkzlib-8.10.1.jar (com.android.tools.build:apkzlib:8.10.1) with InstrumentationAnalysisTransform
Transforming bcpkix-jdk18on-1.79.jar (org.bouncycastle:bcpkix-jdk18on:1.79) with InstrumentationAnalysisTransform
Transforming jaxb-runtime-2.3.2.jar (org.glassfish.jaxb:jaxb-runtime:2.3.2) with InstrumentationAnalysisTransform
Transforming jopt-simple-4.9.jar (net.sf.jopt-simple:jopt-simple:4.9) with InstrumentationAnalysisTransform
Transforming javapoet-1.10.0.jar (com.squareup:javapoet:1.10.0) with InstrumentationAnalysisTransform
Transforming grpc-protobuf-1.69.1.jar (io.grpc:grpc-protobuf:1.69.1) with InstrumentationAnalysisTransform
Transforming core-proto-0.0.9-alpha03.jar (com.google.testing.platform:core-proto:0.0.9-alpha03) with InstrumentationAnalysisTransform
Transforming protos-31.10.1.jar (com.android.tools.analytics-library:protos:31.10.1) with InstrumentationAnalysisTransform
Transforming proto-google-common-protos-2.48.0.jar (com.google.api.grpc:proto-google-common-protos:2.48.0) with InstrumentationAnalysisTransform
Transforming protobuf-java-3.25.5.jar (com.google.protobuf:protobuf-java:3.25.5) with InstrumentationAnalysisTransform
Transforming grpc-stub-1.69.1.jar (io.grpc:grpc-stub:1.69.1) with InstrumentationAnalysisTransform
Transforming tensorflow-lite-metadata-0.2.0.jar (org.tensorflow:tensorflow-lite-metadata:0.2.0) with InstrumentationAnalysisTransform
Transforming flatbuffers-java-1.12.0.jar (com.google.flatbuffers:flatbuffers-java:1.12.0) with InstrumentationAnalysisTransform
Transforming jimfs-1.1.jar (com.google.jimfs:jimfs:1.1) with InstrumentationAnalysisTransform
Transforming grpc-context-1.69.1.jar (io.grpc:grpc-context:1.69.1) with InstrumentationAnalysisTransform
Transforming grpc-protobuf-lite-1.69.1.jar (io.grpc:grpc-protobuf-lite:1.69.1) with InstrumentationAnalysisTransform
Transforming grpc-api-1.69.1.jar (io.grpc:grpc-api:1.69.1) with InstrumentationAnalysisTransform
Transforming guava-33.3.1-jre.jar (com.google.guava:guava:33.3.1-jre) with InstrumentationAnalysisTransform
Transforming error_prone_annotations-2.30.0.jar (com.google.errorprone:error_prone_annotations:2.30.0) with InstrumentationAnalysisTransform
Transforming dagger-2.28.3.jar (com.google.dagger:dagger:2.28.3) with InstrumentationAnalysisTransform
Transforming javax.inject-1.jar (javax.inject:javax.inject:1) with InstrumentationAnalysisTransform
Transforming kxml2-2.3.0.jar (net.sf.kxml:kxml2:2.3.0) with InstrumentationAnalysisTransform
Transforming commons-compress-1.21.jar (org.apache.commons:commons-compress:1.21) with InstrumentationAnalysisTransform
Transforming bcutil-jdk18on-1.79.jar (org.bouncycastle:bcutil-jdk18on:1.79) with InstrumentationAnalysisTransform
Transforming bcprov-jdk18on-1.79.jar (org.bouncycastle:bcprov-jdk18on:1.79) with InstrumentationAnalysisTransform
Transforming httpclient-4.5.14.jar (org.apache.httpcomponents:httpclient:4.5.14) with InstrumentationAnalysisTransform
Transforming httpcore-4.4.16.jar (org.apache.httpcomponents:httpcore:4.4.16) with InstrumentationAnalysisTransform
Transforming javax.activation-1.2.0.jar (com.sun.activation:javax.activation:1.2.0) with InstrumentationAnalysisTransform
Transforming signflinger-8.10.1.jar (com.android:signflinger:8.10.1) with InstrumentationAnalysisTransform
Transforming zipflinger-8.10.1.jar (com.android:zipflinger:8.10.1) with InstrumentationAnalysisTransform
Transforming annotations-31.10.1.jar (com.android.tools:annotations:31.10.1) with InstrumentationAnalysisTransform
Transforming jna-platform-5.6.0.jar (net.java.dev.jna:jna-platform:5.6.0) with InstrumentationAnalysisTransform
Transforming juniversalchardet-1.0.3.jar (com.googlecode.juniversalchardet:juniversalchardet:1.0.3) with InstrumentationAnalysisTransform
Transforming javax.annotation-api-1.3.2.jar (javax.annotation:javax.annotation-api:1.3.2) with InstrumentationAnalysisTransform
Transforming stax-ex-1.8.1.jar (org.jvnet.staxex:stax-ex:1.8.1) with InstrumentationAnalysisTransform
Transforming jakarta.xml.bind-api-2.3.2.jar (jakarta.xml.bind:jakarta.xml.bind-api:2.3.2) with InstrumentationAnalysisTransform
Transforming txw2-2.3.2.jar (org.glassfish.jaxb:txw2:2.3.2) with InstrumentationAnalysisTransform
Transforming istack-commons-runtime-3.0.8.jar (com.sun.istack:istack-commons-runtime:3.0.8) with InstrumentationAnalysisTransform
Transforming FastInfoset-1.2.16.jar (com.sun.xml.fastinfoset:FastInfoset:1.2.16) with InstrumentationAnalysisTransform
Transforming jakarta.activation-api-1.2.1.jar (jakarta.activation:jakarta.activation-api:1.2.1) with InstrumentationAnalysisTransform
Transforming auto-value-annotations-1.6.2.jar (com.google.auto.value:auto-value-annotations:1.6.2) with InstrumentationAnalysisTransform
Transforming jose4j-0.9.5.jar (org.bitbucket.b_c:jose4j:0.9.5) with InstrumentationAnalysisTransform
Transforming slf4j-api-1.7.30.jar (org.slf4j:slf4j-api:1.7.30) with InstrumentationAnalysisTransform
Transforming jdom2-2.0.6.jar (org.jdom:jdom2:2.0.6) with InstrumentationAnalysisTransform
Transforming jsr305-3.0.2.jar (com.google.code.findbugs:jsr305:3.0.2) with InstrumentationAnalysisTransform
Transforming j2objc-annotations-3.0.0.jar (com.google.j2objc:j2objc-annotations:3.0.0) with InstrumentationAnalysisTransform
Transforming annotations-4.1.1.4.jar (com.google.android:annotations:4.1.1.4) with InstrumentationAnalysisTransform
Transforming animal-sniffer-annotations-1.24.jar (org.codehaus.mojo:animal-sniffer-annotations:1.24) with InstrumentationAnalysisTransform
Transforming perfmark-api-0.27.0.jar (io.perfmark:perfmark-api:0.27.0) with InstrumentationAnalysisTransform
Transforming netty-codec-http2-4.1.110.Final.jar (io.netty:netty-codec-http2:4.1.110.Final) with InstrumentationAnalysisTransform
Transforming netty-handler-proxy-4.1.110.Final.jar (io.netty:netty-handler-proxy:4.1.110.Final) with InstrumentationAnalysisTransform
Transforming netty-codec-http-4.1.110.Final.jar (io.netty:netty-codec-http:4.1.110.Final) with InstrumentationAnalysisTransform
Transforming netty-handler-4.1.110.Final.jar (io.netty:netty-handler:4.1.110.Final) with InstrumentationAnalysisTransform
Transforming netty-transport-native-unix-common-4.1.110.Final.jar (io.netty:netty-transport-native-unix-common:4.1.110.Final) with InstrumentationAnalysisTransform
Transforming checker-qual-3.43.0.jar (org.checkerframework:checker-qual:3.43.0) with InstrumentationAnalysisTransform
Transforming apksig-8.10.1.jar (com.android.tools.build:apksig:8.10.1) with InstrumentationAnalysisTransform
Transforming javawriter-2.5.0.jar (com.squareup:javawriter:2.5.0) with InstrumentationAnalysisTransform
Transforming failureaccess-1.0.2.jar (com.google.guava:failureaccess:1.0.2) with InstrumentationAnalysisTransform
Transforming listenablefuture-9999.0-empty-to-avoid-conflict-with-guava.jar (com.google.guava:listenablefuture:9999.0-empty-to-avoid-conflict-with-guava) with InstrumentationAnalysisTransform
Transforming commons-logging-1.2.jar (commons-logging:commons-logging:1.2) with InstrumentationAnalysisTransform
Transforming commons-codec-1.11.jar (commons-codec:commons-codec:1.11) with InstrumentationAnalysisTransform
Transforming jna-5.6.0.jar (net.java.dev.jna:jna:5.6.0) with InstrumentationAnalysisTransform
Transforming netty-codec-socks-4.1.110.Final.jar (io.netty:netty-codec-socks:4.1.110.Final) with InstrumentationAnalysisTransform
Transforming netty-codec-4.1.110.Final.jar (io.netty:netty-codec:4.1.110.Final) with InstrumentationAnalysisTransform
Transforming netty-transport-4.1.110.Final.jar (io.netty:netty-transport:4.1.110.Final) with InstrumentationAnalysisTransform
Transforming netty-buffer-4.1.110.Final.jar (io.netty:netty-buffer:4.1.110.Final) with InstrumentationAnalysisTransform
Transforming netty-resolver-4.1.110.Final.jar (io.netty:netty-resolver:4.1.110.Final) with InstrumentationAnalysisTransform
Transforming netty-common-4.1.110.Final.jar (io.netty:netty-common:4.1.110.Final) with InstrumentationAnalysisTransform
Transforming main (project :build-logic:plugins) with InstrumentationAnalysisTransform
Transforming main (project :build-logic:plugins) with InstrumentationAnalysisTransform
Transforming main (project :build-logic:plugins) with InstrumentationAnalysisTransform
Transforming main (project :build-logic:tools) with InstrumentationAnalysisTransform
Transforming main (project :build-logic:tools) with InstrumentationAnalysisTransform
Transforming classes with InstrumentationAnalysisTransform
Transforming classes with MergeInstrumentationAnalysisTransform
Transforming classes with InstrumentationAnalysisTransform
Transforming classes with MergeInstrumentationAnalysisTransform
Transforming gradle-8.10.1.jar (com.android.tools.build:gradle:8.10.1) with InstrumentationAnalysisTransform
Transforming gradle-8.10.1.jar (com.android.tools.build:gradle:8.10.1) with MergeInstrumentationAnalysisTransform
Transforming gradle-settings-api-8.10.1.jar (com.android.tools.build:gradle-settings-api:8.10.1) with InstrumentationAnalysisTransform
Transforming gradle-settings-api-8.10.1.jar (com.android.tools.build:gradle-settings-api:8.10.1) with MergeInstrumentationAnalysisTransform
Transforming classes with ExternalDependencyInstrumentingArtifactTransform
Transforming classes with ExternalDependencyInstrumentingArtifactTransform
Transforming lint-model-31.10.1.jar (com.android.tools.lint:lint-model:31.10.1) with InstrumentationAnalysisTransform
Transforming lint-model-31.10.1.jar (com.android.tools.lint:lint-model:31.10.1) with MergeInstrumentationAnalysisTransform
Transforming builder-8.10.1.jar (com.android.tools.build:builder:8.10.1) with InstrumentationAnalysisTransform
Transforming builder-8.10.1.jar (com.android.tools.build:builder:8.10.1) with MergeInstrumentationAnalysisTransform
Transforming lint-model-31.10.1.jar (com.android.tools.lint:lint-model:31.10.1) with ExternalDependencyInstrumentingArtifactTransform
Transforming manifest-merger-31.10.1.jar (com.android.tools.build:manifest-merger:31.10.1) with InstrumentationAnalysisTransform
Transforming gradle-8.10.1.jar (com.android.tools.build:gradle:8.10.1) with ExternalDependencyInstrumentingArtifactTransform
Transforming manifest-merger-31.10.1.jar (com.android.tools.build:manifest-merger:31.10.1) with MergeInstrumentationAnalysisTransform
Transforming sdk-common-31.10.1.jar (com.android.tools:sdk-common:31.10.1) with InstrumentationAnalysisTransform
Transforming sdk-common-31.10.1.jar (com.android.tools:sdk-common:31.10.1) with MergeInstrumentationAnalysisTransform
Transforming sdklib-31.10.1.jar (com.android.tools:sdklib:31.10.1) with InstrumentationAnalysisTransform
Transforming gradle-settings-api-8.10.1.jar (com.android.tools.build:gradle-settings-api:8.10.1) with ExternalDependencyInstrumentingArtifactTransform
Transforming builder-8.10.1.jar (com.android.tools.build:builder:8.10.1) with ExternalDependencyInstrumentingArtifactTransform
Transforming sdklib-31.10.1.jar (com.android.tools:sdklib:31.10.1) with MergeInstrumentationAnalysisTransform
Transforming repository-31.10.1.jar (com.android.tools:repository:31.10.1) with InstrumentationAnalysisTransform
Transforming sdk-common-31.10.1.jar (com.android.tools:sdk-common:31.10.1) with ExternalDependencyInstrumentingArtifactTransform
Transforming repository-31.10.1.jar (com.android.tools:repository:31.10.1) with MergeInstrumentationAnalysisTransform
Transforming manifest-merger-31.10.1.jar (com.android.tools.build:manifest-merger:31.10.1) with ExternalDependencyInstrumentingArtifactTransform
Transforming aaptcompiler-8.10.1.jar (com.android.tools.build:aaptcompiler:8.10.1) with InstrumentationAnalysisTransform
Transforming aaptcompiler-8.10.1.jar (com.android.tools.build:aaptcompiler:8.10.1) with MergeInstrumentationAnalysisTransform
Transforming tracker-31.10.1.jar (com.android.tools.analytics-library:tracker:31.10.1) with InstrumentationAnalysisTransform
Transforming sdklib-31.10.1.jar (com.android.tools:sdklib:31.10.1) with ExternalDependencyInstrumentingArtifactTransform
Transforming tracker-31.10.1.jar (com.android.tools.analytics-library:tracker:31.10.1) with MergeInstrumentationAnalysisTransform
Transforming shared-31.10.1.jar (com.android.tools.analytics-library:shared:31.10.1) with InstrumentationAnalysisTransform
Transforming repository-31.10.1.jar (com.android.tools:repository:31.10.1) with ExternalDependencyInstrumentingArtifactTransform
Transforming shared-31.10.1.jar (com.android.tools.analytics-library:shared:31.10.1) with MergeInstrumentationAnalysisTransform
Transforming databinding-compiler-common-8.10.1.jar (androidx.databinding:databinding-compiler-common:8.10.1) with InstrumentationAnalysisTransform
Transforming databinding-compiler-common-8.10.1.jar (androidx.databinding:databinding-compiler-common:8.10.1) with MergeInstrumentationAnalysisTransform
Transforming android-test-plugin-host-emulator-control-proto-31.10.1.jar (com.android.tools.utp:android-test-plugin-host-emulator-control-proto:31.10.1) with InstrumentationAnalysisTransform
Transforming aaptcompiler-8.10.1.jar (com.android.tools.build:aaptcompiler:8.10.1) with ExternalDependencyInstrumentingArtifactTransform
Transforming tracker-31.10.1.jar (com.android.tools.analytics-library:tracker:31.10.1) with ExternalDependencyInstrumentingArtifactTransform
Transforming android-test-plugin-host-emulator-control-proto-31.10.1.jar (com.android.tools.utp:android-test-plugin-host-emulator-control-proto:31.10.1) with MergeInstrumentationAnalysisTransform
Transforming databinding-compiler-common-8.10.1.jar (androidx.databinding:databinding-compiler-common:8.10.1) with ExternalDependencyInstrumentingArtifactTransform
Transforming shared-31.10.1.jar (com.android.tools.analytics-library:shared:31.10.1) with ExternalDependencyInstrumentingArtifactTransform
Transforming builder-model-8.10.1.jar (com.android.tools.build:builder-model:8.10.1) with InstrumentationAnalysisTransform
Transforming android-test-plugin-host-emulator-control-proto-31.10.1.jar (com.android.tools.utp:android-test-plugin-host-emulator-control-proto:31.10.1) with ExternalDependencyInstrumentingArtifactTransform
Transforming builder-model-8.10.1.jar (com.android.tools.build:builder-model:8.10.1) with MergeInstrumentationAnalysisTransform
Transforming gradle-api-8.10.1.jar (com.android.tools.build:gradle-api:8.10.1) with InstrumentationAnalysisTransform
Transforming gradle-api-8.10.1.jar (com.android.tools.build:gradle-api:8.10.1) with MergeInstrumentationAnalysisTransform
Transforming builder-test-api-8.10.1.jar (com.android.tools.build:builder-test-api:8.10.1) with InstrumentationAnalysisTransform
Transforming builder-test-api-8.10.1.jar (com.android.tools.build:builder-test-api:8.10.1) with MergeInstrumentationAnalysisTransform
Transforming builder-model-8.10.1.jar (com.android.tools.build:builder-model:8.10.1) with ExternalDependencyInstrumentingArtifactTransform
Transforming ddmlib-31.10.1.jar (com.android.tools.ddms:ddmlib:31.10.1) with InstrumentationAnalysisTransform
Transforming ddmlib-31.10.1.jar (com.android.tools.ddms:ddmlib:31.10.1) with MergeInstrumentationAnalysisTransform
Transforming layoutlib-api-31.10.1.jar (com.android.tools.layoutlib:layoutlib-api:31.10.1) with InstrumentationAnalysisTransform
Transforming builder-test-api-8.10.1.jar (com.android.tools.build:builder-test-api:8.10.1) with ExternalDependencyInstrumentingArtifactTransform
Transforming layoutlib-api-31.10.1.jar (com.android.tools.layoutlib:layoutlib-api:31.10.1) with MergeInstrumentationAnalysisTransform
Transforming dvlib-31.10.1.jar (com.android.tools:dvlib:31.10.1) with InstrumentationAnalysisTransform
Transforming dvlib-31.10.1.jar (com.android.tools:dvlib:31.10.1) with MergeInstrumentationAnalysisTransform
Transforming ddmlib-31.10.1.jar (com.android.tools.ddms:ddmlib:31.10.1) with ExternalDependencyInstrumentingArtifactTransform
Transforming layoutlib-api-31.10.1.jar (com.android.tools.layoutlib:layoutlib-api:31.10.1) with ExternalDependencyInstrumentingArtifactTransform
Transforming gradle-api-8.10.1.jar (com.android.tools.build:gradle-api:8.10.1) with ExternalDependencyInstrumentingArtifactTransform
Transforming common-31.10.1.jar (com.android.tools:common:31.10.1) with InstrumentationAnalysisTransform
Transforming dvlib-31.10.1.jar (com.android.tools:dvlib:31.10.1) with ExternalDependencyInstrumentingArtifactTransform
Transforming common-31.10.1.jar (com.android.tools:common:31.10.1) with MergeInstrumentationAnalysisTransform
Transforming kotlin-stdlib-jdk8-2.1.0.jar (org.jetbrains.kotlin:kotlin-stdlib-jdk8:2.1.0) with InstrumentationAnalysisTransform
Transforming kotlin-stdlib-jdk8-2.1.0.jar (org.jetbrains.kotlin:kotlin-stdlib-jdk8:2.1.0) with MergeInstrumentationAnalysisTransform
Transforming jetifier-processor-1.0.0-beta10.jar (com.android.tools.build.jetifier:jetifier-processor:1.0.0-beta10) with InstrumentationAnalysisTransform
Transforming jetifier-processor-1.0.0-beta10.jar (com.android.tools.build.jetifier:jetifier-processor:1.0.0-beta10) with MergeInstrumentationAnalysisTransform
Transforming jetifier-core-1.0.0-beta10.jar (com.android.tools.build.jetifier:jetifier-core:1.0.0-beta10) with InstrumentationAnalysisTransform
Transforming jetifier-core-1.0.0-beta10.jar (com.android.tools.build.jetifier:jetifier-core:1.0.0-beta10) with MergeInstrumentationAnalysisTransform
Transforming common-31.10.1.jar (com.android.tools:common:31.10.1) with ExternalDependencyInstrumentingArtifactTransform
Transforming kotlin-reflect-2.0.20.jar (org.jetbrains.kotlin:kotlin-reflect:2.0.20) with InstrumentationAnalysisTransform
Transforming jetifier-processor-1.0.0-beta10.jar (com.android.tools.build.jetifier:jetifier-processor:1.0.0-beta10) with ExternalDependencyInstrumentingArtifactTransform
Transforming kotlin-reflect-2.0.20.jar (org.jetbrains.kotlin:kotlin-reflect:2.0.20) with MergeInstrumentationAnalysisTransform
Transforming jetifier-core-1.0.0-beta10.jar (com.android.tools.build.jetifier:jetifier-core:1.0.0-beta10) with ExternalDependencyInstrumentingArtifactTransform
Transforming kotlin-stdlib-jdk7-2.1.0.jar (org.jetbrains.kotlin:kotlin-stdlib-jdk7:2.1.0) with InstrumentationAnalysisTransform
Transforming kotlin-stdlib-jdk8-2.1.0.jar (org.jetbrains.kotlin:kotlin-stdlib-jdk8:2.1.0) with ExternalDependencyInstrumentingArtifactTransform
Transforming kotlin-stdlib-jdk7-2.1.0.jar (org.jetbrains.kotlin:kotlin-stdlib-jdk7:2.1.0) with MergeInstrumentationAnalysisTransform
Transforming kotlin-stdlib-2.0.20.jar (org.jetbrains.kotlin:kotlin-stdlib:2.0.20) with InstrumentationAnalysisTransform
Transforming kotlin-stdlib-2.0.20.jar (org.jetbrains.kotlin:kotlin-stdlib:2.0.20) with MergeInstrumentationAnalysisTransform
Transforming annotations-13.0.jar (org.jetbrains:annotations:13.0) with InstrumentationAnalysisTransform
Transforming annotations-13.0.jar (org.jetbrains:annotations:13.0) with MergeInstrumentationAnalysisTransform
Transforming kotlin-reflect-2.0.20.jar (org.jetbrains.kotlin:kotlin-reflect:2.0.20) with ExternalDependencyInstrumentingArtifactTransform
Transforming kotlin-gradle-plugin-model-2.2.20.jar (org.jetbrains.kotlin:kotlin-gradle-plugin-model:2.2.20) with InstrumentationAnalysisTransform
Transforming kotlin-gradle-plugin-model-2.2.20.jar (org.jetbrains.kotlin:kotlin-gradle-plugin-model:2.2.20) with MergeInstrumentationAnalysisTransform
Transforming fus-statistics-gradle-plugin-2.2.20-gradle811.jar (org.jetbrains.kotlin:fus-statistics-gradle-plugin:2.2.20) with InstrumentationAnalysisTransform
Transforming fus-statistics-gradle-plugin-2.2.20-gradle811.jar (org.jetbrains.kotlin:fus-statistics-gradle-plugin:2.2.20) with MergeInstrumentationAnalysisTransform
Transforming kotlin-stdlib-jdk7-2.1.0.jar (org.jetbrains.kotlin:kotlin-stdlib-jdk7:2.1.0) with ExternalDependencyInstrumentingArtifactTransform
Transforming kotlin-stdlib-2.0.20.jar (org.jetbrains.kotlin:kotlin-stdlib:2.0.20) with ExternalDependencyInstrumentingArtifactTransform
Transforming kotlin-gradle-plugin-api-2.2.20.jar (org.jetbrains.kotlin:kotlin-gradle-plugin-api:2.2.20) with InstrumentationAnalysisTransform
Transforming fus-statistics-gradle-plugin-2.2.20-gradle811.jar (org.jetbrains.kotlin:fus-statistics-gradle-plugin:2.2.20) with ExternalDependencyInstrumentingArtifactTransform
Transforming kotlin-gradle-plugin-model-2.2.20.jar (org.jetbrains.kotlin:kotlin-gradle-plugin-model:2.2.20) with ExternalDependencyInstrumentingArtifactTransform
Transforming annotations-13.0.jar (org.jetbrains:annotations:13.0) with ExternalDependencyInstrumentingArtifactTransform
Transforming kotlin-gradle-plugin-api-2.2.20.jar (org.jetbrains.kotlin:kotlin-gradle-plugin-api:2.2.20) with MergeInstrumentationAnalysisTransform
Transforming kotlin-gradle-plugin-api-2.2.20-gradle811.jar (org.jetbrains.kotlin:kotlin-gradle-plugin-api:2.2.20) with InstrumentationAnalysisTransform
Transforming kotlin-gradle-plugin-api-2.2.20-gradle811.jar (org.jetbrains.kotlin:kotlin-gradle-plugin-api:2.2.20) with MergeInstrumentationAnalysisTransform
Transforming kotlin-gradle-plugin-2.2.20-gradle811.jar (org.jetbrains.kotlin:kotlin-gradle-plugin:2.2.20) with InstrumentationAnalysisTransform
Transforming kotlin-gradle-plugin-2.2.20-gradle811.jar (org.jetbrains.kotlin:kotlin-gradle-plugin:2.2.20) with MergeInstrumentationAnalysisTransform
Transforming ktlint-gradle-12.1.1.jar (org.jlleitschuh.gradle:ktlint-gradle:12.1.1) with InstrumentationAnalysisTransform
Transforming kotlin-gradle-plugin-api-2.2.20.jar (org.jetbrains.kotlin:kotlin-gradle-plugin-api:2.2.20) with ExternalDependencyInstrumentingArtifactTransform
Transforming kotlin-gradle-plugin-api-2.2.20-gradle811.jar (org.jetbrains.kotlin:kotlin-gradle-plugin-api:2.2.20) with ExternalDependencyInstrumentingArtifactTransform
Transforming kotlin-gradle-plugin-2.2.20-gradle811.jar (org.jetbrains.kotlin:kotlin-gradle-plugin:2.2.20) with ExternalDependencyInstrumentingArtifactTransform
Transforming ktlint-gradle-12.1.1.jar (org.jlleitschuh.gradle:ktlint-gradle:12.1.1) with MergeInstrumentationAnalysisTransform
Transforming kotlin-gradle-plugin-idea-proto-2.2.20.jar (org.jetbrains.kotlin:kotlin-gradle-plugin-idea-proto:2.2.20) with InstrumentationAnalysisTransform
Transforming kotlin-gradle-plugin-idea-proto-2.2.20.jar (org.jetbrains.kotlin:kotlin-gradle-plugin-idea-proto:2.2.20) with MergeInstrumentationAnalysisTransform
Transforming kotlin-gradle-plugin-idea-2.2.20.jar (org.jetbrains.kotlin:kotlin-gradle-plugin-idea:2.2.20) with InstrumentationAnalysisTransform
Transforming kotlin-gradle-plugin-idea-2.2.20.jar (org.jetbrains.kotlin:kotlin-gradle-plugin-idea:2.2.20) with MergeInstrumentationAnalysisTransform
Transforming kotlin-klib-commonizer-api-2.2.20.jar (org.jetbrains.kotlin:kotlin-klib-commonizer-api:2.2.20) with InstrumentationAnalysisTransform
Transforming kotlin-klib-commonizer-api-2.2.20.jar (org.jetbrains.kotlin:kotlin-klib-commonizer-api:2.2.20) with MergeInstrumentationAnalysisTransform
Transforming kotlin-build-statistics-2.2.20.jar (org.jetbrains.kotlin:kotlin-build-statistics:2.2.20) with InstrumentationAnalysisTransform
Transforming ktlint-gradle-12.1.1.jar (org.jlleitschuh.gradle:ktlint-gradle:12.1.1) with ExternalDependencyInstrumentingArtifactTransform
Transforming kotlin-build-statistics-2.2.20.jar (org.jetbrains.kotlin:kotlin-build-statistics:2.2.20) with MergeInstrumentationAnalysisTransform
Transforming kotlin-util-klib-metadata-2.2.20.jar (org.jetbrains.kotlin:kotlin-util-klib-metadata:2.2.20) with InstrumentationAnalysisTransform
Transforming kotlin-gradle-plugin-idea-2.2.20.jar (org.jetbrains.kotlin:kotlin-gradle-plugin-idea:2.2.20) with ExternalDependencyInstrumentingArtifactTransform
Transforming kotlin-util-klib-metadata-2.2.20.jar (org.jetbrains.kotlin:kotlin-util-klib-metadata:2.2.20) with MergeInstrumentationAnalysisTransform
Transforming kotlin-gradle-plugin-idea-proto-2.2.20.jar (org.jetbrains.kotlin:kotlin-gradle-plugin-idea-proto:2.2.20) with ExternalDependencyInstrumentingArtifactTransform
Transforming kotlin-build-statistics-2.2.20.jar (org.jetbrains.kotlin:kotlin-build-statistics:2.2.20) with ExternalDependencyInstrumentingArtifactTransform
Transforming kotlin-klib-commonizer-api-2.2.20.jar (org.jetbrains.kotlin:kotlin-klib-commonizer-api:2.2.20) with ExternalDependencyInstrumentingArtifactTransform
Transforming abi-tools-api-2.2.20.jar (org.jetbrains.kotlin:abi-tools-api:2.2.20) with InstrumentationAnalysisTransform
Transforming abi-tools-api-2.2.20.jar (org.jetbrains.kotlin:abi-tools-api:2.2.20) with MergeInstrumentationAnalysisTransform
Transforming kotlin-util-klib-metadata-2.2.20.jar (org.jetbrains.kotlin:kotlin-util-klib-metadata:2.2.20) with ExternalDependencyInstrumentingArtifactTransform
Transforming kotlin-compiler-runner-2.2.20.jar (org.jetbrains.kotlin:kotlin-compiler-runner:2.2.20) with InstrumentationAnalysisTransform
Transforming kotlin-compiler-runner-2.2.20.jar (org.jetbrains.kotlin:kotlin-compiler-runner:2.2.20) with MergeInstrumentationAnalysisTransform
Transforming dnsjava-2.1.9.jar (dnsjava:dnsjava:2.1.9) with InstrumentationAnalysisTransform
Transforming abi-tools-api-2.2.20.jar (org.jetbrains.kotlin:abi-tools-api:2.2.20) with ExternalDependencyInstrumentingArtifactTransform
Transforming kotlin-compiler-runner-2.2.20.jar (org.jetbrains.kotlin:kotlin-compiler-runner:2.2.20) with ExternalDependencyInstrumentingArtifactTransform
Transforming dnsjava-2.1.9.jar (dnsjava:dnsjava:2.1.9) with MergeInstrumentationAnalysisTransform
Transforming kotlin-gradle-plugin-annotations-2.2.20.jar (org.jetbrains.kotlin:kotlin-gradle-plugin-annotations:2.2.20) with InstrumentationAnalysisTransform
Transforming kotlin-gradle-plugin-annotations-2.2.20.jar (org.jetbrains.kotlin:kotlin-gradle-plugin-annotations:2.2.20) with MergeInstrumentationAnalysisTransform
Transforming dnsjava-2.1.9.jar (dnsjava:dnsjava:2.1.9) with ExternalDependencyInstrumentingArtifactTransform
Transforming kotlin-native-utils-2.2.20.jar (org.jetbrains.kotlin:kotlin-native-utils:2.2.20) with InstrumentationAnalysisTransform
Transforming kotlin-native-utils-2.2.20.jar (org.jetbrains.kotlin:kotlin-native-utils:2.2.20) with MergeInstrumentationAnalysisTransform
Transforming kotlin-gradle-plugin-annotations-2.2.20.jar (org.jetbrains.kotlin:kotlin-gradle-plugin-annotations:2.2.20) with ExternalDependencyInstrumentingArtifactTransform
Transforming kotlin-tooling-core-2.2.20.jar (org.jetbrains.kotlin:kotlin-tooling-core:2.2.20) with InstrumentationAnalysisTransform
Transforming kotlin-tooling-core-2.2.20.jar (org.jetbrains.kotlin:kotlin-tooling-core:2.2.20) with MergeInstrumentationAnalysisTransform
Transforming kotlin-build-tools-api-2.2.20.jar (org.jetbrains.kotlin:kotlin-build-tools-api:2.2.20) with InstrumentationAnalysisTransform
Transforming kotlin-native-utils-2.2.20.jar (org.jetbrains.kotlin:kotlin-native-utils:2.2.20) with ExternalDependencyInstrumentingArtifactTransform
Transforming kotlin-build-tools-api-2.2.20.jar (org.jetbrains.kotlin:kotlin-build-tools-api:2.2.20) with MergeInstrumentationAnalysisTransform
Transforming kotlin-tooling-core-2.2.20.jar (org.jetbrains.kotlin:kotlin-tooling-core:2.2.20) with ExternalDependencyInstrumentingArtifactTransform
Transforming android-test-plugin-result-listener-gradle-proto-31.10.1.jar (com.android.tools.utp:android-test-plugin-result-listener-gradle-proto:31.10.1) with InstrumentationAnalysisTransform
Transforming android-test-plugin-result-listener-gradle-proto-31.10.1.jar (com.android.tools.utp:android-test-plugin-result-listener-gradle-proto:31.10.1) with MergeInstrumentationAnalysisTransform
Transforming bundletool-1.18.0.jar (com.android.tools.build:bundletool:1.18.0) with InstrumentationAnalysisTransform
Transforming bundletool-1.18.0.jar (com.android.tools.build:bundletool:1.18.0) with MergeInstrumentationAnalysisTransform
Transforming kotlin-build-tools-api-2.2.20.jar (org.jetbrains.kotlin:kotlin-build-tools-api:2.2.20) with ExternalDependencyInstrumentingArtifactTransform
Transforming protobuf-java-util-3.25.5.jar (com.google.protobuf:protobuf-java-util:3.25.5) with InstrumentationAnalysisTransform
Transforming android-test-plugin-result-listener-gradle-proto-31.10.1.jar (com.android.tools.utp:android-test-plugin-result-listener-gradle-proto:31.10.1) with ExternalDependencyInstrumentingArtifactTransform
Transforming protobuf-java-util-3.25.5.jar (com.google.protobuf:protobuf-java-util:3.25.5) with MergeInstrumentationAnalysisTransform
Transforming bundletool-1.18.0.jar (com.android.tools.build:bundletool:1.18.0) with ExternalDependencyInstrumentingArtifactTransform
Transforming grpc-netty-1.69.1.jar (io.grpc:grpc-netty:1.69.1) with InstrumentationAnalysisTransform
Transforming grpc-netty-1.69.1.jar (io.grpc:grpc-netty:1.69.1) with MergeInstrumentationAnalysisTransform
Transforming grpc-inprocess-1.69.1.jar (io.grpc:grpc-inprocess:1.69.1) with InstrumentationAnalysisTransform
Transforming protobuf-java-util-3.25.5.jar (com.google.protobuf:protobuf-java-util:3.25.5) with ExternalDependencyInstrumentingArtifactTransform
Transforming grpc-inprocess-1.69.1.jar (io.grpc:grpc-inprocess:1.69.1) with MergeInstrumentationAnalysisTransform
Transforming grpc-netty-1.69.1.jar (io.grpc:grpc-netty:1.69.1) with ExternalDependencyInstrumentingArtifactTransform
Transforming grpc-util-1.69.1.jar (io.grpc:grpc-util:1.69.1) with InstrumentationAnalysisTransform
Transforming grpc-util-1.69.1.jar (io.grpc:grpc-util:1.69.1) with MergeInstrumentationAnalysisTransform
Transforming grpc-core-1.69.1.jar (io.grpc:grpc-core:1.69.1) with InstrumentationAnalysisTransform
Transforming grpc-core-1.69.1.jar (io.grpc:grpc-core:1.69.1) with MergeInstrumentationAnalysisTransform
Transforming tink-1.7.0.jar (com.google.crypto.tink:tink:1.7.0) with InstrumentationAnalysisTransform
Transforming grpc-inprocess-1.69.1.jar (io.grpc:grpc-inprocess:1.69.1) with ExternalDependencyInstrumentingArtifactTransform
Transforming tink-1.7.0.jar (com.google.crypto.tink:tink:1.7.0) with MergeInstrumentationAnalysisTransform
Transforming gson-2.11.0.jar (com.google.code.gson:gson:2.11.0) with InstrumentationAnalysisTransform
Transforming gson-2.11.0.jar (com.google.code.gson:gson:2.11.0) with MergeInstrumentationAnalysisTransform
Transforming kotlin-util-klib-2.2.20.jar (org.jetbrains.kotlin:kotlin-util-klib:2.2.20) with InstrumentationAnalysisTransform
Transforming kotlin-util-klib-2.2.20.jar (org.jetbrains.kotlin:kotlin-util-klib:2.2.20) with MergeInstrumentationAnalysisTransform
Transforming grpc-util-1.69.1.jar (io.grpc:grpc-util:1.69.1) with ExternalDependencyInstrumentingArtifactTransform
Transforming kotlin-util-io-2.2.20.jar (org.jetbrains.kotlin:kotlin-util-io:2.2.20) with InstrumentationAnalysisTransform
Transforming kotlin-util-io-2.2.20.jar (org.jetbrains.kotlin:kotlin-util-io:2.2.20) with MergeInstrumentationAnalysisTransform
Transforming kotlin-daemon-client-2.2.20.jar (org.jetbrains.kotlin:kotlin-daemon-client:2.2.20) with InstrumentationAnalysisTransform
Transforming grpc-core-1.69.1.jar (io.grpc:grpc-core:1.69.1) with ExternalDependencyInstrumentingArtifactTransform
Transforming kotlin-daemon-client-2.2.20.jar (org.jetbrains.kotlin:kotlin-daemon-client:2.2.20) with MergeInstrumentationAnalysisTransform
Transforming kotlinx-coroutines-core-jvm-1.8.0.jar (org.jetbrains.kotlinx:kotlinx-coroutines-core-jvm:1.8.0) with InstrumentationAnalysisTransform
Transforming kotlinx-coroutines-core-jvm-1.8.0.jar (org.jetbrains.kotlinx:kotlinx-coroutines-core-jvm:1.8.0) with MergeInstrumentationAnalysisTransform
Transforming aapt2-proto-8.10.1-12782657.jar (com.android.tools.build:aapt2-proto:8.10.1-12782657) with InstrumentationAnalysisTransform
Transforming aapt2-proto-8.10.1-12782657.jar (com.android.tools.build:aapt2-proto:8.10.1-12782657) with MergeInstrumentationAnalysisTransform
Transforming crash-31.10.1.jar (com.android.tools.analytics-library:crash:31.10.1) with InstrumentationAnalysisTransform
Transforming crash-31.10.1.jar (com.android.tools.analytics-library:crash:31.10.1) with MergeInstrumentationAnalysisTransform
Transforming lint-typedef-remover-31.10.1.jar (com.android.tools.lint:lint-typedef-remover:31.10.1) with InstrumentationAnalysisTransform
Transforming lint-typedef-remover-31.10.1.jar (com.android.tools.lint:lint-typedef-remover:31.10.1) with MergeInstrumentationAnalysisTransform
Transforming tink-1.7.0.jar (com.google.crypto.tink:tink:1.7.0) with ExternalDependencyInstrumentingArtifactTransform
Transforming kotlin-util-io-2.2.20.jar (org.jetbrains.kotlin:kotlin-util-io:2.2.20) with ExternalDependencyInstrumentingArtifactTransform
Transforming kotlin-util-klib-2.2.20.jar (org.jetbrains.kotlin:kotlin-util-klib:2.2.20) with ExternalDependencyInstrumentingArtifactTransform
Transforming kotlin-daemon-client-2.2.20.jar (org.jetbrains.kotlin:kotlin-daemon-client:2.2.20) with ExternalDependencyInstrumentingArtifactTransform
Transforming crash-31.10.1.jar (com.android.tools.analytics-library:crash:31.10.1) with ExternalDependencyInstrumentingArtifactTransform
Transforming lint-typedef-remover-31.10.1.jar (com.android.tools.lint:lint-typedef-remover:31.10.1) with ExternalDependencyInstrumentingArtifactTransform
Transforming gson-2.11.0.jar (com.google.code.gson:gson:2.11.0) with ExternalDependencyInstrumentingArtifactTransform
Transforming aapt2-proto-8.10.1-12782657.jar (com.android.tools.build:aapt2-proto:8.10.1-12782657) with ExternalDependencyInstrumentingArtifactTransform
Transforming kotlinx-coroutines-core-jvm-1.8.0.jar (org.jetbrains.kotlinx:kotlinx-coroutines-core-jvm:1.8.0) with ExternalDependencyInstrumentingArtifactTransform
Transforming databinding-common-8.10.1.jar (androidx.databinding:databinding-common:8.10.1) with InstrumentationAnalysisTransform
Transforming databinding-common-8.10.1.jar (androidx.databinding:databinding-common:8.10.1) with MergeInstrumentationAnalysisTransform
Transforming baseLibrary-8.10.1.jar (com.android.databinding:baseLibrary:8.10.1) with InstrumentationAnalysisTransform
Transforming baseLibrary-8.10.1.jar (com.android.databinding:baseLibrary:8.10.1) with MergeInstrumentationAnalysisTransform
Transforming android-device-provider-ddmlib-proto-31.10.1.jar (com.android.tools.utp:android-device-provider-ddmlib-proto:31.10.1) with InstrumentationAnalysisTransform
Transforming android-device-provider-ddmlib-proto-31.10.1.jar (com.android.tools.utp:android-device-provider-ddmlib-proto:31.10.1) with MergeInstrumentationAnalysisTransform
Transforming android-device-provider-gradle-proto-31.10.1.jar (com.android.tools.utp:android-device-provider-gradle-proto:31.10.1) with InstrumentationAnalysisTransform
Transforming baseLibrary-8.10.1.jar (com.android.databinding:baseLibrary:8.10.1) with ExternalDependencyInstrumentingArtifactTransform
Transforming android-device-provider-gradle-proto-31.10.1.jar (com.android.tools.utp:android-device-provider-gradle-proto:31.10.1) with MergeInstrumentationAnalysisTransform
Transforming android-device-provider-profile-proto-31.10.1.jar (com.android.tools.utp:android-device-provider-profile-proto:31.10.1) with InstrumentationAnalysisTransform
Transforming android-device-provider-profile-proto-31.10.1.jar (com.android.tools.utp:android-device-provider-profile-proto:31.10.1) with MergeInstrumentationAnalysisTransform
Transforming android-device-provider-ddmlib-proto-31.10.1.jar (com.android.tools.utp:android-device-provider-ddmlib-proto:31.10.1) with ExternalDependencyInstrumentingArtifactTransform
Transforming android-test-plugin-host-additional-test-output-proto-31.10.1.jar (com.android.tools.utp:android-test-plugin-host-additional-test-output-proto:31.10.1) with InstrumentationAnalysisTransform
Transforming android-device-provider-gradle-proto-31.10.1.jar (com.android.tools.utp:android-device-provider-gradle-proto:31.10.1) with ExternalDependencyInstrumentingArtifactTransform
Transforming databinding-common-8.10.1.jar (androidx.databinding:databinding-common:8.10.1) with ExternalDependencyInstrumentingArtifactTransform
Transforming android-test-plugin-host-additional-test-output-proto-31.10.1.jar (com.android.tools.utp:android-test-plugin-host-additional-test-output-proto:31.10.1) with MergeInstrumentationAnalysisTransform
Transforming android-device-provider-profile-proto-31.10.1.jar (com.android.tools.utp:android-device-provider-profile-proto:31.10.1) with ExternalDependencyInstrumentingArtifactTransform
Transforming android-test-plugin-host-coverage-proto-31.10.1.jar (com.android.tools.utp:android-test-plugin-host-coverage-proto:31.10.1) with InstrumentationAnalysisTransform
Transforming android-test-plugin-host-coverage-proto-31.10.1.jar (com.android.tools.utp:android-test-plugin-host-coverage-proto:31.10.1) with MergeInstrumentationAnalysisTransform
Transforming android-test-plugin-host-logcat-proto-31.10.1.jar (com.android.tools.utp:android-test-plugin-host-logcat-proto:31.10.1) with InstrumentationAnalysisTransform
Transforming android-test-plugin-host-additional-test-output-proto-31.10.1.jar (com.android.tools.utp:android-test-plugin-host-additional-test-output-proto:31.10.1) with ExternalDependencyInstrumentingArtifactTransform
Transforming android-test-plugin-host-logcat-proto-31.10.1.jar (com.android.tools.utp:android-test-plugin-host-logcat-proto:31.10.1) with MergeInstrumentationAnalysisTransform
Transforming android-test-plugin-host-apk-installer-proto-31.10.1.jar (com.android.tools.utp:android-test-plugin-host-apk-installer-proto:31.10.1) with InstrumentationAnalysisTransform
Transforming android-test-plugin-host-coverage-proto-31.10.1.jar (com.android.tools.utp:android-test-plugin-host-coverage-proto:31.10.1) with ExternalDependencyInstrumentingArtifactTransform
Transforming android-test-plugin-host-apk-installer-proto-31.10.1.jar (com.android.tools.utp:android-test-plugin-host-apk-installer-proto:31.10.1) with MergeInstrumentationAnalysisTransform
Transforming transform-api-2.0.0-deprecated-use-gradle-api.jar (com.android.tools.build:transform-api:2.0.0-deprecated-use-gradle-api) with InstrumentationAnalysisTransform
Transforming transform-api-2.0.0-deprecated-use-gradle-api.jar (com.android.tools.build:transform-api:2.0.0-deprecated-use-gradle-api) with MergeInstrumentationAnalysisTransform
Transforming httpmime-4.5.6.jar (org.apache.httpcomponents:httpmime:4.5.6) with InstrumentationAnalysisTransform
Transforming httpmime-4.5.6.jar (org.apache.httpcomponents:httpmime:4.5.6) with MergeInstrumentationAnalysisTransform
Transforming android-test-plugin-host-logcat-proto-31.10.1.jar (com.android.tools.utp:android-test-plugin-host-logcat-proto:31.10.1) with ExternalDependencyInstrumentingArtifactTransform
Transforming transform-api-2.0.0-deprecated-use-gradle-api.jar (com.android.tools.build:transform-api:2.0.0-deprecated-use-gradle-api) with ExternalDependencyInstrumentingArtifactTransform
Transforming android-test-plugin-host-apk-installer-proto-31.10.1.jar (com.android.tools.utp:android-test-plugin-host-apk-installer-proto:31.10.1) with ExternalDependencyInstrumentingArtifactTransform
Transforming httpmime-4.5.6.jar (org.apache.httpcomponents:httpmime:4.5.6) with ExternalDependencyInstrumentingArtifactTransform
Transforming commons-io-2.16.1.jar (commons-io:commons-io:2.16.1) with InstrumentationAnalysisTransform
Transforming commons-io-2.16.1.jar (commons-io:commons-io:2.16.1) with MergeInstrumentationAnalysisTransform
Transforming asm-commons-9.7.1.jar (org.ow2.asm:asm-commons:9.7.1) with InstrumentationAnalysisTransform
Transforming asm-commons-9.7.1.jar (org.ow2.asm:asm-commons:9.7.1) with MergeInstrumentationAnalysisTransform
Transforming asm-util-9.7.1.jar (org.ow2.asm:asm-util:9.7.1) with InstrumentationAnalysisTransform
Transforming asm-util-9.7.1.jar (org.ow2.asm:asm-util:9.7.1) with MergeInstrumentationAnalysisTransform
Transforming commons-io-2.16.1.jar (commons-io:commons-io:2.16.1) with ExternalDependencyInstrumentingArtifactTransform
Transforming asm-analysis-9.7.1.jar (org.ow2.asm:asm-analysis:9.7.1) with InstrumentationAnalysisTransform
Transforming asm-analysis-9.7.1.jar (org.ow2.asm:asm-analysis:9.7.1) with MergeInstrumentationAnalysisTransform
Transforming asm-tree-9.7.1.jar (org.ow2.asm:asm-tree:9.7.1) with InstrumentationAnalysisTransform
Transforming asm-commons-9.7.1.jar (org.ow2.asm:asm-commons:9.7.1) with ExternalDependencyInstrumentingArtifactTransform
Transforming asm-tree-9.7.1.jar (org.ow2.asm:asm-tree:9.7.1) with MergeInstrumentationAnalysisTransform
Transforming asm-9.7.1.jar (org.ow2.asm:asm:9.7.1) with InstrumentationAnalysisTransform
Transforming asm-9.7.1.jar (org.ow2.asm:asm:9.7.1) with MergeInstrumentationAnalysisTransform
Transforming apkzlib-8.10.1.jar (com.android.tools.build:apkzlib:8.10.1) with InstrumentationAnalysisTransform
Transforming asm-analysis-9.7.1.jar (org.ow2.asm:asm-analysis:9.7.1) with ExternalDependencyInstrumentingArtifactTransform
Transforming apkzlib-8.10.1.jar (com.android.tools.build:apkzlib:8.10.1) with MergeInstrumentationAnalysisTransform
Transforming bcpkix-jdk18on-1.79.jar (org.bouncycastle:bcpkix-jdk18on:1.79) with InstrumentationAnalysisTransform
Transforming bcpkix-jdk18on-1.79.jar (org.bouncycastle:bcpkix-jdk18on:1.79) with MergeInstrumentationAnalysisTransform
Transforming asm-util-9.7.1.jar (org.ow2.asm:asm-util:9.7.1) with ExternalDependencyInstrumentingArtifactTransform
Transforming jaxb-runtime-2.3.2.jar (org.glassfish.jaxb:jaxb-runtime:2.3.2) with InstrumentationAnalysisTransform
Transforming asm-tree-9.7.1.jar (org.ow2.asm:asm-tree:9.7.1) with ExternalDependencyInstrumentingArtifactTransform
Transforming asm-9.7.1.jar (org.ow2.asm:asm:9.7.1) with ExternalDependencyInstrumentingArtifactTransform
Transforming apkzlib-8.10.1.jar (com.android.tools.build:apkzlib:8.10.1) with ExternalDependencyInstrumentingArtifactTransform
Transforming jaxb-runtime-2.3.2.jar (org.glassfish.jaxb:jaxb-runtime:2.3.2) with MergeInstrumentationAnalysisTransform
Transforming jopt-simple-4.9.jar (net.sf.jopt-simple:jopt-simple:4.9) with InstrumentationAnalysisTransform
Transforming jopt-simple-4.9.jar (net.sf.jopt-simple:jopt-simple:4.9) with MergeInstrumentationAnalysisTransform
Transforming javapoet-1.10.0.jar (com.squareup:javapoet:1.10.0) with InstrumentationAnalysisTransform
Transforming javapoet-1.10.0.jar (com.squareup:javapoet:1.10.0) with MergeInstrumentationAnalysisTransform
Transforming jaxb-runtime-2.3.2.jar (org.glassfish.jaxb:jaxb-runtime:2.3.2) with ExternalDependencyInstrumentingArtifactTransform
Transforming bcpkix-jdk18on-1.79.jar (org.bouncycastle:bcpkix-jdk18on:1.79) with ExternalDependencyInstrumentingArtifactTransform
Transforming jopt-simple-4.9.jar (net.sf.jopt-simple:jopt-simple:4.9) with ExternalDependencyInstrumentingArtifactTransform
Transforming javapoet-1.10.0.jar (com.squareup:javapoet:1.10.0) with ExternalDependencyInstrumentingArtifactTransform
Transforming grpc-protobuf-1.69.1.jar (io.grpc:grpc-protobuf:1.69.1) with InstrumentationAnalysisTransform
Transforming grpc-protobuf-1.69.1.jar (io.grpc:grpc-protobuf:1.69.1) with MergeInstrumentationAnalysisTransform
Transforming core-proto-0.0.9-alpha03.jar (com.google.testing.platform:core-proto:0.0.9-alpha03) with InstrumentationAnalysisTransform
Transforming core-proto-0.0.9-alpha03.jar (com.google.testing.platform:core-proto:0.0.9-alpha03) with MergeInstrumentationAnalysisTransform
Transforming protos-31.10.1.jar (com.android.tools.analytics-library:protos:31.10.1) with InstrumentationAnalysisTransform
Transforming protos-31.10.1.jar (com.android.tools.analytics-library:protos:31.10.1) with MergeInstrumentationAnalysisTransform
Transforming proto-google-common-protos-2.48.0.jar (com.google.api.grpc:proto-google-common-protos:2.48.0) with InstrumentationAnalysisTransform
Transforming proto-google-common-protos-2.48.0.jar (com.google.api.grpc:proto-google-common-protos:2.48.0) with MergeInstrumentationAnalysisTransform
Transforming grpc-protobuf-1.69.1.jar (io.grpc:grpc-protobuf:1.69.1) with ExternalDependencyInstrumentingArtifactTransform
Transforming protobuf-java-3.25.5.jar (com.google.protobuf:protobuf-java:3.25.5) with InstrumentationAnalysisTransform
Transforming protobuf-java-3.25.5.jar (com.google.protobuf:protobuf-java:3.25.5) with MergeInstrumentationAnalysisTransform
Transforming grpc-stub-1.69.1.jar (io.grpc:grpc-stub:1.69.1) with InstrumentationAnalysisTransform
Transforming grpc-stub-1.69.1.jar (io.grpc:grpc-stub:1.69.1) with MergeInstrumentationAnalysisTransform
Transforming tensorflow-lite-metadata-0.2.0.jar (org.tensorflow:tensorflow-lite-metadata:0.2.0) with InstrumentationAnalysisTransform
Transforming tensorflow-lite-metadata-0.2.0.jar (org.tensorflow:tensorflow-lite-metadata:0.2.0) with MergeInstrumentationAnalysisTransform
Transforming flatbuffers-java-1.12.0.jar (com.google.flatbuffers:flatbuffers-java:1.12.0) with InstrumentationAnalysisTransform
Transforming flatbuffers-java-1.12.0.jar (com.google.flatbuffers:flatbuffers-java:1.12.0) with MergeInstrumentationAnalysisTransform
Transforming jimfs-1.1.jar (com.google.jimfs:jimfs:1.1) with InstrumentationAnalysisTransform
Transforming core-proto-0.0.9-alpha03.jar (com.google.testing.platform:core-proto:0.0.9-alpha03) with ExternalDependencyInstrumentingArtifactTransform
Transforming jimfs-1.1.jar (com.google.jimfs:jimfs:1.1) with MergeInstrumentationAnalysisTransform
Transforming grpc-context-1.69.1.jar (io.grpc:grpc-context:1.69.1) with InstrumentationAnalysisTransform
Transforming proto-google-common-protos-2.48.0.jar (com.google.api.grpc:proto-google-common-protos:2.48.0) with ExternalDependencyInstrumentingArtifactTransform
Transforming grpc-context-1.69.1.jar (io.grpc:grpc-context:1.69.1) with MergeInstrumentationAnalysisTransform
Transforming grpc-protobuf-lite-1.69.1.jar (io.grpc:grpc-protobuf-lite:1.69.1) with InstrumentationAnalysisTransform
Transforming grpc-protobuf-lite-1.69.1.jar (io.grpc:grpc-protobuf-lite:1.69.1) with MergeInstrumentationAnalysisTransform
Transforming grpc-api-1.69.1.jar (io.grpc:grpc-api:1.69.1) with InstrumentationAnalysisTransform
Transforming tensorflow-lite-metadata-0.2.0.jar (org.tensorflow:tensorflow-lite-metadata:0.2.0) with ExternalDependencyInstrumentingArtifactTransform
Transforming grpc-stub-1.69.1.jar (io.grpc:grpc-stub:1.69.1) with ExternalDependencyInstrumentingArtifactTransform
Transforming protos-31.10.1.jar (com.android.tools.analytics-library:protos:31.10.1) with ExternalDependencyInstrumentingArtifactTransform
Transforming flatbuffers-java-1.12.0.jar (com.google.flatbuffers:flatbuffers-java:1.12.0) with ExternalDependencyInstrumentingArtifactTransform
Transforming grpc-context-1.69.1.jar (io.grpc:grpc-context:1.69.1) with ExternalDependencyInstrumentingArtifactTransform
Transforming jimfs-1.1.jar (com.google.jimfs:jimfs:1.1) with ExternalDependencyInstrumentingArtifactTransform
Transforming grpc-protobuf-lite-1.69.1.jar (io.grpc:grpc-protobuf-lite:1.69.1) with ExternalDependencyInstrumentingArtifactTransform
Transforming protobuf-java-3.25.5.jar (com.google.protobuf:protobuf-java:3.25.5) with ExternalDependencyInstrumentingArtifactTransform
Transforming grpc-api-1.69.1.jar (io.grpc:grpc-api:1.69.1) with MergeInstrumentationAnalysisTransform
Transforming guava-33.3.1-jre.jar (com.google.guava:guava:33.3.1-jre) with InstrumentationAnalysisTransform
Transforming grpc-api-1.69.1.jar (io.grpc:grpc-api:1.69.1) with ExternalDependencyInstrumentingArtifactTransform
Transforming guava-33.3.1-jre.jar (com.google.guava:guava:33.3.1-jre) with MergeInstrumentationAnalysisTransform
Transforming error_prone_annotations-2.30.0.jar (com.google.errorprone:error_prone_annotations:2.30.0) with InstrumentationAnalysisTransform
Transforming error_prone_annotations-2.30.0.jar (com.google.errorprone:error_prone_annotations:2.30.0) with MergeInstrumentationAnalysisTransform
Transforming dagger-2.28.3.jar (com.google.dagger:dagger:2.28.3) with InstrumentationAnalysisTransform
Transforming guava-33.3.1-jre.jar (com.google.guava:guava:33.3.1-jre) with ExternalDependencyInstrumentingArtifactTransform
Transforming dagger-2.28.3.jar (com.google.dagger:dagger:2.28.3) with MergeInstrumentationAnalysisTransform
Transforming javax.inject-1.jar (javax.inject:javax.inject:1) with InstrumentationAnalysisTransform
Transforming error_prone_annotations-2.30.0.jar (com.google.errorprone:error_prone_annotations:2.30.0) with ExternalDependencyInstrumentingArtifactTransform
Transforming javax.inject-1.jar (javax.inject:javax.inject:1) with MergeInstrumentationAnalysisTransform
Transforming kxml2-2.3.0.jar (net.sf.kxml:kxml2:2.3.0) with InstrumentationAnalysisTransform
Transforming kxml2-2.3.0.jar (net.sf.kxml:kxml2:2.3.0) with MergeInstrumentationAnalysisTransform
Transforming dagger-2.28.3.jar (com.google.dagger:dagger:2.28.3) with ExternalDependencyInstrumentingArtifactTransform
Transforming javax.inject-1.jar (javax.inject:javax.inject:1) with ExternalDependencyInstrumentingArtifactTransform
Transforming commons-compress-1.21.jar (org.apache.commons:commons-compress:1.21) with InstrumentationAnalysisTransform
Transforming commons-compress-1.21.jar (org.apache.commons:commons-compress:1.21) with MergeInstrumentationAnalysisTransform
Transforming kxml2-2.3.0.jar (net.sf.kxml:kxml2:2.3.0) with ExternalDependencyInstrumentingArtifactTransform
Transforming bcutil-jdk18on-1.79.jar (org.bouncycastle:bcutil-jdk18on:1.79) with InstrumentationAnalysisTransform
Transforming bcutil-jdk18on-1.79.jar (org.bouncycastle:bcutil-jdk18on:1.79) with MergeInstrumentationAnalysisTransform
Transforming bcprov-jdk18on-1.79.jar (org.bouncycastle:bcprov-jdk18on:1.79) with InstrumentationAnalysisTransform
Transforming commons-compress-1.21.jar (org.apache.commons:commons-compress:1.21) with ExternalDependencyInstrumentingArtifactTransform
Transforming bcprov-jdk18on-1.79.jar (org.bouncycastle:bcprov-jdk18on:1.79) with MergeInstrumentationAnalysisTransform
Transforming httpclient-4.5.14.jar (org.apache.httpcomponents:httpclient:4.5.14) with InstrumentationAnalysisTransform
Transforming httpclient-4.5.14.jar (org.apache.httpcomponents:httpclient:4.5.14) with MergeInstrumentationAnalysisTransform
Transforming httpcore-4.4.16.jar (org.apache.httpcomponents:httpcore:4.4.16) with InstrumentationAnalysisTransform
Transforming bcutil-jdk18on-1.79.jar (org.bouncycastle:bcutil-jdk18on:1.79) with ExternalDependencyInstrumentingArtifactTransform
Transforming httpclient-4.5.14.jar (org.apache.httpcomponents:httpclient:4.5.14) with ExternalDependencyInstrumentingArtifactTransform
Transforming bcprov-jdk18on-1.79.jar (org.bouncycastle:bcprov-jdk18on:1.79) with ExternalDependencyInstrumentingArtifactTransform
Transforming httpcore-4.4.16.jar (org.apache.httpcomponents:httpcore:4.4.16) with MergeInstrumentationAnalysisTransform
Transforming javax.activation-1.2.0.jar (com.sun.activation:javax.activation:1.2.0) with InstrumentationAnalysisTransform
Transforming javax.activation-1.2.0.jar (com.sun.activation:javax.activation:1.2.0) with MergeInstrumentationAnalysisTransform
Transforming signflinger-8.10.1.jar (com.android:signflinger:8.10.1) with InstrumentationAnalysisTransform
Transforming signflinger-8.10.1.jar (com.android:signflinger:8.10.1) with MergeInstrumentationAnalysisTransform
Transforming httpcore-4.4.16.jar (org.apache.httpcomponents:httpcore:4.4.16) with ExternalDependencyInstrumentingArtifactTransform
Transforming zipflinger-8.10.1.jar (com.android:zipflinger:8.10.1) with InstrumentationAnalysisTransform
Transforming javax.activation-1.2.0.jar (com.sun.activation:javax.activation:1.2.0) with ExternalDependencyInstrumentingArtifactTransform
Transforming zipflinger-8.10.1.jar (com.android:zipflinger:8.10.1) with MergeInstrumentationAnalysisTransform
Transforming annotations-31.10.1.jar (com.android.tools:annotations:31.10.1) with InstrumentationAnalysisTransform
Transforming signflinger-8.10.1.jar (com.android:signflinger:8.10.1) with ExternalDependencyInstrumentingArtifactTransform
Transforming zipflinger-8.10.1.jar (com.android:zipflinger:8.10.1) with ExternalDependencyInstrumentingArtifactTransform
Transforming annotations-31.10.1.jar (com.android.tools:annotations:31.10.1) with MergeInstrumentationAnalysisTransform
Transforming jna-platform-5.6.0.jar (net.java.dev.jna:jna-platform:5.6.0) with InstrumentationAnalysisTransform
Transforming jna-platform-5.6.0.jar (net.java.dev.jna:jna-platform:5.6.0) with MergeInstrumentationAnalysisTransform
Transforming annotations-31.10.1.jar (com.android.tools:annotations:31.10.1) with ExternalDependencyInstrumentingArtifactTransform
Transforming juniversalchardet-1.0.3.jar (com.googlecode.juniversalchardet:juniversalchardet:1.0.3) with InstrumentationAnalysisTransform
Transforming juniversalchardet-1.0.3.jar (com.googlecode.juniversalchardet:juniversalchardet:1.0.3) with MergeInstrumentationAnalysisTransform
Transforming javax.annotation-api-1.3.2.jar (javax.annotation:javax.annotation-api:1.3.2) with InstrumentationAnalysisTransform
Transforming javax.annotation-api-1.3.2.jar (javax.annotation:javax.annotation-api:1.3.2) with MergeInstrumentationAnalysisTransform
Transforming juniversalchardet-1.0.3.jar (com.googlecode.juniversalchardet:juniversalchardet:1.0.3) with ExternalDependencyInstrumentingArtifactTransform
Transforming jna-platform-5.6.0.jar (net.java.dev.jna:jna-platform:5.6.0) with ExternalDependencyInstrumentingArtifactTransform
Transforming stax-ex-1.8.1.jar (org.jvnet.staxex:stax-ex:1.8.1) with InstrumentationAnalysisTransform
Transforming javax.annotation-api-1.3.2.jar (javax.annotation:javax.annotation-api:1.3.2) with ExternalDependencyInstrumentingArtifactTransform
Transforming stax-ex-1.8.1.jar (org.jvnet.staxex:stax-ex:1.8.1) with MergeInstrumentationAnalysisTransform
Transforming jakarta.xml.bind-api-2.3.2.jar (jakarta.xml.bind:jakarta.xml.bind-api:2.3.2) with InstrumentationAnalysisTransform
Transforming jakarta.xml.bind-api-2.3.2.jar (jakarta.xml.bind:jakarta.xml.bind-api:2.3.2) with MergeInstrumentationAnalysisTransform
Transforming txw2-2.3.2.jar (org.glassfish.jaxb:txw2:2.3.2) with InstrumentationAnalysisTransform
Transforming stax-ex-1.8.1.jar (org.jvnet.staxex:stax-ex:1.8.1) with ExternalDependencyInstrumentingArtifactTransform
Transforming txw2-2.3.2.jar (org.glassfish.jaxb:txw2:2.3.2) with MergeInstrumentationAnalysisTransform
Transforming istack-commons-runtime-3.0.8.jar (com.sun.istack:istack-commons-runtime:3.0.8) with InstrumentationAnalysisTransform
Transforming istack-commons-runtime-3.0.8.jar (com.sun.istack:istack-commons-runtime:3.0.8) with MergeInstrumentationAnalysisTransform
Transforming txw2-2.3.2.jar (org.glassfish.jaxb:txw2:2.3.2) with ExternalDependencyInstrumentingArtifactTransform
Transforming FastInfoset-1.2.16.jar (com.sun.xml.fastinfoset:FastInfoset:1.2.16) with InstrumentationAnalysisTransform
Transforming jakarta.xml.bind-api-2.3.2.jar (jakarta.xml.bind:jakarta.xml.bind-api:2.3.2) with ExternalDependencyInstrumentingArtifactTransform
Transforming istack-commons-runtime-3.0.8.jar (com.sun.istack:istack-commons-runtime:3.0.8) with ExternalDependencyInstrumentingArtifactTransform
Transforming FastInfoset-1.2.16.jar (com.sun.xml.fastinfoset:FastInfoset:1.2.16) with MergeInstrumentationAnalysisTransform
Transforming jakarta.activation-api-1.2.1.jar (jakarta.activation:jakarta.activation-api:1.2.1) with InstrumentationAnalysisTransform
Transforming jakarta.activation-api-1.2.1.jar (jakarta.activation:jakarta.activation-api:1.2.1) with MergeInstrumentationAnalysisTransform
Transforming FastInfoset-1.2.16.jar (com.sun.xml.fastinfoset:FastInfoset:1.2.16) with ExternalDependencyInstrumentingArtifactTransform
Transforming auto-value-annotations-1.6.2.jar (com.google.auto.value:auto-value-annotations:1.6.2) with InstrumentationAnalysisTransform
Transforming auto-value-annotations-1.6.2.jar (com.google.auto.value:auto-value-annotations:1.6.2) with MergeInstrumentationAnalysisTransform
Transforming jose4j-0.9.5.jar (org.bitbucket.b_c:jose4j:0.9.5) with InstrumentationAnalysisTransform
Transforming jose4j-0.9.5.jar (org.bitbucket.b_c:jose4j:0.9.5) with MergeInstrumentationAnalysisTransform
Transforming jakarta.activation-api-1.2.1.jar (jakarta.activation:jakarta.activation-api:1.2.1) with ExternalDependencyInstrumentingArtifactTransform
Transforming slf4j-api-1.7.30.jar (org.slf4j:slf4j-api:1.7.30) with InstrumentationAnalysisTransform
Transforming auto-value-annotations-1.6.2.jar (com.google.auto.value:auto-value-annotations:1.6.2) with ExternalDependencyInstrumentingArtifactTransform
Transforming slf4j-api-1.7.30.jar (org.slf4j:slf4j-api:1.7.30) with MergeInstrumentationAnalysisTransform
Transforming jdom2-2.0.6.jar (org.jdom:jdom2:2.0.6) with InstrumentationAnalysisTransform
Transforming jdom2-2.0.6.jar (org.jdom:jdom2:2.0.6) with MergeInstrumentationAnalysisTransform
Transforming jsr305-3.0.2.jar (com.google.code.findbugs:jsr305:3.0.2) with InstrumentationAnalysisTransform
Transforming jose4j-0.9.5.jar (org.bitbucket.b_c:jose4j:0.9.5) with ExternalDependencyInstrumentingArtifactTransform
Transforming jsr305-3.0.2.jar (com.google.code.findbugs:jsr305:3.0.2) with MergeInstrumentationAnalysisTransform
Transforming slf4j-api-1.7.30.jar (org.slf4j:slf4j-api:1.7.30) with ExternalDependencyInstrumentingArtifactTransform
Transforming jdom2-2.0.6.jar (org.jdom:jdom2:2.0.6) with ExternalDependencyInstrumentingArtifactTransform
Transforming j2objc-annotations-3.0.0.jar (com.google.j2objc:j2objc-annotations:3.0.0) with InstrumentationAnalysisTransform
Transforming j2objc-annotations-3.0.0.jar (com.google.j2objc:j2objc-annotations:3.0.0) with MergeInstrumentationAnalysisTransform
Transforming annotations-4.1.1.4.jar (com.google.android:annotations:4.1.1.4) with InstrumentationAnalysisTransform
Transforming annotations-4.1.1.4.jar (com.google.android:annotations:4.1.1.4) with MergeInstrumentationAnalysisTransform
Transforming animal-sniffer-annotations-1.24.jar (org.codehaus.mojo:animal-sniffer-annotations:1.24) with InstrumentationAnalysisTransform
Transforming animal-sniffer-annotations-1.24.jar (org.codehaus.mojo:animal-sniffer-annotations:1.24) with MergeInstrumentationAnalysisTransform
Transforming perfmark-api-0.27.0.jar (io.perfmark:perfmark-api:0.27.0) with InstrumentationAnalysisTransform
Transforming jsr305-3.0.2.jar (com.google.code.findbugs:jsr305:3.0.2) with ExternalDependencyInstrumentingArtifactTransform
Transforming perfmark-api-0.27.0.jar (io.perfmark:perfmark-api:0.27.0) with MergeInstrumentationAnalysisTransform
Transforming netty-codec-http2-4.1.110.Final.jar (io.netty:netty-codec-http2:4.1.110.Final) with InstrumentationAnalysisTransform
Transforming j2objc-annotations-3.0.0.jar (com.google.j2objc:j2objc-annotations:3.0.0) with ExternalDependencyInstrumentingArtifactTransform
Transforming netty-codec-http2-4.1.110.Final.jar (io.netty:netty-codec-http2:4.1.110.Final) with MergeInstrumentationAnalysisTransform
Transforming netty-handler-proxy-4.1.110.Final.jar (io.netty:netty-handler-proxy:4.1.110.Final) with InstrumentationAnalysisTransform
Transforming netty-handler-proxy-4.1.110.Final.jar (io.netty:netty-handler-proxy:4.1.110.Final) with MergeInstrumentationAnalysisTransform
Transforming netty-codec-http-4.1.110.Final.jar (io.netty:netty-codec-http:4.1.110.Final) with InstrumentationAnalysisTransform
Transforming netty-codec-http-4.1.110.Final.jar (io.netty:netty-codec-http:4.1.110.Final) with MergeInstrumentationAnalysisTransform
Transforming netty-handler-4.1.110.Final.jar (io.netty:netty-handler:4.1.110.Final) with InstrumentationAnalysisTransform
Transforming netty-handler-4.1.110.Final.jar (io.netty:netty-handler:4.1.110.Final) with MergeInstrumentationAnalysisTransform
Transforming annotations-4.1.1.4.jar (com.google.android:annotations:4.1.1.4) with ExternalDependencyInstrumentingArtifactTransform
Transforming netty-transport-native-unix-common-4.1.110.Final.jar (io.netty:netty-transport-native-unix-common:4.1.110.Final) with InstrumentationAnalysisTransform
Transforming netty-transport-native-unix-common-4.1.110.Final.jar (io.netty:netty-transport-native-unix-common:4.1.110.Final) with MergeInstrumentationAnalysisTransform
Transforming checker-qual-3.43.0.jar (org.checkerframework:checker-qual:3.43.0) with InstrumentationAnalysisTransform
Transforming animal-sniffer-annotations-1.24.jar (org.codehaus.mojo:animal-sniffer-annotations:1.24) with ExternalDependencyInstrumentingArtifactTransform
Transforming checker-qual-3.43.0.jar (org.checkerframework:checker-qual:3.43.0) with MergeInstrumentationAnalysisTransform
Transforming apksig-8.10.1.jar (com.android.tools.build:apksig:8.10.1) with InstrumentationAnalysisTransform
Transforming apksig-8.10.1.jar (com.android.tools.build:apksig:8.10.1) with MergeInstrumentationAnalysisTransform
Transforming javawriter-2.5.0.jar (com.squareup:javawriter:2.5.0) with InstrumentationAnalysisTransform
Transforming javawriter-2.5.0.jar (com.squareup:javawriter:2.5.0) with MergeInstrumentationAnalysisTransform
Transforming failureaccess-1.0.2.jar (com.google.guava:failureaccess:1.0.2) with InstrumentationAnalysisTransform
Transforming perfmark-api-0.27.0.jar (io.perfmark:perfmark-api:0.27.0) with ExternalDependencyInstrumentingArtifactTransform
Transforming failureaccess-1.0.2.jar (com.google.guava:failureaccess:1.0.2) with MergeInstrumentationAnalysisTransform
Transforming netty-codec-http2-4.1.110.Final.jar (io.netty:netty-codec-http2:4.1.110.Final) with ExternalDependencyInstrumentingArtifactTransform
Transforming listenablefuture-9999.0-empty-to-avoid-conflict-with-guava.jar (com.google.guava:listenablefuture:9999.0-empty-to-avoid-conflict-with-guava) with InstrumentationAnalysisTransform
Transforming listenablefuture-9999.0-empty-to-avoid-conflict-with-guava.jar (com.google.guava:listenablefuture:9999.0-empty-to-avoid-conflict-with-guava) with MergeInstrumentationAnalysisTransform
Transforming commons-logging-1.2.jar (commons-logging:commons-logging:1.2) with InstrumentationAnalysisTransform
Transforming netty-handler-proxy-4.1.110.Final.jar (io.netty:netty-handler-proxy:4.1.110.Final) with ExternalDependencyInstrumentingArtifactTransform
Transforming netty-codec-http-4.1.110.Final.jar (io.netty:netty-codec-http:4.1.110.Final) with ExternalDependencyInstrumentingArtifactTransform
Transforming commons-logging-1.2.jar (commons-logging:commons-logging:1.2) with MergeInstrumentationAnalysisTransform
Transforming netty-transport-native-unix-common-4.1.110.Final.jar (io.netty:netty-transport-native-unix-common:4.1.110.Final) with ExternalDependencyInstrumentingArtifactTransform
Transforming netty-handler-4.1.110.Final.jar (io.netty:netty-handler:4.1.110.Final) with ExternalDependencyInstrumentingArtifactTransform
Transforming commons-codec-1.11.jar (commons-codec:commons-codec:1.11) with InstrumentationAnalysisTransform
Transforming commons-codec-1.11.jar (commons-codec:commons-codec:1.11) with MergeInstrumentationAnalysisTransform
Transforming apksig-8.10.1.jar (com.android.tools.build:apksig:8.10.1) with ExternalDependencyInstrumentingArtifactTransform
Transforming javawriter-2.5.0.jar (com.squareup:javawriter:2.5.0) with ExternalDependencyInstrumentingArtifactTransform
Transforming jna-5.6.0.jar (net.java.dev.jna:jna:5.6.0) with InstrumentationAnalysisTransform
Transforming jna-5.6.0.jar (net.java.dev.jna:jna:5.6.0) with MergeInstrumentationAnalysisTransform
Transforming failureaccess-1.0.2.jar (com.google.guava:failureaccess:1.0.2) with ExternalDependencyInstrumentingArtifactTransform
Transforming commons-codec-1.11.jar (commons-codec:commons-codec:1.11) with ExternalDependencyInstrumentingArtifactTransform
Transforming listenablefuture-9999.0-empty-to-avoid-conflict-with-guava.jar (com.google.guava:listenablefuture:9999.0-empty-to-avoid-conflict-with-guava) with ExternalDependencyInstrumentingArtifactTransform
Transforming jna-5.6.0.jar (net.java.dev.jna:jna:5.6.0) with ExternalDependencyInstrumentingArtifactTransform
Transforming checker-qual-3.43.0.jar (org.checkerframework:checker-qual:3.43.0) with ExternalDependencyInstrumentingArtifactTransform
Transforming commons-logging-1.2.jar (commons-logging:commons-logging:1.2) with ExternalDependencyInstrumentingArtifactTransform
Transforming netty-codec-socks-4.1.110.Final.jar (io.netty:netty-codec-socks:4.1.110.Final) with InstrumentationAnalysisTransform
Transforming netty-codec-socks-4.1.110.Final.jar (io.netty:netty-codec-socks:4.1.110.Final) with MergeInstrumentationAnalysisTransform
Transforming netty-codec-4.1.110.Final.jar (io.netty:netty-codec:4.1.110.Final) with InstrumentationAnalysisTransform
Transforming netty-codec-socks-4.1.110.Final.jar (io.netty:netty-codec-socks:4.1.110.Final) with ExternalDependencyInstrumentingArtifactTransform
Transforming netty-codec-4.1.110.Final.jar (io.netty:netty-codec:4.1.110.Final) with MergeInstrumentationAnalysisTransform
Transforming netty-transport-4.1.110.Final.jar (io.netty:netty-transport:4.1.110.Final) with InstrumentationAnalysisTransform
Transforming netty-codec-4.1.110.Final.jar (io.netty:netty-codec:4.1.110.Final) with ExternalDependencyInstrumentingArtifactTransform
Transforming netty-transport-4.1.110.Final.jar (io.netty:netty-transport:4.1.110.Final) with MergeInstrumentationAnalysisTransform
Transforming netty-buffer-4.1.110.Final.jar (io.netty:netty-buffer:4.1.110.Final) with InstrumentationAnalysisTransform
Transforming netty-buffer-4.1.110.Final.jar (io.netty:netty-buffer:4.1.110.Final) with MergeInstrumentationAnalysisTransform
Transforming netty-transport-4.1.110.Final.jar (io.netty:netty-transport:4.1.110.Final) with ExternalDependencyInstrumentingArtifactTransform
Transforming netty-resolver-4.1.110.Final.jar (io.netty:netty-resolver:4.1.110.Final) with InstrumentationAnalysisTransform
Transforming netty-resolver-4.1.110.Final.jar (io.netty:netty-resolver:4.1.110.Final) with MergeInstrumentationAnalysisTransform
Transforming netty-common-4.1.110.Final.jar (io.netty:netty-common:4.1.110.Final) with InstrumentationAnalysisTransform
Transforming netty-buffer-4.1.110.Final.jar (io.netty:netty-buffer:4.1.110.Final) with ExternalDependencyInstrumentingArtifactTransform
Transforming netty-common-4.1.110.Final.jar (io.netty:netty-common:4.1.110.Final) with MergeInstrumentationAnalysisTransform
Transforming netty-resolver-4.1.110.Final.jar (io.netty:netty-resolver:4.1.110.Final) with ExternalDependencyInstrumentingArtifactTransform
Transforming netty-common-4.1.110.Final.jar (io.netty:netty-common:4.1.110.Final) with ExternalDependencyInstrumentingArtifactTransform
Transforming plugins.jar (project :build-logic:plugins) with ProjectDependencyInstrumentingArtifactTransform
Transforming tools.jar (project :build-logic:tools) with ProjectDependencyInstrumentingArtifactTransform
Using default execution profile
Using Kotlin Gradle Plugin gradle811 variant

> Configure project :debuglogs-viewer-app
Evaluating project ':debuglogs-viewer-app' using build file '/home/lollerfirst/Signal-Android/debuglogs-viewer/app/build.gradle.kts'.
Transforming classes with InstrumentationAnalysisTransform
Transforming classes with InstrumentationAnalysisTransform
Transforming gradle-8.10.1.jar (com.android.tools.build:gradle:8.10.1) with InstrumentationAnalysisTransform
Transforming gradle-settings-api-8.10.1.jar (com.android.tools.build:gradle-settings-api:8.10.1) with InstrumentationAnalysisTransform
Transforming lint-model-31.10.1.jar (com.android.tools.lint:lint-model:31.10.1) with InstrumentationAnalysisTransform
Transforming builder-8.10.1.jar (com.android.tools.build:builder:8.10.1) with InstrumentationAnalysisTransform
Transforming manifest-merger-31.10.1.jar (com.android.tools.build:manifest-merger:31.10.1) with InstrumentationAnalysisTransform
Transforming sdk-common-31.10.1.jar (com.android.tools:sdk-common:31.10.1) with InstrumentationAnalysisTransform
Transforming sdklib-31.10.1.jar (com.android.tools:sdklib:31.10.1) with InstrumentationAnalysisTransform
Transforming repository-31.10.1.jar (com.android.tools:repository:31.10.1) with InstrumentationAnalysisTransform
Transforming aaptcompiler-8.10.1.jar (com.android.tools.build:aaptcompiler:8.10.1) with InstrumentationAnalysisTransform
Transforming tracker-31.10.1.jar (com.android.tools.analytics-library:tracker:31.10.1) with InstrumentationAnalysisTransform
Transforming shared-31.10.1.jar (com.android.tools.analytics-library:shared:31.10.1) with InstrumentationAnalysisTransform
Transforming databinding-compiler-common-8.10.1.jar (androidx.databinding:databinding-compiler-common:8.10.1) with InstrumentationAnalysisTransform
Transforming android-test-plugin-host-emulator-control-proto-31.10.1.jar (com.android.tools.utp:android-test-plugin-host-emulator-control-proto:31.10.1) with InstrumentationAnalysisTransform
Transforming builder-model-8.10.1.jar (com.android.tools.build:builder-model:8.10.1) with InstrumentationAnalysisTransform
Transforming gradle-api-8.10.1.jar (com.android.tools.build:gradle-api:8.10.1) with InstrumentationAnalysisTransform
Transforming builder-test-api-8.10.1.jar (com.android.tools.build:builder-test-api:8.10.1) with InstrumentationAnalysisTransform
Transforming ddmlib-31.10.1.jar (com.android.tools.ddms:ddmlib:31.10.1) with InstrumentationAnalysisTransform
Transforming layoutlib-api-31.10.1.jar (com.android.tools.layoutlib:layoutlib-api:31.10.1) with InstrumentationAnalysisTransform
Transforming dvlib-31.10.1.jar (com.android.tools:dvlib:31.10.1) with InstrumentationAnalysisTransform
Transforming common-31.10.1.jar (com.android.tools:common:31.10.1) with InstrumentationAnalysisTransform
Transforming kotlin-stdlib-jdk8-2.1.0.jar (org.jetbrains.kotlin:kotlin-stdlib-jdk8:2.1.0) with InstrumentationAnalysisTransform
Transforming jetifier-processor-1.0.0-beta10.jar (com.android.tools.build.jetifier:jetifier-processor:1.0.0-beta10) with InstrumentationAnalysisTransform
Transforming jetifier-core-1.0.0-beta10.jar (com.android.tools.build.jetifier:jetifier-core:1.0.0-beta10) with InstrumentationAnalysisTransform
Transforming kotlin-reflect-2.0.20.jar (org.jetbrains.kotlin:kotlin-reflect:2.0.20) with InstrumentationAnalysisTransform
Transforming kotlin-stdlib-jdk7-2.1.0.jar (org.jetbrains.kotlin:kotlin-stdlib-jdk7:2.1.0) with InstrumentationAnalysisTransform
Transforming kotlin-stdlib-2.0.20.jar (org.jetbrains.kotlin:kotlin-stdlib:2.0.20) with InstrumentationAnalysisTransform
Transforming annotations-13.0.jar (org.jetbrains:annotations:13.0) with InstrumentationAnalysisTransform
Transforming kotlin-gradle-plugin-model-2.2.20.jar (org.jetbrains.kotlin:kotlin-gradle-plugin-model:2.2.20) with InstrumentationAnalysisTransform
Transforming fus-statistics-gradle-plugin-2.2.20-gradle811.jar (org.jetbrains.kotlin:fus-statistics-gradle-plugin:2.2.20) with InstrumentationAnalysisTransform
Transforming kotlin-gradle-plugin-api-2.2.20.jar (org.jetbrains.kotlin:kotlin-gradle-plugin-api:2.2.20) with InstrumentationAnalysisTransform
Transforming kotlin-gradle-plugin-api-2.2.20-gradle811.jar (org.jetbrains.kotlin:kotlin-gradle-plugin-api:2.2.20) with InstrumentationAnalysisTransform
Transforming kotlin-gradle-plugin-2.2.20-gradle811.jar (org.jetbrains.kotlin:kotlin-gradle-plugin:2.2.20) with InstrumentationAnalysisTransform
Transforming ktlint-gradle-12.1.1.jar (org.jlleitschuh.gradle:ktlint-gradle:12.1.1) with InstrumentationAnalysisTransform
Transforming kotlin-gradle-plugin-idea-proto-2.2.20.jar (org.jetbrains.kotlin:kotlin-gradle-plugin-idea-proto:2.2.20) with InstrumentationAnalysisTransform
Transforming kotlin-gradle-plugin-idea-2.2.20.jar (org.jetbrains.kotlin:kotlin-gradle-plugin-idea:2.2.20) with InstrumentationAnalysisTransform
Transforming kotlin-klib-commonizer-api-2.2.20.jar (org.jetbrains.kotlin:kotlin-klib-commonizer-api:2.2.20) with InstrumentationAnalysisTransform
Transforming kotlin-build-statistics-2.2.20.jar (org.jetbrains.kotlin:kotlin-build-statistics:2.2.20) with InstrumentationAnalysisTransform
Transforming kotlin-util-klib-metadata-2.2.20.jar (org.jetbrains.kotlin:kotlin-util-klib-metadata:2.2.20) with InstrumentationAnalysisTransform
Transforming abi-tools-api-2.2.20.jar (org.jetbrains.kotlin:abi-tools-api:2.2.20) with InstrumentationAnalysisTransform
Transforming kotlin-compiler-runner-2.2.20.jar (org.jetbrains.kotlin:kotlin-compiler-runner:2.2.20) with InstrumentationAnalysisTransform
Transforming dnsjava-2.1.9.jar (dnsjava:dnsjava:2.1.9) with InstrumentationAnalysisTransform
Transforming kotlin-gradle-plugin-annotations-2.2.20.jar (org.jetbrains.kotlin:kotlin-gradle-plugin-annotations:2.2.20) with InstrumentationAnalysisTransform
Transforming kotlin-native-utils-2.2.20.jar (org.jetbrains.kotlin:kotlin-native-utils:2.2.20) with InstrumentationAnalysisTransform
Transforming kotlin-tooling-core-2.2.20.jar (org.jetbrains.kotlin:kotlin-tooling-core:2.2.20) with InstrumentationAnalysisTransform
Transforming kotlin-build-tools-api-2.2.20.jar (org.jetbrains.kotlin:kotlin-build-tools-api:2.2.20) with InstrumentationAnalysisTransform
Transforming android-test-plugin-result-listener-gradle-proto-31.10.1.jar (com.android.tools.utp:android-test-plugin-result-listener-gradle-proto:31.10.1) with InstrumentationAnalysisTransform
Transforming bundletool-1.18.0.jar (com.android.tools.build:bundletool:1.18.0) with InstrumentationAnalysisTransform
Transforming protobuf-java-util-3.25.5.jar (com.google.protobuf:protobuf-java-util:3.25.5) with InstrumentationAnalysisTransform
Transforming grpc-netty-1.69.1.jar (io.grpc:grpc-netty:1.69.1) with InstrumentationAnalysisTransform
Transforming grpc-inprocess-1.69.1.jar (io.grpc:grpc-inprocess:1.69.1) with InstrumentationAnalysisTransform
Transforming grpc-util-1.69.1.jar (io.grpc:grpc-util:1.69.1) with InstrumentationAnalysisTransform
Transforming grpc-core-1.69.1.jar (io.grpc:grpc-core:1.69.1) with InstrumentationAnalysisTransform
Transforming tink-1.7.0.jar (com.google.crypto.tink:tink:1.7.0) with InstrumentationAnalysisTransform
Transforming gson-2.11.0.jar (com.google.code.gson:gson:2.11.0) with InstrumentationAnalysisTransform
Transforming kotlin-util-klib-2.2.20.jar (org.jetbrains.kotlin:kotlin-util-klib:2.2.20) with InstrumentationAnalysisTransform
Transforming kotlin-util-io-2.2.20.jar (org.jetbrains.kotlin:kotlin-util-io:2.2.20) with InstrumentationAnalysisTransform
Transforming kotlin-daemon-client-2.2.20.jar (org.jetbrains.kotlin:kotlin-daemon-client:2.2.20) with InstrumentationAnalysisTransform
Transforming kotlinx-coroutines-core-jvm-1.8.0.jar (org.jetbrains.kotlinx:kotlinx-coroutines-core-jvm:1.8.0) with InstrumentationAnalysisTransform
Transforming aapt2-proto-8.10.1-12782657.jar (com.android.tools.build:aapt2-proto:8.10.1-12782657) with InstrumentationAnalysisTransform
Transforming crash-31.10.1.jar (com.android.tools.analytics-library:crash:31.10.1) with InstrumentationAnalysisTransform
Transforming lint-typedef-remover-31.10.1.jar (com.android.tools.lint:lint-typedef-remover:31.10.1) with InstrumentationAnalysisTransform
Transforming databinding-common-8.10.1.jar (androidx.databinding:databinding-common:8.10.1) with InstrumentationAnalysisTransform
Transforming baseLibrary-8.10.1.jar (com.android.databinding:baseLibrary:8.10.1) with InstrumentationAnalysisTransform
Transforming android-device-provider-ddmlib-proto-31.10.1.jar (com.android.tools.utp:android-device-provider-ddmlib-proto:31.10.1) with InstrumentationAnalysisTransform
Transforming android-device-provider-gradle-proto-31.10.1.jar (com.android.tools.utp:android-device-provider-gradle-proto:31.10.1) with InstrumentationAnalysisTransform
Transforming android-device-provider-profile-proto-31.10.1.jar (com.android.tools.utp:android-device-provider-profile-proto:31.10.1) with InstrumentationAnalysisTransform
Transforming android-test-plugin-host-additional-test-output-proto-31.10.1.jar (com.android.tools.utp:android-test-plugin-host-additional-test-output-proto:31.10.1) with InstrumentationAnalysisTransform
Transforming android-test-plugin-host-coverage-proto-31.10.1.jar (com.android.tools.utp:android-test-plugin-host-coverage-proto:31.10.1) with InstrumentationAnalysisTransform
Transforming android-test-plugin-host-logcat-proto-31.10.1.jar (com.android.tools.utp:android-test-plugin-host-logcat-proto:31.10.1) with InstrumentationAnalysisTransform
Transforming android-test-plugin-host-apk-installer-proto-31.10.1.jar (com.android.tools.utp:android-test-plugin-host-apk-installer-proto:31.10.1) with InstrumentationAnalysisTransform
Transforming transform-api-2.0.0-deprecated-use-gradle-api.jar (com.android.tools.build:transform-api:2.0.0-deprecated-use-gradle-api) with InstrumentationAnalysisTransform
Transforming httpmime-4.5.6.jar (org.apache.httpcomponents:httpmime:4.5.6) with InstrumentationAnalysisTransform
Transforming commons-io-2.16.1.jar (commons-io:commons-io:2.16.1) with InstrumentationAnalysisTransform
Transforming asm-commons-9.7.1.jar (org.ow2.asm:asm-commons:9.7.1) with InstrumentationAnalysisTransform
Transforming asm-util-9.7.1.jar (org.ow2.asm:asm-util:9.7.1) with InstrumentationAnalysisTransform
Transforming asm-analysis-9.7.1.jar (org.ow2.asm:asm-analysis:9.7.1) with InstrumentationAnalysisTransform
Transforming asm-tree-9.7.1.jar (org.ow2.asm:asm-tree:9.7.1) with InstrumentationAnalysisTransform
Transforming asm-9.7.1.jar (org.ow2.asm:asm:9.7.1) with InstrumentationAnalysisTransform
Transforming apkzlib-8.10.1.jar (com.android.tools.build:apkzlib:8.10.1) with InstrumentationAnalysisTransform
Transforming bcpkix-jdk18on-1.79.jar (org.bouncycastle:bcpkix-jdk18on:1.79) with InstrumentationAnalysisTransform
Transforming jaxb-runtime-2.3.2.jar (org.glassfish.jaxb:jaxb-runtime:2.3.2) with InstrumentationAnalysisTransform
Transforming jopt-simple-4.9.jar (net.sf.jopt-simple:jopt-simple:4.9) with InstrumentationAnalysisTransform
Transforming javapoet-1.10.0.jar (com.squareup:javapoet:1.10.0) with InstrumentationAnalysisTransform
Transforming grpc-protobuf-1.69.1.jar (io.grpc:grpc-protobuf:1.69.1) with InstrumentationAnalysisTransform
Transforming core-proto-0.0.9-alpha03.jar (com.google.testing.platform:core-proto:0.0.9-alpha03) with InstrumentationAnalysisTransform
Transforming protos-31.10.1.jar (com.android.tools.analytics-library:protos:31.10.1) with InstrumentationAnalysisTransform
Transforming proto-google-common-protos-2.48.0.jar (com.google.api.grpc:proto-google-common-protos:2.48.0) with InstrumentationAnalysisTransform
Transforming protobuf-java-3.25.5.jar (com.google.protobuf:protobuf-java:3.25.5) with InstrumentationAnalysisTransform
Transforming grpc-stub-1.69.1.jar (io.grpc:grpc-stub:1.69.1) with InstrumentationAnalysisTransform
Transforming tensorflow-lite-metadata-0.2.0.jar (org.tensorflow:tensorflow-lite-metadata:0.2.0) with InstrumentationAnalysisTransform
Transforming flatbuffers-java-1.12.0.jar (com.google.flatbuffers:flatbuffers-java:1.12.0) with InstrumentationAnalysisTransform
Transforming jimfs-1.1.jar (com.google.jimfs:jimfs:1.1) with InstrumentationAnalysisTransform
Transforming grpc-context-1.69.1.jar (io.grpc:grpc-context:1.69.1) with InstrumentationAnalysisTransform
Transforming grpc-protobuf-lite-1.69.1.jar (io.grpc:grpc-protobuf-lite:1.69.1) with InstrumentationAnalysisTransform
Transforming grpc-api-1.69.1.jar (io.grpc:grpc-api:1.69.1) with InstrumentationAnalysisTransform
Transforming guava-33.3.1-jre.jar (com.google.guava:guava:33.3.1-jre) with InstrumentationAnalysisTransform
Transforming error_prone_annotations-2.30.0.jar (com.google.errorprone:error_prone_annotations:2.30.0) with InstrumentationAnalysisTransform
Transforming dagger-2.28.3.jar (com.google.dagger:dagger:2.28.3) with InstrumentationAnalysisTransform
Transforming javax.inject-1.jar (javax.inject:javax.inject:1) with InstrumentationAnalysisTransform
Transforming kxml2-2.3.0.jar (net.sf.kxml:kxml2:2.3.0) with InstrumentationAnalysisTransform
Transforming commons-compress-1.21.jar (org.apache.commons:commons-compress:1.21) with InstrumentationAnalysisTransform
Transforming bcutil-jdk18on-1.79.jar (org.bouncycastle:bcutil-jdk18on:1.79) with InstrumentationAnalysisTransform
Transforming bcprov-jdk18on-1.79.jar (org.bouncycastle:bcprov-jdk18on:1.79) with InstrumentationAnalysisTransform
Transforming httpclient-4.5.14.jar (org.apache.httpcomponents:httpclient:4.5.14) with InstrumentationAnalysisTransform
Transforming httpcore-4.4.16.jar (org.apache.httpcomponents:httpcore:4.4.16) with InstrumentationAnalysisTransform
Transforming javax.activation-1.2.0.jar (com.sun.activation:javax.activation:1.2.0) with InstrumentationAnalysisTransform
Transforming signflinger-8.10.1.jar (com.android:signflinger:8.10.1) with InstrumentationAnalysisTransform
Transforming zipflinger-8.10.1.jar (com.android:zipflinger:8.10.1) with InstrumentationAnalysisTransform
Transforming annotations-31.10.1.jar (com.android.tools:annotations:31.10.1) with InstrumentationAnalysisTransform
Transforming jna-platform-5.6.0.jar (net.java.dev.jna:jna-platform:5.6.0) with InstrumentationAnalysisTransform
Transforming juniversalchardet-1.0.3.jar (com.googlecode.juniversalchardet:juniversalchardet:1.0.3) with InstrumentationAnalysisTransform
Transforming javax.annotation-api-1.3.2.jar (javax.annotation:javax.annotation-api:1.3.2) with InstrumentationAnalysisTransform
Transforming stax-ex-1.8.1.jar (org.jvnet.staxex:stax-ex:1.8.1) with InstrumentationAnalysisTransform
Transforming jakarta.xml.bind-api-2.3.2.jar (jakarta.xml.bind:jakarta.xml.bind-api:2.3.2) with InstrumentationAnalysisTransform
Transforming txw2-2.3.2.jar (org.glassfish.jaxb:txw2:2.3.2) with InstrumentationAnalysisTransform
Transforming istack-commons-runtime-3.0.8.jar (com.sun.istack:istack-commons-runtime:3.0.8) with InstrumentationAnalysisTransform
Transforming FastInfoset-1.2.16.jar (com.sun.xml.fastinfoset:FastInfoset:1.2.16) with InstrumentationAnalysisTransform
Transforming jakarta.activation-api-1.2.1.jar (jakarta.activation:jakarta.activation-api:1.2.1) with InstrumentationAnalysisTransform
Transforming auto-value-annotations-1.6.2.jar (com.google.auto.value:auto-value-annotations:1.6.2) with InstrumentationAnalysisTransform
Transforming jose4j-0.9.5.jar (org.bitbucket.b_c:jose4j:0.9.5) with InstrumentationAnalysisTransform
Transforming slf4j-api-1.7.30.jar (org.slf4j:slf4j-api:1.7.30) with InstrumentationAnalysisTransform
Transforming jdom2-2.0.6.jar (org.jdom:jdom2:2.0.6) with InstrumentationAnalysisTransform
Transforming jsr305-3.0.2.jar (com.google.code.findbugs:jsr305:3.0.2) with InstrumentationAnalysisTransform
Transforming j2objc-annotations-3.0.0.jar (com.google.j2objc:j2objc-annotations:3.0.0) with InstrumentationAnalysisTransform
Transforming annotations-4.1.1.4.jar (com.google.android:annotations:4.1.1.4) with InstrumentationAnalysisTransform
Transforming animal-sniffer-annotations-1.24.jar (org.codehaus.mojo:animal-sniffer-annotations:1.24) with InstrumentationAnalysisTransform
Transforming perfmark-api-0.27.0.jar (io.perfmark:perfmark-api:0.27.0) with InstrumentationAnalysisTransform
Transforming netty-codec-http2-4.1.110.Final.jar (io.netty:netty-codec-http2:4.1.110.Final) with InstrumentationAnalysisTransform
Transforming netty-handler-proxy-4.1.110.Final.jar (io.netty:netty-handler-proxy:4.1.110.Final) with InstrumentationAnalysisTransform
Transforming netty-codec-http-4.1.110.Final.jar (io.netty:netty-codec-http:4.1.110.Final) with InstrumentationAnalysisTransform
Transforming netty-handler-4.1.110.Final.jar (io.netty:netty-handler:4.1.110.Final) with InstrumentationAnalysisTransform
Transforming netty-transport-native-unix-common-4.1.110.Final.jar (io.netty:netty-transport-native-unix-common:4.1.110.Final) with InstrumentationAnalysisTransform
Transforming checker-qual-3.43.0.jar (org.checkerframework:checker-qual:3.43.0) with InstrumentationAnalysisTransform
Transforming apksig-8.10.1.jar (com.android.tools.build:apksig:8.10.1) with InstrumentationAnalysisTransform
Transforming javawriter-2.5.0.jar (com.squareup:javawriter:2.5.0) with InstrumentationAnalysisTransform
Transforming failureaccess-1.0.2.jar (com.google.guava:failureaccess:1.0.2) with InstrumentationAnalysisTransform
Transforming listenablefuture-9999.0-empty-to-avoid-conflict-with-guava.jar (com.google.guava:listenablefuture:9999.0-empty-to-avoid-conflict-with-guava) with InstrumentationAnalysisTransform
Transforming commons-logging-1.2.jar (commons-logging:commons-logging:1.2) with InstrumentationAnalysisTransform
Transforming commons-codec-1.11.jar (commons-codec:commons-codec:1.11) with InstrumentationAnalysisTransform
Transforming jna-5.6.0.jar (net.java.dev.jna:jna:5.6.0) with InstrumentationAnalysisTransform
Transforming netty-codec-socks-4.1.110.Final.jar (io.netty:netty-codec-socks:4.1.110.Final) with InstrumentationAnalysisTransform
Transforming netty-codec-4.1.110.Final.jar (io.netty:netty-codec:4.1.110.Final) with InstrumentationAnalysisTransform
Transforming netty-transport-4.1.110.Final.jar (io.netty:netty-transport:4.1.110.Final) with InstrumentationAnalysisTransform
Transforming netty-buffer-4.1.110.Final.jar (io.netty:netty-buffer:4.1.110.Final) with InstrumentationAnalysisTransform
Transforming netty-resolver-4.1.110.Final.jar (io.netty:netty-resolver:4.1.110.Final) with InstrumentationAnalysisTransform
Transforming netty-common-4.1.110.Final.jar (io.netty:netty-common:4.1.110.Final) with InstrumentationAnalysisTransform
Transforming main (project :build-logic:plugins) with InstrumentationAnalysisTransform
Transforming main (project :build-logic:plugins) with InstrumentationAnalysisTransform
Transforming main (project :build-logic:plugins) with InstrumentationAnalysisTransform
Transforming main (project :build-logic:tools) with InstrumentationAnalysisTransform
Transforming main (project :build-logic:tools) with InstrumentationAnalysisTransform
Transforming classes with InstrumentationAnalysisTransform
Transforming classes with MergeInstrumentationAnalysisTransform
Transforming classes with InstrumentationAnalysisTransform
Transforming classes with MergeInstrumentationAnalysisTransform
Transforming gradle-8.10.1.jar (com.android.tools.build:gradle:8.10.1) with InstrumentationAnalysisTransform
Transforming gradle-8.10.1.jar (com.android.tools.build:gradle:8.10.1) with MergeInstrumentationAnalysisTransform
Transforming gradle-settings-api-8.10.1.jar (com.android.tools.build:gradle-settings-api:8.10.1) with InstrumentationAnalysisTransform
Transforming gradle-settings-api-8.10.1.jar (com.android.tools.build:gradle-settings-api:8.10.1) with MergeInstrumentationAnalysisTransform
Transforming classes with ExternalDependencyInstrumentingArtifactTransform
Transforming lint-model-31.10.1.jar (com.android.tools.lint:lint-model:31.10.1) with InstrumentationAnalysisTransform
Transforming lint-model-31.10.1.jar (com.android.tools.lint:lint-model:31.10.1) with MergeInstrumentationAnalysisTransform
Transforming builder-8.10.1.jar (com.android.tools.build:builder:8.10.1) with InstrumentationAnalysisTransform
Transforming builder-8.10.1.jar (com.android.tools.build:builder:8.10.1) with MergeInstrumentationAnalysisTransform
Transforming classes with ExternalDependencyInstrumentingArtifactTransform
Transforming gradle-8.10.1.jar (com.android.tools.build:gradle:8.10.1) with ExternalDependencyInstrumentingArtifactTransform
Transforming manifest-merger-31.10.1.jar (com.android.tools.build:manifest-merger:31.10.1) with InstrumentationAnalysisTransform
Transforming builder-8.10.1.jar (com.android.tools.build:builder:8.10.1) with ExternalDependencyInstrumentingArtifactTransform
Transforming manifest-merger-31.10.1.jar (com.android.tools.build:manifest-merger:31.10.1) with MergeInstrumentationAnalysisTransform
Transforming gradle-settings-api-8.10.1.jar (com.android.tools.build:gradle-settings-api:8.10.1) with ExternalDependencyInstrumentingArtifactTransform
Transforming sdk-common-31.10.1.jar (com.android.tools:sdk-common:31.10.1) with InstrumentationAnalysisTransform
Transforming lint-model-31.10.1.jar (com.android.tools.lint:lint-model:31.10.1) with ExternalDependencyInstrumentingArtifactTransform
Transforming sdk-common-31.10.1.jar (com.android.tools:sdk-common:31.10.1) with MergeInstrumentationAnalysisTransform
Transforming sdklib-31.10.1.jar (com.android.tools:sdklib:31.10.1) with InstrumentationAnalysisTransform
Transforming sdklib-31.10.1.jar (com.android.tools:sdklib:31.10.1) with MergeInstrumentationAnalysisTransform
Transforming manifest-merger-31.10.1.jar (com.android.tools.build:manifest-merger:31.10.1) with ExternalDependencyInstrumentingArtifactTransform
Transforming repository-31.10.1.jar (com.android.tools:repository:31.10.1) with InstrumentationAnalysisTransform
Transforming repository-31.10.1.jar (com.android.tools:repository:31.10.1) with MergeInstrumentationAnalysisTransform
Transforming aaptcompiler-8.10.1.jar (com.android.tools.build:aaptcompiler:8.10.1) with InstrumentationAnalysisTransform
Transforming aaptcompiler-8.10.1.jar (com.android.tools.build:aaptcompiler:8.10.1) with MergeInstrumentationAnalysisTransform
Transforming tracker-31.10.1.jar (com.android.tools.analytics-library:tracker:31.10.1) with InstrumentationAnalysisTransform
Transforming tracker-31.10.1.jar (com.android.tools.analytics-library:tracker:31.10.1) with MergeInstrumentationAnalysisTransform
Transforming shared-31.10.1.jar (com.android.tools.analytics-library:shared:31.10.1) with InstrumentationAnalysisTransform
Transforming sdklib-31.10.1.jar (com.android.tools:sdklib:31.10.1) with ExternalDependencyInstrumentingArtifactTransform
Transforming shared-31.10.1.jar (com.android.tools.analytics-library:shared:31.10.1) with MergeInstrumentationAnalysisTransform
Transforming databinding-compiler-common-8.10.1.jar (androidx.databinding:databinding-compiler-common:8.10.1) with InstrumentationAnalysisTransform
Transforming repository-31.10.1.jar (com.android.tools:repository:31.10.1) with ExternalDependencyInstrumentingArtifactTransform
Transforming databinding-compiler-common-8.10.1.jar (androidx.databinding:databinding-compiler-common:8.10.1) with MergeInstrumentationAnalysisTransform
Transforming aaptcompiler-8.10.1.jar (com.android.tools.build:aaptcompiler:8.10.1) with ExternalDependencyInstrumentingArtifactTransform
Transforming android-test-plugin-host-emulator-control-proto-31.10.1.jar (com.android.tools.utp:android-test-plugin-host-emulator-control-proto:31.10.1) with InstrumentationAnalysisTransform
Transforming android-test-plugin-host-emulator-control-proto-31.10.1.jar (com.android.tools.utp:android-test-plugin-host-emulator-control-proto:31.10.1) with MergeInstrumentationAnalysisTransform
Transforming builder-model-8.10.1.jar (com.android.tools.build:builder-model:8.10.1) with InstrumentationAnalysisTransform
Transforming builder-model-8.10.1.jar (com.android.tools.build:builder-model:8.10.1) with MergeInstrumentationAnalysisTransform
Transforming gradle-api-8.10.1.jar (com.android.tools.build:gradle-api:8.10.1) with InstrumentationAnalysisTransform
Transforming tracker-31.10.1.jar (com.android.tools.analytics-library:tracker:31.10.1) with ExternalDependencyInstrumentingArtifactTransform
Transforming sdk-common-31.10.1.jar (com.android.tools:sdk-common:31.10.1) with ExternalDependencyInstrumentingArtifactTransform
Transforming android-test-plugin-host-emulator-control-proto-31.10.1.jar (com.android.tools.utp:android-test-plugin-host-emulator-control-proto:31.10.1) with ExternalDependencyInstrumentingArtifactTransform
Transforming shared-31.10.1.jar (com.android.tools.analytics-library:shared:31.10.1) with ExternalDependencyInstrumentingArtifactTransform
Transforming databinding-compiler-common-8.10.1.jar (androidx.databinding:databinding-compiler-common:8.10.1) with ExternalDependencyInstrumentingArtifactTransform
Transforming gradle-api-8.10.1.jar (com.android.tools.build:gradle-api:8.10.1) with MergeInstrumentationAnalysisTransform
Transforming builder-model-8.10.1.jar (com.android.tools.build:builder-model:8.10.1) with ExternalDependencyInstrumentingArtifactTransform
Transforming builder-test-api-8.10.1.jar (com.android.tools.build:builder-test-api:8.10.1) with InstrumentationAnalysisTransform
Transforming builder-test-api-8.10.1.jar (com.android.tools.build:builder-test-api:8.10.1) with MergeInstrumentationAnalysisTransform
Transforming ddmlib-31.10.1.jar (com.android.tools.ddms:ddmlib:31.10.1) with InstrumentationAnalysisTransform
Transforming ddmlib-31.10.1.jar (com.android.tools.ddms:ddmlib:31.10.1) with MergeInstrumentationAnalysisTransform
Transforming layoutlib-api-31.10.1.jar (com.android.tools.layoutlib:layoutlib-api:31.10.1) with InstrumentationAnalysisTransform
Transforming layoutlib-api-31.10.1.jar (com.android.tools.layoutlib:layoutlib-api:31.10.1) with MergeInstrumentationAnalysisTransform
Transforming dvlib-31.10.1.jar (com.android.tools:dvlib:31.10.1) with InstrumentationAnalysisTransform
Transforming ddmlib-31.10.1.jar (com.android.tools.ddms:ddmlib:31.10.1) with ExternalDependencyInstrumentingArtifactTransform
Transforming dvlib-31.10.1.jar (com.android.tools:dvlib:31.10.1) with MergeInstrumentationAnalysisTransform
Transforming common-31.10.1.jar (com.android.tools:common:31.10.1) with InstrumentationAnalysisTransform
Transforming builder-test-api-8.10.1.jar (com.android.tools.build:builder-test-api:8.10.1) with ExternalDependencyInstrumentingArtifactTransform
Transforming layoutlib-api-31.10.1.jar (com.android.tools.layoutlib:layoutlib-api:31.10.1) with ExternalDependencyInstrumentingArtifactTransform
Transforming common-31.10.1.jar (com.android.tools:common:31.10.1) with MergeInstrumentationAnalysisTransform
Transforming kotlin-stdlib-jdk8-2.1.0.jar (org.jetbrains.kotlin:kotlin-stdlib-jdk8:2.1.0) with InstrumentationAnalysisTransform
Transforming kotlin-stdlib-jdk8-2.1.0.jar (org.jetbrains.kotlin:kotlin-stdlib-jdk8:2.1.0) with MergeInstrumentationAnalysisTransform
Transforming jetifier-processor-1.0.0-beta10.jar (com.android.tools.build.jetifier:jetifier-processor:1.0.0-beta10) with InstrumentationAnalysisTransform
Transforming jetifier-processor-1.0.0-beta10.jar (com.android.tools.build.jetifier:jetifier-processor:1.0.0-beta10) with MergeInstrumentationAnalysisTransform
Transforming jetifier-core-1.0.0-beta10.jar (com.android.tools.build.jetifier:jetifier-core:1.0.0-beta10) with InstrumentationAnalysisTransform
Transforming gradle-api-8.10.1.jar (com.android.tools.build:gradle-api:8.10.1) with ExternalDependencyInstrumentingArtifactTransform
Transforming dvlib-31.10.1.jar (com.android.tools:dvlib:31.10.1) with ExternalDependencyInstrumentingArtifactTransform
Transforming common-31.10.1.jar (com.android.tools:common:31.10.1) with ExternalDependencyInstrumentingArtifactTransform
Transforming jetifier-core-1.0.0-beta10.jar (com.android.tools.build.jetifier:jetifier-core:1.0.0-beta10) with MergeInstrumentationAnalysisTransform
Transforming kotlin-stdlib-jdk8-2.1.0.jar (org.jetbrains.kotlin:kotlin-stdlib-jdk8:2.1.0) with ExternalDependencyInstrumentingArtifactTransform
Transforming kotlin-reflect-2.0.20.jar (org.jetbrains.kotlin:kotlin-reflect:2.0.20) with InstrumentationAnalysisTransform
Transforming jetifier-processor-1.0.0-beta10.jar (com.android.tools.build.jetifier:jetifier-processor:1.0.0-beta10) with ExternalDependencyInstrumentingArtifactTransform
Transforming kotlin-reflect-2.0.20.jar (org.jetbrains.kotlin:kotlin-reflect:2.0.20) with MergeInstrumentationAnalysisTransform
Transforming kotlin-stdlib-jdk7-2.1.0.jar (org.jetbrains.kotlin:kotlin-stdlib-jdk7:2.1.0) with InstrumentationAnalysisTransform
Transforming kotlin-stdlib-jdk7-2.1.0.jar (org.jetbrains.kotlin:kotlin-stdlib-jdk7:2.1.0) with MergeInstrumentationAnalysisTransform
Transforming kotlin-stdlib-2.0.20.jar (org.jetbrains.kotlin:kotlin-stdlib:2.0.20) with InstrumentationAnalysisTransform
Transforming kotlin-stdlib-2.0.20.jar (org.jetbrains.kotlin:kotlin-stdlib:2.0.20) with MergeInstrumentationAnalysisTransform
Transforming jetifier-core-1.0.0-beta10.jar (com.android.tools.build.jetifier:jetifier-core:1.0.0-beta10) with ExternalDependencyInstrumentingArtifactTransform
Transforming kotlin-reflect-2.0.20.jar (org.jetbrains.kotlin:kotlin-reflect:2.0.20) with ExternalDependencyInstrumentingArtifactTransform
Transforming annotations-13.0.jar (org.jetbrains:annotations:13.0) with InstrumentationAnalysisTransform
Transforming annotations-13.0.jar (org.jetbrains:annotations:13.0) with MergeInstrumentationAnalysisTransform
Transforming kotlin-gradle-plugin-model-2.2.20.jar (org.jetbrains.kotlin:kotlin-gradle-plugin-model:2.2.20) with InstrumentationAnalysisTransform
Transforming kotlin-stdlib-jdk7-2.1.0.jar (org.jetbrains.kotlin:kotlin-stdlib-jdk7:2.1.0) with ExternalDependencyInstrumentingArtifactTransform
Transforming kotlin-gradle-plugin-model-2.2.20.jar (org.jetbrains.kotlin:kotlin-gradle-plugin-model:2.2.20) with MergeInstrumentationAnalysisTransform
Transforming kotlin-stdlib-2.0.20.jar (org.jetbrains.kotlin:kotlin-stdlib:2.0.20) with ExternalDependencyInstrumentingArtifactTransform
Transforming fus-statistics-gradle-plugin-2.2.20-gradle811.jar (org.jetbrains.kotlin:fus-statistics-gradle-plugin:2.2.20) with InstrumentationAnalysisTransform
Transforming fus-statistics-gradle-plugin-2.2.20-gradle811.jar (org.jetbrains.kotlin:fus-statistics-gradle-plugin:2.2.20) with MergeInstrumentationAnalysisTransform
Transforming kotlin-gradle-plugin-api-2.2.20.jar (org.jetbrains.kotlin:kotlin-gradle-plugin-api:2.2.20) with InstrumentationAnalysisTransform
Transforming annotations-13.0.jar (org.jetbrains:annotations:13.0) with ExternalDependencyInstrumentingArtifactTransform
Transforming kotlin-gradle-plugin-model-2.2.20.jar (org.jetbrains.kotlin:kotlin-gradle-plugin-model:2.2.20) with ExternalDependencyInstrumentingArtifactTransform
Transforming kotlin-gradle-plugin-api-2.2.20.jar (org.jetbrains.kotlin:kotlin-gradle-plugin-api:2.2.20) with MergeInstrumentationAnalysisTransform
Transforming kotlin-gradle-plugin-api-2.2.20-gradle811.jar (org.jetbrains.kotlin:kotlin-gradle-plugin-api:2.2.20) with InstrumentationAnalysisTransform
Transforming kotlin-gradle-plugin-api-2.2.20-gradle811.jar (org.jetbrains.kotlin:kotlin-gradle-plugin-api:2.2.20) with MergeInstrumentationAnalysisTransform
Transforming fus-statistics-gradle-plugin-2.2.20-gradle811.jar (org.jetbrains.kotlin:fus-statistics-gradle-plugin:2.2.20) with ExternalDependencyInstrumentingArtifactTransform
Transforming kotlin-gradle-plugin-2.2.20-gradle811.jar (org.jetbrains.kotlin:kotlin-gradle-plugin:2.2.20) with InstrumentationAnalysisTransform
Transforming kotlin-gradle-plugin-2.2.20-gradle811.jar (org.jetbrains.kotlin:kotlin-gradle-plugin:2.2.20) with MergeInstrumentationAnalysisTransform
Transforming ktlint-gradle-12.1.1.jar (org.jlleitschuh.gradle:ktlint-gradle:12.1.1) with InstrumentationAnalysisTransform
Transforming ktlint-gradle-12.1.1.jar (org.jlleitschuh.gradle:ktlint-gradle:12.1.1) with MergeInstrumentationAnalysisTransform
Transforming kotlin-gradle-plugin-idea-proto-2.2.20.jar (org.jetbrains.kotlin:kotlin-gradle-plugin-idea-proto:2.2.20) with InstrumentationAnalysisTransform
Transforming kotlin-gradle-plugin-idea-proto-2.2.20.jar (org.jetbrains.kotlin:kotlin-gradle-plugin-idea-proto:2.2.20) with MergeInstrumentationAnalysisTransform
Transforming kotlin-gradle-plugin-idea-2.2.20.jar (org.jetbrains.kotlin:kotlin-gradle-plugin-idea:2.2.20) with InstrumentationAnalysisTransform
Transforming kotlin-gradle-plugin-idea-2.2.20.jar (org.jetbrains.kotlin:kotlin-gradle-plugin-idea:2.2.20) with MergeInstrumentationAnalysisTransform
Transforming kotlin-gradle-plugin-api-2.2.20.jar (org.jetbrains.kotlin:kotlin-gradle-plugin-api:2.2.20) with ExternalDependencyInstrumentingArtifactTransform
Transforming kotlin-gradle-plugin-2.2.20-gradle811.jar (org.jetbrains.kotlin:kotlin-gradle-plugin:2.2.20) with ExternalDependencyInstrumentingArtifactTransform
Transforming kotlin-klib-commonizer-api-2.2.20.jar (org.jetbrains.kotlin:kotlin-klib-commonizer-api:2.2.20) with InstrumentationAnalysisTransform
Transforming ktlint-gradle-12.1.1.jar (org.jlleitschuh.gradle:ktlint-gradle:12.1.1) with ExternalDependencyInstrumentingArtifactTransform
Transforming kotlin-gradle-plugin-api-2.2.20-gradle811.jar (org.jetbrains.kotlin:kotlin-gradle-plugin-api:2.2.20) with ExternalDependencyInstrumentingArtifactTransform
Transforming kotlin-klib-commonizer-api-2.2.20.jar (org.jetbrains.kotlin:kotlin-klib-commonizer-api:2.2.20) with MergeInstrumentationAnalysisTransform
Transforming kotlin-build-statistics-2.2.20.jar (org.jetbrains.kotlin:kotlin-build-statistics:2.2.20) with InstrumentationAnalysisTransform
Transforming kotlin-build-statistics-2.2.20.jar (org.jetbrains.kotlin:kotlin-build-statistics:2.2.20) with MergeInstrumentationAnalysisTransform
Transforming kotlin-util-klib-metadata-2.2.20.jar (org.jetbrains.kotlin:kotlin-util-klib-metadata:2.2.20) with InstrumentationAnalysisTransform
Transforming kotlin-util-klib-metadata-2.2.20.jar (org.jetbrains.kotlin:kotlin-util-klib-metadata:2.2.20) with MergeInstrumentationAnalysisTransform
Transforming abi-tools-api-2.2.20.jar (org.jetbrains.kotlin:abi-tools-api:2.2.20) with InstrumentationAnalysisTransform
Transforming abi-tools-api-2.2.20.jar (org.jetbrains.kotlin:abi-tools-api:2.2.20) with MergeInstrumentationAnalysisTransform
Transforming kotlin-compiler-runner-2.2.20.jar (org.jetbrains.kotlin:kotlin-compiler-runner:2.2.20) with InstrumentationAnalysisTransform
Transforming kotlin-gradle-plugin-idea-proto-2.2.20.jar (org.jetbrains.kotlin:kotlin-gradle-plugin-idea-proto:2.2.20) with ExternalDependencyInstrumentingArtifactTransform
Transforming kotlin-compiler-runner-2.2.20.jar (org.jetbrains.kotlin:kotlin-compiler-runner:2.2.20) with MergeInstrumentationAnalysisTransform
Transforming dnsjava-2.1.9.jar (dnsjava:dnsjava:2.1.9) with InstrumentationAnalysisTransform
Transforming kotlin-gradle-plugin-idea-2.2.20.jar (org.jetbrains.kotlin:kotlin-gradle-plugin-idea:2.2.20) with ExternalDependencyInstrumentingArtifactTransform
Transforming dnsjava-2.1.9.jar (dnsjava:dnsjava:2.1.9) with MergeInstrumentationAnalysisTransform
Transforming kotlin-gradle-plugin-annotations-2.2.20.jar (org.jetbrains.kotlin:kotlin-gradle-plugin-annotations:2.2.20) with InstrumentationAnalysisTransform
Transforming kotlin-klib-commonizer-api-2.2.20.jar (org.jetbrains.kotlin:kotlin-klib-commonizer-api:2.2.20) with ExternalDependencyInstrumentingArtifactTransform
Transforming kotlin-gradle-plugin-annotations-2.2.20.jar (org.jetbrains.kotlin:kotlin-gradle-plugin-annotations:2.2.20) with MergeInstrumentationAnalysisTransform
Transforming kotlin-native-utils-2.2.20.jar (org.jetbrains.kotlin:kotlin-native-utils:2.2.20) with InstrumentationAnalysisTransform
Transforming kotlin-build-statistics-2.2.20.jar (org.jetbrains.kotlin:kotlin-build-statistics:2.2.20) with ExternalDependencyInstrumentingArtifactTransform
Transforming kotlin-native-utils-2.2.20.jar (org.jetbrains.kotlin:kotlin-native-utils:2.2.20) with MergeInstrumentationAnalysisTransform
Transforming kotlin-tooling-core-2.2.20.jar (org.jetbrains.kotlin:kotlin-tooling-core:2.2.20) with InstrumentationAnalysisTransform
Transforming kotlin-tooling-core-2.2.20.jar (org.jetbrains.kotlin:kotlin-tooling-core:2.2.20) with MergeInstrumentationAnalysisTransform
Transforming kotlin-build-tools-api-2.2.20.jar (org.jetbrains.kotlin:kotlin-build-tools-api:2.2.20) with InstrumentationAnalysisTransform
Transforming kotlin-build-tools-api-2.2.20.jar (org.jetbrains.kotlin:kotlin-build-tools-api:2.2.20) with MergeInstrumentationAnalysisTransform
Transforming kotlin-util-klib-metadata-2.2.20.jar (org.jetbrains.kotlin:kotlin-util-klib-metadata:2.2.20) with ExternalDependencyInstrumentingArtifactTransform
Transforming abi-tools-api-2.2.20.jar (org.jetbrains.kotlin:abi-tools-api:2.2.20) with ExternalDependencyInstrumentingArtifactTransform
Transforming android-test-plugin-result-listener-gradle-proto-31.10.1.jar (com.android.tools.utp:android-test-plugin-result-listener-gradle-proto:31.10.1) with InstrumentationAnalysisTransform
Transforming kotlin-compiler-runner-2.2.20.jar (org.jetbrains.kotlin:kotlin-compiler-runner:2.2.20) with ExternalDependencyInstrumentingArtifactTransform
Transforming android-test-plugin-result-listener-gradle-proto-31.10.1.jar (com.android.tools.utp:android-test-plugin-result-listener-gradle-proto:31.10.1) with MergeInstrumentationAnalysisTransform
Transforming dnsjava-2.1.9.jar (dnsjava:dnsjava:2.1.9) with ExternalDependencyInstrumentingArtifactTransform
Transforming bundletool-1.18.0.jar (com.android.tools.build:bundletool:1.18.0) with InstrumentationAnalysisTransform
Transforming bundletool-1.18.0.jar (com.android.tools.build:bundletool:1.18.0) with MergeInstrumentationAnalysisTransform
Transforming protobuf-java-util-3.25.5.jar (com.google.protobuf:protobuf-java-util:3.25.5) with InstrumentationAnalysisTransform
Transforming protobuf-java-util-3.25.5.jar (com.google.protobuf:protobuf-java-util:3.25.5) with MergeInstrumentationAnalysisTransform
Transforming grpc-netty-1.69.1.jar (io.grpc:grpc-netty:1.69.1) with InstrumentationAnalysisTransform
Transforming kotlin-gradle-plugin-annotations-2.2.20.jar (org.jetbrains.kotlin:kotlin-gradle-plugin-annotations:2.2.20) with ExternalDependencyInstrumentingArtifactTransform
Transforming kotlin-native-utils-2.2.20.jar (org.jetbrains.kotlin:kotlin-native-utils:2.2.20) with ExternalDependencyInstrumentingArtifactTransform
Transforming kotlin-tooling-core-2.2.20.jar (org.jetbrains.kotlin:kotlin-tooling-core:2.2.20) with ExternalDependencyInstrumentingArtifactTransform
Transforming kotlin-build-tools-api-2.2.20.jar (org.jetbrains.kotlin:kotlin-build-tools-api:2.2.20) with ExternalDependencyInstrumentingArtifactTransform
Transforming android-test-plugin-result-listener-gradle-proto-31.10.1.jar (com.android.tools.utp:android-test-plugin-result-listener-gradle-proto:31.10.1) with ExternalDependencyInstrumentingArtifactTransform
Transforming grpc-netty-1.69.1.jar (io.grpc:grpc-netty:1.69.1) with MergeInstrumentationAnalysisTransform
Transforming bundletool-1.18.0.jar (com.android.tools.build:bundletool:1.18.0) with ExternalDependencyInstrumentingArtifactTransform
Transforming grpc-inprocess-1.69.1.jar (io.grpc:grpc-inprocess:1.69.1) with InstrumentationAnalysisTransform
Transforming grpc-inprocess-1.69.1.jar (io.grpc:grpc-inprocess:1.69.1) with MergeInstrumentationAnalysisTransform
Transforming grpc-util-1.69.1.jar (io.grpc:grpc-util:1.69.1) with InstrumentationAnalysisTransform
Transforming grpc-netty-1.69.1.jar (io.grpc:grpc-netty:1.69.1) with ExternalDependencyInstrumentingArtifactTransform
Transforming protobuf-java-util-3.25.5.jar (com.google.protobuf:protobuf-java-util:3.25.5) with ExternalDependencyInstrumentingArtifactTransform
Transforming grpc-util-1.69.1.jar (io.grpc:grpc-util:1.69.1) with MergeInstrumentationAnalysisTransform
Transforming grpc-core-1.69.1.jar (io.grpc:grpc-core:1.69.1) with InstrumentationAnalysisTransform
Transforming grpc-core-1.69.1.jar (io.grpc:grpc-core:1.69.1) with MergeInstrumentationAnalysisTransform
Transforming tink-1.7.0.jar (com.google.crypto.tink:tink:1.7.0) with InstrumentationAnalysisTransform
Transforming tink-1.7.0.jar (com.google.crypto.tink:tink:1.7.0) with MergeInstrumentationAnalysisTransform
Transforming gson-2.11.0.jar (com.google.code.gson:gson:2.11.0) with InstrumentationAnalysisTransform
Transforming grpc-inprocess-1.69.1.jar (io.grpc:grpc-inprocess:1.69.1) with ExternalDependencyInstrumentingArtifactTransform
Transforming gson-2.11.0.jar (com.google.code.gson:gson:2.11.0) with MergeInstrumentationAnalysisTransform
Transforming kotlin-util-klib-2.2.20.jar (org.jetbrains.kotlin:kotlin-util-klib:2.2.20) with InstrumentationAnalysisTransform
Transforming kotlin-util-klib-2.2.20.jar (org.jetbrains.kotlin:kotlin-util-klib:2.2.20) with MergeInstrumentationAnalysisTransform
Transforming grpc-util-1.69.1.jar (io.grpc:grpc-util:1.69.1) with ExternalDependencyInstrumentingArtifactTransform
Transforming kotlin-util-io-2.2.20.jar (org.jetbrains.kotlin:kotlin-util-io:2.2.20) with InstrumentationAnalysisTransform
Transforming tink-1.7.0.jar (com.google.crypto.tink:tink:1.7.0) with ExternalDependencyInstrumentingArtifactTransform
Transforming kotlin-util-io-2.2.20.jar (org.jetbrains.kotlin:kotlin-util-io:2.2.20) with MergeInstrumentationAnalysisTransform
Transforming gson-2.11.0.jar (com.google.code.gson:gson:2.11.0) with ExternalDependencyInstrumentingArtifactTransform
Transforming kotlin-util-klib-2.2.20.jar (org.jetbrains.kotlin:kotlin-util-klib:2.2.20) with ExternalDependencyInstrumentingArtifactTransform
Transforming grpc-core-1.69.1.jar (io.grpc:grpc-core:1.69.1) with ExternalDependencyInstrumentingArtifactTransform
Transforming kotlin-daemon-client-2.2.20.jar (org.jetbrains.kotlin:kotlin-daemon-client:2.2.20) with InstrumentationAnalysisTransform
Transforming kotlin-daemon-client-2.2.20.jar (org.jetbrains.kotlin:kotlin-daemon-client:2.2.20) with MergeInstrumentationAnalysisTransform
Transforming kotlinx-coroutines-core-jvm-1.8.0.jar (org.jetbrains.kotlinx:kotlinx-coroutines-core-jvm:1.8.0) with InstrumentationAnalysisTransform
Transforming kotlinx-coroutines-core-jvm-1.8.0.jar (org.jetbrains.kotlinx:kotlinx-coroutines-core-jvm:1.8.0) with MergeInstrumentationAnalysisTransform
Transforming aapt2-proto-8.10.1-12782657.jar (com.android.tools.build:aapt2-proto:8.10.1-12782657) with InstrumentationAnalysisTransform
Transforming kotlin-util-io-2.2.20.jar (org.jetbrains.kotlin:kotlin-util-io:2.2.20) with ExternalDependencyInstrumentingArtifactTransform
Transforming aapt2-proto-8.10.1-12782657.jar (com.android.tools.build:aapt2-proto:8.10.1-12782657) with MergeInstrumentationAnalysisTransform
Transforming crash-31.10.1.jar (com.android.tools.analytics-library:crash:31.10.1) with InstrumentationAnalysisTransform
Transforming crash-31.10.1.jar (com.android.tools.analytics-library:crash:31.10.1) with MergeInstrumentationAnalysisTransform
Transforming lint-typedef-remover-31.10.1.jar (com.android.tools.lint:lint-typedef-remover:31.10.1) with InstrumentationAnalysisTransform
Transforming kotlin-daemon-client-2.2.20.jar (org.jetbrains.kotlin:kotlin-daemon-client:2.2.20) with ExternalDependencyInstrumentingArtifactTransform
Transforming lint-typedef-remover-31.10.1.jar (com.android.tools.lint:lint-typedef-remover:31.10.1) with MergeInstrumentationAnalysisTransform
Transforming kotlinx-coroutines-core-jvm-1.8.0.jar (org.jetbrains.kotlinx:kotlinx-coroutines-core-jvm:1.8.0) with ExternalDependencyInstrumentingArtifactTransform
Transforming databinding-common-8.10.1.jar (androidx.databinding:databinding-common:8.10.1) with InstrumentationAnalysisTransform
Transforming aapt2-proto-8.10.1-12782657.jar (com.android.tools.build:aapt2-proto:8.10.1-12782657) with ExternalDependencyInstrumentingArtifactTransform
Transforming databinding-common-8.10.1.jar (androidx.databinding:databinding-common:8.10.1) with MergeInstrumentationAnalysisTransform
Transforming lint-typedef-remover-31.10.1.jar (com.android.tools.lint:lint-typedef-remover:31.10.1) with ExternalDependencyInstrumentingArtifactTransform
Transforming baseLibrary-8.10.1.jar (com.android.databinding:baseLibrary:8.10.1) with InstrumentationAnalysisTransform
Transforming crash-31.10.1.jar (com.android.tools.analytics-library:crash:31.10.1) with ExternalDependencyInstrumentingArtifactTransform
Transforming baseLibrary-8.10.1.jar (com.android.databinding:baseLibrary:8.10.1) with MergeInstrumentationAnalysisTransform
Transforming android-device-provider-ddmlib-proto-31.10.1.jar (com.android.tools.utp:android-device-provider-ddmlib-proto:31.10.1) with InstrumentationAnalysisTransform
Transforming android-device-provider-ddmlib-proto-31.10.1.jar (com.android.tools.utp:android-device-provider-ddmlib-proto:31.10.1) with MergeInstrumentationAnalysisTransform
Transforming android-device-provider-gradle-proto-31.10.1.jar (com.android.tools.utp:android-device-provider-gradle-proto:31.10.1) with InstrumentationAnalysisTransform
Transforming databinding-common-8.10.1.jar (androidx.databinding:databinding-common:8.10.1) with ExternalDependencyInstrumentingArtifactTransform
Transforming android-device-provider-gradle-proto-31.10.1.jar (com.android.tools.utp:android-device-provider-gradle-proto:31.10.1) with MergeInstrumentationAnalysisTransform
Transforming android-device-provider-profile-proto-31.10.1.jar (com.android.tools.utp:android-device-provider-profile-proto:31.10.1) with InstrumentationAnalysisTransform
Transforming android-device-provider-profile-proto-31.10.1.jar (com.android.tools.utp:android-device-provider-profile-proto:31.10.1) with MergeInstrumentationAnalysisTransform
Transforming baseLibrary-8.10.1.jar (com.android.databinding:baseLibrary:8.10.1) with ExternalDependencyInstrumentingArtifactTransform
Transforming android-test-plugin-host-additional-test-output-proto-31.10.1.jar (com.android.tools.utp:android-test-plugin-host-additional-test-output-proto:31.10.1) with InstrumentationAnalysisTransform
Transforming android-device-provider-ddmlib-proto-31.10.1.jar (com.android.tools.utp:android-device-provider-ddmlib-proto:31.10.1) with ExternalDependencyInstrumentingArtifactTransform
Transforming android-test-plugin-host-additional-test-output-proto-31.10.1.jar (com.android.tools.utp:android-test-plugin-host-additional-test-output-proto:31.10.1) with MergeInstrumentationAnalysisTransform
Transforming android-test-plugin-host-coverage-proto-31.10.1.jar (com.android.tools.utp:android-test-plugin-host-coverage-proto:31.10.1) with InstrumentationAnalysisTransform
Transforming android-device-provider-gradle-proto-31.10.1.jar (com.android.tools.utp:android-device-provider-gradle-proto:31.10.1) with ExternalDependencyInstrumentingArtifactTransform
Transforming android-test-plugin-host-coverage-proto-31.10.1.jar (com.android.tools.utp:android-test-plugin-host-coverage-proto:31.10.1) with MergeInstrumentationAnalysisTransform
Transforming android-device-provider-profile-proto-31.10.1.jar (com.android.tools.utp:android-device-provider-profile-proto:31.10.1) with ExternalDependencyInstrumentingArtifactTransform
Transforming android-test-plugin-host-logcat-proto-31.10.1.jar (com.android.tools.utp:android-test-plugin-host-logcat-proto:31.10.1) with InstrumentationAnalysisTransform
Transforming android-test-plugin-host-logcat-proto-31.10.1.jar (com.android.tools.utp:android-test-plugin-host-logcat-proto:31.10.1) with MergeInstrumentationAnalysisTransform
Transforming android-test-plugin-host-apk-installer-proto-31.10.1.jar (com.android.tools.utp:android-test-plugin-host-apk-installer-proto:31.10.1) with InstrumentationAnalysisTransform
Transforming android-test-plugin-host-additional-test-output-proto-31.10.1.jar (com.android.tools.utp:android-test-plugin-host-additional-test-output-proto:31.10.1) with ExternalDependencyInstrumentingArtifactTransform
Transforming android-test-plugin-host-apk-installer-proto-31.10.1.jar (com.android.tools.utp:android-test-plugin-host-apk-installer-proto:31.10.1) with MergeInstrumentationAnalysisTransform
Transforming android-test-plugin-host-coverage-proto-31.10.1.jar (com.android.tools.utp:android-test-plugin-host-coverage-proto:31.10.1) with ExternalDependencyInstrumentingArtifactTransform
Transforming transform-api-2.0.0-deprecated-use-gradle-api.jar (com.android.tools.build:transform-api:2.0.0-deprecated-use-gradle-api) with InstrumentationAnalysisTransform
Transforming transform-api-2.0.0-deprecated-use-gradle-api.jar (com.android.tools.build:transform-api:2.0.0-deprecated-use-gradle-api) with MergeInstrumentationAnalysisTransform
Transforming httpmime-4.5.6.jar (org.apache.httpcomponents:httpmime:4.5.6) with InstrumentationAnalysisTransform
Transforming android-test-plugin-host-logcat-proto-31.10.1.jar (com.android.tools.utp:android-test-plugin-host-logcat-proto:31.10.1) with ExternalDependencyInstrumentingArtifactTransform
Transforming httpmime-4.5.6.jar (org.apache.httpcomponents:httpmime:4.5.6) with MergeInstrumentationAnalysisTransform
Transforming android-test-plugin-host-apk-installer-proto-31.10.1.jar (com.android.tools.utp:android-test-plugin-host-apk-installer-proto:31.10.1) with ExternalDependencyInstrumentingArtifactTransform
Transforming transform-api-2.0.0-deprecated-use-gradle-api.jar (com.android.tools.build:transform-api:2.0.0-deprecated-use-gradle-api) with ExternalDependencyInstrumentingArtifactTransform
Transforming commons-io-2.16.1.jar (commons-io:commons-io:2.16.1) with InstrumentationAnalysisTransform
Transforming httpmime-4.5.6.jar (org.apache.httpcomponents:httpmime:4.5.6) with ExternalDependencyInstrumentingArtifactTransform
Transforming commons-io-2.16.1.jar (commons-io:commons-io:2.16.1) with MergeInstrumentationAnalysisTransform
Transforming asm-commons-9.7.1.jar (org.ow2.asm:asm-commons:9.7.1) with InstrumentationAnalysisTransform
Transforming asm-commons-9.7.1.jar (org.ow2.asm:asm-commons:9.7.1) with MergeInstrumentationAnalysisTransform
Transforming asm-util-9.7.1.jar (org.ow2.asm:asm-util:9.7.1) with InstrumentationAnalysisTransform
Transforming asm-util-9.7.1.jar (org.ow2.asm:asm-util:9.7.1) with MergeInstrumentationAnalysisTransform
Transforming asm-analysis-9.7.1.jar (org.ow2.asm:asm-analysis:9.7.1) with InstrumentationAnalysisTransform
Transforming asm-analysis-9.7.1.jar (org.ow2.asm:asm-analysis:9.7.1) with MergeInstrumentationAnalysisTransform
Transforming commons-io-2.16.1.jar (commons-io:commons-io:2.16.1) with ExternalDependencyInstrumentingArtifactTransform
Transforming asm-tree-9.7.1.jar (org.ow2.asm:asm-tree:9.7.1) with InstrumentationAnalysisTransform
Transforming asm-tree-9.7.1.jar (org.ow2.asm:asm-tree:9.7.1) with MergeInstrumentationAnalysisTransform
Transforming asm-9.7.1.jar (org.ow2.asm:asm:9.7.1) with InstrumentationAnalysisTransform
Transforming asm-commons-9.7.1.jar (org.ow2.asm:asm-commons:9.7.1) with ExternalDependencyInstrumentingArtifactTransform
Transforming asm-9.7.1.jar (org.ow2.asm:asm:9.7.1) with MergeInstrumentationAnalysisTransform
Transforming asm-util-9.7.1.jar (org.ow2.asm:asm-util:9.7.1) with ExternalDependencyInstrumentingArtifactTransform
Transforming apkzlib-8.10.1.jar (com.android.tools.build:apkzlib:8.10.1) with InstrumentationAnalysisTransform
Transforming asm-analysis-9.7.1.jar (org.ow2.asm:asm-analysis:9.7.1) with ExternalDependencyInstrumentingArtifactTransform
Transforming apkzlib-8.10.1.jar (com.android.tools.build:apkzlib:8.10.1) with MergeInstrumentationAnalysisTransform
Transforming bcpkix-jdk18on-1.79.jar (org.bouncycastle:bcpkix-jdk18on:1.79) with InstrumentationAnalysisTransform
Transforming bcpkix-jdk18on-1.79.jar (org.bouncycastle:bcpkix-jdk18on:1.79) with MergeInstrumentationAnalysisTransform
Transforming jaxb-runtime-2.3.2.jar (org.glassfish.jaxb:jaxb-runtime:2.3.2) with InstrumentationAnalysisTransform
Transforming asm-tree-9.7.1.jar (org.ow2.asm:asm-tree:9.7.1) with ExternalDependencyInstrumentingArtifactTransform
Transforming asm-9.7.1.jar (org.ow2.asm:asm:9.7.1) with ExternalDependencyInstrumentingArtifactTransform
Transforming apkzlib-8.10.1.jar (com.android.tools.build:apkzlib:8.10.1) with ExternalDependencyInstrumentingArtifactTransform
Transforming bcpkix-jdk18on-1.79.jar (org.bouncycastle:bcpkix-jdk18on:1.79) with ExternalDependencyInstrumentingArtifactTransform
Transforming jaxb-runtime-2.3.2.jar (org.glassfish.jaxb:jaxb-runtime:2.3.2) with MergeInstrumentationAnalysisTransform
Transforming jopt-simple-4.9.jar (net.sf.jopt-simple:jopt-simple:4.9) with InstrumentationAnalysisTransform
Transforming jaxb-runtime-2.3.2.jar (org.glassfish.jaxb:jaxb-runtime:2.3.2) with ExternalDependencyInstrumentingArtifactTransform
Transforming jopt-simple-4.9.jar (net.sf.jopt-simple:jopt-simple:4.9) with MergeInstrumentationAnalysisTransform
Transforming javapoet-1.10.0.jar (com.squareup:javapoet:1.10.0) with InstrumentationAnalysisTransform
Transforming javapoet-1.10.0.jar (com.squareup:javapoet:1.10.0) with MergeInstrumentationAnalysisTransform
Transforming grpc-protobuf-1.69.1.jar (io.grpc:grpc-protobuf:1.69.1) with InstrumentationAnalysisTransform
Transforming grpc-protobuf-1.69.1.jar (io.grpc:grpc-protobuf:1.69.1) with MergeInstrumentationAnalysisTransform
Transforming core-proto-0.0.9-alpha03.jar (com.google.testing.platform:core-proto:0.0.9-alpha03) with InstrumentationAnalysisTransform
Transforming core-proto-0.0.9-alpha03.jar (com.google.testing.platform:core-proto:0.0.9-alpha03) with MergeInstrumentationAnalysisTransform
Transforming protos-31.10.1.jar (com.android.tools.analytics-library:protos:31.10.1) with InstrumentationAnalysisTransform
Transforming protos-31.10.1.jar (com.android.tools.analytics-library:protos:31.10.1) with MergeInstrumentationAnalysisTransform
Transforming proto-google-common-protos-2.48.0.jar (com.google.api.grpc:proto-google-common-protos:2.48.0) with InstrumentationAnalysisTransform
Transforming proto-google-common-protos-2.48.0.jar (com.google.api.grpc:proto-google-common-protos:2.48.0) with MergeInstrumentationAnalysisTransform
Transforming protobuf-java-3.25.5.jar (com.google.protobuf:protobuf-java:3.25.5) with InstrumentationAnalysisTransform
Transforming javapoet-1.10.0.jar (com.squareup:javapoet:1.10.0) with ExternalDependencyInstrumentingArtifactTransform
Transforming protobuf-java-3.25.5.jar (com.google.protobuf:protobuf-java:3.25.5) with MergeInstrumentationAnalysisTransform
Transforming core-proto-0.0.9-alpha03.jar (com.google.testing.platform:core-proto:0.0.9-alpha03) with ExternalDependencyInstrumentingArtifactTransform
Transforming grpc-stub-1.69.1.jar (io.grpc:grpc-stub:1.69.1) with InstrumentationAnalysisTransform
Transforming proto-google-common-protos-2.48.0.jar (com.google.api.grpc:proto-google-common-protos:2.48.0) with ExternalDependencyInstrumentingArtifactTransform
Transforming grpc-stub-1.69.1.jar (io.grpc:grpc-stub:1.69.1) with MergeInstrumentationAnalysisTransform
Transforming protos-31.10.1.jar (com.android.tools.analytics-library:protos:31.10.1) with ExternalDependencyInstrumentingArtifactTransform
Transforming grpc-protobuf-1.69.1.jar (io.grpc:grpc-protobuf:1.69.1) with ExternalDependencyInstrumentingArtifactTransform
Transforming grpc-stub-1.69.1.jar (io.grpc:grpc-stub:1.69.1) with ExternalDependencyInstrumentingArtifactTransform
Transforming protobuf-java-3.25.5.jar (com.google.protobuf:protobuf-java:3.25.5) with ExternalDependencyInstrumentingArtifactTransform
Transforming jopt-simple-4.9.jar (net.sf.jopt-simple:jopt-simple:4.9) with ExternalDependencyInstrumentingArtifactTransform
Transforming tensorflow-lite-metadata-0.2.0.jar (org.tensorflow:tensorflow-lite-metadata:0.2.0) with InstrumentationAnalysisTransform
Transforming tensorflow-lite-metadata-0.2.0.jar (org.tensorflow:tensorflow-lite-metadata:0.2.0) with MergeInstrumentationAnalysisTransform
Transforming flatbuffers-java-1.12.0.jar (com.google.flatbuffers:flatbuffers-java:1.12.0) with InstrumentationAnalysisTransform
Transforming flatbuffers-java-1.12.0.jar (com.google.flatbuffers:flatbuffers-java:1.12.0) with MergeInstrumentationAnalysisTransform
Transforming tensorflow-lite-metadata-0.2.0.jar (org.tensorflow:tensorflow-lite-metadata:0.2.0) with ExternalDependencyInstrumentingArtifactTransform
Transforming jimfs-1.1.jar (com.google.jimfs:jimfs:1.1) with InstrumentationAnalysisTransform
Transforming jimfs-1.1.jar (com.google.jimfs:jimfs:1.1) with MergeInstrumentationAnalysisTransform
Transforming grpc-context-1.69.1.jar (io.grpc:grpc-context:1.69.1) with InstrumentationAnalysisTransform
Transforming grpc-context-1.69.1.jar (io.grpc:grpc-context:1.69.1) with MergeInstrumentationAnalysisTransform
Transforming grpc-protobuf-lite-1.69.1.jar (io.grpc:grpc-protobuf-lite:1.69.1) with InstrumentationAnalysisTransform
Transforming grpc-protobuf-lite-1.69.1.jar (io.grpc:grpc-protobuf-lite:1.69.1) with MergeInstrumentationAnalysisTransform
Transforming grpc-api-1.69.1.jar (io.grpc:grpc-api:1.69.1) with InstrumentationAnalysisTransform
Transforming flatbuffers-java-1.12.0.jar (com.google.flatbuffers:flatbuffers-java:1.12.0) with ExternalDependencyInstrumentingArtifactTransform
Transforming grpc-api-1.69.1.jar (io.grpc:grpc-api:1.69.1) with MergeInstrumentationAnalysisTransform
Transforming jimfs-1.1.jar (com.google.jimfs:jimfs:1.1) with ExternalDependencyInstrumentingArtifactTransform
Transforming grpc-protobuf-lite-1.69.1.jar (io.grpc:grpc-protobuf-lite:1.69.1) with ExternalDependencyInstrumentingArtifactTransform
Transforming grpc-context-1.69.1.jar (io.grpc:grpc-context:1.69.1) with ExternalDependencyInstrumentingArtifactTransform
Transforming guava-33.3.1-jre.jar (com.google.guava:guava:33.3.1-jre) with InstrumentationAnalysisTransform
Transforming guava-33.3.1-jre.jar (com.google.guava:guava:33.3.1-jre) with MergeInstrumentationAnalysisTransform
Transforming error_prone_annotations-2.30.0.jar (com.google.errorprone:error_prone_annotations:2.30.0) with InstrumentationAnalysisTransform
Transforming error_prone_annotations-2.30.0.jar (com.google.errorprone:error_prone_annotations:2.30.0) with MergeInstrumentationAnalysisTransform
Transforming grpc-api-1.69.1.jar (io.grpc:grpc-api:1.69.1) with ExternalDependencyInstrumentingArtifactTransform
Transforming dagger-2.28.3.jar (com.google.dagger:dagger:2.28.3) with InstrumentationAnalysisTransform
Transforming guava-33.3.1-jre.jar (com.google.guava:guava:33.3.1-jre) with ExternalDependencyInstrumentingArtifactTransform
Transforming dagger-2.28.3.jar (com.google.dagger:dagger:2.28.3) with MergeInstrumentationAnalysisTransform
Transforming javax.inject-1.jar (javax.inject:javax.inject:1) with InstrumentationAnalysisTransform
Transforming javax.inject-1.jar (javax.inject:javax.inject:1) with MergeInstrumentationAnalysisTransform
Transforming kxml2-2.3.0.jar (net.sf.kxml:kxml2:2.3.0) with InstrumentationAnalysisTransform
Transforming kxml2-2.3.0.jar (net.sf.kxml:kxml2:2.3.0) with MergeInstrumentationAnalysisTransform
Transforming dagger-2.28.3.jar (com.google.dagger:dagger:2.28.3) with ExternalDependencyInstrumentingArtifactTransform
Transforming commons-compress-1.21.jar (org.apache.commons:commons-compress:1.21) with InstrumentationAnalysisTransform
Transforming error_prone_annotations-2.30.0.jar (com.google.errorprone:error_prone_annotations:2.30.0) with ExternalDependencyInstrumentingArtifactTransform
Transforming commons-compress-1.21.jar (org.apache.commons:commons-compress:1.21) with MergeInstrumentationAnalysisTransform
Transforming bcutil-jdk18on-1.79.jar (org.bouncycastle:bcutil-jdk18on:1.79) with InstrumentationAnalysisTransform
Transforming bcutil-jdk18on-1.79.jar (org.bouncycastle:bcutil-jdk18on:1.79) with MergeInstrumentationAnalysisTransform
Transforming bcprov-jdk18on-1.79.jar (org.bouncycastle:bcprov-jdk18on:1.79) with InstrumentationAnalysisTransform
Transforming javax.inject-1.jar (javax.inject:javax.inject:1) with ExternalDependencyInstrumentingArtifactTransform
Transforming kxml2-2.3.0.jar (net.sf.kxml:kxml2:2.3.0) with ExternalDependencyInstrumentingArtifactTransform
Transforming bcprov-jdk18on-1.79.jar (org.bouncycastle:bcprov-jdk18on:1.79) with MergeInstrumentationAnalysisTransform
Transforming httpclient-4.5.14.jar (org.apache.httpcomponents:httpclient:4.5.14) with InstrumentationAnalysisTransform
Transforming commons-compress-1.21.jar (org.apache.commons:commons-compress:1.21) with ExternalDependencyInstrumentingArtifactTransform
Transforming httpclient-4.5.14.jar (org.apache.httpcomponents:httpclient:4.5.14) with MergeInstrumentationAnalysisTransform
Transforming httpcore-4.4.16.jar (org.apache.httpcomponents:httpcore:4.4.16) with InstrumentationAnalysisTransform
Transforming httpcore-4.4.16.jar (org.apache.httpcomponents:httpcore:4.4.16) with MergeInstrumentationAnalysisTransform
Transforming bcprov-jdk18on-1.79.jar (org.bouncycastle:bcprov-jdk18on:1.79) with ExternalDependencyInstrumentingArtifactTransform
Transforming bcutil-jdk18on-1.79.jar (org.bouncycastle:bcutil-jdk18on:1.79) with ExternalDependencyInstrumentingArtifactTransform
Transforming javax.activation-1.2.0.jar (com.sun.activation:javax.activation:1.2.0) with InstrumentationAnalysisTransform
Transforming javax.activation-1.2.0.jar (com.sun.activation:javax.activation:1.2.0) with MergeInstrumentationAnalysisTransform
Transforming signflinger-8.10.1.jar (com.android:signflinger:8.10.1) with InstrumentationAnalysisTransform
Transforming signflinger-8.10.1.jar (com.android:signflinger:8.10.1) with MergeInstrumentationAnalysisTransform
Transforming httpclient-4.5.14.jar (org.apache.httpcomponents:httpclient:4.5.14) with ExternalDependencyInstrumentingArtifactTransform
Transforming zipflinger-8.10.1.jar (com.android:zipflinger:8.10.1) with InstrumentationAnalysisTransform
Transforming zipflinger-8.10.1.jar (com.android:zipflinger:8.10.1) with MergeInstrumentationAnalysisTransform
Transforming httpcore-4.4.16.jar (org.apache.httpcomponents:httpcore:4.4.16) with ExternalDependencyInstrumentingArtifactTransform
Transforming annotations-31.10.1.jar (com.android.tools:annotations:31.10.1) with InstrumentationAnalysisTransform
Transforming annotations-31.10.1.jar (com.android.tools:annotations:31.10.1) with MergeInstrumentationAnalysisTransform
Transforming javax.activation-1.2.0.jar (com.sun.activation:javax.activation:1.2.0) with ExternalDependencyInstrumentingArtifactTransform
Transforming jna-platform-5.6.0.jar (net.java.dev.jna:jna-platform:5.6.0) with InstrumentationAnalysisTransform
Transforming jna-platform-5.6.0.jar (net.java.dev.jna:jna-platform:5.6.0) with MergeInstrumentationAnalysisTransform
Transforming juniversalchardet-1.0.3.jar (com.googlecode.juniversalchardet:juniversalchardet:1.0.3) with InstrumentationAnalysisTransform
Transforming juniversalchardet-1.0.3.jar (com.googlecode.juniversalchardet:juniversalchardet:1.0.3) with MergeInstrumentationAnalysisTransform
Transforming zipflinger-8.10.1.jar (com.android:zipflinger:8.10.1) with ExternalDependencyInstrumentingArtifactTransform
Transforming signflinger-8.10.1.jar (com.android:signflinger:8.10.1) with ExternalDependencyInstrumentingArtifactTransform
Transforming javax.annotation-api-1.3.2.jar (javax.annotation:javax.annotation-api:1.3.2) with InstrumentationAnalysisTransform
Transforming jna-platform-5.6.0.jar (net.java.dev.jna:jna-platform:5.6.0) with ExternalDependencyInstrumentingArtifactTransform
Transforming javax.annotation-api-1.3.2.jar (javax.annotation:javax.annotation-api:1.3.2) with MergeInstrumentationAnalysisTransform
Transforming juniversalchardet-1.0.3.jar (com.googlecode.juniversalchardet:juniversalchardet:1.0.3) with ExternalDependencyInstrumentingArtifactTransform
Transforming stax-ex-1.8.1.jar (org.jvnet.staxex:stax-ex:1.8.1) with InstrumentationAnalysisTransform
Transforming javax.annotation-api-1.3.2.jar (javax.annotation:javax.annotation-api:1.3.2) with ExternalDependencyInstrumentingArtifactTransform
Transforming stax-ex-1.8.1.jar (org.jvnet.staxex:stax-ex:1.8.1) with MergeInstrumentationAnalysisTransform
Transforming jakarta.xml.bind-api-2.3.2.jar (jakarta.xml.bind:jakarta.xml.bind-api:2.3.2) with InstrumentationAnalysisTransform
Transforming jakarta.xml.bind-api-2.3.2.jar (jakarta.xml.bind:jakarta.xml.bind-api:2.3.2) with MergeInstrumentationAnalysisTransform
Transforming annotations-31.10.1.jar (com.android.tools:annotations:31.10.1) with ExternalDependencyInstrumentingArtifactTransform
Transforming txw2-2.3.2.jar (org.glassfish.jaxb:txw2:2.3.2) with InstrumentationAnalysisTransform
Transforming stax-ex-1.8.1.jar (org.jvnet.staxex:stax-ex:1.8.1) with ExternalDependencyInstrumentingArtifactTransform
Transforming txw2-2.3.2.jar (org.glassfish.jaxb:txw2:2.3.2) with MergeInstrumentationAnalysisTransform
Transforming jakarta.xml.bind-api-2.3.2.jar (jakarta.xml.bind:jakarta.xml.bind-api:2.3.2) with ExternalDependencyInstrumentingArtifactTransform
Transforming istack-commons-runtime-3.0.8.jar (com.sun.istack:istack-commons-runtime:3.0.8) with InstrumentationAnalysisTransform
Transforming istack-commons-runtime-3.0.8.jar (com.sun.istack:istack-commons-runtime:3.0.8) with MergeInstrumentationAnalysisTransform
Transforming txw2-2.3.2.jar (org.glassfish.jaxb:txw2:2.3.2) with ExternalDependencyInstrumentingArtifactTransform
Transforming FastInfoset-1.2.16.jar (com.sun.xml.fastinfoset:FastInfoset:1.2.16) with InstrumentationAnalysisTransform
Transforming FastInfoset-1.2.16.jar (com.sun.xml.fastinfoset:FastInfoset:1.2.16) with MergeInstrumentationAnalysisTransform
Transforming istack-commons-runtime-3.0.8.jar (com.sun.istack:istack-commons-runtime:3.0.8) with ExternalDependencyInstrumentingArtifactTransform
Transforming jakarta.activation-api-1.2.1.jar (jakarta.activation:jakarta.activation-api:1.2.1) with InstrumentationAnalysisTransform
Transforming jakarta.activation-api-1.2.1.jar (jakarta.activation:jakarta.activation-api:1.2.1) with MergeInstrumentationAnalysisTransform
Transforming auto-value-annotations-1.6.2.jar (com.google.auto.value:auto-value-annotations:1.6.2) with InstrumentationAnalysisTransform
Transforming FastInfoset-1.2.16.jar (com.sun.xml.fastinfoset:FastInfoset:1.2.16) with ExternalDependencyInstrumentingArtifactTransform
Transforming auto-value-annotations-1.6.2.jar (com.google.auto.value:auto-value-annotations:1.6.2) with MergeInstrumentationAnalysisTransform
Transforming jose4j-0.9.5.jar (org.bitbucket.b_c:jose4j:0.9.5) with InstrumentationAnalysisTransform
Transforming jakarta.activation-api-1.2.1.jar (jakarta.activation:jakarta.activation-api:1.2.1) with ExternalDependencyInstrumentingArtifactTransform
Transforming jose4j-0.9.5.jar (org.bitbucket.b_c:jose4j:0.9.5) with MergeInstrumentationAnalysisTransform
Transforming slf4j-api-1.7.30.jar (org.slf4j:slf4j-api:1.7.30) with InstrumentationAnalysisTransform
Transforming auto-value-annotations-1.6.2.jar (com.google.auto.value:auto-value-annotations:1.6.2) with ExternalDependencyInstrumentingArtifactTransform
Transforming slf4j-api-1.7.30.jar (org.slf4j:slf4j-api:1.7.30) with MergeInstrumentationAnalysisTransform
Transforming jdom2-2.0.6.jar (org.jdom:jdom2:2.0.6) with InstrumentationAnalysisTransform
Transforming jdom2-2.0.6.jar (org.jdom:jdom2:2.0.6) with MergeInstrumentationAnalysisTransform
Transforming jose4j-0.9.5.jar (org.bitbucket.b_c:jose4j:0.9.5) with ExternalDependencyInstrumentingArtifactTransform
Transforming jsr305-3.0.2.jar (com.google.code.findbugs:jsr305:3.0.2) with InstrumentationAnalysisTransform
Transforming slf4j-api-1.7.30.jar (org.slf4j:slf4j-api:1.7.30) with ExternalDependencyInstrumentingArtifactTransform
Transforming jsr305-3.0.2.jar (com.google.code.findbugs:jsr305:3.0.2) with MergeInstrumentationAnalysisTransform
Transforming j2objc-annotations-3.0.0.jar (com.google.j2objc:j2objc-annotations:3.0.0) with InstrumentationAnalysisTransform
Transforming jdom2-2.0.6.jar (org.jdom:jdom2:2.0.6) with ExternalDependencyInstrumentingArtifactTransform
Transforming j2objc-annotations-3.0.0.jar (com.google.j2objc:j2objc-annotations:3.0.0) with MergeInstrumentationAnalysisTransform
Transforming annotations-4.1.1.4.jar (com.google.android:annotations:4.1.1.4) with InstrumentationAnalysisTransform
Transforming jsr305-3.0.2.jar (com.google.code.findbugs:jsr305:3.0.2) with ExternalDependencyInstrumentingArtifactTransform
Transforming annotations-4.1.1.4.jar (com.google.android:annotations:4.1.1.4) with MergeInstrumentationAnalysisTransform
Transforming animal-sniffer-annotations-1.24.jar (org.codehaus.mojo:animal-sniffer-annotations:1.24) with InstrumentationAnalysisTransform
Transforming animal-sniffer-annotations-1.24.jar (org.codehaus.mojo:animal-sniffer-annotations:1.24) with MergeInstrumentationAnalysisTransform
Transforming j2objc-annotations-3.0.0.jar (com.google.j2objc:j2objc-annotations:3.0.0) with ExternalDependencyInstrumentingArtifactTransform
Transforming perfmark-api-0.27.0.jar (io.perfmark:perfmark-api:0.27.0) with InstrumentationAnalysisTransform
Transforming perfmark-api-0.27.0.jar (io.perfmark:perfmark-api:0.27.0) with MergeInstrumentationAnalysisTransform
Transforming netty-codec-http2-4.1.110.Final.jar (io.netty:netty-codec-http2:4.1.110.Final) with InstrumentationAnalysisTransform
Transforming annotations-4.1.1.4.jar (com.google.android:annotations:4.1.1.4) with ExternalDependencyInstrumentingArtifactTransform
Transforming netty-codec-http2-4.1.110.Final.jar (io.netty:netty-codec-http2:4.1.110.Final) with MergeInstrumentationAnalysisTransform
Transforming netty-handler-proxy-4.1.110.Final.jar (io.netty:netty-handler-proxy:4.1.110.Final) with InstrumentationAnalysisTransform
Transforming netty-handler-proxy-4.1.110.Final.jar (io.netty:netty-handler-proxy:4.1.110.Final) with MergeInstrumentationAnalysisTransform
Transforming netty-codec-http-4.1.110.Final.jar (io.netty:netty-codec-http:4.1.110.Final) with InstrumentationAnalysisTransform
Transforming netty-codec-http-4.1.110.Final.jar (io.netty:netty-codec-http:4.1.110.Final) with MergeInstrumentationAnalysisTransform
Transforming netty-codec-http2-4.1.110.Final.jar (io.netty:netty-codec-http2:4.1.110.Final) with ExternalDependencyInstrumentingArtifactTransform
Transforming netty-handler-4.1.110.Final.jar (io.netty:netty-handler:4.1.110.Final) with InstrumentationAnalysisTransform
Transforming animal-sniffer-annotations-1.24.jar (org.codehaus.mojo:animal-sniffer-annotations:1.24) with ExternalDependencyInstrumentingArtifactTransform
Transforming netty-handler-proxy-4.1.110.Final.jar (io.netty:netty-handler-proxy:4.1.110.Final) with ExternalDependencyInstrumentingArtifactTransform
Transforming netty-handler-4.1.110.Final.jar (io.netty:netty-handler:4.1.110.Final) with MergeInstrumentationAnalysisTransform
Transforming perfmark-api-0.27.0.jar (io.perfmark:perfmark-api:0.27.0) with ExternalDependencyInstrumentingArtifactTransform
Transforming netty-transport-native-unix-common-4.1.110.Final.jar (io.netty:netty-transport-native-unix-common:4.1.110.Final) with InstrumentationAnalysisTransform
Transforming netty-codec-http-4.1.110.Final.jar (io.netty:netty-codec-http:4.1.110.Final) with ExternalDependencyInstrumentingArtifactTransform
Transforming netty-transport-native-unix-common-4.1.110.Final.jar (io.netty:netty-transport-native-unix-common:4.1.110.Final) with MergeInstrumentationAnalysisTransform
Transforming checker-qual-3.43.0.jar (org.checkerframework:checker-qual:3.43.0) with InstrumentationAnalysisTransform
Transforming netty-handler-4.1.110.Final.jar (io.netty:netty-handler:4.1.110.Final) with ExternalDependencyInstrumentingArtifactTransform
Transforming checker-qual-3.43.0.jar (org.checkerframework:checker-qual:3.43.0) with MergeInstrumentationAnalysisTransform
Transforming apksig-8.10.1.jar (com.android.tools.build:apksig:8.10.1) with InstrumentationAnalysisTransform
Transforming netty-transport-native-unix-common-4.1.110.Final.jar (io.netty:netty-transport-native-unix-common:4.1.110.Final) with ExternalDependencyInstrumentingArtifactTransform
Transforming apksig-8.10.1.jar (com.android.tools.build:apksig:8.10.1) with MergeInstrumentationAnalysisTransform
Transforming javawriter-2.5.0.jar (com.squareup:javawriter:2.5.0) with InstrumentationAnalysisTransform
Transforming checker-qual-3.43.0.jar (org.checkerframework:checker-qual:3.43.0) with ExternalDependencyInstrumentingArtifactTransform
Transforming javawriter-2.5.0.jar (com.squareup:javawriter:2.5.0) with MergeInstrumentationAnalysisTransform
Transforming apksig-8.10.1.jar (com.android.tools.build:apksig:8.10.1) with ExternalDependencyInstrumentingArtifactTransform
Transforming failureaccess-1.0.2.jar (com.google.guava:failureaccess:1.0.2) with InstrumentationAnalysisTransform
Transforming failureaccess-1.0.2.jar (com.google.guava:failureaccess:1.0.2) with MergeInstrumentationAnalysisTransform
Transforming listenablefuture-9999.0-empty-to-avoid-conflict-with-guava.jar (com.google.guava:listenablefuture:9999.0-empty-to-avoid-conflict-with-guava) with InstrumentationAnalysisTransform
Transforming listenablefuture-9999.0-empty-to-avoid-conflict-with-guava.jar (com.google.guava:listenablefuture:9999.0-empty-to-avoid-conflict-with-guava) with MergeInstrumentationAnalysisTransform
Transforming javawriter-2.5.0.jar (com.squareup:javawriter:2.5.0) with ExternalDependencyInstrumentingArtifactTransform
Transforming commons-logging-1.2.jar (commons-logging:commons-logging:1.2) with InstrumentationAnalysisTransform
Transforming commons-logging-1.2.jar (commons-logging:commons-logging:1.2) with MergeInstrumentationAnalysisTransform
Transforming commons-codec-1.11.jar (commons-codec:commons-codec:1.11) with InstrumentationAnalysisTransform
Transforming commons-codec-1.11.jar (commons-codec:commons-codec:1.11) with MergeInstrumentationAnalysisTransform
Transforming jna-5.6.0.jar (net.java.dev.jna:jna:5.6.0) with InstrumentationAnalysisTransform
Transforming failureaccess-1.0.2.jar (com.google.guava:failureaccess:1.0.2) with ExternalDependencyInstrumentingArtifactTransform
Transforming jna-5.6.0.jar (net.java.dev.jna:jna:5.6.0) with MergeInstrumentationAnalysisTransform
Transforming netty-codec-socks-4.1.110.Final.jar (io.netty:netty-codec-socks:4.1.110.Final) with InstrumentationAnalysisTransform
Transforming netty-codec-socks-4.1.110.Final.jar (io.netty:netty-codec-socks:4.1.110.Final) with MergeInstrumentationAnalysisTransform
Transforming netty-codec-4.1.110.Final.jar (io.netty:netty-codec:4.1.110.Final) with InstrumentationAnalysisTransform
Transforming netty-codec-4.1.110.Final.jar (io.netty:netty-codec:4.1.110.Final) with MergeInstrumentationAnalysisTransform
Transforming netty-transport-4.1.110.Final.jar (io.netty:netty-transport:4.1.110.Final) with InstrumentationAnalysisTransform
Transforming netty-transport-4.1.110.Final.jar (io.netty:netty-transport:4.1.110.Final) with MergeInstrumentationAnalysisTransform
Transforming netty-buffer-4.1.110.Final.jar (io.netty:netty-buffer:4.1.110.Final) with InstrumentationAnalysisTransform
Transforming jna-5.6.0.jar (net.java.dev.jna:jna:5.6.0) with ExternalDependencyInstrumentingArtifactTransform
Transforming commons-codec-1.11.jar (commons-codec:commons-codec:1.11) with ExternalDependencyInstrumentingArtifactTransform
Transforming listenablefuture-9999.0-empty-to-avoid-conflict-with-guava.jar (com.google.guava:listenablefuture:9999.0-empty-to-avoid-conflict-with-guava) with ExternalDependencyInstrumentingArtifactTransform
Transforming netty-codec-socks-4.1.110.Final.jar (io.netty:netty-codec-socks:4.1.110.Final) with ExternalDependencyInstrumentingArtifactTransform
Transforming netty-codec-4.1.110.Final.jar (io.netty:netty-codec:4.1.110.Final) with ExternalDependencyInstrumentingArtifactTransform
Transforming netty-buffer-4.1.110.Final.jar (io.netty:netty-buffer:4.1.110.Final) with MergeInstrumentationAnalysisTransform
Transforming netty-transport-4.1.110.Final.jar (io.netty:netty-transport:4.1.110.Final) with ExternalDependencyInstrumentingArtifactTransform
Transforming commons-logging-1.2.jar (commons-logging:commons-logging:1.2) with ExternalDependencyInstrumentingArtifactTransform
Transforming netty-resolver-4.1.110.Final.jar (io.netty:netty-resolver:4.1.110.Final) with InstrumentationAnalysisTransform
Transforming netty-resolver-4.1.110.Final.jar (io.netty:netty-resolver:4.1.110.Final) with MergeInstrumentationAnalysisTransform
Transforming netty-common-4.1.110.Final.jar (io.netty:netty-common:4.1.110.Final) with InstrumentationAnalysisTransform
Transforming netty-buffer-4.1.110.Final.jar (io.netty:netty-buffer:4.1.110.Final) with ExternalDependencyInstrumentingArtifactTransform
Transforming netty-common-4.1.110.Final.jar (io.netty:netty-common:4.1.110.Final) with MergeInstrumentationAnalysisTransform
Transforming netty-resolver-4.1.110.Final.jar (io.netty:netty-resolver:4.1.110.Final) with ExternalDependencyInstrumentingArtifactTransform
Transforming netty-common-4.1.110.Final.jar (io.netty:netty-common:4.1.110.Final) with ExternalDependencyInstrumentingArtifactTransform
Transforming plugins.jar (project :build-logic:plugins) with ProjectDependencyInstrumentingArtifactTransform
Transforming tools.jar (project :build-logic:tools) with ProjectDependencyInstrumentingArtifactTransform
Using default execution profile
Using Kotlin Gradle Plugin gradle811 variant
Detected Android Gradle Plugin compose compiler configuration
Detected Android Gradle Plugin compose compiler configuration
Detected Android Gradle Plugin compose compiler configuration
Detected Android Gradle Plugin compose compiler configuration
Detected Android Gradle Plugin compose compiler configuration

> Configure project :device-transfer
Evaluating project ':device-transfer' using build file '/home/lollerfirst/Signal-Android/device-transfer/lib/build.gradle.kts'.
Transforming classes with InstrumentationAnalysisTransform
Transforming classes with InstrumentationAnalysisTransform
Transforming gradle-8.10.1.jar (com.android.tools.build:gradle:8.10.1) with InstrumentationAnalysisTransform
Transforming gradle-settings-api-8.10.1.jar (com.android.tools.build:gradle-settings-api:8.10.1) with InstrumentationAnalysisTransform
Transforming lint-model-31.10.1.jar (com.android.tools.lint:lint-model:31.10.1) with InstrumentationAnalysisTransform
Transforming builder-8.10.1.jar (com.android.tools.build:builder:8.10.1) with InstrumentationAnalysisTransform
Transforming manifest-merger-31.10.1.jar (com.android.tools.build:manifest-merger:31.10.1) with InstrumentationAnalysisTransform
Transforming sdk-common-31.10.1.jar (com.android.tools:sdk-common:31.10.1) with InstrumentationAnalysisTransform
Transforming sdklib-31.10.1.jar (com.android.tools:sdklib:31.10.1) with InstrumentationAnalysisTransform
Transforming repository-31.10.1.jar (com.android.tools:repository:31.10.1) with InstrumentationAnalysisTransform
Transforming aaptcompiler-8.10.1.jar (com.android.tools.build:aaptcompiler:8.10.1) with InstrumentationAnalysisTransform
Transforming tracker-31.10.1.jar (com.android.tools.analytics-library:tracker:31.10.1) with InstrumentationAnalysisTransform
Transforming shared-31.10.1.jar (com.android.tools.analytics-library:shared:31.10.1) with InstrumentationAnalysisTransform
Transforming databinding-compiler-common-8.10.1.jar (androidx.databinding:databinding-compiler-common:8.10.1) with InstrumentationAnalysisTransform
Transforming android-test-plugin-host-emulator-control-proto-31.10.1.jar (com.android.tools.utp:android-test-plugin-host-emulator-control-proto:31.10.1) with InstrumentationAnalysisTransform
Transforming builder-model-8.10.1.jar (com.android.tools.build:builder-model:8.10.1) with InstrumentationAnalysisTransform
Transforming gradle-api-8.10.1.jar (com.android.tools.build:gradle-api:8.10.1) with InstrumentationAnalysisTransform
Transforming builder-test-api-8.10.1.jar (com.android.tools.build:builder-test-api:8.10.1) with InstrumentationAnalysisTransform
Transforming ddmlib-31.10.1.jar (com.android.tools.ddms:ddmlib:31.10.1) with InstrumentationAnalysisTransform
Transforming layoutlib-api-31.10.1.jar (com.android.tools.layoutlib:layoutlib-api:31.10.1) with InstrumentationAnalysisTransform
Transforming dvlib-31.10.1.jar (com.android.tools:dvlib:31.10.1) with InstrumentationAnalysisTransform
Transforming common-31.10.1.jar (com.android.tools:common:31.10.1) with InstrumentationAnalysisTransform
Transforming kotlin-stdlib-jdk8-2.1.0.jar (org.jetbrains.kotlin:kotlin-stdlib-jdk8:2.1.0) with InstrumentationAnalysisTransform
Transforming jetifier-processor-1.0.0-beta10.jar (com.android.tools.build.jetifier:jetifier-processor:1.0.0-beta10) with InstrumentationAnalysisTransform
Transforming jetifier-core-1.0.0-beta10.jar (com.android.tools.build.jetifier:jetifier-core:1.0.0-beta10) with InstrumentationAnalysisTransform
Transforming kotlin-reflect-2.0.20.jar (org.jetbrains.kotlin:kotlin-reflect:2.0.20) with InstrumentationAnalysisTransform
Transforming kotlin-stdlib-jdk7-2.1.0.jar (org.jetbrains.kotlin:kotlin-stdlib-jdk7:2.1.0) with InstrumentationAnalysisTransform
Transforming kotlin-stdlib-2.0.20.jar (org.jetbrains.kotlin:kotlin-stdlib:2.0.20) with InstrumentationAnalysisTransform
Transforming annotations-13.0.jar (org.jetbrains:annotations:13.0) with InstrumentationAnalysisTransform
Transforming kotlin-gradle-plugin-model-2.2.20.jar (org.jetbrains.kotlin:kotlin-gradle-plugin-model:2.2.20) with InstrumentationAnalysisTransform
Transforming fus-statistics-gradle-plugin-2.2.20-gradle811.jar (org.jetbrains.kotlin:fus-statistics-gradle-plugin:2.2.20) with InstrumentationAnalysisTransform
Transforming kotlin-gradle-plugin-api-2.2.20.jar (org.jetbrains.kotlin:kotlin-gradle-plugin-api:2.2.20) with InstrumentationAnalysisTransform
Transforming kotlin-gradle-plugin-api-2.2.20-gradle811.jar (org.jetbrains.kotlin:kotlin-gradle-plugin-api:2.2.20) with InstrumentationAnalysisTransform
Transforming kotlin-gradle-plugin-2.2.20-gradle811.jar (org.jetbrains.kotlin:kotlin-gradle-plugin:2.2.20) with InstrumentationAnalysisTransform
Transforming ktlint-gradle-12.1.1.jar (org.jlleitschuh.gradle:ktlint-gradle:12.1.1) with InstrumentationAnalysisTransform
Transforming kotlin-gradle-plugin-idea-proto-2.2.20.jar (org.jetbrains.kotlin:kotlin-gradle-plugin-idea-proto:2.2.20) with InstrumentationAnalysisTransform
Transforming kotlin-gradle-plugin-idea-2.2.20.jar (org.jetbrains.kotlin:kotlin-gradle-plugin-idea:2.2.20) with InstrumentationAnalysisTransform
Transforming kotlin-klib-commonizer-api-2.2.20.jar (org.jetbrains.kotlin:kotlin-klib-commonizer-api:2.2.20) with InstrumentationAnalysisTransform
Transforming kotlin-build-statistics-2.2.20.jar (org.jetbrains.kotlin:kotlin-build-statistics:2.2.20) with InstrumentationAnalysisTransform
Transforming kotlin-util-klib-metadata-2.2.20.jar (org.jetbrains.kotlin:kotlin-util-klib-metadata:2.2.20) with InstrumentationAnalysisTransform
Transforming abi-tools-api-2.2.20.jar (org.jetbrains.kotlin:abi-tools-api:2.2.20) with InstrumentationAnalysisTransform
Transforming kotlin-compiler-runner-2.2.20.jar (org.jetbrains.kotlin:kotlin-compiler-runner:2.2.20) with InstrumentationAnalysisTransform
Transforming dnsjava-2.1.9.jar (dnsjava:dnsjava:2.1.9) with InstrumentationAnalysisTransform
Transforming kotlin-gradle-plugin-annotations-2.2.20.jar (org.jetbrains.kotlin:kotlin-gradle-plugin-annotations:2.2.20) with InstrumentationAnalysisTransform
Transforming kotlin-native-utils-2.2.20.jar (org.jetbrains.kotlin:kotlin-native-utils:2.2.20) with InstrumentationAnalysisTransform
Transforming kotlin-tooling-core-2.2.20.jar (org.jetbrains.kotlin:kotlin-tooling-core:2.2.20) with InstrumentationAnalysisTransform
Transforming kotlin-build-tools-api-2.2.20.jar (org.jetbrains.kotlin:kotlin-build-tools-api:2.2.20) with InstrumentationAnalysisTransform
Transforming android-test-plugin-result-listener-gradle-proto-31.10.1.jar (com.android.tools.utp:android-test-plugin-result-listener-gradle-proto:31.10.1) with InstrumentationAnalysisTransform
Transforming bundletool-1.18.0.jar (com.android.tools.build:bundletool:1.18.0) with InstrumentationAnalysisTransform
Transforming protobuf-java-util-3.25.5.jar (com.google.protobuf:protobuf-java-util:3.25.5) with InstrumentationAnalysisTransform
Transforming grpc-netty-1.69.1.jar (io.grpc:grpc-netty:1.69.1) with InstrumentationAnalysisTransform
Transforming grpc-inprocess-1.69.1.jar (io.grpc:grpc-inprocess:1.69.1) with InstrumentationAnalysisTransform
Transforming grpc-util-1.69.1.jar (io.grpc:grpc-util:1.69.1) with InstrumentationAnalysisTransform
Transforming grpc-core-1.69.1.jar (io.grpc:grpc-core:1.69.1) with InstrumentationAnalysisTransform
Transforming tink-1.7.0.jar (com.google.crypto.tink:tink:1.7.0) with InstrumentationAnalysisTransform
Transforming gson-2.11.0.jar (com.google.code.gson:gson:2.11.0) with InstrumentationAnalysisTransform
Transforming kotlin-util-klib-2.2.20.jar (org.jetbrains.kotlin:kotlin-util-klib:2.2.20) with InstrumentationAnalysisTransform
Transforming kotlin-util-io-2.2.20.jar (org.jetbrains.kotlin:kotlin-util-io:2.2.20) with InstrumentationAnalysisTransform
Transforming kotlin-daemon-client-2.2.20.jar (org.jetbrains.kotlin:kotlin-daemon-client:2.2.20) with InstrumentationAnalysisTransform
Transforming kotlinx-coroutines-core-jvm-1.8.0.jar (org.jetbrains.kotlinx:kotlinx-coroutines-core-jvm:1.8.0) with InstrumentationAnalysisTransform
Transforming aapt2-proto-8.10.1-12782657.jar (com.android.tools.build:aapt2-proto:8.10.1-12782657) with InstrumentationAnalysisTransform
Transforming crash-31.10.1.jar (com.android.tools.analytics-library:crash:31.10.1) with InstrumentationAnalysisTransform
Transforming lint-typedef-remover-31.10.1.jar (com.android.tools.lint:lint-typedef-remover:31.10.1) with InstrumentationAnalysisTransform
Transforming databinding-common-8.10.1.jar (androidx.databinding:databinding-common:8.10.1) with InstrumentationAnalysisTransform
Transforming baseLibrary-8.10.1.jar (com.android.databinding:baseLibrary:8.10.1) with InstrumentationAnalysisTransform
Transforming android-device-provider-ddmlib-proto-31.10.1.jar (com.android.tools.utp:android-device-provider-ddmlib-proto:31.10.1) with InstrumentationAnalysisTransform
Transforming android-device-provider-gradle-proto-31.10.1.jar (com.android.tools.utp:android-device-provider-gradle-proto:31.10.1) with InstrumentationAnalysisTransform
Transforming android-device-provider-profile-proto-31.10.1.jar (com.android.tools.utp:android-device-provider-profile-proto:31.10.1) with InstrumentationAnalysisTransform
Transforming android-test-plugin-host-additional-test-output-proto-31.10.1.jar (com.android.tools.utp:android-test-plugin-host-additional-test-output-proto:31.10.1) with InstrumentationAnalysisTransform
Transforming android-test-plugin-host-coverage-proto-31.10.1.jar (com.android.tools.utp:android-test-plugin-host-coverage-proto:31.10.1) with InstrumentationAnalysisTransform
Transforming android-test-plugin-host-logcat-proto-31.10.1.jar (com.android.tools.utp:android-test-plugin-host-logcat-proto:31.10.1) with InstrumentationAnalysisTransform
Transforming android-test-plugin-host-apk-installer-proto-31.10.1.jar (com.android.tools.utp:android-test-plugin-host-apk-installer-proto:31.10.1) with InstrumentationAnalysisTransform
Transforming transform-api-2.0.0-deprecated-use-gradle-api.jar (com.android.tools.build:transform-api:2.0.0-deprecated-use-gradle-api) with InstrumentationAnalysisTransform
Transforming httpmime-4.5.6.jar (org.apache.httpcomponents:httpmime:4.5.6) with InstrumentationAnalysisTransform
Transforming commons-io-2.16.1.jar (commons-io:commons-io:2.16.1) with InstrumentationAnalysisTransform
Transforming asm-commons-9.7.1.jar (org.ow2.asm:asm-commons:9.7.1) with InstrumentationAnalysisTransform
Transforming asm-util-9.7.1.jar (org.ow2.asm:asm-util:9.7.1) with InstrumentationAnalysisTransform
Transforming asm-analysis-9.7.1.jar (org.ow2.asm:asm-analysis:9.7.1) with InstrumentationAnalysisTransform
Transforming asm-tree-9.7.1.jar (org.ow2.asm:asm-tree:9.7.1) with InstrumentationAnalysisTransform
Transforming asm-9.7.1.jar (org.ow2.asm:asm:9.7.1) with InstrumentationAnalysisTransform
Transforming apkzlib-8.10.1.jar (com.android.tools.build:apkzlib:8.10.1) with InstrumentationAnalysisTransform
Transforming bcpkix-jdk18on-1.79.jar (org.bouncycastle:bcpkix-jdk18on:1.79) with InstrumentationAnalysisTransform
Transforming jaxb-runtime-2.3.2.jar (org.glassfish.jaxb:jaxb-runtime:2.3.2) with InstrumentationAnalysisTransform
Transforming jopt-simple-4.9.jar (net.sf.jopt-simple:jopt-simple:4.9) with InstrumentationAnalysisTransform
Transforming javapoet-1.10.0.jar (com.squareup:javapoet:1.10.0) with InstrumentationAnalysisTransform
Transforming grpc-protobuf-1.69.1.jar (io.grpc:grpc-protobuf:1.69.1) with InstrumentationAnalysisTransform
Transforming core-proto-0.0.9-alpha03.jar (com.google.testing.platform:core-proto:0.0.9-alpha03) with InstrumentationAnalysisTransform
Transforming protos-31.10.1.jar (com.android.tools.analytics-library:protos:31.10.1) with InstrumentationAnalysisTransform
Transforming proto-google-common-protos-2.48.0.jar (com.google.api.grpc:proto-google-common-protos:2.48.0) with InstrumentationAnalysisTransform
Transforming protobuf-java-3.25.5.jar (com.google.protobuf:protobuf-java:3.25.5) with InstrumentationAnalysisTransform
Transforming grpc-stub-1.69.1.jar (io.grpc:grpc-stub:1.69.1) with InstrumentationAnalysisTransform
Transforming tensorflow-lite-metadata-0.2.0.jar (org.tensorflow:tensorflow-lite-metadata:0.2.0) with InstrumentationAnalysisTransform
Transforming flatbuffers-java-1.12.0.jar (com.google.flatbuffers:flatbuffers-java:1.12.0) with InstrumentationAnalysisTransform
Transforming jimfs-1.1.jar (com.google.jimfs:jimfs:1.1) with InstrumentationAnalysisTransform
Transforming grpc-context-1.69.1.jar (io.grpc:grpc-context:1.69.1) with InstrumentationAnalysisTransform
Transforming grpc-protobuf-lite-1.69.1.jar (io.grpc:grpc-protobuf-lite:1.69.1) with InstrumentationAnalysisTransform
Transforming grpc-api-1.69.1.jar (io.grpc:grpc-api:1.69.1) with InstrumentationAnalysisTransform
Transforming guava-33.3.1-jre.jar (com.google.guava:guava:33.3.1-jre) with InstrumentationAnalysisTransform
Transforming error_prone_annotations-2.30.0.jar (com.google.errorprone:error_prone_annotations:2.30.0) with InstrumentationAnalysisTransform
Transforming dagger-2.28.3.jar (com.google.dagger:dagger:2.28.3) with InstrumentationAnalysisTransform
Transforming javax.inject-1.jar (javax.inject:javax.inject:1) with InstrumentationAnalysisTransform
Transforming kxml2-2.3.0.jar (net.sf.kxml:kxml2:2.3.0) with InstrumentationAnalysisTransform
Transforming commons-compress-1.21.jar (org.apache.commons:commons-compress:1.21) with InstrumentationAnalysisTransform
Transforming bcutil-jdk18on-1.79.jar (org.bouncycastle:bcutil-jdk18on:1.79) with InstrumentationAnalysisTransform
Transforming bcprov-jdk18on-1.79.jar (org.bouncycastle:bcprov-jdk18on:1.79) with InstrumentationAnalysisTransform
Transforming httpclient-4.5.14.jar (org.apache.httpcomponents:httpclient:4.5.14) with InstrumentationAnalysisTransform
Transforming httpcore-4.4.16.jar (org.apache.httpcomponents:httpcore:4.4.16) with InstrumentationAnalysisTransform
Transforming javax.activation-1.2.0.jar (com.sun.activation:javax.activation:1.2.0) with InstrumentationAnalysisTransform
Transforming signflinger-8.10.1.jar (com.android:signflinger:8.10.1) with InstrumentationAnalysisTransform
Transforming zipflinger-8.10.1.jar (com.android:zipflinger:8.10.1) with InstrumentationAnalysisTransform
Transforming annotations-31.10.1.jar (com.android.tools:annotations:31.10.1) with InstrumentationAnalysisTransform
Transforming jna-platform-5.6.0.jar (net.java.dev.jna:jna-platform:5.6.0) with InstrumentationAnalysisTransform
Transforming juniversalchardet-1.0.3.jar (com.googlecode.juniversalchardet:juniversalchardet:1.0.3) with InstrumentationAnalysisTransform
Transforming javax.annotation-api-1.3.2.jar (javax.annotation:javax.annotation-api:1.3.2) with InstrumentationAnalysisTransform
Transforming stax-ex-1.8.1.jar (org.jvnet.staxex:stax-ex:1.8.1) with InstrumentationAnalysisTransform
Transforming jakarta.xml.bind-api-2.3.2.jar (jakarta.xml.bind:jakarta.xml.bind-api:2.3.2) with InstrumentationAnalysisTransform
Transforming txw2-2.3.2.jar (org.glassfish.jaxb:txw2:2.3.2) with InstrumentationAnalysisTransform
Transforming istack-commons-runtime-3.0.8.jar (com.sun.istack:istack-commons-runtime:3.0.8) with InstrumentationAnalysisTransform
Transforming FastInfoset-1.2.16.jar (com.sun.xml.fastinfoset:FastInfoset:1.2.16) with InstrumentationAnalysisTransform
Transforming jakarta.activation-api-1.2.1.jar (jakarta.activation:jakarta.activation-api:1.2.1) with InstrumentationAnalysisTransform
Transforming auto-value-annotations-1.6.2.jar (com.google.auto.value:auto-value-annotations:1.6.2) with InstrumentationAnalysisTransform
Transforming jose4j-0.9.5.jar (org.bitbucket.b_c:jose4j:0.9.5) with InstrumentationAnalysisTransform
Transforming slf4j-api-1.7.30.jar (org.slf4j:slf4j-api:1.7.30) with InstrumentationAnalysisTransform
Transforming jdom2-2.0.6.jar (org.jdom:jdom2:2.0.6) with InstrumentationAnalysisTransform
Transforming jsr305-3.0.2.jar (com.google.code.findbugs:jsr305:3.0.2) with InstrumentationAnalysisTransform
Transforming j2objc-annotations-3.0.0.jar (com.google.j2objc:j2objc-annotations:3.0.0) with InstrumentationAnalysisTransform
Transforming annotations-4.1.1.4.jar (com.google.android:annotations:4.1.1.4) with InstrumentationAnalysisTransform
Transforming animal-sniffer-annotations-1.24.jar (org.codehaus.mojo:animal-sniffer-annotations:1.24) with InstrumentationAnalysisTransform
Transforming perfmark-api-0.27.0.jar (io.perfmark:perfmark-api:0.27.0) with InstrumentationAnalysisTransform
Transforming netty-codec-http2-4.1.110.Final.jar (io.netty:netty-codec-http2:4.1.110.Final) with InstrumentationAnalysisTransform
Transforming netty-handler-proxy-4.1.110.Final.jar (io.netty:netty-handler-proxy:4.1.110.Final) with InstrumentationAnalysisTransform
Transforming netty-codec-http-4.1.110.Final.jar (io.netty:netty-codec-http:4.1.110.Final) with InstrumentationAnalysisTransform
Transforming netty-handler-4.1.110.Final.jar (io.netty:netty-handler:4.1.110.Final) with InstrumentationAnalysisTransform
Transforming netty-transport-native-unix-common-4.1.110.Final.jar (io.netty:netty-transport-native-unix-common:4.1.110.Final) with InstrumentationAnalysisTransform
Transforming checker-qual-3.43.0.jar (org.checkerframework:checker-qual:3.43.0) with InstrumentationAnalysisTransform
Transforming apksig-8.10.1.jar (com.android.tools.build:apksig:8.10.1) with InstrumentationAnalysisTransform
Transforming javawriter-2.5.0.jar (com.squareup:javawriter:2.5.0) with InstrumentationAnalysisTransform
Transforming failureaccess-1.0.2.jar (com.google.guava:failureaccess:1.0.2) with InstrumentationAnalysisTransform
Transforming listenablefuture-9999.0-empty-to-avoid-conflict-with-guava.jar (com.google.guava:listenablefuture:9999.0-empty-to-avoid-conflict-with-guava) with InstrumentationAnalysisTransform
Transforming commons-logging-1.2.jar (commons-logging:commons-logging:1.2) with InstrumentationAnalysisTransform
Transforming commons-codec-1.11.jar (commons-codec:commons-codec:1.11) with InstrumentationAnalysisTransform
Transforming jna-5.6.0.jar (net.java.dev.jna:jna:5.6.0) with InstrumentationAnalysisTransform
Transforming netty-codec-socks-4.1.110.Final.jar (io.netty:netty-codec-socks:4.1.110.Final) with InstrumentationAnalysisTransform
Transforming netty-codec-4.1.110.Final.jar (io.netty:netty-codec:4.1.110.Final) with InstrumentationAnalysisTransform
Transforming netty-transport-4.1.110.Final.jar (io.netty:netty-transport:4.1.110.Final) with InstrumentationAnalysisTransform
Transforming netty-buffer-4.1.110.Final.jar (io.netty:netty-buffer:4.1.110.Final) with InstrumentationAnalysisTransform
Transforming netty-resolver-4.1.110.Final.jar (io.netty:netty-resolver:4.1.110.Final) with InstrumentationAnalysisTransform
Transforming netty-common-4.1.110.Final.jar (io.netty:netty-common:4.1.110.Final) with InstrumentationAnalysisTransform
Transforming main (project :build-logic:plugins) with InstrumentationAnalysisTransform
Transforming main (project :build-logic:plugins) with InstrumentationAnalysisTransform
Transforming main (project :build-logic:plugins) with InstrumentationAnalysisTransform
Transforming main (project :build-logic:tools) with InstrumentationAnalysisTransform
Transforming main (project :build-logic:tools) with InstrumentationAnalysisTransform
Transforming classes with InstrumentationAnalysisTransform
Transforming classes with MergeInstrumentationAnalysisTransform
Transforming classes with InstrumentationAnalysisTransform
Transforming classes with MergeInstrumentationAnalysisTransform
Transforming gradle-8.10.1.jar (com.android.tools.build:gradle:8.10.1) with InstrumentationAnalysisTransform
Transforming classes with ExternalDependencyInstrumentingArtifactTransform
Transforming gradle-8.10.1.jar (com.android.tools.build:gradle:8.10.1) with MergeInstrumentationAnalysisTransform
Transforming gradle-settings-api-8.10.1.jar (com.android.tools.build:gradle-settings-api:8.10.1) with InstrumentationAnalysisTransform
Transforming gradle-settings-api-8.10.1.jar (com.android.tools.build:gradle-settings-api:8.10.1) with MergeInstrumentationAnalysisTransform
Transforming lint-model-31.10.1.jar (com.android.tools.lint:lint-model:31.10.1) with InstrumentationAnalysisTransform
Transforming gradle-8.10.1.jar (com.android.tools.build:gradle:8.10.1) with ExternalDependencyInstrumentingArtifactTransform
Transforming classes with ExternalDependencyInstrumentingArtifactTransform
Transforming lint-model-31.10.1.jar (com.android.tools.lint:lint-model:31.10.1) with MergeInstrumentationAnalysisTransform
Transforming gradle-settings-api-8.10.1.jar (com.android.tools.build:gradle-settings-api:8.10.1) with ExternalDependencyInstrumentingArtifactTransform
Transforming builder-8.10.1.jar (com.android.tools.build:builder:8.10.1) with InstrumentationAnalysisTransform
Transforming lint-model-31.10.1.jar (com.android.tools.lint:lint-model:31.10.1) with ExternalDependencyInstrumentingArtifactTransform
Transforming builder-8.10.1.jar (com.android.tools.build:builder:8.10.1) with MergeInstrumentationAnalysisTransform
Transforming manifest-merger-31.10.1.jar (com.android.tools.build:manifest-merger:31.10.1) with InstrumentationAnalysisTransform
Transforming manifest-merger-31.10.1.jar (com.android.tools.build:manifest-merger:31.10.1) with MergeInstrumentationAnalysisTransform
Transforming builder-8.10.1.jar (com.android.tools.build:builder:8.10.1) with ExternalDependencyInstrumentingArtifactTransform
Transforming sdk-common-31.10.1.jar (com.android.tools:sdk-common:31.10.1) with InstrumentationAnalysisTransform
Transforming sdk-common-31.10.1.jar (com.android.tools:sdk-common:31.10.1) with MergeInstrumentationAnalysisTransform
Transforming sdklib-31.10.1.jar (com.android.tools:sdklib:31.10.1) with InstrumentationAnalysisTransform
Transforming sdklib-31.10.1.jar (com.android.tools:sdklib:31.10.1) with MergeInstrumentationAnalysisTransform
Transforming manifest-merger-31.10.1.jar (com.android.tools.build:manifest-merger:31.10.1) with ExternalDependencyInstrumentingArtifactTransform
Transforming sdklib-31.10.1.jar (com.android.tools:sdklib:31.10.1) with ExternalDependencyInstrumentingArtifactTransform
Transforming sdk-common-31.10.1.jar (com.android.tools:sdk-common:31.10.1) with ExternalDependencyInstrumentingArtifactTransform
Transforming repository-31.10.1.jar (com.android.tools:repository:31.10.1) with InstrumentationAnalysisTransform
Transforming repository-31.10.1.jar (com.android.tools:repository:31.10.1) with MergeInstrumentationAnalysisTransform
Transforming aaptcompiler-8.10.1.jar (com.android.tools.build:aaptcompiler:8.10.1) with InstrumentationAnalysisTransform
Transforming aaptcompiler-8.10.1.jar (com.android.tools.build:aaptcompiler:8.10.1) with MergeInstrumentationAnalysisTransform
Transforming tracker-31.10.1.jar (com.android.tools.analytics-library:tracker:31.10.1) with InstrumentationAnalysisTransform
Transforming repository-31.10.1.jar (com.android.tools:repository:31.10.1) with ExternalDependencyInstrumentingArtifactTransform
Transforming tracker-31.10.1.jar (com.android.tools.analytics-library:tracker:31.10.1) with MergeInstrumentationAnalysisTransform
Transforming shared-31.10.1.jar (com.android.tools.analytics-library:shared:31.10.1) with InstrumentationAnalysisTransform
Transforming shared-31.10.1.jar (com.android.tools.analytics-library:shared:31.10.1) with MergeInstrumentationAnalysisTransform
Transforming aaptcompiler-8.10.1.jar (com.android.tools.build:aaptcompiler:8.10.1) with ExternalDependencyInstrumentingArtifactTransform
Transforming databinding-compiler-common-8.10.1.jar (androidx.databinding:databinding-compiler-common:8.10.1) with InstrumentationAnalysisTransform
Transforming databinding-compiler-common-8.10.1.jar (androidx.databinding:databinding-compiler-common:8.10.1) with MergeInstrumentationAnalysisTransform
Transforming tracker-31.10.1.jar (com.android.tools.analytics-library:tracker:31.10.1) with ExternalDependencyInstrumentingArtifactTransform
Transforming android-test-plugin-host-emulator-control-proto-31.10.1.jar (com.android.tools.utp:android-test-plugin-host-emulator-control-proto:31.10.1) with InstrumentationAnalysisTransform
Transforming android-test-plugin-host-emulator-control-proto-31.10.1.jar (com.android.tools.utp:android-test-plugin-host-emulator-control-proto:31.10.1) with MergeInstrumentationAnalysisTransform
Transforming builder-model-8.10.1.jar (com.android.tools.build:builder-model:8.10.1) with InstrumentationAnalysisTransform
Transforming shared-31.10.1.jar (com.android.tools.analytics-library:shared:31.10.1) with ExternalDependencyInstrumentingArtifactTransform
Transforming builder-model-8.10.1.jar (com.android.tools.build:builder-model:8.10.1) with MergeInstrumentationAnalysisTransform
Transforming databinding-compiler-common-8.10.1.jar (androidx.databinding:databinding-compiler-common:8.10.1) with ExternalDependencyInstrumentingArtifactTransform
Transforming gradle-api-8.10.1.jar (com.android.tools.build:gradle-api:8.10.1) with InstrumentationAnalysisTransform
Transforming android-test-plugin-host-emulator-control-proto-31.10.1.jar (com.android.tools.utp:android-test-plugin-host-emulator-control-proto:31.10.1) with ExternalDependencyInstrumentingArtifactTransform
Transforming builder-model-8.10.1.jar (com.android.tools.build:builder-model:8.10.1) with ExternalDependencyInstrumentingArtifactTransform
Transforming gradle-api-8.10.1.jar (com.android.tools.build:gradle-api:8.10.1) with MergeInstrumentationAnalysisTransform
Transforming builder-test-api-8.10.1.jar (com.android.tools.build:builder-test-api:8.10.1) with InstrumentationAnalysisTransform
Transforming builder-test-api-8.10.1.jar (com.android.tools.build:builder-test-api:8.10.1) with MergeInstrumentationAnalysisTransform
Transforming ddmlib-31.10.1.jar (com.android.tools.ddms:ddmlib:31.10.1) with InstrumentationAnalysisTransform
Transforming ddmlib-31.10.1.jar (com.android.tools.ddms:ddmlib:31.10.1) with MergeInstrumentationAnalysisTransform
Transforming gradle-api-8.10.1.jar (com.android.tools.build:gradle-api:8.10.1) with ExternalDependencyInstrumentingArtifactTransform
Transforming layoutlib-api-31.10.1.jar (com.android.tools.layoutlib:layoutlib-api:31.10.1) with InstrumentationAnalysisTransform
Transforming layoutlib-api-31.10.1.jar (com.android.tools.layoutlib:layoutlib-api:31.10.1) with MergeInstrumentationAnalysisTransform
Transforming ddmlib-31.10.1.jar (com.android.tools.ddms:ddmlib:31.10.1) with ExternalDependencyInstrumentingArtifactTransform
Transforming dvlib-31.10.1.jar (com.android.tools:dvlib:31.10.1) with InstrumentationAnalysisTransform
Transforming dvlib-31.10.1.jar (com.android.tools:dvlib:31.10.1) with MergeInstrumentationAnalysisTransform
Transforming common-31.10.1.jar (com.android.tools:common:31.10.1) with InstrumentationAnalysisTransform
Transforming common-31.10.1.jar (com.android.tools:common:31.10.1) with MergeInstrumentationAnalysisTransform
Transforming dvlib-31.10.1.jar (com.android.tools:dvlib:31.10.1) with ExternalDependencyInstrumentingArtifactTransform
Transforming builder-test-api-8.10.1.jar (com.android.tools.build:builder-test-api:8.10.1) with ExternalDependencyInstrumentingArtifactTransform
Transforming layoutlib-api-31.10.1.jar (com.android.tools.layoutlib:layoutlib-api:31.10.1) with ExternalDependencyInstrumentingArtifactTransform
Transforming common-31.10.1.jar (com.android.tools:common:31.10.1) with ExternalDependencyInstrumentingArtifactTransform
Transforming kotlin-stdlib-jdk8-2.1.0.jar (org.jetbrains.kotlin:kotlin-stdlib-jdk8:2.1.0) with InstrumentationAnalysisTransform
Transforming kotlin-stdlib-jdk8-2.1.0.jar (org.jetbrains.kotlin:kotlin-stdlib-jdk8:2.1.0) with MergeInstrumentationAnalysisTransform
Transforming jetifier-processor-1.0.0-beta10.jar (com.android.tools.build.jetifier:jetifier-processor:1.0.0-beta10) with InstrumentationAnalysisTransform
Transforming jetifier-processor-1.0.0-beta10.jar (com.android.tools.build.jetifier:jetifier-processor:1.0.0-beta10) with MergeInstrumentationAnalysisTransform
Transforming jetifier-core-1.0.0-beta10.jar (com.android.tools.build.jetifier:jetifier-core:1.0.0-beta10) with InstrumentationAnalysisTransform
Transforming kotlin-stdlib-jdk8-2.1.0.jar (org.jetbrains.kotlin:kotlin-stdlib-jdk8:2.1.0) with ExternalDependencyInstrumentingArtifactTransform
Transforming jetifier-core-1.0.0-beta10.jar (com.android.tools.build.jetifier:jetifier-core:1.0.0-beta10) with MergeInstrumentationAnalysisTransform
Transforming kotlin-reflect-2.0.20.jar (org.jetbrains.kotlin:kotlin-reflect:2.0.20) with InstrumentationAnalysisTransform
Transforming kotlin-reflect-2.0.20.jar (org.jetbrains.kotlin:kotlin-reflect:2.0.20) with MergeInstrumentationAnalysisTransform
Transforming jetifier-core-1.0.0-beta10.jar (com.android.tools.build.jetifier:jetifier-core:1.0.0-beta10) with ExternalDependencyInstrumentingArtifactTransform
Transforming jetifier-processor-1.0.0-beta10.jar (com.android.tools.build.jetifier:jetifier-processor:1.0.0-beta10) with ExternalDependencyInstrumentingArtifactTransform
Transforming kotlin-reflect-2.0.20.jar (org.jetbrains.kotlin:kotlin-reflect:2.0.20) with ExternalDependencyInstrumentingArtifactTransform
Transforming kotlin-stdlib-jdk7-2.1.0.jar (org.jetbrains.kotlin:kotlin-stdlib-jdk7:2.1.0) with InstrumentationAnalysisTransform
Transforming kotlin-stdlib-jdk7-2.1.0.jar (org.jetbrains.kotlin:kotlin-stdlib-jdk7:2.1.0) with MergeInstrumentationAnalysisTransform
Transforming kotlin-stdlib-2.0.20.jar (org.jetbrains.kotlin:kotlin-stdlib:2.0.20) with InstrumentationAnalysisTransform
Transforming kotlin-stdlib-jdk7-2.1.0.jar (org.jetbrains.kotlin:kotlin-stdlib-jdk7:2.1.0) with ExternalDependencyInstrumentingArtifactTransform
Transforming kotlin-stdlib-2.0.20.jar (org.jetbrains.kotlin:kotlin-stdlib:2.0.20) with MergeInstrumentationAnalysisTransform
Transforming annotations-13.0.jar (org.jetbrains:annotations:13.0) with InstrumentationAnalysisTransform
Transforming annotations-13.0.jar (org.jetbrains:annotations:13.0) with MergeInstrumentationAnalysisTransform
Transforming kotlin-gradle-plugin-model-2.2.20.jar (org.jetbrains.kotlin:kotlin-gradle-plugin-model:2.2.20) with InstrumentationAnalysisTransform
Transforming kotlin-gradle-plugin-model-2.2.20.jar (org.jetbrains.kotlin:kotlin-gradle-plugin-model:2.2.20) with MergeInstrumentationAnalysisTransform
Transforming fus-statistics-gradle-plugin-2.2.20-gradle811.jar (org.jetbrains.kotlin:fus-statistics-gradle-plugin:2.2.20) with InstrumentationAnalysisTransform
Transforming kotlin-stdlib-2.0.20.jar (org.jetbrains.kotlin:kotlin-stdlib:2.0.20) with ExternalDependencyInstrumentingArtifactTransform
Transforming fus-statistics-gradle-plugin-2.2.20-gradle811.jar (org.jetbrains.kotlin:fus-statistics-gradle-plugin:2.2.20) with MergeInstrumentationAnalysisTransform
Transforming annotations-13.0.jar (org.jetbrains:annotations:13.0) with ExternalDependencyInstrumentingArtifactTransform
Transforming kotlin-gradle-plugin-api-2.2.20.jar (org.jetbrains.kotlin:kotlin-gradle-plugin-api:2.2.20) with InstrumentationAnalysisTransform
Transforming kotlin-gradle-plugin-api-2.2.20.jar (org.jetbrains.kotlin:kotlin-gradle-plugin-api:2.2.20) with MergeInstrumentationAnalysisTransform
Transforming fus-statistics-gradle-plugin-2.2.20-gradle811.jar (org.jetbrains.kotlin:fus-statistics-gradle-plugin:2.2.20) with ExternalDependencyInstrumentingArtifactTransform
Transforming kotlin-gradle-plugin-model-2.2.20.jar (org.jetbrains.kotlin:kotlin-gradle-plugin-model:2.2.20) with ExternalDependencyInstrumentingArtifactTransform
Transforming kotlin-gradle-plugin-api-2.2.20.jar (org.jetbrains.kotlin:kotlin-gradle-plugin-api:2.2.20) with ExternalDependencyInstrumentingArtifactTransform
Transforming kotlin-gradle-plugin-api-2.2.20-gradle811.jar (org.jetbrains.kotlin:kotlin-gradle-plugin-api:2.2.20) with InstrumentationAnalysisTransform
Transforming kotlin-gradle-plugin-api-2.2.20-gradle811.jar (org.jetbrains.kotlin:kotlin-gradle-plugin-api:2.2.20) with MergeInstrumentationAnalysisTransform
Transforming kotlin-gradle-plugin-2.2.20-gradle811.jar (org.jetbrains.kotlin:kotlin-gradle-plugin:2.2.20) with InstrumentationAnalysisTransform
Transforming kotlin-gradle-plugin-api-2.2.20-gradle811.jar (org.jetbrains.kotlin:kotlin-gradle-plugin-api:2.2.20) with ExternalDependencyInstrumentingArtifactTransform
Transforming kotlin-gradle-plugin-2.2.20-gradle811.jar (org.jetbrains.kotlin:kotlin-gradle-plugin:2.2.20) with MergeInstrumentationAnalysisTransform
Transforming ktlint-gradle-12.1.1.jar (org.jlleitschuh.gradle:ktlint-gradle:12.1.1) with InstrumentationAnalysisTransform
Transforming ktlint-gradle-12.1.1.jar (org.jlleitschuh.gradle:ktlint-gradle:12.1.1) with MergeInstrumentationAnalysisTransform
Transforming kotlin-gradle-plugin-2.2.20-gradle811.jar (org.jetbrains.kotlin:kotlin-gradle-plugin:2.2.20) with ExternalDependencyInstrumentingArtifactTransform
Transforming kotlin-gradle-plugin-idea-proto-2.2.20.jar (org.jetbrains.kotlin:kotlin-gradle-plugin-idea-proto:2.2.20) with InstrumentationAnalysisTransform
Transforming kotlin-gradle-plugin-idea-proto-2.2.20.jar (org.jetbrains.kotlin:kotlin-gradle-plugin-idea-proto:2.2.20) with MergeInstrumentationAnalysisTransform
Transforming kotlin-gradle-plugin-idea-2.2.20.jar (org.jetbrains.kotlin:kotlin-gradle-plugin-idea:2.2.20) with InstrumentationAnalysisTransform
Transforming ktlint-gradle-12.1.1.jar (org.jlleitschuh.gradle:ktlint-gradle:12.1.1) with ExternalDependencyInstrumentingArtifactTransform
Transforming kotlin-gradle-plugin-idea-2.2.20.jar (org.jetbrains.kotlin:kotlin-gradle-plugin-idea:2.2.20) with MergeInstrumentationAnalysisTransform
Transforming kotlin-klib-commonizer-api-2.2.20.jar (org.jetbrains.kotlin:kotlin-klib-commonizer-api:2.2.20) with InstrumentationAnalysisTransform
Transforming kotlin-gradle-plugin-idea-proto-2.2.20.jar (org.jetbrains.kotlin:kotlin-gradle-plugin-idea-proto:2.2.20) with ExternalDependencyInstrumentingArtifactTransform
Transforming kotlin-gradle-plugin-idea-2.2.20.jar (org.jetbrains.kotlin:kotlin-gradle-plugin-idea:2.2.20) with ExternalDependencyInstrumentingArtifactTransform
Transforming kotlin-klib-commonizer-api-2.2.20.jar (org.jetbrains.kotlin:kotlin-klib-commonizer-api:2.2.20) with MergeInstrumentationAnalysisTransform
Transforming kotlin-build-statistics-2.2.20.jar (org.jetbrains.kotlin:kotlin-build-statistics:2.2.20) with InstrumentationAnalysisTransform
Transforming kotlin-build-statistics-2.2.20.jar (org.jetbrains.kotlin:kotlin-build-statistics:2.2.20) with MergeInstrumentationAnalysisTransform
Transforming kotlin-util-klib-metadata-2.2.20.jar (org.jetbrains.kotlin:kotlin-util-klib-metadata:2.2.20) with InstrumentationAnalysisTransform
Transforming kotlin-util-klib-metadata-2.2.20.jar (org.jetbrains.kotlin:kotlin-util-klib-metadata:2.2.20) with MergeInstrumentationAnalysisTransform
Transforming kotlin-klib-commonizer-api-2.2.20.jar (org.jetbrains.kotlin:kotlin-klib-commonizer-api:2.2.20) with ExternalDependencyInstrumentingArtifactTransform
Transforming abi-tools-api-2.2.20.jar (org.jetbrains.kotlin:abi-tools-api:2.2.20) with InstrumentationAnalysisTransform
Transforming abi-tools-api-2.2.20.jar (org.jetbrains.kotlin:abi-tools-api:2.2.20) with MergeInstrumentationAnalysisTransform
Transforming kotlin-compiler-runner-2.2.20.jar (org.jetbrains.kotlin:kotlin-compiler-runner:2.2.20) with InstrumentationAnalysisTransform
Transforming kotlin-compiler-runner-2.2.20.jar (org.jetbrains.kotlin:kotlin-compiler-runner:2.2.20) with MergeInstrumentationAnalysisTransform
Transforming dnsjava-2.1.9.jar (dnsjava:dnsjava:2.1.9) with InstrumentationAnalysisTransform
Transforming kotlin-build-statistics-2.2.20.jar (org.jetbrains.kotlin:kotlin-build-statistics:2.2.20) with ExternalDependencyInstrumentingArtifactTransform
Transforming dnsjava-2.1.9.jar (dnsjava:dnsjava:2.1.9) with MergeInstrumentationAnalysisTransform
Transforming kotlin-gradle-plugin-annotations-2.2.20.jar (org.jetbrains.kotlin:kotlin-gradle-plugin-annotations:2.2.20) with InstrumentationAnalysisTransform
Transforming kotlin-gradle-plugin-annotations-2.2.20.jar (org.jetbrains.kotlin:kotlin-gradle-plugin-annotations:2.2.20) with MergeInstrumentationAnalysisTransform
Transforming kotlin-native-utils-2.2.20.jar (org.jetbrains.kotlin:kotlin-native-utils:2.2.20) with InstrumentationAnalysisTransform
Transforming kotlin-util-klib-metadata-2.2.20.jar (org.jetbrains.kotlin:kotlin-util-klib-metadata:2.2.20) with ExternalDependencyInstrumentingArtifactTransform
Transforming kotlin-native-utils-2.2.20.jar (org.jetbrains.kotlin:kotlin-native-utils:2.2.20) with MergeInstrumentationAnalysisTransform
Transforming kotlin-tooling-core-2.2.20.jar (org.jetbrains.kotlin:kotlin-tooling-core:2.2.20) with InstrumentationAnalysisTransform
Transforming kotlin-tooling-core-2.2.20.jar (org.jetbrains.kotlin:kotlin-tooling-core:2.2.20) with MergeInstrumentationAnalysisTransform
Transforming kotlin-build-tools-api-2.2.20.jar (org.jetbrains.kotlin:kotlin-build-tools-api:2.2.20) with InstrumentationAnalysisTransform
Transforming kotlin-build-tools-api-2.2.20.jar (org.jetbrains.kotlin:kotlin-build-tools-api:2.2.20) with MergeInstrumentationAnalysisTransform
Transforming abi-tools-api-2.2.20.jar (org.jetbrains.kotlin:abi-tools-api:2.2.20) with ExternalDependencyInstrumentingArtifactTransform
Transforming android-test-plugin-result-listener-gradle-proto-31.10.1.jar (com.android.tools.utp:android-test-plugin-result-listener-gradle-proto:31.10.1) with InstrumentationAnalysisTransform
Transforming android-test-plugin-result-listener-gradle-proto-31.10.1.jar (com.android.tools.utp:android-test-plugin-result-listener-gradle-proto:31.10.1) with MergeInstrumentationAnalysisTransform
Transforming bundletool-1.18.0.jar (com.android.tools.build:bundletool:1.18.0) with InstrumentationAnalysisTransform
Transforming bundletool-1.18.0.jar (com.android.tools.build:bundletool:1.18.0) with MergeInstrumentationAnalysisTransform
Transforming protobuf-java-util-3.25.5.jar (com.google.protobuf:protobuf-java-util:3.25.5) with InstrumentationAnalysisTransform
Transforming protobuf-java-util-3.25.5.jar (com.google.protobuf:protobuf-java-util:3.25.5) with MergeInstrumentationAnalysisTransform
Transforming grpc-netty-1.69.1.jar (io.grpc:grpc-netty:1.69.1) with InstrumentationAnalysisTransform
Transforming kotlin-native-utils-2.2.20.jar (org.jetbrains.kotlin:kotlin-native-utils:2.2.20) with ExternalDependencyInstrumentingArtifactTransform
Transforming kotlin-gradle-plugin-annotations-2.2.20.jar (org.jetbrains.kotlin:kotlin-gradle-plugin-annotations:2.2.20) with ExternalDependencyInstrumentingArtifactTransform
Transforming kotlin-tooling-core-2.2.20.jar (org.jetbrains.kotlin:kotlin-tooling-core:2.2.20) with ExternalDependencyInstrumentingArtifactTransform
Transforming bundletool-1.18.0.jar (com.android.tools.build:bundletool:1.18.0) with ExternalDependencyInstrumentingArtifactTransform
Transforming protobuf-java-util-3.25.5.jar (com.google.protobuf:protobuf-java-util:3.25.5) with ExternalDependencyInstrumentingArtifactTransform
Transforming kotlin-compiler-runner-2.2.20.jar (org.jetbrains.kotlin:kotlin-compiler-runner:2.2.20) with ExternalDependencyInstrumentingArtifactTransform
Transforming android-test-plugin-result-listener-gradle-proto-31.10.1.jar (com.android.tools.utp:android-test-plugin-result-listener-gradle-proto:31.10.1) with ExternalDependencyInstrumentingArtifactTransform
Transforming kotlin-build-tools-api-2.2.20.jar (org.jetbrains.kotlin:kotlin-build-tools-api:2.2.20) with ExternalDependencyInstrumentingArtifactTransform
Transforming grpc-netty-1.69.1.jar (io.grpc:grpc-netty:1.69.1) with MergeInstrumentationAnalysisTransform
Transforming dnsjava-2.1.9.jar (dnsjava:dnsjava:2.1.9) with ExternalDependencyInstrumentingArtifactTransform
Transforming grpc-inprocess-1.69.1.jar (io.grpc:grpc-inprocess:1.69.1) with InstrumentationAnalysisTransform
Transforming grpc-inprocess-1.69.1.jar (io.grpc:grpc-inprocess:1.69.1) with MergeInstrumentationAnalysisTransform
Transforming grpc-netty-1.69.1.jar (io.grpc:grpc-netty:1.69.1) with ExternalDependencyInstrumentingArtifactTransform
Transforming grpc-util-1.69.1.jar (io.grpc:grpc-util:1.69.1) with InstrumentationAnalysisTransform
Transforming grpc-util-1.69.1.jar (io.grpc:grpc-util:1.69.1) with MergeInstrumentationAnalysisTransform
Transforming grpc-core-1.69.1.jar (io.grpc:grpc-core:1.69.1) with InstrumentationAnalysisTransform
Transforming grpc-inprocess-1.69.1.jar (io.grpc:grpc-inprocess:1.69.1) with ExternalDependencyInstrumentingArtifactTransform
Transforming grpc-core-1.69.1.jar (io.grpc:grpc-core:1.69.1) with MergeInstrumentationAnalysisTransform
Transforming tink-1.7.0.jar (com.google.crypto.tink:tink:1.7.0) with InstrumentationAnalysisTransform
Transforming tink-1.7.0.jar (com.google.crypto.tink:tink:1.7.0) with MergeInstrumentationAnalysisTransform
Transforming gson-2.11.0.jar (com.google.code.gson:gson:2.11.0) with InstrumentationAnalysisTransform
Transforming gson-2.11.0.jar (com.google.code.gson:gson:2.11.0) with MergeInstrumentationAnalysisTransform
Transforming kotlin-util-klib-2.2.20.jar (org.jetbrains.kotlin:kotlin-util-klib:2.2.20) with InstrumentationAnalysisTransform
Transforming grpc-util-1.69.1.jar (io.grpc:grpc-util:1.69.1) with ExternalDependencyInstrumentingArtifactTransform
Transforming kotlin-util-klib-2.2.20.jar (org.jetbrains.kotlin:kotlin-util-klib:2.2.20) with MergeInstrumentationAnalysisTransform
Transforming kotlin-util-io-2.2.20.jar (org.jetbrains.kotlin:kotlin-util-io:2.2.20) with InstrumentationAnalysisTransform
Transforming gson-2.11.0.jar (com.google.code.gson:gson:2.11.0) with ExternalDependencyInstrumentingArtifactTransform
Transforming tink-1.7.0.jar (com.google.crypto.tink:tink:1.7.0) with ExternalDependencyInstrumentingArtifactTransform
Transforming grpc-core-1.69.1.jar (io.grpc:grpc-core:1.69.1) with ExternalDependencyInstrumentingArtifactTransform
Transforming kotlin-util-io-2.2.20.jar (org.jetbrains.kotlin:kotlin-util-io:2.2.20) with MergeInstrumentationAnalysisTransform
Transforming kotlin-util-klib-2.2.20.jar (org.jetbrains.kotlin:kotlin-util-klib:2.2.20) with ExternalDependencyInstrumentingArtifactTransform
Transforming kotlin-daemon-client-2.2.20.jar (org.jetbrains.kotlin:kotlin-daemon-client:2.2.20) with InstrumentationAnalysisTransform
Transforming kotlin-util-io-2.2.20.jar (org.jetbrains.kotlin:kotlin-util-io:2.2.20) with ExternalDependencyInstrumentingArtifactTransform
Transforming kotlin-daemon-client-2.2.20.jar (org.jetbrains.kotlin:kotlin-daemon-client:2.2.20) with MergeInstrumentationAnalysisTransform
Transforming kotlinx-coroutines-core-jvm-1.8.0.jar (org.jetbrains.kotlinx:kotlinx-coroutines-core-jvm:1.8.0) with InstrumentationAnalysisTransform
Transforming kotlinx-coroutines-core-jvm-1.8.0.jar (org.jetbrains.kotlinx:kotlinx-coroutines-core-jvm:1.8.0) with MergeInstrumentationAnalysisTransform
Transforming kotlin-daemon-client-2.2.20.jar (org.jetbrains.kotlin:kotlin-daemon-client:2.2.20) with ExternalDependencyInstrumentingArtifactTransform
Transforming aapt2-proto-8.10.1-12782657.jar (com.android.tools.build:aapt2-proto:8.10.1-12782657) with InstrumentationAnalysisTransform
Transforming aapt2-proto-8.10.1-12782657.jar (com.android.tools.build:aapt2-proto:8.10.1-12782657) with MergeInstrumentationAnalysisTransform
Transforming crash-31.10.1.jar (com.android.tools.analytics-library:crash:31.10.1) with InstrumentationAnalysisTransform
Transforming crash-31.10.1.jar (com.android.tools.analytics-library:crash:31.10.1) with MergeInstrumentationAnalysisTransform
Transforming lint-typedef-remover-31.10.1.jar (com.android.tools.lint:lint-typedef-remover:31.10.1) with InstrumentationAnalysisTransform
Transforming lint-typedef-remover-31.10.1.jar (com.android.tools.lint:lint-typedef-remover:31.10.1) with MergeInstrumentationAnalysisTransform
Transforming databinding-common-8.10.1.jar (androidx.databinding:databinding-common:8.10.1) with InstrumentationAnalysisTransform
Transforming databinding-common-8.10.1.jar (androidx.databinding:databinding-common:8.10.1) with MergeInstrumentationAnalysisTransform
Transforming baseLibrary-8.10.1.jar (com.android.databinding:baseLibrary:8.10.1) with InstrumentationAnalysisTransform
Transforming baseLibrary-8.10.1.jar (com.android.databinding:baseLibrary:8.10.1) with MergeInstrumentationAnalysisTransform
Transforming android-device-provider-ddmlib-proto-31.10.1.jar (com.android.tools.utp:android-device-provider-ddmlib-proto:31.10.1) with InstrumentationAnalysisTransform
Transforming aapt2-proto-8.10.1-12782657.jar (com.android.tools.build:aapt2-proto:8.10.1-12782657) with ExternalDependencyInstrumentingArtifactTransform
Transforming android-device-provider-ddmlib-proto-31.10.1.jar (com.android.tools.utp:android-device-provider-ddmlib-proto:31.10.1) with MergeInstrumentationAnalysisTransform
Transforming android-device-provider-gradle-proto-31.10.1.jar (com.android.tools.utp:android-device-provider-gradle-proto:31.10.1) with InstrumentationAnalysisTransform
Transforming android-device-provider-gradle-proto-31.10.1.jar (com.android.tools.utp:android-device-provider-gradle-proto:31.10.1) with MergeInstrumentationAnalysisTransform
Transforming crash-31.10.1.jar (com.android.tools.analytics-library:crash:31.10.1) with ExternalDependencyInstrumentingArtifactTransform
Transforming lint-typedef-remover-31.10.1.jar (com.android.tools.lint:lint-typedef-remover:31.10.1) with ExternalDependencyInstrumentingArtifactTransform
Transforming databinding-common-8.10.1.jar (androidx.databinding:databinding-common:8.10.1) with ExternalDependencyInstrumentingArtifactTransform
Transforming baseLibrary-8.10.1.jar (com.android.databinding:baseLibrary:8.10.1) with ExternalDependencyInstrumentingArtifactTransform
Transforming android-device-provider-ddmlib-proto-31.10.1.jar (com.android.tools.utp:android-device-provider-ddmlib-proto:31.10.1) with ExternalDependencyInstrumentingArtifactTransform
Transforming kotlinx-coroutines-core-jvm-1.8.0.jar (org.jetbrains.kotlinx:kotlinx-coroutines-core-jvm:1.8.0) with ExternalDependencyInstrumentingArtifactTransform
Transforming android-device-provider-gradle-proto-31.10.1.jar (com.android.tools.utp:android-device-provider-gradle-proto:31.10.1) with ExternalDependencyInstrumentingArtifactTransform
Transforming android-device-provider-profile-proto-31.10.1.jar (com.android.tools.utp:android-device-provider-profile-proto:31.10.1) with InstrumentationAnalysisTransform
Transforming android-device-provider-profile-proto-31.10.1.jar (com.android.tools.utp:android-device-provider-profile-proto:31.10.1) with MergeInstrumentationAnalysisTransform
Transforming android-test-plugin-host-additional-test-output-proto-31.10.1.jar (com.android.tools.utp:android-test-plugin-host-additional-test-output-proto:31.10.1) with InstrumentationAnalysisTransform
Transforming android-test-plugin-host-additional-test-output-proto-31.10.1.jar (com.android.tools.utp:android-test-plugin-host-additional-test-output-proto:31.10.1) with MergeInstrumentationAnalysisTransform
Transforming android-test-plugin-host-coverage-proto-31.10.1.jar (com.android.tools.utp:android-test-plugin-host-coverage-proto:31.10.1) with InstrumentationAnalysisTransform
Transforming android-test-plugin-host-coverage-proto-31.10.1.jar (com.android.tools.utp:android-test-plugin-host-coverage-proto:31.10.1) with MergeInstrumentationAnalysisTransform
Transforming android-test-plugin-host-logcat-proto-31.10.1.jar (com.android.tools.utp:android-test-plugin-host-logcat-proto:31.10.1) with InstrumentationAnalysisTransform
Transforming android-device-provider-profile-proto-31.10.1.jar (com.android.tools.utp:android-device-provider-profile-proto:31.10.1) with ExternalDependencyInstrumentingArtifactTransform
Transforming android-test-plugin-host-logcat-proto-31.10.1.jar (com.android.tools.utp:android-test-plugin-host-logcat-proto:31.10.1) with MergeInstrumentationAnalysisTransform
Transforming android-test-plugin-host-apk-installer-proto-31.10.1.jar (com.android.tools.utp:android-test-plugin-host-apk-installer-proto:31.10.1) with InstrumentationAnalysisTransform
Transforming android-test-plugin-host-additional-test-output-proto-31.10.1.jar (com.android.tools.utp:android-test-plugin-host-additional-test-output-proto:31.10.1) with ExternalDependencyInstrumentingArtifactTransform
Transforming android-test-plugin-host-coverage-proto-31.10.1.jar (com.android.tools.utp:android-test-plugin-host-coverage-proto:31.10.1) with ExternalDependencyInstrumentingArtifactTransform
Transforming android-test-plugin-host-apk-installer-proto-31.10.1.jar (com.android.tools.utp:android-test-plugin-host-apk-installer-proto:31.10.1) with MergeInstrumentationAnalysisTransform
Transforming transform-api-2.0.0-deprecated-use-gradle-api.jar (com.android.tools.build:transform-api:2.0.0-deprecated-use-gradle-api) with InstrumentationAnalysisTransform
Transforming transform-api-2.0.0-deprecated-use-gradle-api.jar (com.android.tools.build:transform-api:2.0.0-deprecated-use-gradle-api) with MergeInstrumentationAnalysisTransform
Transforming httpmime-4.5.6.jar (org.apache.httpcomponents:httpmime:4.5.6) with InstrumentationAnalysisTransform
Transforming android-test-plugin-host-logcat-proto-31.10.1.jar (com.android.tools.utp:android-test-plugin-host-logcat-proto:31.10.1) with ExternalDependencyInstrumentingArtifactTransform
Transforming httpmime-4.5.6.jar (org.apache.httpcomponents:httpmime:4.5.6) with MergeInstrumentationAnalysisTransform
Transforming commons-io-2.16.1.jar (commons-io:commons-io:2.16.1) with InstrumentationAnalysisTransform
Transforming commons-io-2.16.1.jar (commons-io:commons-io:2.16.1) with MergeInstrumentationAnalysisTransform
Transforming asm-commons-9.7.1.jar (org.ow2.asm:asm-commons:9.7.1) with InstrumentationAnalysisTransform
Transforming asm-commons-9.7.1.jar (org.ow2.asm:asm-commons:9.7.1) with MergeInstrumentationAnalysisTransform
Transforming asm-util-9.7.1.jar (org.ow2.asm:asm-util:9.7.1) with InstrumentationAnalysisTransform
Transforming android-test-plugin-host-apk-installer-proto-31.10.1.jar (com.android.tools.utp:android-test-plugin-host-apk-installer-proto:31.10.1) with ExternalDependencyInstrumentingArtifactTransform
Transforming asm-util-9.7.1.jar (org.ow2.asm:asm-util:9.7.1) with MergeInstrumentationAnalysisTransform
Transforming asm-analysis-9.7.1.jar (org.ow2.asm:asm-analysis:9.7.1) with InstrumentationAnalysisTransform
Transforming transform-api-2.0.0-deprecated-use-gradle-api.jar (com.android.tools.build:transform-api:2.0.0-deprecated-use-gradle-api) with ExternalDependencyInstrumentingArtifactTransform
Transforming httpmime-4.5.6.jar (org.apache.httpcomponents:httpmime:4.5.6) with ExternalDependencyInstrumentingArtifactTransform
Transforming asm-analysis-9.7.1.jar (org.ow2.asm:asm-analysis:9.7.1) with MergeInstrumentationAnalysisTransform
Transforming asm-tree-9.7.1.jar (org.ow2.asm:asm-tree:9.7.1) with InstrumentationAnalysisTransform
Transforming asm-tree-9.7.1.jar (org.ow2.asm:asm-tree:9.7.1) with MergeInstrumentationAnalysisTransform
Transforming asm-9.7.1.jar (org.ow2.asm:asm:9.7.1) with InstrumentationAnalysisTransform
Transforming asm-9.7.1.jar (org.ow2.asm:asm:9.7.1) with MergeInstrumentationAnalysisTransform
Transforming apkzlib-8.10.1.jar (com.android.tools.build:apkzlib:8.10.1) with InstrumentationAnalysisTransform
Transforming commons-io-2.16.1.jar (commons-io:commons-io:2.16.1) with ExternalDependencyInstrumentingArtifactTransform
Transforming apkzlib-8.10.1.jar (com.android.tools.build:apkzlib:8.10.1) with MergeInstrumentationAnalysisTransform
Transforming bcpkix-jdk18on-1.79.jar (org.bouncycastle:bcpkix-jdk18on:1.79) with InstrumentationAnalysisTransform
Transforming bcpkix-jdk18on-1.79.jar (org.bouncycastle:bcpkix-jdk18on:1.79) with MergeInstrumentationAnalysisTransform
Transforming jaxb-runtime-2.3.2.jar (org.glassfish.jaxb:jaxb-runtime:2.3.2) with InstrumentationAnalysisTransform
Transforming asm-commons-9.7.1.jar (org.ow2.asm:asm-commons:9.7.1) with ExternalDependencyInstrumentingArtifactTransform
Transforming asm-util-9.7.1.jar (org.ow2.asm:asm-util:9.7.1) with ExternalDependencyInstrumentingArtifactTransform
Transforming jaxb-runtime-2.3.2.jar (org.glassfish.jaxb:jaxb-runtime:2.3.2) with MergeInstrumentationAnalysisTransform
Transforming jopt-simple-4.9.jar (net.sf.jopt-simple:jopt-simple:4.9) with InstrumentationAnalysisTransform
Transforming jopt-simple-4.9.jar (net.sf.jopt-simple:jopt-simple:4.9) with MergeInstrumentationAnalysisTransform
Transforming javapoet-1.10.0.jar (com.squareup:javapoet:1.10.0) with InstrumentationAnalysisTransform
Transforming asm-analysis-9.7.1.jar (org.ow2.asm:asm-analysis:9.7.1) with ExternalDependencyInstrumentingArtifactTransform
Transforming javapoet-1.10.0.jar (com.squareup:javapoet:1.10.0) with MergeInstrumentationAnalysisTransform
Transforming grpc-protobuf-1.69.1.jar (io.grpc:grpc-protobuf:1.69.1) with InstrumentationAnalysisTransform
Transforming grpc-protobuf-1.69.1.jar (io.grpc:grpc-protobuf:1.69.1) with MergeInstrumentationAnalysisTransform
Transforming core-proto-0.0.9-alpha03.jar (com.google.testing.platform:core-proto:0.0.9-alpha03) with InstrumentationAnalysisTransform
Transforming core-proto-0.0.9-alpha03.jar (com.google.testing.platform:core-proto:0.0.9-alpha03) with MergeInstrumentationAnalysisTransform
Transforming protos-31.10.1.jar (com.android.tools.analytics-library:protos:31.10.1) with InstrumentationAnalysisTransform
Transforming asm-9.7.1.jar (org.ow2.asm:asm:9.7.1) with ExternalDependencyInstrumentingArtifactTransform
Transforming protos-31.10.1.jar (com.android.tools.analytics-library:protos:31.10.1) with MergeInstrumentationAnalysisTransform
Transforming proto-google-common-protos-2.48.0.jar (com.google.api.grpc:proto-google-common-protos:2.48.0) with InstrumentationAnalysisTransform
Transforming apkzlib-8.10.1.jar (com.android.tools.build:apkzlib:8.10.1) with ExternalDependencyInstrumentingArtifactTransform
Transforming proto-google-common-protos-2.48.0.jar (com.google.api.grpc:proto-google-common-protos:2.48.0) with MergeInstrumentationAnalysisTransform
Transforming jaxb-runtime-2.3.2.jar (org.glassfish.jaxb:jaxb-runtime:2.3.2) with ExternalDependencyInstrumentingArtifactTransform
Transforming asm-tree-9.7.1.jar (org.ow2.asm:asm-tree:9.7.1) with ExternalDependencyInstrumentingArtifactTransform
Transforming protobuf-java-3.25.5.jar (com.google.protobuf:protobuf-java:3.25.5) with InstrumentationAnalysisTransform
Transforming jopt-simple-4.9.jar (net.sf.jopt-simple:jopt-simple:4.9) with ExternalDependencyInstrumentingArtifactTransform
Transforming protobuf-java-3.25.5.jar (com.google.protobuf:protobuf-java:3.25.5) with MergeInstrumentationAnalysisTransform
Transforming javapoet-1.10.0.jar (com.squareup:javapoet:1.10.0) with ExternalDependencyInstrumentingArtifactTransform
Transforming bcpkix-jdk18on-1.79.jar (org.bouncycastle:bcpkix-jdk18on:1.79) with ExternalDependencyInstrumentingArtifactTransform
Transforming core-proto-0.0.9-alpha03.jar (com.google.testing.platform:core-proto:0.0.9-alpha03) with ExternalDependencyInstrumentingArtifactTransform
Transforming protos-31.10.1.jar (com.android.tools.analytics-library:protos:31.10.1) with ExternalDependencyInstrumentingArtifactTransform
Transforming protobuf-java-3.25.5.jar (com.google.protobuf:protobuf-java:3.25.5) with ExternalDependencyInstrumentingArtifactTransform
Transforming proto-google-common-protos-2.48.0.jar (com.google.api.grpc:proto-google-common-protos:2.48.0) with ExternalDependencyInstrumentingArtifactTransform
Transforming grpc-stub-1.69.1.jar (io.grpc:grpc-stub:1.69.1) with InstrumentationAnalysisTransform
Transforming grpc-protobuf-1.69.1.jar (io.grpc:grpc-protobuf:1.69.1) with ExternalDependencyInstrumentingArtifactTransform
Transforming grpc-stub-1.69.1.jar (io.grpc:grpc-stub:1.69.1) with MergeInstrumentationAnalysisTransform
Transforming tensorflow-lite-metadata-0.2.0.jar (org.tensorflow:tensorflow-lite-metadata:0.2.0) with InstrumentationAnalysisTransform
Transforming grpc-stub-1.69.1.jar (io.grpc:grpc-stub:1.69.1) with ExternalDependencyInstrumentingArtifactTransform
Transforming tensorflow-lite-metadata-0.2.0.jar (org.tensorflow:tensorflow-lite-metadata:0.2.0) with MergeInstrumentationAnalysisTransform
Transforming flatbuffers-java-1.12.0.jar (com.google.flatbuffers:flatbuffers-java:1.12.0) with InstrumentationAnalysisTransform
Transforming flatbuffers-java-1.12.0.jar (com.google.flatbuffers:flatbuffers-java:1.12.0) with MergeInstrumentationAnalysisTransform
Transforming tensorflow-lite-metadata-0.2.0.jar (org.tensorflow:tensorflow-lite-metadata:0.2.0) with ExternalDependencyInstrumentingArtifactTransform
Transforming jimfs-1.1.jar (com.google.jimfs:jimfs:1.1) with InstrumentationAnalysisTransform
Transforming jimfs-1.1.jar (com.google.jimfs:jimfs:1.1) with MergeInstrumentationAnalysisTransform
Transforming grpc-context-1.69.1.jar (io.grpc:grpc-context:1.69.1) with InstrumentationAnalysisTransform
Transforming grpc-context-1.69.1.jar (io.grpc:grpc-context:1.69.1) with MergeInstrumentationAnalysisTransform
Transforming flatbuffers-java-1.12.0.jar (com.google.flatbuffers:flatbuffers-java:1.12.0) with ExternalDependencyInstrumentingArtifactTransform
Transforming grpc-protobuf-lite-1.69.1.jar (io.grpc:grpc-protobuf-lite:1.69.1) with InstrumentationAnalysisTransform
Transforming jimfs-1.1.jar (com.google.jimfs:jimfs:1.1) with ExternalDependencyInstrumentingArtifactTransform
Transforming grpc-protobuf-lite-1.69.1.jar (io.grpc:grpc-protobuf-lite:1.69.1) with MergeInstrumentationAnalysisTransform
Transforming grpc-context-1.69.1.jar (io.grpc:grpc-context:1.69.1) with ExternalDependencyInstrumentingArtifactTransform
Transforming grpc-api-1.69.1.jar (io.grpc:grpc-api:1.69.1) with InstrumentationAnalysisTransform
Transforming grpc-api-1.69.1.jar (io.grpc:grpc-api:1.69.1) with MergeInstrumentationAnalysisTransform
Transforming grpc-protobuf-lite-1.69.1.jar (io.grpc:grpc-protobuf-lite:1.69.1) with ExternalDependencyInstrumentingArtifactTransform
Transforming guava-33.3.1-jre.jar (com.google.guava:guava:33.3.1-jre) with InstrumentationAnalysisTransform
Transforming guava-33.3.1-jre.jar (com.google.guava:guava:33.3.1-jre) with MergeInstrumentationAnalysisTransform
Transforming error_prone_annotations-2.30.0.jar (com.google.errorprone:error_prone_annotations:2.30.0) with InstrumentationAnalysisTransform
Transforming grpc-api-1.69.1.jar (io.grpc:grpc-api:1.69.1) with ExternalDependencyInstrumentingArtifactTransform
Transforming error_prone_annotations-2.30.0.jar (com.google.errorprone:error_prone_annotations:2.30.0) with MergeInstrumentationAnalysisTransform
Transforming dagger-2.28.3.jar (com.google.dagger:dagger:2.28.3) with InstrumentationAnalysisTransform
Transforming guava-33.3.1-jre.jar (com.google.guava:guava:33.3.1-jre) with ExternalDependencyInstrumentingArtifactTransform
Transforming dagger-2.28.3.jar (com.google.dagger:dagger:2.28.3) with MergeInstrumentationAnalysisTransform
Transforming error_prone_annotations-2.30.0.jar (com.google.errorprone:error_prone_annotations:2.30.0) with ExternalDependencyInstrumentingArtifactTransform
Transforming javax.inject-1.jar (javax.inject:javax.inject:1) with InstrumentationAnalysisTransform
Transforming javax.inject-1.jar (javax.inject:javax.inject:1) with MergeInstrumentationAnalysisTransform
Transforming dagger-2.28.3.jar (com.google.dagger:dagger:2.28.3) with ExternalDependencyInstrumentingArtifactTransform
Transforming kxml2-2.3.0.jar (net.sf.kxml:kxml2:2.3.0) with InstrumentationAnalysisTransform
Transforming kxml2-2.3.0.jar (net.sf.kxml:kxml2:2.3.0) with MergeInstrumentationAnalysisTransform
Transforming javax.inject-1.jar (javax.inject:javax.inject:1) with ExternalDependencyInstrumentingArtifactTransform
Transforming commons-compress-1.21.jar (org.apache.commons:commons-compress:1.21) with InstrumentationAnalysisTransform
Transforming commons-compress-1.21.jar (org.apache.commons:commons-compress:1.21) with MergeInstrumentationAnalysisTransform
Transforming kxml2-2.3.0.jar (net.sf.kxml:kxml2:2.3.0) with ExternalDependencyInstrumentingArtifactTransform
Transforming bcutil-jdk18on-1.79.jar (org.bouncycastle:bcutil-jdk18on:1.79) with InstrumentationAnalysisTransform
Transforming bcutil-jdk18on-1.79.jar (org.bouncycastle:bcutil-jdk18on:1.79) with MergeInstrumentationAnalysisTransform
Transforming commons-compress-1.21.jar (org.apache.commons:commons-compress:1.21) with ExternalDependencyInstrumentingArtifactTransform
Transforming bcprov-jdk18on-1.79.jar (org.bouncycastle:bcprov-jdk18on:1.79) with InstrumentationAnalysisTransform
Transforming bcprov-jdk18on-1.79.jar (org.bouncycastle:bcprov-jdk18on:1.79) with MergeInstrumentationAnalysisTransform
Transforming bcutil-jdk18on-1.79.jar (org.bouncycastle:bcutil-jdk18on:1.79) with ExternalDependencyInstrumentingArtifactTransform
Transforming httpclient-4.5.14.jar (org.apache.httpcomponents:httpclient:4.5.14) with InstrumentationAnalysisTransform
Transforming httpclient-4.5.14.jar (org.apache.httpcomponents:httpclient:4.5.14) with MergeInstrumentationAnalysisTransform
Transforming bcprov-jdk18on-1.79.jar (org.bouncycastle:bcprov-jdk18on:1.79) with ExternalDependencyInstrumentingArtifactTransform
Transforming httpcore-4.4.16.jar (org.apache.httpcomponents:httpcore:4.4.16) with InstrumentationAnalysisTransform
Transforming httpcore-4.4.16.jar (org.apache.httpcomponents:httpcore:4.4.16) with MergeInstrumentationAnalysisTransform
Transforming httpclient-4.5.14.jar (org.apache.httpcomponents:httpclient:4.5.14) with ExternalDependencyInstrumentingArtifactTransform
Transforming javax.activation-1.2.0.jar (com.sun.activation:javax.activation:1.2.0) with InstrumentationAnalysisTransform
Transforming javax.activation-1.2.0.jar (com.sun.activation:javax.activation:1.2.0) with MergeInstrumentationAnalysisTransform
Transforming httpcore-4.4.16.jar (org.apache.httpcomponents:httpcore:4.4.16) with ExternalDependencyInstrumentingArtifactTransform
Transforming signflinger-8.10.1.jar (com.android:signflinger:8.10.1) with InstrumentationAnalysisTransform
Transforming signflinger-8.10.1.jar (com.android:signflinger:8.10.1) with MergeInstrumentationAnalysisTransform
Transforming javax.activation-1.2.0.jar (com.sun.activation:javax.activation:1.2.0) with ExternalDependencyInstrumentingArtifactTransform
Transforming zipflinger-8.10.1.jar (com.android:zipflinger:8.10.1) with InstrumentationAnalysisTransform
Transforming zipflinger-8.10.1.jar (com.android:zipflinger:8.10.1) with MergeInstrumentationAnalysisTransform
Transforming signflinger-8.10.1.jar (com.android:signflinger:8.10.1) with ExternalDependencyInstrumentingArtifactTransform
Transforming annotations-31.10.1.jar (com.android.tools:annotations:31.10.1) with InstrumentationAnalysisTransform
Transforming annotations-31.10.1.jar (com.android.tools:annotations:31.10.1) with MergeInstrumentationAnalysisTransform
Transforming zipflinger-8.10.1.jar (com.android:zipflinger:8.10.1) with ExternalDependencyInstrumentingArtifactTransform
Transforming jna-platform-5.6.0.jar (net.java.dev.jna:jna-platform:5.6.0) with InstrumentationAnalysisTransform
Transforming jna-platform-5.6.0.jar (net.java.dev.jna:jna-platform:5.6.0) with MergeInstrumentationAnalysisTransform
Transforming annotations-31.10.1.jar (com.android.tools:annotations:31.10.1) with ExternalDependencyInstrumentingArtifactTransform
Transforming juniversalchardet-1.0.3.jar (com.googlecode.juniversalchardet:juniversalchardet:1.0.3) with InstrumentationAnalysisTransform
Transforming juniversalchardet-1.0.3.jar (com.googlecode.juniversalchardet:juniversalchardet:1.0.3) with MergeInstrumentationAnalysisTransform
Transforming jna-platform-5.6.0.jar (net.java.dev.jna:jna-platform:5.6.0) with ExternalDependencyInstrumentingArtifactTransform
Transforming javax.annotation-api-1.3.2.jar (javax.annotation:javax.annotation-api:1.3.2) with InstrumentationAnalysisTransform
Transforming javax.annotation-api-1.3.2.jar (javax.annotation:javax.annotation-api:1.3.2) with MergeInstrumentationAnalysisTransform
Transforming juniversalchardet-1.0.3.jar (com.googlecode.juniversalchardet:juniversalchardet:1.0.3) with ExternalDependencyInstrumentingArtifactTransform
Transforming stax-ex-1.8.1.jar (org.jvnet.staxex:stax-ex:1.8.1) with InstrumentationAnalysisTransform
Transforming stax-ex-1.8.1.jar (org.jvnet.staxex:stax-ex:1.8.1) with MergeInstrumentationAnalysisTransform
Transforming jakarta.xml.bind-api-2.3.2.jar (jakarta.xml.bind:jakarta.xml.bind-api:2.3.2) with InstrumentationAnalysisTransform
Transforming jakarta.xml.bind-api-2.3.2.jar (jakarta.xml.bind:jakarta.xml.bind-api:2.3.2) with MergeInstrumentationAnalysisTransform
Transforming stax-ex-1.8.1.jar (org.jvnet.staxex:stax-ex:1.8.1) with ExternalDependencyInstrumentingArtifactTransform
Transforming txw2-2.3.2.jar (org.glassfish.jaxb:txw2:2.3.2) with InstrumentationAnalysisTransform
Transforming javax.annotation-api-1.3.2.jar (javax.annotation:javax.annotation-api:1.3.2) with ExternalDependencyInstrumentingArtifactTransform
Transforming jakarta.xml.bind-api-2.3.2.jar (jakarta.xml.bind:jakarta.xml.bind-api:2.3.2) with ExternalDependencyInstrumentingArtifactTransform
Transforming txw2-2.3.2.jar (org.glassfish.jaxb:txw2:2.3.2) with MergeInstrumentationAnalysisTransform
Transforming istack-commons-runtime-3.0.8.jar (com.sun.istack:istack-commons-runtime:3.0.8) with InstrumentationAnalysisTransform
Transforming istack-commons-runtime-3.0.8.jar (com.sun.istack:istack-commons-runtime:3.0.8) with MergeInstrumentationAnalysisTransform
Transforming FastInfoset-1.2.16.jar (com.sun.xml.fastinfoset:FastInfoset:1.2.16) with InstrumentationAnalysisTransform
Transforming txw2-2.3.2.jar (org.glassfish.jaxb:txw2:2.3.2) with ExternalDependencyInstrumentingArtifactTransform
Transforming FastInfoset-1.2.16.jar (com.sun.xml.fastinfoset:FastInfoset:1.2.16) with MergeInstrumentationAnalysisTransform
Transforming jakarta.activation-api-1.2.1.jar (jakarta.activation:jakarta.activation-api:1.2.1) with InstrumentationAnalysisTransform
Transforming jakarta.activation-api-1.2.1.jar (jakarta.activation:jakarta.activation-api:1.2.1) with MergeInstrumentationAnalysisTransform
Transforming auto-value-annotations-1.6.2.jar (com.google.auto.value:auto-value-annotations:1.6.2) with InstrumentationAnalysisTransform
Transforming auto-value-annotations-1.6.2.jar (com.google.auto.value:auto-value-annotations:1.6.2) with MergeInstrumentationAnalysisTransform
Transforming jose4j-0.9.5.jar (org.bitbucket.b_c:jose4j:0.9.5) with InstrumentationAnalysisTransform
Transforming istack-commons-runtime-3.0.8.jar (com.sun.istack:istack-commons-runtime:3.0.8) with ExternalDependencyInstrumentingArtifactTransform
Transforming jose4j-0.9.5.jar (org.bitbucket.b_c:jose4j:0.9.5) with MergeInstrumentationAnalysisTransform
Transforming slf4j-api-1.7.30.jar (org.slf4j:slf4j-api:1.7.30) with InstrumentationAnalysisTransform
Transforming slf4j-api-1.7.30.jar (org.slf4j:slf4j-api:1.7.30) with MergeInstrumentationAnalysisTransform
Transforming jdom2-2.0.6.jar (org.jdom:jdom2:2.0.6) with InstrumentationAnalysisTransform
Transforming jdom2-2.0.6.jar (org.jdom:jdom2:2.0.6) with MergeInstrumentationAnalysisTransform
Transforming FastInfoset-1.2.16.jar (com.sun.xml.fastinfoset:FastInfoset:1.2.16) with ExternalDependencyInstrumentingArtifactTransform
Transforming jsr305-3.0.2.jar (com.google.code.findbugs:jsr305:3.0.2) with InstrumentationAnalysisTransform
Transforming jsr305-3.0.2.jar (com.google.code.findbugs:jsr305:3.0.2) with MergeInstrumentationAnalysisTransform
Transforming j2objc-annotations-3.0.0.jar (com.google.j2objc:j2objc-annotations:3.0.0) with InstrumentationAnalysisTransform
Transforming j2objc-annotations-3.0.0.jar (com.google.j2objc:j2objc-annotations:3.0.0) with MergeInstrumentationAnalysisTransform
Transforming annotations-4.1.1.4.jar (com.google.android:annotations:4.1.1.4) with InstrumentationAnalysisTransform
Transforming annotations-4.1.1.4.jar (com.google.android:annotations:4.1.1.4) with MergeInstrumentationAnalysisTransform
Transforming jakarta.activation-api-1.2.1.jar (jakarta.activation:jakarta.activation-api:1.2.1) with ExternalDependencyInstrumentingArtifactTransform
Transforming animal-sniffer-annotations-1.24.jar (org.codehaus.mojo:animal-sniffer-annotations:1.24) with InstrumentationAnalysisTransform
Transforming animal-sniffer-annotations-1.24.jar (org.codehaus.mojo:animal-sniffer-annotations:1.24) with MergeInstrumentationAnalysisTransform
Transforming perfmark-api-0.27.0.jar (io.perfmark:perfmark-api:0.27.0) with InstrumentationAnalysisTransform
Transforming perfmark-api-0.27.0.jar (io.perfmark:perfmark-api:0.27.0) with MergeInstrumentationAnalysisTransform
Transforming netty-codec-http2-4.1.110.Final.jar (io.netty:netty-codec-http2:4.1.110.Final) with InstrumentationAnalysisTransform
Transforming auto-value-annotations-1.6.2.jar (com.google.auto.value:auto-value-annotations:1.6.2) with ExternalDependencyInstrumentingArtifactTransform
Transforming netty-codec-http2-4.1.110.Final.jar (io.netty:netty-codec-http2:4.1.110.Final) with MergeInstrumentationAnalysisTransform
Transforming netty-handler-proxy-4.1.110.Final.jar (io.netty:netty-handler-proxy:4.1.110.Final) with InstrumentationAnalysisTransform
Transforming netty-handler-proxy-4.1.110.Final.jar (io.netty:netty-handler-proxy:4.1.110.Final) with MergeInstrumentationAnalysisTransform
Transforming netty-codec-http-4.1.110.Final.jar (io.netty:netty-codec-http:4.1.110.Final) with InstrumentationAnalysisTransform
Transforming netty-codec-http-4.1.110.Final.jar (io.netty:netty-codec-http:4.1.110.Final) with MergeInstrumentationAnalysisTransform
Transforming jose4j-0.9.5.jar (org.bitbucket.b_c:jose4j:0.9.5) with ExternalDependencyInstrumentingArtifactTransform
Transforming netty-handler-4.1.110.Final.jar (io.netty:netty-handler:4.1.110.Final) with InstrumentationAnalysisTransform
Transforming jdom2-2.0.6.jar (org.jdom:jdom2:2.0.6) with ExternalDependencyInstrumentingArtifactTransform
Transforming slf4j-api-1.7.30.jar (org.slf4j:slf4j-api:1.7.30) with ExternalDependencyInstrumentingArtifactTransform
Transforming netty-handler-4.1.110.Final.jar (io.netty:netty-handler:4.1.110.Final) with MergeInstrumentationAnalysisTransform
Transforming netty-transport-native-unix-common-4.1.110.Final.jar (io.netty:netty-transport-native-unix-common:4.1.110.Final) with InstrumentationAnalysisTransform
Transforming j2objc-annotations-3.0.0.jar (com.google.j2objc:j2objc-annotations:3.0.0) with ExternalDependencyInstrumentingArtifactTransform
Transforming annotations-4.1.1.4.jar (com.google.android:annotations:4.1.1.4) with ExternalDependencyInstrumentingArtifactTransform
Transforming netty-transport-native-unix-common-4.1.110.Final.jar (io.netty:netty-transport-native-unix-common:4.1.110.Final) with MergeInstrumentationAnalysisTransform
Transforming jsr305-3.0.2.jar (com.google.code.findbugs:jsr305:3.0.2) with ExternalDependencyInstrumentingArtifactTransform
Transforming checker-qual-3.43.0.jar (org.checkerframework:checker-qual:3.43.0) with InstrumentationAnalysisTransform
Transforming netty-handler-proxy-4.1.110.Final.jar (io.netty:netty-handler-proxy:4.1.110.Final) with ExternalDependencyInstrumentingArtifactTransform
Transforming netty-codec-http-4.1.110.Final.jar (io.netty:netty-codec-http:4.1.110.Final) with ExternalDependencyInstrumentingArtifactTransform
Transforming checker-qual-3.43.0.jar (org.checkerframework:checker-qual:3.43.0) with MergeInstrumentationAnalysisTransform
Transforming netty-handler-4.1.110.Final.jar (io.netty:netty-handler:4.1.110.Final) with ExternalDependencyInstrumentingArtifactTransform
Transforming netty-transport-native-unix-common-4.1.110.Final.jar (io.netty:netty-transport-native-unix-common:4.1.110.Final) with ExternalDependencyInstrumentingArtifactTransform
Transforming perfmark-api-0.27.0.jar (io.perfmark:perfmark-api:0.27.0) with ExternalDependencyInstrumentingArtifactTransform
Transforming animal-sniffer-annotations-1.24.jar (org.codehaus.mojo:animal-sniffer-annotations:1.24) with ExternalDependencyInstrumentingArtifactTransform
Transforming checker-qual-3.43.0.jar (org.checkerframework:checker-qual:3.43.0) with ExternalDependencyInstrumentingArtifactTransform
Transforming apksig-8.10.1.jar (com.android.tools.build:apksig:8.10.1) with InstrumentationAnalysisTransform
Transforming netty-codec-http2-4.1.110.Final.jar (io.netty:netty-codec-http2:4.1.110.Final) with ExternalDependencyInstrumentingArtifactTransform
Transforming apksig-8.10.1.jar (com.android.tools.build:apksig:8.10.1) with MergeInstrumentationAnalysisTransform
Transforming javawriter-2.5.0.jar (com.squareup:javawriter:2.5.0) with InstrumentationAnalysisTransform
Transforming javawriter-2.5.0.jar (com.squareup:javawriter:2.5.0) with MergeInstrumentationAnalysisTransform
Transforming failureaccess-1.0.2.jar (com.google.guava:failureaccess:1.0.2) with InstrumentationAnalysisTransform
Transforming apksig-8.10.1.jar (com.android.tools.build:apksig:8.10.1) with ExternalDependencyInstrumentingArtifactTransform
Transforming failureaccess-1.0.2.jar (com.google.guava:failureaccess:1.0.2) with MergeInstrumentationAnalysisTransform
Transforming listenablefuture-9999.0-empty-to-avoid-conflict-with-guava.jar (com.google.guava:listenablefuture:9999.0-empty-to-avoid-conflict-with-guava) with InstrumentationAnalysisTransform
Transforming javawriter-2.5.0.jar (com.squareup:javawriter:2.5.0) with ExternalDependencyInstrumentingArtifactTransform
Transforming listenablefuture-9999.0-empty-to-avoid-conflict-with-guava.jar (com.google.guava:listenablefuture:9999.0-empty-to-avoid-conflict-with-guava) with MergeInstrumentationAnalysisTransform
Transforming commons-logging-1.2.jar (commons-logging:commons-logging:1.2) with InstrumentationAnalysisTransform
Transforming commons-logging-1.2.jar (commons-logging:commons-logging:1.2) with MergeInstrumentationAnalysisTransform
Transforming failureaccess-1.0.2.jar (com.google.guava:failureaccess:1.0.2) with ExternalDependencyInstrumentingArtifactTransform
Transforming commons-codec-1.11.jar (commons-codec:commons-codec:1.11) with InstrumentationAnalysisTransform
Transforming listenablefuture-9999.0-empty-to-avoid-conflict-with-guava.jar (com.google.guava:listenablefuture:9999.0-empty-to-avoid-conflict-with-guava) with ExternalDependencyInstrumentingArtifactTransform
Transforming commons-codec-1.11.jar (commons-codec:commons-codec:1.11) with MergeInstrumentationAnalysisTransform
Transforming commons-logging-1.2.jar (commons-logging:commons-logging:1.2) with ExternalDependencyInstrumentingArtifactTransform
Transforming jna-5.6.0.jar (net.java.dev.jna:jna:5.6.0) with InstrumentationAnalysisTransform
Transforming commons-codec-1.11.jar (commons-codec:commons-codec:1.11) with ExternalDependencyInstrumentingArtifactTransform
Transforming jna-5.6.0.jar (net.java.dev.jna:jna:5.6.0) with MergeInstrumentationAnalysisTransform
Transforming netty-codec-socks-4.1.110.Final.jar (io.netty:netty-codec-socks:4.1.110.Final) with InstrumentationAnalysisTransform
Transforming netty-codec-socks-4.1.110.Final.jar (io.netty:netty-codec-socks:4.1.110.Final) with MergeInstrumentationAnalysisTransform
Transforming netty-codec-4.1.110.Final.jar (io.netty:netty-codec:4.1.110.Final) with InstrumentationAnalysisTransform
Transforming jna-5.6.0.jar (net.java.dev.jna:jna:5.6.0) with ExternalDependencyInstrumentingArtifactTransform
Transforming netty-codec-4.1.110.Final.jar (io.netty:netty-codec:4.1.110.Final) with MergeInstrumentationAnalysisTransform
Transforming netty-transport-4.1.110.Final.jar (io.netty:netty-transport:4.1.110.Final) with InstrumentationAnalysisTransform
Transforming netty-codec-socks-4.1.110.Final.jar (io.netty:netty-codec-socks:4.1.110.Final) with ExternalDependencyInstrumentingArtifactTransform
Transforming netty-transport-4.1.110.Final.jar (io.netty:netty-transport:4.1.110.Final) with MergeInstrumentationAnalysisTransform
Transforming netty-buffer-4.1.110.Final.jar (io.netty:netty-buffer:4.1.110.Final) with InstrumentationAnalysisTransform
Transforming netty-codec-4.1.110.Final.jar (io.netty:netty-codec:4.1.110.Final) with ExternalDependencyInstrumentingArtifactTransform
Transforming netty-buffer-4.1.110.Final.jar (io.netty:netty-buffer:4.1.110.Final) with MergeInstrumentationAnalysisTransform
Transforming netty-transport-4.1.110.Final.jar (io.netty:netty-transport:4.1.110.Final) with ExternalDependencyInstrumentingArtifactTransform
Transforming netty-resolver-4.1.110.Final.jar (io.netty:netty-resolver:4.1.110.Final) with InstrumentationAnalysisTransform
Transforming netty-resolver-4.1.110.Final.jar (io.netty:netty-resolver:4.1.110.Final) with MergeInstrumentationAnalysisTransform
Transforming netty-buffer-4.1.110.Final.jar (io.netty:netty-buffer:4.1.110.Final) with ExternalDependencyInstrumentingArtifactTransform
Transforming netty-common-4.1.110.Final.jar (io.netty:netty-common:4.1.110.Final) with InstrumentationAnalysisTransform
Transforming netty-common-4.1.110.Final.jar (io.netty:netty-common:4.1.110.Final) with MergeInstrumentationAnalysisTransform
Transforming netty-resolver-4.1.110.Final.jar (io.netty:netty-resolver:4.1.110.Final) with ExternalDependencyInstrumentingArtifactTransform
Transforming netty-common-4.1.110.Final.jar (io.netty:netty-common:4.1.110.Final) with ExternalDependencyInstrumentingArtifactTransform
Transforming plugins.jar (project :build-logic:plugins) with ProjectDependencyInstrumentingArtifactTransform
Transforming tools.jar (project :build-logic:tools) with ProjectDependencyInstrumentingArtifactTransform
Using default execution profile
Using Kotlin Gradle Plugin gradle811 variant

> Configure project :device-transfer-app
Evaluating project ':device-transfer-app' using build file '/home/lollerfirst/Signal-Android/device-transfer/app/build.gradle.kts'.
Transforming classes with InstrumentationAnalysisTransform
Transforming classes with InstrumentationAnalysisTransform
Transforming gradle-8.10.1.jar (com.android.tools.build:gradle:8.10.1) with InstrumentationAnalysisTransform
Transforming gradle-settings-api-8.10.1.jar (com.android.tools.build:gradle-settings-api:8.10.1) with InstrumentationAnalysisTransform
Transforming lint-model-31.10.1.jar (com.android.tools.lint:lint-model:31.10.1) with InstrumentationAnalysisTransform
Transforming builder-8.10.1.jar (com.android.tools.build:builder:8.10.1) with InstrumentationAnalysisTransform
Transforming manifest-merger-31.10.1.jar (com.android.tools.build:manifest-merger:31.10.1) with InstrumentationAnalysisTransform
Transforming sdk-common-31.10.1.jar (com.android.tools:sdk-common:31.10.1) with InstrumentationAnalysisTransform
Transforming sdklib-31.10.1.jar (com.android.tools:sdklib:31.10.1) with InstrumentationAnalysisTransform
Transforming repository-31.10.1.jar (com.android.tools:repository:31.10.1) with InstrumentationAnalysisTransform
Transforming aaptcompiler-8.10.1.jar (com.android.tools.build:aaptcompiler:8.10.1) with InstrumentationAnalysisTransform
Transforming tracker-31.10.1.jar (com.android.tools.analytics-library:tracker:31.10.1) with InstrumentationAnalysisTransform
Transforming shared-31.10.1.jar (com.android.tools.analytics-library:shared:31.10.1) with InstrumentationAnalysisTransform
Transforming databinding-compiler-common-8.10.1.jar (androidx.databinding:databinding-compiler-common:8.10.1) with InstrumentationAnalysisTransform
Transforming android-test-plugin-host-emulator-control-proto-31.10.1.jar (com.android.tools.utp:android-test-plugin-host-emulator-control-proto:31.10.1) with InstrumentationAnalysisTransform
Transforming builder-model-8.10.1.jar (com.android.tools.build:builder-model:8.10.1) with InstrumentationAnalysisTransform
Transforming gradle-api-8.10.1.jar (com.android.tools.build:gradle-api:8.10.1) with InstrumentationAnalysisTransform
Transforming builder-test-api-8.10.1.jar (com.android.tools.build:builder-test-api:8.10.1) with InstrumentationAnalysisTransform
Transforming ddmlib-31.10.1.jar (com.android.tools.ddms:ddmlib:31.10.1) with InstrumentationAnalysisTransform
Transforming layoutlib-api-31.10.1.jar (com.android.tools.layoutlib:layoutlib-api:31.10.1) with InstrumentationAnalysisTransform
Transforming dvlib-31.10.1.jar (com.android.tools:dvlib:31.10.1) with InstrumentationAnalysisTransform
Transforming common-31.10.1.jar (com.android.tools:common:31.10.1) with InstrumentationAnalysisTransform
Transforming kotlin-stdlib-jdk8-2.1.0.jar (org.jetbrains.kotlin:kotlin-stdlib-jdk8:2.1.0) with InstrumentationAnalysisTransform
Transforming jetifier-processor-1.0.0-beta10.jar (com.android.tools.build.jetifier:jetifier-processor:1.0.0-beta10) with InstrumentationAnalysisTransform
Transforming jetifier-core-1.0.0-beta10.jar (com.android.tools.build.jetifier:jetifier-core:1.0.0-beta10) with InstrumentationAnalysisTransform
Transforming kotlin-reflect-2.0.20.jar (org.jetbrains.kotlin:kotlin-reflect:2.0.20) with InstrumentationAnalysisTransform
Transforming kotlin-stdlib-jdk7-2.1.0.jar (org.jetbrains.kotlin:kotlin-stdlib-jdk7:2.1.0) with InstrumentationAnalysisTransform
Transforming kotlin-stdlib-2.0.20.jar (org.jetbrains.kotlin:kotlin-stdlib:2.0.20) with InstrumentationAnalysisTransform
Transforming annotations-13.0.jar (org.jetbrains:annotations:13.0) with InstrumentationAnalysisTransform
Transforming kotlin-gradle-plugin-model-2.2.20.jar (org.jetbrains.kotlin:kotlin-gradle-plugin-model:2.2.20) with InstrumentationAnalysisTransform
Transforming fus-statistics-gradle-plugin-2.2.20-gradle811.jar (org.jetbrains.kotlin:fus-statistics-gradle-plugin:2.2.20) with InstrumentationAnalysisTransform
Transforming kotlin-gradle-plugin-api-2.2.20.jar (org.jetbrains.kotlin:kotlin-gradle-plugin-api:2.2.20) with InstrumentationAnalysisTransform
Transforming kotlin-gradle-plugin-api-2.2.20-gradle811.jar (org.jetbrains.kotlin:kotlin-gradle-plugin-api:2.2.20) with InstrumentationAnalysisTransform
Transforming kotlin-gradle-plugin-2.2.20-gradle811.jar (org.jetbrains.kotlin:kotlin-gradle-plugin:2.2.20) with InstrumentationAnalysisTransform
Transforming ktlint-gradle-12.1.1.jar (org.jlleitschuh.gradle:ktlint-gradle:12.1.1) with InstrumentationAnalysisTransform
Transforming kotlin-gradle-plugin-idea-proto-2.2.20.jar (org.jetbrains.kotlin:kotlin-gradle-plugin-idea-proto:2.2.20) with InstrumentationAnalysisTransform
Transforming kotlin-gradle-plugin-idea-2.2.20.jar (org.jetbrains.kotlin:kotlin-gradle-plugin-idea:2.2.20) with InstrumentationAnalysisTransform
Transforming kotlin-klib-commonizer-api-2.2.20.jar (org.jetbrains.kotlin:kotlin-klib-commonizer-api:2.2.20) with InstrumentationAnalysisTransform
Transforming kotlin-build-statistics-2.2.20.jar (org.jetbrains.kotlin:kotlin-build-statistics:2.2.20) with InstrumentationAnalysisTransform
Transforming kotlin-util-klib-metadata-2.2.20.jar (org.jetbrains.kotlin:kotlin-util-klib-metadata:2.2.20) with InstrumentationAnalysisTransform
Transforming abi-tools-api-2.2.20.jar (org.jetbrains.kotlin:abi-tools-api:2.2.20) with InstrumentationAnalysisTransform
Transforming kotlin-compiler-runner-2.2.20.jar (org.jetbrains.kotlin:kotlin-compiler-runner:2.2.20) with InstrumentationAnalysisTransform
Transforming dnsjava-2.1.9.jar (dnsjava:dnsjava:2.1.9) with InstrumentationAnalysisTransform
Transforming kotlin-gradle-plugin-annotations-2.2.20.jar (org.jetbrains.kotlin:kotlin-gradle-plugin-annotations:2.2.20) with InstrumentationAnalysisTransform
Transforming kotlin-native-utils-2.2.20.jar (org.jetbrains.kotlin:kotlin-native-utils:2.2.20) with InstrumentationAnalysisTransform
Transforming kotlin-tooling-core-2.2.20.jar (org.jetbrains.kotlin:kotlin-tooling-core:2.2.20) with InstrumentationAnalysisTransform
Transforming kotlin-build-tools-api-2.2.20.jar (org.jetbrains.kotlin:kotlin-build-tools-api:2.2.20) with InstrumentationAnalysisTransform
Transforming android-test-plugin-result-listener-gradle-proto-31.10.1.jar (com.android.tools.utp:android-test-plugin-result-listener-gradle-proto:31.10.1) with InstrumentationAnalysisTransform
Transforming bundletool-1.18.0.jar (com.android.tools.build:bundletool:1.18.0) with InstrumentationAnalysisTransform
Transforming protobuf-java-util-3.25.5.jar (com.google.protobuf:protobuf-java-util:3.25.5) with InstrumentationAnalysisTransform
Transforming grpc-netty-1.69.1.jar (io.grpc:grpc-netty:1.69.1) with InstrumentationAnalysisTransform
Transforming grpc-inprocess-1.69.1.jar (io.grpc:grpc-inprocess:1.69.1) with InstrumentationAnalysisTransform
Transforming grpc-util-1.69.1.jar (io.grpc:grpc-util:1.69.1) with InstrumentationAnalysisTransform
Transforming grpc-core-1.69.1.jar (io.grpc:grpc-core:1.69.1) with InstrumentationAnalysisTransform
Transforming tink-1.7.0.jar (com.google.crypto.tink:tink:1.7.0) with InstrumentationAnalysisTransform
Transforming gson-2.11.0.jar (com.google.code.gson:gson:2.11.0) with InstrumentationAnalysisTransform
Transforming kotlin-util-klib-2.2.20.jar (org.jetbrains.kotlin:kotlin-util-klib:2.2.20) with InstrumentationAnalysisTransform
Transforming kotlin-util-io-2.2.20.jar (org.jetbrains.kotlin:kotlin-util-io:2.2.20) with InstrumentationAnalysisTransform
Transforming kotlin-daemon-client-2.2.20.jar (org.jetbrains.kotlin:kotlin-daemon-client:2.2.20) with InstrumentationAnalysisTransform
Transforming kotlinx-coroutines-core-jvm-1.8.0.jar (org.jetbrains.kotlinx:kotlinx-coroutines-core-jvm:1.8.0) with InstrumentationAnalysisTransform
Transforming aapt2-proto-8.10.1-12782657.jar (com.android.tools.build:aapt2-proto:8.10.1-12782657) with InstrumentationAnalysisTransform
Transforming crash-31.10.1.jar (com.android.tools.analytics-library:crash:31.10.1) with InstrumentationAnalysisTransform
Transforming lint-typedef-remover-31.10.1.jar (com.android.tools.lint:lint-typedef-remover:31.10.1) with InstrumentationAnalysisTransform
Transforming databinding-common-8.10.1.jar (androidx.databinding:databinding-common:8.10.1) with InstrumentationAnalysisTransform
Transforming baseLibrary-8.10.1.jar (com.android.databinding:baseLibrary:8.10.1) with InstrumentationAnalysisTransform
Transforming android-device-provider-ddmlib-proto-31.10.1.jar (com.android.tools.utp:android-device-provider-ddmlib-proto:31.10.1) with InstrumentationAnalysisTransform
Transforming android-device-provider-gradle-proto-31.10.1.jar (com.android.tools.utp:android-device-provider-gradle-proto:31.10.1) with InstrumentationAnalysisTransform
Transforming android-device-provider-profile-proto-31.10.1.jar (com.android.tools.utp:android-device-provider-profile-proto:31.10.1) with InstrumentationAnalysisTransform
Transforming android-test-plugin-host-additional-test-output-proto-31.10.1.jar (com.android.tools.utp:android-test-plugin-host-additional-test-output-proto:31.10.1) with InstrumentationAnalysisTransform
Transforming android-test-plugin-host-coverage-proto-31.10.1.jar (com.android.tools.utp:android-test-plugin-host-coverage-proto:31.10.1) with InstrumentationAnalysisTransform
Transforming android-test-plugin-host-logcat-proto-31.10.1.jar (com.android.tools.utp:android-test-plugin-host-logcat-proto:31.10.1) with InstrumentationAnalysisTransform
Transforming android-test-plugin-host-apk-installer-proto-31.10.1.jar (com.android.tools.utp:android-test-plugin-host-apk-installer-proto:31.10.1) with InstrumentationAnalysisTransform
Transforming transform-api-2.0.0-deprecated-use-gradle-api.jar (com.android.tools.build:transform-api:2.0.0-deprecated-use-gradle-api) with InstrumentationAnalysisTransform
Transforming httpmime-4.5.6.jar (org.apache.httpcomponents:httpmime:4.5.6) with InstrumentationAnalysisTransform
Transforming commons-io-2.16.1.jar (commons-io:commons-io:2.16.1) with InstrumentationAnalysisTransform
Transforming asm-commons-9.7.1.jar (org.ow2.asm:asm-commons:9.7.1) with InstrumentationAnalysisTransform
Transforming asm-util-9.7.1.jar (org.ow2.asm:asm-util:9.7.1) with InstrumentationAnalysisTransform
Transforming asm-analysis-9.7.1.jar (org.ow2.asm:asm-analysis:9.7.1) with InstrumentationAnalysisTransform
Transforming asm-tree-9.7.1.jar (org.ow2.asm:asm-tree:9.7.1) with InstrumentationAnalysisTransform
Transforming asm-9.7.1.jar (org.ow2.asm:asm:9.7.1) with InstrumentationAnalysisTransform
Transforming apkzlib-8.10.1.jar (com.android.tools.build:apkzlib:8.10.1) with InstrumentationAnalysisTransform
Transforming bcpkix-jdk18on-1.79.jar (org.bouncycastle:bcpkix-jdk18on:1.79) with InstrumentationAnalysisTransform
Transforming jaxb-runtime-2.3.2.jar (org.glassfish.jaxb:jaxb-runtime:2.3.2) with InstrumentationAnalysisTransform
Transforming jopt-simple-4.9.jar (net.sf.jopt-simple:jopt-simple:4.9) with InstrumentationAnalysisTransform
Transforming javapoet-1.10.0.jar (com.squareup:javapoet:1.10.0) with InstrumentationAnalysisTransform
Transforming grpc-protobuf-1.69.1.jar (io.grpc:grpc-protobuf:1.69.1) with InstrumentationAnalysisTransform
Transforming core-proto-0.0.9-alpha03.jar (com.google.testing.platform:core-proto:0.0.9-alpha03) with InstrumentationAnalysisTransform
Transforming protos-31.10.1.jar (com.android.tools.analytics-library:protos:31.10.1) with InstrumentationAnalysisTransform
Transforming proto-google-common-protos-2.48.0.jar (com.google.api.grpc:proto-google-common-protos:2.48.0) with InstrumentationAnalysisTransform
Transforming protobuf-java-3.25.5.jar (com.google.protobuf:protobuf-java:3.25.5) with InstrumentationAnalysisTransform
Transforming grpc-stub-1.69.1.jar (io.grpc:grpc-stub:1.69.1) with InstrumentationAnalysisTransform
Transforming tensorflow-lite-metadata-0.2.0.jar (org.tensorflow:tensorflow-lite-metadata:0.2.0) with InstrumentationAnalysisTransform
Transforming flatbuffers-java-1.12.0.jar (com.google.flatbuffers:flatbuffers-java:1.12.0) with InstrumentationAnalysisTransform
Transforming jimfs-1.1.jar (com.google.jimfs:jimfs:1.1) with InstrumentationAnalysisTransform
Transforming grpc-context-1.69.1.jar (io.grpc:grpc-context:1.69.1) with InstrumentationAnalysisTransform
Transforming grpc-protobuf-lite-1.69.1.jar (io.grpc:grpc-protobuf-lite:1.69.1) with InstrumentationAnalysisTransform
Transforming grpc-api-1.69.1.jar (io.grpc:grpc-api:1.69.1) with InstrumentationAnalysisTransform
Transforming guava-33.3.1-jre.jar (com.google.guava:guava:33.3.1-jre) with InstrumentationAnalysisTransform
Transforming error_prone_annotations-2.30.0.jar (com.google.errorprone:error_prone_annotations:2.30.0) with InstrumentationAnalysisTransform
Transforming dagger-2.28.3.jar (com.google.dagger:dagger:2.28.3) with InstrumentationAnalysisTransform
Transforming javax.inject-1.jar (javax.inject:javax.inject:1) with InstrumentationAnalysisTransform
Transforming kxml2-2.3.0.jar (net.sf.kxml:kxml2:2.3.0) with InstrumentationAnalysisTransform
Transforming commons-compress-1.21.jar (org.apache.commons:commons-compress:1.21) with InstrumentationAnalysisTransform
Transforming bcutil-jdk18on-1.79.jar (org.bouncycastle:bcutil-jdk18on:1.79) with InstrumentationAnalysisTransform
Transforming bcprov-jdk18on-1.79.jar (org.bouncycastle:bcprov-jdk18on:1.79) with InstrumentationAnalysisTransform
Transforming httpclient-4.5.14.jar (org.apache.httpcomponents:httpclient:4.5.14) with InstrumentationAnalysisTransform
Transforming httpcore-4.4.16.jar (org.apache.httpcomponents:httpcore:4.4.16) with InstrumentationAnalysisTransform
Transforming javax.activation-1.2.0.jar (com.sun.activation:javax.activation:1.2.0) with InstrumentationAnalysisTransform
Transforming signflinger-8.10.1.jar (com.android:signflinger:8.10.1) with InstrumentationAnalysisTransform
Transforming zipflinger-8.10.1.jar (com.android:zipflinger:8.10.1) with InstrumentationAnalysisTransform
Transforming annotations-31.10.1.jar (com.android.tools:annotations:31.10.1) with InstrumentationAnalysisTransform
Transforming jna-platform-5.6.0.jar (net.java.dev.jna:jna-platform:5.6.0) with InstrumentationAnalysisTransform
Transforming juniversalchardet-1.0.3.jar (com.googlecode.juniversalchardet:juniversalchardet:1.0.3) with InstrumentationAnalysisTransform
Transforming javax.annotation-api-1.3.2.jar (javax.annotation:javax.annotation-api:1.3.2) with InstrumentationAnalysisTransform
Transforming stax-ex-1.8.1.jar (org.jvnet.staxex:stax-ex:1.8.1) with InstrumentationAnalysisTransform
Transforming jakarta.xml.bind-api-2.3.2.jar (jakarta.xml.bind:jakarta.xml.bind-api:2.3.2) with InstrumentationAnalysisTransform
Transforming txw2-2.3.2.jar (org.glassfish.jaxb:txw2:2.3.2) with InstrumentationAnalysisTransform
Transforming istack-commons-runtime-3.0.8.jar (com.sun.istack:istack-commons-runtime:3.0.8) with InstrumentationAnalysisTransform
Transforming FastInfoset-1.2.16.jar (com.sun.xml.fastinfoset:FastInfoset:1.2.16) with InstrumentationAnalysisTransform
Transforming jakarta.activation-api-1.2.1.jar (jakarta.activation:jakarta.activation-api:1.2.1) with InstrumentationAnalysisTransform
Transforming auto-value-annotations-1.6.2.jar (com.google.auto.value:auto-value-annotations:1.6.2) with InstrumentationAnalysisTransform
Transforming jose4j-0.9.5.jar (org.bitbucket.b_c:jose4j:0.9.5) with InstrumentationAnalysisTransform
Transforming slf4j-api-1.7.30.jar (org.slf4j:slf4j-api:1.7.30) with InstrumentationAnalysisTransform
Transforming jdom2-2.0.6.jar (org.jdom:jdom2:2.0.6) with InstrumentationAnalysisTransform
Transforming jsr305-3.0.2.jar (com.google.code.findbugs:jsr305:3.0.2) with InstrumentationAnalysisTransform
Transforming j2objc-annotations-3.0.0.jar (com.google.j2objc:j2objc-annotations:3.0.0) with InstrumentationAnalysisTransform
Transforming annotations-4.1.1.4.jar (com.google.android:annotations:4.1.1.4) with InstrumentationAnalysisTransform
Transforming animal-sniffer-annotations-1.24.jar (org.codehaus.mojo:animal-sniffer-annotations:1.24) with InstrumentationAnalysisTransform
Transforming perfmark-api-0.27.0.jar (io.perfmark:perfmark-api:0.27.0) with InstrumentationAnalysisTransform
Transforming netty-codec-http2-4.1.110.Final.jar (io.netty:netty-codec-http2:4.1.110.Final) with InstrumentationAnalysisTransform
Transforming netty-handler-proxy-4.1.110.Final.jar (io.netty:netty-handler-proxy:4.1.110.Final) with InstrumentationAnalysisTransform
Transforming netty-codec-http-4.1.110.Final.jar (io.netty:netty-codec-http:4.1.110.Final) with InstrumentationAnalysisTransform
Transforming netty-handler-4.1.110.Final.jar (io.netty:netty-handler:4.1.110.Final) with InstrumentationAnalysisTransform
Transforming netty-transport-native-unix-common-4.1.110.Final.jar (io.netty:netty-transport-native-unix-common:4.1.110.Final) with InstrumentationAnalysisTransform
Transforming checker-qual-3.43.0.jar (org.checkerframework:checker-qual:3.43.0) with InstrumentationAnalysisTransform
Transforming apksig-8.10.1.jar (com.android.tools.build:apksig:8.10.1) with InstrumentationAnalysisTransform
Transforming javawriter-2.5.0.jar (com.squareup:javawriter:2.5.0) with InstrumentationAnalysisTransform
Transforming failureaccess-1.0.2.jar (com.google.guava:failureaccess:1.0.2) with InstrumentationAnalysisTransform
Transforming listenablefuture-9999.0-empty-to-avoid-conflict-with-guava.jar (com.google.guava:listenablefuture:9999.0-empty-to-avoid-conflict-with-guava) with InstrumentationAnalysisTransform
Transforming commons-logging-1.2.jar (commons-logging:commons-logging:1.2) with InstrumentationAnalysisTransform
Transforming commons-codec-1.11.jar (commons-codec:commons-codec:1.11) with InstrumentationAnalysisTransform
Transforming jna-5.6.0.jar (net.java.dev.jna:jna:5.6.0) with InstrumentationAnalysisTransform
Transforming netty-codec-socks-4.1.110.Final.jar (io.netty:netty-codec-socks:4.1.110.Final) with InstrumentationAnalysisTransform
Transforming netty-codec-4.1.110.Final.jar (io.netty:netty-codec:4.1.110.Final) with InstrumentationAnalysisTransform
Transforming netty-transport-4.1.110.Final.jar (io.netty:netty-transport:4.1.110.Final) with InstrumentationAnalysisTransform
Transforming netty-buffer-4.1.110.Final.jar (io.netty:netty-buffer:4.1.110.Final) with InstrumentationAnalysisTransform
Transforming netty-resolver-4.1.110.Final.jar (io.netty:netty-resolver:4.1.110.Final) with InstrumentationAnalysisTransform
Transforming netty-common-4.1.110.Final.jar (io.netty:netty-common:4.1.110.Final) with InstrumentationAnalysisTransform
Transforming main (project :build-logic:plugins) with InstrumentationAnalysisTransform
Transforming main (project :build-logic:plugins) with InstrumentationAnalysisTransform
Transforming main (project :build-logic:plugins) with InstrumentationAnalysisTransform
Transforming main (project :build-logic:tools) with InstrumentationAnalysisTransform
Transforming main (project :build-logic:tools) with InstrumentationAnalysisTransform
Transforming classes with InstrumentationAnalysisTransform
Transforming classes with MergeInstrumentationAnalysisTransform
Transforming classes with InstrumentationAnalysisTransform
Transforming classes with MergeInstrumentationAnalysisTransform
Transforming classes with ExternalDependencyInstrumentingArtifactTransform
Transforming gradle-8.10.1.jar (com.android.tools.build:gradle:8.10.1) with InstrumentationAnalysisTransform
Transforming gradle-8.10.1.jar (com.android.tools.build:gradle:8.10.1) with MergeInstrumentationAnalysisTransform
Transforming gradle-settings-api-8.10.1.jar (com.android.tools.build:gradle-settings-api:8.10.1) with InstrumentationAnalysisTransform
Transforming gradle-settings-api-8.10.1.jar (com.android.tools.build:gradle-settings-api:8.10.1) with MergeInstrumentationAnalysisTransform
Transforming classes with ExternalDependencyInstrumentingArtifactTransform
Transforming lint-model-31.10.1.jar (com.android.tools.lint:lint-model:31.10.1) with InstrumentationAnalysisTransform
Transforming gradle-8.10.1.jar (com.android.tools.build:gradle:8.10.1) with ExternalDependencyInstrumentingArtifactTransform
Transforming lint-model-31.10.1.jar (com.android.tools.lint:lint-model:31.10.1) with MergeInstrumentationAnalysisTransform
Transforming builder-8.10.1.jar (com.android.tools.build:builder:8.10.1) with InstrumentationAnalysisTransform
Transforming builder-8.10.1.jar (com.android.tools.build:builder:8.10.1) with MergeInstrumentationAnalysisTransform
Transforming manifest-merger-31.10.1.jar (com.android.tools.build:manifest-merger:31.10.1) with InstrumentationAnalysisTransform
Transforming gradle-settings-api-8.10.1.jar (com.android.tools.build:gradle-settings-api:8.10.1) with ExternalDependencyInstrumentingArtifactTransform
Transforming lint-model-31.10.1.jar (com.android.tools.lint:lint-model:31.10.1) with ExternalDependencyInstrumentingArtifactTransform
Transforming manifest-merger-31.10.1.jar (com.android.tools.build:manifest-merger:31.10.1) with MergeInstrumentationAnalysisTransform
Transforming builder-8.10.1.jar (com.android.tools.build:builder:8.10.1) with ExternalDependencyInstrumentingArtifactTransform
Transforming sdk-common-31.10.1.jar (com.android.tools:sdk-common:31.10.1) with InstrumentationAnalysisTransform
Transforming manifest-merger-31.10.1.jar (com.android.tools.build:manifest-merger:31.10.1) with ExternalDependencyInstrumentingArtifactTransform
Transforming sdk-common-31.10.1.jar (com.android.tools:sdk-common:31.10.1) with MergeInstrumentationAnalysisTransform
Transforming sdklib-31.10.1.jar (com.android.tools:sdklib:31.10.1) with InstrumentationAnalysisTransform
Transforming sdklib-31.10.1.jar (com.android.tools:sdklib:31.10.1) with MergeInstrumentationAnalysisTransform
Transforming repository-31.10.1.jar (com.android.tools:repository:31.10.1) with InstrumentationAnalysisTransform
Transforming sdk-common-31.10.1.jar (com.android.tools:sdk-common:31.10.1) with ExternalDependencyInstrumentingArtifactTransform
Transforming repository-31.10.1.jar (com.android.tools:repository:31.10.1) with MergeInstrumentationAnalysisTransform
Transforming aaptcompiler-8.10.1.jar (com.android.tools.build:aaptcompiler:8.10.1) with InstrumentationAnalysisTransform
Transforming aaptcompiler-8.10.1.jar (com.android.tools.build:aaptcompiler:8.10.1) with MergeInstrumentationAnalysisTransform
Transforming tracker-31.10.1.jar (com.android.tools.analytics-library:tracker:31.10.1) with InstrumentationAnalysisTransform
Transforming repository-31.10.1.jar (com.android.tools:repository:31.10.1) with ExternalDependencyInstrumentingArtifactTransform
Transforming tracker-31.10.1.jar (com.android.tools.analytics-library:tracker:31.10.1) with MergeInstrumentationAnalysisTransform
Transforming sdklib-31.10.1.jar (com.android.tools:sdklib:31.10.1) with ExternalDependencyInstrumentingArtifactTransform
Transforming shared-31.10.1.jar (com.android.tools.analytics-library:shared:31.10.1) with InstrumentationAnalysisTransform
Transforming aaptcompiler-8.10.1.jar (com.android.tools.build:aaptcompiler:8.10.1) with ExternalDependencyInstrumentingArtifactTransform
Transforming shared-31.10.1.jar (com.android.tools.analytics-library:shared:31.10.1) with MergeInstrumentationAnalysisTransform
Transforming databinding-compiler-common-8.10.1.jar (androidx.databinding:databinding-compiler-common:8.10.1) with InstrumentationAnalysisTransform
Transforming tracker-31.10.1.jar (com.android.tools.analytics-library:tracker:31.10.1) with ExternalDependencyInstrumentingArtifactTransform
Transforming databinding-compiler-common-8.10.1.jar (androidx.databinding:databinding-compiler-common:8.10.1) with MergeInstrumentationAnalysisTransform
Transforming android-test-plugin-host-emulator-control-proto-31.10.1.jar (com.android.tools.utp:android-test-plugin-host-emulator-control-proto:31.10.1) with InstrumentationAnalysisTransform
Transforming shared-31.10.1.jar (com.android.tools.analytics-library:shared:31.10.1) with ExternalDependencyInstrumentingArtifactTransform
Transforming android-test-plugin-host-emulator-control-proto-31.10.1.jar (com.android.tools.utp:android-test-plugin-host-emulator-control-proto:31.10.1) with MergeInstrumentationAnalysisTransform
Transforming builder-model-8.10.1.jar (com.android.tools.build:builder-model:8.10.1) with InstrumentationAnalysisTransform
Transforming builder-model-8.10.1.jar (com.android.tools.build:builder-model:8.10.1) with MergeInstrumentationAnalysisTransform
Transforming databinding-compiler-common-8.10.1.jar (androidx.databinding:databinding-compiler-common:8.10.1) with ExternalDependencyInstrumentingArtifactTransform
Transforming gradle-api-8.10.1.jar (com.android.tools.build:gradle-api:8.10.1) with InstrumentationAnalysisTransform
Transforming android-test-plugin-host-emulator-control-proto-31.10.1.jar (com.android.tools.utp:android-test-plugin-host-emulator-control-proto:31.10.1) with ExternalDependencyInstrumentingArtifactTransform
Transforming gradle-api-8.10.1.jar (com.android.tools.build:gradle-api:8.10.1) with MergeInstrumentationAnalysisTransform
Transforming builder-test-api-8.10.1.jar (com.android.tools.build:builder-test-api:8.10.1) with InstrumentationAnalysisTransform
Transforming builder-test-api-8.10.1.jar (com.android.tools.build:builder-test-api:8.10.1) with MergeInstrumentationAnalysisTransform
Transforming builder-model-8.10.1.jar (com.android.tools.build:builder-model:8.10.1) with ExternalDependencyInstrumentingArtifactTransform
Transforming ddmlib-31.10.1.jar (com.android.tools.ddms:ddmlib:31.10.1) with InstrumentationAnalysisTransform
Transforming ddmlib-31.10.1.jar (com.android.tools.ddms:ddmlib:31.10.1) with MergeInstrumentationAnalysisTransform
Transforming layoutlib-api-31.10.1.jar (com.android.tools.layoutlib:layoutlib-api:31.10.1) with InstrumentationAnalysisTransform
Transforming builder-test-api-8.10.1.jar (com.android.tools.build:builder-test-api:8.10.1) with ExternalDependencyInstrumentingArtifactTransform
Transforming layoutlib-api-31.10.1.jar (com.android.tools.layoutlib:layoutlib-api:31.10.1) with MergeInstrumentationAnalysisTransform
Transforming gradle-api-8.10.1.jar (com.android.tools.build:gradle-api:8.10.1) with ExternalDependencyInstrumentingArtifactTransform
Transforming ddmlib-31.10.1.jar (com.android.tools.ddms:ddmlib:31.10.1) with ExternalDependencyInstrumentingArtifactTransform
Transforming dvlib-31.10.1.jar (com.android.tools:dvlib:31.10.1) with InstrumentationAnalysisTransform
Transforming layoutlib-api-31.10.1.jar (com.android.tools.layoutlib:layoutlib-api:31.10.1) with ExternalDependencyInstrumentingArtifactTransform
Transforming dvlib-31.10.1.jar (com.android.tools:dvlib:31.10.1) with MergeInstrumentationAnalysisTransform
Transforming common-31.10.1.jar (com.android.tools:common:31.10.1) with InstrumentationAnalysisTransform
Transforming dvlib-31.10.1.jar (com.android.tools:dvlib:31.10.1) with ExternalDependencyInstrumentingArtifactTransform
Transforming common-31.10.1.jar (com.android.tools:common:31.10.1) with MergeInstrumentationAnalysisTransform
Transforming kotlin-stdlib-jdk8-2.1.0.jar (org.jetbrains.kotlin:kotlin-stdlib-jdk8:2.1.0) with InstrumentationAnalysisTransform
Transforming common-31.10.1.jar (com.android.tools:common:31.10.1) with ExternalDependencyInstrumentingArtifactTransform
Transforming kotlin-stdlib-jdk8-2.1.0.jar (org.jetbrains.kotlin:kotlin-stdlib-jdk8:2.1.0) with MergeInstrumentationAnalysisTransform
Transforming jetifier-processor-1.0.0-beta10.jar (com.android.tools.build.jetifier:jetifier-processor:1.0.0-beta10) with InstrumentationAnalysisTransform
Transforming jetifier-processor-1.0.0-beta10.jar (com.android.tools.build.jetifier:jetifier-processor:1.0.0-beta10) with MergeInstrumentationAnalysisTransform
Transforming jetifier-core-1.0.0-beta10.jar (com.android.tools.build.jetifier:jetifier-core:1.0.0-beta10) with InstrumentationAnalysisTransform
Transforming jetifier-core-1.0.0-beta10.jar (com.android.tools.build.jetifier:jetifier-core:1.0.0-beta10) with MergeInstrumentationAnalysisTransform
Transforming jetifier-processor-1.0.0-beta10.jar (com.android.tools.build.jetifier:jetifier-processor:1.0.0-beta10) with ExternalDependencyInstrumentingArtifactTransform
Transforming kotlin-stdlib-jdk8-2.1.0.jar (org.jetbrains.kotlin:kotlin-stdlib-jdk8:2.1.0) with ExternalDependencyInstrumentingArtifactTransform
Transforming kotlin-reflect-2.0.20.jar (org.jetbrains.kotlin:kotlin-reflect:2.0.20) with InstrumentationAnalysisTransform
Transforming kotlin-reflect-2.0.20.jar (org.jetbrains.kotlin:kotlin-reflect:2.0.20) with MergeInstrumentationAnalysisTransform
Transforming jetifier-core-1.0.0-beta10.jar (com.android.tools.build.jetifier:jetifier-core:1.0.0-beta10) with ExternalDependencyInstrumentingArtifactTransform
Transforming kotlin-stdlib-jdk7-2.1.0.jar (org.jetbrains.kotlin:kotlin-stdlib-jdk7:2.1.0) with InstrumentationAnalysisTransform
Transforming kotlin-stdlib-jdk7-2.1.0.jar (org.jetbrains.kotlin:kotlin-stdlib-jdk7:2.1.0) with MergeInstrumentationAnalysisTransform
Transforming kotlin-stdlib-2.0.20.jar (org.jetbrains.kotlin:kotlin-stdlib:2.0.20) with InstrumentationAnalysisTransform
Transforming kotlin-reflect-2.0.20.jar (org.jetbrains.kotlin:kotlin-reflect:2.0.20) with ExternalDependencyInstrumentingArtifactTransform
Transforming kotlin-stdlib-2.0.20.jar (org.jetbrains.kotlin:kotlin-stdlib:2.0.20) with MergeInstrumentationAnalysisTransform
Transforming annotations-13.0.jar (org.jetbrains:annotations:13.0) with InstrumentationAnalysisTransform
Transforming kotlin-stdlib-jdk7-2.1.0.jar (org.jetbrains.kotlin:kotlin-stdlib-jdk7:2.1.0) with ExternalDependencyInstrumentingArtifactTransform
Transforming annotations-13.0.jar (org.jetbrains:annotations:13.0) with MergeInstrumentationAnalysisTransform
Transforming kotlin-stdlib-2.0.20.jar (org.jetbrains.kotlin:kotlin-stdlib:2.0.20) with ExternalDependencyInstrumentingArtifactTransform
Transforming kotlin-gradle-plugin-model-2.2.20.jar (org.jetbrains.kotlin:kotlin-gradle-plugin-model:2.2.20) with InstrumentationAnalysisTransform
Transforming kotlin-gradle-plugin-model-2.2.20.jar (org.jetbrains.kotlin:kotlin-gradle-plugin-model:2.2.20) with MergeInstrumentationAnalysisTransform
Transforming fus-statistics-gradle-plugin-2.2.20-gradle811.jar (org.jetbrains.kotlin:fus-statistics-gradle-plugin:2.2.20) with InstrumentationAnalysisTransform
Transforming annotations-13.0.jar (org.jetbrains:annotations:13.0) with ExternalDependencyInstrumentingArtifactTransform
Transforming fus-statistics-gradle-plugin-2.2.20-gradle811.jar (org.jetbrains.kotlin:fus-statistics-gradle-plugin:2.2.20) with MergeInstrumentationAnalysisTransform
Transforming kotlin-gradle-plugin-api-2.2.20.jar (org.jetbrains.kotlin:kotlin-gradle-plugin-api:2.2.20) with InstrumentationAnalysisTransform
Transforming kotlin-gradle-plugin-model-2.2.20.jar (org.jetbrains.kotlin:kotlin-gradle-plugin-model:2.2.20) with ExternalDependencyInstrumentingArtifactTransform
Transforming kotlin-gradle-plugin-api-2.2.20.jar (org.jetbrains.kotlin:kotlin-gradle-plugin-api:2.2.20) with MergeInstrumentationAnalysisTransform
Transforming kotlin-gradle-plugin-api-2.2.20-gradle811.jar (org.jetbrains.kotlin:kotlin-gradle-plugin-api:2.2.20) with InstrumentationAnalysisTransform
Transforming kotlin-gradle-plugin-api-2.2.20-gradle811.jar (org.jetbrains.kotlin:kotlin-gradle-plugin-api:2.2.20) with MergeInstrumentationAnalysisTransform
Transforming fus-statistics-gradle-plugin-2.2.20-gradle811.jar (org.jetbrains.kotlin:fus-statistics-gradle-plugin:2.2.20) with ExternalDependencyInstrumentingArtifactTransform
Transforming kotlin-gradle-plugin-2.2.20-gradle811.jar (org.jetbrains.kotlin:kotlin-gradle-plugin:2.2.20) with InstrumentationAnalysisTransform
Transforming kotlin-gradle-plugin-api-2.2.20-gradle811.jar (org.jetbrains.kotlin:kotlin-gradle-plugin-api:2.2.20) with ExternalDependencyInstrumentingArtifactTransform
Transforming kotlin-gradle-plugin-api-2.2.20.jar (org.jetbrains.kotlin:kotlin-gradle-plugin-api:2.2.20) with ExternalDependencyInstrumentingArtifactTransform
Transforming kotlin-gradle-plugin-2.2.20-gradle811.jar (org.jetbrains.kotlin:kotlin-gradle-plugin:2.2.20) with MergeInstrumentationAnalysisTransform
Transforming ktlint-gradle-12.1.1.jar (org.jlleitschuh.gradle:ktlint-gradle:12.1.1) with InstrumentationAnalysisTransform
Transforming ktlint-gradle-12.1.1.jar (org.jlleitschuh.gradle:ktlint-gradle:12.1.1) with MergeInstrumentationAnalysisTransform
Transforming kotlin-gradle-plugin-idea-proto-2.2.20.jar (org.jetbrains.kotlin:kotlin-gradle-plugin-idea-proto:2.2.20) with InstrumentationAnalysisTransform
Transforming kotlin-gradle-plugin-2.2.20-gradle811.jar (org.jetbrains.kotlin:kotlin-gradle-plugin:2.2.20) with ExternalDependencyInstrumentingArtifactTransform
Transforming kotlin-gradle-plugin-idea-proto-2.2.20.jar (org.jetbrains.kotlin:kotlin-gradle-plugin-idea-proto:2.2.20) with MergeInstrumentationAnalysisTransform
Transforming ktlint-gradle-12.1.1.jar (org.jlleitschuh.gradle:ktlint-gradle:12.1.1) with ExternalDependencyInstrumentingArtifactTransform
Transforming kotlin-gradle-plugin-idea-2.2.20.jar (org.jetbrains.kotlin:kotlin-gradle-plugin-idea:2.2.20) with InstrumentationAnalysisTransform
Transforming kotlin-gradle-plugin-idea-proto-2.2.20.jar (org.jetbrains.kotlin:kotlin-gradle-plugin-idea-proto:2.2.20) with ExternalDependencyInstrumentingArtifactTransform
Transforming kotlin-gradle-plugin-idea-2.2.20.jar (org.jetbrains.kotlin:kotlin-gradle-plugin-idea:2.2.20) with MergeInstrumentationAnalysisTransform
Transforming kotlin-klib-commonizer-api-2.2.20.jar (org.jetbrains.kotlin:kotlin-klib-commonizer-api:2.2.20) with InstrumentationAnalysisTransform
Transforming kotlin-klib-commonizer-api-2.2.20.jar (org.jetbrains.kotlin:kotlin-klib-commonizer-api:2.2.20) with MergeInstrumentationAnalysisTransform
Transforming kotlin-build-statistics-2.2.20.jar (org.jetbrains.kotlin:kotlin-build-statistics:2.2.20) with InstrumentationAnalysisTransform
Transforming kotlin-gradle-plugin-idea-2.2.20.jar (org.jetbrains.kotlin:kotlin-gradle-plugin-idea:2.2.20) with ExternalDependencyInstrumentingArtifactTransform
Transforming kotlin-build-statistics-2.2.20.jar (org.jetbrains.kotlin:kotlin-build-statistics:2.2.20) with MergeInstrumentationAnalysisTransform
Transforming kotlin-util-klib-metadata-2.2.20.jar (org.jetbrains.kotlin:kotlin-util-klib-metadata:2.2.20) with InstrumentationAnalysisTransform
Transforming kotlin-klib-commonizer-api-2.2.20.jar (org.jetbrains.kotlin:kotlin-klib-commonizer-api:2.2.20) with ExternalDependencyInstrumentingArtifactTransform
Transforming kotlin-util-klib-metadata-2.2.20.jar (org.jetbrains.kotlin:kotlin-util-klib-metadata:2.2.20) with MergeInstrumentationAnalysisTransform
Transforming kotlin-build-statistics-2.2.20.jar (org.jetbrains.kotlin:kotlin-build-statistics:2.2.20) with ExternalDependencyInstrumentingArtifactTransform
Transforming abi-tools-api-2.2.20.jar (org.jetbrains.kotlin:abi-tools-api:2.2.20) with InstrumentationAnalysisTransform
Transforming abi-tools-api-2.2.20.jar (org.jetbrains.kotlin:abi-tools-api:2.2.20) with MergeInstrumentationAnalysisTransform
Transforming kotlin-compiler-runner-2.2.20.jar (org.jetbrains.kotlin:kotlin-compiler-runner:2.2.20) with InstrumentationAnalysisTransform
Transforming kotlin-compiler-runner-2.2.20.jar (org.jetbrains.kotlin:kotlin-compiler-runner:2.2.20) with MergeInstrumentationAnalysisTransform
Transforming dnsjava-2.1.9.jar (dnsjava:dnsjava:2.1.9) with InstrumentationAnalysisTransform
Transforming abi-tools-api-2.2.20.jar (org.jetbrains.kotlin:abi-tools-api:2.2.20) with ExternalDependencyInstrumentingArtifactTransform
Transforming kotlin-compiler-runner-2.2.20.jar (org.jetbrains.kotlin:kotlin-compiler-runner:2.2.20) with ExternalDependencyInstrumentingArtifactTransform
Transforming kotlin-util-klib-metadata-2.2.20.jar (org.jetbrains.kotlin:kotlin-util-klib-metadata:2.2.20) with ExternalDependencyInstrumentingArtifactTransform
Transforming dnsjava-2.1.9.jar (dnsjava:dnsjava:2.1.9) with MergeInstrumentationAnalysisTransform
Transforming kotlin-gradle-plugin-annotations-2.2.20.jar (org.jetbrains.kotlin:kotlin-gradle-plugin-annotations:2.2.20) with InstrumentationAnalysisTransform
Transforming kotlin-gradle-plugin-annotations-2.2.20.jar (org.jetbrains.kotlin:kotlin-gradle-plugin-annotations:2.2.20) with MergeInstrumentationAnalysisTransform
Transforming kotlin-native-utils-2.2.20.jar (org.jetbrains.kotlin:kotlin-native-utils:2.2.20) with InstrumentationAnalysisTransform
Transforming dnsjava-2.1.9.jar (dnsjava:dnsjava:2.1.9) with ExternalDependencyInstrumentingArtifactTransform
Transforming kotlin-native-utils-2.2.20.jar (org.jetbrains.kotlin:kotlin-native-utils:2.2.20) with MergeInstrumentationAnalysisTransform
Transforming kotlin-tooling-core-2.2.20.jar (org.jetbrains.kotlin:kotlin-tooling-core:2.2.20) with InstrumentationAnalysisTransform
Transforming kotlin-gradle-plugin-annotations-2.2.20.jar (org.jetbrains.kotlin:kotlin-gradle-plugin-annotations:2.2.20) with ExternalDependencyInstrumentingArtifactTransform
Transforming kotlin-tooling-core-2.2.20.jar (org.jetbrains.kotlin:kotlin-tooling-core:2.2.20) with MergeInstrumentationAnalysisTransform
Transforming kotlin-native-utils-2.2.20.jar (org.jetbrains.kotlin:kotlin-native-utils:2.2.20) with ExternalDependencyInstrumentingArtifactTransform
Transforming kotlin-build-tools-api-2.2.20.jar (org.jetbrains.kotlin:kotlin-build-tools-api:2.2.20) with InstrumentationAnalysisTransform
Transforming kotlin-tooling-core-2.2.20.jar (org.jetbrains.kotlin:kotlin-tooling-core:2.2.20) with ExternalDependencyInstrumentingArtifactTransform
Transforming kotlin-build-tools-api-2.2.20.jar (org.jetbrains.kotlin:kotlin-build-tools-api:2.2.20) with MergeInstrumentationAnalysisTransform
Transforming android-test-plugin-result-listener-gradle-proto-31.10.1.jar (com.android.tools.utp:android-test-plugin-result-listener-gradle-proto:31.10.1) with InstrumentationAnalysisTransform
Transforming kotlin-build-tools-api-2.2.20.jar (org.jetbrains.kotlin:kotlin-build-tools-api:2.2.20) with ExternalDependencyInstrumentingArtifactTransform
Transforming android-test-plugin-result-listener-gradle-proto-31.10.1.jar (com.android.tools.utp:android-test-plugin-result-listener-gradle-proto:31.10.1) with MergeInstrumentationAnalysisTransform
Transforming bundletool-1.18.0.jar (com.android.tools.build:bundletool:1.18.0) with InstrumentationAnalysisTransform
Transforming bundletool-1.18.0.jar (com.android.tools.build:bundletool:1.18.0) with MergeInstrumentationAnalysisTransform
Transforming protobuf-java-util-3.25.5.jar (com.google.protobuf:protobuf-java-util:3.25.5) with InstrumentationAnalysisTransform
Transforming protobuf-java-util-3.25.5.jar (com.google.protobuf:protobuf-java-util:3.25.5) with MergeInstrumentationAnalysisTransform
Transforming bundletool-1.18.0.jar (com.android.tools.build:bundletool:1.18.0) with ExternalDependencyInstrumentingArtifactTransform
Transforming android-test-plugin-result-listener-gradle-proto-31.10.1.jar (com.android.tools.utp:android-test-plugin-result-listener-gradle-proto:31.10.1) with ExternalDependencyInstrumentingArtifactTransform
Transforming grpc-netty-1.69.1.jar (io.grpc:grpc-netty:1.69.1) with InstrumentationAnalysisTransform
Transforming protobuf-java-util-3.25.5.jar (com.google.protobuf:protobuf-java-util:3.25.5) with ExternalDependencyInstrumentingArtifactTransform
Transforming grpc-netty-1.69.1.jar (io.grpc:grpc-netty:1.69.1) with MergeInstrumentationAnalysisTransform
Transforming grpc-inprocess-1.69.1.jar (io.grpc:grpc-inprocess:1.69.1) with InstrumentationAnalysisTransform
Transforming grpc-inprocess-1.69.1.jar (io.grpc:grpc-inprocess:1.69.1) with MergeInstrumentationAnalysisTransform
Transforming grpc-util-1.69.1.jar (io.grpc:grpc-util:1.69.1) with InstrumentationAnalysisTransform
Transforming grpc-netty-1.69.1.jar (io.grpc:grpc-netty:1.69.1) with ExternalDependencyInstrumentingArtifactTransform
Transforming grpc-util-1.69.1.jar (io.grpc:grpc-util:1.69.1) with MergeInstrumentationAnalysisTransform
Transforming grpc-core-1.69.1.jar (io.grpc:grpc-core:1.69.1) with InstrumentationAnalysisTransform
Transforming grpc-core-1.69.1.jar (io.grpc:grpc-core:1.69.1) with MergeInstrumentationAnalysisTransform
Transforming tink-1.7.0.jar (com.google.crypto.tink:tink:1.7.0) with InstrumentationAnalysisTransform
Transforming tink-1.7.0.jar (com.google.crypto.tink:tink:1.7.0) with MergeInstrumentationAnalysisTransform
Transforming gson-2.11.0.jar (com.google.code.gson:gson:2.11.0) with InstrumentationAnalysisTransform
Transforming grpc-inprocess-1.69.1.jar (io.grpc:grpc-inprocess:1.69.1) with ExternalDependencyInstrumentingArtifactTransform
Transforming gson-2.11.0.jar (com.google.code.gson:gson:2.11.0) with MergeInstrumentationAnalysisTransform
Transforming grpc-util-1.69.1.jar (io.grpc:grpc-util:1.69.1) with ExternalDependencyInstrumentingArtifactTransform
Transforming kotlin-util-klib-2.2.20.jar (org.jetbrains.kotlin:kotlin-util-klib:2.2.20) with InstrumentationAnalysisTransform
Transforming kotlin-util-klib-2.2.20.jar (org.jetbrains.kotlin:kotlin-util-klib:2.2.20) with MergeInstrumentationAnalysisTransform
Transforming kotlin-util-io-2.2.20.jar (org.jetbrains.kotlin:kotlin-util-io:2.2.20) with InstrumentationAnalysisTransform
Transforming kotlin-util-io-2.2.20.jar (org.jetbrains.kotlin:kotlin-util-io:2.2.20) with MergeInstrumentationAnalysisTransform
Transforming kotlin-daemon-client-2.2.20.jar (org.jetbrains.kotlin:kotlin-daemon-client:2.2.20) with InstrumentationAnalysisTransform
Transforming kotlin-daemon-client-2.2.20.jar (org.jetbrains.kotlin:kotlin-daemon-client:2.2.20) with MergeInstrumentationAnalysisTransform
Transforming kotlinx-coroutines-core-jvm-1.8.0.jar (org.jetbrains.kotlinx:kotlinx-coroutines-core-jvm:1.8.0) with InstrumentationAnalysisTransform
Transforming kotlinx-coroutines-core-jvm-1.8.0.jar (org.jetbrains.kotlinx:kotlinx-coroutines-core-jvm:1.8.0) with MergeInstrumentationAnalysisTransform
Transforming gson-2.11.0.jar (com.google.code.gson:gson:2.11.0) with ExternalDependencyInstrumentingArtifactTransform
Transforming kotlin-util-io-2.2.20.jar (org.jetbrains.kotlin:kotlin-util-io:2.2.20) with ExternalDependencyInstrumentingArtifactTransform
Transforming kotlinx-coroutines-core-jvm-1.8.0.jar (org.jetbrains.kotlinx:kotlinx-coroutines-core-jvm:1.8.0) with ExternalDependencyInstrumentingArtifactTransform
Transforming grpc-core-1.69.1.jar (io.grpc:grpc-core:1.69.1) with ExternalDependencyInstrumentingArtifactTransform
Transforming kotlin-daemon-client-2.2.20.jar (org.jetbrains.kotlin:kotlin-daemon-client:2.2.20) with ExternalDependencyInstrumentingArtifactTransform
Transforming kotlin-util-klib-2.2.20.jar (org.jetbrains.kotlin:kotlin-util-klib:2.2.20) with ExternalDependencyInstrumentingArtifactTransform
Transforming aapt2-proto-8.10.1-12782657.jar (com.android.tools.build:aapt2-proto:8.10.1-12782657) with InstrumentationAnalysisTransform
Transforming tink-1.7.0.jar (com.google.crypto.tink:tink:1.7.0) with ExternalDependencyInstrumentingArtifactTransform
Transforming aapt2-proto-8.10.1-12782657.jar (com.android.tools.build:aapt2-proto:8.10.1-12782657) with MergeInstrumentationAnalysisTransform
Transforming crash-31.10.1.jar (com.android.tools.analytics-library:crash:31.10.1) with InstrumentationAnalysisTransform
Transforming crash-31.10.1.jar (com.android.tools.analytics-library:crash:31.10.1) with MergeInstrumentationAnalysisTransform
Transforming lint-typedef-remover-31.10.1.jar (com.android.tools.lint:lint-typedef-remover:31.10.1) with InstrumentationAnalysisTransform
Transforming lint-typedef-remover-31.10.1.jar (com.android.tools.lint:lint-typedef-remover:31.10.1) with MergeInstrumentationAnalysisTransform
Transforming aapt2-proto-8.10.1-12782657.jar (com.android.tools.build:aapt2-proto:8.10.1-12782657) with ExternalDependencyInstrumentingArtifactTransform
Transforming databinding-common-8.10.1.jar (androidx.databinding:databinding-common:8.10.1) with InstrumentationAnalysisTransform
Transforming databinding-common-8.10.1.jar (androidx.databinding:databinding-common:8.10.1) with MergeInstrumentationAnalysisTransform
Transforming crash-31.10.1.jar (com.android.tools.analytics-library:crash:31.10.1) with ExternalDependencyInstrumentingArtifactTransform
Transforming baseLibrary-8.10.1.jar (com.android.databinding:baseLibrary:8.10.1) with InstrumentationAnalysisTransform
Transforming lint-typedef-remover-31.10.1.jar (com.android.tools.lint:lint-typedef-remover:31.10.1) with ExternalDependencyInstrumentingArtifactTransform
Transforming baseLibrary-8.10.1.jar (com.android.databinding:baseLibrary:8.10.1) with MergeInstrumentationAnalysisTransform
Transforming android-device-provider-ddmlib-proto-31.10.1.jar (com.android.tools.utp:android-device-provider-ddmlib-proto:31.10.1) with InstrumentationAnalysisTransform
Transforming databinding-common-8.10.1.jar (androidx.databinding:databinding-common:8.10.1) with ExternalDependencyInstrumentingArtifactTransform
Transforming android-device-provider-ddmlib-proto-31.10.1.jar (com.android.tools.utp:android-device-provider-ddmlib-proto:31.10.1) with MergeInstrumentationAnalysisTransform
Transforming android-device-provider-gradle-proto-31.10.1.jar (com.android.tools.utp:android-device-provider-gradle-proto:31.10.1) with InstrumentationAnalysisTransform
Transforming baseLibrary-8.10.1.jar (com.android.databinding:baseLibrary:8.10.1) with ExternalDependencyInstrumentingArtifactTransform
Transforming android-device-provider-gradle-proto-31.10.1.jar (com.android.tools.utp:android-device-provider-gradle-proto:31.10.1) with MergeInstrumentationAnalysisTransform
Transforming android-device-provider-profile-proto-31.10.1.jar (com.android.tools.utp:android-device-provider-profile-proto:31.10.1) with InstrumentationAnalysisTransform
Transforming android-device-provider-ddmlib-proto-31.10.1.jar (com.android.tools.utp:android-device-provider-ddmlib-proto:31.10.1) with ExternalDependencyInstrumentingArtifactTransform
Transforming android-device-provider-profile-proto-31.10.1.jar (com.android.tools.utp:android-device-provider-profile-proto:31.10.1) with MergeInstrumentationAnalysisTransform
Transforming android-device-provider-gradle-proto-31.10.1.jar (com.android.tools.utp:android-device-provider-gradle-proto:31.10.1) with ExternalDependencyInstrumentingArtifactTransform
Transforming android-test-plugin-host-additional-test-output-proto-31.10.1.jar (com.android.tools.utp:android-test-plugin-host-additional-test-output-proto:31.10.1) with InstrumentationAnalysisTransform
Transforming android-test-plugin-host-additional-test-output-proto-31.10.1.jar (com.android.tools.utp:android-test-plugin-host-additional-test-output-proto:31.10.1) with MergeInstrumentationAnalysisTransform
Transforming android-test-plugin-host-coverage-proto-31.10.1.jar (com.android.tools.utp:android-test-plugin-host-coverage-proto:31.10.1) with InstrumentationAnalysisTransform
Transforming android-device-provider-profile-proto-31.10.1.jar (com.android.tools.utp:android-device-provider-profile-proto:31.10.1) with ExternalDependencyInstrumentingArtifactTransform
Transforming android-test-plugin-host-coverage-proto-31.10.1.jar (com.android.tools.utp:android-test-plugin-host-coverage-proto:31.10.1) with MergeInstrumentationAnalysisTransform
Transforming android-test-plugin-host-logcat-proto-31.10.1.jar (com.android.tools.utp:android-test-plugin-host-logcat-proto:31.10.1) with InstrumentationAnalysisTransform
Transforming android-test-plugin-host-additional-test-output-proto-31.10.1.jar (com.android.tools.utp:android-test-plugin-host-additional-test-output-proto:31.10.1) with ExternalDependencyInstrumentingArtifactTransform
Transforming android-test-plugin-host-logcat-proto-31.10.1.jar (com.android.tools.utp:android-test-plugin-host-logcat-proto:31.10.1) with MergeInstrumentationAnalysisTransform
Transforming android-test-plugin-host-coverage-proto-31.10.1.jar (com.android.tools.utp:android-test-plugin-host-coverage-proto:31.10.1) with ExternalDependencyInstrumentingArtifactTransform
Transforming android-test-plugin-host-apk-installer-proto-31.10.1.jar (com.android.tools.utp:android-test-plugin-host-apk-installer-proto:31.10.1) with InstrumentationAnalysisTransform
Transforming android-test-plugin-host-logcat-proto-31.10.1.jar (com.android.tools.utp:android-test-plugin-host-logcat-proto:31.10.1) with ExternalDependencyInstrumentingArtifactTransform
Transforming android-test-plugin-host-apk-installer-proto-31.10.1.jar (com.android.tools.utp:android-test-plugin-host-apk-installer-proto:31.10.1) with MergeInstrumentationAnalysisTransform
Transforming transform-api-2.0.0-deprecated-use-gradle-api.jar (com.android.tools.build:transform-api:2.0.0-deprecated-use-gradle-api) with InstrumentationAnalysisTransform
Transforming transform-api-2.0.0-deprecated-use-gradle-api.jar (com.android.tools.build:transform-api:2.0.0-deprecated-use-gradle-api) with MergeInstrumentationAnalysisTransform
Transforming android-test-plugin-host-apk-installer-proto-31.10.1.jar (com.android.tools.utp:android-test-plugin-host-apk-installer-proto:31.10.1) with ExternalDependencyInstrumentingArtifactTransform
Transforming httpmime-4.5.6.jar (org.apache.httpcomponents:httpmime:4.5.6) with InstrumentationAnalysisTransform
Transforming httpmime-4.5.6.jar (org.apache.httpcomponents:httpmime:4.5.6) with MergeInstrumentationAnalysisTransform
Transforming commons-io-2.16.1.jar (commons-io:commons-io:2.16.1) with InstrumentationAnalysisTransform
Transforming transform-api-2.0.0-deprecated-use-gradle-api.jar (com.android.tools.build:transform-api:2.0.0-deprecated-use-gradle-api) with ExternalDependencyInstrumentingArtifactTransform
Transforming commons-io-2.16.1.jar (commons-io:commons-io:2.16.1) with MergeInstrumentationAnalysisTransform
Transforming asm-commons-9.7.1.jar (org.ow2.asm:asm-commons:9.7.1) with InstrumentationAnalysisTransform
Transforming asm-commons-9.7.1.jar (org.ow2.asm:asm-commons:9.7.1) with MergeInstrumentationAnalysisTransform
Transforming asm-util-9.7.1.jar (org.ow2.asm:asm-util:9.7.1) with InstrumentationAnalysisTransform
Transforming asm-util-9.7.1.jar (org.ow2.asm:asm-util:9.7.1) with MergeInstrumentationAnalysisTransform
Transforming asm-analysis-9.7.1.jar (org.ow2.asm:asm-analysis:9.7.1) with InstrumentationAnalysisTransform
Transforming asm-analysis-9.7.1.jar (org.ow2.asm:asm-analysis:9.7.1) with MergeInstrumentationAnalysisTransform
Transforming asm-tree-9.7.1.jar (org.ow2.asm:asm-tree:9.7.1) with InstrumentationAnalysisTransform
Transforming asm-tree-9.7.1.jar (org.ow2.asm:asm-tree:9.7.1) with MergeInstrumentationAnalysisTransform
Transforming asm-9.7.1.jar (org.ow2.asm:asm:9.7.1) with InstrumentationAnalysisTransform
Transforming asm-9.7.1.jar (org.ow2.asm:asm:9.7.1) with MergeInstrumentationAnalysisTransform
Transforming apkzlib-8.10.1.jar (com.android.tools.build:apkzlib:8.10.1) with InstrumentationAnalysisTransform
Transforming commons-io-2.16.1.jar (commons-io:commons-io:2.16.1) with ExternalDependencyInstrumentingArtifactTransform
Transforming asm-util-9.7.1.jar (org.ow2.asm:asm-util:9.7.1) with ExternalDependencyInstrumentingArtifactTransform
Transforming asm-analysis-9.7.1.jar (org.ow2.asm:asm-analysis:9.7.1) with ExternalDependencyInstrumentingArtifactTransform
Transforming httpmime-4.5.6.jar (org.apache.httpcomponents:httpmime:4.5.6) with ExternalDependencyInstrumentingArtifactTransform
Transforming asm-9.7.1.jar (org.ow2.asm:asm:9.7.1) with ExternalDependencyInstrumentingArtifactTransform
Transforming asm-tree-9.7.1.jar (org.ow2.asm:asm-tree:9.7.1) with ExternalDependencyInstrumentingArtifactTransform
Transforming asm-commons-9.7.1.jar (org.ow2.asm:asm-commons:9.7.1) with ExternalDependencyInstrumentingArtifactTransform
Transforming apkzlib-8.10.1.jar (com.android.tools.build:apkzlib:8.10.1) with MergeInstrumentationAnalysisTransform
Transforming bcpkix-jdk18on-1.79.jar (org.bouncycastle:bcpkix-jdk18on:1.79) with InstrumentationAnalysisTransform
Transforming bcpkix-jdk18on-1.79.jar (org.bouncycastle:bcpkix-jdk18on:1.79) with MergeInstrumentationAnalysisTransform
Transforming jaxb-runtime-2.3.2.jar (org.glassfish.jaxb:jaxb-runtime:2.3.2) with InstrumentationAnalysisTransform
Transforming jaxb-runtime-2.3.2.jar (org.glassfish.jaxb:jaxb-runtime:2.3.2) with MergeInstrumentationAnalysisTransform
Transforming apkzlib-8.10.1.jar (com.android.tools.build:apkzlib:8.10.1) with ExternalDependencyInstrumentingArtifactTransform
Transforming jopt-simple-4.9.jar (net.sf.jopt-simple:jopt-simple:4.9) with InstrumentationAnalysisTransform
Transforming jopt-simple-4.9.jar (net.sf.jopt-simple:jopt-simple:4.9) with MergeInstrumentationAnalysisTransform
Transforming javapoet-1.10.0.jar (com.squareup:javapoet:1.10.0) with InstrumentationAnalysisTransform
Transforming javapoet-1.10.0.jar (com.squareup:javapoet:1.10.0) with MergeInstrumentationAnalysisTransform
Transforming jaxb-runtime-2.3.2.jar (org.glassfish.jaxb:jaxb-runtime:2.3.2) with ExternalDependencyInstrumentingArtifactTransform
Transforming bcpkix-jdk18on-1.79.jar (org.bouncycastle:bcpkix-jdk18on:1.79) with ExternalDependencyInstrumentingArtifactTransform
Transforming grpc-protobuf-1.69.1.jar (io.grpc:grpc-protobuf:1.69.1) with InstrumentationAnalysisTransform
Transforming jopt-simple-4.9.jar (net.sf.jopt-simple:jopt-simple:4.9) with ExternalDependencyInstrumentingArtifactTransform
Transforming grpc-protobuf-1.69.1.jar (io.grpc:grpc-protobuf:1.69.1) with MergeInstrumentationAnalysisTransform
Transforming javapoet-1.10.0.jar (com.squareup:javapoet:1.10.0) with ExternalDependencyInstrumentingArtifactTransform
Transforming core-proto-0.0.9-alpha03.jar (com.google.testing.platform:core-proto:0.0.9-alpha03) with InstrumentationAnalysisTransform
Transforming core-proto-0.0.9-alpha03.jar (com.google.testing.platform:core-proto:0.0.9-alpha03) with MergeInstrumentationAnalysisTransform
Transforming protos-31.10.1.jar (com.android.tools.analytics-library:protos:31.10.1) with InstrumentationAnalysisTransform
Transforming protos-31.10.1.jar (com.android.tools.analytics-library:protos:31.10.1) with MergeInstrumentationAnalysisTransform
Transforming proto-google-common-protos-2.48.0.jar (com.google.api.grpc:proto-google-common-protos:2.48.0) with InstrumentationAnalysisTransform
Transforming grpc-protobuf-1.69.1.jar (io.grpc:grpc-protobuf:1.69.1) with ExternalDependencyInstrumentingArtifactTransform
Transforming proto-google-common-protos-2.48.0.jar (com.google.api.grpc:proto-google-common-protos:2.48.0) with MergeInstrumentationAnalysisTransform
Transforming protobuf-java-3.25.5.jar (com.google.protobuf:protobuf-java:3.25.5) with InstrumentationAnalysisTransform
Transforming protobuf-java-3.25.5.jar (com.google.protobuf:protobuf-java:3.25.5) with MergeInstrumentationAnalysisTransform
Transforming core-proto-0.0.9-alpha03.jar (com.google.testing.platform:core-proto:0.0.9-alpha03) with ExternalDependencyInstrumentingArtifactTransform
Transforming protos-31.10.1.jar (com.android.tools.analytics-library:protos:31.10.1) with ExternalDependencyInstrumentingArtifactTransform
Transforming grpc-stub-1.69.1.jar (io.grpc:grpc-stub:1.69.1) with InstrumentationAnalysisTransform
Transforming proto-google-common-protos-2.48.0.jar (com.google.api.grpc:proto-google-common-protos:2.48.0) with ExternalDependencyInstrumentingArtifactTransform
Transforming protobuf-java-3.25.5.jar (com.google.protobuf:protobuf-java:3.25.5) with ExternalDependencyInstrumentingArtifactTransform
Transforming grpc-stub-1.69.1.jar (io.grpc:grpc-stub:1.69.1) with MergeInstrumentationAnalysisTransform
Transforming tensorflow-lite-metadata-0.2.0.jar (org.tensorflow:tensorflow-lite-metadata:0.2.0) with InstrumentationAnalysisTransform
Transforming grpc-stub-1.69.1.jar (io.grpc:grpc-stub:1.69.1) with ExternalDependencyInstrumentingArtifactTransform
Transforming tensorflow-lite-metadata-0.2.0.jar (org.tensorflow:tensorflow-lite-metadata:0.2.0) with MergeInstrumentationAnalysisTransform
Transforming flatbuffers-java-1.12.0.jar (com.google.flatbuffers:flatbuffers-java:1.12.0) with InstrumentationAnalysisTransform
Transforming flatbuffers-java-1.12.0.jar (com.google.flatbuffers:flatbuffers-java:1.12.0) with MergeInstrumentationAnalysisTransform
Transforming jimfs-1.1.jar (com.google.jimfs:jimfs:1.1) with InstrumentationAnalysisTransform
Transforming jimfs-1.1.jar (com.google.jimfs:jimfs:1.1) with MergeInstrumentationAnalysisTransform
Transforming grpc-context-1.69.1.jar (io.grpc:grpc-context:1.69.1) with InstrumentationAnalysisTransform
Transforming grpc-context-1.69.1.jar (io.grpc:grpc-context:1.69.1) with MergeInstrumentationAnalysisTransform
Transforming grpc-protobuf-lite-1.69.1.jar (io.grpc:grpc-protobuf-lite:1.69.1) with InstrumentationAnalysisTransform
Transforming grpc-protobuf-lite-1.69.1.jar (io.grpc:grpc-protobuf-lite:1.69.1) with MergeInstrumentationAnalysisTransform
Transforming grpc-api-1.69.1.jar (io.grpc:grpc-api:1.69.1) with InstrumentationAnalysisTransform
Transforming jimfs-1.1.jar (com.google.jimfs:jimfs:1.1) with ExternalDependencyInstrumentingArtifactTransform
Transforming tensorflow-lite-metadata-0.2.0.jar (org.tensorflow:tensorflow-lite-metadata:0.2.0) with ExternalDependencyInstrumentingArtifactTransform
Transforming grpc-context-1.69.1.jar (io.grpc:grpc-context:1.69.1) with ExternalDependencyInstrumentingArtifactTransform
Transforming grpc-api-1.69.1.jar (io.grpc:grpc-api:1.69.1) with MergeInstrumentationAnalysisTransform
Transforming flatbuffers-java-1.12.0.jar (com.google.flatbuffers:flatbuffers-java:1.12.0) with ExternalDependencyInstrumentingArtifactTransform
Transforming guava-33.3.1-jre.jar (com.google.guava:guava:33.3.1-jre) with InstrumentationAnalysisTransform
Transforming grpc-protobuf-lite-1.69.1.jar (io.grpc:grpc-protobuf-lite:1.69.1) with ExternalDependencyInstrumentingArtifactTransform
Transforming guava-33.3.1-jre.jar (com.google.guava:guava:33.3.1-jre) with MergeInstrumentationAnalysisTransform
Transforming error_prone_annotations-2.30.0.jar (com.google.errorprone:error_prone_annotations:2.30.0) with InstrumentationAnalysisTransform
Transforming grpc-api-1.69.1.jar (io.grpc:grpc-api:1.69.1) with ExternalDependencyInstrumentingArtifactTransform
Transforming error_prone_annotations-2.30.0.jar (com.google.errorprone:error_prone_annotations:2.30.0) with MergeInstrumentationAnalysisTransform
Transforming dagger-2.28.3.jar (com.google.dagger:dagger:2.28.3) with InstrumentationAnalysisTransform
Transforming guava-33.3.1-jre.jar (com.google.guava:guava:33.3.1-jre) with ExternalDependencyInstrumentingArtifactTransform
Transforming dagger-2.28.3.jar (com.google.dagger:dagger:2.28.3) with MergeInstrumentationAnalysisTransform
Transforming javax.inject-1.jar (javax.inject:javax.inject:1) with InstrumentationAnalysisTransform
Transforming javax.inject-1.jar (javax.inject:javax.inject:1) with MergeInstrumentationAnalysisTransform
Transforming kxml2-2.3.0.jar (net.sf.kxml:kxml2:2.3.0) with InstrumentationAnalysisTransform
Transforming error_prone_annotations-2.30.0.jar (com.google.errorprone:error_prone_annotations:2.30.0) with ExternalDependencyInstrumentingArtifactTransform
Transforming dagger-2.28.3.jar (com.google.dagger:dagger:2.28.3) with ExternalDependencyInstrumentingArtifactTransform
Transforming javax.inject-1.jar (javax.inject:javax.inject:1) with ExternalDependencyInstrumentingArtifactTransform
Transforming kxml2-2.3.0.jar (net.sf.kxml:kxml2:2.3.0) with MergeInstrumentationAnalysisTransform
Transforming commons-compress-1.21.jar (org.apache.commons:commons-compress:1.21) with InstrumentationAnalysisTransform
Transforming commons-compress-1.21.jar (org.apache.commons:commons-compress:1.21) with MergeInstrumentationAnalysisTransform
Transforming bcutil-jdk18on-1.79.jar (org.bouncycastle:bcutil-jdk18on:1.79) with InstrumentationAnalysisTransform
Transforming bcutil-jdk18on-1.79.jar (org.bouncycastle:bcutil-jdk18on:1.79) with MergeInstrumentationAnalysisTransform
Transforming bcprov-jdk18on-1.79.jar (org.bouncycastle:bcprov-jdk18on:1.79) with InstrumentationAnalysisTransform
Transforming kxml2-2.3.0.jar (net.sf.kxml:kxml2:2.3.0) with ExternalDependencyInstrumentingArtifactTransform
Transforming bcprov-jdk18on-1.79.jar (org.bouncycastle:bcprov-jdk18on:1.79) with MergeInstrumentationAnalysisTransform
Transforming commons-compress-1.21.jar (org.apache.commons:commons-compress:1.21) with ExternalDependencyInstrumentingArtifactTransform
Transforming httpclient-4.5.14.jar (org.apache.httpcomponents:httpclient:4.5.14) with InstrumentationAnalysisTransform
Transforming httpclient-4.5.14.jar (org.apache.httpcomponents:httpclient:4.5.14) with MergeInstrumentationAnalysisTransform
Transforming httpcore-4.4.16.jar (org.apache.httpcomponents:httpcore:4.4.16) with InstrumentationAnalysisTransform
Transforming bcutil-jdk18on-1.79.jar (org.bouncycastle:bcutil-jdk18on:1.79) with ExternalDependencyInstrumentingArtifactTransform
Transforming httpcore-4.4.16.jar (org.apache.httpcomponents:httpcore:4.4.16) with MergeInstrumentationAnalysisTransform
Transforming bcprov-jdk18on-1.79.jar (org.bouncycastle:bcprov-jdk18on:1.79) with ExternalDependencyInstrumentingArtifactTransform
Transforming javax.activation-1.2.0.jar (com.sun.activation:javax.activation:1.2.0) with InstrumentationAnalysisTransform
Transforming javax.activation-1.2.0.jar (com.sun.activation:javax.activation:1.2.0) with MergeInstrumentationAnalysisTransform
Transforming signflinger-8.10.1.jar (com.android:signflinger:8.10.1) with InstrumentationAnalysisTransform
Transforming httpclient-4.5.14.jar (org.apache.httpcomponents:httpclient:4.5.14) with ExternalDependencyInstrumentingArtifactTransform
Transforming signflinger-8.10.1.jar (com.android:signflinger:8.10.1) with MergeInstrumentationAnalysisTransform
Transforming httpcore-4.4.16.jar (org.apache.httpcomponents:httpcore:4.4.16) with ExternalDependencyInstrumentingArtifactTransform
Transforming zipflinger-8.10.1.jar (com.android:zipflinger:8.10.1) with InstrumentationAnalysisTransform
Transforming javax.activation-1.2.0.jar (com.sun.activation:javax.activation:1.2.0) with ExternalDependencyInstrumentingArtifactTransform
Transforming signflinger-8.10.1.jar (com.android:signflinger:8.10.1) with ExternalDependencyInstrumentingArtifactTransform
Transforming zipflinger-8.10.1.jar (com.android:zipflinger:8.10.1) with MergeInstrumentationAnalysisTransform
Transforming annotations-31.10.1.jar (com.android.tools:annotations:31.10.1) with InstrumentationAnalysisTransform
Transforming annotations-31.10.1.jar (com.android.tools:annotations:31.10.1) with MergeInstrumentationAnalysisTransform
Transforming jna-platform-5.6.0.jar (net.java.dev.jna:jna-platform:5.6.0) with InstrumentationAnalysisTransform
Transforming jna-platform-5.6.0.jar (net.java.dev.jna:jna-platform:5.6.0) with MergeInstrumentationAnalysisTransform
Transforming juniversalchardet-1.0.3.jar (com.googlecode.juniversalchardet:juniversalchardet:1.0.3) with InstrumentationAnalysisTransform
Transforming juniversalchardet-1.0.3.jar (com.googlecode.juniversalchardet:juniversalchardet:1.0.3) with MergeInstrumentationAnalysisTransform
Transforming zipflinger-8.10.1.jar (com.android:zipflinger:8.10.1) with ExternalDependencyInstrumentingArtifactTransform
Transforming annotations-31.10.1.jar (com.android.tools:annotations:31.10.1) with ExternalDependencyInstrumentingArtifactTransform
Transforming javax.annotation-api-1.3.2.jar (javax.annotation:javax.annotation-api:1.3.2) with InstrumentationAnalysisTransform
Transforming jna-platform-5.6.0.jar (net.java.dev.jna:jna-platform:5.6.0) with ExternalDependencyInstrumentingArtifactTransform
Transforming juniversalchardet-1.0.3.jar (com.googlecode.juniversalchardet:juniversalchardet:1.0.3) with ExternalDependencyInstrumentingArtifactTransform
Transforming javax.annotation-api-1.3.2.jar (javax.annotation:javax.annotation-api:1.3.2) with MergeInstrumentationAnalysisTransform
Transforming stax-ex-1.8.1.jar (org.jvnet.staxex:stax-ex:1.8.1) with InstrumentationAnalysisTransform
Transforming stax-ex-1.8.1.jar (org.jvnet.staxex:stax-ex:1.8.1) with MergeInstrumentationAnalysisTransform
Transforming jakarta.xml.bind-api-2.3.2.jar (jakarta.xml.bind:jakarta.xml.bind-api:2.3.2) with InstrumentationAnalysisTransform
Transforming jakarta.xml.bind-api-2.3.2.jar (jakarta.xml.bind:jakarta.xml.bind-api:2.3.2) with MergeInstrumentationAnalysisTransform
Transforming txw2-2.3.2.jar (org.glassfish.jaxb:txw2:2.3.2) with InstrumentationAnalysisTransform
Transforming javax.annotation-api-1.3.2.jar (javax.annotation:javax.annotation-api:1.3.2) with ExternalDependencyInstrumentingArtifactTransform
Transforming txw2-2.3.2.jar (org.glassfish.jaxb:txw2:2.3.2) with MergeInstrumentationAnalysisTransform
Transforming istack-commons-runtime-3.0.8.jar (com.sun.istack:istack-commons-runtime:3.0.8) with InstrumentationAnalysisTransform
Transforming istack-commons-runtime-3.0.8.jar (com.sun.istack:istack-commons-runtime:3.0.8) with MergeInstrumentationAnalysisTransform
Transforming stax-ex-1.8.1.jar (org.jvnet.staxex:stax-ex:1.8.1) with ExternalDependencyInstrumentingArtifactTransform
Transforming jakarta.xml.bind-api-2.3.2.jar (jakarta.xml.bind:jakarta.xml.bind-api:2.3.2) with ExternalDependencyInstrumentingArtifactTransform
Transforming istack-commons-runtime-3.0.8.jar (com.sun.istack:istack-commons-runtime:3.0.8) with ExternalDependencyInstrumentingArtifactTransform
Transforming FastInfoset-1.2.16.jar (com.sun.xml.fastinfoset:FastInfoset:1.2.16) with InstrumentationAnalysisTransform
Transforming txw2-2.3.2.jar (org.glassfish.jaxb:txw2:2.3.2) with ExternalDependencyInstrumentingArtifactTransform
Transforming FastInfoset-1.2.16.jar (com.sun.xml.fastinfoset:FastInfoset:1.2.16) with MergeInstrumentationAnalysisTransform
Transforming jakarta.activation-api-1.2.1.jar (jakarta.activation:jakarta.activation-api:1.2.1) with InstrumentationAnalysisTransform
Transforming jakarta.activation-api-1.2.1.jar (jakarta.activation:jakarta.activation-api:1.2.1) with MergeInstrumentationAnalysisTransform
Transforming auto-value-annotations-1.6.2.jar (com.google.auto.value:auto-value-annotations:1.6.2) with InstrumentationAnalysisTransform
Transforming FastInfoset-1.2.16.jar (com.sun.xml.fastinfoset:FastInfoset:1.2.16) with ExternalDependencyInstrumentingArtifactTransform
Transforming auto-value-annotations-1.6.2.jar (com.google.auto.value:auto-value-annotations:1.6.2) with MergeInstrumentationAnalysisTransform
Transforming jakarta.activation-api-1.2.1.jar (jakarta.activation:jakarta.activation-api:1.2.1) with ExternalDependencyInstrumentingArtifactTransform
Transforming jose4j-0.9.5.jar (org.bitbucket.b_c:jose4j:0.9.5) with InstrumentationAnalysisTransform
Transforming jose4j-0.9.5.jar (org.bitbucket.b_c:jose4j:0.9.5) with MergeInstrumentationAnalysisTransform
Transforming slf4j-api-1.7.30.jar (org.slf4j:slf4j-api:1.7.30) with InstrumentationAnalysisTransform
Transforming slf4j-api-1.7.30.jar (org.slf4j:slf4j-api:1.7.30) with MergeInstrumentationAnalysisTransform
Transforming jdom2-2.0.6.jar (org.jdom:jdom2:2.0.6) with InstrumentationAnalysisTransform
Transforming auto-value-annotations-1.6.2.jar (com.google.auto.value:auto-value-annotations:1.6.2) with ExternalDependencyInstrumentingArtifactTransform
Transforming jose4j-0.9.5.jar (org.bitbucket.b_c:jose4j:0.9.5) with ExternalDependencyInstrumentingArtifactTransform
Transforming jdom2-2.0.6.jar (org.jdom:jdom2:2.0.6) with MergeInstrumentationAnalysisTransform
Transforming jsr305-3.0.2.jar (com.google.code.findbugs:jsr305:3.0.2) with InstrumentationAnalysisTransform
Transforming slf4j-api-1.7.30.jar (org.slf4j:slf4j-api:1.7.30) with ExternalDependencyInstrumentingArtifactTransform
Transforming jsr305-3.0.2.jar (com.google.code.findbugs:jsr305:3.0.2) with MergeInstrumentationAnalysisTransform
Transforming j2objc-annotations-3.0.0.jar (com.google.j2objc:j2objc-annotations:3.0.0) with InstrumentationAnalysisTransform
Transforming jdom2-2.0.6.jar (org.jdom:jdom2:2.0.6) with ExternalDependencyInstrumentingArtifactTransform
Transforming j2objc-annotations-3.0.0.jar (com.google.j2objc:j2objc-annotations:3.0.0) with MergeInstrumentationAnalysisTransform
Transforming annotations-4.1.1.4.jar (com.google.android:annotations:4.1.1.4) with InstrumentationAnalysisTransform
Transforming jsr305-3.0.2.jar (com.google.code.findbugs:jsr305:3.0.2) with ExternalDependencyInstrumentingArtifactTransform
Transforming annotations-4.1.1.4.jar (com.google.android:annotations:4.1.1.4) with MergeInstrumentationAnalysisTransform
Transforming animal-sniffer-annotations-1.24.jar (org.codehaus.mojo:animal-sniffer-annotations:1.24) with InstrumentationAnalysisTransform
Transforming animal-sniffer-annotations-1.24.jar (org.codehaus.mojo:animal-sniffer-annotations:1.24) with MergeInstrumentationAnalysisTransform
Transforming perfmark-api-0.27.0.jar (io.perfmark:perfmark-api:0.27.0) with InstrumentationAnalysisTransform
Transforming j2objc-annotations-3.0.0.jar (com.google.j2objc:j2objc-annotations:3.0.0) with ExternalDependencyInstrumentingArtifactTransform
Transforming annotations-4.1.1.4.jar (com.google.android:annotations:4.1.1.4) with ExternalDependencyInstrumentingArtifactTransform
Transforming perfmark-api-0.27.0.jar (io.perfmark:perfmark-api:0.27.0) with MergeInstrumentationAnalysisTransform
Transforming animal-sniffer-annotations-1.24.jar (org.codehaus.mojo:animal-sniffer-annotations:1.24) with ExternalDependencyInstrumentingArtifactTransform
Transforming netty-codec-http2-4.1.110.Final.jar (io.netty:netty-codec-http2:4.1.110.Final) with InstrumentationAnalysisTransform
Transforming netty-codec-http2-4.1.110.Final.jar (io.netty:netty-codec-http2:4.1.110.Final) with MergeInstrumentationAnalysisTransform
Transforming perfmark-api-0.27.0.jar (io.perfmark:perfmark-api:0.27.0) with ExternalDependencyInstrumentingArtifactTransform
Transforming netty-handler-proxy-4.1.110.Final.jar (io.netty:netty-handler-proxy:4.1.110.Final) with InstrumentationAnalysisTransform
Transforming netty-handler-proxy-4.1.110.Final.jar (io.netty:netty-handler-proxy:4.1.110.Final) with MergeInstrumentationAnalysisTransform
Transforming netty-codec-http-4.1.110.Final.jar (io.netty:netty-codec-http:4.1.110.Final) with InstrumentationAnalysisTransform
Transforming netty-codec-http2-4.1.110.Final.jar (io.netty:netty-codec-http2:4.1.110.Final) with ExternalDependencyInstrumentingArtifactTransform
Transforming netty-codec-http-4.1.110.Final.jar (io.netty:netty-codec-http:4.1.110.Final) with MergeInstrumentationAnalysisTransform
Transforming netty-handler-proxy-4.1.110.Final.jar (io.netty:netty-handler-proxy:4.1.110.Final) with ExternalDependencyInstrumentingArtifactTransform
Transforming netty-handler-4.1.110.Final.jar (io.netty:netty-handler:4.1.110.Final) with InstrumentationAnalysisTransform
Transforming netty-handler-4.1.110.Final.jar (io.netty:netty-handler:4.1.110.Final) with MergeInstrumentationAnalysisTransform
Transforming netty-transport-native-unix-common-4.1.110.Final.jar (io.netty:netty-transport-native-unix-common:4.1.110.Final) with InstrumentationAnalysisTransform
Transforming netty-codec-http-4.1.110.Final.jar (io.netty:netty-codec-http:4.1.110.Final) with ExternalDependencyInstrumentingArtifactTransform
Transforming netty-transport-native-unix-common-4.1.110.Final.jar (io.netty:netty-transport-native-unix-common:4.1.110.Final) with MergeInstrumentationAnalysisTransform
Transforming checker-qual-3.43.0.jar (org.checkerframework:checker-qual:3.43.0) with InstrumentationAnalysisTransform
Transforming checker-qual-3.43.0.jar (org.checkerframework:checker-qual:3.43.0) with MergeInstrumentationAnalysisTransform
Transforming apksig-8.10.1.jar (com.android.tools.build:apksig:8.10.1) with InstrumentationAnalysisTransform
Transforming netty-handler-4.1.110.Final.jar (io.netty:netty-handler:4.1.110.Final) with ExternalDependencyInstrumentingArtifactTransform
Transforming apksig-8.10.1.jar (com.android.tools.build:apksig:8.10.1) with MergeInstrumentationAnalysisTransform
Transforming javawriter-2.5.0.jar (com.squareup:javawriter:2.5.0) with InstrumentationAnalysisTransform
Transforming javawriter-2.5.0.jar (com.squareup:javawriter:2.5.0) with MergeInstrumentationAnalysisTransform
Transforming failureaccess-1.0.2.jar (com.google.guava:failureaccess:1.0.2) with InstrumentationAnalysisTransform
Transforming netty-transport-native-unix-common-4.1.110.Final.jar (io.netty:netty-transport-native-unix-common:4.1.110.Final) with ExternalDependencyInstrumentingArtifactTransform
Transforming failureaccess-1.0.2.jar (com.google.guava:failureaccess:1.0.2) with MergeInstrumentationAnalysisTransform
Transforming listenablefuture-9999.0-empty-to-avoid-conflict-with-guava.jar (com.google.guava:listenablefuture:9999.0-empty-to-avoid-conflict-with-guava) with InstrumentationAnalysisTransform
Transforming listenablefuture-9999.0-empty-to-avoid-conflict-with-guava.jar (com.google.guava:listenablefuture:9999.0-empty-to-avoid-conflict-with-guava) with MergeInstrumentationAnalysisTransform
Transforming commons-logging-1.2.jar (commons-logging:commons-logging:1.2) with InstrumentationAnalysisTransform
Transforming checker-qual-3.43.0.jar (org.checkerframework:checker-qual:3.43.0) with ExternalDependencyInstrumentingArtifactTransform
Transforming commons-logging-1.2.jar (commons-logging:commons-logging:1.2) with MergeInstrumentationAnalysisTransform
Transforming commons-codec-1.11.jar (commons-codec:commons-codec:1.11) with InstrumentationAnalysisTransform
Transforming commons-codec-1.11.jar (commons-codec:commons-codec:1.11) with MergeInstrumentationAnalysisTransform
Transforming jna-5.6.0.jar (net.java.dev.jna:jna:5.6.0) with InstrumentationAnalysisTransform
Transforming apksig-8.10.1.jar (com.android.tools.build:apksig:8.10.1) with ExternalDependencyInstrumentingArtifactTransform
Transforming jna-5.6.0.jar (net.java.dev.jna:jna:5.6.0) with MergeInstrumentationAnalysisTransform
Transforming netty-codec-socks-4.1.110.Final.jar (io.netty:netty-codec-socks:4.1.110.Final) with InstrumentationAnalysisTransform
Transforming netty-codec-socks-4.1.110.Final.jar (io.netty:netty-codec-socks:4.1.110.Final) with MergeInstrumentationAnalysisTransform
Transforming netty-codec-4.1.110.Final.jar (io.netty:netty-codec:4.1.110.Final) with InstrumentationAnalysisTransform
Transforming netty-codec-4.1.110.Final.jar (io.netty:netty-codec:4.1.110.Final) with MergeInstrumentationAnalysisTransform
Transforming netty-transport-4.1.110.Final.jar (io.netty:netty-transport:4.1.110.Final) with InstrumentationAnalysisTransform
Transforming netty-transport-4.1.110.Final.jar (io.netty:netty-transport:4.1.110.Final) with MergeInstrumentationAnalysisTransform
Transforming netty-buffer-4.1.110.Final.jar (io.netty:netty-buffer:4.1.110.Final) with InstrumentationAnalysisTransform
Transforming netty-buffer-4.1.110.Final.jar (io.netty:netty-buffer:4.1.110.Final) with MergeInstrumentationAnalysisTransform
Transforming failureaccess-1.0.2.jar (com.google.guava:failureaccess:1.0.2) with ExternalDependencyInstrumentingArtifactTransform
Transforming commons-codec-1.11.jar (commons-codec:commons-codec:1.11) with ExternalDependencyInstrumentingArtifactTransform
Transforming jna-5.6.0.jar (net.java.dev.jna:jna:5.6.0) with ExternalDependencyInstrumentingArtifactTransform
Transforming netty-resolver-4.1.110.Final.jar (io.netty:netty-resolver:4.1.110.Final) with InstrumentationAnalysisTransform
Transforming commons-logging-1.2.jar (commons-logging:commons-logging:1.2) with ExternalDependencyInstrumentingArtifactTransform
Transforming netty-resolver-4.1.110.Final.jar (io.netty:netty-resolver:4.1.110.Final) with MergeInstrumentationAnalysisTransform
Transforming netty-transport-4.1.110.Final.jar (io.netty:netty-transport:4.1.110.Final) with ExternalDependencyInstrumentingArtifactTransform
Transforming netty-common-4.1.110.Final.jar (io.netty:netty-common:4.1.110.Final) with InstrumentationAnalysisTransform
Transforming javawriter-2.5.0.jar (com.squareup:javawriter:2.5.0) with ExternalDependencyInstrumentingArtifactTransform
Transforming listenablefuture-9999.0-empty-to-avoid-conflict-with-guava.jar (com.google.guava:listenablefuture:9999.0-empty-to-avoid-conflict-with-guava) with ExternalDependencyInstrumentingArtifactTransform
Transforming netty-resolver-4.1.110.Final.jar (io.netty:netty-resolver:4.1.110.Final) with ExternalDependencyInstrumentingArtifactTransform
Transforming netty-common-4.1.110.Final.jar (io.netty:netty-common:4.1.110.Final) with MergeInstrumentationAnalysisTransform
Transforming netty-codec-4.1.110.Final.jar (io.netty:netty-codec:4.1.110.Final) with ExternalDependencyInstrumentingArtifactTransform
Transforming netty-buffer-4.1.110.Final.jar (io.netty:netty-buffer:4.1.110.Final) with ExternalDependencyInstrumentingArtifactTransform
Transforming netty-codec-socks-4.1.110.Final.jar (io.netty:netty-codec-socks:4.1.110.Final) with ExternalDependencyInstrumentingArtifactTransform
Transforming netty-common-4.1.110.Final.jar (io.netty:netty-common:4.1.110.Final) with ExternalDependencyInstrumentingArtifactTransform
Transforming plugins.jar (project :build-logic:plugins) with ProjectDependencyInstrumentingArtifactTransform
Transforming tools.jar (project :build-logic:tools) with ProjectDependencyInstrumentingArtifactTransform
Using default execution profile
Using Kotlin Gradle Plugin gradle811 variant
Detected Android Gradle Plugin compose compiler configuration
Detected Android Gradle Plugin compose compiler configuration
Detected Android Gradle Plugin compose compiler configuration
Detected Android Gradle Plugin compose compiler configuration
Detected Android Gradle Plugin compose compiler configuration

> Configure project :donations
Evaluating project ':donations' using build file '/home/lollerfirst/Signal-Android/donations/lib/build.gradle.kts'.
Transforming classes with InstrumentationAnalysisTransform
Transforming classes with InstrumentationAnalysisTransform
Transforming gradle-8.10.1.jar (com.android.tools.build:gradle:8.10.1) with InstrumentationAnalysisTransform
Transforming gradle-settings-api-8.10.1.jar (com.android.tools.build:gradle-settings-api:8.10.1) with InstrumentationAnalysisTransform
Transforming lint-model-31.10.1.jar (com.android.tools.lint:lint-model:31.10.1) with InstrumentationAnalysisTransform
Transforming builder-8.10.1.jar (com.android.tools.build:builder:8.10.1) with InstrumentationAnalysisTransform
Transforming manifest-merger-31.10.1.jar (com.android.tools.build:manifest-merger:31.10.1) with InstrumentationAnalysisTransform
Transforming sdk-common-31.10.1.jar (com.android.tools:sdk-common:31.10.1) with InstrumentationAnalysisTransform
Transforming sdklib-31.10.1.jar (com.android.tools:sdklib:31.10.1) with InstrumentationAnalysisTransform
Transforming repository-31.10.1.jar (com.android.tools:repository:31.10.1) with InstrumentationAnalysisTransform
Transforming aaptcompiler-8.10.1.jar (com.android.tools.build:aaptcompiler:8.10.1) with InstrumentationAnalysisTransform
Transforming tracker-31.10.1.jar (com.android.tools.analytics-library:tracker:31.10.1) with InstrumentationAnalysisTransform
Transforming shared-31.10.1.jar (com.android.tools.analytics-library:shared:31.10.1) with InstrumentationAnalysisTransform
Transforming databinding-compiler-common-8.10.1.jar (androidx.databinding:databinding-compiler-common:8.10.1) with InstrumentationAnalysisTransform
Transforming android-test-plugin-host-emulator-control-proto-31.10.1.jar (com.android.tools.utp:android-test-plugin-host-emulator-control-proto:31.10.1) with InstrumentationAnalysisTransform
Transforming builder-model-8.10.1.jar (com.android.tools.build:builder-model:8.10.1) with InstrumentationAnalysisTransform
Transforming gradle-api-8.10.1.jar (com.android.tools.build:gradle-api:8.10.1) with InstrumentationAnalysisTransform
Transforming builder-test-api-8.10.1.jar (com.android.tools.build:builder-test-api:8.10.1) with InstrumentationAnalysisTransform
Transforming ddmlib-31.10.1.jar (com.android.tools.ddms:ddmlib:31.10.1) with InstrumentationAnalysisTransform
Transforming layoutlib-api-31.10.1.jar (com.android.tools.layoutlib:layoutlib-api:31.10.1) with InstrumentationAnalysisTransform
Transforming dvlib-31.10.1.jar (com.android.tools:dvlib:31.10.1) with InstrumentationAnalysisTransform
Transforming common-31.10.1.jar (com.android.tools:common:31.10.1) with InstrumentationAnalysisTransform
Transforming kotlin-stdlib-jdk8-2.1.0.jar (org.jetbrains.kotlin:kotlin-stdlib-jdk8:2.1.0) with InstrumentationAnalysisTransform
Transforming jetifier-processor-1.0.0-beta10.jar (com.android.tools.build.jetifier:jetifier-processor:1.0.0-beta10) with InstrumentationAnalysisTransform
Transforming jetifier-core-1.0.0-beta10.jar (com.android.tools.build.jetifier:jetifier-core:1.0.0-beta10) with InstrumentationAnalysisTransform
Transforming kotlin-reflect-2.0.20.jar (org.jetbrains.kotlin:kotlin-reflect:2.0.20) with InstrumentationAnalysisTransform
Transforming kotlin-stdlib-jdk7-2.1.0.jar (org.jetbrains.kotlin:kotlin-stdlib-jdk7:2.1.0) with InstrumentationAnalysisTransform
Transforming kotlin-stdlib-2.0.20.jar (org.jetbrains.kotlin:kotlin-stdlib:2.0.20) with InstrumentationAnalysisTransform
Transforming annotations-13.0.jar (org.jetbrains:annotations:13.0) with InstrumentationAnalysisTransform
Transforming kotlin-gradle-plugin-model-2.2.20.jar (org.jetbrains.kotlin:kotlin-gradle-plugin-model:2.2.20) with InstrumentationAnalysisTransform
Transforming fus-statistics-gradle-plugin-2.2.20-gradle811.jar (org.jetbrains.kotlin:fus-statistics-gradle-plugin:2.2.20) with InstrumentationAnalysisTransform
Transforming kotlin-gradle-plugin-api-2.2.20.jar (org.jetbrains.kotlin:kotlin-gradle-plugin-api:2.2.20) with InstrumentationAnalysisTransform
Transforming kotlin-gradle-plugin-api-2.2.20-gradle811.jar (org.jetbrains.kotlin:kotlin-gradle-plugin-api:2.2.20) with InstrumentationAnalysisTransform
Transforming kotlin-gradle-plugin-2.2.20-gradle811.jar (org.jetbrains.kotlin:kotlin-gradle-plugin:2.2.20) with InstrumentationAnalysisTransform
Transforming ktlint-gradle-12.1.1.jar (org.jlleitschuh.gradle:ktlint-gradle:12.1.1) with InstrumentationAnalysisTransform
Transforming kotlin-gradle-plugin-idea-proto-2.2.20.jar (org.jetbrains.kotlin:kotlin-gradle-plugin-idea-proto:2.2.20) with InstrumentationAnalysisTransform
Transforming kotlin-gradle-plugin-idea-2.2.20.jar (org.jetbrains.kotlin:kotlin-gradle-plugin-idea:2.2.20) with InstrumentationAnalysisTransform
Transforming kotlin-klib-commonizer-api-2.2.20.jar (org.jetbrains.kotlin:kotlin-klib-commonizer-api:2.2.20) with InstrumentationAnalysisTransform
Transforming kotlin-build-statistics-2.2.20.jar (org.jetbrains.kotlin:kotlin-build-statistics:2.2.20) with InstrumentationAnalysisTransform
Transforming kotlin-util-klib-metadata-2.2.20.jar (org.jetbrains.kotlin:kotlin-util-klib-metadata:2.2.20) with InstrumentationAnalysisTransform
Transforming abi-tools-api-2.2.20.jar (org.jetbrains.kotlin:abi-tools-api:2.2.20) with InstrumentationAnalysisTransform
Transforming kotlin-compiler-runner-2.2.20.jar (org.jetbrains.kotlin:kotlin-compiler-runner:2.2.20) with InstrumentationAnalysisTransform
Transforming dnsjava-2.1.9.jar (dnsjava:dnsjava:2.1.9) with InstrumentationAnalysisTransform
Transforming kotlin-gradle-plugin-annotations-2.2.20.jar (org.jetbrains.kotlin:kotlin-gradle-plugin-annotations:2.2.20) with InstrumentationAnalysisTransform
Transforming kotlin-native-utils-2.2.20.jar (org.jetbrains.kotlin:kotlin-native-utils:2.2.20) with InstrumentationAnalysisTransform
Transforming kotlin-tooling-core-2.2.20.jar (org.jetbrains.kotlin:kotlin-tooling-core:2.2.20) with InstrumentationAnalysisTransform
Transforming kotlin-build-tools-api-2.2.20.jar (org.jetbrains.kotlin:kotlin-build-tools-api:2.2.20) with InstrumentationAnalysisTransform
Transforming android-test-plugin-result-listener-gradle-proto-31.10.1.jar (com.android.tools.utp:android-test-plugin-result-listener-gradle-proto:31.10.1) with InstrumentationAnalysisTransform
Transforming bundletool-1.18.0.jar (com.android.tools.build:bundletool:1.18.0) with InstrumentationAnalysisTransform
Transforming protobuf-java-util-3.25.5.jar (com.google.protobuf:protobuf-java-util:3.25.5) with InstrumentationAnalysisTransform
Transforming grpc-netty-1.69.1.jar (io.grpc:grpc-netty:1.69.1) with InstrumentationAnalysisTransform
Transforming grpc-inprocess-1.69.1.jar (io.grpc:grpc-inprocess:1.69.1) with InstrumentationAnalysisTransform
Transforming grpc-util-1.69.1.jar (io.grpc:grpc-util:1.69.1) with InstrumentationAnalysisTransform
Transforming grpc-core-1.69.1.jar (io.grpc:grpc-core:1.69.1) with InstrumentationAnalysisTransform
Transforming tink-1.7.0.jar (com.google.crypto.tink:tink:1.7.0) with InstrumentationAnalysisTransform
Transforming gson-2.11.0.jar (com.google.code.gson:gson:2.11.0) with InstrumentationAnalysisTransform
Transforming kotlin-util-klib-2.2.20.jar (org.jetbrains.kotlin:kotlin-util-klib:2.2.20) with InstrumentationAnalysisTransform
Transforming kotlin-util-io-2.2.20.jar (org.jetbrains.kotlin:kotlin-util-io:2.2.20) with InstrumentationAnalysisTransform
Transforming kotlin-daemon-client-2.2.20.jar (org.jetbrains.kotlin:kotlin-daemon-client:2.2.20) with InstrumentationAnalysisTransform
Transforming kotlinx-coroutines-core-jvm-1.8.0.jar (org.jetbrains.kotlinx:kotlinx-coroutines-core-jvm:1.8.0) with InstrumentationAnalysisTransform
Transforming aapt2-proto-8.10.1-12782657.jar (com.android.tools.build:aapt2-proto:8.10.1-12782657) with InstrumentationAnalysisTransform
Transforming crash-31.10.1.jar (com.android.tools.analytics-library:crash:31.10.1) with InstrumentationAnalysisTransform
Transforming lint-typedef-remover-31.10.1.jar (com.android.tools.lint:lint-typedef-remover:31.10.1) with InstrumentationAnalysisTransform
Transforming databinding-common-8.10.1.jar (androidx.databinding:databinding-common:8.10.1) with InstrumentationAnalysisTransform
Transforming baseLibrary-8.10.1.jar (com.android.databinding:baseLibrary:8.10.1) with InstrumentationAnalysisTransform
Transforming android-device-provider-ddmlib-proto-31.10.1.jar (com.android.tools.utp:android-device-provider-ddmlib-proto:31.10.1) with InstrumentationAnalysisTransform
Transforming android-device-provider-gradle-proto-31.10.1.jar (com.android.tools.utp:android-device-provider-gradle-proto:31.10.1) with InstrumentationAnalysisTransform
Transforming android-device-provider-profile-proto-31.10.1.jar (com.android.tools.utp:android-device-provider-profile-proto:31.10.1) with InstrumentationAnalysisTransform
Transforming android-test-plugin-host-additional-test-output-proto-31.10.1.jar (com.android.tools.utp:android-test-plugin-host-additional-test-output-proto:31.10.1) with InstrumentationAnalysisTransform
Transforming android-test-plugin-host-coverage-proto-31.10.1.jar (com.android.tools.utp:android-test-plugin-host-coverage-proto:31.10.1) with InstrumentationAnalysisTransform
Transforming android-test-plugin-host-logcat-proto-31.10.1.jar (com.android.tools.utp:android-test-plugin-host-logcat-proto:31.10.1) with InstrumentationAnalysisTransform
Transforming android-test-plugin-host-apk-installer-proto-31.10.1.jar (com.android.tools.utp:android-test-plugin-host-apk-installer-proto:31.10.1) with InstrumentationAnalysisTransform
Transforming transform-api-2.0.0-deprecated-use-gradle-api.jar (com.android.tools.build:transform-api:2.0.0-deprecated-use-gradle-api) with InstrumentationAnalysisTransform
Transforming httpmime-4.5.6.jar (org.apache.httpcomponents:httpmime:4.5.6) with InstrumentationAnalysisTransform
Transforming commons-io-2.16.1.jar (commons-io:commons-io:2.16.1) with InstrumentationAnalysisTransform
Transforming asm-commons-9.7.1.jar (org.ow2.asm:asm-commons:9.7.1) with InstrumentationAnalysisTransform
Transforming asm-util-9.7.1.jar (org.ow2.asm:asm-util:9.7.1) with InstrumentationAnalysisTransform
Transforming asm-analysis-9.7.1.jar (org.ow2.asm:asm-analysis:9.7.1) with InstrumentationAnalysisTransform
Transforming asm-tree-9.7.1.jar (org.ow2.asm:asm-tree:9.7.1) with InstrumentationAnalysisTransform
Transforming asm-9.7.1.jar (org.ow2.asm:asm:9.7.1) with InstrumentationAnalysisTransform
Transforming apkzlib-8.10.1.jar (com.android.tools.build:apkzlib:8.10.1) with InstrumentationAnalysisTransform
Transforming bcpkix-jdk18on-1.79.jar (org.bouncycastle:bcpkix-jdk18on:1.79) with InstrumentationAnalysisTransform
Transforming jaxb-runtime-2.3.2.jar (org.glassfish.jaxb:jaxb-runtime:2.3.2) with InstrumentationAnalysisTransform
Transforming jopt-simple-4.9.jar (net.sf.jopt-simple:jopt-simple:4.9) with InstrumentationAnalysisTransform
Transforming javapoet-1.10.0.jar (com.squareup:javapoet:1.10.0) with InstrumentationAnalysisTransform
Transforming grpc-protobuf-1.69.1.jar (io.grpc:grpc-protobuf:1.69.1) with InstrumentationAnalysisTransform
Transforming core-proto-0.0.9-alpha03.jar (com.google.testing.platform:core-proto:0.0.9-alpha03) with InstrumentationAnalysisTransform
Transforming protos-31.10.1.jar (com.android.tools.analytics-library:protos:31.10.1) with InstrumentationAnalysisTransform
Transforming proto-google-common-protos-2.48.0.jar (com.google.api.grpc:proto-google-common-protos:2.48.0) with InstrumentationAnalysisTransform
Transforming protobuf-java-3.25.5.jar (com.google.protobuf:protobuf-java:3.25.5) with InstrumentationAnalysisTransform
Transforming grpc-stub-1.69.1.jar (io.grpc:grpc-stub:1.69.1) with InstrumentationAnalysisTransform
Transforming tensorflow-lite-metadata-0.2.0.jar (org.tensorflow:tensorflow-lite-metadata:0.2.0) with InstrumentationAnalysisTransform
Transforming flatbuffers-java-1.12.0.jar (com.google.flatbuffers:flatbuffers-java:1.12.0) with InstrumentationAnalysisTransform
Transforming jimfs-1.1.jar (com.google.jimfs:jimfs:1.1) with InstrumentationAnalysisTransform
Transforming grpc-context-1.69.1.jar (io.grpc:grpc-context:1.69.1) with InstrumentationAnalysisTransform
Transforming grpc-protobuf-lite-1.69.1.jar (io.grpc:grpc-protobuf-lite:1.69.1) with InstrumentationAnalysisTransform
Transforming grpc-api-1.69.1.jar (io.grpc:grpc-api:1.69.1) with InstrumentationAnalysisTransform
Transforming guava-33.3.1-jre.jar (com.google.guava:guava:33.3.1-jre) with InstrumentationAnalysisTransform
Transforming error_prone_annotations-2.30.0.jar (com.google.errorprone:error_prone_annotations:2.30.0) with InstrumentationAnalysisTransform
Transforming dagger-2.28.3.jar (com.google.dagger:dagger:2.28.3) with InstrumentationAnalysisTransform
Transforming javax.inject-1.jar (javax.inject:javax.inject:1) with InstrumentationAnalysisTransform
Transforming kxml2-2.3.0.jar (net.sf.kxml:kxml2:2.3.0) with InstrumentationAnalysisTransform
Transforming commons-compress-1.21.jar (org.apache.commons:commons-compress:1.21) with InstrumentationAnalysisTransform
Transforming bcutil-jdk18on-1.79.jar (org.bouncycastle:bcutil-jdk18on:1.79) with InstrumentationAnalysisTransform
Transforming bcprov-jdk18on-1.79.jar (org.bouncycastle:bcprov-jdk18on:1.79) with InstrumentationAnalysisTransform
Transforming httpclient-4.5.14.jar (org.apache.httpcomponents:httpclient:4.5.14) with InstrumentationAnalysisTransform
Transforming httpcore-4.4.16.jar (org.apache.httpcomponents:httpcore:4.4.16) with InstrumentationAnalysisTransform
Transforming javax.activation-1.2.0.jar (com.sun.activation:javax.activation:1.2.0) with InstrumentationAnalysisTransform
Transforming signflinger-8.10.1.jar (com.android:signflinger:8.10.1) with InstrumentationAnalysisTransform
Transforming zipflinger-8.10.1.jar (com.android:zipflinger:8.10.1) with InstrumentationAnalysisTransform
Transforming annotations-31.10.1.jar (com.android.tools:annotations:31.10.1) with InstrumentationAnalysisTransform
Transforming jna-platform-5.6.0.jar (net.java.dev.jna:jna-platform:5.6.0) with InstrumentationAnalysisTransform
Transforming juniversalchardet-1.0.3.jar (com.googlecode.juniversalchardet:juniversalchardet:1.0.3) with InstrumentationAnalysisTransform
Transforming javax.annotation-api-1.3.2.jar (javax.annotation:javax.annotation-api:1.3.2) with InstrumentationAnalysisTransform
Transforming stax-ex-1.8.1.jar (org.jvnet.staxex:stax-ex:1.8.1) with InstrumentationAnalysisTransform
Transforming jakarta.xml.bind-api-2.3.2.jar (jakarta.xml.bind:jakarta.xml.bind-api:2.3.2) with InstrumentationAnalysisTransform
Transforming txw2-2.3.2.jar (org.glassfish.jaxb:txw2:2.3.2) with InstrumentationAnalysisTransform
Transforming istack-commons-runtime-3.0.8.jar (com.sun.istack:istack-commons-runtime:3.0.8) with InstrumentationAnalysisTransform
Transforming FastInfoset-1.2.16.jar (com.sun.xml.fastinfoset:FastInfoset:1.2.16) with InstrumentationAnalysisTransform
Transforming jakarta.activation-api-1.2.1.jar (jakarta.activation:jakarta.activation-api:1.2.1) with InstrumentationAnalysisTransform
Transforming auto-value-annotations-1.6.2.jar (com.google.auto.value:auto-value-annotations:1.6.2) with InstrumentationAnalysisTransform
Transforming jose4j-0.9.5.jar (org.bitbucket.b_c:jose4j:0.9.5) with InstrumentationAnalysisTransform
Transforming slf4j-api-1.7.30.jar (org.slf4j:slf4j-api:1.7.30) with InstrumentationAnalysisTransform
Transforming jdom2-2.0.6.jar (org.jdom:jdom2:2.0.6) with InstrumentationAnalysisTransform
Transforming jsr305-3.0.2.jar (com.google.code.findbugs:jsr305:3.0.2) with InstrumentationAnalysisTransform
Transforming j2objc-annotations-3.0.0.jar (com.google.j2objc:j2objc-annotations:3.0.0) with InstrumentationAnalysisTransform
Transforming annotations-4.1.1.4.jar (com.google.android:annotations:4.1.1.4) with InstrumentationAnalysisTransform
Transforming animal-sniffer-annotations-1.24.jar (org.codehaus.mojo:animal-sniffer-annotations:1.24) with InstrumentationAnalysisTransform
Transforming perfmark-api-0.27.0.jar (io.perfmark:perfmark-api:0.27.0) with InstrumentationAnalysisTransform
Transforming netty-codec-http2-4.1.110.Final.jar (io.netty:netty-codec-http2:4.1.110.Final) with InstrumentationAnalysisTransform
Transforming netty-handler-proxy-4.1.110.Final.jar (io.netty:netty-handler-proxy:4.1.110.Final) with InstrumentationAnalysisTransform
Transforming netty-codec-http-4.1.110.Final.jar (io.netty:netty-codec-http:4.1.110.Final) with InstrumentationAnalysisTransform
Transforming netty-handler-4.1.110.Final.jar (io.netty:netty-handler:4.1.110.Final) with InstrumentationAnalysisTransform
Transforming netty-transport-native-unix-common-4.1.110.Final.jar (io.netty:netty-transport-native-unix-common:4.1.110.Final) with InstrumentationAnalysisTransform
Transforming checker-qual-3.43.0.jar (org.checkerframework:checker-qual:3.43.0) with InstrumentationAnalysisTransform
Transforming apksig-8.10.1.jar (com.android.tools.build:apksig:8.10.1) with InstrumentationAnalysisTransform
Transforming javawriter-2.5.0.jar (com.squareup:javawriter:2.5.0) with InstrumentationAnalysisTransform
Transforming failureaccess-1.0.2.jar (com.google.guava:failureaccess:1.0.2) with InstrumentationAnalysisTransform
Transforming listenablefuture-9999.0-empty-to-avoid-conflict-with-guava.jar (com.google.guava:listenablefuture:9999.0-empty-to-avoid-conflict-with-guava) with InstrumentationAnalysisTransform
Transforming commons-logging-1.2.jar (commons-logging:commons-logging:1.2) with InstrumentationAnalysisTransform
Transforming commons-codec-1.11.jar (commons-codec:commons-codec:1.11) with InstrumentationAnalysisTransform
Transforming jna-5.6.0.jar (net.java.dev.jna:jna:5.6.0) with InstrumentationAnalysisTransform
Transforming netty-codec-socks-4.1.110.Final.jar (io.netty:netty-codec-socks:4.1.110.Final) with InstrumentationAnalysisTransform
Transforming netty-codec-4.1.110.Final.jar (io.netty:netty-codec:4.1.110.Final) with InstrumentationAnalysisTransform
Transforming netty-transport-4.1.110.Final.jar (io.netty:netty-transport:4.1.110.Final) with InstrumentationAnalysisTransform
Transforming netty-buffer-4.1.110.Final.jar (io.netty:netty-buffer:4.1.110.Final) with InstrumentationAnalysisTransform
Transforming netty-resolver-4.1.110.Final.jar (io.netty:netty-resolver:4.1.110.Final) with InstrumentationAnalysisTransform
Transforming netty-common-4.1.110.Final.jar (io.netty:netty-common:4.1.110.Final) with InstrumentationAnalysisTransform
Transforming main (project :build-logic:plugins) with InstrumentationAnalysisTransform
Transforming main (project :build-logic:plugins) with InstrumentationAnalysisTransform
Transforming main (project :build-logic:plugins) with InstrumentationAnalysisTransform
Transforming main (project :build-logic:tools) with InstrumentationAnalysisTransform
Transforming main (project :build-logic:tools) with InstrumentationAnalysisTransform
Transforming classes with InstrumentationAnalysisTransform
Transforming classes with MergeInstrumentationAnalysisTransform
Transforming classes with InstrumentationAnalysisTransform
Transforming classes with MergeInstrumentationAnalysisTransform
Transforming gradle-8.10.1.jar (com.android.tools.build:gradle:8.10.1) with InstrumentationAnalysisTransform
Transforming gradle-8.10.1.jar (com.android.tools.build:gradle:8.10.1) with MergeInstrumentationAnalysisTransform
Transforming gradle-settings-api-8.10.1.jar (com.android.tools.build:gradle-settings-api:8.10.1) with InstrumentationAnalysisTransform
Transforming gradle-settings-api-8.10.1.jar (com.android.tools.build:gradle-settings-api:8.10.1) with MergeInstrumentationAnalysisTransform
Transforming lint-model-31.10.1.jar (com.android.tools.lint:lint-model:31.10.1) with InstrumentationAnalysisTransform
Transforming lint-model-31.10.1.jar (com.android.tools.lint:lint-model:31.10.1) with MergeInstrumentationAnalysisTransform
Transforming builder-8.10.1.jar (com.android.tools.build:builder:8.10.1) with InstrumentationAnalysisTransform
Transforming builder-8.10.1.jar (com.android.tools.build:builder:8.10.1) with MergeInstrumentationAnalysisTransform
Transforming classes with ExternalDependencyInstrumentingArtifactTransform
Transforming manifest-merger-31.10.1.jar (com.android.tools.build:manifest-merger:31.10.1) with InstrumentationAnalysisTransform
Transforming manifest-merger-31.10.1.jar (com.android.tools.build:manifest-merger:31.10.1) with MergeInstrumentationAnalysisTransform
Transforming classes with ExternalDependencyInstrumentingArtifactTransform
Transforming sdk-common-31.10.1.jar (com.android.tools:sdk-common:31.10.1) with InstrumentationAnalysisTransform
Transforming sdk-common-31.10.1.jar (com.android.tools:sdk-common:31.10.1) with MergeInstrumentationAnalysisTransform
Transforming sdklib-31.10.1.jar (com.android.tools:sdklib:31.10.1) with InstrumentationAnalysisTransform
Transforming lint-model-31.10.1.jar (com.android.tools.lint:lint-model:31.10.1) with ExternalDependencyInstrumentingArtifactTransform
Transforming gradle-8.10.1.jar (com.android.tools.build:gradle:8.10.1) with ExternalDependencyInstrumentingArtifactTransform
Transforming builder-8.10.1.jar (com.android.tools.build:builder:8.10.1) with ExternalDependencyInstrumentingArtifactTransform
Transforming sdk-common-31.10.1.jar (com.android.tools:sdk-common:31.10.1) with ExternalDependencyInstrumentingArtifactTransform
Transforming sdklib-31.10.1.jar (com.android.tools:sdklib:31.10.1) with MergeInstrumentationAnalysisTransform
Transforming repository-31.10.1.jar (com.android.tools:repository:31.10.1) with InstrumentationAnalysisTransform
Transforming repository-31.10.1.jar (com.android.tools:repository:31.10.1) with MergeInstrumentationAnalysisTransform
Transforming aaptcompiler-8.10.1.jar (com.android.tools.build:aaptcompiler:8.10.1) with InstrumentationAnalysisTransform
Transforming aaptcompiler-8.10.1.jar (com.android.tools.build:aaptcompiler:8.10.1) with MergeInstrumentationAnalysisTransform
Transforming tracker-31.10.1.jar (com.android.tools.analytics-library:tracker:31.10.1) with InstrumentationAnalysisTransform
Transforming sdklib-31.10.1.jar (com.android.tools:sdklib:31.10.1) with ExternalDependencyInstrumentingArtifactTransform
Transforming repository-31.10.1.jar (com.android.tools:repository:31.10.1) with ExternalDependencyInstrumentingArtifactTransform
Transforming manifest-merger-31.10.1.jar (com.android.tools.build:manifest-merger:31.10.1) with ExternalDependencyInstrumentingArtifactTransform
Transforming aaptcompiler-8.10.1.jar (com.android.tools.build:aaptcompiler:8.10.1) with ExternalDependencyInstrumentingArtifactTransform
Transforming gradle-settings-api-8.10.1.jar (com.android.tools.build:gradle-settings-api:8.10.1) with ExternalDependencyInstrumentingArtifactTransform
Transforming tracker-31.10.1.jar (com.android.tools.analytics-library:tracker:31.10.1) with MergeInstrumentationAnalysisTransform
Transforming shared-31.10.1.jar (com.android.tools.analytics-library:shared:31.10.1) with InstrumentationAnalysisTransform
Transforming tracker-31.10.1.jar (com.android.tools.analytics-library:tracker:31.10.1) with ExternalDependencyInstrumentingArtifactTransform
Transforming shared-31.10.1.jar (com.android.tools.analytics-library:shared:31.10.1) with MergeInstrumentationAnalysisTransform
Transforming databinding-compiler-common-8.10.1.jar (androidx.databinding:databinding-compiler-common:8.10.1) with InstrumentationAnalysisTransform
Transforming databinding-compiler-common-8.10.1.jar (androidx.databinding:databinding-compiler-common:8.10.1) with MergeInstrumentationAnalysisTransform
Transforming android-test-plugin-host-emulator-control-proto-31.10.1.jar (com.android.tools.utp:android-test-plugin-host-emulator-control-proto:31.10.1) with InstrumentationAnalysisTransform
Transforming android-test-plugin-host-emulator-control-proto-31.10.1.jar (com.android.tools.utp:android-test-plugin-host-emulator-control-proto:31.10.1) with MergeInstrumentationAnalysisTransform
Transforming shared-31.10.1.jar (com.android.tools.analytics-library:shared:31.10.1) with ExternalDependencyInstrumentingArtifactTransform
Transforming databinding-compiler-common-8.10.1.jar (androidx.databinding:databinding-compiler-common:8.10.1) with ExternalDependencyInstrumentingArtifactTransform
Transforming builder-model-8.10.1.jar (com.android.tools.build:builder-model:8.10.1) with InstrumentationAnalysisTransform
Transforming builder-model-8.10.1.jar (com.android.tools.build:builder-model:8.10.1) with MergeInstrumentationAnalysisTransform
Transforming android-test-plugin-host-emulator-control-proto-31.10.1.jar (com.android.tools.utp:android-test-plugin-host-emulator-control-proto:31.10.1) with ExternalDependencyInstrumentingArtifactTransform
Transforming gradle-api-8.10.1.jar (com.android.tools.build:gradle-api:8.10.1) with InstrumentationAnalysisTransform
Transforming gradle-api-8.10.1.jar (com.android.tools.build:gradle-api:8.10.1) with MergeInstrumentationAnalysisTransform
Transforming builder-test-api-8.10.1.jar (com.android.tools.build:builder-test-api:8.10.1) with InstrumentationAnalysisTransform
Transforming builder-model-8.10.1.jar (com.android.tools.build:builder-model:8.10.1) with ExternalDependencyInstrumentingArtifactTransform
Transforming builder-test-api-8.10.1.jar (com.android.tools.build:builder-test-api:8.10.1) with MergeInstrumentationAnalysisTransform
Transforming gradle-api-8.10.1.jar (com.android.tools.build:gradle-api:8.10.1) with ExternalDependencyInstrumentingArtifactTransform
Transforming ddmlib-31.10.1.jar (com.android.tools.ddms:ddmlib:31.10.1) with InstrumentationAnalysisTransform
Transforming ddmlib-31.10.1.jar (com.android.tools.ddms:ddmlib:31.10.1) with MergeInstrumentationAnalysisTransform
Transforming layoutlib-api-31.10.1.jar (com.android.tools.layoutlib:layoutlib-api:31.10.1) with InstrumentationAnalysisTransform
Transforming layoutlib-api-31.10.1.jar (com.android.tools.layoutlib:layoutlib-api:31.10.1) with MergeInstrumentationAnalysisTransform
Transforming dvlib-31.10.1.jar (com.android.tools:dvlib:31.10.1) with InstrumentationAnalysisTransform
Transforming dvlib-31.10.1.jar (com.android.tools:dvlib:31.10.1) with MergeInstrumentationAnalysisTransform
Transforming builder-test-api-8.10.1.jar (com.android.tools.build:builder-test-api:8.10.1) with ExternalDependencyInstrumentingArtifactTransform
Transforming ddmlib-31.10.1.jar (com.android.tools.ddms:ddmlib:31.10.1) with ExternalDependencyInstrumentingArtifactTransform
Transforming layoutlib-api-31.10.1.jar (com.android.tools.layoutlib:layoutlib-api:31.10.1) with ExternalDependencyInstrumentingArtifactTransform
Transforming dvlib-31.10.1.jar (com.android.tools:dvlib:31.10.1) with ExternalDependencyInstrumentingArtifactTransform
Transforming common-31.10.1.jar (com.android.tools:common:31.10.1) with InstrumentationAnalysisTransform
Transforming common-31.10.1.jar (com.android.tools:common:31.10.1) with MergeInstrumentationAnalysisTransform
Transforming kotlin-stdlib-jdk8-2.1.0.jar (org.jetbrains.kotlin:kotlin-stdlib-jdk8:2.1.0) with InstrumentationAnalysisTransform
Transforming kotlin-stdlib-jdk8-2.1.0.jar (org.jetbrains.kotlin:kotlin-stdlib-jdk8:2.1.0) with MergeInstrumentationAnalysisTransform
Transforming jetifier-processor-1.0.0-beta10.jar (com.android.tools.build.jetifier:jetifier-processor:1.0.0-beta10) with InstrumentationAnalysisTransform
Transforming jetifier-processor-1.0.0-beta10.jar (com.android.tools.build.jetifier:jetifier-processor:1.0.0-beta10) with MergeInstrumentationAnalysisTransform
Transforming common-31.10.1.jar (com.android.tools:common:31.10.1) with ExternalDependencyInstrumentingArtifactTransform
Transforming jetifier-core-1.0.0-beta10.jar (com.android.tools.build.jetifier:jetifier-core:1.0.0-beta10) with InstrumentationAnalysisTransform
Transforming jetifier-core-1.0.0-beta10.jar (com.android.tools.build.jetifier:jetifier-core:1.0.0-beta10) with MergeInstrumentationAnalysisTransform
Transforming kotlin-stdlib-jdk8-2.1.0.jar (org.jetbrains.kotlin:kotlin-stdlib-jdk8:2.1.0) with ExternalDependencyInstrumentingArtifactTransform
Transforming kotlin-reflect-2.0.20.jar (org.jetbrains.kotlin:kotlin-reflect:2.0.20) with InstrumentationAnalysisTransform
Transforming kotlin-reflect-2.0.20.jar (org.jetbrains.kotlin:kotlin-reflect:2.0.20) with MergeInstrumentationAnalysisTransform
Transforming kotlin-stdlib-jdk7-2.1.0.jar (org.jetbrains.kotlin:kotlin-stdlib-jdk7:2.1.0) with InstrumentationAnalysisTransform
Transforming jetifier-core-1.0.0-beta10.jar (com.android.tools.build.jetifier:jetifier-core:1.0.0-beta10) with ExternalDependencyInstrumentingArtifactTransform
Transforming kotlin-stdlib-jdk7-2.1.0.jar (org.jetbrains.kotlin:kotlin-stdlib-jdk7:2.1.0) with MergeInstrumentationAnalysisTransform
Transforming kotlin-stdlib-2.0.20.jar (org.jetbrains.kotlin:kotlin-stdlib:2.0.20) with InstrumentationAnalysisTransform
Transforming jetifier-processor-1.0.0-beta10.jar (com.android.tools.build.jetifier:jetifier-processor:1.0.0-beta10) with ExternalDependencyInstrumentingArtifactTransform
Transforming kotlin-stdlib-2.0.20.jar (org.jetbrains.kotlin:kotlin-stdlib:2.0.20) with MergeInstrumentationAnalysisTransform
Transforming kotlin-reflect-2.0.20.jar (org.jetbrains.kotlin:kotlin-reflect:2.0.20) with ExternalDependencyInstrumentingArtifactTransform
Transforming kotlin-stdlib-jdk7-2.1.0.jar (org.jetbrains.kotlin:kotlin-stdlib-jdk7:2.1.0) with ExternalDependencyInstrumentingArtifactTransform
Transforming kotlin-stdlib-2.0.20.jar (org.jetbrains.kotlin:kotlin-stdlib:2.0.20) with ExternalDependencyInstrumentingArtifactTransform
Transforming annotations-13.0.jar (org.jetbrains:annotations:13.0) with InstrumentationAnalysisTransform
Transforming annotations-13.0.jar (org.jetbrains:annotations:13.0) with MergeInstrumentationAnalysisTransform
Transforming kotlin-gradle-plugin-model-2.2.20.jar (org.jetbrains.kotlin:kotlin-gradle-plugin-model:2.2.20) with InstrumentationAnalysisTransform
Transforming kotlin-gradle-plugin-model-2.2.20.jar (org.jetbrains.kotlin:kotlin-gradle-plugin-model:2.2.20) with MergeInstrumentationAnalysisTransform
Transforming annotations-13.0.jar (org.jetbrains:annotations:13.0) with ExternalDependencyInstrumentingArtifactTransform
Transforming fus-statistics-gradle-plugin-2.2.20-gradle811.jar (org.jetbrains.kotlin:fus-statistics-gradle-plugin:2.2.20) with InstrumentationAnalysisTransform
Transforming fus-statistics-gradle-plugin-2.2.20-gradle811.jar (org.jetbrains.kotlin:fus-statistics-gradle-plugin:2.2.20) with MergeInstrumentationAnalysisTransform
Transforming kotlin-gradle-plugin-model-2.2.20.jar (org.jetbrains.kotlin:kotlin-gradle-plugin-model:2.2.20) with ExternalDependencyInstrumentingArtifactTransform
Transforming kotlin-gradle-plugin-api-2.2.20.jar (org.jetbrains.kotlin:kotlin-gradle-plugin-api:2.2.20) with InstrumentationAnalysisTransform
Transforming fus-statistics-gradle-plugin-2.2.20-gradle811.jar (org.jetbrains.kotlin:fus-statistics-gradle-plugin:2.2.20) with ExternalDependencyInstrumentingArtifactTransform
Transforming kotlin-gradle-plugin-api-2.2.20.jar (org.jetbrains.kotlin:kotlin-gradle-plugin-api:2.2.20) with MergeInstrumentationAnalysisTransform
Transforming kotlin-gradle-plugin-api-2.2.20-gradle811.jar (org.jetbrains.kotlin:kotlin-gradle-plugin-api:2.2.20) with InstrumentationAnalysisTransform
Transforming kotlin-gradle-plugin-api-2.2.20.jar (org.jetbrains.kotlin:kotlin-gradle-plugin-api:2.2.20) with ExternalDependencyInstrumentingArtifactTransform
Transforming kotlin-gradle-plugin-api-2.2.20-gradle811.jar (org.jetbrains.kotlin:kotlin-gradle-plugin-api:2.2.20) with MergeInstrumentationAnalysisTransform
Transforming kotlin-gradle-plugin-2.2.20-gradle811.jar (org.jetbrains.kotlin:kotlin-gradle-plugin:2.2.20) with InstrumentationAnalysisTransform
Transforming kotlin-gradle-plugin-2.2.20-gradle811.jar (org.jetbrains.kotlin:kotlin-gradle-plugin:2.2.20) with MergeInstrumentationAnalysisTransform
Transforming ktlint-gradle-12.1.1.jar (org.jlleitschuh.gradle:ktlint-gradle:12.1.1) with InstrumentationAnalysisTransform
Transforming ktlint-gradle-12.1.1.jar (org.jlleitschuh.gradle:ktlint-gradle:12.1.1) with MergeInstrumentationAnalysisTransform
Transforming kotlin-gradle-plugin-2.2.20-gradle811.jar (org.jetbrains.kotlin:kotlin-gradle-plugin:2.2.20) with ExternalDependencyInstrumentingArtifactTransform
Transforming kotlin-gradle-plugin-api-2.2.20-gradle811.jar (org.jetbrains.kotlin:kotlin-gradle-plugin-api:2.2.20) with ExternalDependencyInstrumentingArtifactTransform
Transforming kotlin-gradle-plugin-idea-proto-2.2.20.jar (org.jetbrains.kotlin:kotlin-gradle-plugin-idea-proto:2.2.20) with InstrumentationAnalysisTransform
Transforming kotlin-gradle-plugin-idea-proto-2.2.20.jar (org.jetbrains.kotlin:kotlin-gradle-plugin-idea-proto:2.2.20) with MergeInstrumentationAnalysisTransform
Transforming kotlin-gradle-plugin-idea-2.2.20.jar (org.jetbrains.kotlin:kotlin-gradle-plugin-idea:2.2.20) with InstrumentationAnalysisTransform
Transforming ktlint-gradle-12.1.1.jar (org.jlleitschuh.gradle:ktlint-gradle:12.1.1) with ExternalDependencyInstrumentingArtifactTransform
Transforming kotlin-gradle-plugin-idea-proto-2.2.20.jar (org.jetbrains.kotlin:kotlin-gradle-plugin-idea-proto:2.2.20) with ExternalDependencyInstrumentingArtifactTransform
Transforming kotlin-gradle-plugin-idea-2.2.20.jar (org.jetbrains.kotlin:kotlin-gradle-plugin-idea:2.2.20) with MergeInstrumentationAnalysisTransform
Transforming kotlin-klib-commonizer-api-2.2.20.jar (org.jetbrains.kotlin:kotlin-klib-commonizer-api:2.2.20) with InstrumentationAnalysisTransform
Transforming kotlin-gradle-plugin-idea-2.2.20.jar (org.jetbrains.kotlin:kotlin-gradle-plugin-idea:2.2.20) with ExternalDependencyInstrumentingArtifactTransform
Transforming kotlin-klib-commonizer-api-2.2.20.jar (org.jetbrains.kotlin:kotlin-klib-commonizer-api:2.2.20) with MergeInstrumentationAnalysisTransform
Transforming kotlin-build-statistics-2.2.20.jar (org.jetbrains.kotlin:kotlin-build-statistics:2.2.20) with InstrumentationAnalysisTransform
Transforming kotlin-klib-commonizer-api-2.2.20.jar (org.jetbrains.kotlin:kotlin-klib-commonizer-api:2.2.20) with ExternalDependencyInstrumentingArtifactTransform
Transforming kotlin-build-statistics-2.2.20.jar (org.jetbrains.kotlin:kotlin-build-statistics:2.2.20) with MergeInstrumentationAnalysisTransform
Transforming kotlin-util-klib-metadata-2.2.20.jar (org.jetbrains.kotlin:kotlin-util-klib-metadata:2.2.20) with InstrumentationAnalysisTransform
Transforming kotlin-util-klib-metadata-2.2.20.jar (org.jetbrains.kotlin:kotlin-util-klib-metadata:2.2.20) with MergeInstrumentationAnalysisTransform
Transforming abi-tools-api-2.2.20.jar (org.jetbrains.kotlin:abi-tools-api:2.2.20) with InstrumentationAnalysisTransform
Transforming kotlin-build-statistics-2.2.20.jar (org.jetbrains.kotlin:kotlin-build-statistics:2.2.20) with ExternalDependencyInstrumentingArtifactTransform
Transforming abi-tools-api-2.2.20.jar (org.jetbrains.kotlin:abi-tools-api:2.2.20) with MergeInstrumentationAnalysisTransform
Transforming kotlin-util-klib-metadata-2.2.20.jar (org.jetbrains.kotlin:kotlin-util-klib-metadata:2.2.20) with ExternalDependencyInstrumentingArtifactTransform
Transforming kotlin-compiler-runner-2.2.20.jar (org.jetbrains.kotlin:kotlin-compiler-runner:2.2.20) with InstrumentationAnalysisTransform
Transforming abi-tools-api-2.2.20.jar (org.jetbrains.kotlin:abi-tools-api:2.2.20) with ExternalDependencyInstrumentingArtifactTransform
Transforming kotlin-compiler-runner-2.2.20.jar (org.jetbrains.kotlin:kotlin-compiler-runner:2.2.20) with MergeInstrumentationAnalysisTransform
Transforming dnsjava-2.1.9.jar (dnsjava:dnsjava:2.1.9) with InstrumentationAnalysisTransform
Transforming dnsjava-2.1.9.jar (dnsjava:dnsjava:2.1.9) with MergeInstrumentationAnalysisTransform
Transforming kotlin-compiler-runner-2.2.20.jar (org.jetbrains.kotlin:kotlin-compiler-runner:2.2.20) with ExternalDependencyInstrumentingArtifactTransform
Transforming kotlin-gradle-plugin-annotations-2.2.20.jar (org.jetbrains.kotlin:kotlin-gradle-plugin-annotations:2.2.20) with InstrumentationAnalysisTransform
Transforming kotlin-gradle-plugin-annotations-2.2.20.jar (org.jetbrains.kotlin:kotlin-gradle-plugin-annotations:2.2.20) with MergeInstrumentationAnalysisTransform
Transforming kotlin-native-utils-2.2.20.jar (org.jetbrains.kotlin:kotlin-native-utils:2.2.20) with InstrumentationAnalysisTransform
Transforming dnsjava-2.1.9.jar (dnsjava:dnsjava:2.1.9) with ExternalDependencyInstrumentingArtifactTransform
Transforming kotlin-native-utils-2.2.20.jar (org.jetbrains.kotlin:kotlin-native-utils:2.2.20) with MergeInstrumentationAnalysisTransform
Transforming kotlin-gradle-plugin-annotations-2.2.20.jar (org.jetbrains.kotlin:kotlin-gradle-plugin-annotations:2.2.20) with ExternalDependencyInstrumentingArtifactTransform
Transforming kotlin-tooling-core-2.2.20.jar (org.jetbrains.kotlin:kotlin-tooling-core:2.2.20) with InstrumentationAnalysisTransform
Transforming kotlin-tooling-core-2.2.20.jar (org.jetbrains.kotlin:kotlin-tooling-core:2.2.20) with MergeInstrumentationAnalysisTransform
Transforming kotlin-build-tools-api-2.2.20.jar (org.jetbrains.kotlin:kotlin-build-tools-api:2.2.20) with InstrumentationAnalysisTransform
Transforming kotlin-build-tools-api-2.2.20.jar (org.jetbrains.kotlin:kotlin-build-tools-api:2.2.20) with MergeInstrumentationAnalysisTransform
Transforming kotlin-native-utils-2.2.20.jar (org.jetbrains.kotlin:kotlin-native-utils:2.2.20) with ExternalDependencyInstrumentingArtifactTransform
Transforming android-test-plugin-result-listener-gradle-proto-31.10.1.jar (com.android.tools.utp:android-test-plugin-result-listener-gradle-proto:31.10.1) with InstrumentationAnalysisTransform
Transforming kotlin-tooling-core-2.2.20.jar (org.jetbrains.kotlin:kotlin-tooling-core:2.2.20) with ExternalDependencyInstrumentingArtifactTransform
Transforming android-test-plugin-result-listener-gradle-proto-31.10.1.jar (com.android.tools.utp:android-test-plugin-result-listener-gradle-proto:31.10.1) with MergeInstrumentationAnalysisTransform
Transforming kotlin-build-tools-api-2.2.20.jar (org.jetbrains.kotlin:kotlin-build-tools-api:2.2.20) with ExternalDependencyInstrumentingArtifactTransform
Transforming bundletool-1.18.0.jar (com.android.tools.build:bundletool:1.18.0) with InstrumentationAnalysisTransform
Transforming bundletool-1.18.0.jar (com.android.tools.build:bundletool:1.18.0) with MergeInstrumentationAnalysisTransform
Transforming protobuf-java-util-3.25.5.jar (com.google.protobuf:protobuf-java-util:3.25.5) with InstrumentationAnalysisTransform
Transforming android-test-plugin-result-listener-gradle-proto-31.10.1.jar (com.android.tools.utp:android-test-plugin-result-listener-gradle-proto:31.10.1) with ExternalDependencyInstrumentingArtifactTransform
Transforming protobuf-java-util-3.25.5.jar (com.google.protobuf:protobuf-java-util:3.25.5) with MergeInstrumentationAnalysisTransform
Transforming grpc-netty-1.69.1.jar (io.grpc:grpc-netty:1.69.1) with InstrumentationAnalysisTransform
Transforming grpc-netty-1.69.1.jar (io.grpc:grpc-netty:1.69.1) with MergeInstrumentationAnalysisTransform
Transforming grpc-inprocess-1.69.1.jar (io.grpc:grpc-inprocess:1.69.1) with InstrumentationAnalysisTransform
Transforming grpc-inprocess-1.69.1.jar (io.grpc:grpc-inprocess:1.69.1) with MergeInstrumentationAnalysisTransform
Transforming grpc-util-1.69.1.jar (io.grpc:grpc-util:1.69.1) with InstrumentationAnalysisTransform
Transforming grpc-util-1.69.1.jar (io.grpc:grpc-util:1.69.1) with MergeInstrumentationAnalysisTransform
Transforming bundletool-1.18.0.jar (com.android.tools.build:bundletool:1.18.0) with ExternalDependencyInstrumentingArtifactTransform
Transforming protobuf-java-util-3.25.5.jar (com.google.protobuf:protobuf-java-util:3.25.5) with ExternalDependencyInstrumentingArtifactTransform
Transforming grpc-inprocess-1.69.1.jar (io.grpc:grpc-inprocess:1.69.1) with ExternalDependencyInstrumentingArtifactTransform
Transforming grpc-util-1.69.1.jar (io.grpc:grpc-util:1.69.1) with ExternalDependencyInstrumentingArtifactTransform
Transforming grpc-netty-1.69.1.jar (io.grpc:grpc-netty:1.69.1) with ExternalDependencyInstrumentingArtifactTransform
Transforming grpc-core-1.69.1.jar (io.grpc:grpc-core:1.69.1) with InstrumentationAnalysisTransform
Transforming grpc-core-1.69.1.jar (io.grpc:grpc-core:1.69.1) with MergeInstrumentationAnalysisTransform
Transforming tink-1.7.0.jar (com.google.crypto.tink:tink:1.7.0) with InstrumentationAnalysisTransform
Transforming tink-1.7.0.jar (com.google.crypto.tink:tink:1.7.0) with MergeInstrumentationAnalysisTransform
Transforming grpc-core-1.69.1.jar (io.grpc:grpc-core:1.69.1) with ExternalDependencyInstrumentingArtifactTransform
Transforming gson-2.11.0.jar (com.google.code.gson:gson:2.11.0) with InstrumentationAnalysisTransform
Transforming gson-2.11.0.jar (com.google.code.gson:gson:2.11.0) with MergeInstrumentationAnalysisTransform
Transforming kotlin-util-klib-2.2.20.jar (org.jetbrains.kotlin:kotlin-util-klib:2.2.20) with InstrumentationAnalysisTransform
Transforming kotlin-util-klib-2.2.20.jar (org.jetbrains.kotlin:kotlin-util-klib:2.2.20) with MergeInstrumentationAnalysisTransform
Transforming tink-1.7.0.jar (com.google.crypto.tink:tink:1.7.0) with ExternalDependencyInstrumentingArtifactTransform
Transforming kotlin-util-io-2.2.20.jar (org.jetbrains.kotlin:kotlin-util-io:2.2.20) with InstrumentationAnalysisTransform
Transforming gson-2.11.0.jar (com.google.code.gson:gson:2.11.0) with ExternalDependencyInstrumentingArtifactTransform
Transforming kotlin-util-io-2.2.20.jar (org.jetbrains.kotlin:kotlin-util-io:2.2.20) with MergeInstrumentationAnalysisTransform
Transforming kotlin-util-klib-2.2.20.jar (org.jetbrains.kotlin:kotlin-util-klib:2.2.20) with ExternalDependencyInstrumentingArtifactTransform
Transforming kotlin-util-io-2.2.20.jar (org.jetbrains.kotlin:kotlin-util-io:2.2.20) with ExternalDependencyInstrumentingArtifactTransform
Transforming kotlin-daemon-client-2.2.20.jar (org.jetbrains.kotlin:kotlin-daemon-client:2.2.20) with InstrumentationAnalysisTransform
Transforming kotlin-daemon-client-2.2.20.jar (org.jetbrains.kotlin:kotlin-daemon-client:2.2.20) with MergeInstrumentationAnalysisTransform
Transforming kotlinx-coroutines-core-jvm-1.8.0.jar (org.jetbrains.kotlinx:kotlinx-coroutines-core-jvm:1.8.0) with InstrumentationAnalysisTransform
Transforming kotlinx-coroutines-core-jvm-1.8.0.jar (org.jetbrains.kotlinx:kotlinx-coroutines-core-jvm:1.8.0) with MergeInstrumentationAnalysisTransform
Transforming aapt2-proto-8.10.1-12782657.jar (com.android.tools.build:aapt2-proto:8.10.1-12782657) with InstrumentationAnalysisTransform
Transforming kotlin-daemon-client-2.2.20.jar (org.jetbrains.kotlin:kotlin-daemon-client:2.2.20) with ExternalDependencyInstrumentingArtifactTransform
Transforming aapt2-proto-8.10.1-12782657.jar (com.android.tools.build:aapt2-proto:8.10.1-12782657) with MergeInstrumentationAnalysisTransform
Transforming crash-31.10.1.jar (com.android.tools.analytics-library:crash:31.10.1) with InstrumentationAnalysisTransform
Transforming kotlinx-coroutines-core-jvm-1.8.0.jar (org.jetbrains.kotlinx:kotlinx-coroutines-core-jvm:1.8.0) with ExternalDependencyInstrumentingArtifactTransform
Transforming crash-31.10.1.jar (com.android.tools.analytics-library:crash:31.10.1) with MergeInstrumentationAnalysisTransform
Transforming lint-typedef-remover-31.10.1.jar (com.android.tools.lint:lint-typedef-remover:31.10.1) with InstrumentationAnalysisTransform
Transforming aapt2-proto-8.10.1-12782657.jar (com.android.tools.build:aapt2-proto:8.10.1-12782657) with ExternalDependencyInstrumentingArtifactTransform
Transforming lint-typedef-remover-31.10.1.jar (com.android.tools.lint:lint-typedef-remover:31.10.1) with MergeInstrumentationAnalysisTransform
Transforming crash-31.10.1.jar (com.android.tools.analytics-library:crash:31.10.1) with ExternalDependencyInstrumentingArtifactTransform
Transforming databinding-common-8.10.1.jar (androidx.databinding:databinding-common:8.10.1) with InstrumentationAnalysisTransform
Transforming databinding-common-8.10.1.jar (androidx.databinding:databinding-common:8.10.1) with MergeInstrumentationAnalysisTransform
Transforming baseLibrary-8.10.1.jar (com.android.databinding:baseLibrary:8.10.1) with InstrumentationAnalysisTransform
Transforming lint-typedef-remover-31.10.1.jar (com.android.tools.lint:lint-typedef-remover:31.10.1) with ExternalDependencyInstrumentingArtifactTransform
Transforming baseLibrary-8.10.1.jar (com.android.databinding:baseLibrary:8.10.1) with MergeInstrumentationAnalysisTransform
Transforming android-device-provider-ddmlib-proto-31.10.1.jar (com.android.tools.utp:android-device-provider-ddmlib-proto:31.10.1) with InstrumentationAnalysisTransform
Transforming android-device-provider-ddmlib-proto-31.10.1.jar (com.android.tools.utp:android-device-provider-ddmlib-proto:31.10.1) with MergeInstrumentationAnalysisTransform
Transforming android-device-provider-gradle-proto-31.10.1.jar (com.android.tools.utp:android-device-provider-gradle-proto:31.10.1) with InstrumentationAnalysisTransform
Transforming databinding-common-8.10.1.jar (androidx.databinding:databinding-common:8.10.1) with ExternalDependencyInstrumentingArtifactTransform
Transforming android-device-provider-gradle-proto-31.10.1.jar (com.android.tools.utp:android-device-provider-gradle-proto:31.10.1) with MergeInstrumentationAnalysisTransform
Transforming android-device-provider-profile-proto-31.10.1.jar (com.android.tools.utp:android-device-provider-profile-proto:31.10.1) with InstrumentationAnalysisTransform
Transforming android-device-provider-profile-proto-31.10.1.jar (com.android.tools.utp:android-device-provider-profile-proto:31.10.1) with MergeInstrumentationAnalysisTransform
Transforming android-test-plugin-host-additional-test-output-proto-31.10.1.jar (com.android.tools.utp:android-test-plugin-host-additional-test-output-proto:31.10.1) with InstrumentationAnalysisTransform
Transforming baseLibrary-8.10.1.jar (com.android.databinding:baseLibrary:8.10.1) with ExternalDependencyInstrumentingArtifactTransform
Transforming android-test-plugin-host-additional-test-output-proto-31.10.1.jar (com.android.tools.utp:android-test-plugin-host-additional-test-output-proto:31.10.1) with MergeInstrumentationAnalysisTransform
Transforming android-test-plugin-host-coverage-proto-31.10.1.jar (com.android.tools.utp:android-test-plugin-host-coverage-proto:31.10.1) with InstrumentationAnalysisTransform
Transforming android-test-plugin-host-coverage-proto-31.10.1.jar (com.android.tools.utp:android-test-plugin-host-coverage-proto:31.10.1) with MergeInstrumentationAnalysisTransform
Transforming android-test-plugin-host-logcat-proto-31.10.1.jar (com.android.tools.utp:android-test-plugin-host-logcat-proto:31.10.1) with InstrumentationAnalysisTransform
Transforming android-device-provider-ddmlib-proto-31.10.1.jar (com.android.tools.utp:android-device-provider-ddmlib-proto:31.10.1) with ExternalDependencyInstrumentingArtifactTransform
Transforming android-test-plugin-host-logcat-proto-31.10.1.jar (com.android.tools.utp:android-test-plugin-host-logcat-proto:31.10.1) with MergeInstrumentationAnalysisTransform
Transforming android-test-plugin-host-apk-installer-proto-31.10.1.jar (com.android.tools.utp:android-test-plugin-host-apk-installer-proto:31.10.1) with InstrumentationAnalysisTransform
Transforming android-test-plugin-host-apk-installer-proto-31.10.1.jar (com.android.tools.utp:android-test-plugin-host-apk-installer-proto:31.10.1) with MergeInstrumentationAnalysisTransform
Transforming transform-api-2.0.0-deprecated-use-gradle-api.jar (com.android.tools.build:transform-api:2.0.0-deprecated-use-gradle-api) with InstrumentationAnalysisTransform
Transforming android-device-provider-gradle-proto-31.10.1.jar (com.android.tools.utp:android-device-provider-gradle-proto:31.10.1) with ExternalDependencyInstrumentingArtifactTransform
Transforming transform-api-2.0.0-deprecated-use-gradle-api.jar (com.android.tools.build:transform-api:2.0.0-deprecated-use-gradle-api) with MergeInstrumentationAnalysisTransform
Transforming httpmime-4.5.6.jar (org.apache.httpcomponents:httpmime:4.5.6) with InstrumentationAnalysisTransform
Transforming httpmime-4.5.6.jar (org.apache.httpcomponents:httpmime:4.5.6) with MergeInstrumentationAnalysisTransform
Transforming commons-io-2.16.1.jar (commons-io:commons-io:2.16.1) with InstrumentationAnalysisTransform
Transforming android-device-provider-profile-proto-31.10.1.jar (com.android.tools.utp:android-device-provider-profile-proto:31.10.1) with ExternalDependencyInstrumentingArtifactTransform
Transforming commons-io-2.16.1.jar (commons-io:commons-io:2.16.1) with MergeInstrumentationAnalysisTransform
Transforming asm-commons-9.7.1.jar (org.ow2.asm:asm-commons:9.7.1) with InstrumentationAnalysisTransform
Transforming asm-commons-9.7.1.jar (org.ow2.asm:asm-commons:9.7.1) with MergeInstrumentationAnalysisTransform
Transforming asm-util-9.7.1.jar (org.ow2.asm:asm-util:9.7.1) with InstrumentationAnalysisTransform
Transforming android-test-plugin-host-additional-test-output-proto-31.10.1.jar (com.android.tools.utp:android-test-plugin-host-additional-test-output-proto:31.10.1) with ExternalDependencyInstrumentingArtifactTransform
Transforming asm-util-9.7.1.jar (org.ow2.asm:asm-util:9.7.1) with MergeInstrumentationAnalysisTransform
Transforming asm-analysis-9.7.1.jar (org.ow2.asm:asm-analysis:9.7.1) with InstrumentationAnalysisTransform
Transforming asm-analysis-9.7.1.jar (org.ow2.asm:asm-analysis:9.7.1) with MergeInstrumentationAnalysisTransform
Transforming asm-tree-9.7.1.jar (org.ow2.asm:asm-tree:9.7.1) with InstrumentationAnalysisTransform
Transforming asm-tree-9.7.1.jar (org.ow2.asm:asm-tree:9.7.1) with MergeInstrumentationAnalysisTransform
Transforming httpmime-4.5.6.jar (org.apache.httpcomponents:httpmime:4.5.6) with ExternalDependencyInstrumentingArtifactTransform
Transforming android-test-plugin-host-logcat-proto-31.10.1.jar (com.android.tools.utp:android-test-plugin-host-logcat-proto:31.10.1) with ExternalDependencyInstrumentingArtifactTransform
Transforming android-test-plugin-host-apk-installer-proto-31.10.1.jar (com.android.tools.utp:android-test-plugin-host-apk-installer-proto:31.10.1) with ExternalDependencyInstrumentingArtifactTransform
Transforming commons-io-2.16.1.jar (commons-io:commons-io:2.16.1) with ExternalDependencyInstrumentingArtifactTransform
Transforming asm-9.7.1.jar (org.ow2.asm:asm:9.7.1) with InstrumentationAnalysisTransform
Transforming transform-api-2.0.0-deprecated-use-gradle-api.jar (com.android.tools.build:transform-api:2.0.0-deprecated-use-gradle-api) with ExternalDependencyInstrumentingArtifactTransform
Transforming asm-tree-9.7.1.jar (org.ow2.asm:asm-tree:9.7.1) with ExternalDependencyInstrumentingArtifactTransform
Transforming asm-9.7.1.jar (org.ow2.asm:asm:9.7.1) with MergeInstrumentationAnalysisTransform
Transforming asm-commons-9.7.1.jar (org.ow2.asm:asm-commons:9.7.1) with ExternalDependencyInstrumentingArtifactTransform
Transforming apkzlib-8.10.1.jar (com.android.tools.build:apkzlib:8.10.1) with InstrumentationAnalysisTransform
Transforming android-test-plugin-host-coverage-proto-31.10.1.jar (com.android.tools.utp:android-test-plugin-host-coverage-proto:31.10.1) with ExternalDependencyInstrumentingArtifactTransform
Transforming apkzlib-8.10.1.jar (com.android.tools.build:apkzlib:8.10.1) with MergeInstrumentationAnalysisTransform
Transforming asm-util-9.7.1.jar (org.ow2.asm:asm-util:9.7.1) with ExternalDependencyInstrumentingArtifactTransform
Transforming asm-analysis-9.7.1.jar (org.ow2.asm:asm-analysis:9.7.1) with ExternalDependencyInstrumentingArtifactTransform
Transforming bcpkix-jdk18on-1.79.jar (org.bouncycastle:bcpkix-jdk18on:1.79) with InstrumentationAnalysisTransform
Transforming asm-9.7.1.jar (org.ow2.asm:asm:9.7.1) with ExternalDependencyInstrumentingArtifactTransform
Transforming bcpkix-jdk18on-1.79.jar (org.bouncycastle:bcpkix-jdk18on:1.79) with MergeInstrumentationAnalysisTransform
Transforming jaxb-runtime-2.3.2.jar (org.glassfish.jaxb:jaxb-runtime:2.3.2) with InstrumentationAnalysisTransform
Transforming jaxb-runtime-2.3.2.jar (org.glassfish.jaxb:jaxb-runtime:2.3.2) with MergeInstrumentationAnalysisTransform
Transforming jopt-simple-4.9.jar (net.sf.jopt-simple:jopt-simple:4.9) with InstrumentationAnalysisTransform
Transforming bcpkix-jdk18on-1.79.jar (org.bouncycastle:bcpkix-jdk18on:1.79) with ExternalDependencyInstrumentingArtifactTransform
Transforming jopt-simple-4.9.jar (net.sf.jopt-simple:jopt-simple:4.9) with MergeInstrumentationAnalysisTransform
Transforming jaxb-runtime-2.3.2.jar (org.glassfish.jaxb:jaxb-runtime:2.3.2) with ExternalDependencyInstrumentingArtifactTransform
Transforming javapoet-1.10.0.jar (com.squareup:javapoet:1.10.0) with InstrumentationAnalysisTransform
Transforming javapoet-1.10.0.jar (com.squareup:javapoet:1.10.0) with MergeInstrumentationAnalysisTransform
Transforming jopt-simple-4.9.jar (net.sf.jopt-simple:jopt-simple:4.9) with ExternalDependencyInstrumentingArtifactTransform
Transforming grpc-protobuf-1.69.1.jar (io.grpc:grpc-protobuf:1.69.1) with InstrumentationAnalysisTransform
Transforming grpc-protobuf-1.69.1.jar (io.grpc:grpc-protobuf:1.69.1) with MergeInstrumentationAnalysisTransform
Transforming core-proto-0.0.9-alpha03.jar (com.google.testing.platform:core-proto:0.0.9-alpha03) with InstrumentationAnalysisTransform
Transforming javapoet-1.10.0.jar (com.squareup:javapoet:1.10.0) with ExternalDependencyInstrumentingArtifactTransform
Transforming core-proto-0.0.9-alpha03.jar (com.google.testing.platform:core-proto:0.0.9-alpha03) with MergeInstrumentationAnalysisTransform
Transforming protos-31.10.1.jar (com.android.tools.analytics-library:protos:31.10.1) with InstrumentationAnalysisTransform
Transforming protos-31.10.1.jar (com.android.tools.analytics-library:protos:31.10.1) with MergeInstrumentationAnalysisTransform
Transforming grpc-protobuf-1.69.1.jar (io.grpc:grpc-protobuf:1.69.1) with ExternalDependencyInstrumentingArtifactTransform
Transforming proto-google-common-protos-2.48.0.jar (com.google.api.grpc:proto-google-common-protos:2.48.0) with InstrumentationAnalysisTransform
Transforming protos-31.10.1.jar (com.android.tools.analytics-library:protos:31.10.1) with ExternalDependencyInstrumentingArtifactTransform
Transforming proto-google-common-protos-2.48.0.jar (com.google.api.grpc:proto-google-common-protos:2.48.0) with MergeInstrumentationAnalysisTransform
Transforming protobuf-java-3.25.5.jar (com.google.protobuf:protobuf-java:3.25.5) with InstrumentationAnalysisTransform
Transforming core-proto-0.0.9-alpha03.jar (com.google.testing.platform:core-proto:0.0.9-alpha03) with ExternalDependencyInstrumentingArtifactTransform
Transforming protobuf-java-3.25.5.jar (com.google.protobuf:protobuf-java:3.25.5) with MergeInstrumentationAnalysisTransform
Transforming grpc-stub-1.69.1.jar (io.grpc:grpc-stub:1.69.1) with InstrumentationAnalysisTransform
Transforming proto-google-common-protos-2.48.0.jar (com.google.api.grpc:proto-google-common-protos:2.48.0) with ExternalDependencyInstrumentingArtifactTransform
Transforming grpc-stub-1.69.1.jar (io.grpc:grpc-stub:1.69.1) with MergeInstrumentationAnalysisTransform
Transforming tensorflow-lite-metadata-0.2.0.jar (org.tensorflow:tensorflow-lite-metadata:0.2.0) with InstrumentationAnalysisTransform
Transforming tensorflow-lite-metadata-0.2.0.jar (org.tensorflow:tensorflow-lite-metadata:0.2.0) with MergeInstrumentationAnalysisTransform
Transforming flatbuffers-java-1.12.0.jar (com.google.flatbuffers:flatbuffers-java:1.12.0) with InstrumentationAnalysisTransform
Transforming protobuf-java-3.25.5.jar (com.google.protobuf:protobuf-java:3.25.5) with ExternalDependencyInstrumentingArtifactTransform
Transforming flatbuffers-java-1.12.0.jar (com.google.flatbuffers:flatbuffers-java:1.12.0) with MergeInstrumentationAnalysisTransform
Transforming grpc-stub-1.69.1.jar (io.grpc:grpc-stub:1.69.1) with ExternalDependencyInstrumentingArtifactTransform
Transforming jimfs-1.1.jar (com.google.jimfs:jimfs:1.1) with InstrumentationAnalysisTransform
Transforming jimfs-1.1.jar (com.google.jimfs:jimfs:1.1) with MergeInstrumentationAnalysisTransform
Transforming tensorflow-lite-metadata-0.2.0.jar (org.tensorflow:tensorflow-lite-metadata:0.2.0) with ExternalDependencyInstrumentingArtifactTransform
Transforming grpc-context-1.69.1.jar (io.grpc:grpc-context:1.69.1) with InstrumentationAnalysisTransform
Transforming flatbuffers-java-1.12.0.jar (com.google.flatbuffers:flatbuffers-java:1.12.0) with ExternalDependencyInstrumentingArtifactTransform
Transforming grpc-context-1.69.1.jar (io.grpc:grpc-context:1.69.1) with MergeInstrumentationAnalysisTransform
Transforming grpc-protobuf-lite-1.69.1.jar (io.grpc:grpc-protobuf-lite:1.69.1) with InstrumentationAnalysisTransform
Transforming jimfs-1.1.jar (com.google.jimfs:jimfs:1.1) with ExternalDependencyInstrumentingArtifactTransform
Transforming grpc-context-1.69.1.jar (io.grpc:grpc-context:1.69.1) with ExternalDependencyInstrumentingArtifactTransform
Transforming grpc-protobuf-lite-1.69.1.jar (io.grpc:grpc-protobuf-lite:1.69.1) with MergeInstrumentationAnalysisTransform
Transforming grpc-api-1.69.1.jar (io.grpc:grpc-api:1.69.1) with InstrumentationAnalysisTransform
Transforming grpc-api-1.69.1.jar (io.grpc:grpc-api:1.69.1) with MergeInstrumentationAnalysisTransform
Transforming guava-33.3.1-jre.jar (com.google.guava:guava:33.3.1-jre) with InstrumentationAnalysisTransform
Transforming guava-33.3.1-jre.jar (com.google.guava:guava:33.3.1-jre) with MergeInstrumentationAnalysisTransform
Transforming error_prone_annotations-2.30.0.jar (com.google.errorprone:error_prone_annotations:2.30.0) with InstrumentationAnalysisTransform
Transforming error_prone_annotations-2.30.0.jar (com.google.errorprone:error_prone_annotations:2.30.0) with MergeInstrumentationAnalysisTransform
Transforming grpc-api-1.69.1.jar (io.grpc:grpc-api:1.69.1) with ExternalDependencyInstrumentingArtifactTransform
Transforming dagger-2.28.3.jar (com.google.dagger:dagger:2.28.3) with InstrumentationAnalysisTransform
Transforming error_prone_annotations-2.30.0.jar (com.google.errorprone:error_prone_annotations:2.30.0) with ExternalDependencyInstrumentingArtifactTransform
Transforming dagger-2.28.3.jar (com.google.dagger:dagger:2.28.3) with MergeInstrumentationAnalysisTransform
Transforming grpc-protobuf-lite-1.69.1.jar (io.grpc:grpc-protobuf-lite:1.69.1) with ExternalDependencyInstrumentingArtifactTransform
Transforming dagger-2.28.3.jar (com.google.dagger:dagger:2.28.3) with ExternalDependencyInstrumentingArtifactTransform
Transforming apkzlib-8.10.1.jar (com.android.tools.build:apkzlib:8.10.1) with ExternalDependencyInstrumentingArtifactTransform
Transforming javax.inject-1.jar (javax.inject:javax.inject:1) with InstrumentationAnalysisTransform
Transforming guava-33.3.1-jre.jar (com.google.guava:guava:33.3.1-jre) with ExternalDependencyInstrumentingArtifactTransform
Transforming javax.inject-1.jar (javax.inject:javax.inject:1) with MergeInstrumentationAnalysisTransform
Transforming kxml2-2.3.0.jar (net.sf.kxml:kxml2:2.3.0) with InstrumentationAnalysisTransform
Transforming kxml2-2.3.0.jar (net.sf.kxml:kxml2:2.3.0) with MergeInstrumentationAnalysisTransform
Transforming commons-compress-1.21.jar (org.apache.commons:commons-compress:1.21) with InstrumentationAnalysisTransform
Transforming commons-compress-1.21.jar (org.apache.commons:commons-compress:1.21) with MergeInstrumentationAnalysisTransform
Transforming bcutil-jdk18on-1.79.jar (org.bouncycastle:bcutil-jdk18on:1.79) with InstrumentationAnalysisTransform
Transforming bcutil-jdk18on-1.79.jar (org.bouncycastle:bcutil-jdk18on:1.79) with MergeInstrumentationAnalysisTransform
Transforming bcprov-jdk18on-1.79.jar (org.bouncycastle:bcprov-jdk18on:1.79) with InstrumentationAnalysisTransform
Transforming javax.inject-1.jar (javax.inject:javax.inject:1) with ExternalDependencyInstrumentingArtifactTransform
Transforming bcprov-jdk18on-1.79.jar (org.bouncycastle:bcprov-jdk18on:1.79) with MergeInstrumentationAnalysisTransform
Transforming httpclient-4.5.14.jar (org.apache.httpcomponents:httpclient:4.5.14) with InstrumentationAnalysisTransform
Transforming kxml2-2.3.0.jar (net.sf.kxml:kxml2:2.3.0) with ExternalDependencyInstrumentingArtifactTransform
Transforming httpclient-4.5.14.jar (org.apache.httpcomponents:httpclient:4.5.14) with MergeInstrumentationAnalysisTransform
Transforming httpcore-4.4.16.jar (org.apache.httpcomponents:httpcore:4.4.16) with InstrumentationAnalysisTransform
Transforming commons-compress-1.21.jar (org.apache.commons:commons-compress:1.21) with ExternalDependencyInstrumentingArtifactTransform
Transforming httpcore-4.4.16.jar (org.apache.httpcomponents:httpcore:4.4.16) with MergeInstrumentationAnalysisTransform
Transforming bcprov-jdk18on-1.79.jar (org.bouncycastle:bcprov-jdk18on:1.79) with ExternalDependencyInstrumentingArtifactTransform
Transforming javax.activation-1.2.0.jar (com.sun.activation:javax.activation:1.2.0) with InstrumentationAnalysisTransform
Transforming javax.activation-1.2.0.jar (com.sun.activation:javax.activation:1.2.0) with MergeInstrumentationAnalysisTransform
Transforming httpclient-4.5.14.jar (org.apache.httpcomponents:httpclient:4.5.14) with ExternalDependencyInstrumentingArtifactTransform
Transforming bcutil-jdk18on-1.79.jar (org.bouncycastle:bcutil-jdk18on:1.79) with ExternalDependencyInstrumentingArtifactTransform
Transforming javax.activation-1.2.0.jar (com.sun.activation:javax.activation:1.2.0) with ExternalDependencyInstrumentingArtifactTransform
Transforming signflinger-8.10.1.jar (com.android:signflinger:8.10.1) with InstrumentationAnalysisTransform
Transforming httpcore-4.4.16.jar (org.apache.httpcomponents:httpcore:4.4.16) with ExternalDependencyInstrumentingArtifactTransform
Transforming signflinger-8.10.1.jar (com.android:signflinger:8.10.1) with MergeInstrumentationAnalysisTransform
Transforming zipflinger-8.10.1.jar (com.android:zipflinger:8.10.1) with InstrumentationAnalysisTransform
Transforming zipflinger-8.10.1.jar (com.android:zipflinger:8.10.1) with MergeInstrumentationAnalysisTransform
Transforming annotations-31.10.1.jar (com.android.tools:annotations:31.10.1) with InstrumentationAnalysisTransform
Transforming annotations-31.10.1.jar (com.android.tools:annotations:31.10.1) with MergeInstrumentationAnalysisTransform
Transforming jna-platform-5.6.0.jar (net.java.dev.jna:jna-platform:5.6.0) with InstrumentationAnalysisTransform
Transforming jna-platform-5.6.0.jar (net.java.dev.jna:jna-platform:5.6.0) with MergeInstrumentationAnalysisTransform
Transforming juniversalchardet-1.0.3.jar (com.googlecode.juniversalchardet:juniversalchardet:1.0.3) with InstrumentationAnalysisTransform
Transforming juniversalchardet-1.0.3.jar (com.googlecode.juniversalchardet:juniversalchardet:1.0.3) with MergeInstrumentationAnalysisTransform
Transforming javax.annotation-api-1.3.2.jar (javax.annotation:javax.annotation-api:1.3.2) with InstrumentationAnalysisTransform
Transforming javax.annotation-api-1.3.2.jar (javax.annotation:javax.annotation-api:1.3.2) with MergeInstrumentationAnalysisTransform
Transforming stax-ex-1.8.1.jar (org.jvnet.staxex:stax-ex:1.8.1) with InstrumentationAnalysisTransform
Transforming stax-ex-1.8.1.jar (org.jvnet.staxex:stax-ex:1.8.1) with MergeInstrumentationAnalysisTransform
Transforming jakarta.xml.bind-api-2.3.2.jar (jakarta.xml.bind:jakarta.xml.bind-api:2.3.2) with InstrumentationAnalysisTransform
Transforming jakarta.xml.bind-api-2.3.2.jar (jakarta.xml.bind:jakarta.xml.bind-api:2.3.2) with MergeInstrumentationAnalysisTransform
Transforming txw2-2.3.2.jar (org.glassfish.jaxb:txw2:2.3.2) with InstrumentationAnalysisTransform
Transforming txw2-2.3.2.jar (org.glassfish.jaxb:txw2:2.3.2) with MergeInstrumentationAnalysisTransform
Transforming istack-commons-runtime-3.0.8.jar (com.sun.istack:istack-commons-runtime:3.0.8) with InstrumentationAnalysisTransform
Transforming istack-commons-runtime-3.0.8.jar (com.sun.istack:istack-commons-runtime:3.0.8) with MergeInstrumentationAnalysisTransform
Transforming FastInfoset-1.2.16.jar (com.sun.xml.fastinfoset:FastInfoset:1.2.16) with InstrumentationAnalysisTransform
Transforming FastInfoset-1.2.16.jar (com.sun.xml.fastinfoset:FastInfoset:1.2.16) with MergeInstrumentationAnalysisTransform
Transforming jakarta.activation-api-1.2.1.jar (jakarta.activation:jakarta.activation-api:1.2.1) with InstrumentationAnalysisTransform
Transforming jakarta.activation-api-1.2.1.jar (jakarta.activation:jakarta.activation-api:1.2.1) with MergeInstrumentationAnalysisTransform
Transforming auto-value-annotations-1.6.2.jar (com.google.auto.value:auto-value-annotations:1.6.2) with InstrumentationAnalysisTransform
Transforming auto-value-annotations-1.6.2.jar (com.google.auto.value:auto-value-annotations:1.6.2) with MergeInstrumentationAnalysisTransform
Transforming jose4j-0.9.5.jar (org.bitbucket.b_c:jose4j:0.9.5) with InstrumentationAnalysisTransform
Transforming jose4j-0.9.5.jar (org.bitbucket.b_c:jose4j:0.9.5) with MergeInstrumentationAnalysisTransform
Transforming slf4j-api-1.7.30.jar (org.slf4j:slf4j-api:1.7.30) with InstrumentationAnalysisTransform
Transforming slf4j-api-1.7.30.jar (org.slf4j:slf4j-api:1.7.30) with MergeInstrumentationAnalysisTransform
Transforming jdom2-2.0.6.jar (org.jdom:jdom2:2.0.6) with InstrumentationAnalysisTransform
Transforming jdom2-2.0.6.jar (org.jdom:jdom2:2.0.6) with MergeInstrumentationAnalysisTransform
Transforming jsr305-3.0.2.jar (com.google.code.findbugs:jsr305:3.0.2) with InstrumentationAnalysisTransform
Transforming jsr305-3.0.2.jar (com.google.code.findbugs:jsr305:3.0.2) with MergeInstrumentationAnalysisTransform
Transforming j2objc-annotations-3.0.0.jar (com.google.j2objc:j2objc-annotations:3.0.0) with InstrumentationAnalysisTransform
Transforming j2objc-annotations-3.0.0.jar (com.google.j2objc:j2objc-annotations:3.0.0) with MergeInstrumentationAnalysisTransform
Transforming annotations-4.1.1.4.jar (com.google.android:annotations:4.1.1.4) with InstrumentationAnalysisTransform
Transforming annotations-4.1.1.4.jar (com.google.android:annotations:4.1.1.4) with MergeInstrumentationAnalysisTransform
Transforming animal-sniffer-annotations-1.24.jar (org.codehaus.mojo:animal-sniffer-annotations:1.24) with InstrumentationAnalysisTransform
Transforming animal-sniffer-annotations-1.24.jar (org.codehaus.mojo:animal-sniffer-annotations:1.24) with MergeInstrumentationAnalysisTransform
Transforming perfmark-api-0.27.0.jar (io.perfmark:perfmark-api:0.27.0) with InstrumentationAnalysisTransform
Transforming perfmark-api-0.27.0.jar (io.perfmark:perfmark-api:0.27.0) with MergeInstrumentationAnalysisTransform
Transforming netty-codec-http2-4.1.110.Final.jar (io.netty:netty-codec-http2:4.1.110.Final) with InstrumentationAnalysisTransform
Transforming netty-codec-http2-4.1.110.Final.jar (io.netty:netty-codec-http2:4.1.110.Final) with MergeInstrumentationAnalysisTransform
Transforming netty-handler-proxy-4.1.110.Final.jar (io.netty:netty-handler-proxy:4.1.110.Final) with InstrumentationAnalysisTransform
Transforming netty-handler-proxy-4.1.110.Final.jar (io.netty:netty-handler-proxy:4.1.110.Final) with MergeInstrumentationAnalysisTransform
Transforming netty-codec-http-4.1.110.Final.jar (io.netty:netty-codec-http:4.1.110.Final) with InstrumentationAnalysisTransform
Transforming netty-codec-http-4.1.110.Final.jar (io.netty:netty-codec-http:4.1.110.Final) with MergeInstrumentationAnalysisTransform
Transforming netty-handler-4.1.110.Final.jar (io.netty:netty-handler:4.1.110.Final) with InstrumentationAnalysisTransform
Transforming netty-handler-4.1.110.Final.jar (io.netty:netty-handler:4.1.110.Final) with MergeInstrumentationAnalysisTransform
Transforming netty-transport-native-unix-common-4.1.110.Final.jar (io.netty:netty-transport-native-unix-common:4.1.110.Final) with InstrumentationAnalysisTransform
Transforming netty-transport-native-unix-common-4.1.110.Final.jar (io.netty:netty-transport-native-unix-common:4.1.110.Final) with MergeInstrumentationAnalysisTransform
Transforming checker-qual-3.43.0.jar (org.checkerframework:checker-qual:3.43.0) with InstrumentationAnalysisTransform
Transforming checker-qual-3.43.0.jar (org.checkerframework:checker-qual:3.43.0) with MergeInstrumentationAnalysisTransform
Transforming apksig-8.10.1.jar (com.android.tools.build:apksig:8.10.1) with InstrumentationAnalysisTransform
Transforming apksig-8.10.1.jar (com.android.tools.build:apksig:8.10.1) with MergeInstrumentationAnalysisTransform
Transforming javawriter-2.5.0.jar (com.squareup:javawriter:2.5.0) with InstrumentationAnalysisTransform
Transforming juniversalchardet-1.0.3.jar (com.googlecode.juniversalchardet:juniversalchardet:1.0.3) with ExternalDependencyInstrumentingArtifactTransform
Transforming stax-ex-1.8.1.jar (org.jvnet.staxex:stax-ex:1.8.1) with ExternalDependencyInstrumentingArtifactTransform
Transforming zipflinger-8.10.1.jar (com.android:zipflinger:8.10.1) with ExternalDependencyInstrumentingArtifactTransform
Transforming jakarta.xml.bind-api-2.3.2.jar (jakarta.xml.bind:jakarta.xml.bind-api:2.3.2) with ExternalDependencyInstrumentingArtifactTransform
Transforming javax.annotation-api-1.3.2.jar (javax.annotation:javax.annotation-api:1.3.2) with ExternalDependencyInstrumentingArtifactTransform
Transforming annotations-31.10.1.jar (com.android.tools:annotations:31.10.1) with ExternalDependencyInstrumentingArtifactTransform
Transforming istack-commons-runtime-3.0.8.jar (com.sun.istack:istack-commons-runtime:3.0.8) with ExternalDependencyInstrumentingArtifactTransform
Transforming signflinger-8.10.1.jar (com.android:signflinger:8.10.1) with ExternalDependencyInstrumentingArtifactTransform
Transforming slf4j-api-1.7.30.jar (org.slf4j:slf4j-api:1.7.30) with ExternalDependencyInstrumentingArtifactTransform
Transforming jose4j-0.9.5.jar (org.bitbucket.b_c:jose4j:0.9.5) with ExternalDependencyInstrumentingArtifactTransform
Transforming FastInfoset-1.2.16.jar (com.sun.xml.fastinfoset:FastInfoset:1.2.16) with ExternalDependencyInstrumentingArtifactTransform
Transforming jna-platform-5.6.0.jar (net.java.dev.jna:jna-platform:5.6.0) with ExternalDependencyInstrumentingArtifactTransform
Transforming javawriter-2.5.0.jar (com.squareup:javawriter:2.5.0) with MergeInstrumentationAnalysisTransform
Transforming txw2-2.3.2.jar (org.glassfish.jaxb:txw2:2.3.2) with ExternalDependencyInstrumentingArtifactTransform
Transforming perfmark-api-0.27.0.jar (io.perfmark:perfmark-api:0.27.0) with ExternalDependencyInstrumentingArtifactTransform
Transforming j2objc-annotations-3.0.0.jar (com.google.j2objc:j2objc-annotations:3.0.0) with ExternalDependencyInstrumentingArtifactTransform
Transforming animal-sniffer-annotations-1.24.jar (org.codehaus.mojo:animal-sniffer-annotations:1.24) with ExternalDependencyInstrumentingArtifactTransform
Transforming netty-codec-http2-4.1.110.Final.jar (io.netty:netty-codec-http2:4.1.110.Final) with ExternalDependencyInstrumentingArtifactTransform
Transforming netty-handler-proxy-4.1.110.Final.jar (io.netty:netty-handler-proxy:4.1.110.Final) with ExternalDependencyInstrumentingArtifactTransform
Transforming netty-handler-4.1.110.Final.jar (io.netty:netty-handler:4.1.110.Final) with ExternalDependencyInstrumentingArtifactTransform
Transforming apksig-8.10.1.jar (com.android.tools.build:apksig:8.10.1) with ExternalDependencyInstrumentingArtifactTransform
Transforming jdom2-2.0.6.jar (org.jdom:jdom2:2.0.6) with ExternalDependencyInstrumentingArtifactTransform
Transforming auto-value-annotations-1.6.2.jar (com.google.auto.value:auto-value-annotations:1.6.2) with ExternalDependencyInstrumentingArtifactTransform
Transforming jsr305-3.0.2.jar (com.google.code.findbugs:jsr305:3.0.2) with ExternalDependencyInstrumentingArtifactTransform
Transforming jakarta.activation-api-1.2.1.jar (jakarta.activation:jakarta.activation-api:1.2.1) with ExternalDependencyInstrumentingArtifactTransform
Transforming javawriter-2.5.0.jar (com.squareup:javawriter:2.5.0) with ExternalDependencyInstrumentingArtifactTransform
Transforming checker-qual-3.43.0.jar (org.checkerframework:checker-qual:3.43.0) with ExternalDependencyInstrumentingArtifactTransform
Transforming netty-transport-native-unix-common-4.1.110.Final.jar (io.netty:netty-transport-native-unix-common:4.1.110.Final) with ExternalDependencyInstrumentingArtifactTransform
Transforming netty-codec-http-4.1.110.Final.jar (io.netty:netty-codec-http:4.1.110.Final) with ExternalDependencyInstrumentingArtifactTransform
Transforming failureaccess-1.0.2.jar (com.google.guava:failureaccess:1.0.2) with InstrumentationAnalysisTransform
Transforming annotations-4.1.1.4.jar (com.google.android:annotations:4.1.1.4) with ExternalDependencyInstrumentingArtifactTransform
Transforming failureaccess-1.0.2.jar (com.google.guava:failureaccess:1.0.2) with MergeInstrumentationAnalysisTransform
Transforming listenablefuture-9999.0-empty-to-avoid-conflict-with-guava.jar (com.google.guava:listenablefuture:9999.0-empty-to-avoid-conflict-with-guava) with InstrumentationAnalysisTransform
Transforming listenablefuture-9999.0-empty-to-avoid-conflict-with-guava.jar (com.google.guava:listenablefuture:9999.0-empty-to-avoid-conflict-with-guava) with MergeInstrumentationAnalysisTransform
Transforming commons-logging-1.2.jar (commons-logging:commons-logging:1.2) with InstrumentationAnalysisTransform
Transforming commons-logging-1.2.jar (commons-logging:commons-logging:1.2) with MergeInstrumentationAnalysisTransform
Transforming commons-codec-1.11.jar (commons-codec:commons-codec:1.11) with InstrumentationAnalysisTransform
Transforming commons-codec-1.11.jar (commons-codec:commons-codec:1.11) with MergeInstrumentationAnalysisTransform
Transforming jna-5.6.0.jar (net.java.dev.jna:jna:5.6.0) with InstrumentationAnalysisTransform
Transforming failureaccess-1.0.2.jar (com.google.guava:failureaccess:1.0.2) with ExternalDependencyInstrumentingArtifactTransform
Transforming jna-5.6.0.jar (net.java.dev.jna:jna:5.6.0) with MergeInstrumentationAnalysisTransform
Transforming listenablefuture-9999.0-empty-to-avoid-conflict-with-guava.jar (com.google.guava:listenablefuture:9999.0-empty-to-avoid-conflict-with-guava) with ExternalDependencyInstrumentingArtifactTransform
Transforming netty-codec-socks-4.1.110.Final.jar (io.netty:netty-codec-socks:4.1.110.Final) with InstrumentationAnalysisTransform
Transforming netty-codec-socks-4.1.110.Final.jar (io.netty:netty-codec-socks:4.1.110.Final) with MergeInstrumentationAnalysisTransform
Transforming netty-codec-4.1.110.Final.jar (io.netty:netty-codec:4.1.110.Final) with InstrumentationAnalysisTransform
Transforming netty-codec-4.1.110.Final.jar (io.netty:netty-codec:4.1.110.Final) with MergeInstrumentationAnalysisTransform
Transforming jna-5.6.0.jar (net.java.dev.jna:jna:5.6.0) with ExternalDependencyInstrumentingArtifactTransform
Transforming commons-codec-1.11.jar (commons-codec:commons-codec:1.11) with ExternalDependencyInstrumentingArtifactTransform
Transforming netty-codec-4.1.110.Final.jar (io.netty:netty-codec:4.1.110.Final) with ExternalDependencyInstrumentingArtifactTransform
Transforming netty-codec-socks-4.1.110.Final.jar (io.netty:netty-codec-socks:4.1.110.Final) with ExternalDependencyInstrumentingArtifactTransform
Transforming netty-transport-4.1.110.Final.jar (io.netty:netty-transport:4.1.110.Final) with InstrumentationAnalysisTransform
Transforming commons-logging-1.2.jar (commons-logging:commons-logging:1.2) with ExternalDependencyInstrumentingArtifactTransform
Transforming netty-transport-4.1.110.Final.jar (io.netty:netty-transport:4.1.110.Final) with MergeInstrumentationAnalysisTransform
Transforming netty-buffer-4.1.110.Final.jar (io.netty:netty-buffer:4.1.110.Final) with InstrumentationAnalysisTransform
Transforming netty-buffer-4.1.110.Final.jar (io.netty:netty-buffer:4.1.110.Final) with MergeInstrumentationAnalysisTransform
Transforming netty-transport-4.1.110.Final.jar (io.netty:netty-transport:4.1.110.Final) with ExternalDependencyInstrumentingArtifactTransform
Transforming netty-resolver-4.1.110.Final.jar (io.netty:netty-resolver:4.1.110.Final) with InstrumentationAnalysisTransform
Transforming netty-resolver-4.1.110.Final.jar (io.netty:netty-resolver:4.1.110.Final) with MergeInstrumentationAnalysisTransform
Transforming netty-common-4.1.110.Final.jar (io.netty:netty-common:4.1.110.Final) with InstrumentationAnalysisTransform
Transforming netty-buffer-4.1.110.Final.jar (io.netty:netty-buffer:4.1.110.Final) with ExternalDependencyInstrumentingArtifactTransform
Transforming netty-common-4.1.110.Final.jar (io.netty:netty-common:4.1.110.Final) with MergeInstrumentationAnalysisTransform
Transforming netty-resolver-4.1.110.Final.jar (io.netty:netty-resolver:4.1.110.Final) with ExternalDependencyInstrumentingArtifactTransform
Transforming netty-common-4.1.110.Final.jar (io.netty:netty-common:4.1.110.Final) with ExternalDependencyInstrumentingArtifactTransform
Transforming plugins.jar (project :build-logic:plugins) with ProjectDependencyInstrumentingArtifactTransform
Transforming tools.jar (project :build-logic:tools) with ProjectDependencyInstrumentingArtifactTransform
Using default execution profile
Using Kotlin Gradle Plugin gradle811 variant

> Configure project :donations-app
Evaluating project ':donations-app' using build file '/home/lollerfirst/Signal-Android/donations/app/build.gradle.kts'.
Transforming classes with InstrumentationAnalysisTransform
Transforming classes with InstrumentationAnalysisTransform
Transforming gradle-8.10.1.jar (com.android.tools.build:gradle:8.10.1) with InstrumentationAnalysisTransform
Transforming gradle-settings-api-8.10.1.jar (com.android.tools.build:gradle-settings-api:8.10.1) with InstrumentationAnalysisTransform
Transforming lint-model-31.10.1.jar (com.android.tools.lint:lint-model:31.10.1) with InstrumentationAnalysisTransform
Transforming builder-8.10.1.jar (com.android.tools.build:builder:8.10.1) with InstrumentationAnalysisTransform
Transforming manifest-merger-31.10.1.jar (com.android.tools.build:manifest-merger:31.10.1) with InstrumentationAnalysisTransform
Transforming sdk-common-31.10.1.jar (com.android.tools:sdk-common:31.10.1) with InstrumentationAnalysisTransform
Transforming sdklib-31.10.1.jar (com.android.tools:sdklib:31.10.1) with InstrumentationAnalysisTransform
Transforming repository-31.10.1.jar (com.android.tools:repository:31.10.1) with InstrumentationAnalysisTransform
Transforming aaptcompiler-8.10.1.jar (com.android.tools.build:aaptcompiler:8.10.1) with InstrumentationAnalysisTransform
Transforming tracker-31.10.1.jar (com.android.tools.analytics-library:tracker:31.10.1) with InstrumentationAnalysisTransform
Transforming shared-31.10.1.jar (com.android.tools.analytics-library:shared:31.10.1) with InstrumentationAnalysisTransform
Transforming databinding-compiler-common-8.10.1.jar (androidx.databinding:databinding-compiler-common:8.10.1) with InstrumentationAnalysisTransform
Transforming android-test-plugin-host-emulator-control-proto-31.10.1.jar (com.android.tools.utp:android-test-plugin-host-emulator-control-proto:31.10.1) with InstrumentationAnalysisTransform
Transforming builder-model-8.10.1.jar (com.android.tools.build:builder-model:8.10.1) with InstrumentationAnalysisTransform
Transforming gradle-api-8.10.1.jar (com.android.tools.build:gradle-api:8.10.1) with InstrumentationAnalysisTransform
Transforming builder-test-api-8.10.1.jar (com.android.tools.build:builder-test-api:8.10.1) with InstrumentationAnalysisTransform
Transforming ddmlib-31.10.1.jar (com.android.tools.ddms:ddmlib:31.10.1) with InstrumentationAnalysisTransform
Transforming layoutlib-api-31.10.1.jar (com.android.tools.layoutlib:layoutlib-api:31.10.1) with InstrumentationAnalysisTransform
Transforming dvlib-31.10.1.jar (com.android.tools:dvlib:31.10.1) with InstrumentationAnalysisTransform
Transforming common-31.10.1.jar (com.android.tools:common:31.10.1) with InstrumentationAnalysisTransform
Transforming kotlin-stdlib-jdk8-2.1.0.jar (org.jetbrains.kotlin:kotlin-stdlib-jdk8:2.1.0) with InstrumentationAnalysisTransform
Transforming jetifier-processor-1.0.0-beta10.jar (com.android.tools.build.jetifier:jetifier-processor:1.0.0-beta10) with InstrumentationAnalysisTransform
Transforming jetifier-core-1.0.0-beta10.jar (com.android.tools.build.jetifier:jetifier-core:1.0.0-beta10) with InstrumentationAnalysisTransform
Transforming kotlin-reflect-2.0.20.jar (org.jetbrains.kotlin:kotlin-reflect:2.0.20) with InstrumentationAnalysisTransform
Transforming kotlin-stdlib-jdk7-2.1.0.jar (org.jetbrains.kotlin:kotlin-stdlib-jdk7:2.1.0) with InstrumentationAnalysisTransform
Transforming kotlin-stdlib-2.0.20.jar (org.jetbrains.kotlin:kotlin-stdlib:2.0.20) with InstrumentationAnalysisTransform
Transforming annotations-13.0.jar (org.jetbrains:annotations:13.0) with InstrumentationAnalysisTransform
Transforming kotlin-gradle-plugin-model-2.2.20.jar (org.jetbrains.kotlin:kotlin-gradle-plugin-model:2.2.20) with InstrumentationAnalysisTransform
Transforming fus-statistics-gradle-plugin-2.2.20-gradle811.jar (org.jetbrains.kotlin:fus-statistics-gradle-plugin:2.2.20) with InstrumentationAnalysisTransform
Transforming kotlin-gradle-plugin-api-2.2.20.jar (org.jetbrains.kotlin:kotlin-gradle-plugin-api:2.2.20) with InstrumentationAnalysisTransform
Transforming kotlin-gradle-plugin-api-2.2.20-gradle811.jar (org.jetbrains.kotlin:kotlin-gradle-plugin-api:2.2.20) with InstrumentationAnalysisTransform
Transforming kotlin-gradle-plugin-2.2.20-gradle811.jar (org.jetbrains.kotlin:kotlin-gradle-plugin:2.2.20) with InstrumentationAnalysisTransform
Transforming ktlint-gradle-12.1.1.jar (org.jlleitschuh.gradle:ktlint-gradle:12.1.1) with InstrumentationAnalysisTransform
Transforming kotlin-gradle-plugin-idea-proto-2.2.20.jar (org.jetbrains.kotlin:kotlin-gradle-plugin-idea-proto:2.2.20) with InstrumentationAnalysisTransform
Transforming kotlin-gradle-plugin-idea-2.2.20.jar (org.jetbrains.kotlin:kotlin-gradle-plugin-idea:2.2.20) with InstrumentationAnalysisTransform
Transforming kotlin-klib-commonizer-api-2.2.20.jar (org.jetbrains.kotlin:kotlin-klib-commonizer-api:2.2.20) with InstrumentationAnalysisTransform
Transforming kotlin-build-statistics-2.2.20.jar (org.jetbrains.kotlin:kotlin-build-statistics:2.2.20) with InstrumentationAnalysisTransform
Transforming kotlin-util-klib-metadata-2.2.20.jar (org.jetbrains.kotlin:kotlin-util-klib-metadata:2.2.20) with InstrumentationAnalysisTransform
Transforming abi-tools-api-2.2.20.jar (org.jetbrains.kotlin:abi-tools-api:2.2.20) with InstrumentationAnalysisTransform
Transforming kotlin-compiler-runner-2.2.20.jar (org.jetbrains.kotlin:kotlin-compiler-runner:2.2.20) with InstrumentationAnalysisTransform
Transforming dnsjava-2.1.9.jar (dnsjava:dnsjava:2.1.9) with InstrumentationAnalysisTransform
Transforming kotlin-gradle-plugin-annotations-2.2.20.jar (org.jetbrains.kotlin:kotlin-gradle-plugin-annotations:2.2.20) with InstrumentationAnalysisTransform
Transforming kotlin-native-utils-2.2.20.jar (org.jetbrains.kotlin:kotlin-native-utils:2.2.20) with InstrumentationAnalysisTransform
Transforming kotlin-tooling-core-2.2.20.jar (org.jetbrains.kotlin:kotlin-tooling-core:2.2.20) with InstrumentationAnalysisTransform
Transforming kotlin-build-tools-api-2.2.20.jar (org.jetbrains.kotlin:kotlin-build-tools-api:2.2.20) with InstrumentationAnalysisTransform
Transforming android-test-plugin-result-listener-gradle-proto-31.10.1.jar (com.android.tools.utp:android-test-plugin-result-listener-gradle-proto:31.10.1) with InstrumentationAnalysisTransform
Transforming bundletool-1.18.0.jar (com.android.tools.build:bundletool:1.18.0) with InstrumentationAnalysisTransform
Transforming protobuf-java-util-3.25.5.jar (com.google.protobuf:protobuf-java-util:3.25.5) with InstrumentationAnalysisTransform
Transforming grpc-netty-1.69.1.jar (io.grpc:grpc-netty:1.69.1) with InstrumentationAnalysisTransform
Transforming grpc-inprocess-1.69.1.jar (io.grpc:grpc-inprocess:1.69.1) with InstrumentationAnalysisTransform
Transforming grpc-util-1.69.1.jar (io.grpc:grpc-util:1.69.1) with InstrumentationAnalysisTransform
Transforming grpc-core-1.69.1.jar (io.grpc:grpc-core:1.69.1) with InstrumentationAnalysisTransform
Transforming tink-1.7.0.jar (com.google.crypto.tink:tink:1.7.0) with InstrumentationAnalysisTransform
Transforming gson-2.11.0.jar (com.google.code.gson:gson:2.11.0) with InstrumentationAnalysisTransform
Transforming kotlin-util-klib-2.2.20.jar (org.jetbrains.kotlin:kotlin-util-klib:2.2.20) with InstrumentationAnalysisTransform
Transforming kotlin-util-io-2.2.20.jar (org.jetbrains.kotlin:kotlin-util-io:2.2.20) with InstrumentationAnalysisTransform
Transforming kotlin-daemon-client-2.2.20.jar (org.jetbrains.kotlin:kotlin-daemon-client:2.2.20) with InstrumentationAnalysisTransform
Transforming kotlinx-coroutines-core-jvm-1.8.0.jar (org.jetbrains.kotlinx:kotlinx-coroutines-core-jvm:1.8.0) with InstrumentationAnalysisTransform
Transforming aapt2-proto-8.10.1-12782657.jar (com.android.tools.build:aapt2-proto:8.10.1-12782657) with InstrumentationAnalysisTransform
Transforming crash-31.10.1.jar (com.android.tools.analytics-library:crash:31.10.1) with InstrumentationAnalysisTransform
Transforming lint-typedef-remover-31.10.1.jar (com.android.tools.lint:lint-typedef-remover:31.10.1) with InstrumentationAnalysisTransform
Transforming databinding-common-8.10.1.jar (androidx.databinding:databinding-common:8.10.1) with InstrumentationAnalysisTransform
Transforming baseLibrary-8.10.1.jar (com.android.databinding:baseLibrary:8.10.1) with InstrumentationAnalysisTransform
Transforming android-device-provider-ddmlib-proto-31.10.1.jar (com.android.tools.utp:android-device-provider-ddmlib-proto:31.10.1) with InstrumentationAnalysisTransform
Transforming android-device-provider-gradle-proto-31.10.1.jar (com.android.tools.utp:android-device-provider-gradle-proto:31.10.1) with InstrumentationAnalysisTransform
Transforming android-device-provider-profile-proto-31.10.1.jar (com.android.tools.utp:android-device-provider-profile-proto:31.10.1) with InstrumentationAnalysisTransform
Transforming android-test-plugin-host-additional-test-output-proto-31.10.1.jar (com.android.tools.utp:android-test-plugin-host-additional-test-output-proto:31.10.1) with InstrumentationAnalysisTransform
Transforming android-test-plugin-host-coverage-proto-31.10.1.jar (com.android.tools.utp:android-test-plugin-host-coverage-proto:31.10.1) with InstrumentationAnalysisTransform
Transforming android-test-plugin-host-logcat-proto-31.10.1.jar (com.android.tools.utp:android-test-plugin-host-logcat-proto:31.10.1) with InstrumentationAnalysisTransform
Transforming android-test-plugin-host-apk-installer-proto-31.10.1.jar (com.android.tools.utp:android-test-plugin-host-apk-installer-proto:31.10.1) with InstrumentationAnalysisTransform
Transforming transform-api-2.0.0-deprecated-use-gradle-api.jar (com.android.tools.build:transform-api:2.0.0-deprecated-use-gradle-api) with InstrumentationAnalysisTransform
Transforming httpmime-4.5.6.jar (org.apache.httpcomponents:httpmime:4.5.6) with InstrumentationAnalysisTransform
Transforming commons-io-2.16.1.jar (commons-io:commons-io:2.16.1) with InstrumentationAnalysisTransform
Transforming asm-commons-9.7.1.jar (org.ow2.asm:asm-commons:9.7.1) with InstrumentationAnalysisTransform
Transforming asm-util-9.7.1.jar (org.ow2.asm:asm-util:9.7.1) with InstrumentationAnalysisTransform
Transforming asm-analysis-9.7.1.jar (org.ow2.asm:asm-analysis:9.7.1) with InstrumentationAnalysisTransform
Transforming asm-tree-9.7.1.jar (org.ow2.asm:asm-tree:9.7.1) with InstrumentationAnalysisTransform
Transforming asm-9.7.1.jar (org.ow2.asm:asm:9.7.1) with InstrumentationAnalysisTransform
Transforming apkzlib-8.10.1.jar (com.android.tools.build:apkzlib:8.10.1) with InstrumentationAnalysisTransform
Transforming bcpkix-jdk18on-1.79.jar (org.bouncycastle:bcpkix-jdk18on:1.79) with InstrumentationAnalysisTransform
Transforming jaxb-runtime-2.3.2.jar (org.glassfish.jaxb:jaxb-runtime:2.3.2) with InstrumentationAnalysisTransform
Transforming jopt-simple-4.9.jar (net.sf.jopt-simple:jopt-simple:4.9) with InstrumentationAnalysisTransform
Transforming javapoet-1.10.0.jar (com.squareup:javapoet:1.10.0) with InstrumentationAnalysisTransform
Transforming grpc-protobuf-1.69.1.jar (io.grpc:grpc-protobuf:1.69.1) with InstrumentationAnalysisTransform
Transforming core-proto-0.0.9-alpha03.jar (com.google.testing.platform:core-proto:0.0.9-alpha03) with InstrumentationAnalysisTransform
Transforming protos-31.10.1.jar (com.android.tools.analytics-library:protos:31.10.1) with InstrumentationAnalysisTransform
Transforming proto-google-common-protos-2.48.0.jar (com.google.api.grpc:proto-google-common-protos:2.48.0) with InstrumentationAnalysisTransform
Transforming protobuf-java-3.25.5.jar (com.google.protobuf:protobuf-java:3.25.5) with InstrumentationAnalysisTransform
Transforming grpc-stub-1.69.1.jar (io.grpc:grpc-stub:1.69.1) with InstrumentationAnalysisTransform
Transforming tensorflow-lite-metadata-0.2.0.jar (org.tensorflow:tensorflow-lite-metadata:0.2.0) with InstrumentationAnalysisTransform
Transforming flatbuffers-java-1.12.0.jar (com.google.flatbuffers:flatbuffers-java:1.12.0) with InstrumentationAnalysisTransform
Transforming jimfs-1.1.jar (com.google.jimfs:jimfs:1.1) with InstrumentationAnalysisTransform
Transforming grpc-context-1.69.1.jar (io.grpc:grpc-context:1.69.1) with InstrumentationAnalysisTransform
Transforming grpc-protobuf-lite-1.69.1.jar (io.grpc:grpc-protobuf-lite:1.69.1) with InstrumentationAnalysisTransform
Transforming grpc-api-1.69.1.jar (io.grpc:grpc-api:1.69.1) with InstrumentationAnalysisTransform
Transforming guava-33.3.1-jre.jar (com.google.guava:guava:33.3.1-jre) with InstrumentationAnalysisTransform
Transforming error_prone_annotations-2.30.0.jar (com.google.errorprone:error_prone_annotations:2.30.0) with InstrumentationAnalysisTransform
Transforming dagger-2.28.3.jar (com.google.dagger:dagger:2.28.3) with InstrumentationAnalysisTransform
Transforming javax.inject-1.jar (javax.inject:javax.inject:1) with InstrumentationAnalysisTransform
Transforming kxml2-2.3.0.jar (net.sf.kxml:kxml2:2.3.0) with InstrumentationAnalysisTransform
Transforming commons-compress-1.21.jar (org.apache.commons:commons-compress:1.21) with InstrumentationAnalysisTransform
Transforming bcutil-jdk18on-1.79.jar (org.bouncycastle:bcutil-jdk18on:1.79) with InstrumentationAnalysisTransform
Transforming bcprov-jdk18on-1.79.jar (org.bouncycastle:bcprov-jdk18on:1.79) with InstrumentationAnalysisTransform
Transforming httpclient-4.5.14.jar (org.apache.httpcomponents:httpclient:4.5.14) with InstrumentationAnalysisTransform
Transforming httpcore-4.4.16.jar (org.apache.httpcomponents:httpcore:4.4.16) with InstrumentationAnalysisTransform
Transforming javax.activation-1.2.0.jar (com.sun.activation:javax.activation:1.2.0) with InstrumentationAnalysisTransform
Transforming signflinger-8.10.1.jar (com.android:signflinger:8.10.1) with InstrumentationAnalysisTransform
Transforming zipflinger-8.10.1.jar (com.android:zipflinger:8.10.1) with InstrumentationAnalysisTransform
Transforming annotations-31.10.1.jar (com.android.tools:annotations:31.10.1) with InstrumentationAnalysisTransform
Transforming jna-platform-5.6.0.jar (net.java.dev.jna:jna-platform:5.6.0) with InstrumentationAnalysisTransform
Transforming juniversalchardet-1.0.3.jar (com.googlecode.juniversalchardet:juniversalchardet:1.0.3) with InstrumentationAnalysisTransform
Transforming javax.annotation-api-1.3.2.jar (javax.annotation:javax.annotation-api:1.3.2) with InstrumentationAnalysisTransform
Transforming stax-ex-1.8.1.jar (org.jvnet.staxex:stax-ex:1.8.1) with InstrumentationAnalysisTransform
Transforming jakarta.xml.bind-api-2.3.2.jar (jakarta.xml.bind:jakarta.xml.bind-api:2.3.2) with InstrumentationAnalysisTransform
Transforming txw2-2.3.2.jar (org.glassfish.jaxb:txw2:2.3.2) with InstrumentationAnalysisTransform
Transforming istack-commons-runtime-3.0.8.jar (com.sun.istack:istack-commons-runtime:3.0.8) with InstrumentationAnalysisTransform
Transforming FastInfoset-1.2.16.jar (com.sun.xml.fastinfoset:FastInfoset:1.2.16) with InstrumentationAnalysisTransform
Transforming jakarta.activation-api-1.2.1.jar (jakarta.activation:jakarta.activation-api:1.2.1) with InstrumentationAnalysisTransform
Transforming auto-value-annotations-1.6.2.jar (com.google.auto.value:auto-value-annotations:1.6.2) with InstrumentationAnalysisTransform
Transforming jose4j-0.9.5.jar (org.bitbucket.b_c:jose4j:0.9.5) with InstrumentationAnalysisTransform
Transforming slf4j-api-1.7.30.jar (org.slf4j:slf4j-api:1.7.30) with InstrumentationAnalysisTransform
Transforming jdom2-2.0.6.jar (org.jdom:jdom2:2.0.6) with InstrumentationAnalysisTransform
Transforming jsr305-3.0.2.jar (com.google.code.findbugs:jsr305:3.0.2) with InstrumentationAnalysisTransform
Transforming j2objc-annotations-3.0.0.jar (com.google.j2objc:j2objc-annotations:3.0.0) with InstrumentationAnalysisTransform
Transforming annotations-4.1.1.4.jar (com.google.android:annotations:4.1.1.4) with InstrumentationAnalysisTransform
Transforming animal-sniffer-annotations-1.24.jar (org.codehaus.mojo:animal-sniffer-annotations:1.24) with InstrumentationAnalysisTransform
Transforming perfmark-api-0.27.0.jar (io.perfmark:perfmark-api:0.27.0) with InstrumentationAnalysisTransform
Transforming netty-codec-http2-4.1.110.Final.jar (io.netty:netty-codec-http2:4.1.110.Final) with InstrumentationAnalysisTransform
Transforming netty-handler-proxy-4.1.110.Final.jar (io.netty:netty-handler-proxy:4.1.110.Final) with InstrumentationAnalysisTransform
Transforming netty-codec-http-4.1.110.Final.jar (io.netty:netty-codec-http:4.1.110.Final) with InstrumentationAnalysisTransform
Transforming netty-handler-4.1.110.Final.jar (io.netty:netty-handler:4.1.110.Final) with InstrumentationAnalysisTransform
Transforming netty-transport-native-unix-common-4.1.110.Final.jar (io.netty:netty-transport-native-unix-common:4.1.110.Final) with InstrumentationAnalysisTransform
Transforming checker-qual-3.43.0.jar (org.checkerframework:checker-qual:3.43.0) with InstrumentationAnalysisTransform
Transforming apksig-8.10.1.jar (com.android.tools.build:apksig:8.10.1) with InstrumentationAnalysisTransform
Transforming javawriter-2.5.0.jar (com.squareup:javawriter:2.5.0) with InstrumentationAnalysisTransform
Transforming failureaccess-1.0.2.jar (com.google.guava:failureaccess:1.0.2) with InstrumentationAnalysisTransform
Transforming listenablefuture-9999.0-empty-to-avoid-conflict-with-guava.jar (com.google.guava:listenablefuture:9999.0-empty-to-avoid-conflict-with-guava) with InstrumentationAnalysisTransform
Transforming commons-logging-1.2.jar (commons-logging:commons-logging:1.2) with InstrumentationAnalysisTransform
Transforming commons-codec-1.11.jar (commons-codec:commons-codec:1.11) with InstrumentationAnalysisTransform
Transforming jna-5.6.0.jar (net.java.dev.jna:jna:5.6.0) with InstrumentationAnalysisTransform
Transforming netty-codec-socks-4.1.110.Final.jar (io.netty:netty-codec-socks:4.1.110.Final) with InstrumentationAnalysisTransform
Transforming netty-codec-4.1.110.Final.jar (io.netty:netty-codec:4.1.110.Final) with InstrumentationAnalysisTransform
Transforming netty-transport-4.1.110.Final.jar (io.netty:netty-transport:4.1.110.Final) with InstrumentationAnalysisTransform
Transforming netty-buffer-4.1.110.Final.jar (io.netty:netty-buffer:4.1.110.Final) with InstrumentationAnalysisTransform
Transforming netty-resolver-4.1.110.Final.jar (io.netty:netty-resolver:4.1.110.Final) with InstrumentationAnalysisTransform
Transforming netty-common-4.1.110.Final.jar (io.netty:netty-common:4.1.110.Final) with InstrumentationAnalysisTransform
Transforming main (project :build-logic:plugins) with InstrumentationAnalysisTransform
Transforming main (project :build-logic:plugins) with InstrumentationAnalysisTransform
Transforming main (project :build-logic:plugins) with InstrumentationAnalysisTransform
Transforming main (project :build-logic:tools) with InstrumentationAnalysisTransform
Transforming main (project :build-logic:tools) with InstrumentationAnalysisTransform
Transforming classes with InstrumentationAnalysisTransform
Transforming classes with MergeInstrumentationAnalysisTransform
Transforming classes with InstrumentationAnalysisTransform
Transforming classes with MergeInstrumentationAnalysisTransform
Transforming classes with ExternalDependencyInstrumentingArtifactTransform
Transforming gradle-8.10.1.jar (com.android.tools.build:gradle:8.10.1) with InstrumentationAnalysisTransform
Transforming gradle-8.10.1.jar (com.android.tools.build:gradle:8.10.1) with MergeInstrumentationAnalysisTransform
Transforming gradle-settings-api-8.10.1.jar (com.android.tools.build:gradle-settings-api:8.10.1) with InstrumentationAnalysisTransform
Transforming gradle-settings-api-8.10.1.jar (com.android.tools.build:gradle-settings-api:8.10.1) with MergeInstrumentationAnalysisTransform
Transforming gradle-8.10.1.jar (com.android.tools.build:gradle:8.10.1) with ExternalDependencyInstrumentingArtifactTransform
Transforming classes with ExternalDependencyInstrumentingArtifactTransform
Transforming lint-model-31.10.1.jar (com.android.tools.lint:lint-model:31.10.1) with InstrumentationAnalysisTransform
Transforming lint-model-31.10.1.jar (com.android.tools.lint:lint-model:31.10.1) with MergeInstrumentationAnalysisTransform
Transforming gradle-settings-api-8.10.1.jar (com.android.tools.build:gradle-settings-api:8.10.1) with ExternalDependencyInstrumentingArtifactTransform
Transforming builder-8.10.1.jar (com.android.tools.build:builder:8.10.1) with InstrumentationAnalysisTransform
Transforming builder-8.10.1.jar (com.android.tools.build:builder:8.10.1) with MergeInstrumentationAnalysisTransform
Transforming manifest-merger-31.10.1.jar (com.android.tools.build:manifest-merger:31.10.1) with InstrumentationAnalysisTransform
Transforming manifest-merger-31.10.1.jar (com.android.tools.build:manifest-merger:31.10.1) with MergeInstrumentationAnalysisTransform
Transforming sdk-common-31.10.1.jar (com.android.tools:sdk-common:31.10.1) with InstrumentationAnalysisTransform
Transforming builder-8.10.1.jar (com.android.tools.build:builder:8.10.1) with ExternalDependencyInstrumentingArtifactTransform
Transforming lint-model-31.10.1.jar (com.android.tools.lint:lint-model:31.10.1) with ExternalDependencyInstrumentingArtifactTransform
Transforming sdk-common-31.10.1.jar (com.android.tools:sdk-common:31.10.1) with MergeInstrumentationAnalysisTransform
Transforming manifest-merger-31.10.1.jar (com.android.tools.build:manifest-merger:31.10.1) with ExternalDependencyInstrumentingArtifactTransform
Transforming sdklib-31.10.1.jar (com.android.tools:sdklib:31.10.1) with InstrumentationAnalysisTransform
Transforming sdklib-31.10.1.jar (com.android.tools:sdklib:31.10.1) with MergeInstrumentationAnalysisTransform
Transforming sdk-common-31.10.1.jar (com.android.tools:sdk-common:31.10.1) with ExternalDependencyInstrumentingArtifactTransform
Transforming repository-31.10.1.jar (com.android.tools:repository:31.10.1) with InstrumentationAnalysisTransform
Transforming sdklib-31.10.1.jar (com.android.tools:sdklib:31.10.1) with ExternalDependencyInstrumentingArtifactTransform
Transforming repository-31.10.1.jar (com.android.tools:repository:31.10.1) with MergeInstrumentationAnalysisTransform
Transforming aaptcompiler-8.10.1.jar (com.android.tools.build:aaptcompiler:8.10.1) with InstrumentationAnalysisTransform
Transforming aaptcompiler-8.10.1.jar (com.android.tools.build:aaptcompiler:8.10.1) with MergeInstrumentationAnalysisTransform
Transforming tracker-31.10.1.jar (com.android.tools.analytics-library:tracker:31.10.1) with InstrumentationAnalysisTransform
Transforming tracker-31.10.1.jar (com.android.tools.analytics-library:tracker:31.10.1) with MergeInstrumentationAnalysisTransform
Transforming shared-31.10.1.jar (com.android.tools.analytics-library:shared:31.10.1) with InstrumentationAnalysisTransform
Transforming repository-31.10.1.jar (com.android.tools:repository:31.10.1) with ExternalDependencyInstrumentingArtifactTransform
Transforming aaptcompiler-8.10.1.jar (com.android.tools.build:aaptcompiler:8.10.1) with ExternalDependencyInstrumentingArtifactTransform
Transforming shared-31.10.1.jar (com.android.tools.analytics-library:shared:31.10.1) with MergeInstrumentationAnalysisTransform
Transforming databinding-compiler-common-8.10.1.jar (androidx.databinding:databinding-compiler-common:8.10.1) with InstrumentationAnalysisTransform
Transforming databinding-compiler-common-8.10.1.jar (androidx.databinding:databinding-compiler-common:8.10.1) with MergeInstrumentationAnalysisTransform
Transforming shared-31.10.1.jar (com.android.tools.analytics-library:shared:31.10.1) with ExternalDependencyInstrumentingArtifactTransform
Transforming android-test-plugin-host-emulator-control-proto-31.10.1.jar (com.android.tools.utp:android-test-plugin-host-emulator-control-proto:31.10.1) with InstrumentationAnalysisTransform
Transforming tracker-31.10.1.jar (com.android.tools.analytics-library:tracker:31.10.1) with ExternalDependencyInstrumentingArtifactTransform
Transforming android-test-plugin-host-emulator-control-proto-31.10.1.jar (com.android.tools.utp:android-test-plugin-host-emulator-control-proto:31.10.1) with MergeInstrumentationAnalysisTransform
Transforming builder-model-8.10.1.jar (com.android.tools.build:builder-model:8.10.1) with InstrumentationAnalysisTransform
Transforming builder-model-8.10.1.jar (com.android.tools.build:builder-model:8.10.1) with MergeInstrumentationAnalysisTransform
Transforming gradle-api-8.10.1.jar (com.android.tools.build:gradle-api:8.10.1) with InstrumentationAnalysisTransform
Transforming databinding-compiler-common-8.10.1.jar (androidx.databinding:databinding-compiler-common:8.10.1) with ExternalDependencyInstrumentingArtifactTransform
Transforming builder-model-8.10.1.jar (com.android.tools.build:builder-model:8.10.1) with ExternalDependencyInstrumentingArtifactTransform
Transforming gradle-api-8.10.1.jar (com.android.tools.build:gradle-api:8.10.1) with MergeInstrumentationAnalysisTransform
Transforming android-test-plugin-host-emulator-control-proto-31.10.1.jar (com.android.tools.utp:android-test-plugin-host-emulator-control-proto:31.10.1) with ExternalDependencyInstrumentingArtifactTransform
Transforming builder-test-api-8.10.1.jar (com.android.tools.build:builder-test-api:8.10.1) with InstrumentationAnalysisTransform
Transforming gradle-api-8.10.1.jar (com.android.tools.build:gradle-api:8.10.1) with ExternalDependencyInstrumentingArtifactTransform
Transforming builder-test-api-8.10.1.jar (com.android.tools.build:builder-test-api:8.10.1) with MergeInstrumentationAnalysisTransform
Transforming ddmlib-31.10.1.jar (com.android.tools.ddms:ddmlib:31.10.1) with InstrumentationAnalysisTransform
Transforming builder-test-api-8.10.1.jar (com.android.tools.build:builder-test-api:8.10.1) with ExternalDependencyInstrumentingArtifactTransform
Transforming ddmlib-31.10.1.jar (com.android.tools.ddms:ddmlib:31.10.1) with MergeInstrumentationAnalysisTransform
Transforming layoutlib-api-31.10.1.jar (com.android.tools.layoutlib:layoutlib-api:31.10.1) with InstrumentationAnalysisTransform
Transforming layoutlib-api-31.10.1.jar (com.android.tools.layoutlib:layoutlib-api:31.10.1) with MergeInstrumentationAnalysisTransform
Transforming dvlib-31.10.1.jar (com.android.tools:dvlib:31.10.1) with InstrumentationAnalysisTransform
Transforming ddmlib-31.10.1.jar (com.android.tools.ddms:ddmlib:31.10.1) with ExternalDependencyInstrumentingArtifactTransform
Transforming dvlib-31.10.1.jar (com.android.tools:dvlib:31.10.1) with MergeInstrumentationAnalysisTransform
Transforming layoutlib-api-31.10.1.jar (com.android.tools.layoutlib:layoutlib-api:31.10.1) with ExternalDependencyInstrumentingArtifactTransform
Transforming common-31.10.1.jar (com.android.tools:common:31.10.1) with InstrumentationAnalysisTransform
Transforming common-31.10.1.jar (com.android.tools:common:31.10.1) with MergeInstrumentationAnalysisTransform
Transforming kotlin-stdlib-jdk8-2.1.0.jar (org.jetbrains.kotlin:kotlin-stdlib-jdk8:2.1.0) with InstrumentationAnalysisTransform
Transforming kotlin-stdlib-jdk8-2.1.0.jar (org.jetbrains.kotlin:kotlin-stdlib-jdk8:2.1.0) with MergeInstrumentationAnalysisTransform
Transforming dvlib-31.10.1.jar (com.android.tools:dvlib:31.10.1) with ExternalDependencyInstrumentingArtifactTransform
Transforming common-31.10.1.jar (com.android.tools:common:31.10.1) with ExternalDependencyInstrumentingArtifactTransform
Transforming kotlin-stdlib-jdk8-2.1.0.jar (org.jetbrains.kotlin:kotlin-stdlib-jdk8:2.1.0) with ExternalDependencyInstrumentingArtifactTransform
Transforming jetifier-processor-1.0.0-beta10.jar (com.android.tools.build.jetifier:jetifier-processor:1.0.0-beta10) with InstrumentationAnalysisTransform
Transforming jetifier-processor-1.0.0-beta10.jar (com.android.tools.build.jetifier:jetifier-processor:1.0.0-beta10) with MergeInstrumentationAnalysisTransform
Transforming jetifier-core-1.0.0-beta10.jar (com.android.tools.build.jetifier:jetifier-core:1.0.0-beta10) with InstrumentationAnalysisTransform
Transforming jetifier-core-1.0.0-beta10.jar (com.android.tools.build.jetifier:jetifier-core:1.0.0-beta10) with MergeInstrumentationAnalysisTransform
Transforming kotlin-reflect-2.0.20.jar (org.jetbrains.kotlin:kotlin-reflect:2.0.20) with InstrumentationAnalysisTransform
Transforming jetifier-processor-1.0.0-beta10.jar (com.android.tools.build.jetifier:jetifier-processor:1.0.0-beta10) with ExternalDependencyInstrumentingArtifactTransform
Transforming kotlin-reflect-2.0.20.jar (org.jetbrains.kotlin:kotlin-reflect:2.0.20) with MergeInstrumentationAnalysisTransform
Transforming kotlin-stdlib-jdk7-2.1.0.jar (org.jetbrains.kotlin:kotlin-stdlib-jdk7:2.1.0) with InstrumentationAnalysisTransform
Transforming jetifier-core-1.0.0-beta10.jar (com.android.tools.build.jetifier:jetifier-core:1.0.0-beta10) with ExternalDependencyInstrumentingArtifactTransform
Transforming kotlin-stdlib-jdk7-2.1.0.jar (org.jetbrains.kotlin:kotlin-stdlib-jdk7:2.1.0) with MergeInstrumentationAnalysisTransform
Transforming kotlin-stdlib-2.0.20.jar (org.jetbrains.kotlin:kotlin-stdlib:2.0.20) with InstrumentationAnalysisTransform
Transforming kotlin-reflect-2.0.20.jar (org.jetbrains.kotlin:kotlin-reflect:2.0.20) with ExternalDependencyInstrumentingArtifactTransform
Transforming kotlin-stdlib-2.0.20.jar (org.jetbrains.kotlin:kotlin-stdlib:2.0.20) with MergeInstrumentationAnalysisTransform
Transforming annotations-13.0.jar (org.jetbrains:annotations:13.0) with InstrumentationAnalysisTransform
Transforming kotlin-stdlib-jdk7-2.1.0.jar (org.jetbrains.kotlin:kotlin-stdlib-jdk7:2.1.0) with ExternalDependencyInstrumentingArtifactTransform
Transforming kotlin-stdlib-2.0.20.jar (org.jetbrains.kotlin:kotlin-stdlib:2.0.20) with ExternalDependencyInstrumentingArtifactTransform
Transforming annotations-13.0.jar (org.jetbrains:annotations:13.0) with MergeInstrumentationAnalysisTransform
Transforming kotlin-gradle-plugin-model-2.2.20.jar (org.jetbrains.kotlin:kotlin-gradle-plugin-model:2.2.20) with InstrumentationAnalysisTransform
Transforming annotations-13.0.jar (org.jetbrains:annotations:13.0) with ExternalDependencyInstrumentingArtifactTransform
Transforming kotlin-gradle-plugin-model-2.2.20.jar (org.jetbrains.kotlin:kotlin-gradle-plugin-model:2.2.20) with MergeInstrumentationAnalysisTransform
Transforming fus-statistics-gradle-plugin-2.2.20-gradle811.jar (org.jetbrains.kotlin:fus-statistics-gradle-plugin:2.2.20) with InstrumentationAnalysisTransform
Transforming kotlin-gradle-plugin-model-2.2.20.jar (org.jetbrains.kotlin:kotlin-gradle-plugin-model:2.2.20) with ExternalDependencyInstrumentingArtifactTransform
Transforming fus-statistics-gradle-plugin-2.2.20-gradle811.jar (org.jetbrains.kotlin:fus-statistics-gradle-plugin:2.2.20) with MergeInstrumentationAnalysisTransform
Transforming kotlin-gradle-plugin-api-2.2.20.jar (org.jetbrains.kotlin:kotlin-gradle-plugin-api:2.2.20) with InstrumentationAnalysisTransform
Transforming fus-statistics-gradle-plugin-2.2.20-gradle811.jar (org.jetbrains.kotlin:fus-statistics-gradle-plugin:2.2.20) with ExternalDependencyInstrumentingArtifactTransform
Transforming kotlin-gradle-plugin-api-2.2.20.jar (org.jetbrains.kotlin:kotlin-gradle-plugin-api:2.2.20) with MergeInstrumentationAnalysisTransform
Transforming kotlin-gradle-plugin-api-2.2.20-gradle811.jar (org.jetbrains.kotlin:kotlin-gradle-plugin-api:2.2.20) with InstrumentationAnalysisTransform
Transforming kotlin-gradle-plugin-api-2.2.20.jar (org.jetbrains.kotlin:kotlin-gradle-plugin-api:2.2.20) with ExternalDependencyInstrumentingArtifactTransform
Transforming kotlin-gradle-plugin-api-2.2.20-gradle811.jar (org.jetbrains.kotlin:kotlin-gradle-plugin-api:2.2.20) with MergeInstrumentationAnalysisTransform
Transforming kotlin-gradle-plugin-2.2.20-gradle811.jar (org.jetbrains.kotlin:kotlin-gradle-plugin:2.2.20) with InstrumentationAnalysisTransform
Transforming kotlin-gradle-plugin-2.2.20-gradle811.jar (org.jetbrains.kotlin:kotlin-gradle-plugin:2.2.20) with MergeInstrumentationAnalysisTransform
Transforming ktlint-gradle-12.1.1.jar (org.jlleitschuh.gradle:ktlint-gradle:12.1.1) with InstrumentationAnalysisTransform
Transforming ktlint-gradle-12.1.1.jar (org.jlleitschuh.gradle:ktlint-gradle:12.1.1) with MergeInstrumentationAnalysisTransform
Transforming kotlin-gradle-plugin-api-2.2.20-gradle811.jar (org.jetbrains.kotlin:kotlin-gradle-plugin-api:2.2.20) with ExternalDependencyInstrumentingArtifactTransform
Transforming kotlin-gradle-plugin-idea-proto-2.2.20.jar (org.jetbrains.kotlin:kotlin-gradle-plugin-idea-proto:2.2.20) with InstrumentationAnalysisTransform
Transforming kotlin-gradle-plugin-2.2.20-gradle811.jar (org.jetbrains.kotlin:kotlin-gradle-plugin:2.2.20) with ExternalDependencyInstrumentingArtifactTransform
Transforming kotlin-gradle-plugin-idea-proto-2.2.20.jar (org.jetbrains.kotlin:kotlin-gradle-plugin-idea-proto:2.2.20) with MergeInstrumentationAnalysisTransform
Transforming kotlin-gradle-plugin-idea-2.2.20.jar (org.jetbrains.kotlin:kotlin-gradle-plugin-idea:2.2.20) with InstrumentationAnalysisTransform
Transforming ktlint-gradle-12.1.1.jar (org.jlleitschuh.gradle:ktlint-gradle:12.1.1) with ExternalDependencyInstrumentingArtifactTransform
Transforming kotlin-gradle-plugin-idea-2.2.20.jar (org.jetbrains.kotlin:kotlin-gradle-plugin-idea:2.2.20) with MergeInstrumentationAnalysisTransform
Transforming kotlin-gradle-plugin-idea-proto-2.2.20.jar (org.jetbrains.kotlin:kotlin-gradle-plugin-idea-proto:2.2.20) with ExternalDependencyInstrumentingArtifactTransform
Transforming kotlin-klib-commonizer-api-2.2.20.jar (org.jetbrains.kotlin:kotlin-klib-commonizer-api:2.2.20) with InstrumentationAnalysisTransform
Transforming kotlin-klib-commonizer-api-2.2.20.jar (org.jetbrains.kotlin:kotlin-klib-commonizer-api:2.2.20) with MergeInstrumentationAnalysisTransform
Transforming kotlin-build-statistics-2.2.20.jar (org.jetbrains.kotlin:kotlin-build-statistics:2.2.20) with InstrumentationAnalysisTransform
Transforming kotlin-gradle-plugin-idea-2.2.20.jar (org.jetbrains.kotlin:kotlin-gradle-plugin-idea:2.2.20) with ExternalDependencyInstrumentingArtifactTransform
Transforming kotlin-build-statistics-2.2.20.jar (org.jetbrains.kotlin:kotlin-build-statistics:2.2.20) with MergeInstrumentationAnalysisTransform
Transforming kotlin-util-klib-metadata-2.2.20.jar (org.jetbrains.kotlin:kotlin-util-klib-metadata:2.2.20) with InstrumentationAnalysisTransform
Transforming kotlin-build-statistics-2.2.20.jar (org.jetbrains.kotlin:kotlin-build-statistics:2.2.20) with ExternalDependencyInstrumentingArtifactTransform
Transforming kotlin-util-klib-metadata-2.2.20.jar (org.jetbrains.kotlin:kotlin-util-klib-metadata:2.2.20) with MergeInstrumentationAnalysisTransform
Transforming kotlin-klib-commonizer-api-2.2.20.jar (org.jetbrains.kotlin:kotlin-klib-commonizer-api:2.2.20) with ExternalDependencyInstrumentingArtifactTransform
Transforming abi-tools-api-2.2.20.jar (org.jetbrains.kotlin:abi-tools-api:2.2.20) with InstrumentationAnalysisTransform
Transforming kotlin-util-klib-metadata-2.2.20.jar (org.jetbrains.kotlin:kotlin-util-klib-metadata:2.2.20) with ExternalDependencyInstrumentingArtifactTransform
Transforming abi-tools-api-2.2.20.jar (org.jetbrains.kotlin:abi-tools-api:2.2.20) with MergeInstrumentationAnalysisTransform
Transforming kotlin-compiler-runner-2.2.20.jar (org.jetbrains.kotlin:kotlin-compiler-runner:2.2.20) with InstrumentationAnalysisTransform
Transforming abi-tools-api-2.2.20.jar (org.jetbrains.kotlin:abi-tools-api:2.2.20) with ExternalDependencyInstrumentingArtifactTransform
Transforming kotlin-compiler-runner-2.2.20.jar (org.jetbrains.kotlin:kotlin-compiler-runner:2.2.20) with MergeInstrumentationAnalysisTransform
Transforming dnsjava-2.1.9.jar (dnsjava:dnsjava:2.1.9) with InstrumentationAnalysisTransform
Transforming dnsjava-2.1.9.jar (dnsjava:dnsjava:2.1.9) with MergeInstrumentationAnalysisTransform
Transforming kotlin-gradle-plugin-annotations-2.2.20.jar (org.jetbrains.kotlin:kotlin-gradle-plugin-annotations:2.2.20) with InstrumentationAnalysisTransform
Transforming kotlin-gradle-plugin-annotations-2.2.20.jar (org.jetbrains.kotlin:kotlin-gradle-plugin-annotations:2.2.20) with MergeInstrumentationAnalysisTransform
Transforming dnsjava-2.1.9.jar (dnsjava:dnsjava:2.1.9) with ExternalDependencyInstrumentingArtifactTransform
Transforming kotlin-compiler-runner-2.2.20.jar (org.jetbrains.kotlin:kotlin-compiler-runner:2.2.20) with ExternalDependencyInstrumentingArtifactTransform
Transforming kotlin-gradle-plugin-annotations-2.2.20.jar (org.jetbrains.kotlin:kotlin-gradle-plugin-annotations:2.2.20) with ExternalDependencyInstrumentingArtifactTransform
Transforming kotlin-native-utils-2.2.20.jar (org.jetbrains.kotlin:kotlin-native-utils:2.2.20) with InstrumentationAnalysisTransform
Transforming kotlin-native-utils-2.2.20.jar (org.jetbrains.kotlin:kotlin-native-utils:2.2.20) with MergeInstrumentationAnalysisTransform
Transforming kotlin-tooling-core-2.2.20.jar (org.jetbrains.kotlin:kotlin-tooling-core:2.2.20) with InstrumentationAnalysisTransform
Transforming kotlin-tooling-core-2.2.20.jar (org.jetbrains.kotlin:kotlin-tooling-core:2.2.20) with MergeInstrumentationAnalysisTransform
Transforming kotlin-build-tools-api-2.2.20.jar (org.jetbrains.kotlin:kotlin-build-tools-api:2.2.20) with InstrumentationAnalysisTransform
Transforming kotlin-native-utils-2.2.20.jar (org.jetbrains.kotlin:kotlin-native-utils:2.2.20) with ExternalDependencyInstrumentingArtifactTransform
Transforming kotlin-build-tools-api-2.2.20.jar (org.jetbrains.kotlin:kotlin-build-tools-api:2.2.20) with MergeInstrumentationAnalysisTransform
Transforming android-test-plugin-result-listener-gradle-proto-31.10.1.jar (com.android.tools.utp:android-test-plugin-result-listener-gradle-proto:31.10.1) with InstrumentationAnalysisTransform
Transforming kotlin-tooling-core-2.2.20.jar (org.jetbrains.kotlin:kotlin-tooling-core:2.2.20) with ExternalDependencyInstrumentingArtifactTransform
Transforming android-test-plugin-result-listener-gradle-proto-31.10.1.jar (com.android.tools.utp:android-test-plugin-result-listener-gradle-proto:31.10.1) with MergeInstrumentationAnalysisTransform
Transforming bundletool-1.18.0.jar (com.android.tools.build:bundletool:1.18.0) with InstrumentationAnalysisTransform
Transforming kotlin-build-tools-api-2.2.20.jar (org.jetbrains.kotlin:kotlin-build-tools-api:2.2.20) with ExternalDependencyInstrumentingArtifactTransform
Transforming bundletool-1.18.0.jar (com.android.tools.build:bundletool:1.18.0) with MergeInstrumentationAnalysisTransform
Transforming protobuf-java-util-3.25.5.jar (com.google.protobuf:protobuf-java-util:3.25.5) with InstrumentationAnalysisTransform
Transforming android-test-plugin-result-listener-gradle-proto-31.10.1.jar (com.android.tools.utp:android-test-plugin-result-listener-gradle-proto:31.10.1) with ExternalDependencyInstrumentingArtifactTransform
Transforming bundletool-1.18.0.jar (com.android.tools.build:bundletool:1.18.0) with ExternalDependencyInstrumentingArtifactTransform
Transforming protobuf-java-util-3.25.5.jar (com.google.protobuf:protobuf-java-util:3.25.5) with MergeInstrumentationAnalysisTransform
Transforming grpc-netty-1.69.1.jar (io.grpc:grpc-netty:1.69.1) with InstrumentationAnalysisTransform
Transforming protobuf-java-util-3.25.5.jar (com.google.protobuf:protobuf-java-util:3.25.5) with ExternalDependencyInstrumentingArtifactTransform
Transforming grpc-netty-1.69.1.jar (io.grpc:grpc-netty:1.69.1) with MergeInstrumentationAnalysisTransform
Transforming grpc-inprocess-1.69.1.jar (io.grpc:grpc-inprocess:1.69.1) with InstrumentationAnalysisTransform
Transforming grpc-inprocess-1.69.1.jar (io.grpc:grpc-inprocess:1.69.1) with MergeInstrumentationAnalysisTransform
Transforming grpc-util-1.69.1.jar (io.grpc:grpc-util:1.69.1) with InstrumentationAnalysisTransform
Transforming grpc-util-1.69.1.jar (io.grpc:grpc-util:1.69.1) with MergeInstrumentationAnalysisTransform
Transforming grpc-netty-1.69.1.jar (io.grpc:grpc-netty:1.69.1) with ExternalDependencyInstrumentingArtifactTransform
Transforming grpc-core-1.69.1.jar (io.grpc:grpc-core:1.69.1) with InstrumentationAnalysisTransform
Transforming grpc-inprocess-1.69.1.jar (io.grpc:grpc-inprocess:1.69.1) with ExternalDependencyInstrumentingArtifactTransform
Transforming grpc-util-1.69.1.jar (io.grpc:grpc-util:1.69.1) with ExternalDependencyInstrumentingArtifactTransform
Transforming grpc-core-1.69.1.jar (io.grpc:grpc-core:1.69.1) with MergeInstrumentationAnalysisTransform
Transforming tink-1.7.0.jar (com.google.crypto.tink:tink:1.7.0) with InstrumentationAnalysisTransform
Transforming tink-1.7.0.jar (com.google.crypto.tink:tink:1.7.0) with MergeInstrumentationAnalysisTransform
Transforming gson-2.11.0.jar (com.google.code.gson:gson:2.11.0) with InstrumentationAnalysisTransform
Transforming gson-2.11.0.jar (com.google.code.gson:gson:2.11.0) with MergeInstrumentationAnalysisTransform
Transforming grpc-core-1.69.1.jar (io.grpc:grpc-core:1.69.1) with ExternalDependencyInstrumentingArtifactTransform
Transforming tink-1.7.0.jar (com.google.crypto.tink:tink:1.7.0) with ExternalDependencyInstrumentingArtifactTransform
Transforming kotlin-util-klib-2.2.20.jar (org.jetbrains.kotlin:kotlin-util-klib:2.2.20) with InstrumentationAnalysisTransform
Transforming gson-2.11.0.jar (com.google.code.gson:gson:2.11.0) with ExternalDependencyInstrumentingArtifactTransform
Transforming kotlin-util-klib-2.2.20.jar (org.jetbrains.kotlin:kotlin-util-klib:2.2.20) with MergeInstrumentationAnalysisTransform
Transforming kotlin-util-io-2.2.20.jar (org.jetbrains.kotlin:kotlin-util-io:2.2.20) with InstrumentationAnalysisTransform
Transforming kotlin-util-klib-2.2.20.jar (org.jetbrains.kotlin:kotlin-util-klib:2.2.20) with ExternalDependencyInstrumentingArtifactTransform
Transforming kotlin-util-io-2.2.20.jar (org.jetbrains.kotlin:kotlin-util-io:2.2.20) with MergeInstrumentationAnalysisTransform
Transforming kotlin-daemon-client-2.2.20.jar (org.jetbrains.kotlin:kotlin-daemon-client:2.2.20) with InstrumentationAnalysisTransform
Transforming kotlin-util-io-2.2.20.jar (org.jetbrains.kotlin:kotlin-util-io:2.2.20) with ExternalDependencyInstrumentingArtifactTransform
Transforming kotlin-daemon-client-2.2.20.jar (org.jetbrains.kotlin:kotlin-daemon-client:2.2.20) with MergeInstrumentationAnalysisTransform
Transforming kotlinx-coroutines-core-jvm-1.8.0.jar (org.jetbrains.kotlinx:kotlinx-coroutines-core-jvm:1.8.0) with InstrumentationAnalysisTransform
Transforming kotlinx-coroutines-core-jvm-1.8.0.jar (org.jetbrains.kotlinx:kotlinx-coroutines-core-jvm:1.8.0) with MergeInstrumentationAnalysisTransform
Transforming aapt2-proto-8.10.1-12782657.jar (com.android.tools.build:aapt2-proto:8.10.1-12782657) with InstrumentationAnalysisTransform
Transforming aapt2-proto-8.10.1-12782657.jar (com.android.tools.build:aapt2-proto:8.10.1-12782657) with MergeInstrumentationAnalysisTransform
Transforming kotlin-daemon-client-2.2.20.jar (org.jetbrains.kotlin:kotlin-daemon-client:2.2.20) with ExternalDependencyInstrumentingArtifactTransform
Transforming crash-31.10.1.jar (com.android.tools.analytics-library:crash:31.10.1) with InstrumentationAnalysisTransform
Transforming kotlinx-coroutines-core-jvm-1.8.0.jar (org.jetbrains.kotlinx:kotlinx-coroutines-core-jvm:1.8.0) with ExternalDependencyInstrumentingArtifactTransform
Transforming crash-31.10.1.jar (com.android.tools.analytics-library:crash:31.10.1) with MergeInstrumentationAnalysisTransform
Transforming aapt2-proto-8.10.1-12782657.jar (com.android.tools.build:aapt2-proto:8.10.1-12782657) with ExternalDependencyInstrumentingArtifactTransform
Transforming lint-typedef-remover-31.10.1.jar (com.android.tools.lint:lint-typedef-remover:31.10.1) with InstrumentationAnalysisTransform
Transforming lint-typedef-remover-31.10.1.jar (com.android.tools.lint:lint-typedef-remover:31.10.1) with MergeInstrumentationAnalysisTransform
Transforming databinding-common-8.10.1.jar (androidx.databinding:databinding-common:8.10.1) with InstrumentationAnalysisTransform
Transforming crash-31.10.1.jar (com.android.tools.analytics-library:crash:31.10.1) with ExternalDependencyInstrumentingArtifactTransform
Transforming databinding-common-8.10.1.jar (androidx.databinding:databinding-common:8.10.1) with MergeInstrumentationAnalysisTransform
Transforming lint-typedef-remover-31.10.1.jar (com.android.tools.lint:lint-typedef-remover:31.10.1) with ExternalDependencyInstrumentingArtifactTransform
Transforming baseLibrary-8.10.1.jar (com.android.databinding:baseLibrary:8.10.1) with InstrumentationAnalysisTransform
Transforming databinding-common-8.10.1.jar (androidx.databinding:databinding-common:8.10.1) with ExternalDependencyInstrumentingArtifactTransform
Transforming baseLibrary-8.10.1.jar (com.android.databinding:baseLibrary:8.10.1) with MergeInstrumentationAnalysisTransform
Transforming android-device-provider-ddmlib-proto-31.10.1.jar (com.android.tools.utp:android-device-provider-ddmlib-proto:31.10.1) with InstrumentationAnalysisTransform
Transforming android-device-provider-ddmlib-proto-31.10.1.jar (com.android.tools.utp:android-device-provider-ddmlib-proto:31.10.1) with MergeInstrumentationAnalysisTransform
Transforming android-device-provider-gradle-proto-31.10.1.jar (com.android.tools.utp:android-device-provider-gradle-proto:31.10.1) with InstrumentationAnalysisTransform
Transforming baseLibrary-8.10.1.jar (com.android.databinding:baseLibrary:8.10.1) with ExternalDependencyInstrumentingArtifactTransform
Transforming android-device-provider-gradle-proto-31.10.1.jar (com.android.tools.utp:android-device-provider-gradle-proto:31.10.1) with MergeInstrumentationAnalysisTransform
Transforming android-device-provider-profile-proto-31.10.1.jar (com.android.tools.utp:android-device-provider-profile-proto:31.10.1) with InstrumentationAnalysisTransform
Transforming android-device-provider-profile-proto-31.10.1.jar (com.android.tools.utp:android-device-provider-profile-proto:31.10.1) with MergeInstrumentationAnalysisTransform
Transforming android-device-provider-gradle-proto-31.10.1.jar (com.android.tools.utp:android-device-provider-gradle-proto:31.10.1) with ExternalDependencyInstrumentingArtifactTransform
Transforming android-device-provider-ddmlib-proto-31.10.1.jar (com.android.tools.utp:android-device-provider-ddmlib-proto:31.10.1) with ExternalDependencyInstrumentingArtifactTransform
Transforming android-test-plugin-host-additional-test-output-proto-31.10.1.jar (com.android.tools.utp:android-test-plugin-host-additional-test-output-proto:31.10.1) with InstrumentationAnalysisTransform
Transforming android-test-plugin-host-additional-test-output-proto-31.10.1.jar (com.android.tools.utp:android-test-plugin-host-additional-test-output-proto:31.10.1) with MergeInstrumentationAnalysisTransform
Transforming android-device-provider-profile-proto-31.10.1.jar (com.android.tools.utp:android-device-provider-profile-proto:31.10.1) with ExternalDependencyInstrumentingArtifactTransform
Transforming android-test-plugin-host-coverage-proto-31.10.1.jar (com.android.tools.utp:android-test-plugin-host-coverage-proto:31.10.1) with InstrumentationAnalysisTransform
Transforming android-test-plugin-host-coverage-proto-31.10.1.jar (com.android.tools.utp:android-test-plugin-host-coverage-proto:31.10.1) with MergeInstrumentationAnalysisTransform
Transforming android-test-plugin-host-logcat-proto-31.10.1.jar (com.android.tools.utp:android-test-plugin-host-logcat-proto:31.10.1) with InstrumentationAnalysisTransform
Transforming android-test-plugin-host-additional-test-output-proto-31.10.1.jar (com.android.tools.utp:android-test-plugin-host-additional-test-output-proto:31.10.1) with ExternalDependencyInstrumentingArtifactTransform
Transforming android-test-plugin-host-logcat-proto-31.10.1.jar (com.android.tools.utp:android-test-plugin-host-logcat-proto:31.10.1) with MergeInstrumentationAnalysisTransform
Transforming android-test-plugin-host-apk-installer-proto-31.10.1.jar (com.android.tools.utp:android-test-plugin-host-apk-installer-proto:31.10.1) with InstrumentationAnalysisTransform
Transforming android-test-plugin-host-coverage-proto-31.10.1.jar (com.android.tools.utp:android-test-plugin-host-coverage-proto:31.10.1) with ExternalDependencyInstrumentingArtifactTransform
Transforming android-test-plugin-host-apk-installer-proto-31.10.1.jar (com.android.tools.utp:android-test-plugin-host-apk-installer-proto:31.10.1) with MergeInstrumentationAnalysisTransform
Transforming transform-api-2.0.0-deprecated-use-gradle-api.jar (com.android.tools.build:transform-api:2.0.0-deprecated-use-gradle-api) with InstrumentationAnalysisTransform
Transforming android-test-plugin-host-logcat-proto-31.10.1.jar (com.android.tools.utp:android-test-plugin-host-logcat-proto:31.10.1) with ExternalDependencyInstrumentingArtifactTransform
Transforming transform-api-2.0.0-deprecated-use-gradle-api.jar (com.android.tools.build:transform-api:2.0.0-deprecated-use-gradle-api) with MergeInstrumentationAnalysisTransform
Transforming httpmime-4.5.6.jar (org.apache.httpcomponents:httpmime:4.5.6) with InstrumentationAnalysisTransform
Transforming android-test-plugin-host-apk-installer-proto-31.10.1.jar (com.android.tools.utp:android-test-plugin-host-apk-installer-proto:31.10.1) with ExternalDependencyInstrumentingArtifactTransform
Transforming httpmime-4.5.6.jar (org.apache.httpcomponents:httpmime:4.5.6) with MergeInstrumentationAnalysisTransform
Transforming transform-api-2.0.0-deprecated-use-gradle-api.jar (com.android.tools.build:transform-api:2.0.0-deprecated-use-gradle-api) with ExternalDependencyInstrumentingArtifactTransform
Transforming commons-io-2.16.1.jar (commons-io:commons-io:2.16.1) with InstrumentationAnalysisTransform
Transforming commons-io-2.16.1.jar (commons-io:commons-io:2.16.1) with MergeInstrumentationAnalysisTransform
Transforming asm-commons-9.7.1.jar (org.ow2.asm:asm-commons:9.7.1) with InstrumentationAnalysisTransform
Transforming httpmime-4.5.6.jar (org.apache.httpcomponents:httpmime:4.5.6) with ExternalDependencyInstrumentingArtifactTransform
Transforming asm-commons-9.7.1.jar (org.ow2.asm:asm-commons:9.7.1) with MergeInstrumentationAnalysisTransform
Transforming asm-util-9.7.1.jar (org.ow2.asm:asm-util:9.7.1) with InstrumentationAnalysisTransform
Transforming commons-io-2.16.1.jar (commons-io:commons-io:2.16.1) with ExternalDependencyInstrumentingArtifactTransform
Transforming asm-commons-9.7.1.jar (org.ow2.asm:asm-commons:9.7.1) with ExternalDependencyInstrumentingArtifactTransform
Transforming asm-util-9.7.1.jar (org.ow2.asm:asm-util:9.7.1) with MergeInstrumentationAnalysisTransform
Transforming asm-analysis-9.7.1.jar (org.ow2.asm:asm-analysis:9.7.1) with InstrumentationAnalysisTransform
Transforming asm-util-9.7.1.jar (org.ow2.asm:asm-util:9.7.1) with ExternalDependencyInstrumentingArtifactTransform
Transforming asm-analysis-9.7.1.jar (org.ow2.asm:asm-analysis:9.7.1) with MergeInstrumentationAnalysisTransform
Transforming asm-tree-9.7.1.jar (org.ow2.asm:asm-tree:9.7.1) with InstrumentationAnalysisTransform
Transforming asm-analysis-9.7.1.jar (org.ow2.asm:asm-analysis:9.7.1) with ExternalDependencyInstrumentingArtifactTransform
Transforming asm-tree-9.7.1.jar (org.ow2.asm:asm-tree:9.7.1) with MergeInstrumentationAnalysisTransform
Transforming asm-9.7.1.jar (org.ow2.asm:asm:9.7.1) with InstrumentationAnalysisTransform
Transforming asm-9.7.1.jar (org.ow2.asm:asm:9.7.1) with MergeInstrumentationAnalysisTransform
Transforming apkzlib-8.10.1.jar (com.android.tools.build:apkzlib:8.10.1) with InstrumentationAnalysisTransform
Transforming asm-tree-9.7.1.jar (org.ow2.asm:asm-tree:9.7.1) with ExternalDependencyInstrumentingArtifactTransform
Transforming apkzlib-8.10.1.jar (com.android.tools.build:apkzlib:8.10.1) with MergeInstrumentationAnalysisTransform
Transforming bcpkix-jdk18on-1.79.jar (org.bouncycastle:bcpkix-jdk18on:1.79) with InstrumentationAnalysisTransform
Transforming bcpkix-jdk18on-1.79.jar (org.bouncycastle:bcpkix-jdk18on:1.79) with MergeInstrumentationAnalysisTransform
Transforming asm-9.7.1.jar (org.ow2.asm:asm:9.7.1) with ExternalDependencyInstrumentingArtifactTransform
Transforming jaxb-runtime-2.3.2.jar (org.glassfish.jaxb:jaxb-runtime:2.3.2) with InstrumentationAnalysisTransform
Transforming apkzlib-8.10.1.jar (com.android.tools.build:apkzlib:8.10.1) with ExternalDependencyInstrumentingArtifactTransform
Transforming jaxb-runtime-2.3.2.jar (org.glassfish.jaxb:jaxb-runtime:2.3.2) with MergeInstrumentationAnalysisTransform
Transforming jopt-simple-4.9.jar (net.sf.jopt-simple:jopt-simple:4.9) with InstrumentationAnalysisTransform
Transforming bcpkix-jdk18on-1.79.jar (org.bouncycastle:bcpkix-jdk18on:1.79) with ExternalDependencyInstrumentingArtifactTransform
Transforming jopt-simple-4.9.jar (net.sf.jopt-simple:jopt-simple:4.9) with MergeInstrumentationAnalysisTransform
Transforming jaxb-runtime-2.3.2.jar (org.glassfish.jaxb:jaxb-runtime:2.3.2) with ExternalDependencyInstrumentingArtifactTransform
Transforming javapoet-1.10.0.jar (com.squareup:javapoet:1.10.0) with InstrumentationAnalysisTransform
Transforming javapoet-1.10.0.jar (com.squareup:javapoet:1.10.0) with MergeInstrumentationAnalysisTransform
Transforming grpc-protobuf-1.69.1.jar (io.grpc:grpc-protobuf:1.69.1) with InstrumentationAnalysisTransform
Transforming jopt-simple-4.9.jar (net.sf.jopt-simple:jopt-simple:4.9) with ExternalDependencyInstrumentingArtifactTransform
Transforming grpc-protobuf-1.69.1.jar (io.grpc:grpc-protobuf:1.69.1) with MergeInstrumentationAnalysisTransform
Transforming core-proto-0.0.9-alpha03.jar (com.google.testing.platform:core-proto:0.0.9-alpha03) with InstrumentationAnalysisTransform
Transforming javapoet-1.10.0.jar (com.squareup:javapoet:1.10.0) with ExternalDependencyInstrumentingArtifactTransform
Transforming core-proto-0.0.9-alpha03.jar (com.google.testing.platform:core-proto:0.0.9-alpha03) with MergeInstrumentationAnalysisTransform
Transforming protos-31.10.1.jar (com.android.tools.analytics-library:protos:31.10.1) with InstrumentationAnalysisTransform
Transforming grpc-protobuf-1.69.1.jar (io.grpc:grpc-protobuf:1.69.1) with ExternalDependencyInstrumentingArtifactTransform
Transforming core-proto-0.0.9-alpha03.jar (com.google.testing.platform:core-proto:0.0.9-alpha03) with ExternalDependencyInstrumentingArtifactTransform
Transforming protos-31.10.1.jar (com.android.tools.analytics-library:protos:31.10.1) with MergeInstrumentationAnalysisTransform
Transforming proto-google-common-protos-2.48.0.jar (com.google.api.grpc:proto-google-common-protos:2.48.0) with InstrumentationAnalysisTransform
Transforming proto-google-common-protos-2.48.0.jar (com.google.api.grpc:proto-google-common-protos:2.48.0) with MergeInstrumentationAnalysisTransform
Transforming protobuf-java-3.25.5.jar (com.google.protobuf:protobuf-java:3.25.5) with InstrumentationAnalysisTransform
Transforming protos-31.10.1.jar (com.android.tools.analytics-library:protos:31.10.1) with ExternalDependencyInstrumentingArtifactTransform
Transforming protobuf-java-3.25.5.jar (com.google.protobuf:protobuf-java:3.25.5) with MergeInstrumentationAnalysisTransform
Transforming proto-google-common-protos-2.48.0.jar (com.google.api.grpc:proto-google-common-protos:2.48.0) with ExternalDependencyInstrumentingArtifactTransform
Transforming grpc-stub-1.69.1.jar (io.grpc:grpc-stub:1.69.1) with InstrumentationAnalysisTransform
Transforming grpc-stub-1.69.1.jar (io.grpc:grpc-stub:1.69.1) with MergeInstrumentationAnalysisTransform
Transforming tensorflow-lite-metadata-0.2.0.jar (org.tensorflow:tensorflow-lite-metadata:0.2.0) with InstrumentationAnalysisTransform
Transforming protobuf-java-3.25.5.jar (com.google.protobuf:protobuf-java:3.25.5) with ExternalDependencyInstrumentingArtifactTransform
Transforming tensorflow-lite-metadata-0.2.0.jar (org.tensorflow:tensorflow-lite-metadata:0.2.0) with MergeInstrumentationAnalysisTransform
Transforming flatbuffers-java-1.12.0.jar (com.google.flatbuffers:flatbuffers-java:1.12.0) with InstrumentationAnalysisTransform
Transforming grpc-stub-1.69.1.jar (io.grpc:grpc-stub:1.69.1) with ExternalDependencyInstrumentingArtifactTransform
Transforming flatbuffers-java-1.12.0.jar (com.google.flatbuffers:flatbuffers-java:1.12.0) with MergeInstrumentationAnalysisTransform
Transforming tensorflow-lite-metadata-0.2.0.jar (org.tensorflow:tensorflow-lite-metadata:0.2.0) with ExternalDependencyInstrumentingArtifactTransform
Transforming jimfs-1.1.jar (com.google.jimfs:jimfs:1.1) with InstrumentationAnalysisTransform
Transforming jimfs-1.1.jar (com.google.jimfs:jimfs:1.1) with MergeInstrumentationAnalysisTransform
Transforming flatbuffers-java-1.12.0.jar (com.google.flatbuffers:flatbuffers-java:1.12.0) with ExternalDependencyInstrumentingArtifactTransform
Transforming grpc-context-1.69.1.jar (io.grpc:grpc-context:1.69.1) with InstrumentationAnalysisTransform
Transforming grpc-context-1.69.1.jar (io.grpc:grpc-context:1.69.1) with MergeInstrumentationAnalysisTransform
Transforming grpc-protobuf-lite-1.69.1.jar (io.grpc:grpc-protobuf-lite:1.69.1) with InstrumentationAnalysisTransform
Transforming grpc-protobuf-lite-1.69.1.jar (io.grpc:grpc-protobuf-lite:1.69.1) with MergeInstrumentationAnalysisTransform
Transforming jimfs-1.1.jar (com.google.jimfs:jimfs:1.1) with ExternalDependencyInstrumentingArtifactTransform
Transforming grpc-context-1.69.1.jar (io.grpc:grpc-context:1.69.1) with ExternalDependencyInstrumentingArtifactTransform
Transforming grpc-protobuf-lite-1.69.1.jar (io.grpc:grpc-protobuf-lite:1.69.1) with ExternalDependencyInstrumentingArtifactTransform
Transforming grpc-api-1.69.1.jar (io.grpc:grpc-api:1.69.1) with InstrumentationAnalysisTransform
Transforming grpc-api-1.69.1.jar (io.grpc:grpc-api:1.69.1) with MergeInstrumentationAnalysisTransform
Transforming guava-33.3.1-jre.jar (com.google.guava:guava:33.3.1-jre) with InstrumentationAnalysisTransform
Transforming guava-33.3.1-jre.jar (com.google.guava:guava:33.3.1-jre) with MergeInstrumentationAnalysisTransform
Transforming error_prone_annotations-2.30.0.jar (com.google.errorprone:error_prone_annotations:2.30.0) with InstrumentationAnalysisTransform
Transforming grpc-api-1.69.1.jar (io.grpc:grpc-api:1.69.1) with ExternalDependencyInstrumentingArtifactTransform
Transforming error_prone_annotations-2.30.0.jar (com.google.errorprone:error_prone_annotations:2.30.0) with MergeInstrumentationAnalysisTransform
Transforming dagger-2.28.3.jar (com.google.dagger:dagger:2.28.3) with InstrumentationAnalysisTransform
Transforming guava-33.3.1-jre.jar (com.google.guava:guava:33.3.1-jre) with ExternalDependencyInstrumentingArtifactTransform
Transforming dagger-2.28.3.jar (com.google.dagger:dagger:2.28.3) with MergeInstrumentationAnalysisTransform
Transforming javax.inject-1.jar (javax.inject:javax.inject:1) with InstrumentationAnalysisTransform
Transforming error_prone_annotations-2.30.0.jar (com.google.errorprone:error_prone_annotations:2.30.0) with ExternalDependencyInstrumentingArtifactTransform
Transforming javax.inject-1.jar (javax.inject:javax.inject:1) with MergeInstrumentationAnalysisTransform
Transforming kxml2-2.3.0.jar (net.sf.kxml:kxml2:2.3.0) with InstrumentationAnalysisTransform
Transforming dagger-2.28.3.jar (com.google.dagger:dagger:2.28.3) with ExternalDependencyInstrumentingArtifactTransform
Transforming kxml2-2.3.0.jar (net.sf.kxml:kxml2:2.3.0) with MergeInstrumentationAnalysisTransform
Transforming commons-compress-1.21.jar (org.apache.commons:commons-compress:1.21) with InstrumentationAnalysisTransform
Transforming javax.inject-1.jar (javax.inject:javax.inject:1) with ExternalDependencyInstrumentingArtifactTransform
Transforming commons-compress-1.21.jar (org.apache.commons:commons-compress:1.21) with MergeInstrumentationAnalysisTransform
Transforming bcutil-jdk18on-1.79.jar (org.bouncycastle:bcutil-jdk18on:1.79) with InstrumentationAnalysisTransform
Transforming kxml2-2.3.0.jar (net.sf.kxml:kxml2:2.3.0) with ExternalDependencyInstrumentingArtifactTransform
Transforming commons-compress-1.21.jar (org.apache.commons:commons-compress:1.21) with ExternalDependencyInstrumentingArtifactTransform
Transforming bcutil-jdk18on-1.79.jar (org.bouncycastle:bcutil-jdk18on:1.79) with MergeInstrumentationAnalysisTransform
Transforming bcprov-jdk18on-1.79.jar (org.bouncycastle:bcprov-jdk18on:1.79) with InstrumentationAnalysisTransform
Transforming bcprov-jdk18on-1.79.jar (org.bouncycastle:bcprov-jdk18on:1.79) with MergeInstrumentationAnalysisTransform
Transforming bcutil-jdk18on-1.79.jar (org.bouncycastle:bcutil-jdk18on:1.79) with ExternalDependencyInstrumentingArtifactTransform
Transforming httpclient-4.5.14.jar (org.apache.httpcomponents:httpclient:4.5.14) with InstrumentationAnalysisTransform
Transforming httpclient-4.5.14.jar (org.apache.httpcomponents:httpclient:4.5.14) with MergeInstrumentationAnalysisTransform
Transforming httpcore-4.4.16.jar (org.apache.httpcomponents:httpcore:4.4.16) with InstrumentationAnalysisTransform
Transforming bcprov-jdk18on-1.79.jar (org.bouncycastle:bcprov-jdk18on:1.79) with ExternalDependencyInstrumentingArtifactTransform
Transforming httpcore-4.4.16.jar (org.apache.httpcomponents:httpcore:4.4.16) with MergeInstrumentationAnalysisTransform
Transforming httpclient-4.5.14.jar (org.apache.httpcomponents:httpclient:4.5.14) with ExternalDependencyInstrumentingArtifactTransform
Transforming javax.activation-1.2.0.jar (com.sun.activation:javax.activation:1.2.0) with InstrumentationAnalysisTransform
Transforming javax.activation-1.2.0.jar (com.sun.activation:javax.activation:1.2.0) with MergeInstrumentationAnalysisTransform
Transforming signflinger-8.10.1.jar (com.android:signflinger:8.10.1) with InstrumentationAnalysisTransform
Transforming httpcore-4.4.16.jar (org.apache.httpcomponents:httpcore:4.4.16) with ExternalDependencyInstrumentingArtifactTransform
Transforming signflinger-8.10.1.jar (com.android:signflinger:8.10.1) with MergeInstrumentationAnalysisTransform
Transforming javax.activation-1.2.0.jar (com.sun.activation:javax.activation:1.2.0) with ExternalDependencyInstrumentingArtifactTransform
Transforming zipflinger-8.10.1.jar (com.android:zipflinger:8.10.1) with InstrumentationAnalysisTransform
Transforming zipflinger-8.10.1.jar (com.android:zipflinger:8.10.1) with MergeInstrumentationAnalysisTransform
Transforming signflinger-8.10.1.jar (com.android:signflinger:8.10.1) with ExternalDependencyInstrumentingArtifactTransform
Transforming annotations-31.10.1.jar (com.android.tools:annotations:31.10.1) with InstrumentationAnalysisTransform
Transforming annotations-31.10.1.jar (com.android.tools:annotations:31.10.1) with MergeInstrumentationAnalysisTransform
Transforming jna-platform-5.6.0.jar (net.java.dev.jna:jna-platform:5.6.0) with InstrumentationAnalysisTransform
Transforming zipflinger-8.10.1.jar (com.android:zipflinger:8.10.1) with ExternalDependencyInstrumentingArtifactTransform
Transforming jna-platform-5.6.0.jar (net.java.dev.jna:jna-platform:5.6.0) with MergeInstrumentationAnalysisTransform
Transforming juniversalchardet-1.0.3.jar (com.googlecode.juniversalchardet:juniversalchardet:1.0.3) with InstrumentationAnalysisTransform
Transforming annotations-31.10.1.jar (com.android.tools:annotations:31.10.1) with ExternalDependencyInstrumentingArtifactTransform
Transforming juniversalchardet-1.0.3.jar (com.googlecode.juniversalchardet:juniversalchardet:1.0.3) with MergeInstrumentationAnalysisTransform
Transforming javax.annotation-api-1.3.2.jar (javax.annotation:javax.annotation-api:1.3.2) with InstrumentationAnalysisTransform
Transforming jna-platform-5.6.0.jar (net.java.dev.jna:jna-platform:5.6.0) with ExternalDependencyInstrumentingArtifactTransform
Transforming juniversalchardet-1.0.3.jar (com.googlecode.juniversalchardet:juniversalchardet:1.0.3) with ExternalDependencyInstrumentingArtifactTransform
Transforming javax.annotation-api-1.3.2.jar (javax.annotation:javax.annotation-api:1.3.2) with MergeInstrumentationAnalysisTransform
Transforming stax-ex-1.8.1.jar (org.jvnet.staxex:stax-ex:1.8.1) with InstrumentationAnalysisTransform
Transforming javax.annotation-api-1.3.2.jar (javax.annotation:javax.annotation-api:1.3.2) with ExternalDependencyInstrumentingArtifactTransform
Transforming stax-ex-1.8.1.jar (org.jvnet.staxex:stax-ex:1.8.1) with MergeInstrumentationAnalysisTransform
Transforming jakarta.xml.bind-api-2.3.2.jar (jakarta.xml.bind:jakarta.xml.bind-api:2.3.2) with InstrumentationAnalysisTransform
Transforming jakarta.xml.bind-api-2.3.2.jar (jakarta.xml.bind:jakarta.xml.bind-api:2.3.2) with MergeInstrumentationAnalysisTransform
Transforming txw2-2.3.2.jar (org.glassfish.jaxb:txw2:2.3.2) with InstrumentationAnalysisTransform
Transforming txw2-2.3.2.jar (org.glassfish.jaxb:txw2:2.3.2) with MergeInstrumentationAnalysisTransform
Transforming stax-ex-1.8.1.jar (org.jvnet.staxex:stax-ex:1.8.1) with ExternalDependencyInstrumentingArtifactTransform
Transforming istack-commons-runtime-3.0.8.jar (com.sun.istack:istack-commons-runtime:3.0.8) with InstrumentationAnalysisTransform
Transforming jakarta.xml.bind-api-2.3.2.jar (jakarta.xml.bind:jakarta.xml.bind-api:2.3.2) with ExternalDependencyInstrumentingArtifactTransform
Transforming istack-commons-runtime-3.0.8.jar (com.sun.istack:istack-commons-runtime:3.0.8) with MergeInstrumentationAnalysisTransform
Transforming FastInfoset-1.2.16.jar (com.sun.xml.fastinfoset:FastInfoset:1.2.16) with InstrumentationAnalysisTransform
Transforming txw2-2.3.2.jar (org.glassfish.jaxb:txw2:2.3.2) with ExternalDependencyInstrumentingArtifactTransform
Transforming FastInfoset-1.2.16.jar (com.sun.xml.fastinfoset:FastInfoset:1.2.16) with MergeInstrumentationAnalysisTransform
Transforming istack-commons-runtime-3.0.8.jar (com.sun.istack:istack-commons-runtime:3.0.8) with ExternalDependencyInstrumentingArtifactTransform
Transforming jakarta.activation-api-1.2.1.jar (jakarta.activation:jakarta.activation-api:1.2.1) with InstrumentationAnalysisTransform
Transforming jakarta.activation-api-1.2.1.jar (jakarta.activation:jakarta.activation-api:1.2.1) with MergeInstrumentationAnalysisTransform
Transforming auto-value-annotations-1.6.2.jar (com.google.auto.value:auto-value-annotations:1.6.2) with InstrumentationAnalysisTransform
Transforming FastInfoset-1.2.16.jar (com.sun.xml.fastinfoset:FastInfoset:1.2.16) with ExternalDependencyInstrumentingArtifactTransform
Transforming auto-value-annotations-1.6.2.jar (com.google.auto.value:auto-value-annotations:1.6.2) with MergeInstrumentationAnalysisTransform
Transforming jakarta.activation-api-1.2.1.jar (jakarta.activation:jakarta.activation-api:1.2.1) with ExternalDependencyInstrumentingArtifactTransform
Transforming jose4j-0.9.5.jar (org.bitbucket.b_c:jose4j:0.9.5) with InstrumentationAnalysisTransform
Transforming jose4j-0.9.5.jar (org.bitbucket.b_c:jose4j:0.9.5) with MergeInstrumentationAnalysisTransform
Transforming slf4j-api-1.7.30.jar (org.slf4j:slf4j-api:1.7.30) with InstrumentationAnalysisTransform
Transforming auto-value-annotations-1.6.2.jar (com.google.auto.value:auto-value-annotations:1.6.2) with ExternalDependencyInstrumentingArtifactTransform
Transforming slf4j-api-1.7.30.jar (org.slf4j:slf4j-api:1.7.30) with MergeInstrumentationAnalysisTransform
Transforming jdom2-2.0.6.jar (org.jdom:jdom2:2.0.6) with InstrumentationAnalysisTransform
Transforming jose4j-0.9.5.jar (org.bitbucket.b_c:jose4j:0.9.5) with ExternalDependencyInstrumentingArtifactTransform
Transforming jdom2-2.0.6.jar (org.jdom:jdom2:2.0.6) with MergeInstrumentationAnalysisTransform
Transforming slf4j-api-1.7.30.jar (org.slf4j:slf4j-api:1.7.30) with ExternalDependencyInstrumentingArtifactTransform
Transforming jsr305-3.0.2.jar (com.google.code.findbugs:jsr305:3.0.2) with InstrumentationAnalysisTransform
Transforming jdom2-2.0.6.jar (org.jdom:jdom2:2.0.6) with ExternalDependencyInstrumentingArtifactTransform
Transforming jsr305-3.0.2.jar (com.google.code.findbugs:jsr305:3.0.2) with MergeInstrumentationAnalysisTransform
Transforming j2objc-annotations-3.0.0.jar (com.google.j2objc:j2objc-annotations:3.0.0) with InstrumentationAnalysisTransform
Transforming j2objc-annotations-3.0.0.jar (com.google.j2objc:j2objc-annotations:3.0.0) with MergeInstrumentationAnalysisTransform
Transforming jsr305-3.0.2.jar (com.google.code.findbugs:jsr305:3.0.2) with ExternalDependencyInstrumentingArtifactTransform
Transforming annotations-4.1.1.4.jar (com.google.android:annotations:4.1.1.4) with InstrumentationAnalysisTransform
Transforming annotations-4.1.1.4.jar (com.google.android:annotations:4.1.1.4) with MergeInstrumentationAnalysisTransform
Transforming j2objc-annotations-3.0.0.jar (com.google.j2objc:j2objc-annotations:3.0.0) with ExternalDependencyInstrumentingArtifactTransform
Transforming animal-sniffer-annotations-1.24.jar (org.codehaus.mojo:animal-sniffer-annotations:1.24) with InstrumentationAnalysisTransform
Transforming animal-sniffer-annotations-1.24.jar (org.codehaus.mojo:animal-sniffer-annotations:1.24) with MergeInstrumentationAnalysisTransform
Transforming perfmark-api-0.27.0.jar (io.perfmark:perfmark-api:0.27.0) with InstrumentationAnalysisTransform
Transforming annotations-4.1.1.4.jar (com.google.android:annotations:4.1.1.4) with ExternalDependencyInstrumentingArtifactTransform
Transforming perfmark-api-0.27.0.jar (io.perfmark:perfmark-api:0.27.0) with MergeInstrumentationAnalysisTransform
Transforming animal-sniffer-annotations-1.24.jar (org.codehaus.mojo:animal-sniffer-annotations:1.24) with ExternalDependencyInstrumentingArtifactTransform
Transforming netty-codec-http2-4.1.110.Final.jar (io.netty:netty-codec-http2:4.1.110.Final) with InstrumentationAnalysisTransform
Transforming perfmark-api-0.27.0.jar (io.perfmark:perfmark-api:0.27.0) with ExternalDependencyInstrumentingArtifactTransform
Transforming netty-codec-http2-4.1.110.Final.jar (io.netty:netty-codec-http2:4.1.110.Final) with MergeInstrumentationAnalysisTransform
Transforming netty-handler-proxy-4.1.110.Final.jar (io.netty:netty-handler-proxy:4.1.110.Final) with InstrumentationAnalysisTransform
Transforming netty-handler-proxy-4.1.110.Final.jar (io.netty:netty-handler-proxy:4.1.110.Final) with MergeInstrumentationAnalysisTransform
Transforming netty-codec-http2-4.1.110.Final.jar (io.netty:netty-codec-http2:4.1.110.Final) with ExternalDependencyInstrumentingArtifactTransform
Transforming netty-codec-http-4.1.110.Final.jar (io.netty:netty-codec-http:4.1.110.Final) with InstrumentationAnalysisTransform
Transforming netty-codec-http-4.1.110.Final.jar (io.netty:netty-codec-http:4.1.110.Final) with MergeInstrumentationAnalysisTransform
Transforming netty-handler-4.1.110.Final.jar (io.netty:netty-handler:4.1.110.Final) with InstrumentationAnalysisTransform
Transforming netty-handler-4.1.110.Final.jar (io.netty:netty-handler:4.1.110.Final) with MergeInstrumentationAnalysisTransform
Transforming netty-codec-http-4.1.110.Final.jar (io.netty:netty-codec-http:4.1.110.Final) with ExternalDependencyInstrumentingArtifactTransform
Transforming netty-handler-proxy-4.1.110.Final.jar (io.netty:netty-handler-proxy:4.1.110.Final) with ExternalDependencyInstrumentingArtifactTransform
Transforming netty-transport-native-unix-common-4.1.110.Final.jar (io.netty:netty-transport-native-unix-common:4.1.110.Final) with InstrumentationAnalysisTransform
Transforming netty-handler-4.1.110.Final.jar (io.netty:netty-handler:4.1.110.Final) with ExternalDependencyInstrumentingArtifactTransform
Transforming netty-transport-native-unix-common-4.1.110.Final.jar (io.netty:netty-transport-native-unix-common:4.1.110.Final) with MergeInstrumentationAnalysisTransform
Transforming checker-qual-3.43.0.jar (org.checkerframework:checker-qual:3.43.0) with InstrumentationAnalysisTransform
Transforming checker-qual-3.43.0.jar (org.checkerframework:checker-qual:3.43.0) with MergeInstrumentationAnalysisTransform
Transforming netty-transport-native-unix-common-4.1.110.Final.jar (io.netty:netty-transport-native-unix-common:4.1.110.Final) with ExternalDependencyInstrumentingArtifactTransform
Transforming apksig-8.10.1.jar (com.android.tools.build:apksig:8.10.1) with InstrumentationAnalysisTransform
Transforming checker-qual-3.43.0.jar (org.checkerframework:checker-qual:3.43.0) with ExternalDependencyInstrumentingArtifactTransform
Transforming apksig-8.10.1.jar (com.android.tools.build:apksig:8.10.1) with MergeInstrumentationAnalysisTransform
Transforming javawriter-2.5.0.jar (com.squareup:javawriter:2.5.0) with InstrumentationAnalysisTransform
Transforming javawriter-2.5.0.jar (com.squareup:javawriter:2.5.0) with MergeInstrumentationAnalysisTransform
Transforming failureaccess-1.0.2.jar (com.google.guava:failureaccess:1.0.2) with InstrumentationAnalysisTransform
Transforming apksig-8.10.1.jar (com.android.tools.build:apksig:8.10.1) with ExternalDependencyInstrumentingArtifactTransform
Transforming failureaccess-1.0.2.jar (com.google.guava:failureaccess:1.0.2) with MergeInstrumentationAnalysisTransform
Transforming javawriter-2.5.0.jar (com.squareup:javawriter:2.5.0) with ExternalDependencyInstrumentingArtifactTransform
Transforming listenablefuture-9999.0-empty-to-avoid-conflict-with-guava.jar (com.google.guava:listenablefuture:9999.0-empty-to-avoid-conflict-with-guava) with InstrumentationAnalysisTransform
Transforming listenablefuture-9999.0-empty-to-avoid-conflict-with-guava.jar (com.google.guava:listenablefuture:9999.0-empty-to-avoid-conflict-with-guava) with MergeInstrumentationAnalysisTransform
Transforming failureaccess-1.0.2.jar (com.google.guava:failureaccess:1.0.2) with ExternalDependencyInstrumentingArtifactTransform
Transforming commons-logging-1.2.jar (commons-logging:commons-logging:1.2) with InstrumentationAnalysisTransform
Transforming commons-logging-1.2.jar (commons-logging:commons-logging:1.2) with MergeInstrumentationAnalysisTransform
Transforming commons-codec-1.11.jar (commons-codec:commons-codec:1.11) with InstrumentationAnalysisTransform
Transforming listenablefuture-9999.0-empty-to-avoid-conflict-with-guava.jar (com.google.guava:listenablefuture:9999.0-empty-to-avoid-conflict-with-guava) with ExternalDependencyInstrumentingArtifactTransform
Transforming commons-codec-1.11.jar (commons-codec:commons-codec:1.11) with MergeInstrumentationAnalysisTransform
Transforming jna-5.6.0.jar (net.java.dev.jna:jna:5.6.0) with InstrumentationAnalysisTransform
Transforming commons-logging-1.2.jar (commons-logging:commons-logging:1.2) with ExternalDependencyInstrumentingArtifactTransform
Transforming jna-5.6.0.jar (net.java.dev.jna:jna:5.6.0) with MergeInstrumentationAnalysisTransform
Transforming commons-codec-1.11.jar (commons-codec:commons-codec:1.11) with ExternalDependencyInstrumentingArtifactTransform
Transforming netty-codec-socks-4.1.110.Final.jar (io.netty:netty-codec-socks:4.1.110.Final) with InstrumentationAnalysisTransform
Transforming netty-codec-socks-4.1.110.Final.jar (io.netty:netty-codec-socks:4.1.110.Final) with MergeInstrumentationAnalysisTransform
Transforming netty-codec-4.1.110.Final.jar (io.netty:netty-codec:4.1.110.Final) with InstrumentationAnalysisTransform
Transforming jna-5.6.0.jar (net.java.dev.jna:jna:5.6.0) with ExternalDependencyInstrumentingArtifactTransform
Transforming netty-codec-4.1.110.Final.jar (io.netty:netty-codec:4.1.110.Final) with MergeInstrumentationAnalysisTransform
Transforming netty-transport-4.1.110.Final.jar (io.netty:netty-transport:4.1.110.Final) with InstrumentationAnalysisTransform
Transforming netty-codec-socks-4.1.110.Final.jar (io.netty:netty-codec-socks:4.1.110.Final) with ExternalDependencyInstrumentingArtifactTransform
Transforming netty-transport-4.1.110.Final.jar (io.netty:netty-transport:4.1.110.Final) with MergeInstrumentationAnalysisTransform
Transforming netty-buffer-4.1.110.Final.jar (io.netty:netty-buffer:4.1.110.Final) with InstrumentationAnalysisTransform
Transforming netty-codec-4.1.110.Final.jar (io.netty:netty-codec:4.1.110.Final) with ExternalDependencyInstrumentingArtifactTransform
Transforming netty-buffer-4.1.110.Final.jar (io.netty:netty-buffer:4.1.110.Final) with MergeInstrumentationAnalysisTransform
Transforming netty-transport-4.1.110.Final.jar (io.netty:netty-transport:4.1.110.Final) with ExternalDependencyInstrumentingArtifactTransform
Transforming netty-resolver-4.1.110.Final.jar (io.netty:netty-resolver:4.1.110.Final) with InstrumentationAnalysisTransform
Transforming netty-resolver-4.1.110.Final.jar (io.netty:netty-resolver:4.1.110.Final) with MergeInstrumentationAnalysisTransform
Transforming netty-common-4.1.110.Final.jar (io.netty:netty-common:4.1.110.Final) with InstrumentationAnalysisTransform
Transforming netty-buffer-4.1.110.Final.jar (io.netty:netty-buffer:4.1.110.Final) with ExternalDependencyInstrumentingArtifactTransform
Transforming netty-common-4.1.110.Final.jar (io.netty:netty-common:4.1.110.Final) with MergeInstrumentationAnalysisTransform
Transforming netty-resolver-4.1.110.Final.jar (io.netty:netty-resolver:4.1.110.Final) with ExternalDependencyInstrumentingArtifactTransform
Transforming netty-common-4.1.110.Final.jar (io.netty:netty-common:4.1.110.Final) with ExternalDependencyInstrumentingArtifactTransform
Transforming plugins.jar (project :build-logic:plugins) with ProjectDependencyInstrumentingArtifactTransform
Transforming tools.jar (project :build-logic:tools) with ProjectDependencyInstrumentingArtifactTransform
Using default execution profile
Using Kotlin Gradle Plugin gradle811 variant
Detected Android Gradle Plugin compose compiler configuration
Detected Android Gradle Plugin compose compiler configuration
Detected Android Gradle Plugin compose compiler configuration
Detected Android Gradle Plugin compose compiler configuration
Detected Android Gradle Plugin compose compiler configuration

> Configure project :glide-config
Evaluating project ':glide-config' using build file '/home/lollerfirst/Signal-Android/glide-config/build.gradle.kts'.
Transforming classes with InstrumentationAnalysisTransform
Transforming classes with InstrumentationAnalysisTransform
Transforming gradle-8.10.1.jar (com.android.tools.build:gradle:8.10.1) with InstrumentationAnalysisTransform
Transforming gradle-settings-api-8.10.1.jar (com.android.tools.build:gradle-settings-api:8.10.1) with InstrumentationAnalysisTransform
Transforming lint-model-31.10.1.jar (com.android.tools.lint:lint-model:31.10.1) with InstrumentationAnalysisTransform
Transforming builder-8.10.1.jar (com.android.tools.build:builder:8.10.1) with InstrumentationAnalysisTransform
Transforming manifest-merger-31.10.1.jar (com.android.tools.build:manifest-merger:31.10.1) with InstrumentationAnalysisTransform
Transforming sdk-common-31.10.1.jar (com.android.tools:sdk-common:31.10.1) with InstrumentationAnalysisTransform
Transforming sdklib-31.10.1.jar (com.android.tools:sdklib:31.10.1) with InstrumentationAnalysisTransform
Transforming repository-31.10.1.jar (com.android.tools:repository:31.10.1) with InstrumentationAnalysisTransform
Transforming aaptcompiler-8.10.1.jar (com.android.tools.build:aaptcompiler:8.10.1) with InstrumentationAnalysisTransform
Transforming tracker-31.10.1.jar (com.android.tools.analytics-library:tracker:31.10.1) with InstrumentationAnalysisTransform
Transforming shared-31.10.1.jar (com.android.tools.analytics-library:shared:31.10.1) with InstrumentationAnalysisTransform
Transforming databinding-compiler-common-8.10.1.jar (androidx.databinding:databinding-compiler-common:8.10.1) with InstrumentationAnalysisTransform
Transforming android-test-plugin-host-emulator-control-proto-31.10.1.jar (com.android.tools.utp:android-test-plugin-host-emulator-control-proto:31.10.1) with InstrumentationAnalysisTransform
Transforming builder-model-8.10.1.jar (com.android.tools.build:builder-model:8.10.1) with InstrumentationAnalysisTransform
Transforming gradle-api-8.10.1.jar (com.android.tools.build:gradle-api:8.10.1) with InstrumentationAnalysisTransform
Transforming builder-test-api-8.10.1.jar (com.android.tools.build:builder-test-api:8.10.1) with InstrumentationAnalysisTransform
Transforming ddmlib-31.10.1.jar (com.android.tools.ddms:ddmlib:31.10.1) with InstrumentationAnalysisTransform
Transforming layoutlib-api-31.10.1.jar (com.android.tools.layoutlib:layoutlib-api:31.10.1) with InstrumentationAnalysisTransform
Transforming dvlib-31.10.1.jar (com.android.tools:dvlib:31.10.1) with InstrumentationAnalysisTransform
Transforming common-31.10.1.jar (com.android.tools:common:31.10.1) with InstrumentationAnalysisTransform
Transforming kotlin-stdlib-jdk8-2.1.0.jar (org.jetbrains.kotlin:kotlin-stdlib-jdk8:2.1.0) with InstrumentationAnalysisTransform
Transforming jetifier-processor-1.0.0-beta10.jar (com.android.tools.build.jetifier:jetifier-processor:1.0.0-beta10) with InstrumentationAnalysisTransform
Transforming jetifier-core-1.0.0-beta10.jar (com.android.tools.build.jetifier:jetifier-core:1.0.0-beta10) with InstrumentationAnalysisTransform
Transforming kotlin-reflect-2.0.20.jar (org.jetbrains.kotlin:kotlin-reflect:2.0.20) with InstrumentationAnalysisTransform
Transforming kotlin-stdlib-jdk7-2.1.0.jar (org.jetbrains.kotlin:kotlin-stdlib-jdk7:2.1.0) with InstrumentationAnalysisTransform
Transforming kotlin-stdlib-2.0.20.jar (org.jetbrains.kotlin:kotlin-stdlib:2.0.20) with InstrumentationAnalysisTransform
Transforming annotations-13.0.jar (org.jetbrains:annotations:13.0) with InstrumentationAnalysisTransform
Transforming kotlin-gradle-plugin-model-2.2.20.jar (org.jetbrains.kotlin:kotlin-gradle-plugin-model:2.2.20) with InstrumentationAnalysisTransform
Transforming fus-statistics-gradle-plugin-2.2.20-gradle811.jar (org.jetbrains.kotlin:fus-statistics-gradle-plugin:2.2.20) with InstrumentationAnalysisTransform
Transforming kotlin-gradle-plugin-api-2.2.20.jar (org.jetbrains.kotlin:kotlin-gradle-plugin-api:2.2.20) with InstrumentationAnalysisTransform
Transforming kotlin-gradle-plugin-api-2.2.20-gradle811.jar (org.jetbrains.kotlin:kotlin-gradle-plugin-api:2.2.20) with InstrumentationAnalysisTransform
Transforming kotlin-gradle-plugin-2.2.20-gradle811.jar (org.jetbrains.kotlin:kotlin-gradle-plugin:2.2.20) with InstrumentationAnalysisTransform
Transforming ktlint-gradle-12.1.1.jar (org.jlleitschuh.gradle:ktlint-gradle:12.1.1) with InstrumentationAnalysisTransform
Transforming kotlin-gradle-plugin-idea-proto-2.2.20.jar (org.jetbrains.kotlin:kotlin-gradle-plugin-idea-proto:2.2.20) with InstrumentationAnalysisTransform
Transforming kotlin-gradle-plugin-idea-2.2.20.jar (org.jetbrains.kotlin:kotlin-gradle-plugin-idea:2.2.20) with InstrumentationAnalysisTransform
Transforming kotlin-klib-commonizer-api-2.2.20.jar (org.jetbrains.kotlin:kotlin-klib-commonizer-api:2.2.20) with InstrumentationAnalysisTransform
Transforming kotlin-build-statistics-2.2.20.jar (org.jetbrains.kotlin:kotlin-build-statistics:2.2.20) with InstrumentationAnalysisTransform
Transforming kotlin-util-klib-metadata-2.2.20.jar (org.jetbrains.kotlin:kotlin-util-klib-metadata:2.2.20) with InstrumentationAnalysisTransform
Transforming abi-tools-api-2.2.20.jar (org.jetbrains.kotlin:abi-tools-api:2.2.20) with InstrumentationAnalysisTransform
Transforming kotlin-compiler-runner-2.2.20.jar (org.jetbrains.kotlin:kotlin-compiler-runner:2.2.20) with InstrumentationAnalysisTransform
Transforming dnsjava-2.1.9.jar (dnsjava:dnsjava:2.1.9) with InstrumentationAnalysisTransform
Transforming kotlin-gradle-plugin-annotations-2.2.20.jar (org.jetbrains.kotlin:kotlin-gradle-plugin-annotations:2.2.20) with InstrumentationAnalysisTransform
Transforming kotlin-native-utils-2.2.20.jar (org.jetbrains.kotlin:kotlin-native-utils:2.2.20) with InstrumentationAnalysisTransform
Transforming kotlin-tooling-core-2.2.20.jar (org.jetbrains.kotlin:kotlin-tooling-core:2.2.20) with InstrumentationAnalysisTransform
Transforming kotlin-build-tools-api-2.2.20.jar (org.jetbrains.kotlin:kotlin-build-tools-api:2.2.20) with InstrumentationAnalysisTransform
Transforming android-test-plugin-result-listener-gradle-proto-31.10.1.jar (com.android.tools.utp:android-test-plugin-result-listener-gradle-proto:31.10.1) with InstrumentationAnalysisTransform
Transforming bundletool-1.18.0.jar (com.android.tools.build:bundletool:1.18.0) with InstrumentationAnalysisTransform
Transforming protobuf-java-util-3.25.5.jar (com.google.protobuf:protobuf-java-util:3.25.5) with InstrumentationAnalysisTransform
Transforming grpc-netty-1.69.1.jar (io.grpc:grpc-netty:1.69.1) with InstrumentationAnalysisTransform
Transforming grpc-inprocess-1.69.1.jar (io.grpc:grpc-inprocess:1.69.1) with InstrumentationAnalysisTransform
Transforming grpc-util-1.69.1.jar (io.grpc:grpc-util:1.69.1) with InstrumentationAnalysisTransform
Transforming grpc-core-1.69.1.jar (io.grpc:grpc-core:1.69.1) with InstrumentationAnalysisTransform
Transforming tink-1.7.0.jar (com.google.crypto.tink:tink:1.7.0) with InstrumentationAnalysisTransform
Transforming gson-2.11.0.jar (com.google.code.gson:gson:2.11.0) with InstrumentationAnalysisTransform
Transforming kotlin-util-klib-2.2.20.jar (org.jetbrains.kotlin:kotlin-util-klib:2.2.20) with InstrumentationAnalysisTransform
Transforming kotlin-util-io-2.2.20.jar (org.jetbrains.kotlin:kotlin-util-io:2.2.20) with InstrumentationAnalysisTransform
Transforming kotlin-daemon-client-2.2.20.jar (org.jetbrains.kotlin:kotlin-daemon-client:2.2.20) with InstrumentationAnalysisTransform
Transforming kotlinx-coroutines-core-jvm-1.8.0.jar (org.jetbrains.kotlinx:kotlinx-coroutines-core-jvm:1.8.0) with InstrumentationAnalysisTransform
Transforming aapt2-proto-8.10.1-12782657.jar (com.android.tools.build:aapt2-proto:8.10.1-12782657) with InstrumentationAnalysisTransform
Transforming crash-31.10.1.jar (com.android.tools.analytics-library:crash:31.10.1) with InstrumentationAnalysisTransform
Transforming lint-typedef-remover-31.10.1.jar (com.android.tools.lint:lint-typedef-remover:31.10.1) with InstrumentationAnalysisTransform
Transforming databinding-common-8.10.1.jar (androidx.databinding:databinding-common:8.10.1) with InstrumentationAnalysisTransform
Transforming baseLibrary-8.10.1.jar (com.android.databinding:baseLibrary:8.10.1) with InstrumentationAnalysisTransform
Transforming android-device-provider-ddmlib-proto-31.10.1.jar (com.android.tools.utp:android-device-provider-ddmlib-proto:31.10.1) with InstrumentationAnalysisTransform
Transforming android-device-provider-gradle-proto-31.10.1.jar (com.android.tools.utp:android-device-provider-gradle-proto:31.10.1) with InstrumentationAnalysisTransform
Transforming android-device-provider-profile-proto-31.10.1.jar (com.android.tools.utp:android-device-provider-profile-proto:31.10.1) with InstrumentationAnalysisTransform
Transforming android-test-plugin-host-additional-test-output-proto-31.10.1.jar (com.android.tools.utp:android-test-plugin-host-additional-test-output-proto:31.10.1) with InstrumentationAnalysisTransform
Transforming android-test-plugin-host-coverage-proto-31.10.1.jar (com.android.tools.utp:android-test-plugin-host-coverage-proto:31.10.1) with InstrumentationAnalysisTransform
Transforming android-test-plugin-host-logcat-proto-31.10.1.jar (com.android.tools.utp:android-test-plugin-host-logcat-proto:31.10.1) with InstrumentationAnalysisTransform
Transforming android-test-plugin-host-apk-installer-proto-31.10.1.jar (com.android.tools.utp:android-test-plugin-host-apk-installer-proto:31.10.1) with InstrumentationAnalysisTransform
Transforming transform-api-2.0.0-deprecated-use-gradle-api.jar (com.android.tools.build:transform-api:2.0.0-deprecated-use-gradle-api) with InstrumentationAnalysisTransform
Transforming httpmime-4.5.6.jar (org.apache.httpcomponents:httpmime:4.5.6) with InstrumentationAnalysisTransform
Transforming commons-io-2.16.1.jar (commons-io:commons-io:2.16.1) with InstrumentationAnalysisTransform
Transforming asm-commons-9.7.1.jar (org.ow2.asm:asm-commons:9.7.1) with InstrumentationAnalysisTransform
Transforming asm-util-9.7.1.jar (org.ow2.asm:asm-util:9.7.1) with InstrumentationAnalysisTransform
Transforming asm-analysis-9.7.1.jar (org.ow2.asm:asm-analysis:9.7.1) with InstrumentationAnalysisTransform
Transforming asm-tree-9.7.1.jar (org.ow2.asm:asm-tree:9.7.1) with InstrumentationAnalysisTransform
Transforming asm-9.7.1.jar (org.ow2.asm:asm:9.7.1) with InstrumentationAnalysisTransform
Transforming apkzlib-8.10.1.jar (com.android.tools.build:apkzlib:8.10.1) with InstrumentationAnalysisTransform
Transforming bcpkix-jdk18on-1.79.jar (org.bouncycastle:bcpkix-jdk18on:1.79) with InstrumentationAnalysisTransform
Transforming jaxb-runtime-2.3.2.jar (org.glassfish.jaxb:jaxb-runtime:2.3.2) with InstrumentationAnalysisTransform
Transforming jopt-simple-4.9.jar (net.sf.jopt-simple:jopt-simple:4.9) with InstrumentationAnalysisTransform
Transforming javapoet-1.10.0.jar (com.squareup:javapoet:1.10.0) with InstrumentationAnalysisTransform
Transforming grpc-protobuf-1.69.1.jar (io.grpc:grpc-protobuf:1.69.1) with InstrumentationAnalysisTransform
Transforming core-proto-0.0.9-alpha03.jar (com.google.testing.platform:core-proto:0.0.9-alpha03) with InstrumentationAnalysisTransform
Transforming protos-31.10.1.jar (com.android.tools.analytics-library:protos:31.10.1) with InstrumentationAnalysisTransform
Transforming proto-google-common-protos-2.48.0.jar (com.google.api.grpc:proto-google-common-protos:2.48.0) with InstrumentationAnalysisTransform
Transforming protobuf-java-3.25.5.jar (com.google.protobuf:protobuf-java:3.25.5) with InstrumentationAnalysisTransform
Transforming grpc-stub-1.69.1.jar (io.grpc:grpc-stub:1.69.1) with InstrumentationAnalysisTransform
Transforming tensorflow-lite-metadata-0.2.0.jar (org.tensorflow:tensorflow-lite-metadata:0.2.0) with InstrumentationAnalysisTransform
Transforming flatbuffers-java-1.12.0.jar (com.google.flatbuffers:flatbuffers-java:1.12.0) with InstrumentationAnalysisTransform
Transforming jimfs-1.1.jar (com.google.jimfs:jimfs:1.1) with InstrumentationAnalysisTransform
Transforming grpc-context-1.69.1.jar (io.grpc:grpc-context:1.69.1) with InstrumentationAnalysisTransform
Transforming grpc-protobuf-lite-1.69.1.jar (io.grpc:grpc-protobuf-lite:1.69.1) with InstrumentationAnalysisTransform
Transforming grpc-api-1.69.1.jar (io.grpc:grpc-api:1.69.1) with InstrumentationAnalysisTransform
Transforming guava-33.3.1-jre.jar (com.google.guava:guava:33.3.1-jre) with InstrumentationAnalysisTransform
Transforming error_prone_annotations-2.30.0.jar (com.google.errorprone:error_prone_annotations:2.30.0) with InstrumentationAnalysisTransform
Transforming dagger-2.28.3.jar (com.google.dagger:dagger:2.28.3) with InstrumentationAnalysisTransform
Transforming javax.inject-1.jar (javax.inject:javax.inject:1) with InstrumentationAnalysisTransform
Transforming kxml2-2.3.0.jar (net.sf.kxml:kxml2:2.3.0) with InstrumentationAnalysisTransform
Transforming commons-compress-1.21.jar (org.apache.commons:commons-compress:1.21) with InstrumentationAnalysisTransform
Transforming bcutil-jdk18on-1.79.jar (org.bouncycastle:bcutil-jdk18on:1.79) with InstrumentationAnalysisTransform
Transforming bcprov-jdk18on-1.79.jar (org.bouncycastle:bcprov-jdk18on:1.79) with InstrumentationAnalysisTransform
Transforming httpclient-4.5.14.jar (org.apache.httpcomponents:httpclient:4.5.14) with InstrumentationAnalysisTransform
Transforming httpcore-4.4.16.jar (org.apache.httpcomponents:httpcore:4.4.16) with InstrumentationAnalysisTransform
Transforming javax.activation-1.2.0.jar (com.sun.activation:javax.activation:1.2.0) with InstrumentationAnalysisTransform
Transforming signflinger-8.10.1.jar (com.android:signflinger:8.10.1) with InstrumentationAnalysisTransform
Transforming zipflinger-8.10.1.jar (com.android:zipflinger:8.10.1) with InstrumentationAnalysisTransform
Transforming annotations-31.10.1.jar (com.android.tools:annotations:31.10.1) with InstrumentationAnalysisTransform
Transforming jna-platform-5.6.0.jar (net.java.dev.jna:jna-platform:5.6.0) with InstrumentationAnalysisTransform
Transforming juniversalchardet-1.0.3.jar (com.googlecode.juniversalchardet:juniversalchardet:1.0.3) with InstrumentationAnalysisTransform
Transforming javax.annotation-api-1.3.2.jar (javax.annotation:javax.annotation-api:1.3.2) with InstrumentationAnalysisTransform
Transforming stax-ex-1.8.1.jar (org.jvnet.staxex:stax-ex:1.8.1) with InstrumentationAnalysisTransform
Transforming jakarta.xml.bind-api-2.3.2.jar (jakarta.xml.bind:jakarta.xml.bind-api:2.3.2) with InstrumentationAnalysisTransform
Transforming txw2-2.3.2.jar (org.glassfish.jaxb:txw2:2.3.2) with InstrumentationAnalysisTransform
Transforming istack-commons-runtime-3.0.8.jar (com.sun.istack:istack-commons-runtime:3.0.8) with InstrumentationAnalysisTransform
Transforming FastInfoset-1.2.16.jar (com.sun.xml.fastinfoset:FastInfoset:1.2.16) with InstrumentationAnalysisTransform
Transforming jakarta.activation-api-1.2.1.jar (jakarta.activation:jakarta.activation-api:1.2.1) with InstrumentationAnalysisTransform
Transforming auto-value-annotations-1.6.2.jar (com.google.auto.value:auto-value-annotations:1.6.2) with InstrumentationAnalysisTransform
Transforming jose4j-0.9.5.jar (org.bitbucket.b_c:jose4j:0.9.5) with InstrumentationAnalysisTransform
Transforming slf4j-api-1.7.30.jar (org.slf4j:slf4j-api:1.7.30) with InstrumentationAnalysisTransform
Transforming jdom2-2.0.6.jar (org.jdom:jdom2:2.0.6) with InstrumentationAnalysisTransform
Transforming jsr305-3.0.2.jar (com.google.code.findbugs:jsr305:3.0.2) with InstrumentationAnalysisTransform
Transforming j2objc-annotations-3.0.0.jar (com.google.j2objc:j2objc-annotations:3.0.0) with InstrumentationAnalysisTransform
Transforming annotations-4.1.1.4.jar (com.google.android:annotations:4.1.1.4) with InstrumentationAnalysisTransform
Transforming animal-sniffer-annotations-1.24.jar (org.codehaus.mojo:animal-sniffer-annotations:1.24) with InstrumentationAnalysisTransform
Transforming perfmark-api-0.27.0.jar (io.perfmark:perfmark-api:0.27.0) with InstrumentationAnalysisTransform
Transforming netty-codec-http2-4.1.110.Final.jar (io.netty:netty-codec-http2:4.1.110.Final) with InstrumentationAnalysisTransform
Transforming netty-handler-proxy-4.1.110.Final.jar (io.netty:netty-handler-proxy:4.1.110.Final) with InstrumentationAnalysisTransform
Transforming netty-codec-http-4.1.110.Final.jar (io.netty:netty-codec-http:4.1.110.Final) with InstrumentationAnalysisTransform
Transforming netty-handler-4.1.110.Final.jar (io.netty:netty-handler:4.1.110.Final) with InstrumentationAnalysisTransform
Transforming netty-transport-native-unix-common-4.1.110.Final.jar (io.netty:netty-transport-native-unix-common:4.1.110.Final) with InstrumentationAnalysisTransform
Transforming checker-qual-3.43.0.jar (org.checkerframework:checker-qual:3.43.0) with InstrumentationAnalysisTransform
Transforming apksig-8.10.1.jar (com.android.tools.build:apksig:8.10.1) with InstrumentationAnalysisTransform
Transforming javawriter-2.5.0.jar (com.squareup:javawriter:2.5.0) with InstrumentationAnalysisTransform
Transforming failureaccess-1.0.2.jar (com.google.guava:failureaccess:1.0.2) with InstrumentationAnalysisTransform
Transforming listenablefuture-9999.0-empty-to-avoid-conflict-with-guava.jar (com.google.guava:listenablefuture:9999.0-empty-to-avoid-conflict-with-guava) with InstrumentationAnalysisTransform
Transforming commons-logging-1.2.jar (commons-logging:commons-logging:1.2) with InstrumentationAnalysisTransform
Transforming commons-codec-1.11.jar (commons-codec:commons-codec:1.11) with InstrumentationAnalysisTransform
Transforming jna-5.6.0.jar (net.java.dev.jna:jna:5.6.0) with InstrumentationAnalysisTransform
Transforming netty-codec-socks-4.1.110.Final.jar (io.netty:netty-codec-socks:4.1.110.Final) with InstrumentationAnalysisTransform
Transforming netty-codec-4.1.110.Final.jar (io.netty:netty-codec:4.1.110.Final) with InstrumentationAnalysisTransform
Transforming netty-transport-4.1.110.Final.jar (io.netty:netty-transport:4.1.110.Final) with InstrumentationAnalysisTransform
Transforming netty-buffer-4.1.110.Final.jar (io.netty:netty-buffer:4.1.110.Final) with InstrumentationAnalysisTransform
Transforming netty-resolver-4.1.110.Final.jar (io.netty:netty-resolver:4.1.110.Final) with InstrumentationAnalysisTransform
Transforming netty-common-4.1.110.Final.jar (io.netty:netty-common:4.1.110.Final) with InstrumentationAnalysisTransform
Transforming main (project :build-logic:plugins) with InstrumentationAnalysisTransform
Transforming main (project :build-logic:plugins) with InstrumentationAnalysisTransform
Transforming main (project :build-logic:plugins) with InstrumentationAnalysisTransform
Transforming main (project :build-logic:tools) with InstrumentationAnalysisTransform
Transforming main (project :build-logic:tools) with InstrumentationAnalysisTransform
Transforming classes with InstrumentationAnalysisTransform
Transforming classes with MergeInstrumentationAnalysisTransform
Transforming classes with InstrumentationAnalysisTransform
Transforming classes with MergeInstrumentationAnalysisTransform
Transforming gradle-8.10.1.jar (com.android.tools.build:gradle:8.10.1) with InstrumentationAnalysisTransform
Transforming gradle-8.10.1.jar (com.android.tools.build:gradle:8.10.1) with MergeInstrumentationAnalysisTransform
Transforming gradle-settings-api-8.10.1.jar (com.android.tools.build:gradle-settings-api:8.10.1) with InstrumentationAnalysisTransform
Transforming gradle-settings-api-8.10.1.jar (com.android.tools.build:gradle-settings-api:8.10.1) with MergeInstrumentationAnalysisTransform
Transforming lint-model-31.10.1.jar (com.android.tools.lint:lint-model:31.10.1) with InstrumentationAnalysisTransform
Transforming lint-model-31.10.1.jar (com.android.tools.lint:lint-model:31.10.1) with MergeInstrumentationAnalysisTransform
Transforming builder-8.10.1.jar (com.android.tools.build:builder:8.10.1) with InstrumentationAnalysisTransform
Transforming builder-8.10.1.jar (com.android.tools.build:builder:8.10.1) with MergeInstrumentationAnalysisTransform
Transforming classes with ExternalDependencyInstrumentingArtifactTransform
Transforming classes with ExternalDependencyInstrumentingArtifactTransform
Transforming manifest-merger-31.10.1.jar (com.android.tools.build:manifest-merger:31.10.1) with InstrumentationAnalysisTransform
Transforming manifest-merger-31.10.1.jar (com.android.tools.build:manifest-merger:31.10.1) with MergeInstrumentationAnalysisTransform
Transforming gradle-8.10.1.jar (com.android.tools.build:gradle:8.10.1) with ExternalDependencyInstrumentingArtifactTransform
Transforming gradle-settings-api-8.10.1.jar (com.android.tools.build:gradle-settings-api:8.10.1) with ExternalDependencyInstrumentingArtifactTransform
Transforming manifest-merger-31.10.1.jar (com.android.tools.build:manifest-merger:31.10.1) with ExternalDependencyInstrumentingArtifactTransform
Transforming sdk-common-31.10.1.jar (com.android.tools:sdk-common:31.10.1) with InstrumentationAnalysisTransform
Transforming builder-8.10.1.jar (com.android.tools.build:builder:8.10.1) with ExternalDependencyInstrumentingArtifactTransform
Transforming sdk-common-31.10.1.jar (com.android.tools:sdk-common:31.10.1) with MergeInstrumentationAnalysisTransform
Transforming lint-model-31.10.1.jar (com.android.tools.lint:lint-model:31.10.1) with ExternalDependencyInstrumentingArtifactTransform
Transforming sdklib-31.10.1.jar (com.android.tools:sdklib:31.10.1) with InstrumentationAnalysisTransform
Transforming sdklib-31.10.1.jar (com.android.tools:sdklib:31.10.1) with MergeInstrumentationAnalysisTransform
Transforming repository-31.10.1.jar (com.android.tools:repository:31.10.1) with InstrumentationAnalysisTransform
Transforming repository-31.10.1.jar (com.android.tools:repository:31.10.1) with MergeInstrumentationAnalysisTransform
Transforming aaptcompiler-8.10.1.jar (com.android.tools.build:aaptcompiler:8.10.1) with InstrumentationAnalysisTransform
Transforming repository-31.10.1.jar (com.android.tools:repository:31.10.1) with ExternalDependencyInstrumentingArtifactTransform
Transforming aaptcompiler-8.10.1.jar (com.android.tools.build:aaptcompiler:8.10.1) with MergeInstrumentationAnalysisTransform
Transforming tracker-31.10.1.jar (com.android.tools.analytics-library:tracker:31.10.1) with InstrumentationAnalysisTransform
Transforming tracker-31.10.1.jar (com.android.tools.analytics-library:tracker:31.10.1) with MergeInstrumentationAnalysisTransform
Transforming shared-31.10.1.jar (com.android.tools.analytics-library:shared:31.10.1) with InstrumentationAnalysisTransform
Transforming sdklib-31.10.1.jar (com.android.tools:sdklib:31.10.1) with ExternalDependencyInstrumentingArtifactTransform
Transforming shared-31.10.1.jar (com.android.tools.analytics-library:shared:31.10.1) with MergeInstrumentationAnalysisTransform
Transforming sdk-common-31.10.1.jar (com.android.tools:sdk-common:31.10.1) with ExternalDependencyInstrumentingArtifactTransform
Transforming tracker-31.10.1.jar (com.android.tools.analytics-library:tracker:31.10.1) with ExternalDependencyInstrumentingArtifactTransform
Transforming databinding-compiler-common-8.10.1.jar (androidx.databinding:databinding-compiler-common:8.10.1) with InstrumentationAnalysisTransform
Transforming shared-31.10.1.jar (com.android.tools.analytics-library:shared:31.10.1) with ExternalDependencyInstrumentingArtifactTransform
Transforming aaptcompiler-8.10.1.jar (com.android.tools.build:aaptcompiler:8.10.1) with ExternalDependencyInstrumentingArtifactTransform
Transforming databinding-compiler-common-8.10.1.jar (androidx.databinding:databinding-compiler-common:8.10.1) with MergeInstrumentationAnalysisTransform
Transforming android-test-plugin-host-emulator-control-proto-31.10.1.jar (com.android.tools.utp:android-test-plugin-host-emulator-control-proto:31.10.1) with InstrumentationAnalysisTransform
Transforming android-test-plugin-host-emulator-control-proto-31.10.1.jar (com.android.tools.utp:android-test-plugin-host-emulator-control-proto:31.10.1) with MergeInstrumentationAnalysisTransform
Transforming builder-model-8.10.1.jar (com.android.tools.build:builder-model:8.10.1) with InstrumentationAnalysisTransform
Transforming builder-model-8.10.1.jar (com.android.tools.build:builder-model:8.10.1) with MergeInstrumentationAnalysisTransform
Transforming databinding-compiler-common-8.10.1.jar (androidx.databinding:databinding-compiler-common:8.10.1) with ExternalDependencyInstrumentingArtifactTransform
Transforming gradle-api-8.10.1.jar (com.android.tools.build:gradle-api:8.10.1) with InstrumentationAnalysisTransform
Transforming gradle-api-8.10.1.jar (com.android.tools.build:gradle-api:8.10.1) with MergeInstrumentationAnalysisTransform
Transforming builder-test-api-8.10.1.jar (com.android.tools.build:builder-test-api:8.10.1) with InstrumentationAnalysisTransform
Transforming builder-test-api-8.10.1.jar (com.android.tools.build:builder-test-api:8.10.1) with MergeInstrumentationAnalysisTransform
Transforming ddmlib-31.10.1.jar (com.android.tools.ddms:ddmlib:31.10.1) with InstrumentationAnalysisTransform
Transforming ddmlib-31.10.1.jar (com.android.tools.ddms:ddmlib:31.10.1) with MergeInstrumentationAnalysisTransform
Transforming builder-model-8.10.1.jar (com.android.tools.build:builder-model:8.10.1) with ExternalDependencyInstrumentingArtifactTransform
Transforming android-test-plugin-host-emulator-control-proto-31.10.1.jar (com.android.tools.utp:android-test-plugin-host-emulator-control-proto:31.10.1) with ExternalDependencyInstrumentingArtifactTransform
Transforming ddmlib-31.10.1.jar (com.android.tools.ddms:ddmlib:31.10.1) with ExternalDependencyInstrumentingArtifactTransform
Transforming layoutlib-api-31.10.1.jar (com.android.tools.layoutlib:layoutlib-api:31.10.1) with InstrumentationAnalysisTransform
Transforming gradle-api-8.10.1.jar (com.android.tools.build:gradle-api:8.10.1) with ExternalDependencyInstrumentingArtifactTransform
Transforming layoutlib-api-31.10.1.jar (com.android.tools.layoutlib:layoutlib-api:31.10.1) with MergeInstrumentationAnalysisTransform
Transforming dvlib-31.10.1.jar (com.android.tools:dvlib:31.10.1) with InstrumentationAnalysisTransform
Transforming builder-test-api-8.10.1.jar (com.android.tools.build:builder-test-api:8.10.1) with ExternalDependencyInstrumentingArtifactTransform
Transforming dvlib-31.10.1.jar (com.android.tools:dvlib:31.10.1) with MergeInstrumentationAnalysisTransform
Transforming common-31.10.1.jar (com.android.tools:common:31.10.1) with InstrumentationAnalysisTransform
Transforming common-31.10.1.jar (com.android.tools:common:31.10.1) with MergeInstrumentationAnalysisTransform
Transforming kotlin-stdlib-jdk8-2.1.0.jar (org.jetbrains.kotlin:kotlin-stdlib-jdk8:2.1.0) with InstrumentationAnalysisTransform
Transforming kotlin-stdlib-jdk8-2.1.0.jar (org.jetbrains.kotlin:kotlin-stdlib-jdk8:2.1.0) with MergeInstrumentationAnalysisTransform
Transforming jetifier-processor-1.0.0-beta10.jar (com.android.tools.build.jetifier:jetifier-processor:1.0.0-beta10) with InstrumentationAnalysisTransform
Transforming layoutlib-api-31.10.1.jar (com.android.tools.layoutlib:layoutlib-api:31.10.1) with ExternalDependencyInstrumentingArtifactTransform
Transforming jetifier-processor-1.0.0-beta10.jar (com.android.tools.build.jetifier:jetifier-processor:1.0.0-beta10) with MergeInstrumentationAnalysisTransform
Transforming jetifier-core-1.0.0-beta10.jar (com.android.tools.build.jetifier:jetifier-core:1.0.0-beta10) with InstrumentationAnalysisTransform
Transforming kotlin-stdlib-jdk8-2.1.0.jar (org.jetbrains.kotlin:kotlin-stdlib-jdk8:2.1.0) with ExternalDependencyInstrumentingArtifactTransform
Transforming dvlib-31.10.1.jar (com.android.tools:dvlib:31.10.1) with ExternalDependencyInstrumentingArtifactTransform
Transforming jetifier-core-1.0.0-beta10.jar (com.android.tools.build.jetifier:jetifier-core:1.0.0-beta10) with MergeInstrumentationAnalysisTransform
Transforming common-31.10.1.jar (com.android.tools:common:31.10.1) with ExternalDependencyInstrumentingArtifactTransform
Transforming jetifier-processor-1.0.0-beta10.jar (com.android.tools.build.jetifier:jetifier-processor:1.0.0-beta10) with ExternalDependencyInstrumentingArtifactTransform
Transforming kotlin-reflect-2.0.20.jar (org.jetbrains.kotlin:kotlin-reflect:2.0.20) with InstrumentationAnalysisTransform
Transforming jetifier-core-1.0.0-beta10.jar (com.android.tools.build.jetifier:jetifier-core:1.0.0-beta10) with ExternalDependencyInstrumentingArtifactTransform
Transforming kotlin-reflect-2.0.20.jar (org.jetbrains.kotlin:kotlin-reflect:2.0.20) with MergeInstrumentationAnalysisTransform
Transforming kotlin-stdlib-jdk7-2.1.0.jar (org.jetbrains.kotlin:kotlin-stdlib-jdk7:2.1.0) with InstrumentationAnalysisTransform
Transforming kotlin-stdlib-jdk7-2.1.0.jar (org.jetbrains.kotlin:kotlin-stdlib-jdk7:2.1.0) with MergeInstrumentationAnalysisTransform
Transforming kotlin-stdlib-2.0.20.jar (org.jetbrains.kotlin:kotlin-stdlib:2.0.20) with InstrumentationAnalysisTransform
Transforming kotlin-stdlib-2.0.20.jar (org.jetbrains.kotlin:kotlin-stdlib:2.0.20) with MergeInstrumentationAnalysisTransform
Transforming kotlin-reflect-2.0.20.jar (org.jetbrains.kotlin:kotlin-reflect:2.0.20) with ExternalDependencyInstrumentingArtifactTransform
Transforming kotlin-stdlib-jdk7-2.1.0.jar (org.jetbrains.kotlin:kotlin-stdlib-jdk7:2.1.0) with ExternalDependencyInstrumentingArtifactTransform
Transforming annotations-13.0.jar (org.jetbrains:annotations:13.0) with InstrumentationAnalysisTransform
Transforming annotations-13.0.jar (org.jetbrains:annotations:13.0) with MergeInstrumentationAnalysisTransform
Transforming kotlin-stdlib-2.0.20.jar (org.jetbrains.kotlin:kotlin-stdlib:2.0.20) with ExternalDependencyInstrumentingArtifactTransform
Transforming kotlin-gradle-plugin-model-2.2.20.jar (org.jetbrains.kotlin:kotlin-gradle-plugin-model:2.2.20) with InstrumentationAnalysisTransform
Transforming kotlin-gradle-plugin-model-2.2.20.jar (org.jetbrains.kotlin:kotlin-gradle-plugin-model:2.2.20) with MergeInstrumentationAnalysisTransform
Transforming annotations-13.0.jar (org.jetbrains:annotations:13.0) with ExternalDependencyInstrumentingArtifactTransform
Transforming fus-statistics-gradle-plugin-2.2.20-gradle811.jar (org.jetbrains.kotlin:fus-statistics-gradle-plugin:2.2.20) with InstrumentationAnalysisTransform
Transforming kotlin-gradle-plugin-model-2.2.20.jar (org.jetbrains.kotlin:kotlin-gradle-plugin-model:2.2.20) with ExternalDependencyInstrumentingArtifactTransform
Transforming fus-statistics-gradle-plugin-2.2.20-gradle811.jar (org.jetbrains.kotlin:fus-statistics-gradle-plugin:2.2.20) with MergeInstrumentationAnalysisTransform
Transforming kotlin-gradle-plugin-api-2.2.20.jar (org.jetbrains.kotlin:kotlin-gradle-plugin-api:2.2.20) with InstrumentationAnalysisTransform
Transforming kotlin-gradle-plugin-api-2.2.20.jar (org.jetbrains.kotlin:kotlin-gradle-plugin-api:2.2.20) with MergeInstrumentationAnalysisTransform
Transforming fus-statistics-gradle-plugin-2.2.20-gradle811.jar (org.jetbrains.kotlin:fus-statistics-gradle-plugin:2.2.20) with ExternalDependencyInstrumentingArtifactTransform
Transforming kotlin-gradle-plugin-api-2.2.20-gradle811.jar (org.jetbrains.kotlin:kotlin-gradle-plugin-api:2.2.20) with InstrumentationAnalysisTransform
Transforming kotlin-gradle-plugin-api-2.2.20-gradle811.jar (org.jetbrains.kotlin:kotlin-gradle-plugin-api:2.2.20) with MergeInstrumentationAnalysisTransform
Transforming kotlin-gradle-plugin-2.2.20-gradle811.jar (org.jetbrains.kotlin:kotlin-gradle-plugin:2.2.20) with InstrumentationAnalysisTransform
Transforming kotlin-gradle-plugin-api-2.2.20.jar (org.jetbrains.kotlin:kotlin-gradle-plugin-api:2.2.20) with ExternalDependencyInstrumentingArtifactTransform
Transforming kotlin-gradle-plugin-2.2.20-gradle811.jar (org.jetbrains.kotlin:kotlin-gradle-plugin:2.2.20) with MergeInstrumentationAnalysisTransform
Transforming kotlin-gradle-plugin-api-2.2.20-gradle811.jar (org.jetbrains.kotlin:kotlin-gradle-plugin-api:2.2.20) with ExternalDependencyInstrumentingArtifactTransform
Transforming ktlint-gradle-12.1.1.jar (org.jlleitschuh.gradle:ktlint-gradle:12.1.1) with InstrumentationAnalysisTransform
Transforming ktlint-gradle-12.1.1.jar (org.jlleitschuh.gradle:ktlint-gradle:12.1.1) with MergeInstrumentationAnalysisTransform
Transforming kotlin-gradle-plugin-2.2.20-gradle811.jar (org.jetbrains.kotlin:kotlin-gradle-plugin:2.2.20) with ExternalDependencyInstrumentingArtifactTransform
Transforming kotlin-gradle-plugin-idea-proto-2.2.20.jar (org.jetbrains.kotlin:kotlin-gradle-plugin-idea-proto:2.2.20) with InstrumentationAnalysisTransform
Transforming kotlin-gradle-plugin-idea-proto-2.2.20.jar (org.jetbrains.kotlin:kotlin-gradle-plugin-idea-proto:2.2.20) with MergeInstrumentationAnalysisTransform
Transforming ktlint-gradle-12.1.1.jar (org.jlleitschuh.gradle:ktlint-gradle:12.1.1) with ExternalDependencyInstrumentingArtifactTransform
Transforming kotlin-gradle-plugin-idea-2.2.20.jar (org.jetbrains.kotlin:kotlin-gradle-plugin-idea:2.2.20) with InstrumentationAnalysisTransform
Transforming kotlin-gradle-plugin-idea-2.2.20.jar (org.jetbrains.kotlin:kotlin-gradle-plugin-idea:2.2.20) with MergeInstrumentationAnalysisTransform
Transforming kotlin-gradle-plugin-idea-proto-2.2.20.jar (org.jetbrains.kotlin:kotlin-gradle-plugin-idea-proto:2.2.20) with ExternalDependencyInstrumentingArtifactTransform
Transforming kotlin-klib-commonizer-api-2.2.20.jar (org.jetbrains.kotlin:kotlin-klib-commonizer-api:2.2.20) with InstrumentationAnalysisTransform
Transforming kotlin-klib-commonizer-api-2.2.20.jar (org.jetbrains.kotlin:kotlin-klib-commonizer-api:2.2.20) with MergeInstrumentationAnalysisTransform
Transforming kotlin-build-statistics-2.2.20.jar (org.jetbrains.kotlin:kotlin-build-statistics:2.2.20) with InstrumentationAnalysisTransform
Transforming kotlin-build-statistics-2.2.20.jar (org.jetbrains.kotlin:kotlin-build-statistics:2.2.20) with MergeInstrumentationAnalysisTransform
Transforming kotlin-gradle-plugin-idea-2.2.20.jar (org.jetbrains.kotlin:kotlin-gradle-plugin-idea:2.2.20) with ExternalDependencyInstrumentingArtifactTransform
Transforming kotlin-klib-commonizer-api-2.2.20.jar (org.jetbrains.kotlin:kotlin-klib-commonizer-api:2.2.20) with ExternalDependencyInstrumentingArtifactTransform
Transforming kotlin-util-klib-metadata-2.2.20.jar (org.jetbrains.kotlin:kotlin-util-klib-metadata:2.2.20) with InstrumentationAnalysisTransform
Transforming kotlin-build-statistics-2.2.20.jar (org.jetbrains.kotlin:kotlin-build-statistics:2.2.20) with ExternalDependencyInstrumentingArtifactTransform
Transforming kotlin-util-klib-metadata-2.2.20.jar (org.jetbrains.kotlin:kotlin-util-klib-metadata:2.2.20) with MergeInstrumentationAnalysisTransform
Transforming abi-tools-api-2.2.20.jar (org.jetbrains.kotlin:abi-tools-api:2.2.20) with InstrumentationAnalysisTransform
Transforming abi-tools-api-2.2.20.jar (org.jetbrains.kotlin:abi-tools-api:2.2.20) with MergeInstrumentationAnalysisTransform
Transforming kotlin-util-klib-metadata-2.2.20.jar (org.jetbrains.kotlin:kotlin-util-klib-metadata:2.2.20) with ExternalDependencyInstrumentingArtifactTransform
Transforming kotlin-compiler-runner-2.2.20.jar (org.jetbrains.kotlin:kotlin-compiler-runner:2.2.20) with InstrumentationAnalysisTransform
Transforming kotlin-compiler-runner-2.2.20.jar (org.jetbrains.kotlin:kotlin-compiler-runner:2.2.20) with MergeInstrumentationAnalysisTransform
Transforming abi-tools-api-2.2.20.jar (org.jetbrains.kotlin:abi-tools-api:2.2.20) with ExternalDependencyInstrumentingArtifactTransform
Transforming dnsjava-2.1.9.jar (dnsjava:dnsjava:2.1.9) with InstrumentationAnalysisTransform
Transforming dnsjava-2.1.9.jar (dnsjava:dnsjava:2.1.9) with MergeInstrumentationAnalysisTransform
Transforming kotlin-gradle-plugin-annotations-2.2.20.jar (org.jetbrains.kotlin:kotlin-gradle-plugin-annotations:2.2.20) with InstrumentationAnalysisTransform
Transforming kotlin-compiler-runner-2.2.20.jar (org.jetbrains.kotlin:kotlin-compiler-runner:2.2.20) with ExternalDependencyInstrumentingArtifactTransform
Transforming kotlin-gradle-plugin-annotations-2.2.20.jar (org.jetbrains.kotlin:kotlin-gradle-plugin-annotations:2.2.20) with MergeInstrumentationAnalysisTransform
Transforming kotlin-native-utils-2.2.20.jar (org.jetbrains.kotlin:kotlin-native-utils:2.2.20) with InstrumentationAnalysisTransform
Transforming dnsjava-2.1.9.jar (dnsjava:dnsjava:2.1.9) with ExternalDependencyInstrumentingArtifactTransform
Transforming kotlin-native-utils-2.2.20.jar (org.jetbrains.kotlin:kotlin-native-utils:2.2.20) with MergeInstrumentationAnalysisTransform
Transforming kotlin-gradle-plugin-annotations-2.2.20.jar (org.jetbrains.kotlin:kotlin-gradle-plugin-annotations:2.2.20) with ExternalDependencyInstrumentingArtifactTransform
Transforming kotlin-tooling-core-2.2.20.jar (org.jetbrains.kotlin:kotlin-tooling-core:2.2.20) with InstrumentationAnalysisTransform
Transforming kotlin-tooling-core-2.2.20.jar (org.jetbrains.kotlin:kotlin-tooling-core:2.2.20) with MergeInstrumentationAnalysisTransform
Transforming kotlin-build-tools-api-2.2.20.jar (org.jetbrains.kotlin:kotlin-build-tools-api:2.2.20) with InstrumentationAnalysisTransform
Transforming kotlin-build-tools-api-2.2.20.jar (org.jetbrains.kotlin:kotlin-build-tools-api:2.2.20) with MergeInstrumentationAnalysisTransform
Transforming kotlin-tooling-core-2.2.20.jar (org.jetbrains.kotlin:kotlin-tooling-core:2.2.20) with ExternalDependencyInstrumentingArtifactTransform
Transforming android-test-plugin-result-listener-gradle-proto-31.10.1.jar (com.android.tools.utp:android-test-plugin-result-listener-gradle-proto:31.10.1) with InstrumentationAnalysisTransform
Transforming android-test-plugin-result-listener-gradle-proto-31.10.1.jar (com.android.tools.utp:android-test-plugin-result-listener-gradle-proto:31.10.1) with MergeInstrumentationAnalysisTransform
Transforming bundletool-1.18.0.jar (com.android.tools.build:bundletool:1.18.0) with InstrumentationAnalysisTransform
Transforming kotlin-build-tools-api-2.2.20.jar (org.jetbrains.kotlin:kotlin-build-tools-api:2.2.20) with ExternalDependencyInstrumentingArtifactTransform
Transforming bundletool-1.18.0.jar (com.android.tools.build:bundletool:1.18.0) with MergeInstrumentationAnalysisTransform
Transforming android-test-plugin-result-listener-gradle-proto-31.10.1.jar (com.android.tools.utp:android-test-plugin-result-listener-gradle-proto:31.10.1) with ExternalDependencyInstrumentingArtifactTransform
Transforming protobuf-java-util-3.25.5.jar (com.google.protobuf:protobuf-java-util:3.25.5) with InstrumentationAnalysisTransform
Transforming bundletool-1.18.0.jar (com.android.tools.build:bundletool:1.18.0) with ExternalDependencyInstrumentingArtifactTransform
Transforming kotlin-native-utils-2.2.20.jar (org.jetbrains.kotlin:kotlin-native-utils:2.2.20) with ExternalDependencyInstrumentingArtifactTransform
Transforming protobuf-java-util-3.25.5.jar (com.google.protobuf:protobuf-java-util:3.25.5) with MergeInstrumentationAnalysisTransform
Transforming grpc-netty-1.69.1.jar (io.grpc:grpc-netty:1.69.1) with InstrumentationAnalysisTransform
Transforming grpc-netty-1.69.1.jar (io.grpc:grpc-netty:1.69.1) with MergeInstrumentationAnalysisTransform
Transforming protobuf-java-util-3.25.5.jar (com.google.protobuf:protobuf-java-util:3.25.5) with ExternalDependencyInstrumentingArtifactTransform
Transforming grpc-inprocess-1.69.1.jar (io.grpc:grpc-inprocess:1.69.1) with InstrumentationAnalysisTransform
Transforming grpc-inprocess-1.69.1.jar (io.grpc:grpc-inprocess:1.69.1) with MergeInstrumentationAnalysisTransform
Transforming grpc-util-1.69.1.jar (io.grpc:grpc-util:1.69.1) with InstrumentationAnalysisTransform
Transforming grpc-netty-1.69.1.jar (io.grpc:grpc-netty:1.69.1) with ExternalDependencyInstrumentingArtifactTransform
Transforming grpc-util-1.69.1.jar (io.grpc:grpc-util:1.69.1) with MergeInstrumentationAnalysisTransform
Transforming grpc-core-1.69.1.jar (io.grpc:grpc-core:1.69.1) with InstrumentationAnalysisTransform
Transforming grpc-inprocess-1.69.1.jar (io.grpc:grpc-inprocess:1.69.1) with ExternalDependencyInstrumentingArtifactTransform
Transforming grpc-core-1.69.1.jar (io.grpc:grpc-core:1.69.1) with MergeInstrumentationAnalysisTransform
Transforming grpc-util-1.69.1.jar (io.grpc:grpc-util:1.69.1) with ExternalDependencyInstrumentingArtifactTransform
Transforming tink-1.7.0.jar (com.google.crypto.tink:tink:1.7.0) with InstrumentationAnalysisTransform
Transforming grpc-core-1.69.1.jar (io.grpc:grpc-core:1.69.1) with ExternalDependencyInstrumentingArtifactTransform
Transforming tink-1.7.0.jar (com.google.crypto.tink:tink:1.7.0) with MergeInstrumentationAnalysisTransform
Transforming gson-2.11.0.jar (com.google.code.gson:gson:2.11.0) with InstrumentationAnalysisTransform
Transforming gson-2.11.0.jar (com.google.code.gson:gson:2.11.0) with MergeInstrumentationAnalysisTransform
Transforming tink-1.7.0.jar (com.google.crypto.tink:tink:1.7.0) with ExternalDependencyInstrumentingArtifactTransform
Transforming kotlin-util-klib-2.2.20.jar (org.jetbrains.kotlin:kotlin-util-klib:2.2.20) with InstrumentationAnalysisTransform
Transforming kotlin-util-klib-2.2.20.jar (org.jetbrains.kotlin:kotlin-util-klib:2.2.20) with MergeInstrumentationAnalysisTransform
Transforming gson-2.11.0.jar (com.google.code.gson:gson:2.11.0) with ExternalDependencyInstrumentingArtifactTransform
Transforming kotlin-util-io-2.2.20.jar (org.jetbrains.kotlin:kotlin-util-io:2.2.20) with InstrumentationAnalysisTransform
Transforming kotlin-util-io-2.2.20.jar (org.jetbrains.kotlin:kotlin-util-io:2.2.20) with MergeInstrumentationAnalysisTransform
Transforming kotlin-daemon-client-2.2.20.jar (org.jetbrains.kotlin:kotlin-daemon-client:2.2.20) with InstrumentationAnalysisTransform
Transforming kotlin-util-io-2.2.20.jar (org.jetbrains.kotlin:kotlin-util-io:2.2.20) with ExternalDependencyInstrumentingArtifactTransform
Transforming kotlin-daemon-client-2.2.20.jar (org.jetbrains.kotlin:kotlin-daemon-client:2.2.20) with MergeInstrumentationAnalysisTransform
Transforming kotlin-util-klib-2.2.20.jar (org.jetbrains.kotlin:kotlin-util-klib:2.2.20) with ExternalDependencyInstrumentingArtifactTransform
Transforming kotlinx-coroutines-core-jvm-1.8.0.jar (org.jetbrains.kotlinx:kotlinx-coroutines-core-jvm:1.8.0) with InstrumentationAnalysisTransform
Transforming kotlinx-coroutines-core-jvm-1.8.0.jar (org.jetbrains.kotlinx:kotlinx-coroutines-core-jvm:1.8.0) with MergeInstrumentationAnalysisTransform
Transforming kotlin-daemon-client-2.2.20.jar (org.jetbrains.kotlin:kotlin-daemon-client:2.2.20) with ExternalDependencyInstrumentingArtifactTransform
Transforming aapt2-proto-8.10.1-12782657.jar (com.android.tools.build:aapt2-proto:8.10.1-12782657) with InstrumentationAnalysisTransform
Transforming aapt2-proto-8.10.1-12782657.jar (com.android.tools.build:aapt2-proto:8.10.1-12782657) with MergeInstrumentationAnalysisTransform
Transforming kotlinx-coroutines-core-jvm-1.8.0.jar (org.jetbrains.kotlinx:kotlinx-coroutines-core-jvm:1.8.0) with ExternalDependencyInstrumentingArtifactTransform
Transforming crash-31.10.1.jar (com.android.tools.analytics-library:crash:31.10.1) with InstrumentationAnalysisTransform
Transforming crash-31.10.1.jar (com.android.tools.analytics-library:crash:31.10.1) with MergeInstrumentationAnalysisTransform
Transforming lint-typedef-remover-31.10.1.jar (com.android.tools.lint:lint-typedef-remover:31.10.1) with InstrumentationAnalysisTransform
Transforming aapt2-proto-8.10.1-12782657.jar (com.android.tools.build:aapt2-proto:8.10.1-12782657) with ExternalDependencyInstrumentingArtifactTransform
Transforming crash-31.10.1.jar (com.android.tools.analytics-library:crash:31.10.1) with ExternalDependencyInstrumentingArtifactTransform
Transforming lint-typedef-remover-31.10.1.jar (com.android.tools.lint:lint-typedef-remover:31.10.1) with MergeInstrumentationAnalysisTransform
Transforming databinding-common-8.10.1.jar (androidx.databinding:databinding-common:8.10.1) with InstrumentationAnalysisTransform
Transforming lint-typedef-remover-31.10.1.jar (com.android.tools.lint:lint-typedef-remover:31.10.1) with ExternalDependencyInstrumentingArtifactTransform
Transforming databinding-common-8.10.1.jar (androidx.databinding:databinding-common:8.10.1) with MergeInstrumentationAnalysisTransform
Transforming baseLibrary-8.10.1.jar (com.android.databinding:baseLibrary:8.10.1) with InstrumentationAnalysisTransform
Transforming baseLibrary-8.10.1.jar (com.android.databinding:baseLibrary:8.10.1) with MergeInstrumentationAnalysisTransform
Transforming android-device-provider-ddmlib-proto-31.10.1.jar (com.android.tools.utp:android-device-provider-ddmlib-proto:31.10.1) with InstrumentationAnalysisTransform
Transforming databinding-common-8.10.1.jar (androidx.databinding:databinding-common:8.10.1) with ExternalDependencyInstrumentingArtifactTransform
Transforming android-device-provider-ddmlib-proto-31.10.1.jar (com.android.tools.utp:android-device-provider-ddmlib-proto:31.10.1) with MergeInstrumentationAnalysisTransform
Transforming android-device-provider-gradle-proto-31.10.1.jar (com.android.tools.utp:android-device-provider-gradle-proto:31.10.1) with InstrumentationAnalysisTransform
Transforming baseLibrary-8.10.1.jar (com.android.databinding:baseLibrary:8.10.1) with ExternalDependencyInstrumentingArtifactTransform
Transforming android-device-provider-gradle-proto-31.10.1.jar (com.android.tools.utp:android-device-provider-gradle-proto:31.10.1) with MergeInstrumentationAnalysisTransform
Transforming android-device-provider-profile-proto-31.10.1.jar (com.android.tools.utp:android-device-provider-profile-proto:31.10.1) with InstrumentationAnalysisTransform
Transforming android-device-provider-ddmlib-proto-31.10.1.jar (com.android.tools.utp:android-device-provider-ddmlib-proto:31.10.1) with ExternalDependencyInstrumentingArtifactTransform
Transforming android-device-provider-profile-proto-31.10.1.jar (com.android.tools.utp:android-device-provider-profile-proto:31.10.1) with MergeInstrumentationAnalysisTransform
Transforming android-test-plugin-host-additional-test-output-proto-31.10.1.jar (com.android.tools.utp:android-test-plugin-host-additional-test-output-proto:31.10.1) with InstrumentationAnalysisTransform
Transforming android-device-provider-gradle-proto-31.10.1.jar (com.android.tools.utp:android-device-provider-gradle-proto:31.10.1) with ExternalDependencyInstrumentingArtifactTransform
Transforming android-device-provider-profile-proto-31.10.1.jar (com.android.tools.utp:android-device-provider-profile-proto:31.10.1) with ExternalDependencyInstrumentingArtifactTransform
Transforming android-test-plugin-host-additional-test-output-proto-31.10.1.jar (com.android.tools.utp:android-test-plugin-host-additional-test-output-proto:31.10.1) with MergeInstrumentationAnalysisTransform
Transforming android-test-plugin-host-coverage-proto-31.10.1.jar (com.android.tools.utp:android-test-plugin-host-coverage-proto:31.10.1) with InstrumentationAnalysisTransform
Transforming android-test-plugin-host-additional-test-output-proto-31.10.1.jar (com.android.tools.utp:android-test-plugin-host-additional-test-output-proto:31.10.1) with ExternalDependencyInstrumentingArtifactTransform
Transforming android-test-plugin-host-coverage-proto-31.10.1.jar (com.android.tools.utp:android-test-plugin-host-coverage-proto:31.10.1) with MergeInstrumentationAnalysisTransform
Transforming android-test-plugin-host-logcat-proto-31.10.1.jar (com.android.tools.utp:android-test-plugin-host-logcat-proto:31.10.1) with InstrumentationAnalysisTransform
Transforming android-test-plugin-host-coverage-proto-31.10.1.jar (com.android.tools.utp:android-test-plugin-host-coverage-proto:31.10.1) with ExternalDependencyInstrumentingArtifactTransform
Transforming android-test-plugin-host-logcat-proto-31.10.1.jar (com.android.tools.utp:android-test-plugin-host-logcat-proto:31.10.1) with MergeInstrumentationAnalysisTransform
Transforming android-test-plugin-host-apk-installer-proto-31.10.1.jar (com.android.tools.utp:android-test-plugin-host-apk-installer-proto:31.10.1) with InstrumentationAnalysisTransform
Transforming android-test-plugin-host-logcat-proto-31.10.1.jar (com.android.tools.utp:android-test-plugin-host-logcat-proto:31.10.1) with ExternalDependencyInstrumentingArtifactTransform
Transforming android-test-plugin-host-apk-installer-proto-31.10.1.jar (com.android.tools.utp:android-test-plugin-host-apk-installer-proto:31.10.1) with MergeInstrumentationAnalysisTransform
Transforming transform-api-2.0.0-deprecated-use-gradle-api.jar (com.android.tools.build:transform-api:2.0.0-deprecated-use-gradle-api) with InstrumentationAnalysisTransform
Transforming transform-api-2.0.0-deprecated-use-gradle-api.jar (com.android.tools.build:transform-api:2.0.0-deprecated-use-gradle-api) with MergeInstrumentationAnalysisTransform
Transforming android-test-plugin-host-apk-installer-proto-31.10.1.jar (com.android.tools.utp:android-test-plugin-host-apk-installer-proto:31.10.1) with ExternalDependencyInstrumentingArtifactTransform
Transforming httpmime-4.5.6.jar (org.apache.httpcomponents:httpmime:4.5.6) with InstrumentationAnalysisTransform
Transforming httpmime-4.5.6.jar (org.apache.httpcomponents:httpmime:4.5.6) with MergeInstrumentationAnalysisTransform
Transforming commons-io-2.16.1.jar (commons-io:commons-io:2.16.1) with InstrumentationAnalysisTransform
Transforming commons-io-2.16.1.jar (commons-io:commons-io:2.16.1) with MergeInstrumentationAnalysisTransform
Transforming httpmime-4.5.6.jar (org.apache.httpcomponents:httpmime:4.5.6) with ExternalDependencyInstrumentingArtifactTransform
Transforming asm-commons-9.7.1.jar (org.ow2.asm:asm-commons:9.7.1) with InstrumentationAnalysisTransform
Transforming transform-api-2.0.0-deprecated-use-gradle-api.jar (com.android.tools.build:transform-api:2.0.0-deprecated-use-gradle-api) with ExternalDependencyInstrumentingArtifactTransform
Transforming asm-commons-9.7.1.jar (org.ow2.asm:asm-commons:9.7.1) with MergeInstrumentationAnalysisTransform
Transforming commons-io-2.16.1.jar (commons-io:commons-io:2.16.1) with ExternalDependencyInstrumentingArtifactTransform
Transforming asm-util-9.7.1.jar (org.ow2.asm:asm-util:9.7.1) with InstrumentationAnalysisTransform
Transforming asm-util-9.7.1.jar (org.ow2.asm:asm-util:9.7.1) with MergeInstrumentationAnalysisTransform
Transforming asm-commons-9.7.1.jar (org.ow2.asm:asm-commons:9.7.1) with ExternalDependencyInstrumentingArtifactTransform
Transforming asm-analysis-9.7.1.jar (org.ow2.asm:asm-analysis:9.7.1) with InstrumentationAnalysisTransform
Transforming asm-util-9.7.1.jar (org.ow2.asm:asm-util:9.7.1) with ExternalDependencyInstrumentingArtifactTransform
Transforming asm-analysis-9.7.1.jar (org.ow2.asm:asm-analysis:9.7.1) with MergeInstrumentationAnalysisTransform
Transforming asm-tree-9.7.1.jar (org.ow2.asm:asm-tree:9.7.1) with InstrumentationAnalysisTransform
Transforming asm-analysis-9.7.1.jar (org.ow2.asm:asm-analysis:9.7.1) with ExternalDependencyInstrumentingArtifactTransform
Transforming asm-tree-9.7.1.jar (org.ow2.asm:asm-tree:9.7.1) with MergeInstrumentationAnalysisTransform
Transforming asm-9.7.1.jar (org.ow2.asm:asm:9.7.1) with InstrumentationAnalysisTransform
Transforming asm-tree-9.7.1.jar (org.ow2.asm:asm-tree:9.7.1) with ExternalDependencyInstrumentingArtifactTransform
Transforming asm-9.7.1.jar (org.ow2.asm:asm:9.7.1) with MergeInstrumentationAnalysisTransform
Transforming apkzlib-8.10.1.jar (com.android.tools.build:apkzlib:8.10.1) with InstrumentationAnalysisTransform
Transforming apkzlib-8.10.1.jar (com.android.tools.build:apkzlib:8.10.1) with MergeInstrumentationAnalysisTransform
Transforming bcpkix-jdk18on-1.79.jar (org.bouncycastle:bcpkix-jdk18on:1.79) with InstrumentationAnalysisTransform
Transforming asm-9.7.1.jar (org.ow2.asm:asm:9.7.1) with ExternalDependencyInstrumentingArtifactTransform
Transforming bcpkix-jdk18on-1.79.jar (org.bouncycastle:bcpkix-jdk18on:1.79) with MergeInstrumentationAnalysisTransform
Transforming apkzlib-8.10.1.jar (com.android.tools.build:apkzlib:8.10.1) with ExternalDependencyInstrumentingArtifactTransform
Transforming jaxb-runtime-2.3.2.jar (org.glassfish.jaxb:jaxb-runtime:2.3.2) with InstrumentationAnalysisTransform
Transforming jaxb-runtime-2.3.2.jar (org.glassfish.jaxb:jaxb-runtime:2.3.2) with MergeInstrumentationAnalysisTransform
Transforming jopt-simple-4.9.jar (net.sf.jopt-simple:jopt-simple:4.9) with InstrumentationAnalysisTransform
Transforming jopt-simple-4.9.jar (net.sf.jopt-simple:jopt-simple:4.9) with MergeInstrumentationAnalysisTransform
Transforming bcpkix-jdk18on-1.79.jar (org.bouncycastle:bcpkix-jdk18on:1.79) with ExternalDependencyInstrumentingArtifactTransform
Transforming javapoet-1.10.0.jar (com.squareup:javapoet:1.10.0) with InstrumentationAnalysisTransform
Transforming jaxb-runtime-2.3.2.jar (org.glassfish.jaxb:jaxb-runtime:2.3.2) with ExternalDependencyInstrumentingArtifactTransform
Transforming javapoet-1.10.0.jar (com.squareup:javapoet:1.10.0) with MergeInstrumentationAnalysisTransform
Transforming grpc-protobuf-1.69.1.jar (io.grpc:grpc-protobuf:1.69.1) with InstrumentationAnalysisTransform
Transforming jopt-simple-4.9.jar (net.sf.jopt-simple:jopt-simple:4.9) with ExternalDependencyInstrumentingArtifactTransform
Transforming grpc-protobuf-1.69.1.jar (io.grpc:grpc-protobuf:1.69.1) with MergeInstrumentationAnalysisTransform
Transforming core-proto-0.0.9-alpha03.jar (com.google.testing.platform:core-proto:0.0.9-alpha03) with InstrumentationAnalysisTransform
Transforming javapoet-1.10.0.jar (com.squareup:javapoet:1.10.0) with ExternalDependencyInstrumentingArtifactTransform
Transforming core-proto-0.0.9-alpha03.jar (com.google.testing.platform:core-proto:0.0.9-alpha03) with MergeInstrumentationAnalysisTransform
Transforming grpc-protobuf-1.69.1.jar (io.grpc:grpc-protobuf:1.69.1) with ExternalDependencyInstrumentingArtifactTransform
Transforming protos-31.10.1.jar (com.android.tools.analytics-library:protos:31.10.1) with InstrumentationAnalysisTransform
Transforming core-proto-0.0.9-alpha03.jar (com.google.testing.platform:core-proto:0.0.9-alpha03) with ExternalDependencyInstrumentingArtifactTransform
Transforming protos-31.10.1.jar (com.android.tools.analytics-library:protos:31.10.1) with MergeInstrumentationAnalysisTransform
Transforming proto-google-common-protos-2.48.0.jar (com.google.api.grpc:proto-google-common-protos:2.48.0) with InstrumentationAnalysisTransform
Transforming proto-google-common-protos-2.48.0.jar (com.google.api.grpc:proto-google-common-protos:2.48.0) with MergeInstrumentationAnalysisTransform
Transforming protos-31.10.1.jar (com.android.tools.analytics-library:protos:31.10.1) with ExternalDependencyInstrumentingArtifactTransform
Transforming protobuf-java-3.25.5.jar (com.google.protobuf:protobuf-java:3.25.5) with InstrumentationAnalysisTransform
Transforming protobuf-java-3.25.5.jar (com.google.protobuf:protobuf-java:3.25.5) with MergeInstrumentationAnalysisTransform
Transforming grpc-stub-1.69.1.jar (io.grpc:grpc-stub:1.69.1) with InstrumentationAnalysisTransform
Transforming proto-google-common-protos-2.48.0.jar (com.google.api.grpc:proto-google-common-protos:2.48.0) with ExternalDependencyInstrumentingArtifactTransform
Transforming grpc-stub-1.69.1.jar (io.grpc:grpc-stub:1.69.1) with MergeInstrumentationAnalysisTransform
Transforming protobuf-java-3.25.5.jar (com.google.protobuf:protobuf-java:3.25.5) with ExternalDependencyInstrumentingArtifactTransform
Transforming tensorflow-lite-metadata-0.2.0.jar (org.tensorflow:tensorflow-lite-metadata:0.2.0) with InstrumentationAnalysisTransform
Transforming grpc-stub-1.69.1.jar (io.grpc:grpc-stub:1.69.1) with ExternalDependencyInstrumentingArtifactTransform
Transforming tensorflow-lite-metadata-0.2.0.jar (org.tensorflow:tensorflow-lite-metadata:0.2.0) with MergeInstrumentationAnalysisTransform
Transforming flatbuffers-java-1.12.0.jar (com.google.flatbuffers:flatbuffers-java:1.12.0) with InstrumentationAnalysisTransform
Transforming tensorflow-lite-metadata-0.2.0.jar (org.tensorflow:tensorflow-lite-metadata:0.2.0) with ExternalDependencyInstrumentingArtifactTransform
Transforming flatbuffers-java-1.12.0.jar (com.google.flatbuffers:flatbuffers-java:1.12.0) with MergeInstrumentationAnalysisTransform
Transforming jimfs-1.1.jar (com.google.jimfs:jimfs:1.1) with InstrumentationAnalysisTransform
Transforming flatbuffers-java-1.12.0.jar (com.google.flatbuffers:flatbuffers-java:1.12.0) with ExternalDependencyInstrumentingArtifactTransform
Transforming jimfs-1.1.jar (com.google.jimfs:jimfs:1.1) with MergeInstrumentationAnalysisTransform
Transforming grpc-context-1.69.1.jar (io.grpc:grpc-context:1.69.1) with InstrumentationAnalysisTransform
Transforming jimfs-1.1.jar (com.google.jimfs:jimfs:1.1) with ExternalDependencyInstrumentingArtifactTransform
Transforming grpc-context-1.69.1.jar (io.grpc:grpc-context:1.69.1) with MergeInstrumentationAnalysisTransform
Transforming grpc-protobuf-lite-1.69.1.jar (io.grpc:grpc-protobuf-lite:1.69.1) with InstrumentationAnalysisTransform
Transforming grpc-protobuf-lite-1.69.1.jar (io.grpc:grpc-protobuf-lite:1.69.1) with MergeInstrumentationAnalysisTransform
Transforming grpc-context-1.69.1.jar (io.grpc:grpc-context:1.69.1) with ExternalDependencyInstrumentingArtifactTransform
Transforming grpc-api-1.69.1.jar (io.grpc:grpc-api:1.69.1) with InstrumentationAnalysisTransform
Transforming grpc-api-1.69.1.jar (io.grpc:grpc-api:1.69.1) with MergeInstrumentationAnalysisTransform
Transforming guava-33.3.1-jre.jar (com.google.guava:guava:33.3.1-jre) with InstrumentationAnalysisTransform
Transforming grpc-protobuf-lite-1.69.1.jar (io.grpc:grpc-protobuf-lite:1.69.1) with ExternalDependencyInstrumentingArtifactTransform
Transforming guava-33.3.1-jre.jar (com.google.guava:guava:33.3.1-jre) with MergeInstrumentationAnalysisTransform
Transforming error_prone_annotations-2.30.0.jar (com.google.errorprone:error_prone_annotations:2.30.0) with InstrumentationAnalysisTransform
Transforming grpc-api-1.69.1.jar (io.grpc:grpc-api:1.69.1) with ExternalDependencyInstrumentingArtifactTransform
Transforming error_prone_annotations-2.30.0.jar (com.google.errorprone:error_prone_annotations:2.30.0) with MergeInstrumentationAnalysisTransform
Transforming dagger-2.28.3.jar (com.google.dagger:dagger:2.28.3) with InstrumentationAnalysisTransform
Transforming guava-33.3.1-jre.jar (com.google.guava:guava:33.3.1-jre) with ExternalDependencyInstrumentingArtifactTransform
Transforming dagger-2.28.3.jar (com.google.dagger:dagger:2.28.3) with MergeInstrumentationAnalysisTransform
Transforming error_prone_annotations-2.30.0.jar (com.google.errorprone:error_prone_annotations:2.30.0) with ExternalDependencyInstrumentingArtifactTransform
Transforming javax.inject-1.jar (javax.inject:javax.inject:1) with InstrumentationAnalysisTransform
Transforming javax.inject-1.jar (javax.inject:javax.inject:1) with MergeInstrumentationAnalysisTransform
Transforming dagger-2.28.3.jar (com.google.dagger:dagger:2.28.3) with ExternalDependencyInstrumentingArtifactTransform
Transforming kxml2-2.3.0.jar (net.sf.kxml:kxml2:2.3.0) with InstrumentationAnalysisTransform
Transforming kxml2-2.3.0.jar (net.sf.kxml:kxml2:2.3.0) with MergeInstrumentationAnalysisTransform
Transforming javax.inject-1.jar (javax.inject:javax.inject:1) with ExternalDependencyInstrumentingArtifactTransform
Transforming commons-compress-1.21.jar (org.apache.commons:commons-compress:1.21) with InstrumentationAnalysisTransform
Transforming commons-compress-1.21.jar (org.apache.commons:commons-compress:1.21) with MergeInstrumentationAnalysisTransform
Transforming kxml2-2.3.0.jar (net.sf.kxml:kxml2:2.3.0) with ExternalDependencyInstrumentingArtifactTransform
Transforming bcutil-jdk18on-1.79.jar (org.bouncycastle:bcutil-jdk18on:1.79) with InstrumentationAnalysisTransform
Transforming bcutil-jdk18on-1.79.jar (org.bouncycastle:bcutil-jdk18on:1.79) with MergeInstrumentationAnalysisTransform
Transforming bcprov-jdk18on-1.79.jar (org.bouncycastle:bcprov-jdk18on:1.79) with InstrumentationAnalysisTransform
Transforming bcprov-jdk18on-1.79.jar (org.bouncycastle:bcprov-jdk18on:1.79) with MergeInstrumentationAnalysisTransform
Transforming commons-compress-1.21.jar (org.apache.commons:commons-compress:1.21) with ExternalDependencyInstrumentingArtifactTransform
Transforming httpclient-4.5.14.jar (org.apache.httpcomponents:httpclient:4.5.14) with InstrumentationAnalysisTransform
Transforming bcprov-jdk18on-1.79.jar (org.bouncycastle:bcprov-jdk18on:1.79) with ExternalDependencyInstrumentingArtifactTransform
Transforming bcutil-jdk18on-1.79.jar (org.bouncycastle:bcutil-jdk18on:1.79) with ExternalDependencyInstrumentingArtifactTransform
Transforming httpclient-4.5.14.jar (org.apache.httpcomponents:httpclient:4.5.14) with MergeInstrumentationAnalysisTransform
Transforming httpcore-4.4.16.jar (org.apache.httpcomponents:httpcore:4.4.16) with InstrumentationAnalysisTransform
Transforming httpcore-4.4.16.jar (org.apache.httpcomponents:httpcore:4.4.16) with MergeInstrumentationAnalysisTransform
Transforming httpclient-4.5.14.jar (org.apache.httpcomponents:httpclient:4.5.14) with ExternalDependencyInstrumentingArtifactTransform
Transforming javax.activation-1.2.0.jar (com.sun.activation:javax.activation:1.2.0) with InstrumentationAnalysisTransform
Transforming javax.activation-1.2.0.jar (com.sun.activation:javax.activation:1.2.0) with MergeInstrumentationAnalysisTransform
Transforming signflinger-8.10.1.jar (com.android:signflinger:8.10.1) with InstrumentationAnalysisTransform
Transforming httpcore-4.4.16.jar (org.apache.httpcomponents:httpcore:4.4.16) with ExternalDependencyInstrumentingArtifactTransform
Transforming signflinger-8.10.1.jar (com.android:signflinger:8.10.1) with MergeInstrumentationAnalysisTransform
Transforming zipflinger-8.10.1.jar (com.android:zipflinger:8.10.1) with InstrumentationAnalysisTransform
Transforming javax.activation-1.2.0.jar (com.sun.activation:javax.activation:1.2.0) with ExternalDependencyInstrumentingArtifactTransform
Transforming zipflinger-8.10.1.jar (com.android:zipflinger:8.10.1) with MergeInstrumentationAnalysisTransform
Transforming signflinger-8.10.1.jar (com.android:signflinger:8.10.1) with ExternalDependencyInstrumentingArtifactTransform
Transforming annotations-31.10.1.jar (com.android.tools:annotations:31.10.1) with InstrumentationAnalysisTransform
Transforming annotations-31.10.1.jar (com.android.tools:annotations:31.10.1) with MergeInstrumentationAnalysisTransform
Transforming zipflinger-8.10.1.jar (com.android:zipflinger:8.10.1) with ExternalDependencyInstrumentingArtifactTransform
Transforming jna-platform-5.6.0.jar (net.java.dev.jna:jna-platform:5.6.0) with InstrumentationAnalysisTransform
Transforming jna-platform-5.6.0.jar (net.java.dev.jna:jna-platform:5.6.0) with MergeInstrumentationAnalysisTransform
Transforming annotations-31.10.1.jar (com.android.tools:annotations:31.10.1) with ExternalDependencyInstrumentingArtifactTransform
Transforming juniversalchardet-1.0.3.jar (com.googlecode.juniversalchardet:juniversalchardet:1.0.3) with InstrumentationAnalysisTransform
Transforming juniversalchardet-1.0.3.jar (com.googlecode.juniversalchardet:juniversalchardet:1.0.3) with MergeInstrumentationAnalysisTransform
Transforming javax.annotation-api-1.3.2.jar (javax.annotation:javax.annotation-api:1.3.2) with InstrumentationAnalysisTransform
Transforming jna-platform-5.6.0.jar (net.java.dev.jna:jna-platform:5.6.0) with ExternalDependencyInstrumentingArtifactTransform
Transforming juniversalchardet-1.0.3.jar (com.googlecode.juniversalchardet:juniversalchardet:1.0.3) with ExternalDependencyInstrumentingArtifactTransform
Transforming javax.annotation-api-1.3.2.jar (javax.annotation:javax.annotation-api:1.3.2) with MergeInstrumentationAnalysisTransform
Transforming stax-ex-1.8.1.jar (org.jvnet.staxex:stax-ex:1.8.1) with InstrumentationAnalysisTransform
Transforming stax-ex-1.8.1.jar (org.jvnet.staxex:stax-ex:1.8.1) with MergeInstrumentationAnalysisTransform
Transforming jakarta.xml.bind-api-2.3.2.jar (jakarta.xml.bind:jakarta.xml.bind-api:2.3.2) with InstrumentationAnalysisTransform
Transforming jakarta.xml.bind-api-2.3.2.jar (jakarta.xml.bind:jakarta.xml.bind-api:2.3.2) with MergeInstrumentationAnalysisTransform
Transforming txw2-2.3.2.jar (org.glassfish.jaxb:txw2:2.3.2) with InstrumentationAnalysisTransform
Transforming txw2-2.3.2.jar (org.glassfish.jaxb:txw2:2.3.2) with MergeInstrumentationAnalysisTransform
Transforming istack-commons-runtime-3.0.8.jar (com.sun.istack:istack-commons-runtime:3.0.8) with InstrumentationAnalysisTransform
Transforming istack-commons-runtime-3.0.8.jar (com.sun.istack:istack-commons-runtime:3.0.8) with MergeInstrumentationAnalysisTransform
Transforming javax.annotation-api-1.3.2.jar (javax.annotation:javax.annotation-api:1.3.2) with ExternalDependencyInstrumentingArtifactTransform
Transforming FastInfoset-1.2.16.jar (com.sun.xml.fastinfoset:FastInfoset:1.2.16) with InstrumentationAnalysisTransform
Transforming stax-ex-1.8.1.jar (org.jvnet.staxex:stax-ex:1.8.1) with ExternalDependencyInstrumentingArtifactTransform
Transforming FastInfoset-1.2.16.jar (com.sun.xml.fastinfoset:FastInfoset:1.2.16) with MergeInstrumentationAnalysisTransform
Transforming txw2-2.3.2.jar (org.glassfish.jaxb:txw2:2.3.2) with ExternalDependencyInstrumentingArtifactTransform
Transforming jakarta.activation-api-1.2.1.jar (jakarta.activation:jakarta.activation-api:1.2.1) with InstrumentationAnalysisTransform
Transforming istack-commons-runtime-3.0.8.jar (com.sun.istack:istack-commons-runtime:3.0.8) with ExternalDependencyInstrumentingArtifactTransform
Transforming jakarta.activation-api-1.2.1.jar (jakarta.activation:jakarta.activation-api:1.2.1) with MergeInstrumentationAnalysisTransform
Transforming jakarta.xml.bind-api-2.3.2.jar (jakarta.xml.bind:jakarta.xml.bind-api:2.3.2) with ExternalDependencyInstrumentingArtifactTransform
Transforming FastInfoset-1.2.16.jar (com.sun.xml.fastinfoset:FastInfoset:1.2.16) with ExternalDependencyInstrumentingArtifactTransform
Transforming auto-value-annotations-1.6.2.jar (com.google.auto.value:auto-value-annotations:1.6.2) with InstrumentationAnalysisTransform
Transforming auto-value-annotations-1.6.2.jar (com.google.auto.value:auto-value-annotations:1.6.2) with MergeInstrumentationAnalysisTransform
Transforming jose4j-0.9.5.jar (org.bitbucket.b_c:jose4j:0.9.5) with InstrumentationAnalysisTransform
Transforming jose4j-0.9.5.jar (org.bitbucket.b_c:jose4j:0.9.5) with MergeInstrumentationAnalysisTransform
Transforming slf4j-api-1.7.30.jar (org.slf4j:slf4j-api:1.7.30) with InstrumentationAnalysisTransform
Transforming auto-value-annotations-1.6.2.jar (com.google.auto.value:auto-value-annotations:1.6.2) with ExternalDependencyInstrumentingArtifactTransform
Transforming jose4j-0.9.5.jar (org.bitbucket.b_c:jose4j:0.9.5) with ExternalDependencyInstrumentingArtifactTransform
Transforming jakarta.activation-api-1.2.1.jar (jakarta.activation:jakarta.activation-api:1.2.1) with ExternalDependencyInstrumentingArtifactTransform
Transforming slf4j-api-1.7.30.jar (org.slf4j:slf4j-api:1.7.30) with MergeInstrumentationAnalysisTransform
Transforming jdom2-2.0.6.jar (org.jdom:jdom2:2.0.6) with InstrumentationAnalysisTransform
Transforming jdom2-2.0.6.jar (org.jdom:jdom2:2.0.6) with MergeInstrumentationAnalysisTransform
Transforming jsr305-3.0.2.jar (com.google.code.findbugs:jsr305:3.0.2) with InstrumentationAnalysisTransform
Transforming slf4j-api-1.7.30.jar (org.slf4j:slf4j-api:1.7.30) with ExternalDependencyInstrumentingArtifactTransform
Transforming jsr305-3.0.2.jar (com.google.code.findbugs:jsr305:3.0.2) with MergeInstrumentationAnalysisTransform
Transforming j2objc-annotations-3.0.0.jar (com.google.j2objc:j2objc-annotations:3.0.0) with InstrumentationAnalysisTransform
Transforming jdom2-2.0.6.jar (org.jdom:jdom2:2.0.6) with ExternalDependencyInstrumentingArtifactTransform
Transforming j2objc-annotations-3.0.0.jar (com.google.j2objc:j2objc-annotations:3.0.0) with MergeInstrumentationAnalysisTransform
Transforming jsr305-3.0.2.jar (com.google.code.findbugs:jsr305:3.0.2) with ExternalDependencyInstrumentingArtifactTransform
Transforming annotations-4.1.1.4.jar (com.google.android:annotations:4.1.1.4) with InstrumentationAnalysisTransform
Transforming annotations-4.1.1.4.jar (com.google.android:annotations:4.1.1.4) with MergeInstrumentationAnalysisTransform
Transforming animal-sniffer-annotations-1.24.jar (org.codehaus.mojo:animal-sniffer-annotations:1.24) with InstrumentationAnalysisTransform
Transforming j2objc-annotations-3.0.0.jar (com.google.j2objc:j2objc-annotations:3.0.0) with ExternalDependencyInstrumentingArtifactTransform
Transforming animal-sniffer-annotations-1.24.jar (org.codehaus.mojo:animal-sniffer-annotations:1.24) with MergeInstrumentationAnalysisTransform
Transforming perfmark-api-0.27.0.jar (io.perfmark:perfmark-api:0.27.0) with InstrumentationAnalysisTransform
Transforming perfmark-api-0.27.0.jar (io.perfmark:perfmark-api:0.27.0) with MergeInstrumentationAnalysisTransform
Transforming netty-codec-http2-4.1.110.Final.jar (io.netty:netty-codec-http2:4.1.110.Final) with InstrumentationAnalysisTransform
Transforming animal-sniffer-annotations-1.24.jar (org.codehaus.mojo:animal-sniffer-annotations:1.24) with ExternalDependencyInstrumentingArtifactTransform
Transforming netty-codec-http2-4.1.110.Final.jar (io.netty:netty-codec-http2:4.1.110.Final) with MergeInstrumentationAnalysisTransform
Transforming annotations-4.1.1.4.jar (com.google.android:annotations:4.1.1.4) with ExternalDependencyInstrumentingArtifactTransform
Transforming netty-handler-proxy-4.1.110.Final.jar (io.netty:netty-handler-proxy:4.1.110.Final) with InstrumentationAnalysisTransform
Transforming perfmark-api-0.27.0.jar (io.perfmark:perfmark-api:0.27.0) with ExternalDependencyInstrumentingArtifactTransform
Transforming netty-handler-proxy-4.1.110.Final.jar (io.netty:netty-handler-proxy:4.1.110.Final) with MergeInstrumentationAnalysisTransform
Transforming netty-codec-http2-4.1.110.Final.jar (io.netty:netty-codec-http2:4.1.110.Final) with ExternalDependencyInstrumentingArtifactTransform
Transforming netty-codec-http-4.1.110.Final.jar (io.netty:netty-codec-http:4.1.110.Final) with InstrumentationAnalysisTransform
Transforming netty-codec-http-4.1.110.Final.jar (io.netty:netty-codec-http:4.1.110.Final) with MergeInstrumentationAnalysisTransform
Transforming netty-handler-4.1.110.Final.jar (io.netty:netty-handler:4.1.110.Final) with InstrumentationAnalysisTransform
Transforming netty-handler-proxy-4.1.110.Final.jar (io.netty:netty-handler-proxy:4.1.110.Final) with ExternalDependencyInstrumentingArtifactTransform
Transforming netty-handler-4.1.110.Final.jar (io.netty:netty-handler:4.1.110.Final) with MergeInstrumentationAnalysisTransform
Transforming netty-transport-native-unix-common-4.1.110.Final.jar (io.netty:netty-transport-native-unix-common:4.1.110.Final) with InstrumentationAnalysisTransform
Transforming netty-transport-native-unix-common-4.1.110.Final.jar (io.netty:netty-transport-native-unix-common:4.1.110.Final) with MergeInstrumentationAnalysisTransform
Transforming netty-handler-4.1.110.Final.jar (io.netty:netty-handler:4.1.110.Final) with ExternalDependencyInstrumentingArtifactTransform
Transforming netty-transport-native-unix-common-4.1.110.Final.jar (io.netty:netty-transport-native-unix-common:4.1.110.Final) with ExternalDependencyInstrumentingArtifactTransform
Transforming netty-codec-http-4.1.110.Final.jar (io.netty:netty-codec-http:4.1.110.Final) with ExternalDependencyInstrumentingArtifactTransform
Transforming checker-qual-3.43.0.jar (org.checkerframework:checker-qual:3.43.0) with InstrumentationAnalysisTransform
Transforming checker-qual-3.43.0.jar (org.checkerframework:checker-qual:3.43.0) with MergeInstrumentationAnalysisTransform
Transforming apksig-8.10.1.jar (com.android.tools.build:apksig:8.10.1) with InstrumentationAnalysisTransform
Transforming apksig-8.10.1.jar (com.android.tools.build:apksig:8.10.1) with MergeInstrumentationAnalysisTransform
Transforming javawriter-2.5.0.jar (com.squareup:javawriter:2.5.0) with InstrumentationAnalysisTransform
Transforming javawriter-2.5.0.jar (com.squareup:javawriter:2.5.0) with MergeInstrumentationAnalysisTransform
Transforming failureaccess-1.0.2.jar (com.google.guava:failureaccess:1.0.2) with InstrumentationAnalysisTransform
Transforming failureaccess-1.0.2.jar (com.google.guava:failureaccess:1.0.2) with MergeInstrumentationAnalysisTransform
Transforming listenablefuture-9999.0-empty-to-avoid-conflict-with-guava.jar (com.google.guava:listenablefuture:9999.0-empty-to-avoid-conflict-with-guava) with InstrumentationAnalysisTransform
Transforming listenablefuture-9999.0-empty-to-avoid-conflict-with-guava.jar (com.google.guava:listenablefuture:9999.0-empty-to-avoid-conflict-with-guava) with MergeInstrumentationAnalysisTransform
Transforming apksig-8.10.1.jar (com.android.tools.build:apksig:8.10.1) with ExternalDependencyInstrumentingArtifactTransform
Transforming commons-logging-1.2.jar (commons-logging:commons-logging:1.2) with InstrumentationAnalysisTransform
Transforming failureaccess-1.0.2.jar (com.google.guava:failureaccess:1.0.2) with ExternalDependencyInstrumentingArtifactTransform
Transforming commons-logging-1.2.jar (commons-logging:commons-logging:1.2) with MergeInstrumentationAnalysisTransform
Transforming javawriter-2.5.0.jar (com.squareup:javawriter:2.5.0) with ExternalDependencyInstrumentingArtifactTransform
Transforming listenablefuture-9999.0-empty-to-avoid-conflict-with-guava.jar (com.google.guava:listenablefuture:9999.0-empty-to-avoid-conflict-with-guava) with ExternalDependencyInstrumentingArtifactTransform
Transforming commons-logging-1.2.jar (commons-logging:commons-logging:1.2) with ExternalDependencyInstrumentingArtifactTransform
Transforming commons-codec-1.11.jar (commons-codec:commons-codec:1.11) with InstrumentationAnalysisTransform
Transforming checker-qual-3.43.0.jar (org.checkerframework:checker-qual:3.43.0) with ExternalDependencyInstrumentingArtifactTransform
Transforming commons-codec-1.11.jar (commons-codec:commons-codec:1.11) with MergeInstrumentationAnalysisTransform
Transforming jna-5.6.0.jar (net.java.dev.jna:jna:5.6.0) with InstrumentationAnalysisTransform
Transforming jna-5.6.0.jar (net.java.dev.jna:jna:5.6.0) with MergeInstrumentationAnalysisTransform
Transforming netty-codec-socks-4.1.110.Final.jar (io.netty:netty-codec-socks:4.1.110.Final) with InstrumentationAnalysisTransform
Transforming commons-codec-1.11.jar (commons-codec:commons-codec:1.11) with ExternalDependencyInstrumentingArtifactTransform
Transforming jna-5.6.0.jar (net.java.dev.jna:jna:5.6.0) with ExternalDependencyInstrumentingArtifactTransform
Transforming netty-codec-socks-4.1.110.Final.jar (io.netty:netty-codec-socks:4.1.110.Final) with MergeInstrumentationAnalysisTransform
Transforming netty-codec-4.1.110.Final.jar (io.netty:netty-codec:4.1.110.Final) with InstrumentationAnalysisTransform
Transforming netty-codec-4.1.110.Final.jar (io.netty:netty-codec:4.1.110.Final) with MergeInstrumentationAnalysisTransform
Transforming netty-transport-4.1.110.Final.jar (io.netty:netty-transport:4.1.110.Final) with InstrumentationAnalysisTransform
Transforming netty-transport-4.1.110.Final.jar (io.netty:netty-transport:4.1.110.Final) with MergeInstrumentationAnalysisTransform
Transforming netty-buffer-4.1.110.Final.jar (io.netty:netty-buffer:4.1.110.Final) with InstrumentationAnalysisTransform
Transforming netty-buffer-4.1.110.Final.jar (io.netty:netty-buffer:4.1.110.Final) with MergeInstrumentationAnalysisTransform
Transforming netty-codec-socks-4.1.110.Final.jar (io.netty:netty-codec-socks:4.1.110.Final) with ExternalDependencyInstrumentingArtifactTransform
Transforming netty-resolver-4.1.110.Final.jar (io.netty:netty-resolver:4.1.110.Final) with InstrumentationAnalysisTransform
Transforming netty-resolver-4.1.110.Final.jar (io.netty:netty-resolver:4.1.110.Final) with MergeInstrumentationAnalysisTransform
Transforming netty-common-4.1.110.Final.jar (io.netty:netty-common:4.1.110.Final) with InstrumentationAnalysisTransform
Transforming netty-common-4.1.110.Final.jar (io.netty:netty-common:4.1.110.Final) with MergeInstrumentationAnalysisTransform
Transforming netty-resolver-4.1.110.Final.jar (io.netty:netty-resolver:4.1.110.Final) with ExternalDependencyInstrumentingArtifactTransform
Transforming netty-common-4.1.110.Final.jar (io.netty:netty-common:4.1.110.Final) with ExternalDependencyInstrumentingArtifactTransform
Transforming netty-transport-4.1.110.Final.jar (io.netty:netty-transport:4.1.110.Final) with ExternalDependencyInstrumentingArtifactTransform
Transforming netty-buffer-4.1.110.Final.jar (io.netty:netty-buffer:4.1.110.Final) with ExternalDependencyInstrumentingArtifactTransform
Transforming netty-codec-4.1.110.Final.jar (io.netty:netty-codec:4.1.110.Final) with ExternalDependencyInstrumentingArtifactTransform
Transforming plugins.jar (project :build-logic:plugins) with ProjectDependencyInstrumentingArtifactTransform
Transforming tools.jar (project :build-logic:tools) with ProjectDependencyInstrumentingArtifactTransform
Using default execution profile
Using Kotlin Gradle Plugin gradle811 variant

> Configure project :image-editor
Evaluating project ':image-editor' using build file '/home/lollerfirst/Signal-Android/image-editor/lib/build.gradle'.
Transforming classes with InstrumentationAnalysisTransform
Transforming classes with InstrumentationAnalysisTransform
Transforming kotlin-gradle-plugin-model-2.2.20.jar (org.jetbrains.kotlin:kotlin-gradle-plugin-model:2.2.20) with InstrumentationAnalysisTransform
Transforming fus-statistics-gradle-plugin-2.2.20-gradle811.jar (org.jetbrains.kotlin:fus-statistics-gradle-plugin:2.2.20) with InstrumentationAnalysisTransform
Transforming kotlin-gradle-plugin-api-2.2.20.jar (org.jetbrains.kotlin:kotlin-gradle-plugin-api:2.2.20) with InstrumentationAnalysisTransform
Transforming kotlin-gradle-plugin-api-2.2.20-gradle811.jar (org.jetbrains.kotlin:kotlin-gradle-plugin-api:2.2.20) with InstrumentationAnalysisTransform
Transforming kotlin-gradle-plugin-2.2.20-gradle811.jar (org.jetbrains.kotlin:kotlin-gradle-plugin:2.2.20) with InstrumentationAnalysisTransform
Transforming ktlint-gradle-12.1.1.jar (org.jlleitschuh.gradle:ktlint-gradle:12.1.1) with InstrumentationAnalysisTransform
Transforming kotlin-gradle-plugin-idea-proto-2.2.20.jar (org.jetbrains.kotlin:kotlin-gradle-plugin-idea-proto:2.2.20) with InstrumentationAnalysisTransform
Transforming kotlin-gradle-plugin-idea-2.2.20.jar (org.jetbrains.kotlin:kotlin-gradle-plugin-idea:2.2.20) with InstrumentationAnalysisTransform
Transforming kotlin-klib-commonizer-api-2.2.20.jar (org.jetbrains.kotlin:kotlin-klib-commonizer-api:2.2.20) with InstrumentationAnalysisTransform
Transforming kotlin-build-statistics-2.2.20.jar (org.jetbrains.kotlin:kotlin-build-statistics:2.2.20) with InstrumentationAnalysisTransform
Transforming kotlin-util-klib-metadata-2.2.20.jar (org.jetbrains.kotlin:kotlin-util-klib-metadata:2.2.20) with InstrumentationAnalysisTransform
Transforming abi-tools-api-2.2.20.jar (org.jetbrains.kotlin:abi-tools-api:2.2.20) with InstrumentationAnalysisTransform
Transforming kotlin-compiler-runner-2.2.20.jar (org.jetbrains.kotlin:kotlin-compiler-runner:2.2.20) with InstrumentationAnalysisTransform
Transforming gradle-8.10.1.jar (com.android.tools.build:gradle:8.10.1) with InstrumentationAnalysisTransform
Transforming gradle-settings-api-8.10.1.jar (com.android.tools.build:gradle-settings-api:8.10.1) with InstrumentationAnalysisTransform
Transforming lint-model-31.10.1.jar (com.android.tools.lint:lint-model:31.10.1) with InstrumentationAnalysisTransform
Transforming builder-8.10.1.jar (com.android.tools.build:builder:8.10.1) with InstrumentationAnalysisTransform
Transforming manifest-merger-31.10.1.jar (com.android.tools.build:manifest-merger:31.10.1) with InstrumentationAnalysisTransform
Transforming sdk-common-31.10.1.jar (com.android.tools:sdk-common:31.10.1) with InstrumentationAnalysisTransform
Transforming sdklib-31.10.1.jar (com.android.tools:sdklib:31.10.1) with InstrumentationAnalysisTransform
Transforming repository-31.10.1.jar (com.android.tools:repository:31.10.1) with InstrumentationAnalysisTransform
Transforming aaptcompiler-8.10.1.jar (com.android.tools.build:aaptcompiler:8.10.1) with InstrumentationAnalysisTransform
Transforming tracker-31.10.1.jar (com.android.tools.analytics-library:tracker:31.10.1) with InstrumentationAnalysisTransform
Transforming shared-31.10.1.jar (com.android.tools.analytics-library:shared:31.10.1) with InstrumentationAnalysisTransform
Transforming databinding-compiler-common-8.10.1.jar (androidx.databinding:databinding-compiler-common:8.10.1) with InstrumentationAnalysisTransform
Transforming android-test-plugin-host-emulator-control-proto-31.10.1.jar (com.android.tools.utp:android-test-plugin-host-emulator-control-proto:31.10.1) with InstrumentationAnalysisTransform
Transforming builder-model-8.10.1.jar (com.android.tools.build:builder-model:8.10.1) with InstrumentationAnalysisTransform
Transforming gradle-api-8.10.1.jar (com.android.tools.build:gradle-api:8.10.1) with InstrumentationAnalysisTransform
Transforming builder-test-api-8.10.1.jar (com.android.tools.build:builder-test-api:8.10.1) with InstrumentationAnalysisTransform
Transforming ddmlib-31.10.1.jar (com.android.tools.ddms:ddmlib:31.10.1) with InstrumentationAnalysisTransform
Transforming layoutlib-api-31.10.1.jar (com.android.tools.layoutlib:layoutlib-api:31.10.1) with InstrumentationAnalysisTransform
Transforming dvlib-31.10.1.jar (com.android.tools:dvlib:31.10.1) with InstrumentationAnalysisTransform
Transforming common-31.10.1.jar (com.android.tools:common:31.10.1) with InstrumentationAnalysisTransform
Transforming kotlin-stdlib-jdk8-2.1.0.jar (org.jetbrains.kotlin:kotlin-stdlib-jdk8:2.1.0) with InstrumentationAnalysisTransform
Transforming jetifier-processor-1.0.0-beta10.jar (com.android.tools.build.jetifier:jetifier-processor:1.0.0-beta10) with InstrumentationAnalysisTransform
Transforming jetifier-core-1.0.0-beta10.jar (com.android.tools.build.jetifier:jetifier-core:1.0.0-beta10) with InstrumentationAnalysisTransform
Transforming kotlin-reflect-2.1.0.jar (org.jetbrains.kotlin:kotlin-reflect:2.1.0) with InstrumentationAnalysisTransform
Transforming kotlin-stdlib-jdk7-2.1.0.jar (org.jetbrains.kotlin:kotlin-stdlib-jdk7:2.1.0) with InstrumentationAnalysisTransform
Transforming kotlin-stdlib-2.2.20.jar (org.jetbrains.kotlin:kotlin-stdlib:2.2.20) with InstrumentationAnalysisTransform
Transforming dnsjava-2.1.9.jar (dnsjava:dnsjava:2.1.9) with InstrumentationAnalysisTransform
Transforming kotlin-gradle-plugin-annotations-2.2.20.jar (org.jetbrains.kotlin:kotlin-gradle-plugin-annotations:2.2.20) with InstrumentationAnalysisTransform
Transforming kotlin-native-utils-2.2.20.jar (org.jetbrains.kotlin:kotlin-native-utils:2.2.20) with InstrumentationAnalysisTransform
Transforming kotlin-tooling-core-2.2.20.jar (org.jetbrains.kotlin:kotlin-tooling-core:2.2.20) with InstrumentationAnalysisTransform
Transforming kotlin-build-tools-api-2.2.20.jar (org.jetbrains.kotlin:kotlin-build-tools-api:2.2.20) with InstrumentationAnalysisTransform
Transforming android-test-plugin-result-listener-gradle-proto-31.10.1.jar (com.android.tools.utp:android-test-plugin-result-listener-gradle-proto:31.10.1) with InstrumentationAnalysisTransform
Transforming bundletool-1.18.0.jar (com.android.tools.build:bundletool:1.18.0) with InstrumentationAnalysisTransform
Transforming protobuf-java-util-3.25.5.jar (com.google.protobuf:protobuf-java-util:3.25.5) with InstrumentationAnalysisTransform
Transforming grpc-netty-1.69.1.jar (io.grpc:grpc-netty:1.69.1) with InstrumentationAnalysisTransform
Transforming grpc-inprocess-1.69.1.jar (io.grpc:grpc-inprocess:1.69.1) with InstrumentationAnalysisTransform
Transforming grpc-util-1.69.1.jar (io.grpc:grpc-util:1.69.1) with InstrumentationAnalysisTransform
Transforming grpc-core-1.69.1.jar (io.grpc:grpc-core:1.69.1) with InstrumentationAnalysisTransform
Transforming tink-1.7.0.jar (com.google.crypto.tink:tink:1.7.0) with InstrumentationAnalysisTransform
Transforming gson-2.11.0.jar (com.google.code.gson:gson:2.11.0) with InstrumentationAnalysisTransform
Transforming kotlin-util-klib-2.2.20.jar (org.jetbrains.kotlin:kotlin-util-klib:2.2.20) with InstrumentationAnalysisTransform
Transforming kotlin-util-io-2.2.20.jar (org.jetbrains.kotlin:kotlin-util-io:2.2.20) with InstrumentationAnalysisTransform
Transforming kotlin-daemon-client-2.2.20.jar (org.jetbrains.kotlin:kotlin-daemon-client:2.2.20) with InstrumentationAnalysisTransform
Transforming kotlinx-coroutines-core-jvm-1.8.0.jar (org.jetbrains.kotlinx:kotlinx-coroutines-core-jvm:1.8.0) with InstrumentationAnalysisTransform
Transforming aapt2-proto-8.10.1-12782657.jar (com.android.tools.build:aapt2-proto:8.10.1-12782657) with InstrumentationAnalysisTransform
Transforming crash-31.10.1.jar (com.android.tools.analytics-library:crash:31.10.1) with InstrumentationAnalysisTransform
Transforming lint-typedef-remover-31.10.1.jar (com.android.tools.lint:lint-typedef-remover:31.10.1) with InstrumentationAnalysisTransform
Transforming databinding-common-8.10.1.jar (androidx.databinding:databinding-common:8.10.1) with InstrumentationAnalysisTransform
Transforming baseLibrary-8.10.1.jar (com.android.databinding:baseLibrary:8.10.1) with InstrumentationAnalysisTransform
Transforming android-device-provider-ddmlib-proto-31.10.1.jar (com.android.tools.utp:android-device-provider-ddmlib-proto:31.10.1) with InstrumentationAnalysisTransform
Transforming android-device-provider-gradle-proto-31.10.1.jar (com.android.tools.utp:android-device-provider-gradle-proto:31.10.1) with InstrumentationAnalysisTransform
Transforming android-device-provider-profile-proto-31.10.1.jar (com.android.tools.utp:android-device-provider-profile-proto:31.10.1) with InstrumentationAnalysisTransform
Transforming android-test-plugin-host-additional-test-output-proto-31.10.1.jar (com.android.tools.utp:android-test-plugin-host-additional-test-output-proto:31.10.1) with InstrumentationAnalysisTransform
Transforming android-test-plugin-host-coverage-proto-31.10.1.jar (com.android.tools.utp:android-test-plugin-host-coverage-proto:31.10.1) with InstrumentationAnalysisTransform
Transforming android-test-plugin-host-logcat-proto-31.10.1.jar (com.android.tools.utp:android-test-plugin-host-logcat-proto:31.10.1) with InstrumentationAnalysisTransform
Transforming android-test-plugin-host-apk-installer-proto-31.10.1.jar (com.android.tools.utp:android-test-plugin-host-apk-installer-proto:31.10.1) with InstrumentationAnalysisTransform
Transforming transform-api-2.0.0-deprecated-use-gradle-api.jar (com.android.tools.build:transform-api:2.0.0-deprecated-use-gradle-api) with InstrumentationAnalysisTransform
Transforming httpmime-4.5.6.jar (org.apache.httpcomponents:httpmime:4.5.6) with InstrumentationAnalysisTransform
Transforming commons-io-2.16.1.jar (commons-io:commons-io:2.16.1) with InstrumentationAnalysisTransform
Transforming asm-commons-9.7.1.jar (org.ow2.asm:asm-commons:9.7.1) with InstrumentationAnalysisTransform
Transforming asm-util-9.7.1.jar (org.ow2.asm:asm-util:9.7.1) with InstrumentationAnalysisTransform
Transforming asm-analysis-9.7.1.jar (org.ow2.asm:asm-analysis:9.7.1) with InstrumentationAnalysisTransform
Transforming asm-tree-9.7.1.jar (org.ow2.asm:asm-tree:9.7.1) with InstrumentationAnalysisTransform
Transforming asm-9.7.1.jar (org.ow2.asm:asm:9.7.1) with InstrumentationAnalysisTransform
Transforming apkzlib-8.10.1.jar (com.android.tools.build:apkzlib:8.10.1) with InstrumentationAnalysisTransform
Transforming bcpkix-jdk18on-1.79.jar (org.bouncycastle:bcpkix-jdk18on:1.79) with InstrumentationAnalysisTransform
Transforming jaxb-runtime-2.3.2.jar (org.glassfish.jaxb:jaxb-runtime:2.3.2) with InstrumentationAnalysisTransform
Transforming jopt-simple-4.9.jar (net.sf.jopt-simple:jopt-simple:4.9) with InstrumentationAnalysisTransform
Transforming javapoet-1.10.0.jar (com.squareup:javapoet:1.10.0) with InstrumentationAnalysisTransform
Transforming grpc-protobuf-1.69.1.jar (io.grpc:grpc-protobuf:1.69.1) with InstrumentationAnalysisTransform
Transforming core-proto-0.0.9-alpha03.jar (com.google.testing.platform:core-proto:0.0.9-alpha03) with InstrumentationAnalysisTransform
Transforming protos-31.10.1.jar (com.android.tools.analytics-library:protos:31.10.1) with InstrumentationAnalysisTransform
Transforming proto-google-common-protos-2.48.0.jar (com.google.api.grpc:proto-google-common-protos:2.48.0) with InstrumentationAnalysisTransform
Transforming protobuf-java-3.25.5.jar (com.google.protobuf:protobuf-java:3.25.5) with InstrumentationAnalysisTransform
Transforming grpc-stub-1.69.1.jar (io.grpc:grpc-stub:1.69.1) with InstrumentationAnalysisTransform
Transforming tensorflow-lite-metadata-0.2.0.jar (org.tensorflow:tensorflow-lite-metadata:0.2.0) with InstrumentationAnalysisTransform
Transforming flatbuffers-java-1.12.0.jar (com.google.flatbuffers:flatbuffers-java:1.12.0) with InstrumentationAnalysisTransform
Transforming annotations-23.0.0.jar (org.jetbrains:annotations:23.0.0) with InstrumentationAnalysisTransform
Transforming jimfs-1.1.jar (com.google.jimfs:jimfs:1.1) with InstrumentationAnalysisTransform
Transforming grpc-context-1.69.1.jar (io.grpc:grpc-context:1.69.1) with InstrumentationAnalysisTransform
Transforming grpc-protobuf-lite-1.69.1.jar (io.grpc:grpc-protobuf-lite:1.69.1) with InstrumentationAnalysisTransform
Transforming grpc-api-1.69.1.jar (io.grpc:grpc-api:1.69.1) with InstrumentationAnalysisTransform
Transforming guava-33.3.1-jre.jar (com.google.guava:guava:33.3.1-jre) with InstrumentationAnalysisTransform
Transforming error_prone_annotations-2.30.0.jar (com.google.errorprone:error_prone_annotations:2.30.0) with InstrumentationAnalysisTransform
Transforming dagger-2.28.3.jar (com.google.dagger:dagger:2.28.3) with InstrumentationAnalysisTransform
Transforming javax.inject-1.jar (javax.inject:javax.inject:1) with InstrumentationAnalysisTransform
Transforming kxml2-2.3.0.jar (net.sf.kxml:kxml2:2.3.0) with InstrumentationAnalysisTransform
Transforming commons-compress-1.21.jar (org.apache.commons:commons-compress:1.21) with InstrumentationAnalysisTransform
Transforming bcutil-jdk18on-1.79.jar (org.bouncycastle:bcutil-jdk18on:1.79) with InstrumentationAnalysisTransform
Transforming bcprov-jdk18on-1.79.jar (org.bouncycastle:bcprov-jdk18on:1.79) with InstrumentationAnalysisTransform
Transforming httpclient-4.5.14.jar (org.apache.httpcomponents:httpclient:4.5.14) with InstrumentationAnalysisTransform
Transforming httpcore-4.4.16.jar (org.apache.httpcomponents:httpcore:4.4.16) with InstrumentationAnalysisTransform
Transforming javax.activation-1.2.0.jar (com.sun.activation:javax.activation:1.2.0) with InstrumentationAnalysisTransform
Transforming signflinger-8.10.1.jar (com.android:signflinger:8.10.1) with InstrumentationAnalysisTransform
Transforming zipflinger-8.10.1.jar (com.android:zipflinger:8.10.1) with InstrumentationAnalysisTransform
Transforming annotations-31.10.1.jar (com.android.tools:annotations:31.10.1) with InstrumentationAnalysisTransform
Transforming jna-platform-5.6.0.jar (net.java.dev.jna:jna-platform:5.6.0) with InstrumentationAnalysisTransform
Transforming juniversalchardet-1.0.3.jar (com.googlecode.juniversalchardet:juniversalchardet:1.0.3) with InstrumentationAnalysisTransform
Transforming javax.annotation-api-1.3.2.jar (javax.annotation:javax.annotation-api:1.3.2) with InstrumentationAnalysisTransform
Transforming stax-ex-1.8.1.jar (org.jvnet.staxex:stax-ex:1.8.1) with InstrumentationAnalysisTransform
Transforming jakarta.xml.bind-api-2.3.2.jar (jakarta.xml.bind:jakarta.xml.bind-api:2.3.2) with InstrumentationAnalysisTransform
Transforming txw2-2.3.2.jar (org.glassfish.jaxb:txw2:2.3.2) with InstrumentationAnalysisTransform
Transforming istack-commons-runtime-3.0.8.jar (com.sun.istack:istack-commons-runtime:3.0.8) with InstrumentationAnalysisTransform
Transforming FastInfoset-1.2.16.jar (com.sun.xml.fastinfoset:FastInfoset:1.2.16) with InstrumentationAnalysisTransform
Transforming jakarta.activation-api-1.2.1.jar (jakarta.activation:jakarta.activation-api:1.2.1) with InstrumentationAnalysisTransform
Transforming auto-value-annotations-1.6.2.jar (com.google.auto.value:auto-value-annotations:1.6.2) with InstrumentationAnalysisTransform
Transforming jose4j-0.9.5.jar (org.bitbucket.b_c:jose4j:0.9.5) with InstrumentationAnalysisTransform
Transforming slf4j-api-1.7.30.jar (org.slf4j:slf4j-api:1.7.30) with InstrumentationAnalysisTransform
Transforming jdom2-2.0.6.jar (org.jdom:jdom2:2.0.6) with InstrumentationAnalysisTransform
Transforming jsr305-3.0.2.jar (com.google.code.findbugs:jsr305:3.0.2) with InstrumentationAnalysisTransform
Transforming j2objc-annotations-3.0.0.jar (com.google.j2objc:j2objc-annotations:3.0.0) with InstrumentationAnalysisTransform
Transforming annotations-4.1.1.4.jar (com.google.android:annotations:4.1.1.4) with InstrumentationAnalysisTransform
Transforming animal-sniffer-annotations-1.24.jar (org.codehaus.mojo:animal-sniffer-annotations:1.24) with InstrumentationAnalysisTransform
Transforming perfmark-api-0.27.0.jar (io.perfmark:perfmark-api:0.27.0) with InstrumentationAnalysisTransform
Transforming netty-codec-http2-4.1.110.Final.jar (io.netty:netty-codec-http2:4.1.110.Final) with InstrumentationAnalysisTransform
Transforming netty-handler-proxy-4.1.110.Final.jar (io.netty:netty-handler-proxy:4.1.110.Final) with InstrumentationAnalysisTransform
Transforming netty-codec-http-4.1.110.Final.jar (io.netty:netty-codec-http:4.1.110.Final) with InstrumentationAnalysisTransform
Transforming netty-handler-4.1.110.Final.jar (io.netty:netty-handler:4.1.110.Final) with InstrumentationAnalysisTransform
Transforming netty-transport-native-unix-common-4.1.110.Final.jar (io.netty:netty-transport-native-unix-common:4.1.110.Final) with InstrumentationAnalysisTransform
Transforming checker-qual-3.43.0.jar (org.checkerframework:checker-qual:3.43.0) with InstrumentationAnalysisTransform
Transforming apksig-8.10.1.jar (com.android.tools.build:apksig:8.10.1) with InstrumentationAnalysisTransform
Transforming javawriter-2.5.0.jar (com.squareup:javawriter:2.5.0) with InstrumentationAnalysisTransform
Transforming failureaccess-1.0.2.jar (com.google.guava:failureaccess:1.0.2) with InstrumentationAnalysisTransform
Transforming listenablefuture-9999.0-empty-to-avoid-conflict-with-guava.jar (com.google.guava:listenablefuture:9999.0-empty-to-avoid-conflict-with-guava) with InstrumentationAnalysisTransform
Transforming commons-logging-1.2.jar (commons-logging:commons-logging:1.2) with InstrumentationAnalysisTransform
Transforming commons-codec-1.11.jar (commons-codec:commons-codec:1.11) with InstrumentationAnalysisTransform
Transforming jna-5.6.0.jar (net.java.dev.jna:jna:5.6.0) with InstrumentationAnalysisTransform
Transforming netty-codec-socks-4.1.110.Final.jar (io.netty:netty-codec-socks:4.1.110.Final) with InstrumentationAnalysisTransform
Transforming netty-codec-4.1.110.Final.jar (io.netty:netty-codec:4.1.110.Final) with InstrumentationAnalysisTransform
Transforming netty-transport-4.1.110.Final.jar (io.netty:netty-transport:4.1.110.Final) with InstrumentationAnalysisTransform
Transforming netty-buffer-4.1.110.Final.jar (io.netty:netty-buffer:4.1.110.Final) with InstrumentationAnalysisTransform
Transforming netty-resolver-4.1.110.Final.jar (io.netty:netty-resolver:4.1.110.Final) with InstrumentationAnalysisTransform
Transforming netty-common-4.1.110.Final.jar (io.netty:netty-common:4.1.110.Final) with InstrumentationAnalysisTransform
Transforming main (project :build-logic:plugins) with InstrumentationAnalysisTransform
Transforming main (project :build-logic:plugins) with InstrumentationAnalysisTransform
Transforming main (project :build-logic:plugins) with InstrumentationAnalysisTransform
Transforming main (project :build-logic:tools) with InstrumentationAnalysisTransform
Transforming main (project :build-logic:tools) with InstrumentationAnalysisTransform
Transforming classes with InstrumentationAnalysisTransform
Transforming classes with MergeInstrumentationAnalysisTransform
Transforming classes with InstrumentationAnalysisTransform
Transforming classes with MergeInstrumentationAnalysisTransform
Transforming kotlin-gradle-plugin-model-2.2.20.jar (org.jetbrains.kotlin:kotlin-gradle-plugin-model:2.2.20) with InstrumentationAnalysisTransform
Transforming classes with ExternalDependencyInstrumentingArtifactTransform
Transforming kotlin-gradle-plugin-model-2.2.20.jar (org.jetbrains.kotlin:kotlin-gradle-plugin-model:2.2.20) with MergeInstrumentationAnalysisTransform
Transforming fus-statistics-gradle-plugin-2.2.20-gradle811.jar (org.jetbrains.kotlin:fus-statistics-gradle-plugin:2.2.20) with InstrumentationAnalysisTransform
Transforming fus-statistics-gradle-plugin-2.2.20-gradle811.jar (org.jetbrains.kotlin:fus-statistics-gradle-plugin:2.2.20) with MergeInstrumentationAnalysisTransform
Transforming kotlin-gradle-plugin-model-2.2.20.jar (org.jetbrains.kotlin:kotlin-gradle-plugin-model:2.2.20) with ExternalDependencyInstrumentingArtifactTransform
Transforming kotlin-gradle-plugin-api-2.2.20.jar (org.jetbrains.kotlin:kotlin-gradle-plugin-api:2.2.20) with InstrumentationAnalysisTransform
Transforming classes with ExternalDependencyInstrumentingArtifactTransform
Transforming kotlin-gradle-plugin-api-2.2.20.jar (org.jetbrains.kotlin:kotlin-gradle-plugin-api:2.2.20) with MergeInstrumentationAnalysisTransform
Transforming fus-statistics-gradle-plugin-2.2.20-gradle811.jar (org.jetbrains.kotlin:fus-statistics-gradle-plugin:2.2.20) with ExternalDependencyInstrumentingArtifactTransform
Transforming kotlin-gradle-plugin-api-2.2.20-gradle811.jar (org.jetbrains.kotlin:kotlin-gradle-plugin-api:2.2.20) with InstrumentationAnalysisTransform
Transforming kotlin-gradle-plugin-api-2.2.20-gradle811.jar (org.jetbrains.kotlin:kotlin-gradle-plugin-api:2.2.20) with MergeInstrumentationAnalysisTransform
Transforming kotlin-gradle-plugin-2.2.20-gradle811.jar (org.jetbrains.kotlin:kotlin-gradle-plugin:2.2.20) with InstrumentationAnalysisTransform
Transforming kotlin-gradle-plugin-api-2.2.20.jar (org.jetbrains.kotlin:kotlin-gradle-plugin-api:2.2.20) with ExternalDependencyInstrumentingArtifactTransform
Transforming kotlin-gradle-plugin-2.2.20-gradle811.jar (org.jetbrains.kotlin:kotlin-gradle-plugin:2.2.20) with MergeInstrumentationAnalysisTransform
Transforming kotlin-gradle-plugin-api-2.2.20-gradle811.jar (org.jetbrains.kotlin:kotlin-gradle-plugin-api:2.2.20) with ExternalDependencyInstrumentingArtifactTransform
Transforming ktlint-gradle-12.1.1.jar (org.jlleitschuh.gradle:ktlint-gradle:12.1.1) with InstrumentationAnalysisTransform
Transforming ktlint-gradle-12.1.1.jar (org.jlleitschuh.gradle:ktlint-gradle:12.1.1) with MergeInstrumentationAnalysisTransform
Transforming kotlin-gradle-plugin-idea-proto-2.2.20.jar (org.jetbrains.kotlin:kotlin-gradle-plugin-idea-proto:2.2.20) with InstrumentationAnalysisTransform
Transforming kotlin-gradle-plugin-idea-proto-2.2.20.jar (org.jetbrains.kotlin:kotlin-gradle-plugin-idea-proto:2.2.20) with MergeInstrumentationAnalysisTransform
Transforming kotlin-gradle-plugin-2.2.20-gradle811.jar (org.jetbrains.kotlin:kotlin-gradle-plugin:2.2.20) with ExternalDependencyInstrumentingArtifactTransform
Transforming kotlin-gradle-plugin-idea-2.2.20.jar (org.jetbrains.kotlin:kotlin-gradle-plugin-idea:2.2.20) with InstrumentationAnalysisTransform
Transforming ktlint-gradle-12.1.1.jar (org.jlleitschuh.gradle:ktlint-gradle:12.1.1) with ExternalDependencyInstrumentingArtifactTransform
Transforming kotlin-gradle-plugin-idea-2.2.20.jar (org.jetbrains.kotlin:kotlin-gradle-plugin-idea:2.2.20) with MergeInstrumentationAnalysisTransform
Transforming kotlin-gradle-plugin-idea-proto-2.2.20.jar (org.jetbrains.kotlin:kotlin-gradle-plugin-idea-proto:2.2.20) with ExternalDependencyInstrumentingArtifactTransform
Transforming kotlin-klib-commonizer-api-2.2.20.jar (org.jetbrains.kotlin:kotlin-klib-commonizer-api:2.2.20) with InstrumentationAnalysisTransform
Transforming kotlin-gradle-plugin-idea-2.2.20.jar (org.jetbrains.kotlin:kotlin-gradle-plugin-idea:2.2.20) with ExternalDependencyInstrumentingArtifactTransform
Transforming kotlin-klib-commonizer-api-2.2.20.jar (org.jetbrains.kotlin:kotlin-klib-commonizer-api:2.2.20) with MergeInstrumentationAnalysisTransform
Transforming kotlin-build-statistics-2.2.20.jar (org.jetbrains.kotlin:kotlin-build-statistics:2.2.20) with InstrumentationAnalysisTransform
Transforming kotlin-build-statistics-2.2.20.jar (org.jetbrains.kotlin:kotlin-build-statistics:2.2.20) with MergeInstrumentationAnalysisTransform
Transforming kotlin-util-klib-metadata-2.2.20.jar (org.jetbrains.kotlin:kotlin-util-klib-metadata:2.2.20) with InstrumentationAnalysisTransform
Transforming kotlin-util-klib-metadata-2.2.20.jar (org.jetbrains.kotlin:kotlin-util-klib-metadata:2.2.20) with MergeInstrumentationAnalysisTransform
Transforming kotlin-klib-commonizer-api-2.2.20.jar (org.jetbrains.kotlin:kotlin-klib-commonizer-api:2.2.20) with ExternalDependencyInstrumentingArtifactTransform
Transforming abi-tools-api-2.2.20.jar (org.jetbrains.kotlin:abi-tools-api:2.2.20) with InstrumentationAnalysisTransform
Transforming kotlin-build-statistics-2.2.20.jar (org.jetbrains.kotlin:kotlin-build-statistics:2.2.20) with ExternalDependencyInstrumentingArtifactTransform
Transforming kotlin-util-klib-metadata-2.2.20.jar (org.jetbrains.kotlin:kotlin-util-klib-metadata:2.2.20) with ExternalDependencyInstrumentingArtifactTransform
Transforming abi-tools-api-2.2.20.jar (org.jetbrains.kotlin:abi-tools-api:2.2.20) with MergeInstrumentationAnalysisTransform
Transforming kotlin-compiler-runner-2.2.20.jar (org.jetbrains.kotlin:kotlin-compiler-runner:2.2.20) with InstrumentationAnalysisTransform
Transforming kotlin-compiler-runner-2.2.20.jar (org.jetbrains.kotlin:kotlin-compiler-runner:2.2.20) with MergeInstrumentationAnalysisTransform
Transforming abi-tools-api-2.2.20.jar (org.jetbrains.kotlin:abi-tools-api:2.2.20) with ExternalDependencyInstrumentingArtifactTransform
Transforming gradle-8.10.1.jar (com.android.tools.build:gradle:8.10.1) with InstrumentationAnalysisTransform
Transforming gradle-8.10.1.jar (com.android.tools.build:gradle:8.10.1) with MergeInstrumentationAnalysisTransform
Transforming gradle-settings-api-8.10.1.jar (com.android.tools.build:gradle-settings-api:8.10.1) with InstrumentationAnalysisTransform
Transforming gradle-settings-api-8.10.1.jar (com.android.tools.build:gradle-settings-api:8.10.1) with MergeInstrumentationAnalysisTransform
Transforming gradle-8.10.1.jar (com.android.tools.build:gradle:8.10.1) with ExternalDependencyInstrumentingArtifactTransform
Transforming lint-model-31.10.1.jar (com.android.tools.lint:lint-model:31.10.1) with InstrumentationAnalysisTransform
Transforming lint-model-31.10.1.jar (com.android.tools.lint:lint-model:31.10.1) with MergeInstrumentationAnalysisTransform
Transforming builder-8.10.1.jar (com.android.tools.build:builder:8.10.1) with InstrumentationAnalysisTransform
Transforming kotlin-compiler-runner-2.2.20.jar (org.jetbrains.kotlin:kotlin-compiler-runner:2.2.20) with ExternalDependencyInstrumentingArtifactTransform
Transforming builder-8.10.1.jar (com.android.tools.build:builder:8.10.1) with MergeInstrumentationAnalysisTransform
Transforming manifest-merger-31.10.1.jar (com.android.tools.build:manifest-merger:31.10.1) with InstrumentationAnalysisTransform
Transforming manifest-merger-31.10.1.jar (com.android.tools.build:manifest-merger:31.10.1) with MergeInstrumentationAnalysisTransform
Transforming gradle-settings-api-8.10.1.jar (com.android.tools.build:gradle-settings-api:8.10.1) with ExternalDependencyInstrumentingArtifactTransform
Transforming manifest-merger-31.10.1.jar (com.android.tools.build:manifest-merger:31.10.1) with ExternalDependencyInstrumentingArtifactTransform
Transforming lint-model-31.10.1.jar (com.android.tools.lint:lint-model:31.10.1) with ExternalDependencyInstrumentingArtifactTransform
Transforming builder-8.10.1.jar (com.android.tools.build:builder:8.10.1) with ExternalDependencyInstrumentingArtifactTransform
Transforming sdk-common-31.10.1.jar (com.android.tools:sdk-common:31.10.1) with InstrumentationAnalysisTransform
Transforming sdk-common-31.10.1.jar (com.android.tools:sdk-common:31.10.1) with MergeInstrumentationAnalysisTransform
Transforming sdklib-31.10.1.jar (com.android.tools:sdklib:31.10.1) with InstrumentationAnalysisTransform
Transforming sdklib-31.10.1.jar (com.android.tools:sdklib:31.10.1) with MergeInstrumentationAnalysisTransform
Transforming repository-31.10.1.jar (com.android.tools:repository:31.10.1) with InstrumentationAnalysisTransform
Transforming sdk-common-31.10.1.jar (com.android.tools:sdk-common:31.10.1) with ExternalDependencyInstrumentingArtifactTransform
Transforming repository-31.10.1.jar (com.android.tools:repository:31.10.1) with MergeInstrumentationAnalysisTransform
Transforming sdklib-31.10.1.jar (com.android.tools:sdklib:31.10.1) with ExternalDependencyInstrumentingArtifactTransform
Transforming aaptcompiler-8.10.1.jar (com.android.tools.build:aaptcompiler:8.10.1) with InstrumentationAnalysisTransform
Transforming aaptcompiler-8.10.1.jar (com.android.tools.build:aaptcompiler:8.10.1) with MergeInstrumentationAnalysisTransform
Transforming tracker-31.10.1.jar (com.android.tools.analytics-library:tracker:31.10.1) with InstrumentationAnalysisTransform
Transforming tracker-31.10.1.jar (com.android.tools.analytics-library:tracker:31.10.1) with MergeInstrumentationAnalysisTransform
Transforming aaptcompiler-8.10.1.jar (com.android.tools.build:aaptcompiler:8.10.1) with ExternalDependencyInstrumentingArtifactTransform
Transforming shared-31.10.1.jar (com.android.tools.analytics-library:shared:31.10.1) with InstrumentationAnalysisTransform
Transforming repository-31.10.1.jar (com.android.tools:repository:31.10.1) with ExternalDependencyInstrumentingArtifactTransform
Transforming shared-31.10.1.jar (com.android.tools.analytics-library:shared:31.10.1) with MergeInstrumentationAnalysisTransform
Transforming tracker-31.10.1.jar (com.android.tools.analytics-library:tracker:31.10.1) with ExternalDependencyInstrumentingArtifactTransform
Transforming databinding-compiler-common-8.10.1.jar (androidx.databinding:databinding-compiler-common:8.10.1) with InstrumentationAnalysisTransform
Transforming databinding-compiler-common-8.10.1.jar (androidx.databinding:databinding-compiler-common:8.10.1) with MergeInstrumentationAnalysisTransform
Transforming android-test-plugin-host-emulator-control-proto-31.10.1.jar (com.android.tools.utp:android-test-plugin-host-emulator-control-proto:31.10.1) with InstrumentationAnalysisTransform
Transforming android-test-plugin-host-emulator-control-proto-31.10.1.jar (com.android.tools.utp:android-test-plugin-host-emulator-control-proto:31.10.1) with MergeInstrumentationAnalysisTransform
Transforming shared-31.10.1.jar (com.android.tools.analytics-library:shared:31.10.1) with ExternalDependencyInstrumentingArtifactTransform
Transforming databinding-compiler-common-8.10.1.jar (androidx.databinding:databinding-compiler-common:8.10.1) with ExternalDependencyInstrumentingArtifactTransform
Transforming builder-model-8.10.1.jar (com.android.tools.build:builder-model:8.10.1) with InstrumentationAnalysisTransform
Transforming builder-model-8.10.1.jar (com.android.tools.build:builder-model:8.10.1) with MergeInstrumentationAnalysisTransform
Transforming gradle-api-8.10.1.jar (com.android.tools.build:gradle-api:8.10.1) with InstrumentationAnalysisTransform
Transforming android-test-plugin-host-emulator-control-proto-31.10.1.jar (com.android.tools.utp:android-test-plugin-host-emulator-control-proto:31.10.1) with ExternalDependencyInstrumentingArtifactTransform
Transforming gradle-api-8.10.1.jar (com.android.tools.build:gradle-api:8.10.1) with MergeInstrumentationAnalysisTransform
Transforming builder-model-8.10.1.jar (com.android.tools.build:builder-model:8.10.1) with ExternalDependencyInstrumentingArtifactTransform
Transforming builder-test-api-8.10.1.jar (com.android.tools.build:builder-test-api:8.10.1) with InstrumentationAnalysisTransform
Transforming builder-test-api-8.10.1.jar (com.android.tools.build:builder-test-api:8.10.1) with MergeInstrumentationAnalysisTransform
Transforming gradle-api-8.10.1.jar (com.android.tools.build:gradle-api:8.10.1) with ExternalDependencyInstrumentingArtifactTransform
Transforming ddmlib-31.10.1.jar (com.android.tools.ddms:ddmlib:31.10.1) with InstrumentationAnalysisTransform
Transforming builder-test-api-8.10.1.jar (com.android.tools.build:builder-test-api:8.10.1) with ExternalDependencyInstrumentingArtifactTransform
Transforming ddmlib-31.10.1.jar (com.android.tools.ddms:ddmlib:31.10.1) with MergeInstrumentationAnalysisTransform
Transforming layoutlib-api-31.10.1.jar (com.android.tools.layoutlib:layoutlib-api:31.10.1) with InstrumentationAnalysisTransform
Transforming layoutlib-api-31.10.1.jar (com.android.tools.layoutlib:layoutlib-api:31.10.1) with MergeInstrumentationAnalysisTransform
Transforming dvlib-31.10.1.jar (com.android.tools:dvlib:31.10.1) with InstrumentationAnalysisTransform
Transforming dvlib-31.10.1.jar (com.android.tools:dvlib:31.10.1) with MergeInstrumentationAnalysisTransform
Transforming common-31.10.1.jar (com.android.tools:common:31.10.1) with InstrumentationAnalysisTransform
Transforming common-31.10.1.jar (com.android.tools:common:31.10.1) with MergeInstrumentationAnalysisTransform
Transforming kotlin-stdlib-jdk8-2.1.0.jar (org.jetbrains.kotlin:kotlin-stdlib-jdk8:2.1.0) with InstrumentationAnalysisTransform
Transforming kotlin-stdlib-jdk8-2.1.0.jar (org.jetbrains.kotlin:kotlin-stdlib-jdk8:2.1.0) with MergeInstrumentationAnalysisTransform
Transforming jetifier-processor-1.0.0-beta10.jar (com.android.tools.build.jetifier:jetifier-processor:1.0.0-beta10) with InstrumentationAnalysisTransform
Transforming jetifier-processor-1.0.0-beta10.jar (com.android.tools.build.jetifier:jetifier-processor:1.0.0-beta10) with MergeInstrumentationAnalysisTransform
Transforming jetifier-core-1.0.0-beta10.jar (com.android.tools.build.jetifier:jetifier-core:1.0.0-beta10) with InstrumentationAnalysisTransform
Transforming jetifier-core-1.0.0-beta10.jar (com.android.tools.build.jetifier:jetifier-core:1.0.0-beta10) with MergeInstrumentationAnalysisTransform
Transforming kotlin-reflect-2.1.0.jar (org.jetbrains.kotlin:kotlin-reflect:2.1.0) with InstrumentationAnalysisTransform
Transforming kotlin-reflect-2.1.0.jar (org.jetbrains.kotlin:kotlin-reflect:2.1.0) with MergeInstrumentationAnalysisTransform
Transforming kotlin-stdlib-jdk7-2.1.0.jar (org.jetbrains.kotlin:kotlin-stdlib-jdk7:2.1.0) with InstrumentationAnalysisTransform
Transforming kotlin-stdlib-jdk7-2.1.0.jar (org.jetbrains.kotlin:kotlin-stdlib-jdk7:2.1.0) with MergeInstrumentationAnalysisTransform
Transforming kotlin-stdlib-2.2.20.jar (org.jetbrains.kotlin:kotlin-stdlib:2.2.20) with InstrumentationAnalysisTransform
Transforming kotlin-stdlib-2.2.20.jar (org.jetbrains.kotlin:kotlin-stdlib:2.2.20) with MergeInstrumentationAnalysisTransform
Transforming dnsjava-2.1.9.jar (dnsjava:dnsjava:2.1.9) with InstrumentationAnalysisTransform
Transforming dnsjava-2.1.9.jar (dnsjava:dnsjava:2.1.9) with MergeInstrumentationAnalysisTransform
Transforming kotlin-gradle-plugin-annotations-2.2.20.jar (org.jetbrains.kotlin:kotlin-gradle-plugin-annotations:2.2.20) with InstrumentationAnalysisTransform
Transforming common-31.10.1.jar (com.android.tools:common:31.10.1) with ExternalDependencyInstrumentingArtifactTransform
Transforming dvlib-31.10.1.jar (com.android.tools:dvlib:31.10.1) with ExternalDependencyInstrumentingArtifactTransform
Transforming ddmlib-31.10.1.jar (com.android.tools.ddms:ddmlib:31.10.1) with ExternalDependencyInstrumentingArtifactTransform
Transforming kotlin-gradle-plugin-annotations-2.2.20.jar (org.jetbrains.kotlin:kotlin-gradle-plugin-annotations:2.2.20) with MergeInstrumentationAnalysisTransform
Transforming kotlin-native-utils-2.2.20.jar (org.jetbrains.kotlin:kotlin-native-utils:2.2.20) with InstrumentationAnalysisTransform
Transforming kotlin-stdlib-jdk7-2.1.0.jar (org.jetbrains.kotlin:kotlin-stdlib-jdk7:2.1.0) with ExternalDependencyInstrumentingArtifactTransform
Transforming kotlin-native-utils-2.2.20.jar (org.jetbrains.kotlin:kotlin-native-utils:2.2.20) with MergeInstrumentationAnalysisTransform
Transforming kotlin-reflect-2.1.0.jar (org.jetbrains.kotlin:kotlin-reflect:2.1.0) with ExternalDependencyInstrumentingArtifactTransform
Transforming layoutlib-api-31.10.1.jar (com.android.tools.layoutlib:layoutlib-api:31.10.1) with ExternalDependencyInstrumentingArtifactTransform
Transforming dnsjava-2.1.9.jar (dnsjava:dnsjava:2.1.9) with ExternalDependencyInstrumentingArtifactTransform
Transforming kotlin-stdlib-2.2.20.jar (org.jetbrains.kotlin:kotlin-stdlib:2.2.20) with ExternalDependencyInstrumentingArtifactTransform
Transforming jetifier-core-1.0.0-beta10.jar (com.android.tools.build.jetifier:jetifier-core:1.0.0-beta10) with ExternalDependencyInstrumentingArtifactTransform
Transforming kotlin-native-utils-2.2.20.jar (org.jetbrains.kotlin:kotlin-native-utils:2.2.20) with ExternalDependencyInstrumentingArtifactTransform
Transforming kotlin-stdlib-jdk8-2.1.0.jar (org.jetbrains.kotlin:kotlin-stdlib-jdk8:2.1.0) with ExternalDependencyInstrumentingArtifactTransform
Transforming jetifier-processor-1.0.0-beta10.jar (com.android.tools.build.jetifier:jetifier-processor:1.0.0-beta10) with ExternalDependencyInstrumentingArtifactTransform
Transforming kotlin-tooling-core-2.2.20.jar (org.jetbrains.kotlin:kotlin-tooling-core:2.2.20) with InstrumentationAnalysisTransform
Transforming kotlin-gradle-plugin-annotations-2.2.20.jar (org.jetbrains.kotlin:kotlin-gradle-plugin-annotations:2.2.20) with ExternalDependencyInstrumentingArtifactTransform
Transforming kotlin-tooling-core-2.2.20.jar (org.jetbrains.kotlin:kotlin-tooling-core:2.2.20) with MergeInstrumentationAnalysisTransform
Transforming kotlin-build-tools-api-2.2.20.jar (org.jetbrains.kotlin:kotlin-build-tools-api:2.2.20) with InstrumentationAnalysisTransform
Transforming kotlin-build-tools-api-2.2.20.jar (org.jetbrains.kotlin:kotlin-build-tools-api:2.2.20) with MergeInstrumentationAnalysisTransform
Transforming android-test-plugin-result-listener-gradle-proto-31.10.1.jar (com.android.tools.utp:android-test-plugin-result-listener-gradle-proto:31.10.1) with InstrumentationAnalysisTransform
Transforming kotlin-build-tools-api-2.2.20.jar (org.jetbrains.kotlin:kotlin-build-tools-api:2.2.20) with ExternalDependencyInstrumentingArtifactTransform
Transforming kotlin-tooling-core-2.2.20.jar (org.jetbrains.kotlin:kotlin-tooling-core:2.2.20) with ExternalDependencyInstrumentingArtifactTransform
Transforming android-test-plugin-result-listener-gradle-proto-31.10.1.jar (com.android.tools.utp:android-test-plugin-result-listener-gradle-proto:31.10.1) with MergeInstrumentationAnalysisTransform
Transforming bundletool-1.18.0.jar (com.android.tools.build:bundletool:1.18.0) with InstrumentationAnalysisTransform
Transforming android-test-plugin-result-listener-gradle-proto-31.10.1.jar (com.android.tools.utp:android-test-plugin-result-listener-gradle-proto:31.10.1) with ExternalDependencyInstrumentingArtifactTransform
Transforming bundletool-1.18.0.jar (com.android.tools.build:bundletool:1.18.0) with MergeInstrumentationAnalysisTransform
Transforming protobuf-java-util-3.25.5.jar (com.google.protobuf:protobuf-java-util:3.25.5) with InstrumentationAnalysisTransform
Transforming bundletool-1.18.0.jar (com.android.tools.build:bundletool:1.18.0) with ExternalDependencyInstrumentingArtifactTransform
Transforming protobuf-java-util-3.25.5.jar (com.google.protobuf:protobuf-java-util:3.25.5) with MergeInstrumentationAnalysisTransform
Transforming grpc-netty-1.69.1.jar (io.grpc:grpc-netty:1.69.1) with InstrumentationAnalysisTransform
Transforming grpc-netty-1.69.1.jar (io.grpc:grpc-netty:1.69.1) with MergeInstrumentationAnalysisTransform
Transforming protobuf-java-util-3.25.5.jar (com.google.protobuf:protobuf-java-util:3.25.5) with ExternalDependencyInstrumentingArtifactTransform
Transforming grpc-inprocess-1.69.1.jar (io.grpc:grpc-inprocess:1.69.1) with InstrumentationAnalysisTransform
Transforming grpc-inprocess-1.69.1.jar (io.grpc:grpc-inprocess:1.69.1) with MergeInstrumentationAnalysisTransform
Transforming grpc-netty-1.69.1.jar (io.grpc:grpc-netty:1.69.1) with ExternalDependencyInstrumentingArtifactTransform
Transforming grpc-util-1.69.1.jar (io.grpc:grpc-util:1.69.1) with InstrumentationAnalysisTransform
Transforming grpc-util-1.69.1.jar (io.grpc:grpc-util:1.69.1) with MergeInstrumentationAnalysisTransform
Transforming grpc-core-1.69.1.jar (io.grpc:grpc-core:1.69.1) with InstrumentationAnalysisTransform
Transforming grpc-core-1.69.1.jar (io.grpc:grpc-core:1.69.1) with MergeInstrumentationAnalysisTransform
Transforming tink-1.7.0.jar (com.google.crypto.tink:tink:1.7.0) with InstrumentationAnalysisTransform
Transforming grpc-inprocess-1.69.1.jar (io.grpc:grpc-inprocess:1.69.1) with ExternalDependencyInstrumentingArtifactTransform
Transforming grpc-util-1.69.1.jar (io.grpc:grpc-util:1.69.1) with ExternalDependencyInstrumentingArtifactTransform
Transforming tink-1.7.0.jar (com.google.crypto.tink:tink:1.7.0) with MergeInstrumentationAnalysisTransform
Transforming gson-2.11.0.jar (com.google.code.gson:gson:2.11.0) with InstrumentationAnalysisTransform
Transforming grpc-core-1.69.1.jar (io.grpc:grpc-core:1.69.1) with ExternalDependencyInstrumentingArtifactTransform
Transforming gson-2.11.0.jar (com.google.code.gson:gson:2.11.0) with MergeInstrumentationAnalysisTransform
Transforming tink-1.7.0.jar (com.google.crypto.tink:tink:1.7.0) with ExternalDependencyInstrumentingArtifactTransform
Transforming kotlin-util-klib-2.2.20.jar (org.jetbrains.kotlin:kotlin-util-klib:2.2.20) with InstrumentationAnalysisTransform
Transforming kotlin-util-klib-2.2.20.jar (org.jetbrains.kotlin:kotlin-util-klib:2.2.20) with MergeInstrumentationAnalysisTransform
Transforming kotlin-util-io-2.2.20.jar (org.jetbrains.kotlin:kotlin-util-io:2.2.20) with InstrumentationAnalysisTransform
Transforming kotlin-util-io-2.2.20.jar (org.jetbrains.kotlin:kotlin-util-io:2.2.20) with MergeInstrumentationAnalysisTransform
Transforming kotlin-daemon-client-2.2.20.jar (org.jetbrains.kotlin:kotlin-daemon-client:2.2.20) with InstrumentationAnalysisTransform
Transforming gson-2.11.0.jar (com.google.code.gson:gson:2.11.0) with ExternalDependencyInstrumentingArtifactTransform
Transforming kotlin-daemon-client-2.2.20.jar (org.jetbrains.kotlin:kotlin-daemon-client:2.2.20) with MergeInstrumentationAnalysisTransform
Transforming kotlin-util-klib-2.2.20.jar (org.jetbrains.kotlin:kotlin-util-klib:2.2.20) with ExternalDependencyInstrumentingArtifactTransform
Transforming kotlinx-coroutines-core-jvm-1.8.0.jar (org.jetbrains.kotlinx:kotlinx-coroutines-core-jvm:1.8.0) with InstrumentationAnalysisTransform
Transforming kotlin-util-io-2.2.20.jar (org.jetbrains.kotlin:kotlin-util-io:2.2.20) with ExternalDependencyInstrumentingArtifactTransform
Transforming kotlinx-coroutines-core-jvm-1.8.0.jar (org.jetbrains.kotlinx:kotlinx-coroutines-core-jvm:1.8.0) with MergeInstrumentationAnalysisTransform
Transforming aapt2-proto-8.10.1-12782657.jar (com.android.tools.build:aapt2-proto:8.10.1-12782657) with InstrumentationAnalysisTransform
Transforming kotlin-daemon-client-2.2.20.jar (org.jetbrains.kotlin:kotlin-daemon-client:2.2.20) with ExternalDependencyInstrumentingArtifactTransform
Transforming aapt2-proto-8.10.1-12782657.jar (com.android.tools.build:aapt2-proto:8.10.1-12782657) with MergeInstrumentationAnalysisTransform
Transforming kotlinx-coroutines-core-jvm-1.8.0.jar (org.jetbrains.kotlinx:kotlinx-coroutines-core-jvm:1.8.0) with ExternalDependencyInstrumentingArtifactTransform
Transforming crash-31.10.1.jar (com.android.tools.analytics-library:crash:31.10.1) with InstrumentationAnalysisTransform
Transforming aapt2-proto-8.10.1-12782657.jar (com.android.tools.build:aapt2-proto:8.10.1-12782657) with ExternalDependencyInstrumentingArtifactTransform
Transforming crash-31.10.1.jar (com.android.tools.analytics-library:crash:31.10.1) with MergeInstrumentationAnalysisTransform
Transforming lint-typedef-remover-31.10.1.jar (com.android.tools.lint:lint-typedef-remover:31.10.1) with InstrumentationAnalysisTransform
Transforming lint-typedef-remover-31.10.1.jar (com.android.tools.lint:lint-typedef-remover:31.10.1) with MergeInstrumentationAnalysisTransform
Transforming crash-31.10.1.jar (com.android.tools.analytics-library:crash:31.10.1) with ExternalDependencyInstrumentingArtifactTransform
Transforming databinding-common-8.10.1.jar (androidx.databinding:databinding-common:8.10.1) with InstrumentationAnalysisTransform
Transforming databinding-common-8.10.1.jar (androidx.databinding:databinding-common:8.10.1) with MergeInstrumentationAnalysisTransform
Transforming lint-typedef-remover-31.10.1.jar (com.android.tools.lint:lint-typedef-remover:31.10.1) with ExternalDependencyInstrumentingArtifactTransform
Transforming baseLibrary-8.10.1.jar (com.android.databinding:baseLibrary:8.10.1) with InstrumentationAnalysisTransform
Transforming baseLibrary-8.10.1.jar (com.android.databinding:baseLibrary:8.10.1) with MergeInstrumentationAnalysisTransform
Transforming android-device-provider-ddmlib-proto-31.10.1.jar (com.android.tools.utp:android-device-provider-ddmlib-proto:31.10.1) with InstrumentationAnalysisTransform
Transforming android-device-provider-ddmlib-proto-31.10.1.jar (com.android.tools.utp:android-device-provider-ddmlib-proto:31.10.1) with MergeInstrumentationAnalysisTransform
Transforming databinding-common-8.10.1.jar (androidx.databinding:databinding-common:8.10.1) with ExternalDependencyInstrumentingArtifactTransform
Transforming android-device-provider-gradle-proto-31.10.1.jar (com.android.tools.utp:android-device-provider-gradle-proto:31.10.1) with InstrumentationAnalysisTransform
Transforming baseLibrary-8.10.1.jar (com.android.databinding:baseLibrary:8.10.1) with ExternalDependencyInstrumentingArtifactTransform
Transforming android-device-provider-gradle-proto-31.10.1.jar (com.android.tools.utp:android-device-provider-gradle-proto:31.10.1) with MergeInstrumentationAnalysisTransform
Transforming android-device-provider-ddmlib-proto-31.10.1.jar (com.android.tools.utp:android-device-provider-ddmlib-proto:31.10.1) with ExternalDependencyInstrumentingArtifactTransform
Transforming android-device-provider-profile-proto-31.10.1.jar (com.android.tools.utp:android-device-provider-profile-proto:31.10.1) with InstrumentationAnalysisTransform
Transforming android-device-provider-gradle-proto-31.10.1.jar (com.android.tools.utp:android-device-provider-gradle-proto:31.10.1) with ExternalDependencyInstrumentingArtifactTransform
Transforming android-device-provider-profile-proto-31.10.1.jar (com.android.tools.utp:android-device-provider-profile-proto:31.10.1) with MergeInstrumentationAnalysisTransform
Transforming android-test-plugin-host-additional-test-output-proto-31.10.1.jar (com.android.tools.utp:android-test-plugin-host-additional-test-output-proto:31.10.1) with InstrumentationAnalysisTransform
Transforming android-device-provider-profile-proto-31.10.1.jar (com.android.tools.utp:android-device-provider-profile-proto:31.10.1) with ExternalDependencyInstrumentingArtifactTransform
Transforming android-test-plugin-host-additional-test-output-proto-31.10.1.jar (com.android.tools.utp:android-test-plugin-host-additional-test-output-proto:31.10.1) with MergeInstrumentationAnalysisTransform
Transforming android-test-plugin-host-coverage-proto-31.10.1.jar (com.android.tools.utp:android-test-plugin-host-coverage-proto:31.10.1) with InstrumentationAnalysisTransform
Transforming android-test-plugin-host-coverage-proto-31.10.1.jar (com.android.tools.utp:android-test-plugin-host-coverage-proto:31.10.1) with MergeInstrumentationAnalysisTransform
Transforming android-test-plugin-host-additional-test-output-proto-31.10.1.jar (com.android.tools.utp:android-test-plugin-host-additional-test-output-proto:31.10.1) with ExternalDependencyInstrumentingArtifactTransform
Transforming android-test-plugin-host-logcat-proto-31.10.1.jar (com.android.tools.utp:android-test-plugin-host-logcat-proto:31.10.1) with InstrumentationAnalysisTransform
Transforming android-test-plugin-host-logcat-proto-31.10.1.jar (com.android.tools.utp:android-test-plugin-host-logcat-proto:31.10.1) with MergeInstrumentationAnalysisTransform
Transforming android-test-plugin-host-coverage-proto-31.10.1.jar (com.android.tools.utp:android-test-plugin-host-coverage-proto:31.10.1) with ExternalDependencyInstrumentingArtifactTransform
Transforming android-test-plugin-host-apk-installer-proto-31.10.1.jar (com.android.tools.utp:android-test-plugin-host-apk-installer-proto:31.10.1) with InstrumentationAnalysisTransform
Transforming android-test-plugin-host-apk-installer-proto-31.10.1.jar (com.android.tools.utp:android-test-plugin-host-apk-installer-proto:31.10.1) with MergeInstrumentationAnalysisTransform
Transforming android-test-plugin-host-logcat-proto-31.10.1.jar (com.android.tools.utp:android-test-plugin-host-logcat-proto:31.10.1) with ExternalDependencyInstrumentingArtifactTransform
Transforming transform-api-2.0.0-deprecated-use-gradle-api.jar (com.android.tools.build:transform-api:2.0.0-deprecated-use-gradle-api) with InstrumentationAnalysisTransform
Transforming transform-api-2.0.0-deprecated-use-gradle-api.jar (com.android.tools.build:transform-api:2.0.0-deprecated-use-gradle-api) with MergeInstrumentationAnalysisTransform
Transforming httpmime-4.5.6.jar (org.apache.httpcomponents:httpmime:4.5.6) with InstrumentationAnalysisTransform
Transforming android-test-plugin-host-apk-installer-proto-31.10.1.jar (com.android.tools.utp:android-test-plugin-host-apk-installer-proto:31.10.1) with ExternalDependencyInstrumentingArtifactTransform
Transforming httpmime-4.5.6.jar (org.apache.httpcomponents:httpmime:4.5.6) with MergeInstrumentationAnalysisTransform
Transforming transform-api-2.0.0-deprecated-use-gradle-api.jar (com.android.tools.build:transform-api:2.0.0-deprecated-use-gradle-api) with ExternalDependencyInstrumentingArtifactTransform
Transforming commons-io-2.16.1.jar (commons-io:commons-io:2.16.1) with InstrumentationAnalysisTransform
Transforming httpmime-4.5.6.jar (org.apache.httpcomponents:httpmime:4.5.6) with ExternalDependencyInstrumentingArtifactTransform
Transforming commons-io-2.16.1.jar (commons-io:commons-io:2.16.1) with MergeInstrumentationAnalysisTransform
Transforming asm-commons-9.7.1.jar (org.ow2.asm:asm-commons:9.7.1) with InstrumentationAnalysisTransform
Transforming commons-io-2.16.1.jar (commons-io:commons-io:2.16.1) with ExternalDependencyInstrumentingArtifactTransform
Transforming asm-commons-9.7.1.jar (org.ow2.asm:asm-commons:9.7.1) with MergeInstrumentationAnalysisTransform
Transforming asm-util-9.7.1.jar (org.ow2.asm:asm-util:9.7.1) with InstrumentationAnalysisTransform
Transforming asm-util-9.7.1.jar (org.ow2.asm:asm-util:9.7.1) with MergeInstrumentationAnalysisTransform
Transforming asm-analysis-9.7.1.jar (org.ow2.asm:asm-analysis:9.7.1) with InstrumentationAnalysisTransform
Transforming asm-commons-9.7.1.jar (org.ow2.asm:asm-commons:9.7.1) with ExternalDependencyInstrumentingArtifactTransform
Transforming asm-analysis-9.7.1.jar (org.ow2.asm:asm-analysis:9.7.1) with MergeInstrumentationAnalysisTransform
Transforming asm-tree-9.7.1.jar (org.ow2.asm:asm-tree:9.7.1) with InstrumentationAnalysisTransform
Transforming asm-util-9.7.1.jar (org.ow2.asm:asm-util:9.7.1) with ExternalDependencyInstrumentingArtifactTransform
Transforming asm-tree-9.7.1.jar (org.ow2.asm:asm-tree:9.7.1) with MergeInstrumentationAnalysisTransform
Transforming asm-analysis-9.7.1.jar (org.ow2.asm:asm-analysis:9.7.1) with ExternalDependencyInstrumentingArtifactTransform
Transforming asm-9.7.1.jar (org.ow2.asm:asm:9.7.1) with InstrumentationAnalysisTransform
Transforming asm-9.7.1.jar (org.ow2.asm:asm:9.7.1) with MergeInstrumentationAnalysisTransform
Transforming apkzlib-8.10.1.jar (com.android.tools.build:apkzlib:8.10.1) with InstrumentationAnalysisTransform
Transforming asm-tree-9.7.1.jar (org.ow2.asm:asm-tree:9.7.1) with ExternalDependencyInstrumentingArtifactTransform
Transforming apkzlib-8.10.1.jar (com.android.tools.build:apkzlib:8.10.1) with MergeInstrumentationAnalysisTransform
Transforming bcpkix-jdk18on-1.79.jar (org.bouncycastle:bcpkix-jdk18on:1.79) with InstrumentationAnalysisTransform
Transforming bcpkix-jdk18on-1.79.jar (org.bouncycastle:bcpkix-jdk18on:1.79) with MergeInstrumentationAnalysisTransform
Transforming jaxb-runtime-2.3.2.jar (org.glassfish.jaxb:jaxb-runtime:2.3.2) with InstrumentationAnalysisTransform
Transforming asm-9.7.1.jar (org.ow2.asm:asm:9.7.1) with ExternalDependencyInstrumentingArtifactTransform
Transforming jaxb-runtime-2.3.2.jar (org.glassfish.jaxb:jaxb-runtime:2.3.2) with MergeInstrumentationAnalysisTransform
Transforming jopt-simple-4.9.jar (net.sf.jopt-simple:jopt-simple:4.9) with InstrumentationAnalysisTransform
Transforming jopt-simple-4.9.jar (net.sf.jopt-simple:jopt-simple:4.9) with MergeInstrumentationAnalysisTransform
Transforming javapoet-1.10.0.jar (com.squareup:javapoet:1.10.0) with InstrumentationAnalysisTransform
Transforming apkzlib-8.10.1.jar (com.android.tools.build:apkzlib:8.10.1) with ExternalDependencyInstrumentingArtifactTransform
Transforming javapoet-1.10.0.jar (com.squareup:javapoet:1.10.0) with MergeInstrumentationAnalysisTransform
Transforming grpc-protobuf-1.69.1.jar (io.grpc:grpc-protobuf:1.69.1) with InstrumentationAnalysisTransform
Transforming grpc-protobuf-1.69.1.jar (io.grpc:grpc-protobuf:1.69.1) with MergeInstrumentationAnalysisTransform
Transforming core-proto-0.0.9-alpha03.jar (com.google.testing.platform:core-proto:0.0.9-alpha03) with InstrumentationAnalysisTransform
Transforming bcpkix-jdk18on-1.79.jar (org.bouncycastle:bcpkix-jdk18on:1.79) with ExternalDependencyInstrumentingArtifactTransform
Transforming core-proto-0.0.9-alpha03.jar (com.google.testing.platform:core-proto:0.0.9-alpha03) with MergeInstrumentationAnalysisTransform
Transforming protos-31.10.1.jar (com.android.tools.analytics-library:protos:31.10.1) with InstrumentationAnalysisTransform
Transforming protos-31.10.1.jar (com.android.tools.analytics-library:protos:31.10.1) with MergeInstrumentationAnalysisTransform
Transforming proto-google-common-protos-2.48.0.jar (com.google.api.grpc:proto-google-common-protos:2.48.0) with InstrumentationAnalysisTransform
Transforming jaxb-runtime-2.3.2.jar (org.glassfish.jaxb:jaxb-runtime:2.3.2) with ExternalDependencyInstrumentingArtifactTransform
Transforming proto-google-common-protos-2.48.0.jar (com.google.api.grpc:proto-google-common-protos:2.48.0) with MergeInstrumentationAnalysisTransform
Transforming protobuf-java-3.25.5.jar (com.google.protobuf:protobuf-java:3.25.5) with InstrumentationAnalysisTransform
Transforming protobuf-java-3.25.5.jar (com.google.protobuf:protobuf-java:3.25.5) with MergeInstrumentationAnalysisTransform
Transforming grpc-stub-1.69.1.jar (io.grpc:grpc-stub:1.69.1) with InstrumentationAnalysisTransform
Transforming jopt-simple-4.9.jar (net.sf.jopt-simple:jopt-simple:4.9) with ExternalDependencyInstrumentingArtifactTransform
Transforming grpc-stub-1.69.1.jar (io.grpc:grpc-stub:1.69.1) with MergeInstrumentationAnalysisTransform
Transforming tensorflow-lite-metadata-0.2.0.jar (org.tensorflow:tensorflow-lite-metadata:0.2.0) with InstrumentationAnalysisTransform
Transforming tensorflow-lite-metadata-0.2.0.jar (org.tensorflow:tensorflow-lite-metadata:0.2.0) with MergeInstrumentationAnalysisTransform
Transforming flatbuffers-java-1.12.0.jar (com.google.flatbuffers:flatbuffers-java:1.12.0) with InstrumentationAnalysisTransform
Transforming javapoet-1.10.0.jar (com.squareup:javapoet:1.10.0) with ExternalDependencyInstrumentingArtifactTransform
Transforming flatbuffers-java-1.12.0.jar (com.google.flatbuffers:flatbuffers-java:1.12.0) with MergeInstrumentationAnalysisTransform
Transforming annotations-23.0.0.jar (org.jetbrains:annotations:23.0.0) with InstrumentationAnalysisTransform
Transforming grpc-protobuf-1.69.1.jar (io.grpc:grpc-protobuf:1.69.1) with ExternalDependencyInstrumentingArtifactTransform
Transforming annotations-23.0.0.jar (org.jetbrains:annotations:23.0.0) with MergeInstrumentationAnalysisTransform
Transforming jimfs-1.1.jar (com.google.jimfs:jimfs:1.1) with InstrumentationAnalysisTransform
Transforming jimfs-1.1.jar (com.google.jimfs:jimfs:1.1) with MergeInstrumentationAnalysisTransform
Transforming core-proto-0.0.9-alpha03.jar (com.google.testing.platform:core-proto:0.0.9-alpha03) with ExternalDependencyInstrumentingArtifactTransform
Transforming grpc-context-1.69.1.jar (io.grpc:grpc-context:1.69.1) with InstrumentationAnalysisTransform
Transforming grpc-context-1.69.1.jar (io.grpc:grpc-context:1.69.1) with MergeInstrumentationAnalysisTransform
Transforming grpc-protobuf-lite-1.69.1.jar (io.grpc:grpc-protobuf-lite:1.69.1) with InstrumentationAnalysisTransform
Transforming grpc-protobuf-lite-1.69.1.jar (io.grpc:grpc-protobuf-lite:1.69.1) with MergeInstrumentationAnalysisTransform
Transforming protos-31.10.1.jar (com.android.tools.analytics-library:protos:31.10.1) with ExternalDependencyInstrumentingArtifactTransform
Transforming grpc-api-1.69.1.jar (io.grpc:grpc-api:1.69.1) with InstrumentationAnalysisTransform
Transforming grpc-api-1.69.1.jar (io.grpc:grpc-api:1.69.1) with MergeInstrumentationAnalysisTransform
Transforming proto-google-common-protos-2.48.0.jar (com.google.api.grpc:proto-google-common-protos:2.48.0) with ExternalDependencyInstrumentingArtifactTransform
Transforming grpc-stub-1.69.1.jar (io.grpc:grpc-stub:1.69.1) with ExternalDependencyInstrumentingArtifactTransform
Transforming guava-33.3.1-jre.jar (com.google.guava:guava:33.3.1-jre) with InstrumentationAnalysisTransform
Transforming flatbuffers-java-1.12.0.jar (com.google.flatbuffers:flatbuffers-java:1.12.0) with ExternalDependencyInstrumentingArtifactTransform
Transforming grpc-context-1.69.1.jar (io.grpc:grpc-context:1.69.1) with ExternalDependencyInstrumentingArtifactTransform
Transforming guava-33.3.1-jre.jar (com.google.guava:guava:33.3.1-jre) with MergeInstrumentationAnalysisTransform
Transforming error_prone_annotations-2.30.0.jar (com.google.errorprone:error_prone_annotations:2.30.0) with InstrumentationAnalysisTransform
Transforming grpc-api-1.69.1.jar (io.grpc:grpc-api:1.69.1) with ExternalDependencyInstrumentingArtifactTransform
Transforming grpc-protobuf-lite-1.69.1.jar (io.grpc:grpc-protobuf-lite:1.69.1) with ExternalDependencyInstrumentingArtifactTransform
Transforming error_prone_annotations-2.30.0.jar (com.google.errorprone:error_prone_annotations:2.30.0) with MergeInstrumentationAnalysisTransform
Transforming guava-33.3.1-jre.jar (com.google.guava:guava:33.3.1-jre) with ExternalDependencyInstrumentingArtifactTransform
Transforming annotations-23.0.0.jar (org.jetbrains:annotations:23.0.0) with ExternalDependencyInstrumentingArtifactTransform
Transforming jimfs-1.1.jar (com.google.jimfs:jimfs:1.1) with ExternalDependencyInstrumentingArtifactTransform
Transforming tensorflow-lite-metadata-0.2.0.jar (org.tensorflow:tensorflow-lite-metadata:0.2.0) with ExternalDependencyInstrumentingArtifactTransform
Transforming error_prone_annotations-2.30.0.jar (com.google.errorprone:error_prone_annotations:2.30.0) with ExternalDependencyInstrumentingArtifactTransform
Transforming dagger-2.28.3.jar (com.google.dagger:dagger:2.28.3) with InstrumentationAnalysisTransform
Transforming protobuf-java-3.25.5.jar (com.google.protobuf:protobuf-java:3.25.5) with ExternalDependencyInstrumentingArtifactTransform
Transforming dagger-2.28.3.jar (com.google.dagger:dagger:2.28.3) with MergeInstrumentationAnalysisTransform
Transforming javax.inject-1.jar (javax.inject:javax.inject:1) with InstrumentationAnalysisTransform
Transforming javax.inject-1.jar (javax.inject:javax.inject:1) with MergeInstrumentationAnalysisTransform
Transforming kxml2-2.3.0.jar (net.sf.kxml:kxml2:2.3.0) with InstrumentationAnalysisTransform
Transforming kxml2-2.3.0.jar (net.sf.kxml:kxml2:2.3.0) with MergeInstrumentationAnalysisTransform
Transforming commons-compress-1.21.jar (org.apache.commons:commons-compress:1.21) with InstrumentationAnalysisTransform
Transforming javax.inject-1.jar (javax.inject:javax.inject:1) with ExternalDependencyInstrumentingArtifactTransform
Transforming commons-compress-1.21.jar (org.apache.commons:commons-compress:1.21) with MergeInstrumentationAnalysisTransform
Transforming dagger-2.28.3.jar (com.google.dagger:dagger:2.28.3) with ExternalDependencyInstrumentingArtifactTransform
Transforming kxml2-2.3.0.jar (net.sf.kxml:kxml2:2.3.0) with ExternalDependencyInstrumentingArtifactTransform
Transforming bcutil-jdk18on-1.79.jar (org.bouncycastle:bcutil-jdk18on:1.79) with InstrumentationAnalysisTransform
Transforming bcutil-jdk18on-1.79.jar (org.bouncycastle:bcutil-jdk18on:1.79) with MergeInstrumentationAnalysisTransform
Transforming bcprov-jdk18on-1.79.jar (org.bouncycastle:bcprov-jdk18on:1.79) with InstrumentationAnalysisTransform
Transforming bcprov-jdk18on-1.79.jar (org.bouncycastle:bcprov-jdk18on:1.79) with MergeInstrumentationAnalysisTransform
Transforming httpclient-4.5.14.jar (org.apache.httpcomponents:httpclient:4.5.14) with InstrumentationAnalysisTransform
Transforming commons-compress-1.21.jar (org.apache.commons:commons-compress:1.21) with ExternalDependencyInstrumentingArtifactTransform
Transforming httpclient-4.5.14.jar (org.apache.httpcomponents:httpclient:4.5.14) with MergeInstrumentationAnalysisTransform
Transforming httpcore-4.4.16.jar (org.apache.httpcomponents:httpcore:4.4.16) with InstrumentationAnalysisTransform
Transforming httpcore-4.4.16.jar (org.apache.httpcomponents:httpcore:4.4.16) with MergeInstrumentationAnalysisTransform
Transforming bcutil-jdk18on-1.79.jar (org.bouncycastle:bcutil-jdk18on:1.79) with ExternalDependencyInstrumentingArtifactTransform
Transforming bcprov-jdk18on-1.79.jar (org.bouncycastle:bcprov-jdk18on:1.79) with ExternalDependencyInstrumentingArtifactTransform
Transforming javax.activation-1.2.0.jar (com.sun.activation:javax.activation:1.2.0) with InstrumentationAnalysisTransform
Transforming javax.activation-1.2.0.jar (com.sun.activation:javax.activation:1.2.0) with MergeInstrumentationAnalysisTransform
Transforming httpclient-4.5.14.jar (org.apache.httpcomponents:httpclient:4.5.14) with ExternalDependencyInstrumentingArtifactTransform
Transforming httpcore-4.4.16.jar (org.apache.httpcomponents:httpcore:4.4.16) with ExternalDependencyInstrumentingArtifactTransform
Transforming signflinger-8.10.1.jar (com.android:signflinger:8.10.1) with InstrumentationAnalysisTransform
Transforming signflinger-8.10.1.jar (com.android:signflinger:8.10.1) with MergeInstrumentationAnalysisTransform
Transforming javax.activation-1.2.0.jar (com.sun.activation:javax.activation:1.2.0) with ExternalDependencyInstrumentingArtifactTransform
Transforming zipflinger-8.10.1.jar (com.android:zipflinger:8.10.1) with InstrumentationAnalysisTransform
Transforming zipflinger-8.10.1.jar (com.android:zipflinger:8.10.1) with MergeInstrumentationAnalysisTransform
Transforming annotations-31.10.1.jar (com.android.tools:annotations:31.10.1) with InstrumentationAnalysisTransform
Transforming annotations-31.10.1.jar (com.android.tools:annotations:31.10.1) with MergeInstrumentationAnalysisTransform
Transforming jna-platform-5.6.0.jar (net.java.dev.jna:jna-platform:5.6.0) with InstrumentationAnalysisTransform
Transforming jna-platform-5.6.0.jar (net.java.dev.jna:jna-platform:5.6.0) with MergeInstrumentationAnalysisTransform
Transforming juniversalchardet-1.0.3.jar (com.googlecode.juniversalchardet:juniversalchardet:1.0.3) with InstrumentationAnalysisTransform
Transforming juniversalchardet-1.0.3.jar (com.googlecode.juniversalchardet:juniversalchardet:1.0.3) with MergeInstrumentationAnalysisTransform
Transforming signflinger-8.10.1.jar (com.android:signflinger:8.10.1) with ExternalDependencyInstrumentingArtifactTransform
Transforming javax.annotation-api-1.3.2.jar (javax.annotation:javax.annotation-api:1.3.2) with InstrumentationAnalysisTransform
Transforming javax.annotation-api-1.3.2.jar (javax.annotation:javax.annotation-api:1.3.2) with MergeInstrumentationAnalysisTransform
Transforming jna-platform-5.6.0.jar (net.java.dev.jna:jna-platform:5.6.0) with ExternalDependencyInstrumentingArtifactTransform
Transforming stax-ex-1.8.1.jar (org.jvnet.staxex:stax-ex:1.8.1) with InstrumentationAnalysisTransform
Transforming stax-ex-1.8.1.jar (org.jvnet.staxex:stax-ex:1.8.1) with MergeInstrumentationAnalysisTransform
Transforming jakarta.xml.bind-api-2.3.2.jar (jakarta.xml.bind:jakarta.xml.bind-api:2.3.2) with InstrumentationAnalysisTransform
Transforming zipflinger-8.10.1.jar (com.android:zipflinger:8.10.1) with ExternalDependencyInstrumentingArtifactTransform
Transforming juniversalchardet-1.0.3.jar (com.googlecode.juniversalchardet:juniversalchardet:1.0.3) with ExternalDependencyInstrumentingArtifactTransform
Transforming javax.annotation-api-1.3.2.jar (javax.annotation:javax.annotation-api:1.3.2) with ExternalDependencyInstrumentingArtifactTransform
Transforming jakarta.xml.bind-api-2.3.2.jar (jakarta.xml.bind:jakarta.xml.bind-api:2.3.2) with MergeInstrumentationAnalysisTransform
Transforming annotations-31.10.1.jar (com.android.tools:annotations:31.10.1) with ExternalDependencyInstrumentingArtifactTransform
Transforming txw2-2.3.2.jar (org.glassfish.jaxb:txw2:2.3.2) with InstrumentationAnalysisTransform
Transforming stax-ex-1.8.1.jar (org.jvnet.staxex:stax-ex:1.8.1) with ExternalDependencyInstrumentingArtifactTransform
Transforming txw2-2.3.2.jar (org.glassfish.jaxb:txw2:2.3.2) with MergeInstrumentationAnalysisTransform
Transforming jakarta.xml.bind-api-2.3.2.jar (jakarta.xml.bind:jakarta.xml.bind-api:2.3.2) with ExternalDependencyInstrumentingArtifactTransform
Transforming istack-commons-runtime-3.0.8.jar (com.sun.istack:istack-commons-runtime:3.0.8) with InstrumentationAnalysisTransform
Transforming istack-commons-runtime-3.0.8.jar (com.sun.istack:istack-commons-runtime:3.0.8) with MergeInstrumentationAnalysisTransform
Transforming FastInfoset-1.2.16.jar (com.sun.xml.fastinfoset:FastInfoset:1.2.16) with InstrumentationAnalysisTransform
Transforming txw2-2.3.2.jar (org.glassfish.jaxb:txw2:2.3.2) with ExternalDependencyInstrumentingArtifactTransform
Transforming FastInfoset-1.2.16.jar (com.sun.xml.fastinfoset:FastInfoset:1.2.16) with MergeInstrumentationAnalysisTransform
Transforming istack-commons-runtime-3.0.8.jar (com.sun.istack:istack-commons-runtime:3.0.8) with ExternalDependencyInstrumentingArtifactTransform
Transforming jakarta.activation-api-1.2.1.jar (jakarta.activation:jakarta.activation-api:1.2.1) with InstrumentationAnalysisTransform
Transforming jakarta.activation-api-1.2.1.jar (jakarta.activation:jakarta.activation-api:1.2.1) with MergeInstrumentationAnalysisTransform
Transforming auto-value-annotations-1.6.2.jar (com.google.auto.value:auto-value-annotations:1.6.2) with InstrumentationAnalysisTransform
Transforming auto-value-annotations-1.6.2.jar (com.google.auto.value:auto-value-annotations:1.6.2) with MergeInstrumentationAnalysisTransform
Transforming jakarta.activation-api-1.2.1.jar (jakarta.activation:jakarta.activation-api:1.2.1) with ExternalDependencyInstrumentingArtifactTransform
Transforming jose4j-0.9.5.jar (org.bitbucket.b_c:jose4j:0.9.5) with InstrumentationAnalysisTransform
Transforming jose4j-0.9.5.jar (org.bitbucket.b_c:jose4j:0.9.5) with MergeInstrumentationAnalysisTransform
Transforming slf4j-api-1.7.30.jar (org.slf4j:slf4j-api:1.7.30) with InstrumentationAnalysisTransform
Transforming auto-value-annotations-1.6.2.jar (com.google.auto.value:auto-value-annotations:1.6.2) with ExternalDependencyInstrumentingArtifactTransform
Transforming jose4j-0.9.5.jar (org.bitbucket.b_c:jose4j:0.9.5) with ExternalDependencyInstrumentingArtifactTransform
Transforming FastInfoset-1.2.16.jar (com.sun.xml.fastinfoset:FastInfoset:1.2.16) with ExternalDependencyInstrumentingArtifactTransform
Transforming slf4j-api-1.7.30.jar (org.slf4j:slf4j-api:1.7.30) with MergeInstrumentationAnalysisTransform
Transforming jdom2-2.0.6.jar (org.jdom:jdom2:2.0.6) with InstrumentationAnalysisTransform
Transforming jdom2-2.0.6.jar (org.jdom:jdom2:2.0.6) with MergeInstrumentationAnalysisTransform
Transforming slf4j-api-1.7.30.jar (org.slf4j:slf4j-api:1.7.30) with ExternalDependencyInstrumentingArtifactTransform
Transforming jsr305-3.0.2.jar (com.google.code.findbugs:jsr305:3.0.2) with InstrumentationAnalysisTransform
Transforming jsr305-3.0.2.jar (com.google.code.findbugs:jsr305:3.0.2) with MergeInstrumentationAnalysisTransform
Transforming j2objc-annotations-3.0.0.jar (com.google.j2objc:j2objc-annotations:3.0.0) with InstrumentationAnalysisTransform
Transforming jdom2-2.0.6.jar (org.jdom:jdom2:2.0.6) with ExternalDependencyInstrumentingArtifactTransform
Transforming j2objc-annotations-3.0.0.jar (com.google.j2objc:j2objc-annotations:3.0.0) with MergeInstrumentationAnalysisTransform
Transforming annotations-4.1.1.4.jar (com.google.android:annotations:4.1.1.4) with InstrumentationAnalysisTransform
Transforming annotations-4.1.1.4.jar (com.google.android:annotations:4.1.1.4) with MergeInstrumentationAnalysisTransform
Transforming j2objc-annotations-3.0.0.jar (com.google.j2objc:j2objc-annotations:3.0.0) with ExternalDependencyInstrumentingArtifactTransform
Transforming animal-sniffer-annotations-1.24.jar (org.codehaus.mojo:animal-sniffer-annotations:1.24) with InstrumentationAnalysisTransform
Transforming jsr305-3.0.2.jar (com.google.code.findbugs:jsr305:3.0.2) with ExternalDependencyInstrumentingArtifactTransform
Transforming animal-sniffer-annotations-1.24.jar (org.codehaus.mojo:animal-sniffer-annotations:1.24) with MergeInstrumentationAnalysisTransform
Transforming perfmark-api-0.27.0.jar (io.perfmark:perfmark-api:0.27.0) with InstrumentationAnalysisTransform
Transforming annotations-4.1.1.4.jar (com.google.android:annotations:4.1.1.4) with ExternalDependencyInstrumentingArtifactTransform
Transforming perfmark-api-0.27.0.jar (io.perfmark:perfmark-api:0.27.0) with MergeInstrumentationAnalysisTransform
Transforming animal-sniffer-annotations-1.24.jar (org.codehaus.mojo:animal-sniffer-annotations:1.24) with ExternalDependencyInstrumentingArtifactTransform
Transforming netty-codec-http2-4.1.110.Final.jar (io.netty:netty-codec-http2:4.1.110.Final) with InstrumentationAnalysisTransform
Transforming netty-codec-http2-4.1.110.Final.jar (io.netty:netty-codec-http2:4.1.110.Final) with MergeInstrumentationAnalysisTransform
Transforming netty-handler-proxy-4.1.110.Final.jar (io.netty:netty-handler-proxy:4.1.110.Final) with InstrumentationAnalysisTransform
Transforming netty-codec-http2-4.1.110.Final.jar (io.netty:netty-codec-http2:4.1.110.Final) with ExternalDependencyInstrumentingArtifactTransform
Transforming netty-handler-proxy-4.1.110.Final.jar (io.netty:netty-handler-proxy:4.1.110.Final) with MergeInstrumentationAnalysisTransform
Transforming perfmark-api-0.27.0.jar (io.perfmark:perfmark-api:0.27.0) with ExternalDependencyInstrumentingArtifactTransform
Transforming netty-codec-http-4.1.110.Final.jar (io.netty:netty-codec-http:4.1.110.Final) with InstrumentationAnalysisTransform
Transforming netty-codec-http-4.1.110.Final.jar (io.netty:netty-codec-http:4.1.110.Final) with MergeInstrumentationAnalysisTransform
Transforming netty-handler-proxy-4.1.110.Final.jar (io.netty:netty-handler-proxy:4.1.110.Final) with ExternalDependencyInstrumentingArtifactTransform
Transforming netty-handler-4.1.110.Final.jar (io.netty:netty-handler:4.1.110.Final) with InstrumentationAnalysisTransform
Transforming netty-handler-4.1.110.Final.jar (io.netty:netty-handler:4.1.110.Final) with MergeInstrumentationAnalysisTransform
Transforming netty-transport-native-unix-common-4.1.110.Final.jar (io.netty:netty-transport-native-unix-common:4.1.110.Final) with InstrumentationAnalysisTransform
Transforming netty-transport-native-unix-common-4.1.110.Final.jar (io.netty:netty-transport-native-unix-common:4.1.110.Final) with MergeInstrumentationAnalysisTransform
Transforming checker-qual-3.43.0.jar (org.checkerframework:checker-qual:3.43.0) with InstrumentationAnalysisTransform
Transforming netty-codec-http-4.1.110.Final.jar (io.netty:netty-codec-http:4.1.110.Final) with ExternalDependencyInstrumentingArtifactTransform
Transforming checker-qual-3.43.0.jar (org.checkerframework:checker-qual:3.43.0) with MergeInstrumentationAnalysisTransform
Transforming netty-handler-4.1.110.Final.jar (io.netty:netty-handler:4.1.110.Final) with ExternalDependencyInstrumentingArtifactTransform
Transforming apksig-8.10.1.jar (com.android.tools.build:apksig:8.10.1) with InstrumentationAnalysisTransform
Transforming netty-transport-native-unix-common-4.1.110.Final.jar (io.netty:netty-transport-native-unix-common:4.1.110.Final) with ExternalDependencyInstrumentingArtifactTransform
Transforming apksig-8.10.1.jar (com.android.tools.build:apksig:8.10.1) with MergeInstrumentationAnalysisTransform
Transforming javawriter-2.5.0.jar (com.squareup:javawriter:2.5.0) with InstrumentationAnalysisTransform
Transforming javawriter-2.5.0.jar (com.squareup:javawriter:2.5.0) with MergeInstrumentationAnalysisTransform
Transforming failureaccess-1.0.2.jar (com.google.guava:failureaccess:1.0.2) with InstrumentationAnalysisTransform
Transforming checker-qual-3.43.0.jar (org.checkerframework:checker-qual:3.43.0) with ExternalDependencyInstrumentingArtifactTransform
Transforming failureaccess-1.0.2.jar (com.google.guava:failureaccess:1.0.2) with MergeInstrumentationAnalysisTransform
Transforming listenablefuture-9999.0-empty-to-avoid-conflict-with-guava.jar (com.google.guava:listenablefuture:9999.0-empty-to-avoid-conflict-with-guava) with InstrumentationAnalysisTransform
Transforming apksig-8.10.1.jar (com.android.tools.build:apksig:8.10.1) with ExternalDependencyInstrumentingArtifactTransform
Transforming listenablefuture-9999.0-empty-to-avoid-conflict-with-guava.jar (com.google.guava:listenablefuture:9999.0-empty-to-avoid-conflict-with-guava) with MergeInstrumentationAnalysisTransform
Transforming javawriter-2.5.0.jar (com.squareup:javawriter:2.5.0) with ExternalDependencyInstrumentingArtifactTransform
Transforming commons-logging-1.2.jar (commons-logging:commons-logging:1.2) with InstrumentationAnalysisTransform
Transforming failureaccess-1.0.2.jar (com.google.guava:failureaccess:1.0.2) with ExternalDependencyInstrumentingArtifactTransform
Transforming commons-logging-1.2.jar (commons-logging:commons-logging:1.2) with MergeInstrumentationAnalysisTransform
Transforming commons-codec-1.11.jar (commons-codec:commons-codec:1.11) with InstrumentationAnalysisTransform
Transforming listenablefuture-9999.0-empty-to-avoid-conflict-with-guava.jar (com.google.guava:listenablefuture:9999.0-empty-to-avoid-conflict-with-guava) with ExternalDependencyInstrumentingArtifactTransform
Transforming commons-codec-1.11.jar (commons-codec:commons-codec:1.11) with MergeInstrumentationAnalysisTransform
Transforming jna-5.6.0.jar (net.java.dev.jna:jna:5.6.0) with InstrumentationAnalysisTransform
Transforming jna-5.6.0.jar (net.java.dev.jna:jna:5.6.0) with MergeInstrumentationAnalysisTransform
Transforming netty-codec-socks-4.1.110.Final.jar (io.netty:netty-codec-socks:4.1.110.Final) with InstrumentationAnalysisTransform
Transforming netty-codec-socks-4.1.110.Final.jar (io.netty:netty-codec-socks:4.1.110.Final) with MergeInstrumentationAnalysisTransform
Transforming commons-logging-1.2.jar (commons-logging:commons-logging:1.2) with ExternalDependencyInstrumentingArtifactTransform
Transforming commons-codec-1.11.jar (commons-codec:commons-codec:1.11) with ExternalDependencyInstrumentingArtifactTransform
Transforming netty-codec-4.1.110.Final.jar (io.netty:netty-codec:4.1.110.Final) with InstrumentationAnalysisTransform
Transforming jna-5.6.0.jar (net.java.dev.jna:jna:5.6.0) with ExternalDependencyInstrumentingArtifactTransform
Transforming netty-codec-4.1.110.Final.jar (io.netty:netty-codec:4.1.110.Final) with MergeInstrumentationAnalysisTransform
Transforming netty-transport-4.1.110.Final.jar (io.netty:netty-transport:4.1.110.Final) with InstrumentationAnalysisTransform
Transforming netty-transport-4.1.110.Final.jar (io.netty:netty-transport:4.1.110.Final) with MergeInstrumentationAnalysisTransform
Transforming netty-buffer-4.1.110.Final.jar (io.netty:netty-buffer:4.1.110.Final) with InstrumentationAnalysisTransform
Transforming netty-buffer-4.1.110.Final.jar (io.netty:netty-buffer:4.1.110.Final) with MergeInstrumentationAnalysisTransform
Transforming netty-codec-socks-4.1.110.Final.jar (io.netty:netty-codec-socks:4.1.110.Final) with ExternalDependencyInstrumentingArtifactTransform
Transforming netty-resolver-4.1.110.Final.jar (io.netty:netty-resolver:4.1.110.Final) with InstrumentationAnalysisTransform
Transforming netty-transport-4.1.110.Final.jar (io.netty:netty-transport:4.1.110.Final) with ExternalDependencyInstrumentingArtifactTransform
Transforming netty-resolver-4.1.110.Final.jar (io.netty:netty-resolver:4.1.110.Final) with MergeInstrumentationAnalysisTransform
Transforming netty-codec-4.1.110.Final.jar (io.netty:netty-codec:4.1.110.Final) with ExternalDependencyInstrumentingArtifactTransform
Transforming netty-common-4.1.110.Final.jar (io.netty:netty-common:4.1.110.Final) with InstrumentationAnalysisTransform
Transforming netty-common-4.1.110.Final.jar (io.netty:netty-common:4.1.110.Final) with MergeInstrumentationAnalysisTransform
Transforming netty-buffer-4.1.110.Final.jar (io.netty:netty-buffer:4.1.110.Final) with ExternalDependencyInstrumentingArtifactTransform
Transforming netty-resolver-4.1.110.Final.jar (io.netty:netty-resolver:4.1.110.Final) with ExternalDependencyInstrumentingArtifactTransform
Transforming netty-common-4.1.110.Final.jar (io.netty:netty-common:4.1.110.Final) with ExternalDependencyInstrumentingArtifactTransform
Transforming plugins.jar (project :build-logic:plugins) with ProjectDependencyInstrumentingArtifactTransform
Transforming tools.jar (project :build-logic:tools) with ProjectDependencyInstrumentingArtifactTransform
Using default execution profile
Using Kotlin Gradle Plugin gradle811 variant

> Configure project :image-editor-app
Evaluating project ':image-editor-app' using build file '/home/lollerfirst/Signal-Android/image-editor/app/build.gradle'.
Transforming classes with InstrumentationAnalysisTransform
Transforming classes with InstrumentationAnalysisTransform
Transforming kotlin-gradle-plugin-model-2.2.20.jar (org.jetbrains.kotlin:kotlin-gradle-plugin-model:2.2.20) with InstrumentationAnalysisTransform
Transforming fus-statistics-gradle-plugin-2.2.20-gradle811.jar (org.jetbrains.kotlin:fus-statistics-gradle-plugin:2.2.20) with InstrumentationAnalysisTransform
Transforming kotlin-gradle-plugin-api-2.2.20.jar (org.jetbrains.kotlin:kotlin-gradle-plugin-api:2.2.20) with InstrumentationAnalysisTransform
Transforming kotlin-gradle-plugin-api-2.2.20-gradle811.jar (org.jetbrains.kotlin:kotlin-gradle-plugin-api:2.2.20) with InstrumentationAnalysisTransform
Transforming kotlin-gradle-plugin-2.2.20-gradle811.jar (org.jetbrains.kotlin:kotlin-gradle-plugin:2.2.20) with InstrumentationAnalysisTransform
Transforming ktlint-gradle-12.1.1.jar (org.jlleitschuh.gradle:ktlint-gradle:12.1.1) with InstrumentationAnalysisTransform
Transforming kotlin-gradle-plugin-idea-proto-2.2.20.jar (org.jetbrains.kotlin:kotlin-gradle-plugin-idea-proto:2.2.20) with InstrumentationAnalysisTransform
Transforming kotlin-gradle-plugin-idea-2.2.20.jar (org.jetbrains.kotlin:kotlin-gradle-plugin-idea:2.2.20) with InstrumentationAnalysisTransform
Transforming kotlin-klib-commonizer-api-2.2.20.jar (org.jetbrains.kotlin:kotlin-klib-commonizer-api:2.2.20) with InstrumentationAnalysisTransform
Transforming kotlin-build-statistics-2.2.20.jar (org.jetbrains.kotlin:kotlin-build-statistics:2.2.20) with InstrumentationAnalysisTransform
Transforming kotlin-util-klib-metadata-2.2.20.jar (org.jetbrains.kotlin:kotlin-util-klib-metadata:2.2.20) with InstrumentationAnalysisTransform
Transforming abi-tools-api-2.2.20.jar (org.jetbrains.kotlin:abi-tools-api:2.2.20) with InstrumentationAnalysisTransform
Transforming kotlin-compiler-runner-2.2.20.jar (org.jetbrains.kotlin:kotlin-compiler-runner:2.2.20) with InstrumentationAnalysisTransform
Transforming gradle-8.10.1.jar (com.android.tools.build:gradle:8.10.1) with InstrumentationAnalysisTransform
Transforming gradle-settings-api-8.10.1.jar (com.android.tools.build:gradle-settings-api:8.10.1) with InstrumentationAnalysisTransform
Transforming lint-model-31.10.1.jar (com.android.tools.lint:lint-model:31.10.1) with InstrumentationAnalysisTransform
Transforming builder-8.10.1.jar (com.android.tools.build:builder:8.10.1) with InstrumentationAnalysisTransform
Transforming manifest-merger-31.10.1.jar (com.android.tools.build:manifest-merger:31.10.1) with InstrumentationAnalysisTransform
Transforming sdk-common-31.10.1.jar (com.android.tools:sdk-common:31.10.1) with InstrumentationAnalysisTransform
Transforming sdklib-31.10.1.jar (com.android.tools:sdklib:31.10.1) with InstrumentationAnalysisTransform
Transforming repository-31.10.1.jar (com.android.tools:repository:31.10.1) with InstrumentationAnalysisTransform
Transforming aaptcompiler-8.10.1.jar (com.android.tools.build:aaptcompiler:8.10.1) with InstrumentationAnalysisTransform
Transforming tracker-31.10.1.jar (com.android.tools.analytics-library:tracker:31.10.1) with InstrumentationAnalysisTransform
Transforming shared-31.10.1.jar (com.android.tools.analytics-library:shared:31.10.1) with InstrumentationAnalysisTransform
Transforming databinding-compiler-common-8.10.1.jar (androidx.databinding:databinding-compiler-common:8.10.1) with InstrumentationAnalysisTransform
Transforming android-test-plugin-host-emulator-control-proto-31.10.1.jar (com.android.tools.utp:android-test-plugin-host-emulator-control-proto:31.10.1) with InstrumentationAnalysisTransform
Transforming builder-model-8.10.1.jar (com.android.tools.build:builder-model:8.10.1) with InstrumentationAnalysisTransform
Transforming gradle-api-8.10.1.jar (com.android.tools.build:gradle-api:8.10.1) with InstrumentationAnalysisTransform
Transforming builder-test-api-8.10.1.jar (com.android.tools.build:builder-test-api:8.10.1) with InstrumentationAnalysisTransform
Transforming ddmlib-31.10.1.jar (com.android.tools.ddms:ddmlib:31.10.1) with InstrumentationAnalysisTransform
Transforming layoutlib-api-31.10.1.jar (com.android.tools.layoutlib:layoutlib-api:31.10.1) with InstrumentationAnalysisTransform
Transforming dvlib-31.10.1.jar (com.android.tools:dvlib:31.10.1) with InstrumentationAnalysisTransform
Transforming common-31.10.1.jar (com.android.tools:common:31.10.1) with InstrumentationAnalysisTransform
Transforming kotlin-stdlib-jdk8-2.1.0.jar (org.jetbrains.kotlin:kotlin-stdlib-jdk8:2.1.0) with InstrumentationAnalysisTransform
Transforming jetifier-processor-1.0.0-beta10.jar (com.android.tools.build.jetifier:jetifier-processor:1.0.0-beta10) with InstrumentationAnalysisTransform
Transforming jetifier-core-1.0.0-beta10.jar (com.android.tools.build.jetifier:jetifier-core:1.0.0-beta10) with InstrumentationAnalysisTransform
Transforming kotlin-reflect-2.1.0.jar (org.jetbrains.kotlin:kotlin-reflect:2.1.0) with InstrumentationAnalysisTransform
Transforming kotlin-stdlib-jdk7-2.1.0.jar (org.jetbrains.kotlin:kotlin-stdlib-jdk7:2.1.0) with InstrumentationAnalysisTransform
Transforming kotlin-stdlib-2.2.20.jar (org.jetbrains.kotlin:kotlin-stdlib:2.2.20) with InstrumentationAnalysisTransform
Transforming dnsjava-2.1.9.jar (dnsjava:dnsjava:2.1.9) with InstrumentationAnalysisTransform
Transforming kotlin-gradle-plugin-annotations-2.2.20.jar (org.jetbrains.kotlin:kotlin-gradle-plugin-annotations:2.2.20) with InstrumentationAnalysisTransform
Transforming kotlin-native-utils-2.2.20.jar (org.jetbrains.kotlin:kotlin-native-utils:2.2.20) with InstrumentationAnalysisTransform
Transforming kotlin-tooling-core-2.2.20.jar (org.jetbrains.kotlin:kotlin-tooling-core:2.2.20) with InstrumentationAnalysisTransform
Transforming kotlin-build-tools-api-2.2.20.jar (org.jetbrains.kotlin:kotlin-build-tools-api:2.2.20) with InstrumentationAnalysisTransform
Transforming android-test-plugin-result-listener-gradle-proto-31.10.1.jar (com.android.tools.utp:android-test-plugin-result-listener-gradle-proto:31.10.1) with InstrumentationAnalysisTransform
Transforming bundletool-1.18.0.jar (com.android.tools.build:bundletool:1.18.0) with InstrumentationAnalysisTransform
Transforming protobuf-java-util-3.25.5.jar (com.google.protobuf:protobuf-java-util:3.25.5) with InstrumentationAnalysisTransform
Transforming grpc-netty-1.69.1.jar (io.grpc:grpc-netty:1.69.1) with InstrumentationAnalysisTransform
Transforming grpc-inprocess-1.69.1.jar (io.grpc:grpc-inprocess:1.69.1) with InstrumentationAnalysisTransform
Transforming grpc-util-1.69.1.jar (io.grpc:grpc-util:1.69.1) with InstrumentationAnalysisTransform
Transforming grpc-core-1.69.1.jar (io.grpc:grpc-core:1.69.1) with InstrumentationAnalysisTransform
Transforming tink-1.7.0.jar (com.google.crypto.tink:tink:1.7.0) with InstrumentationAnalysisTransform
Transforming gson-2.11.0.jar (com.google.code.gson:gson:2.11.0) with InstrumentationAnalysisTransform
Transforming kotlin-util-klib-2.2.20.jar (org.jetbrains.kotlin:kotlin-util-klib:2.2.20) with InstrumentationAnalysisTransform
Transforming kotlin-util-io-2.2.20.jar (org.jetbrains.kotlin:kotlin-util-io:2.2.20) with InstrumentationAnalysisTransform
Transforming kotlin-daemon-client-2.2.20.jar (org.jetbrains.kotlin:kotlin-daemon-client:2.2.20) with InstrumentationAnalysisTransform
Transforming kotlinx-coroutines-core-jvm-1.8.0.jar (org.jetbrains.kotlinx:kotlinx-coroutines-core-jvm:1.8.0) with InstrumentationAnalysisTransform
Transforming aapt2-proto-8.10.1-12782657.jar (com.android.tools.build:aapt2-proto:8.10.1-12782657) with InstrumentationAnalysisTransform
Transforming crash-31.10.1.jar (com.android.tools.analytics-library:crash:31.10.1) with InstrumentationAnalysisTransform
Transforming lint-typedef-remover-31.10.1.jar (com.android.tools.lint:lint-typedef-remover:31.10.1) with InstrumentationAnalysisTransform
Transforming databinding-common-8.10.1.jar (androidx.databinding:databinding-common:8.10.1) with InstrumentationAnalysisTransform
Transforming baseLibrary-8.10.1.jar (com.android.databinding:baseLibrary:8.10.1) with InstrumentationAnalysisTransform
Transforming android-device-provider-ddmlib-proto-31.10.1.jar (com.android.tools.utp:android-device-provider-ddmlib-proto:31.10.1) with InstrumentationAnalysisTransform
Transforming android-device-provider-gradle-proto-31.10.1.jar (com.android.tools.utp:android-device-provider-gradle-proto:31.10.1) with InstrumentationAnalysisTransform
Transforming android-device-provider-profile-proto-31.10.1.jar (com.android.tools.utp:android-device-provider-profile-proto:31.10.1) with InstrumentationAnalysisTransform
Transforming android-test-plugin-host-additional-test-output-proto-31.10.1.jar (com.android.tools.utp:android-test-plugin-host-additional-test-output-proto:31.10.1) with InstrumentationAnalysisTransform
Transforming android-test-plugin-host-coverage-proto-31.10.1.jar (com.android.tools.utp:android-test-plugin-host-coverage-proto:31.10.1) with InstrumentationAnalysisTransform
Transforming android-test-plugin-host-logcat-proto-31.10.1.jar (com.android.tools.utp:android-test-plugin-host-logcat-proto:31.10.1) with InstrumentationAnalysisTransform
Transforming android-test-plugin-host-apk-installer-proto-31.10.1.jar (com.android.tools.utp:android-test-plugin-host-apk-installer-proto:31.10.1) with InstrumentationAnalysisTransform
Transforming transform-api-2.0.0-deprecated-use-gradle-api.jar (com.android.tools.build:transform-api:2.0.0-deprecated-use-gradle-api) with InstrumentationAnalysisTransform
Transforming httpmime-4.5.6.jar (org.apache.httpcomponents:httpmime:4.5.6) with InstrumentationAnalysisTransform
Transforming commons-io-2.16.1.jar (commons-io:commons-io:2.16.1) with InstrumentationAnalysisTransform
Transforming asm-commons-9.7.1.jar (org.ow2.asm:asm-commons:9.7.1) with InstrumentationAnalysisTransform
Transforming asm-util-9.7.1.jar (org.ow2.asm:asm-util:9.7.1) with InstrumentationAnalysisTransform
Transforming asm-analysis-9.7.1.jar (org.ow2.asm:asm-analysis:9.7.1) with InstrumentationAnalysisTransform
Transforming asm-tree-9.7.1.jar (org.ow2.asm:asm-tree:9.7.1) with InstrumentationAnalysisTransform
Transforming asm-9.7.1.jar (org.ow2.asm:asm:9.7.1) with InstrumentationAnalysisTransform
Transforming apkzlib-8.10.1.jar (com.android.tools.build:apkzlib:8.10.1) with InstrumentationAnalysisTransform
Transforming bcpkix-jdk18on-1.79.jar (org.bouncycastle:bcpkix-jdk18on:1.79) with InstrumentationAnalysisTransform
Transforming jaxb-runtime-2.3.2.jar (org.glassfish.jaxb:jaxb-runtime:2.3.2) with InstrumentationAnalysisTransform
Transforming jopt-simple-4.9.jar (net.sf.jopt-simple:jopt-simple:4.9) with InstrumentationAnalysisTransform
Transforming javapoet-1.10.0.jar (com.squareup:javapoet:1.10.0) with InstrumentationAnalysisTransform
Transforming grpc-protobuf-1.69.1.jar (io.grpc:grpc-protobuf:1.69.1) with InstrumentationAnalysisTransform
Transforming core-proto-0.0.9-alpha03.jar (com.google.testing.platform:core-proto:0.0.9-alpha03) with InstrumentationAnalysisTransform
Transforming protos-31.10.1.jar (com.android.tools.analytics-library:protos:31.10.1) with InstrumentationAnalysisTransform
Transforming proto-google-common-protos-2.48.0.jar (com.google.api.grpc:proto-google-common-protos:2.48.0) with InstrumentationAnalysisTransform
Transforming protobuf-java-3.25.5.jar (com.google.protobuf:protobuf-java:3.25.5) with InstrumentationAnalysisTransform
Transforming grpc-stub-1.69.1.jar (io.grpc:grpc-stub:1.69.1) with InstrumentationAnalysisTransform
Transforming tensorflow-lite-metadata-0.2.0.jar (org.tensorflow:tensorflow-lite-metadata:0.2.0) with InstrumentationAnalysisTransform
Transforming flatbuffers-java-1.12.0.jar (com.google.flatbuffers:flatbuffers-java:1.12.0) with InstrumentationAnalysisTransform
Transforming annotations-23.0.0.jar (org.jetbrains:annotations:23.0.0) with InstrumentationAnalysisTransform
Transforming jimfs-1.1.jar (com.google.jimfs:jimfs:1.1) with InstrumentationAnalysisTransform
Transforming grpc-context-1.69.1.jar (io.grpc:grpc-context:1.69.1) with InstrumentationAnalysisTransform
Transforming grpc-protobuf-lite-1.69.1.jar (io.grpc:grpc-protobuf-lite:1.69.1) with InstrumentationAnalysisTransform
Transforming grpc-api-1.69.1.jar (io.grpc:grpc-api:1.69.1) with InstrumentationAnalysisTransform
Transforming guava-33.3.1-jre.jar (com.google.guava:guava:33.3.1-jre) with InstrumentationAnalysisTransform
Transforming error_prone_annotations-2.30.0.jar (com.google.errorprone:error_prone_annotations:2.30.0) with InstrumentationAnalysisTransform
Transforming dagger-2.28.3.jar (com.google.dagger:dagger:2.28.3) with InstrumentationAnalysisTransform
Transforming javax.inject-1.jar (javax.inject:javax.inject:1) with InstrumentationAnalysisTransform
Transforming kxml2-2.3.0.jar (net.sf.kxml:kxml2:2.3.0) with InstrumentationAnalysisTransform
Transforming commons-compress-1.21.jar (org.apache.commons:commons-compress:1.21) with InstrumentationAnalysisTransform
Transforming bcutil-jdk18on-1.79.jar (org.bouncycastle:bcutil-jdk18on:1.79) with InstrumentationAnalysisTransform
Transforming bcprov-jdk18on-1.79.jar (org.bouncycastle:bcprov-jdk18on:1.79) with InstrumentationAnalysisTransform
Transforming httpclient-4.5.14.jar (org.apache.httpcomponents:httpclient:4.5.14) with InstrumentationAnalysisTransform
Transforming httpcore-4.4.16.jar (org.apache.httpcomponents:httpcore:4.4.16) with InstrumentationAnalysisTransform
Transforming javax.activation-1.2.0.jar (com.sun.activation:javax.activation:1.2.0) with InstrumentationAnalysisTransform
Transforming signflinger-8.10.1.jar (com.android:signflinger:8.10.1) with InstrumentationAnalysisTransform
Transforming zipflinger-8.10.1.jar (com.android:zipflinger:8.10.1) with InstrumentationAnalysisTransform
Transforming annotations-31.10.1.jar (com.android.tools:annotations:31.10.1) with InstrumentationAnalysisTransform
Transforming jna-platform-5.6.0.jar (net.java.dev.jna:jna-platform:5.6.0) with InstrumentationAnalysisTransform
Transforming juniversalchardet-1.0.3.jar (com.googlecode.juniversalchardet:juniversalchardet:1.0.3) with InstrumentationAnalysisTransform
Transforming javax.annotation-api-1.3.2.jar (javax.annotation:javax.annotation-api:1.3.2) with InstrumentationAnalysisTransform
Transforming stax-ex-1.8.1.jar (org.jvnet.staxex:stax-ex:1.8.1) with InstrumentationAnalysisTransform
Transforming jakarta.xml.bind-api-2.3.2.jar (jakarta.xml.bind:jakarta.xml.bind-api:2.3.2) with InstrumentationAnalysisTransform
Transforming txw2-2.3.2.jar (org.glassfish.jaxb:txw2:2.3.2) with InstrumentationAnalysisTransform
Transforming istack-commons-runtime-3.0.8.jar (com.sun.istack:istack-commons-runtime:3.0.8) with InstrumentationAnalysisTransform
Transforming FastInfoset-1.2.16.jar (com.sun.xml.fastinfoset:FastInfoset:1.2.16) with InstrumentationAnalysisTransform
Transforming jakarta.activation-api-1.2.1.jar (jakarta.activation:jakarta.activation-api:1.2.1) with InstrumentationAnalysisTransform
Transforming auto-value-annotations-1.6.2.jar (com.google.auto.value:auto-value-annotations:1.6.2) with InstrumentationAnalysisTransform
Transforming jose4j-0.9.5.jar (org.bitbucket.b_c:jose4j:0.9.5) with InstrumentationAnalysisTransform
Transforming slf4j-api-1.7.30.jar (org.slf4j:slf4j-api:1.7.30) with InstrumentationAnalysisTransform
Transforming jdom2-2.0.6.jar (org.jdom:jdom2:2.0.6) with InstrumentationAnalysisTransform
Transforming jsr305-3.0.2.jar (com.google.code.findbugs:jsr305:3.0.2) with InstrumentationAnalysisTransform
Transforming j2objc-annotations-3.0.0.jar (com.google.j2objc:j2objc-annotations:3.0.0) with InstrumentationAnalysisTransform
Transforming annotations-4.1.1.4.jar (com.google.android:annotations:4.1.1.4) with InstrumentationAnalysisTransform
Transforming animal-sniffer-annotations-1.24.jar (org.codehaus.mojo:animal-sniffer-annotations:1.24) with InstrumentationAnalysisTransform
Transforming perfmark-api-0.27.0.jar (io.perfmark:perfmark-api:0.27.0) with InstrumentationAnalysisTransform
Transforming netty-codec-http2-4.1.110.Final.jar (io.netty:netty-codec-http2:4.1.110.Final) with InstrumentationAnalysisTransform
Transforming netty-handler-proxy-4.1.110.Final.jar (io.netty:netty-handler-proxy:4.1.110.Final) with InstrumentationAnalysisTransform
Transforming netty-codec-http-4.1.110.Final.jar (io.netty:netty-codec-http:4.1.110.Final) with InstrumentationAnalysisTransform
Transforming netty-handler-4.1.110.Final.jar (io.netty:netty-handler:4.1.110.Final) with InstrumentationAnalysisTransform
Transforming netty-transport-native-unix-common-4.1.110.Final.jar (io.netty:netty-transport-native-unix-common:4.1.110.Final) with InstrumentationAnalysisTransform
Transforming checker-qual-3.43.0.jar (org.checkerframework:checker-qual:3.43.0) with InstrumentationAnalysisTransform
Transforming apksig-8.10.1.jar (com.android.tools.build:apksig:8.10.1) with InstrumentationAnalysisTransform
Transforming javawriter-2.5.0.jar (com.squareup:javawriter:2.5.0) with InstrumentationAnalysisTransform
Transforming failureaccess-1.0.2.jar (com.google.guava:failureaccess:1.0.2) with InstrumentationAnalysisTransform
Transforming listenablefuture-9999.0-empty-to-avoid-conflict-with-guava.jar (com.google.guava:listenablefuture:9999.0-empty-to-avoid-conflict-with-guava) with InstrumentationAnalysisTransform
Transforming commons-logging-1.2.jar (commons-logging:commons-logging:1.2) with InstrumentationAnalysisTransform
Transforming commons-codec-1.11.jar (commons-codec:commons-codec:1.11) with InstrumentationAnalysisTransform
Transforming jna-5.6.0.jar (net.java.dev.jna:jna:5.6.0) with InstrumentationAnalysisTransform
Transforming netty-codec-socks-4.1.110.Final.jar (io.netty:netty-codec-socks:4.1.110.Final) with InstrumentationAnalysisTransform
Transforming netty-codec-4.1.110.Final.jar (io.netty:netty-codec:4.1.110.Final) with InstrumentationAnalysisTransform
Transforming netty-transport-4.1.110.Final.jar (io.netty:netty-transport:4.1.110.Final) with InstrumentationAnalysisTransform
Transforming netty-buffer-4.1.110.Final.jar (io.netty:netty-buffer:4.1.110.Final) with InstrumentationAnalysisTransform
Transforming netty-resolver-4.1.110.Final.jar (io.netty:netty-resolver:4.1.110.Final) with InstrumentationAnalysisTransform
Transforming netty-common-4.1.110.Final.jar (io.netty:netty-common:4.1.110.Final) with InstrumentationAnalysisTransform
Transforming main (project :build-logic:plugins) with InstrumentationAnalysisTransform
Transforming main (project :build-logic:plugins) with InstrumentationAnalysisTransform
Transforming main (project :build-logic:plugins) with InstrumentationAnalysisTransform
Transforming main (project :build-logic:tools) with InstrumentationAnalysisTransform
Transforming main (project :build-logic:tools) with InstrumentationAnalysisTransform
Transforming classes with InstrumentationAnalysisTransform
Transforming classes with MergeInstrumentationAnalysisTransform
Transforming classes with InstrumentationAnalysisTransform
Transforming classes with MergeInstrumentationAnalysisTransform
Transforming kotlin-gradle-plugin-model-2.2.20.jar (org.jetbrains.kotlin:kotlin-gradle-plugin-model:2.2.20) with InstrumentationAnalysisTransform
Transforming classes with ExternalDependencyInstrumentingArtifactTransform
Transforming kotlin-gradle-plugin-model-2.2.20.jar (org.jetbrains.kotlin:kotlin-gradle-plugin-model:2.2.20) with MergeInstrumentationAnalysisTransform
Transforming fus-statistics-gradle-plugin-2.2.20-gradle811.jar (org.jetbrains.kotlin:fus-statistics-gradle-plugin:2.2.20) with InstrumentationAnalysisTransform
Transforming fus-statistics-gradle-plugin-2.2.20-gradle811.jar (org.jetbrains.kotlin:fus-statistics-gradle-plugin:2.2.20) with MergeInstrumentationAnalysisTransform
Transforming kotlin-gradle-plugin-model-2.2.20.jar (org.jetbrains.kotlin:kotlin-gradle-plugin-model:2.2.20) with ExternalDependencyInstrumentingArtifactTransform
Transforming kotlin-gradle-plugin-api-2.2.20.jar (org.jetbrains.kotlin:kotlin-gradle-plugin-api:2.2.20) with InstrumentationAnalysisTransform
Transforming classes with ExternalDependencyInstrumentingArtifactTransform
Transforming kotlin-gradle-plugin-api-2.2.20.jar (org.jetbrains.kotlin:kotlin-gradle-plugin-api:2.2.20) with MergeInstrumentationAnalysisTransform
Transforming kotlin-gradle-plugin-api-2.2.20-gradle811.jar (org.jetbrains.kotlin:kotlin-gradle-plugin-api:2.2.20) with InstrumentationAnalysisTransform
Transforming kotlin-gradle-plugin-api-2.2.20-gradle811.jar (org.jetbrains.kotlin:kotlin-gradle-plugin-api:2.2.20) with MergeInstrumentationAnalysisTransform
Transforming kotlin-gradle-plugin-2.2.20-gradle811.jar (org.jetbrains.kotlin:kotlin-gradle-plugin:2.2.20) with InstrumentationAnalysisTransform
Transforming kotlin-gradle-plugin-2.2.20-gradle811.jar (org.jetbrains.kotlin:kotlin-gradle-plugin:2.2.20) with MergeInstrumentationAnalysisTransform
Transforming ktlint-gradle-12.1.1.jar (org.jlleitschuh.gradle:ktlint-gradle:12.1.1) with InstrumentationAnalysisTransform
Transforming fus-statistics-gradle-plugin-2.2.20-gradle811.jar (org.jetbrains.kotlin:fus-statistics-gradle-plugin:2.2.20) with ExternalDependencyInstrumentingArtifactTransform
Transforming kotlin-gradle-plugin-2.2.20-gradle811.jar (org.jetbrains.kotlin:kotlin-gradle-plugin:2.2.20) with ExternalDependencyInstrumentingArtifactTransform
Transforming kotlin-gradle-plugin-api-2.2.20-gradle811.jar (org.jetbrains.kotlin:kotlin-gradle-plugin-api:2.2.20) with ExternalDependencyInstrumentingArtifactTransform
Transforming kotlin-gradle-plugin-api-2.2.20.jar (org.jetbrains.kotlin:kotlin-gradle-plugin-api:2.2.20) with ExternalDependencyInstrumentingArtifactTransform
Transforming ktlint-gradle-12.1.1.jar (org.jlleitschuh.gradle:ktlint-gradle:12.1.1) with MergeInstrumentationAnalysisTransform
Transforming kotlin-gradle-plugin-idea-proto-2.2.20.jar (org.jetbrains.kotlin:kotlin-gradle-plugin-idea-proto:2.2.20) with InstrumentationAnalysisTransform
Transforming kotlin-gradle-plugin-idea-proto-2.2.20.jar (org.jetbrains.kotlin:kotlin-gradle-plugin-idea-proto:2.2.20) with MergeInstrumentationAnalysisTransform
Transforming ktlint-gradle-12.1.1.jar (org.jlleitschuh.gradle:ktlint-gradle:12.1.1) with ExternalDependencyInstrumentingArtifactTransform
Transforming kotlin-gradle-plugin-idea-2.2.20.jar (org.jetbrains.kotlin:kotlin-gradle-plugin-idea:2.2.20) with InstrumentationAnalysisTransform
Transforming kotlin-gradle-plugin-idea-proto-2.2.20.jar (org.jetbrains.kotlin:kotlin-gradle-plugin-idea-proto:2.2.20) with ExternalDependencyInstrumentingArtifactTransform
Transforming kotlin-gradle-plugin-idea-2.2.20.jar (org.jetbrains.kotlin:kotlin-gradle-plugin-idea:2.2.20) with MergeInstrumentationAnalysisTransform
Transforming kotlin-klib-commonizer-api-2.2.20.jar (org.jetbrains.kotlin:kotlin-klib-commonizer-api:2.2.20) with InstrumentationAnalysisTransform
Transforming kotlin-klib-commonizer-api-2.2.20.jar (org.jetbrains.kotlin:kotlin-klib-commonizer-api:2.2.20) with MergeInstrumentationAnalysisTransform
Transforming kotlin-gradle-plugin-idea-2.2.20.jar (org.jetbrains.kotlin:kotlin-gradle-plugin-idea:2.2.20) with ExternalDependencyInstrumentingArtifactTransform
Transforming kotlin-build-statistics-2.2.20.jar (org.jetbrains.kotlin:kotlin-build-statistics:2.2.20) with InstrumentationAnalysisTransform
Transforming kotlin-klib-commonizer-api-2.2.20.jar (org.jetbrains.kotlin:kotlin-klib-commonizer-api:2.2.20) with ExternalDependencyInstrumentingArtifactTransform
Transforming kotlin-build-statistics-2.2.20.jar (org.jetbrains.kotlin:kotlin-build-statistics:2.2.20) with MergeInstrumentationAnalysisTransform
Transforming kotlin-util-klib-metadata-2.2.20.jar (org.jetbrains.kotlin:kotlin-util-klib-metadata:2.2.20) with InstrumentationAnalysisTransform
Transforming kotlin-util-klib-metadata-2.2.20.jar (org.jetbrains.kotlin:kotlin-util-klib-metadata:2.2.20) with MergeInstrumentationAnalysisTransform
Transforming kotlin-build-statistics-2.2.20.jar (org.jetbrains.kotlin:kotlin-build-statistics:2.2.20) with ExternalDependencyInstrumentingArtifactTransform
Transforming abi-tools-api-2.2.20.jar (org.jetbrains.kotlin:abi-tools-api:2.2.20) with InstrumentationAnalysisTransform
Transforming abi-tools-api-2.2.20.jar (org.jetbrains.kotlin:abi-tools-api:2.2.20) with MergeInstrumentationAnalysisTransform
Transforming kotlin-util-klib-metadata-2.2.20.jar (org.jetbrains.kotlin:kotlin-util-klib-metadata:2.2.20) with ExternalDependencyInstrumentingArtifactTransform
Transforming kotlin-compiler-runner-2.2.20.jar (org.jetbrains.kotlin:kotlin-compiler-runner:2.2.20) with InstrumentationAnalysisTransform
Transforming kotlin-compiler-runner-2.2.20.jar (org.jetbrains.kotlin:kotlin-compiler-runner:2.2.20) with MergeInstrumentationAnalysisTransform
Transforming gradle-8.10.1.jar (com.android.tools.build:gradle:8.10.1) with InstrumentationAnalysisTransform
Transforming gradle-8.10.1.jar (com.android.tools.build:gradle:8.10.1) with MergeInstrumentationAnalysisTransform
Transforming abi-tools-api-2.2.20.jar (org.jetbrains.kotlin:abi-tools-api:2.2.20) with ExternalDependencyInstrumentingArtifactTransform
Transforming kotlin-compiler-runner-2.2.20.jar (org.jetbrains.kotlin:kotlin-compiler-runner:2.2.20) with ExternalDependencyInstrumentingArtifactTransform
Transforming gradle-8.10.1.jar (com.android.tools.build:gradle:8.10.1) with ExternalDependencyInstrumentingArtifactTransform
Transforming gradle-settings-api-8.10.1.jar (com.android.tools.build:gradle-settings-api:8.10.1) with InstrumentationAnalysisTransform
Transforming gradle-settings-api-8.10.1.jar (com.android.tools.build:gradle-settings-api:8.10.1) with MergeInstrumentationAnalysisTransform
Transforming lint-model-31.10.1.jar (com.android.tools.lint:lint-model:31.10.1) with InstrumentationAnalysisTransform
Transforming lint-model-31.10.1.jar (com.android.tools.lint:lint-model:31.10.1) with MergeInstrumentationAnalysisTransform
Transforming builder-8.10.1.jar (com.android.tools.build:builder:8.10.1) with InstrumentationAnalysisTransform
Transforming builder-8.10.1.jar (com.android.tools.build:builder:8.10.1) with MergeInstrumentationAnalysisTransform
Transforming manifest-merger-31.10.1.jar (com.android.tools.build:manifest-merger:31.10.1) with InstrumentationAnalysisTransform
Transforming gradle-settings-api-8.10.1.jar (com.android.tools.build:gradle-settings-api:8.10.1) with ExternalDependencyInstrumentingArtifactTransform
Transforming manifest-merger-31.10.1.jar (com.android.tools.build:manifest-merger:31.10.1) with MergeInstrumentationAnalysisTransform
Transforming sdk-common-31.10.1.jar (com.android.tools:sdk-common:31.10.1) with InstrumentationAnalysisTransform
Transforming sdk-common-31.10.1.jar (com.android.tools:sdk-common:31.10.1) with MergeInstrumentationAnalysisTransform
Transforming sdklib-31.10.1.jar (com.android.tools:sdklib:31.10.1) with InstrumentationAnalysisTransform
Transforming builder-8.10.1.jar (com.android.tools.build:builder:8.10.1) with ExternalDependencyInstrumentingArtifactTransform
Transforming sdklib-31.10.1.jar (com.android.tools:sdklib:31.10.1) with MergeInstrumentationAnalysisTransform
Transforming repository-31.10.1.jar (com.android.tools:repository:31.10.1) with InstrumentationAnalysisTransform
Transforming sdk-common-31.10.1.jar (com.android.tools:sdk-common:31.10.1) with ExternalDependencyInstrumentingArtifactTransform
Transforming repository-31.10.1.jar (com.android.tools:repository:31.10.1) with MergeInstrumentationAnalysisTransform
Transforming aaptcompiler-8.10.1.jar (com.android.tools.build:aaptcompiler:8.10.1) with InstrumentationAnalysisTransform
Transforming aaptcompiler-8.10.1.jar (com.android.tools.build:aaptcompiler:8.10.1) with MergeInstrumentationAnalysisTransform
Transforming lint-model-31.10.1.jar (com.android.tools.lint:lint-model:31.10.1) with ExternalDependencyInstrumentingArtifactTransform
Transforming repository-31.10.1.jar (com.android.tools:repository:31.10.1) with ExternalDependencyInstrumentingArtifactTransform
Transforming sdklib-31.10.1.jar (com.android.tools:sdklib:31.10.1) with ExternalDependencyInstrumentingArtifactTransform
Transforming manifest-merger-31.10.1.jar (com.android.tools.build:manifest-merger:31.10.1) with ExternalDependencyInstrumentingArtifactTransform
Transforming tracker-31.10.1.jar (com.android.tools.analytics-library:tracker:31.10.1) with InstrumentationAnalysisTransform
Transforming aaptcompiler-8.10.1.jar (com.android.tools.build:aaptcompiler:8.10.1) with ExternalDependencyInstrumentingArtifactTransform
Transforming tracker-31.10.1.jar (com.android.tools.analytics-library:tracker:31.10.1) with MergeInstrumentationAnalysisTransform
Transforming shared-31.10.1.jar (com.android.tools.analytics-library:shared:31.10.1) with InstrumentationAnalysisTransform
Transforming shared-31.10.1.jar (com.android.tools.analytics-library:shared:31.10.1) with MergeInstrumentationAnalysisTransform
Transforming databinding-compiler-common-8.10.1.jar (androidx.databinding:databinding-compiler-common:8.10.1) with InstrumentationAnalysisTransform
Transforming databinding-compiler-common-8.10.1.jar (androidx.databinding:databinding-compiler-common:8.10.1) with MergeInstrumentationAnalysisTransform
Transforming android-test-plugin-host-emulator-control-proto-31.10.1.jar (com.android.tools.utp:android-test-plugin-host-emulator-control-proto:31.10.1) with InstrumentationAnalysisTransform
Transforming android-test-plugin-host-emulator-control-proto-31.10.1.jar (com.android.tools.utp:android-test-plugin-host-emulator-control-proto:31.10.1) with MergeInstrumentationAnalysisTransform
Transforming tracker-31.10.1.jar (com.android.tools.analytics-library:tracker:31.10.1) with ExternalDependencyInstrumentingArtifactTransform
Transforming shared-31.10.1.jar (com.android.tools.analytics-library:shared:31.10.1) with ExternalDependencyInstrumentingArtifactTransform
Transforming builder-model-8.10.1.jar (com.android.tools.build:builder-model:8.10.1) with InstrumentationAnalysisTransform
Transforming databinding-compiler-common-8.10.1.jar (androidx.databinding:databinding-compiler-common:8.10.1) with ExternalDependencyInstrumentingArtifactTransform
Transforming builder-model-8.10.1.jar (com.android.tools.build:builder-model:8.10.1) with MergeInstrumentationAnalysisTransform
Transforming android-test-plugin-host-emulator-control-proto-31.10.1.jar (com.android.tools.utp:android-test-plugin-host-emulator-control-proto:31.10.1) with ExternalDependencyInstrumentingArtifactTransform
Transforming gradle-api-8.10.1.jar (com.android.tools.build:gradle-api:8.10.1) with InstrumentationAnalysisTransform
Transforming gradle-api-8.10.1.jar (com.android.tools.build:gradle-api:8.10.1) with MergeInstrumentationAnalysisTransform
Transforming builder-model-8.10.1.jar (com.android.tools.build:builder-model:8.10.1) with ExternalDependencyInstrumentingArtifactTransform
Transforming builder-test-api-8.10.1.jar (com.android.tools.build:builder-test-api:8.10.1) with InstrumentationAnalysisTransform
Transforming builder-test-api-8.10.1.jar (com.android.tools.build:builder-test-api:8.10.1) with MergeInstrumentationAnalysisTransform
Transforming gradle-api-8.10.1.jar (com.android.tools.build:gradle-api:8.10.1) with ExternalDependencyInstrumentingArtifactTransform
Transforming ddmlib-31.10.1.jar (com.android.tools.ddms:ddmlib:31.10.1) with InstrumentationAnalysisTransform
Transforming builder-test-api-8.10.1.jar (com.android.tools.build:builder-test-api:8.10.1) with ExternalDependencyInstrumentingArtifactTransform
Transforming ddmlib-31.10.1.jar (com.android.tools.ddms:ddmlib:31.10.1) with MergeInstrumentationAnalysisTransform
Transforming layoutlib-api-31.10.1.jar (com.android.tools.layoutlib:layoutlib-api:31.10.1) with InstrumentationAnalysisTransform
Transforming layoutlib-api-31.10.1.jar (com.android.tools.layoutlib:layoutlib-api:31.10.1) with MergeInstrumentationAnalysisTransform
Transforming dvlib-31.10.1.jar (com.android.tools:dvlib:31.10.1) with InstrumentationAnalysisTransform
Transforming dvlib-31.10.1.jar (com.android.tools:dvlib:31.10.1) with MergeInstrumentationAnalysisTransform
Transforming common-31.10.1.jar (com.android.tools:common:31.10.1) with InstrumentationAnalysisTransform
Transforming common-31.10.1.jar (com.android.tools:common:31.10.1) with MergeInstrumentationAnalysisTransform
Transforming dvlib-31.10.1.jar (com.android.tools:dvlib:31.10.1) with ExternalDependencyInstrumentingArtifactTransform
Transforming kotlin-stdlib-jdk8-2.1.0.jar (org.jetbrains.kotlin:kotlin-stdlib-jdk8:2.1.0) with InstrumentationAnalysisTransform
Transforming layoutlib-api-31.10.1.jar (com.android.tools.layoutlib:layoutlib-api:31.10.1) with ExternalDependencyInstrumentingArtifactTransform
Transforming kotlin-stdlib-jdk8-2.1.0.jar (org.jetbrains.kotlin:kotlin-stdlib-jdk8:2.1.0) with MergeInstrumentationAnalysisTransform
Transforming jetifier-processor-1.0.0-beta10.jar (com.android.tools.build.jetifier:jetifier-processor:1.0.0-beta10) with InstrumentationAnalysisTransform
Transforming jetifier-processor-1.0.0-beta10.jar (com.android.tools.build.jetifier:jetifier-processor:1.0.0-beta10) with MergeInstrumentationAnalysisTransform
Transforming kotlin-stdlib-jdk8-2.1.0.jar (org.jetbrains.kotlin:kotlin-stdlib-jdk8:2.1.0) with ExternalDependencyInstrumentingArtifactTransform
Transforming jetifier-core-1.0.0-beta10.jar (com.android.tools.build.jetifier:jetifier-core:1.0.0-beta10) with InstrumentationAnalysisTransform
Transforming common-31.10.1.jar (com.android.tools:common:31.10.1) with ExternalDependencyInstrumentingArtifactTransform
Transforming jetifier-core-1.0.0-beta10.jar (com.android.tools.build.jetifier:jetifier-core:1.0.0-beta10) with MergeInstrumentationAnalysisTransform
Transforming jetifier-processor-1.0.0-beta10.jar (com.android.tools.build.jetifier:jetifier-processor:1.0.0-beta10) with ExternalDependencyInstrumentingArtifactTransform
Transforming kotlin-reflect-2.1.0.jar (org.jetbrains.kotlin:kotlin-reflect:2.1.0) with InstrumentationAnalysisTransform
Transforming ddmlib-31.10.1.jar (com.android.tools.ddms:ddmlib:31.10.1) with ExternalDependencyInstrumentingArtifactTransform
Transforming kotlin-reflect-2.1.0.jar (org.jetbrains.kotlin:kotlin-reflect:2.1.0) with MergeInstrumentationAnalysisTransform
Transforming kotlin-stdlib-jdk7-2.1.0.jar (org.jetbrains.kotlin:kotlin-stdlib-jdk7:2.1.0) with InstrumentationAnalysisTransform
Transforming kotlin-stdlib-jdk7-2.1.0.jar (org.jetbrains.kotlin:kotlin-stdlib-jdk7:2.1.0) with MergeInstrumentationAnalysisTransform
Transforming kotlin-reflect-2.1.0.jar (org.jetbrains.kotlin:kotlin-reflect:2.1.0) with ExternalDependencyInstrumentingArtifactTransform
Transforming kotlin-stdlib-2.2.20.jar (org.jetbrains.kotlin:kotlin-stdlib:2.2.20) with InstrumentationAnalysisTransform
Transforming jetifier-core-1.0.0-beta10.jar (com.android.tools.build.jetifier:jetifier-core:1.0.0-beta10) with ExternalDependencyInstrumentingArtifactTransform
Transforming kotlin-stdlib-2.2.20.jar (org.jetbrains.kotlin:kotlin-stdlib:2.2.20) with MergeInstrumentationAnalysisTransform
Transforming dnsjava-2.1.9.jar (dnsjava:dnsjava:2.1.9) with InstrumentationAnalysisTransform
Transforming kotlin-stdlib-jdk7-2.1.0.jar (org.jetbrains.kotlin:kotlin-stdlib-jdk7:2.1.0) with ExternalDependencyInstrumentingArtifactTransform
Transforming dnsjava-2.1.9.jar (dnsjava:dnsjava:2.1.9) with MergeInstrumentationAnalysisTransform
Transforming kotlin-gradle-plugin-annotations-2.2.20.jar (org.jetbrains.kotlin:kotlin-gradle-plugin-annotations:2.2.20) with InstrumentationAnalysisTransform
Transforming kotlin-stdlib-2.2.20.jar (org.jetbrains.kotlin:kotlin-stdlib:2.2.20) with ExternalDependencyInstrumentingArtifactTransform
Transforming kotlin-gradle-plugin-annotations-2.2.20.jar (org.jetbrains.kotlin:kotlin-gradle-plugin-annotations:2.2.20) with MergeInstrumentationAnalysisTransform
Transforming dnsjava-2.1.9.jar (dnsjava:dnsjava:2.1.9) with ExternalDependencyInstrumentingArtifactTransform
Transforming kotlin-native-utils-2.2.20.jar (org.jetbrains.kotlin:kotlin-native-utils:2.2.20) with InstrumentationAnalysisTransform
Transforming kotlin-gradle-plugin-annotations-2.2.20.jar (org.jetbrains.kotlin:kotlin-gradle-plugin-annotations:2.2.20) with ExternalDependencyInstrumentingArtifactTransform
Transforming kotlin-native-utils-2.2.20.jar (org.jetbrains.kotlin:kotlin-native-utils:2.2.20) with MergeInstrumentationAnalysisTransform
Transforming kotlin-tooling-core-2.2.20.jar (org.jetbrains.kotlin:kotlin-tooling-core:2.2.20) with InstrumentationAnalysisTransform
Transforming kotlin-tooling-core-2.2.20.jar (org.jetbrains.kotlin:kotlin-tooling-core:2.2.20) with MergeInstrumentationAnalysisTransform
Transforming kotlin-native-utils-2.2.20.jar (org.jetbrains.kotlin:kotlin-native-utils:2.2.20) with ExternalDependencyInstrumentingArtifactTransform
Transforming kotlin-build-tools-api-2.2.20.jar (org.jetbrains.kotlin:kotlin-build-tools-api:2.2.20) with InstrumentationAnalysisTransform
Transforming kotlin-build-tools-api-2.2.20.jar (org.jetbrains.kotlin:kotlin-build-tools-api:2.2.20) with MergeInstrumentationAnalysisTransform
Transforming android-test-plugin-result-listener-gradle-proto-31.10.1.jar (com.android.tools.utp:android-test-plugin-result-listener-gradle-proto:31.10.1) with InstrumentationAnalysisTransform
Transforming kotlin-tooling-core-2.2.20.jar (org.jetbrains.kotlin:kotlin-tooling-core:2.2.20) with ExternalDependencyInstrumentingArtifactTransform
Transforming android-test-plugin-result-listener-gradle-proto-31.10.1.jar (com.android.tools.utp:android-test-plugin-result-listener-gradle-proto:31.10.1) with MergeInstrumentationAnalysisTransform
Transforming bundletool-1.18.0.jar (com.android.tools.build:bundletool:1.18.0) with InstrumentationAnalysisTransform
Transforming bundletool-1.18.0.jar (com.android.tools.build:bundletool:1.18.0) with MergeInstrumentationAnalysisTransform
Transforming protobuf-java-util-3.25.5.jar (com.google.protobuf:protobuf-java-util:3.25.5) with InstrumentationAnalysisTransform
Transforming kotlin-build-tools-api-2.2.20.jar (org.jetbrains.kotlin:kotlin-build-tools-api:2.2.20) with ExternalDependencyInstrumentingArtifactTransform
Transforming protobuf-java-util-3.25.5.jar (com.google.protobuf:protobuf-java-util:3.25.5) with MergeInstrumentationAnalysisTransform
Transforming grpc-netty-1.69.1.jar (io.grpc:grpc-netty:1.69.1) with InstrumentationAnalysisTransform
Transforming grpc-netty-1.69.1.jar (io.grpc:grpc-netty:1.69.1) with MergeInstrumentationAnalysisTransform
Transforming grpc-inprocess-1.69.1.jar (io.grpc:grpc-inprocess:1.69.1) with InstrumentationAnalysisTransform
Transforming android-test-plugin-result-listener-gradle-proto-31.10.1.jar (com.android.tools.utp:android-test-plugin-result-listener-gradle-proto:31.10.1) with ExternalDependencyInstrumentingArtifactTransform
Transforming grpc-inprocess-1.69.1.jar (io.grpc:grpc-inprocess:1.69.1) with MergeInstrumentationAnalysisTransform
Transforming grpc-util-1.69.1.jar (io.grpc:grpc-util:1.69.1) with InstrumentationAnalysisTransform
Transforming grpc-util-1.69.1.jar (io.grpc:grpc-util:1.69.1) with MergeInstrumentationAnalysisTransform
Transforming grpc-core-1.69.1.jar (io.grpc:grpc-core:1.69.1) with InstrumentationAnalysisTransform
Transforming grpc-core-1.69.1.jar (io.grpc:grpc-core:1.69.1) with MergeInstrumentationAnalysisTransform
Transforming tink-1.7.0.jar (com.google.crypto.tink:tink:1.7.0) with InstrumentationAnalysisTransform
Transforming grpc-inprocess-1.69.1.jar (io.grpc:grpc-inprocess:1.69.1) with ExternalDependencyInstrumentingArtifactTransform
Transforming tink-1.7.0.jar (com.google.crypto.tink:tink:1.7.0) with MergeInstrumentationAnalysisTransform
Transforming bundletool-1.18.0.jar (com.android.tools.build:bundletool:1.18.0) with ExternalDependencyInstrumentingArtifactTransform
Transforming gson-2.11.0.jar (com.google.code.gson:gson:2.11.0) with InstrumentationAnalysisTransform
Transforming protobuf-java-util-3.25.5.jar (com.google.protobuf:protobuf-java-util:3.25.5) with ExternalDependencyInstrumentingArtifactTransform
Transforming tink-1.7.0.jar (com.google.crypto.tink:tink:1.7.0) with ExternalDependencyInstrumentingArtifactTransform
Transforming gson-2.11.0.jar (com.google.code.gson:gson:2.11.0) with MergeInstrumentationAnalysisTransform
Transforming grpc-util-1.69.1.jar (io.grpc:grpc-util:1.69.1) with ExternalDependencyInstrumentingArtifactTransform
Transforming grpc-netty-1.69.1.jar (io.grpc:grpc-netty:1.69.1) with ExternalDependencyInstrumentingArtifactTransform
Transforming kotlin-util-klib-2.2.20.jar (org.jetbrains.kotlin:kotlin-util-klib:2.2.20) with InstrumentationAnalysisTransform
Transforming gson-2.11.0.jar (com.google.code.gson:gson:2.11.0) with ExternalDependencyInstrumentingArtifactTransform
Transforming grpc-core-1.69.1.jar (io.grpc:grpc-core:1.69.1) with ExternalDependencyInstrumentingArtifactTransform
Transforming kotlin-util-klib-2.2.20.jar (org.jetbrains.kotlin:kotlin-util-klib:2.2.20) with MergeInstrumentationAnalysisTransform
Transforming kotlin-util-io-2.2.20.jar (org.jetbrains.kotlin:kotlin-util-io:2.2.20) with InstrumentationAnalysisTransform
Transforming kotlin-util-io-2.2.20.jar (org.jetbrains.kotlin:kotlin-util-io:2.2.20) with MergeInstrumentationAnalysisTransform
Transforming kotlin-daemon-client-2.2.20.jar (org.jetbrains.kotlin:kotlin-daemon-client:2.2.20) with InstrumentationAnalysisTransform
Transforming kotlin-util-klib-2.2.20.jar (org.jetbrains.kotlin:kotlin-util-klib:2.2.20) with ExternalDependencyInstrumentingArtifactTransform
Transforming kotlin-daemon-client-2.2.20.jar (org.jetbrains.kotlin:kotlin-daemon-client:2.2.20) with MergeInstrumentationAnalysisTransform
Transforming kotlinx-coroutines-core-jvm-1.8.0.jar (org.jetbrains.kotlinx:kotlinx-coroutines-core-jvm:1.8.0) with InstrumentationAnalysisTransform
Transforming kotlin-util-io-2.2.20.jar (org.jetbrains.kotlin:kotlin-util-io:2.2.20) with ExternalDependencyInstrumentingArtifactTransform
Transforming kotlinx-coroutines-core-jvm-1.8.0.jar (org.jetbrains.kotlinx:kotlinx-coroutines-core-jvm:1.8.0) with MergeInstrumentationAnalysisTransform
Transforming kotlin-daemon-client-2.2.20.jar (org.jetbrains.kotlin:kotlin-daemon-client:2.2.20) with ExternalDependencyInstrumentingArtifactTransform
Transforming aapt2-proto-8.10.1-12782657.jar (com.android.tools.build:aapt2-proto:8.10.1-12782657) with InstrumentationAnalysisTransform
Transforming aapt2-proto-8.10.1-12782657.jar (com.android.tools.build:aapt2-proto:8.10.1-12782657) with MergeInstrumentationAnalysisTransform
Transforming kotlinx-coroutines-core-jvm-1.8.0.jar (org.jetbrains.kotlinx:kotlinx-coroutines-core-jvm:1.8.0) with ExternalDependencyInstrumentingArtifactTransform
Transforming crash-31.10.1.jar (com.android.tools.analytics-library:crash:31.10.1) with InstrumentationAnalysisTransform
Transforming crash-31.10.1.jar (com.android.tools.analytics-library:crash:31.10.1) with MergeInstrumentationAnalysisTransform
Transforming lint-typedef-remover-31.10.1.jar (com.android.tools.lint:lint-typedef-remover:31.10.1) with InstrumentationAnalysisTransform
Transforming aapt2-proto-8.10.1-12782657.jar (com.android.tools.build:aapt2-proto:8.10.1-12782657) with ExternalDependencyInstrumentingArtifactTransform
Transforming lint-typedef-remover-31.10.1.jar (com.android.tools.lint:lint-typedef-remover:31.10.1) with MergeInstrumentationAnalysisTransform
Transforming crash-31.10.1.jar (com.android.tools.analytics-library:crash:31.10.1) with ExternalDependencyInstrumentingArtifactTransform
Transforming databinding-common-8.10.1.jar (androidx.databinding:databinding-common:8.10.1) with InstrumentationAnalysisTransform
Transforming lint-typedef-remover-31.10.1.jar (com.android.tools.lint:lint-typedef-remover:31.10.1) with ExternalDependencyInstrumentingArtifactTransform
Transforming databinding-common-8.10.1.jar (androidx.databinding:databinding-common:8.10.1) with MergeInstrumentationAnalysisTransform
Transforming baseLibrary-8.10.1.jar (com.android.databinding:baseLibrary:8.10.1) with InstrumentationAnalysisTransform
Transforming baseLibrary-8.10.1.jar (com.android.databinding:baseLibrary:8.10.1) with MergeInstrumentationAnalysisTransform
Transforming android-device-provider-ddmlib-proto-31.10.1.jar (com.android.tools.utp:android-device-provider-ddmlib-proto:31.10.1) with InstrumentationAnalysisTransform
Transforming databinding-common-8.10.1.jar (androidx.databinding:databinding-common:8.10.1) with ExternalDependencyInstrumentingArtifactTransform
Transforming android-device-provider-ddmlib-proto-31.10.1.jar (com.android.tools.utp:android-device-provider-ddmlib-proto:31.10.1) with MergeInstrumentationAnalysisTransform
Transforming android-device-provider-gradle-proto-31.10.1.jar (com.android.tools.utp:android-device-provider-gradle-proto:31.10.1) with InstrumentationAnalysisTransform
Transforming baseLibrary-8.10.1.jar (com.android.databinding:baseLibrary:8.10.1) with ExternalDependencyInstrumentingArtifactTransform
Transforming android-device-provider-ddmlib-proto-31.10.1.jar (com.android.tools.utp:android-device-provider-ddmlib-proto:31.10.1) with ExternalDependencyInstrumentingArtifactTransform
Transforming android-device-provider-gradle-proto-31.10.1.jar (com.android.tools.utp:android-device-provider-gradle-proto:31.10.1) with MergeInstrumentationAnalysisTransform
Transforming android-device-provider-profile-proto-31.10.1.jar (com.android.tools.utp:android-device-provider-profile-proto:31.10.1) with InstrumentationAnalysisTransform
Transforming android-device-provider-gradle-proto-31.10.1.jar (com.android.tools.utp:android-device-provider-gradle-proto:31.10.1) with ExternalDependencyInstrumentingArtifactTransform
Transforming android-device-provider-profile-proto-31.10.1.jar (com.android.tools.utp:android-device-provider-profile-proto:31.10.1) with MergeInstrumentationAnalysisTransform
Transforming android-test-plugin-host-additional-test-output-proto-31.10.1.jar (com.android.tools.utp:android-test-plugin-host-additional-test-output-proto:31.10.1) with InstrumentationAnalysisTransform
Transforming android-test-plugin-host-additional-test-output-proto-31.10.1.jar (com.android.tools.utp:android-test-plugin-host-additional-test-output-proto:31.10.1) with MergeInstrumentationAnalysisTransform
Transforming android-test-plugin-host-coverage-proto-31.10.1.jar (com.android.tools.utp:android-test-plugin-host-coverage-proto:31.10.1) with InstrumentationAnalysisTransform
Transforming android-device-provider-profile-proto-31.10.1.jar (com.android.tools.utp:android-device-provider-profile-proto:31.10.1) with ExternalDependencyInstrumentingArtifactTransform
Transforming android-test-plugin-host-coverage-proto-31.10.1.jar (com.android.tools.utp:android-test-plugin-host-coverage-proto:31.10.1) with MergeInstrumentationAnalysisTransform
Transforming android-test-plugin-host-logcat-proto-31.10.1.jar (com.android.tools.utp:android-test-plugin-host-logcat-proto:31.10.1) with InstrumentationAnalysisTransform
Transforming android-test-plugin-host-logcat-proto-31.10.1.jar (com.android.tools.utp:android-test-plugin-host-logcat-proto:31.10.1) with MergeInstrumentationAnalysisTransform
Transforming android-test-plugin-host-apk-installer-proto-31.10.1.jar (com.android.tools.utp:android-test-plugin-host-apk-installer-proto:31.10.1) with InstrumentationAnalysisTransform
Transforming android-test-plugin-host-coverage-proto-31.10.1.jar (com.android.tools.utp:android-test-plugin-host-coverage-proto:31.10.1) with ExternalDependencyInstrumentingArtifactTransform
Transforming android-test-plugin-host-apk-installer-proto-31.10.1.jar (com.android.tools.utp:android-test-plugin-host-apk-installer-proto:31.10.1) with MergeInstrumentationAnalysisTransform
Transforming android-test-plugin-host-additional-test-output-proto-31.10.1.jar (com.android.tools.utp:android-test-plugin-host-additional-test-output-proto:31.10.1) with ExternalDependencyInstrumentingArtifactTransform
Transforming transform-api-2.0.0-deprecated-use-gradle-api.jar (com.android.tools.build:transform-api:2.0.0-deprecated-use-gradle-api) with InstrumentationAnalysisTransform
Transforming android-test-plugin-host-logcat-proto-31.10.1.jar (com.android.tools.utp:android-test-plugin-host-logcat-proto:31.10.1) with ExternalDependencyInstrumentingArtifactTransform
Transforming android-test-plugin-host-apk-installer-proto-31.10.1.jar (com.android.tools.utp:android-test-plugin-host-apk-installer-proto:31.10.1) with ExternalDependencyInstrumentingArtifactTransform
Transforming transform-api-2.0.0-deprecated-use-gradle-api.jar (com.android.tools.build:transform-api:2.0.0-deprecated-use-gradle-api) with MergeInstrumentationAnalysisTransform
Transforming httpmime-4.5.6.jar (org.apache.httpcomponents:httpmime:4.5.6) with InstrumentationAnalysisTransform
Transforming httpmime-4.5.6.jar (org.apache.httpcomponents:httpmime:4.5.6) with MergeInstrumentationAnalysisTransform
Transforming transform-api-2.0.0-deprecated-use-gradle-api.jar (com.android.tools.build:transform-api:2.0.0-deprecated-use-gradle-api) with ExternalDependencyInstrumentingArtifactTransform
Transforming commons-io-2.16.1.jar (commons-io:commons-io:2.16.1) with InstrumentationAnalysisTransform
Transforming commons-io-2.16.1.jar (commons-io:commons-io:2.16.1) with MergeInstrumentationAnalysisTransform
Transforming asm-commons-9.7.1.jar (org.ow2.asm:asm-commons:9.7.1) with InstrumentationAnalysisTransform
Transforming httpmime-4.5.6.jar (org.apache.httpcomponents:httpmime:4.5.6) with ExternalDependencyInstrumentingArtifactTransform
Transforming asm-commons-9.7.1.jar (org.ow2.asm:asm-commons:9.7.1) with MergeInstrumentationAnalysisTransform
Transforming commons-io-2.16.1.jar (commons-io:commons-io:2.16.1) with ExternalDependencyInstrumentingArtifactTransform
Transforming asm-util-9.7.1.jar (org.ow2.asm:asm-util:9.7.1) with InstrumentationAnalysisTransform
Transforming asm-util-9.7.1.jar (org.ow2.asm:asm-util:9.7.1) with MergeInstrumentationAnalysisTransform
Transforming asm-commons-9.7.1.jar (org.ow2.asm:asm-commons:9.7.1) with ExternalDependencyInstrumentingArtifactTransform
Transforming asm-analysis-9.7.1.jar (org.ow2.asm:asm-analysis:9.7.1) with InstrumentationAnalysisTransform
Transforming asm-analysis-9.7.1.jar (org.ow2.asm:asm-analysis:9.7.1) with MergeInstrumentationAnalysisTransform
Transforming asm-util-9.7.1.jar (org.ow2.asm:asm-util:9.7.1) with ExternalDependencyInstrumentingArtifactTransform
Transforming asm-tree-9.7.1.jar (org.ow2.asm:asm-tree:9.7.1) with InstrumentationAnalysisTransform
Transforming asm-tree-9.7.1.jar (org.ow2.asm:asm-tree:9.7.1) with MergeInstrumentationAnalysisTransform
Transforming asm-9.7.1.jar (org.ow2.asm:asm:9.7.1) with InstrumentationAnalysisTransform
Transforming asm-analysis-9.7.1.jar (org.ow2.asm:asm-analysis:9.7.1) with ExternalDependencyInstrumentingArtifactTransform
Transforming asm-9.7.1.jar (org.ow2.asm:asm:9.7.1) with MergeInstrumentationAnalysisTransform
Transforming apkzlib-8.10.1.jar (com.android.tools.build:apkzlib:8.10.1) with InstrumentationAnalysisTransform
Transforming asm-tree-9.7.1.jar (org.ow2.asm:asm-tree:9.7.1) with ExternalDependencyInstrumentingArtifactTransform
Transforming apkzlib-8.10.1.jar (com.android.tools.build:apkzlib:8.10.1) with MergeInstrumentationAnalysisTransform
Transforming bcpkix-jdk18on-1.79.jar (org.bouncycastle:bcpkix-jdk18on:1.79) with InstrumentationAnalysisTransform
Transforming asm-9.7.1.jar (org.ow2.asm:asm:9.7.1) with ExternalDependencyInstrumentingArtifactTransform
Transforming bcpkix-jdk18on-1.79.jar (org.bouncycastle:bcpkix-jdk18on:1.79) with MergeInstrumentationAnalysisTransform
Transforming jaxb-runtime-2.3.2.jar (org.glassfish.jaxb:jaxb-runtime:2.3.2) with InstrumentationAnalysisTransform
Transforming apkzlib-8.10.1.jar (com.android.tools.build:apkzlib:8.10.1) with ExternalDependencyInstrumentingArtifactTransform
Transforming jaxb-runtime-2.3.2.jar (org.glassfish.jaxb:jaxb-runtime:2.3.2) with MergeInstrumentationAnalysisTransform
Transforming jopt-simple-4.9.jar (net.sf.jopt-simple:jopt-simple:4.9) with InstrumentationAnalysisTransform
Transforming bcpkix-jdk18on-1.79.jar (org.bouncycastle:bcpkix-jdk18on:1.79) with ExternalDependencyInstrumentingArtifactTransform
Transforming jopt-simple-4.9.jar (net.sf.jopt-simple:jopt-simple:4.9) with MergeInstrumentationAnalysisTransform
Transforming javapoet-1.10.0.jar (com.squareup:javapoet:1.10.0) with InstrumentationAnalysisTransform
Transforming jaxb-runtime-2.3.2.jar (org.glassfish.jaxb:jaxb-runtime:2.3.2) with ExternalDependencyInstrumentingArtifactTransform
Transforming javapoet-1.10.0.jar (com.squareup:javapoet:1.10.0) with MergeInstrumentationAnalysisTransform
Transforming grpc-protobuf-1.69.1.jar (io.grpc:grpc-protobuf:1.69.1) with InstrumentationAnalysisTransform
Transforming jopt-simple-4.9.jar (net.sf.jopt-simple:jopt-simple:4.9) with ExternalDependencyInstrumentingArtifactTransform
Transforming grpc-protobuf-1.69.1.jar (io.grpc:grpc-protobuf:1.69.1) with MergeInstrumentationAnalysisTransform
Transforming core-proto-0.0.9-alpha03.jar (com.google.testing.platform:core-proto:0.0.9-alpha03) with InstrumentationAnalysisTransform
Transforming javapoet-1.10.0.jar (com.squareup:javapoet:1.10.0) with ExternalDependencyInstrumentingArtifactTransform
Transforming core-proto-0.0.9-alpha03.jar (com.google.testing.platform:core-proto:0.0.9-alpha03) with MergeInstrumentationAnalysisTransform
Transforming grpc-protobuf-1.69.1.jar (io.grpc:grpc-protobuf:1.69.1) with ExternalDependencyInstrumentingArtifactTransform
Transforming protos-31.10.1.jar (com.android.tools.analytics-library:protos:31.10.1) with InstrumentationAnalysisTransform
Transforming protos-31.10.1.jar (com.android.tools.analytics-library:protos:31.10.1) with MergeInstrumentationAnalysisTransform
Transforming proto-google-common-protos-2.48.0.jar (com.google.api.grpc:proto-google-common-protos:2.48.0) with InstrumentationAnalysisTransform
Transforming core-proto-0.0.9-alpha03.jar (com.google.testing.platform:core-proto:0.0.9-alpha03) with ExternalDependencyInstrumentingArtifactTransform
Transforming proto-google-common-protos-2.48.0.jar (com.google.api.grpc:proto-google-common-protos:2.48.0) with MergeInstrumentationAnalysisTransform
Transforming protobuf-java-3.25.5.jar (com.google.protobuf:protobuf-java:3.25.5) with InstrumentationAnalysisTransform
Transforming protos-31.10.1.jar (com.android.tools.analytics-library:protos:31.10.1) with ExternalDependencyInstrumentingArtifactTransform
Transforming protobuf-java-3.25.5.jar (com.google.protobuf:protobuf-java:3.25.5) with MergeInstrumentationAnalysisTransform
Transforming grpc-stub-1.69.1.jar (io.grpc:grpc-stub:1.69.1) with InstrumentationAnalysisTransform
Transforming proto-google-common-protos-2.48.0.jar (com.google.api.grpc:proto-google-common-protos:2.48.0) with ExternalDependencyInstrumentingArtifactTransform
Transforming grpc-stub-1.69.1.jar (io.grpc:grpc-stub:1.69.1) with MergeInstrumentationAnalysisTransform
Transforming tensorflow-lite-metadata-0.2.0.jar (org.tensorflow:tensorflow-lite-metadata:0.2.0) with InstrumentationAnalysisTransform
Transforming protobuf-java-3.25.5.jar (com.google.protobuf:protobuf-java:3.25.5) with ExternalDependencyInstrumentingArtifactTransform
Transforming tensorflow-lite-metadata-0.2.0.jar (org.tensorflow:tensorflow-lite-metadata:0.2.0) with MergeInstrumentationAnalysisTransform
Transforming grpc-stub-1.69.1.jar (io.grpc:grpc-stub:1.69.1) with ExternalDependencyInstrumentingArtifactTransform
Transforming flatbuffers-java-1.12.0.jar (com.google.flatbuffers:flatbuffers-java:1.12.0) with InstrumentationAnalysisTransform
Transforming flatbuffers-java-1.12.0.jar (com.google.flatbuffers:flatbuffers-java:1.12.0) with MergeInstrumentationAnalysisTransform
Transforming tensorflow-lite-metadata-0.2.0.jar (org.tensorflow:tensorflow-lite-metadata:0.2.0) with ExternalDependencyInstrumentingArtifactTransform
Transforming annotations-23.0.0.jar (org.jetbrains:annotations:23.0.0) with InstrumentationAnalysisTransform
Transforming annotations-23.0.0.jar (org.jetbrains:annotations:23.0.0) with MergeInstrumentationAnalysisTransform
Transforming jimfs-1.1.jar (com.google.jimfs:jimfs:1.1) with InstrumentationAnalysisTransform
Transforming jimfs-1.1.jar (com.google.jimfs:jimfs:1.1) with MergeInstrumentationAnalysisTransform
Transforming annotations-23.0.0.jar (org.jetbrains:annotations:23.0.0) with ExternalDependencyInstrumentingArtifactTransform
Transforming grpc-context-1.69.1.jar (io.grpc:grpc-context:1.69.1) with InstrumentationAnalysisTransform
Transforming grpc-context-1.69.1.jar (io.grpc:grpc-context:1.69.1) with MergeInstrumentationAnalysisTransform
Transforming jimfs-1.1.jar (com.google.jimfs:jimfs:1.1) with ExternalDependencyInstrumentingArtifactTransform
Transforming grpc-protobuf-lite-1.69.1.jar (io.grpc:grpc-protobuf-lite:1.69.1) with InstrumentationAnalysisTransform
Transforming flatbuffers-java-1.12.0.jar (com.google.flatbuffers:flatbuffers-java:1.12.0) with ExternalDependencyInstrumentingArtifactTransform
Transforming grpc-protobuf-lite-1.69.1.jar (io.grpc:grpc-protobuf-lite:1.69.1) with MergeInstrumentationAnalysisTransform
Transforming grpc-context-1.69.1.jar (io.grpc:grpc-context:1.69.1) with ExternalDependencyInstrumentingArtifactTransform
Transforming grpc-api-1.69.1.jar (io.grpc:grpc-api:1.69.1) with InstrumentationAnalysisTransform
Transforming grpc-api-1.69.1.jar (io.grpc:grpc-api:1.69.1) with MergeInstrumentationAnalysisTransform
Transforming guava-33.3.1-jre.jar (com.google.guava:guava:33.3.1-jre) with InstrumentationAnalysisTransform
Transforming grpc-protobuf-lite-1.69.1.jar (io.grpc:grpc-protobuf-lite:1.69.1) with ExternalDependencyInstrumentingArtifactTransform
Transforming guava-33.3.1-jre.jar (com.google.guava:guava:33.3.1-jre) with MergeInstrumentationAnalysisTransform
Transforming error_prone_annotations-2.30.0.jar (com.google.errorprone:error_prone_annotations:2.30.0) with InstrumentationAnalysisTransform
Transforming grpc-api-1.69.1.jar (io.grpc:grpc-api:1.69.1) with ExternalDependencyInstrumentingArtifactTransform
Transforming error_prone_annotations-2.30.0.jar (com.google.errorprone:error_prone_annotations:2.30.0) with MergeInstrumentationAnalysisTransform
Transforming dagger-2.28.3.jar (com.google.dagger:dagger:2.28.3) with InstrumentationAnalysisTransform
Transforming guava-33.3.1-jre.jar (com.google.guava:guava:33.3.1-jre) with ExternalDependencyInstrumentingArtifactTransform
Transforming dagger-2.28.3.jar (com.google.dagger:dagger:2.28.3) with MergeInstrumentationAnalysisTransform
Transforming javax.inject-1.jar (javax.inject:javax.inject:1) with InstrumentationAnalysisTransform
Transforming error_prone_annotations-2.30.0.jar (com.google.errorprone:error_prone_annotations:2.30.0) with ExternalDependencyInstrumentingArtifactTransform
Transforming javax.inject-1.jar (javax.inject:javax.inject:1) with MergeInstrumentationAnalysisTransform
Transforming kxml2-2.3.0.jar (net.sf.kxml:kxml2:2.3.0) with InstrumentationAnalysisTransform
Transforming dagger-2.28.3.jar (com.google.dagger:dagger:2.28.3) with ExternalDependencyInstrumentingArtifactTransform
Transforming kxml2-2.3.0.jar (net.sf.kxml:kxml2:2.3.0) with MergeInstrumentationAnalysisTransform
Transforming commons-compress-1.21.jar (org.apache.commons:commons-compress:1.21) with InstrumentationAnalysisTransform
Transforming javax.inject-1.jar (javax.inject:javax.inject:1) with ExternalDependencyInstrumentingArtifactTransform
Transforming commons-compress-1.21.jar (org.apache.commons:commons-compress:1.21) with MergeInstrumentationAnalysisTransform
Transforming kxml2-2.3.0.jar (net.sf.kxml:kxml2:2.3.0) with ExternalDependencyInstrumentingArtifactTransform
Transforming bcutil-jdk18on-1.79.jar (org.bouncycastle:bcutil-jdk18on:1.79) with InstrumentationAnalysisTransform
Transforming bcutil-jdk18on-1.79.jar (org.bouncycastle:bcutil-jdk18on:1.79) with MergeInstrumentationAnalysisTransform
Transforming bcprov-jdk18on-1.79.jar (org.bouncycastle:bcprov-jdk18on:1.79) with InstrumentationAnalysisTransform
Transforming commons-compress-1.21.jar (org.apache.commons:commons-compress:1.21) with ExternalDependencyInstrumentingArtifactTransform
Transforming bcprov-jdk18on-1.79.jar (org.bouncycastle:bcprov-jdk18on:1.79) with MergeInstrumentationAnalysisTransform
Transforming httpclient-4.5.14.jar (org.apache.httpcomponents:httpclient:4.5.14) with InstrumentationAnalysisTransform
Transforming bcutil-jdk18on-1.79.jar (org.bouncycastle:bcutil-jdk18on:1.79) with ExternalDependencyInstrumentingArtifactTransform
Transforming httpclient-4.5.14.jar (org.apache.httpcomponents:httpclient:4.5.14) with MergeInstrumentationAnalysisTransform
Transforming bcprov-jdk18on-1.79.jar (org.bouncycastle:bcprov-jdk18on:1.79) with ExternalDependencyInstrumentingArtifactTransform
Transforming httpcore-4.4.16.jar (org.apache.httpcomponents:httpcore:4.4.16) with InstrumentationAnalysisTransform
Transforming httpcore-4.4.16.jar (org.apache.httpcomponents:httpcore:4.4.16) with MergeInstrumentationAnalysisTransform
Transforming javax.activation-1.2.0.jar (com.sun.activation:javax.activation:1.2.0) with InstrumentationAnalysisTransform
Transforming httpclient-4.5.14.jar (org.apache.httpcomponents:httpclient:4.5.14) with ExternalDependencyInstrumentingArtifactTransform
Transforming javax.activation-1.2.0.jar (com.sun.activation:javax.activation:1.2.0) with MergeInstrumentationAnalysisTransform
Transforming httpcore-4.4.16.jar (org.apache.httpcomponents:httpcore:4.4.16) with ExternalDependencyInstrumentingArtifactTransform
Transforming signflinger-8.10.1.jar (com.android:signflinger:8.10.1) with InstrumentationAnalysisTransform
Transforming signflinger-8.10.1.jar (com.android:signflinger:8.10.1) with MergeInstrumentationAnalysisTransform
Transforming javax.activation-1.2.0.jar (com.sun.activation:javax.activation:1.2.0) with ExternalDependencyInstrumentingArtifactTransform
Transforming zipflinger-8.10.1.jar (com.android:zipflinger:8.10.1) with InstrumentationAnalysisTransform
Transforming zipflinger-8.10.1.jar (com.android:zipflinger:8.10.1) with MergeInstrumentationAnalysisTransform
Transforming signflinger-8.10.1.jar (com.android:signflinger:8.10.1) with ExternalDependencyInstrumentingArtifactTransform
Transforming annotations-31.10.1.jar (com.android.tools:annotations:31.10.1) with InstrumentationAnalysisTransform
Transforming annotations-31.10.1.jar (com.android.tools:annotations:31.10.1) with MergeInstrumentationAnalysisTransform
Transforming jna-platform-5.6.0.jar (net.java.dev.jna:jna-platform:5.6.0) with InstrumentationAnalysisTransform
Transforming zipflinger-8.10.1.jar (com.android:zipflinger:8.10.1) with ExternalDependencyInstrumentingArtifactTransform
Transforming annotations-31.10.1.jar (com.android.tools:annotations:31.10.1) with ExternalDependencyInstrumentingArtifactTransform
Transforming jna-platform-5.6.0.jar (net.java.dev.jna:jna-platform:5.6.0) with MergeInstrumentationAnalysisTransform
Transforming juniversalchardet-1.0.3.jar (com.googlecode.juniversalchardet:juniversalchardet:1.0.3) with InstrumentationAnalysisTransform
Transforming juniversalchardet-1.0.3.jar (com.googlecode.juniversalchardet:juniversalchardet:1.0.3) with MergeInstrumentationAnalysisTransform
Transforming javax.annotation-api-1.3.2.jar (javax.annotation:javax.annotation-api:1.3.2) with InstrumentationAnalysisTransform
Transforming jna-platform-5.6.0.jar (net.java.dev.jna:jna-platform:5.6.0) with ExternalDependencyInstrumentingArtifactTransform
Transforming juniversalchardet-1.0.3.jar (com.googlecode.juniversalchardet:juniversalchardet:1.0.3) with ExternalDependencyInstrumentingArtifactTransform
Transforming javax.annotation-api-1.3.2.jar (javax.annotation:javax.annotation-api:1.3.2) with MergeInstrumentationAnalysisTransform
Transforming stax-ex-1.8.1.jar (org.jvnet.staxex:stax-ex:1.8.1) with InstrumentationAnalysisTransform
Transforming stax-ex-1.8.1.jar (org.jvnet.staxex:stax-ex:1.8.1) with MergeInstrumentationAnalysisTransform
Transforming jakarta.xml.bind-api-2.3.2.jar (jakarta.xml.bind:jakarta.xml.bind-api:2.3.2) with InstrumentationAnalysisTransform
Transforming javax.annotation-api-1.3.2.jar (javax.annotation:javax.annotation-api:1.3.2) with ExternalDependencyInstrumentingArtifactTransform
Transforming jakarta.xml.bind-api-2.3.2.jar (jakarta.xml.bind:jakarta.xml.bind-api:2.3.2) with MergeInstrumentationAnalysisTransform
Transforming txw2-2.3.2.jar (org.glassfish.jaxb:txw2:2.3.2) with InstrumentationAnalysisTransform
Transforming txw2-2.3.2.jar (org.glassfish.jaxb:txw2:2.3.2) with MergeInstrumentationAnalysisTransform
Transforming istack-commons-runtime-3.0.8.jar (com.sun.istack:istack-commons-runtime:3.0.8) with InstrumentationAnalysisTransform
Transforming jakarta.xml.bind-api-2.3.2.jar (jakarta.xml.bind:jakarta.xml.bind-api:2.3.2) with ExternalDependencyInstrumentingArtifactTransform
Transforming istack-commons-runtime-3.0.8.jar (com.sun.istack:istack-commons-runtime:3.0.8) with MergeInstrumentationAnalysisTransform
Transforming stax-ex-1.8.1.jar (org.jvnet.staxex:stax-ex:1.8.1) with ExternalDependencyInstrumentingArtifactTransform
Transforming txw2-2.3.2.jar (org.glassfish.jaxb:txw2:2.3.2) with ExternalDependencyInstrumentingArtifactTransform
Transforming FastInfoset-1.2.16.jar (com.sun.xml.fastinfoset:FastInfoset:1.2.16) with InstrumentationAnalysisTransform
Transforming FastInfoset-1.2.16.jar (com.sun.xml.fastinfoset:FastInfoset:1.2.16) with MergeInstrumentationAnalysisTransform
Transforming istack-commons-runtime-3.0.8.jar (com.sun.istack:istack-commons-runtime:3.0.8) with ExternalDependencyInstrumentingArtifactTransform
Transforming jakarta.activation-api-1.2.1.jar (jakarta.activation:jakarta.activation-api:1.2.1) with InstrumentationAnalysisTransform
Transforming FastInfoset-1.2.16.jar (com.sun.xml.fastinfoset:FastInfoset:1.2.16) with ExternalDependencyInstrumentingArtifactTransform
Transforming jakarta.activation-api-1.2.1.jar (jakarta.activation:jakarta.activation-api:1.2.1) with MergeInstrumentationAnalysisTransform
Transforming auto-value-annotations-1.6.2.jar (com.google.auto.value:auto-value-annotations:1.6.2) with InstrumentationAnalysisTransform
Transforming jakarta.activation-api-1.2.1.jar (jakarta.activation:jakarta.activation-api:1.2.1) with ExternalDependencyInstrumentingArtifactTransform
Transforming auto-value-annotations-1.6.2.jar (com.google.auto.value:auto-value-annotations:1.6.2) with MergeInstrumentationAnalysisTransform
Transforming jose4j-0.9.5.jar (org.bitbucket.b_c:jose4j:0.9.5) with InstrumentationAnalysisTransform
Transforming auto-value-annotations-1.6.2.jar (com.google.auto.value:auto-value-annotations:1.6.2) with ExternalDependencyInstrumentingArtifactTransform
Transforming jose4j-0.9.5.jar (org.bitbucket.b_c:jose4j:0.9.5) with MergeInstrumentationAnalysisTransform
Transforming slf4j-api-1.7.30.jar (org.slf4j:slf4j-api:1.7.30) with InstrumentationAnalysisTransform
Transforming slf4j-api-1.7.30.jar (org.slf4j:slf4j-api:1.7.30) with MergeInstrumentationAnalysisTransform
Transforming jdom2-2.0.6.jar (org.jdom:jdom2:2.0.6) with InstrumentationAnalysisTransform
Transforming jose4j-0.9.5.jar (org.bitbucket.b_c:jose4j:0.9.5) with ExternalDependencyInstrumentingArtifactTransform
Transforming jdom2-2.0.6.jar (org.jdom:jdom2:2.0.6) with MergeInstrumentationAnalysisTransform
Transforming jsr305-3.0.2.jar (com.google.code.findbugs:jsr305:3.0.2) with InstrumentationAnalysisTransform
Transforming slf4j-api-1.7.30.jar (org.slf4j:slf4j-api:1.7.30) with ExternalDependencyInstrumentingArtifactTransform
Transforming jsr305-3.0.2.jar (com.google.code.findbugs:jsr305:3.0.2) with MergeInstrumentationAnalysisTransform
Transforming j2objc-annotations-3.0.0.jar (com.google.j2objc:j2objc-annotations:3.0.0) with InstrumentationAnalysisTransform
Transforming jdom2-2.0.6.jar (org.jdom:jdom2:2.0.6) with ExternalDependencyInstrumentingArtifactTransform
Transforming j2objc-annotations-3.0.0.jar (com.google.j2objc:j2objc-annotations:3.0.0) with MergeInstrumentationAnalysisTransform
Transforming annotations-4.1.1.4.jar (com.google.android:annotations:4.1.1.4) with InstrumentationAnalysisTransform
Transforming jsr305-3.0.2.jar (com.google.code.findbugs:jsr305:3.0.2) with ExternalDependencyInstrumentingArtifactTransform
Transforming annotations-4.1.1.4.jar (com.google.android:annotations:4.1.1.4) with MergeInstrumentationAnalysisTransform
Transforming animal-sniffer-annotations-1.24.jar (org.codehaus.mojo:animal-sniffer-annotations:1.24) with InstrumentationAnalysisTransform
Transforming annotations-4.1.1.4.jar (com.google.android:annotations:4.1.1.4) with ExternalDependencyInstrumentingArtifactTransform
Transforming animal-sniffer-annotations-1.24.jar (org.codehaus.mojo:animal-sniffer-annotations:1.24) with MergeInstrumentationAnalysisTransform
Transforming perfmark-api-0.27.0.jar (io.perfmark:perfmark-api:0.27.0) with InstrumentationAnalysisTransform
Transforming j2objc-annotations-3.0.0.jar (com.google.j2objc:j2objc-annotations:3.0.0) with ExternalDependencyInstrumentingArtifactTransform
Transforming perfmark-api-0.27.0.jar (io.perfmark:perfmark-api:0.27.0) with MergeInstrumentationAnalysisTransform
Transforming animal-sniffer-annotations-1.24.jar (org.codehaus.mojo:animal-sniffer-annotations:1.24) with ExternalDependencyInstrumentingArtifactTransform
Transforming netty-codec-http2-4.1.110.Final.jar (io.netty:netty-codec-http2:4.1.110.Final) with InstrumentationAnalysisTransform
Transforming perfmark-api-0.27.0.jar (io.perfmark:perfmark-api:0.27.0) with ExternalDependencyInstrumentingArtifactTransform
Transforming netty-codec-http2-4.1.110.Final.jar (io.netty:netty-codec-http2:4.1.110.Final) with MergeInstrumentationAnalysisTransform
Transforming netty-handler-proxy-4.1.110.Final.jar (io.netty:netty-handler-proxy:4.1.110.Final) with InstrumentationAnalysisTransform
Transforming netty-handler-proxy-4.1.110.Final.jar (io.netty:netty-handler-proxy:4.1.110.Final) with MergeInstrumentationAnalysisTransform
Transforming netty-codec-http-4.1.110.Final.jar (io.netty:netty-codec-http:4.1.110.Final) with InstrumentationAnalysisTransform
Transforming netty-codec-http2-4.1.110.Final.jar (io.netty:netty-codec-http2:4.1.110.Final) with ExternalDependencyInstrumentingArtifactTransform
Transforming netty-codec-http-4.1.110.Final.jar (io.netty:netty-codec-http:4.1.110.Final) with MergeInstrumentationAnalysisTransform
Transforming netty-handler-4.1.110.Final.jar (io.netty:netty-handler:4.1.110.Final) with InstrumentationAnalysisTransform
Transforming netty-handler-proxy-4.1.110.Final.jar (io.netty:netty-handler-proxy:4.1.110.Final) with ExternalDependencyInstrumentingArtifactTransform
Transforming netty-handler-4.1.110.Final.jar (io.netty:netty-handler:4.1.110.Final) with MergeInstrumentationAnalysisTransform
Transforming netty-codec-http-4.1.110.Final.jar (io.netty:netty-codec-http:4.1.110.Final) with ExternalDependencyInstrumentingArtifactTransform
Transforming netty-transport-native-unix-common-4.1.110.Final.jar (io.netty:netty-transport-native-unix-common:4.1.110.Final) with InstrumentationAnalysisTransform
Transforming netty-transport-native-unix-common-4.1.110.Final.jar (io.netty:netty-transport-native-unix-common:4.1.110.Final) with MergeInstrumentationAnalysisTransform
Transforming checker-qual-3.43.0.jar (org.checkerframework:checker-qual:3.43.0) with InstrumentationAnalysisTransform
Transforming netty-handler-4.1.110.Final.jar (io.netty:netty-handler:4.1.110.Final) with ExternalDependencyInstrumentingArtifactTransform
Transforming checker-qual-3.43.0.jar (org.checkerframework:checker-qual:3.43.0) with MergeInstrumentationAnalysisTransform
Transforming apksig-8.10.1.jar (com.android.tools.build:apksig:8.10.1) with InstrumentationAnalysisTransform
Transforming netty-transport-native-unix-common-4.1.110.Final.jar (io.netty:netty-transport-native-unix-common:4.1.110.Final) with ExternalDependencyInstrumentingArtifactTransform
Transforming apksig-8.10.1.jar (com.android.tools.build:apksig:8.10.1) with MergeInstrumentationAnalysisTransform
Transforming checker-qual-3.43.0.jar (org.checkerframework:checker-qual:3.43.0) with ExternalDependencyInstrumentingArtifactTransform
Transforming javawriter-2.5.0.jar (com.squareup:javawriter:2.5.0) with InstrumentationAnalysisTransform
Transforming javawriter-2.5.0.jar (com.squareup:javawriter:2.5.0) with MergeInstrumentationAnalysisTransform
Transforming failureaccess-1.0.2.jar (com.google.guava:failureaccess:1.0.2) with InstrumentationAnalysisTransform
Transforming apksig-8.10.1.jar (com.android.tools.build:apksig:8.10.1) with ExternalDependencyInstrumentingArtifactTransform
Transforming failureaccess-1.0.2.jar (com.google.guava:failureaccess:1.0.2) with MergeInstrumentationAnalysisTransform
Transforming javawriter-2.5.0.jar (com.squareup:javawriter:2.5.0) with ExternalDependencyInstrumentingArtifactTransform
Transforming listenablefuture-9999.0-empty-to-avoid-conflict-with-guava.jar (com.google.guava:listenablefuture:9999.0-empty-to-avoid-conflict-with-guava) with InstrumentationAnalysisTransform
Transforming failureaccess-1.0.2.jar (com.google.guava:failureaccess:1.0.2) with ExternalDependencyInstrumentingArtifactTransform
Transforming listenablefuture-9999.0-empty-to-avoid-conflict-with-guava.jar (com.google.guava:listenablefuture:9999.0-empty-to-avoid-conflict-with-guava) with MergeInstrumentationAnalysisTransform
Transforming commons-logging-1.2.jar (commons-logging:commons-logging:1.2) with InstrumentationAnalysisTransform
Transforming commons-logging-1.2.jar (commons-logging:commons-logging:1.2) with MergeInstrumentationAnalysisTransform
Transforming commons-codec-1.11.jar (commons-codec:commons-codec:1.11) with InstrumentationAnalysisTransform
Transforming listenablefuture-9999.0-empty-to-avoid-conflict-with-guava.jar (com.google.guava:listenablefuture:9999.0-empty-to-avoid-conflict-with-guava) with ExternalDependencyInstrumentingArtifactTransform
Transforming commons-codec-1.11.jar (commons-codec:commons-codec:1.11) with MergeInstrumentationAnalysisTransform
Transforming jna-5.6.0.jar (net.java.dev.jna:jna:5.6.0) with InstrumentationAnalysisTransform
Transforming commons-logging-1.2.jar (commons-logging:commons-logging:1.2) with ExternalDependencyInstrumentingArtifactTransform
Transforming jna-5.6.0.jar (net.java.dev.jna:jna:5.6.0) with MergeInstrumentationAnalysisTransform
Transforming netty-codec-socks-4.1.110.Final.jar (io.netty:netty-codec-socks:4.1.110.Final) with InstrumentationAnalysisTransform
Transforming netty-codec-socks-4.1.110.Final.jar (io.netty:netty-codec-socks:4.1.110.Final) with MergeInstrumentationAnalysisTransform
Transforming netty-codec-4.1.110.Final.jar (io.netty:netty-codec:4.1.110.Final) with InstrumentationAnalysisTransform
Transforming commons-codec-1.11.jar (commons-codec:commons-codec:1.11) with ExternalDependencyInstrumentingArtifactTransform
Transforming netty-codec-4.1.110.Final.jar (io.netty:netty-codec:4.1.110.Final) with MergeInstrumentationAnalysisTransform
Transforming jna-5.6.0.jar (net.java.dev.jna:jna:5.6.0) with ExternalDependencyInstrumentingArtifactTransform
Transforming netty-transport-4.1.110.Final.jar (io.netty:netty-transport:4.1.110.Final) with InstrumentationAnalysisTransform
Transforming netty-codec-socks-4.1.110.Final.jar (io.netty:netty-codec-socks:4.1.110.Final) with ExternalDependencyInstrumentingArtifactTransform
Transforming netty-transport-4.1.110.Final.jar (io.netty:netty-transport:4.1.110.Final) with MergeInstrumentationAnalysisTransform
Transforming netty-codec-4.1.110.Final.jar (io.netty:netty-codec:4.1.110.Final) with ExternalDependencyInstrumentingArtifactTransform
Transforming netty-buffer-4.1.110.Final.jar (io.netty:netty-buffer:4.1.110.Final) with InstrumentationAnalysisTransform
Transforming netty-buffer-4.1.110.Final.jar (io.netty:netty-buffer:4.1.110.Final) with MergeInstrumentationAnalysisTransform
Transforming netty-resolver-4.1.110.Final.jar (io.netty:netty-resolver:4.1.110.Final) with InstrumentationAnalysisTransform
Transforming netty-transport-4.1.110.Final.jar (io.netty:netty-transport:4.1.110.Final) with ExternalDependencyInstrumentingArtifactTransform
Transforming netty-resolver-4.1.110.Final.jar (io.netty:netty-resolver:4.1.110.Final) with MergeInstrumentationAnalysisTransform
Transforming netty-buffer-4.1.110.Final.jar (io.netty:netty-buffer:4.1.110.Final) with ExternalDependencyInstrumentingArtifactTransform
Transforming netty-common-4.1.110.Final.jar (io.netty:netty-common:4.1.110.Final) with InstrumentationAnalysisTransform
Transforming netty-common-4.1.110.Final.jar (io.netty:netty-common:4.1.110.Final) with MergeInstrumentationAnalysisTransform
Transforming netty-resolver-4.1.110.Final.jar (io.netty:netty-resolver:4.1.110.Final) with ExternalDependencyInstrumentingArtifactTransform
Transforming netty-common-4.1.110.Final.jar (io.netty:netty-common:4.1.110.Final) with ExternalDependencyInstrumentingArtifactTransform
Transforming plugins.jar (project :build-logic:plugins) with ProjectDependencyInstrumentingArtifactTransform
Transforming tools.jar (project :build-logic:tools) with ProjectDependencyInstrumentingArtifactTransform
Using default execution profile
Using Kotlin Gradle Plugin gradle811 variant
Detected Android Gradle Plugin compose compiler configuration
Detected Android Gradle Plugin compose compiler configuration
Detected Android Gradle Plugin compose compiler configuration
Detected Android Gradle Plugin compose compiler configuration
Detected Android Gradle Plugin compose compiler configuration

> Configure project :libsignal-service
Evaluating project ':libsignal-service' using build file '/home/lollerfirst/Signal-Android/libsignal-service/build.gradle.kts'.
Using Kotlin Gradle Plugin gradle811 variant
kotlin scripting plugin: created the scripting discovery configuration: kotlinScriptDef
kotlin scripting plugin: created the scripting discovery configuration: testKotlinScriptDef
kotlin scripting plugin: created the scripting discovery configuration: testFixturesKotlinScriptDef

> Configure project :lintchecks
Evaluating project ':lintchecks' using build file '/home/lollerfirst/Signal-Android/lintchecks/build.gradle.kts'.
Using Kotlin Gradle Plugin gradle811 variant
kotlin scripting plugin: created the scripting discovery configuration: kotlinScriptDef
kotlin scripting plugin: created the scripting discovery configuration: testKotlinScriptDef

> Configure project :microbenchmark
Evaluating project ':microbenchmark' using build file '/home/lollerfirst/Signal-Android/microbenchmark/build.gradle.kts'.
Transforming classes with InstrumentationAnalysisTransform
Transforming classes with InstrumentationAnalysisTransform
Transforming gradle-8.10.1.jar (com.android.tools.build:gradle:8.10.1) with InstrumentationAnalysisTransform
Transforming gradle-settings-api-8.10.1.jar (com.android.tools.build:gradle-settings-api:8.10.1) with InstrumentationAnalysisTransform
Transforming lint-model-31.10.1.jar (com.android.tools.lint:lint-model:31.10.1) with InstrumentationAnalysisTransform
Transforming builder-8.10.1.jar (com.android.tools.build:builder:8.10.1) with InstrumentationAnalysisTransform
Transforming manifest-merger-31.10.1.jar (com.android.tools.build:manifest-merger:31.10.1) with InstrumentationAnalysisTransform
Transforming sdk-common-31.10.1.jar (com.android.tools:sdk-common:31.10.1) with InstrumentationAnalysisTransform
Transforming sdklib-31.10.1.jar (com.android.tools:sdklib:31.10.1) with InstrumentationAnalysisTransform
Transforming repository-31.10.1.jar (com.android.tools:repository:31.10.1) with InstrumentationAnalysisTransform
Transforming aaptcompiler-8.10.1.jar (com.android.tools.build:aaptcompiler:8.10.1) with InstrumentationAnalysisTransform
Transforming tracker-31.10.1.jar (com.android.tools.analytics-library:tracker:31.10.1) with InstrumentationAnalysisTransform
Transforming shared-31.10.1.jar (com.android.tools.analytics-library:shared:31.10.1) with InstrumentationAnalysisTransform
Transforming databinding-compiler-common-8.10.1.jar (androidx.databinding:databinding-compiler-common:8.10.1) with InstrumentationAnalysisTransform
Transforming android-test-plugin-host-emulator-control-proto-31.10.1.jar (com.android.tools.utp:android-test-plugin-host-emulator-control-proto:31.10.1) with InstrumentationAnalysisTransform
Transforming builder-model-8.10.1.jar (com.android.tools.build:builder-model:8.10.1) with InstrumentationAnalysisTransform
Transforming gradle-api-8.10.1.jar (com.android.tools.build:gradle-api:8.10.1) with InstrumentationAnalysisTransform
Transforming builder-test-api-8.10.1.jar (com.android.tools.build:builder-test-api:8.10.1) with InstrumentationAnalysisTransform
Transforming ddmlib-31.10.1.jar (com.android.tools.ddms:ddmlib:31.10.1) with InstrumentationAnalysisTransform
Transforming layoutlib-api-31.10.1.jar (com.android.tools.layoutlib:layoutlib-api:31.10.1) with InstrumentationAnalysisTransform
Transforming dvlib-31.10.1.jar (com.android.tools:dvlib:31.10.1) with InstrumentationAnalysisTransform
Transforming common-31.10.1.jar (com.android.tools:common:31.10.1) with InstrumentationAnalysisTransform
Transforming kotlin-stdlib-jdk8-2.1.0.jar (org.jetbrains.kotlin:kotlin-stdlib-jdk8:2.1.0) with InstrumentationAnalysisTransform
Transforming jetifier-processor-1.0.0-beta10.jar (com.android.tools.build.jetifier:jetifier-processor:1.0.0-beta10) with InstrumentationAnalysisTransform
Transforming jetifier-core-1.0.0-beta10.jar (com.android.tools.build.jetifier:jetifier-core:1.0.0-beta10) with InstrumentationAnalysisTransform
Transforming kotlin-reflect-2.0.20.jar (org.jetbrains.kotlin:kotlin-reflect:2.0.20) with InstrumentationAnalysisTransform
Transforming kotlin-stdlib-jdk7-2.1.0.jar (org.jetbrains.kotlin:kotlin-stdlib-jdk7:2.1.0) with InstrumentationAnalysisTransform
Transforming kotlin-stdlib-2.0.20.jar (org.jetbrains.kotlin:kotlin-stdlib:2.0.20) with InstrumentationAnalysisTransform
Transforming annotations-13.0.jar (org.jetbrains:annotations:13.0) with InstrumentationAnalysisTransform
Transforming kotlin-gradle-plugin-model-2.2.20.jar (org.jetbrains.kotlin:kotlin-gradle-plugin-model:2.2.20) with InstrumentationAnalysisTransform
Transforming fus-statistics-gradle-plugin-2.2.20-gradle811.jar (org.jetbrains.kotlin:fus-statistics-gradle-plugin:2.2.20) with InstrumentationAnalysisTransform
Transforming kotlin-gradle-plugin-api-2.2.20.jar (org.jetbrains.kotlin:kotlin-gradle-plugin-api:2.2.20) with InstrumentationAnalysisTransform
Transforming kotlin-gradle-plugin-api-2.2.20-gradle811.jar (org.jetbrains.kotlin:kotlin-gradle-plugin-api:2.2.20) with InstrumentationAnalysisTransform
Transforming kotlin-gradle-plugin-2.2.20-gradle811.jar (org.jetbrains.kotlin:kotlin-gradle-plugin:2.2.20) with InstrumentationAnalysisTransform
Transforming ktlint-gradle-12.1.1.jar (org.jlleitschuh.gradle:ktlint-gradle:12.1.1) with InstrumentationAnalysisTransform
Transforming kotlin-gradle-plugin-idea-proto-2.2.20.jar (org.jetbrains.kotlin:kotlin-gradle-plugin-idea-proto:2.2.20) with InstrumentationAnalysisTransform
Transforming kotlin-gradle-plugin-idea-2.2.20.jar (org.jetbrains.kotlin:kotlin-gradle-plugin-idea:2.2.20) with InstrumentationAnalysisTransform
Transforming kotlin-klib-commonizer-api-2.2.20.jar (org.jetbrains.kotlin:kotlin-klib-commonizer-api:2.2.20) with InstrumentationAnalysisTransform
Transforming kotlin-build-statistics-2.2.20.jar (org.jetbrains.kotlin:kotlin-build-statistics:2.2.20) with InstrumentationAnalysisTransform
Transforming kotlin-util-klib-metadata-2.2.20.jar (org.jetbrains.kotlin:kotlin-util-klib-metadata:2.2.20) with InstrumentationAnalysisTransform
Transforming abi-tools-api-2.2.20.jar (org.jetbrains.kotlin:abi-tools-api:2.2.20) with InstrumentationAnalysisTransform
Transforming kotlin-compiler-runner-2.2.20.jar (org.jetbrains.kotlin:kotlin-compiler-runner:2.2.20) with InstrumentationAnalysisTransform
Transforming dnsjava-2.1.9.jar (dnsjava:dnsjava:2.1.9) with InstrumentationAnalysisTransform
Transforming kotlin-gradle-plugin-annotations-2.2.20.jar (org.jetbrains.kotlin:kotlin-gradle-plugin-annotations:2.2.20) with InstrumentationAnalysisTransform
Transforming kotlin-native-utils-2.2.20.jar (org.jetbrains.kotlin:kotlin-native-utils:2.2.20) with InstrumentationAnalysisTransform
Transforming kotlin-tooling-core-2.2.20.jar (org.jetbrains.kotlin:kotlin-tooling-core:2.2.20) with InstrumentationAnalysisTransform
Transforming kotlin-build-tools-api-2.2.20.jar (org.jetbrains.kotlin:kotlin-build-tools-api:2.2.20) with InstrumentationAnalysisTransform
Transforming android-test-plugin-result-listener-gradle-proto-31.10.1.jar (com.android.tools.utp:android-test-plugin-result-listener-gradle-proto:31.10.1) with InstrumentationAnalysisTransform
Transforming bundletool-1.18.0.jar (com.android.tools.build:bundletool:1.18.0) with InstrumentationAnalysisTransform
Transforming protobuf-java-util-3.25.5.jar (com.google.protobuf:protobuf-java-util:3.25.5) with InstrumentationAnalysisTransform
Transforming grpc-netty-1.69.1.jar (io.grpc:grpc-netty:1.69.1) with InstrumentationAnalysisTransform
Transforming grpc-inprocess-1.69.1.jar (io.grpc:grpc-inprocess:1.69.1) with InstrumentationAnalysisTransform
Transforming grpc-util-1.69.1.jar (io.grpc:grpc-util:1.69.1) with InstrumentationAnalysisTransform
Transforming grpc-core-1.69.1.jar (io.grpc:grpc-core:1.69.1) with InstrumentationAnalysisTransform
Transforming tink-1.7.0.jar (com.google.crypto.tink:tink:1.7.0) with InstrumentationAnalysisTransform
Transforming gson-2.11.0.jar (com.google.code.gson:gson:2.11.0) with InstrumentationAnalysisTransform
Transforming kotlin-util-klib-2.2.20.jar (org.jetbrains.kotlin:kotlin-util-klib:2.2.20) with InstrumentationAnalysisTransform
Transforming kotlin-util-io-2.2.20.jar (org.jetbrains.kotlin:kotlin-util-io:2.2.20) with InstrumentationAnalysisTransform
Transforming kotlin-daemon-client-2.2.20.jar (org.jetbrains.kotlin:kotlin-daemon-client:2.2.20) with InstrumentationAnalysisTransform
Transforming kotlinx-coroutines-core-jvm-1.8.0.jar (org.jetbrains.kotlinx:kotlinx-coroutines-core-jvm:1.8.0) with InstrumentationAnalysisTransform
Transforming aapt2-proto-8.10.1-12782657.jar (com.android.tools.build:aapt2-proto:8.10.1-12782657) with InstrumentationAnalysisTransform
Transforming crash-31.10.1.jar (com.android.tools.analytics-library:crash:31.10.1) with InstrumentationAnalysisTransform
Transforming lint-typedef-remover-31.10.1.jar (com.android.tools.lint:lint-typedef-remover:31.10.1) with InstrumentationAnalysisTransform
Transforming databinding-common-8.10.1.jar (androidx.databinding:databinding-common:8.10.1) with InstrumentationAnalysisTransform
Transforming baseLibrary-8.10.1.jar (com.android.databinding:baseLibrary:8.10.1) with InstrumentationAnalysisTransform
Transforming android-device-provider-ddmlib-proto-31.10.1.jar (com.android.tools.utp:android-device-provider-ddmlib-proto:31.10.1) with InstrumentationAnalysisTransform
Transforming android-device-provider-gradle-proto-31.10.1.jar (com.android.tools.utp:android-device-provider-gradle-proto:31.10.1) with InstrumentationAnalysisTransform
Transforming android-device-provider-profile-proto-31.10.1.jar (com.android.tools.utp:android-device-provider-profile-proto:31.10.1) with InstrumentationAnalysisTransform
Transforming android-test-plugin-host-additional-test-output-proto-31.10.1.jar (com.android.tools.utp:android-test-plugin-host-additional-test-output-proto:31.10.1) with InstrumentationAnalysisTransform
Transforming android-test-plugin-host-coverage-proto-31.10.1.jar (com.android.tools.utp:android-test-plugin-host-coverage-proto:31.10.1) with InstrumentationAnalysisTransform
Transforming android-test-plugin-host-logcat-proto-31.10.1.jar (com.android.tools.utp:android-test-plugin-host-logcat-proto:31.10.1) with InstrumentationAnalysisTransform
Transforming android-test-plugin-host-apk-installer-proto-31.10.1.jar (com.android.tools.utp:android-test-plugin-host-apk-installer-proto:31.10.1) with InstrumentationAnalysisTransform
Transforming transform-api-2.0.0-deprecated-use-gradle-api.jar (com.android.tools.build:transform-api:2.0.0-deprecated-use-gradle-api) with InstrumentationAnalysisTransform
Transforming httpmime-4.5.6.jar (org.apache.httpcomponents:httpmime:4.5.6) with InstrumentationAnalysisTransform
Transforming commons-io-2.16.1.jar (commons-io:commons-io:2.16.1) with InstrumentationAnalysisTransform
Transforming asm-commons-9.7.1.jar (org.ow2.asm:asm-commons:9.7.1) with InstrumentationAnalysisTransform
Transforming asm-util-9.7.1.jar (org.ow2.asm:asm-util:9.7.1) with InstrumentationAnalysisTransform
Transforming asm-analysis-9.7.1.jar (org.ow2.asm:asm-analysis:9.7.1) with InstrumentationAnalysisTransform
Transforming asm-tree-9.7.1.jar (org.ow2.asm:asm-tree:9.7.1) with InstrumentationAnalysisTransform
Transforming asm-9.7.1.jar (org.ow2.asm:asm:9.7.1) with InstrumentationAnalysisTransform
Transforming apkzlib-8.10.1.jar (com.android.tools.build:apkzlib:8.10.1) with InstrumentationAnalysisTransform
Transforming bcpkix-jdk18on-1.79.jar (org.bouncycastle:bcpkix-jdk18on:1.79) with InstrumentationAnalysisTransform
Transforming jaxb-runtime-2.3.2.jar (org.glassfish.jaxb:jaxb-runtime:2.3.2) with InstrumentationAnalysisTransform
Transforming jopt-simple-4.9.jar (net.sf.jopt-simple:jopt-simple:4.9) with InstrumentationAnalysisTransform
Transforming javapoet-1.10.0.jar (com.squareup:javapoet:1.10.0) with InstrumentationAnalysisTransform
Transforming grpc-protobuf-1.69.1.jar (io.grpc:grpc-protobuf:1.69.1) with InstrumentationAnalysisTransform
Transforming core-proto-0.0.9-alpha03.jar (com.google.testing.platform:core-proto:0.0.9-alpha03) with InstrumentationAnalysisTransform
Transforming protos-31.10.1.jar (com.android.tools.analytics-library:protos:31.10.1) with InstrumentationAnalysisTransform
Transforming proto-google-common-protos-2.48.0.jar (com.google.api.grpc:proto-google-common-protos:2.48.0) with InstrumentationAnalysisTransform
Transforming protobuf-java-3.25.5.jar (com.google.protobuf:protobuf-java:3.25.5) with InstrumentationAnalysisTransform
Transforming grpc-stub-1.69.1.jar (io.grpc:grpc-stub:1.69.1) with InstrumentationAnalysisTransform
Transforming tensorflow-lite-metadata-0.2.0.jar (org.tensorflow:tensorflow-lite-metadata:0.2.0) with InstrumentationAnalysisTransform
Transforming flatbuffers-java-1.12.0.jar (com.google.flatbuffers:flatbuffers-java:1.12.0) with InstrumentationAnalysisTransform
Transforming jimfs-1.1.jar (com.google.jimfs:jimfs:1.1) with InstrumentationAnalysisTransform
Transforming grpc-context-1.69.1.jar (io.grpc:grpc-context:1.69.1) with InstrumentationAnalysisTransform
Transforming grpc-protobuf-lite-1.69.1.jar (io.grpc:grpc-protobuf-lite:1.69.1) with InstrumentationAnalysisTransform
Transforming grpc-api-1.69.1.jar (io.grpc:grpc-api:1.69.1) with InstrumentationAnalysisTransform
Transforming guava-33.3.1-jre.jar (com.google.guava:guava:33.3.1-jre) with InstrumentationAnalysisTransform
Transforming error_prone_annotations-2.30.0.jar (com.google.errorprone:error_prone_annotations:2.30.0) with InstrumentationAnalysisTransform
Transforming dagger-2.28.3.jar (com.google.dagger:dagger:2.28.3) with InstrumentationAnalysisTransform
Transforming javax.inject-1.jar (javax.inject:javax.inject:1) with InstrumentationAnalysisTransform
Transforming kxml2-2.3.0.jar (net.sf.kxml:kxml2:2.3.0) with InstrumentationAnalysisTransform
Transforming commons-compress-1.21.jar (org.apache.commons:commons-compress:1.21) with InstrumentationAnalysisTransform
Transforming bcutil-jdk18on-1.79.jar (org.bouncycastle:bcutil-jdk18on:1.79) with InstrumentationAnalysisTransform
Transforming bcprov-jdk18on-1.79.jar (org.bouncycastle:bcprov-jdk18on:1.79) with InstrumentationAnalysisTransform
Transforming httpclient-4.5.14.jar (org.apache.httpcomponents:httpclient:4.5.14) with InstrumentationAnalysisTransform
Transforming httpcore-4.4.16.jar (org.apache.httpcomponents:httpcore:4.4.16) with InstrumentationAnalysisTransform
Transforming javax.activation-1.2.0.jar (com.sun.activation:javax.activation:1.2.0) with InstrumentationAnalysisTransform
Transforming signflinger-8.10.1.jar (com.android:signflinger:8.10.1) with InstrumentationAnalysisTransform
Transforming zipflinger-8.10.1.jar (com.android:zipflinger:8.10.1) with InstrumentationAnalysisTransform
Transforming annotations-31.10.1.jar (com.android.tools:annotations:31.10.1) with InstrumentationAnalysisTransform
Transforming jna-platform-5.6.0.jar (net.java.dev.jna:jna-platform:5.6.0) with InstrumentationAnalysisTransform
Transforming juniversalchardet-1.0.3.jar (com.googlecode.juniversalchardet:juniversalchardet:1.0.3) with InstrumentationAnalysisTransform
Transforming javax.annotation-api-1.3.2.jar (javax.annotation:javax.annotation-api:1.3.2) with InstrumentationAnalysisTransform
Transforming stax-ex-1.8.1.jar (org.jvnet.staxex:stax-ex:1.8.1) with InstrumentationAnalysisTransform
Transforming jakarta.xml.bind-api-2.3.2.jar (jakarta.xml.bind:jakarta.xml.bind-api:2.3.2) with InstrumentationAnalysisTransform
Transforming txw2-2.3.2.jar (org.glassfish.jaxb:txw2:2.3.2) with InstrumentationAnalysisTransform
Transforming istack-commons-runtime-3.0.8.jar (com.sun.istack:istack-commons-runtime:3.0.8) with InstrumentationAnalysisTransform
Transforming FastInfoset-1.2.16.jar (com.sun.xml.fastinfoset:FastInfoset:1.2.16) with InstrumentationAnalysisTransform
Transforming jakarta.activation-api-1.2.1.jar (jakarta.activation:jakarta.activation-api:1.2.1) with InstrumentationAnalysisTransform
Transforming auto-value-annotations-1.6.2.jar (com.google.auto.value:auto-value-annotations:1.6.2) with InstrumentationAnalysisTransform
Transforming jose4j-0.9.5.jar (org.bitbucket.b_c:jose4j:0.9.5) with InstrumentationAnalysisTransform
Transforming slf4j-api-1.7.30.jar (org.slf4j:slf4j-api:1.7.30) with InstrumentationAnalysisTransform
Transforming jdom2-2.0.6.jar (org.jdom:jdom2:2.0.6) with InstrumentationAnalysisTransform
Transforming jsr305-3.0.2.jar (com.google.code.findbugs:jsr305:3.0.2) with InstrumentationAnalysisTransform
Transforming j2objc-annotations-3.0.0.jar (com.google.j2objc:j2objc-annotations:3.0.0) with InstrumentationAnalysisTransform
Transforming annotations-4.1.1.4.jar (com.google.android:annotations:4.1.1.4) with InstrumentationAnalysisTransform
Transforming animal-sniffer-annotations-1.24.jar (org.codehaus.mojo:animal-sniffer-annotations:1.24) with InstrumentationAnalysisTransform
Transforming perfmark-api-0.27.0.jar (io.perfmark:perfmark-api:0.27.0) with InstrumentationAnalysisTransform
Transforming netty-codec-http2-4.1.110.Final.jar (io.netty:netty-codec-http2:4.1.110.Final) with InstrumentationAnalysisTransform
Transforming netty-handler-proxy-4.1.110.Final.jar (io.netty:netty-handler-proxy:4.1.110.Final) with InstrumentationAnalysisTransform
Transforming netty-codec-http-4.1.110.Final.jar (io.netty:netty-codec-http:4.1.110.Final) with InstrumentationAnalysisTransform
Transforming netty-handler-4.1.110.Final.jar (io.netty:netty-handler:4.1.110.Final) with InstrumentationAnalysisTransform
Transforming netty-transport-native-unix-common-4.1.110.Final.jar (io.netty:netty-transport-native-unix-common:4.1.110.Final) with InstrumentationAnalysisTransform
Transforming checker-qual-3.43.0.jar (org.checkerframework:checker-qual:3.43.0) with InstrumentationAnalysisTransform
Transforming apksig-8.10.1.jar (com.android.tools.build:apksig:8.10.1) with InstrumentationAnalysisTransform
Transforming javawriter-2.5.0.jar (com.squareup:javawriter:2.5.0) with InstrumentationAnalysisTransform
Transforming failureaccess-1.0.2.jar (com.google.guava:failureaccess:1.0.2) with InstrumentationAnalysisTransform
Transforming listenablefuture-9999.0-empty-to-avoid-conflict-with-guava.jar (com.google.guava:listenablefuture:9999.0-empty-to-avoid-conflict-with-guava) with InstrumentationAnalysisTransform
Transforming commons-logging-1.2.jar (commons-logging:commons-logging:1.2) with InstrumentationAnalysisTransform
Transforming commons-codec-1.11.jar (commons-codec:commons-codec:1.11) with InstrumentationAnalysisTransform
Transforming jna-5.6.0.jar (net.java.dev.jna:jna:5.6.0) with InstrumentationAnalysisTransform
Transforming netty-codec-socks-4.1.110.Final.jar (io.netty:netty-codec-socks:4.1.110.Final) with InstrumentationAnalysisTransform
Transforming netty-codec-4.1.110.Final.jar (io.netty:netty-codec:4.1.110.Final) with InstrumentationAnalysisTransform
Transforming netty-transport-4.1.110.Final.jar (io.netty:netty-transport:4.1.110.Final) with InstrumentationAnalysisTransform
Transforming netty-buffer-4.1.110.Final.jar (io.netty:netty-buffer:4.1.110.Final) with InstrumentationAnalysisTransform
Transforming netty-resolver-4.1.110.Final.jar (io.netty:netty-resolver:4.1.110.Final) with InstrumentationAnalysisTransform
Transforming netty-common-4.1.110.Final.jar (io.netty:netty-common:4.1.110.Final) with InstrumentationAnalysisTransform
Transforming main (project :build-logic:plugins) with InstrumentationAnalysisTransform
Transforming main (project :build-logic:plugins) with InstrumentationAnalysisTransform
Transforming main (project :build-logic:plugins) with InstrumentationAnalysisTransform
Transforming main (project :build-logic:tools) with InstrumentationAnalysisTransform
Transforming main (project :build-logic:tools) with InstrumentationAnalysisTransform
Transforming classes with InstrumentationAnalysisTransform
Transforming classes with MergeInstrumentationAnalysisTransform
Transforming classes with InstrumentationAnalysisTransform
Transforming classes with MergeInstrumentationAnalysisTransform
Transforming gradle-8.10.1.jar (com.android.tools.build:gradle:8.10.1) with InstrumentationAnalysisTransform
Transforming gradle-8.10.1.jar (com.android.tools.build:gradle:8.10.1) with MergeInstrumentationAnalysisTransform
Transforming gradle-settings-api-8.10.1.jar (com.android.tools.build:gradle-settings-api:8.10.1) with InstrumentationAnalysisTransform
Transforming classes with ExternalDependencyInstrumentingArtifactTransform
Transforming gradle-settings-api-8.10.1.jar (com.android.tools.build:gradle-settings-api:8.10.1) with MergeInstrumentationAnalysisTransform
Transforming lint-model-31.10.1.jar (com.android.tools.lint:lint-model:31.10.1) with InstrumentationAnalysisTransform
Transforming lint-model-31.10.1.jar (com.android.tools.lint:lint-model:31.10.1) with MergeInstrumentationAnalysisTransform
Transforming builder-8.10.1.jar (com.android.tools.build:builder:8.10.1) with InstrumentationAnalysisTransform
Transforming builder-8.10.1.jar (com.android.tools.build:builder:8.10.1) with MergeInstrumentationAnalysisTransform
Transforming classes with ExternalDependencyInstrumentingArtifactTransform
Transforming gradle-8.10.1.jar (com.android.tools.build:gradle:8.10.1) with ExternalDependencyInstrumentingArtifactTransform
Transforming manifest-merger-31.10.1.jar (com.android.tools.build:manifest-merger:31.10.1) with InstrumentationAnalysisTransform
Transforming manifest-merger-31.10.1.jar (com.android.tools.build:manifest-merger:31.10.1) with MergeInstrumentationAnalysisTransform
Transforming lint-model-31.10.1.jar (com.android.tools.lint:lint-model:31.10.1) with ExternalDependencyInstrumentingArtifactTransform
Transforming sdk-common-31.10.1.jar (com.android.tools:sdk-common:31.10.1) with InstrumentationAnalysisTransform
Transforming gradle-settings-api-8.10.1.jar (com.android.tools.build:gradle-settings-api:8.10.1) with ExternalDependencyInstrumentingArtifactTransform
Transforming sdk-common-31.10.1.jar (com.android.tools:sdk-common:31.10.1) with MergeInstrumentationAnalysisTransform
Transforming builder-8.10.1.jar (com.android.tools.build:builder:8.10.1) with ExternalDependencyInstrumentingArtifactTransform
Transforming sdklib-31.10.1.jar (com.android.tools:sdklib:31.10.1) with InstrumentationAnalysisTransform
Transforming sdklib-31.10.1.jar (com.android.tools:sdklib:31.10.1) with MergeInstrumentationAnalysisTransform
Transforming sdk-common-31.10.1.jar (com.android.tools:sdk-common:31.10.1) with ExternalDependencyInstrumentingArtifactTransform
Transforming manifest-merger-31.10.1.jar (com.android.tools.build:manifest-merger:31.10.1) with ExternalDependencyInstrumentingArtifactTransform
Transforming repository-31.10.1.jar (com.android.tools:repository:31.10.1) with InstrumentationAnalysisTransform
Transforming sdklib-31.10.1.jar (com.android.tools:sdklib:31.10.1) with ExternalDependencyInstrumentingArtifactTransform
Transforming repository-31.10.1.jar (com.android.tools:repository:31.10.1) with MergeInstrumentationAnalysisTransform
Transforming aaptcompiler-8.10.1.jar (com.android.tools.build:aaptcompiler:8.10.1) with InstrumentationAnalysisTransform
Transforming aaptcompiler-8.10.1.jar (com.android.tools.build:aaptcompiler:8.10.1) with MergeInstrumentationAnalysisTransform
Transforming tracker-31.10.1.jar (com.android.tools.analytics-library:tracker:31.10.1) with InstrumentationAnalysisTransform
Transforming repository-31.10.1.jar (com.android.tools:repository:31.10.1) with ExternalDependencyInstrumentingArtifactTransform
Transforming tracker-31.10.1.jar (com.android.tools.analytics-library:tracker:31.10.1) with MergeInstrumentationAnalysisTransform
Transforming shared-31.10.1.jar (com.android.tools.analytics-library:shared:31.10.1) with InstrumentationAnalysisTransform
Transforming shared-31.10.1.jar (com.android.tools.analytics-library:shared:31.10.1) with MergeInstrumentationAnalysisTransform
Transforming databinding-compiler-common-8.10.1.jar (androidx.databinding:databinding-compiler-common:8.10.1) with InstrumentationAnalysisTransform
Transforming databinding-compiler-common-8.10.1.jar (androidx.databinding:databinding-compiler-common:8.10.1) with MergeInstrumentationAnalysisTransform
Transforming android-test-plugin-host-emulator-control-proto-31.10.1.jar (com.android.tools.utp:android-test-plugin-host-emulator-control-proto:31.10.1) with InstrumentationAnalysisTransform
Transforming shared-31.10.1.jar (com.android.tools.analytics-library:shared:31.10.1) with ExternalDependencyInstrumentingArtifactTransform
Transforming android-test-plugin-host-emulator-control-proto-31.10.1.jar (com.android.tools.utp:android-test-plugin-host-emulator-control-proto:31.10.1) with MergeInstrumentationAnalysisTransform
Transforming tracker-31.10.1.jar (com.android.tools.analytics-library:tracker:31.10.1) with ExternalDependencyInstrumentingArtifactTransform
Transforming aaptcompiler-8.10.1.jar (com.android.tools.build:aaptcompiler:8.10.1) with ExternalDependencyInstrumentingArtifactTransform
Transforming databinding-compiler-common-8.10.1.jar (androidx.databinding:databinding-compiler-common:8.10.1) with ExternalDependencyInstrumentingArtifactTransform
Transforming android-test-plugin-host-emulator-control-proto-31.10.1.jar (com.android.tools.utp:android-test-plugin-host-emulator-control-proto:31.10.1) with ExternalDependencyInstrumentingArtifactTransform
Transforming builder-model-8.10.1.jar (com.android.tools.build:builder-model:8.10.1) with InstrumentationAnalysisTransform
Transforming builder-model-8.10.1.jar (com.android.tools.build:builder-model:8.10.1) with MergeInstrumentationAnalysisTransform
Transforming gradle-api-8.10.1.jar (com.android.tools.build:gradle-api:8.10.1) with InstrumentationAnalysisTransform
Transforming gradle-api-8.10.1.jar (com.android.tools.build:gradle-api:8.10.1) with MergeInstrumentationAnalysisTransform
Transforming builder-test-api-8.10.1.jar (com.android.tools.build:builder-test-api:8.10.1) with InstrumentationAnalysisTransform
Transforming builder-test-api-8.10.1.jar (com.android.tools.build:builder-test-api:8.10.1) with MergeInstrumentationAnalysisTransform
Transforming ddmlib-31.10.1.jar (com.android.tools.ddms:ddmlib:31.10.1) with InstrumentationAnalysisTransform
Transforming builder-model-8.10.1.jar (com.android.tools.build:builder-model:8.10.1) with ExternalDependencyInstrumentingArtifactTransform
Transforming ddmlib-31.10.1.jar (com.android.tools.ddms:ddmlib:31.10.1) with MergeInstrumentationAnalysisTransform
Transforming builder-test-api-8.10.1.jar (com.android.tools.build:builder-test-api:8.10.1) with ExternalDependencyInstrumentingArtifactTransform
Transforming layoutlib-api-31.10.1.jar (com.android.tools.layoutlib:layoutlib-api:31.10.1) with InstrumentationAnalysisTransform
Transforming layoutlib-api-31.10.1.jar (com.android.tools.layoutlib:layoutlib-api:31.10.1) with MergeInstrumentationAnalysisTransform
Transforming dvlib-31.10.1.jar (com.android.tools:dvlib:31.10.1) with InstrumentationAnalysisTransform
Transforming dvlib-31.10.1.jar (com.android.tools:dvlib:31.10.1) with MergeInstrumentationAnalysisTransform
Transforming common-31.10.1.jar (com.android.tools:common:31.10.1) with InstrumentationAnalysisTransform
Transforming gradle-api-8.10.1.jar (com.android.tools.build:gradle-api:8.10.1) with ExternalDependencyInstrumentingArtifactTransform
Transforming dvlib-31.10.1.jar (com.android.tools:dvlib:31.10.1) with ExternalDependencyInstrumentingArtifactTransform
Transforming common-31.10.1.jar (com.android.tools:common:31.10.1) with MergeInstrumentationAnalysisTransform
Transforming ddmlib-31.10.1.jar (com.android.tools.ddms:ddmlib:31.10.1) with ExternalDependencyInstrumentingArtifactTransform
Transforming kotlin-stdlib-jdk8-2.1.0.jar (org.jetbrains.kotlin:kotlin-stdlib-jdk8:2.1.0) with InstrumentationAnalysisTransform
Transforming layoutlib-api-31.10.1.jar (com.android.tools.layoutlib:layoutlib-api:31.10.1) with ExternalDependencyInstrumentingArtifactTransform
Transforming kotlin-stdlib-jdk8-2.1.0.jar (org.jetbrains.kotlin:kotlin-stdlib-jdk8:2.1.0) with MergeInstrumentationAnalysisTransform
Transforming jetifier-processor-1.0.0-beta10.jar (com.android.tools.build.jetifier:jetifier-processor:1.0.0-beta10) with InstrumentationAnalysisTransform
Transforming common-31.10.1.jar (com.android.tools:common:31.10.1) with ExternalDependencyInstrumentingArtifactTransform
Transforming jetifier-processor-1.0.0-beta10.jar (com.android.tools.build.jetifier:jetifier-processor:1.0.0-beta10) with MergeInstrumentationAnalysisTransform
Transforming jetifier-core-1.0.0-beta10.jar (com.android.tools.build.jetifier:jetifier-core:1.0.0-beta10) with InstrumentationAnalysisTransform
Transforming jetifier-core-1.0.0-beta10.jar (com.android.tools.build.jetifier:jetifier-core:1.0.0-beta10) with MergeInstrumentationAnalysisTransform
Transforming kotlin-stdlib-jdk8-2.1.0.jar (org.jetbrains.kotlin:kotlin-stdlib-jdk8:2.1.0) with ExternalDependencyInstrumentingArtifactTransform
Transforming jetifier-processor-1.0.0-beta10.jar (com.android.tools.build.jetifier:jetifier-processor:1.0.0-beta10) with ExternalDependencyInstrumentingArtifactTransform
Transforming kotlin-reflect-2.0.20.jar (org.jetbrains.kotlin:kotlin-reflect:2.0.20) with InstrumentationAnalysisTransform
Transforming jetifier-core-1.0.0-beta10.jar (com.android.tools.build.jetifier:jetifier-core:1.0.0-beta10) with ExternalDependencyInstrumentingArtifactTransform
Transforming kotlin-reflect-2.0.20.jar (org.jetbrains.kotlin:kotlin-reflect:2.0.20) with MergeInstrumentationAnalysisTransform
Transforming kotlin-stdlib-jdk7-2.1.0.jar (org.jetbrains.kotlin:kotlin-stdlib-jdk7:2.1.0) with InstrumentationAnalysisTransform
Transforming kotlin-stdlib-jdk7-2.1.0.jar (org.jetbrains.kotlin:kotlin-stdlib-jdk7:2.1.0) with MergeInstrumentationAnalysisTransform
Transforming kotlin-stdlib-2.0.20.jar (org.jetbrains.kotlin:kotlin-stdlib:2.0.20) with InstrumentationAnalysisTransform
Transforming kotlin-reflect-2.0.20.jar (org.jetbrains.kotlin:kotlin-reflect:2.0.20) with ExternalDependencyInstrumentingArtifactTransform
Transforming kotlin-stdlib-2.0.20.jar (org.jetbrains.kotlin:kotlin-stdlib:2.0.20) with MergeInstrumentationAnalysisTransform
Transforming annotations-13.0.jar (org.jetbrains:annotations:13.0) with InstrumentationAnalysisTransform
Transforming kotlin-stdlib-jdk7-2.1.0.jar (org.jetbrains.kotlin:kotlin-stdlib-jdk7:2.1.0) with ExternalDependencyInstrumentingArtifactTransform
Transforming annotations-13.0.jar (org.jetbrains:annotations:13.0) with MergeInstrumentationAnalysisTransform
Transforming kotlin-gradle-plugin-model-2.2.20.jar (org.jetbrains.kotlin:kotlin-gradle-plugin-model:2.2.20) with InstrumentationAnalysisTransform
Transforming kotlin-gradle-plugin-model-2.2.20.jar (org.jetbrains.kotlin:kotlin-gradle-plugin-model:2.2.20) with MergeInstrumentationAnalysisTransform
Transforming kotlin-stdlib-2.0.20.jar (org.jetbrains.kotlin:kotlin-stdlib:2.0.20) with ExternalDependencyInstrumentingArtifactTransform
Transforming annotations-13.0.jar (org.jetbrains:annotations:13.0) with ExternalDependencyInstrumentingArtifactTransform
Transforming fus-statistics-gradle-plugin-2.2.20-gradle811.jar (org.jetbrains.kotlin:fus-statistics-gradle-plugin:2.2.20) with InstrumentationAnalysisTransform
Transforming kotlin-gradle-plugin-model-2.2.20.jar (org.jetbrains.kotlin:kotlin-gradle-plugin-model:2.2.20) with ExternalDependencyInstrumentingArtifactTransform
Transforming fus-statistics-gradle-plugin-2.2.20-gradle811.jar (org.jetbrains.kotlin:fus-statistics-gradle-plugin:2.2.20) with MergeInstrumentationAnalysisTransform
Transforming kotlin-gradle-plugin-api-2.2.20.jar (org.jetbrains.kotlin:kotlin-gradle-plugin-api:2.2.20) with InstrumentationAnalysisTransform
Transforming kotlin-gradle-plugin-api-2.2.20.jar (org.jetbrains.kotlin:kotlin-gradle-plugin-api:2.2.20) with MergeInstrumentationAnalysisTransform
Transforming kotlin-gradle-plugin-api-2.2.20-gradle811.jar (org.jetbrains.kotlin:kotlin-gradle-plugin-api:2.2.20) with InstrumentationAnalysisTransform
Transforming fus-statistics-gradle-plugin-2.2.20-gradle811.jar (org.jetbrains.kotlin:fus-statistics-gradle-plugin:2.2.20) with ExternalDependencyInstrumentingArtifactTransform
Transforming kotlin-gradle-plugin-api-2.2.20-gradle811.jar (org.jetbrains.kotlin:kotlin-gradle-plugin-api:2.2.20) with MergeInstrumentationAnalysisTransform
Transforming kotlin-gradle-plugin-2.2.20-gradle811.jar (org.jetbrains.kotlin:kotlin-gradle-plugin:2.2.20) with InstrumentationAnalysisTransform
Transforming kotlin-gradle-plugin-api-2.2.20.jar (org.jetbrains.kotlin:kotlin-gradle-plugin-api:2.2.20) with ExternalDependencyInstrumentingArtifactTransform
Transforming kotlin-gradle-plugin-2.2.20-gradle811.jar (org.jetbrains.kotlin:kotlin-gradle-plugin:2.2.20) with MergeInstrumentationAnalysisTransform
Transforming ktlint-gradle-12.1.1.jar (org.jlleitschuh.gradle:ktlint-gradle:12.1.1) with InstrumentationAnalysisTransform
Transforming ktlint-gradle-12.1.1.jar (org.jlleitschuh.gradle:ktlint-gradle:12.1.1) with MergeInstrumentationAnalysisTransform
Transforming kotlin-gradle-plugin-api-2.2.20-gradle811.jar (org.jetbrains.kotlin:kotlin-gradle-plugin-api:2.2.20) with ExternalDependencyInstrumentingArtifactTransform
Transforming kotlin-gradle-plugin-idea-proto-2.2.20.jar (org.jetbrains.kotlin:kotlin-gradle-plugin-idea-proto:2.2.20) with InstrumentationAnalysisTransform
Transforming kotlin-gradle-plugin-2.2.20-gradle811.jar (org.jetbrains.kotlin:kotlin-gradle-plugin:2.2.20) with ExternalDependencyInstrumentingArtifactTransform
Transforming kotlin-gradle-plugin-idea-proto-2.2.20.jar (org.jetbrains.kotlin:kotlin-gradle-plugin-idea-proto:2.2.20) with MergeInstrumentationAnalysisTransform
Transforming kotlin-gradle-plugin-idea-2.2.20.jar (org.jetbrains.kotlin:kotlin-gradle-plugin-idea:2.2.20) with InstrumentationAnalysisTransform
Transforming ktlint-gradle-12.1.1.jar (org.jlleitschuh.gradle:ktlint-gradle:12.1.1) with ExternalDependencyInstrumentingArtifactTransform
Transforming kotlin-gradle-plugin-idea-2.2.20.jar (org.jetbrains.kotlin:kotlin-gradle-plugin-idea:2.2.20) with MergeInstrumentationAnalysisTransform
Transforming kotlin-klib-commonizer-api-2.2.20.jar (org.jetbrains.kotlin:kotlin-klib-commonizer-api:2.2.20) with InstrumentationAnalysisTransform
Transforming kotlin-gradle-plugin-idea-proto-2.2.20.jar (org.jetbrains.kotlin:kotlin-gradle-plugin-idea-proto:2.2.20) with ExternalDependencyInstrumentingArtifactTransform
Transforming kotlin-klib-commonizer-api-2.2.20.jar (org.jetbrains.kotlin:kotlin-klib-commonizer-api:2.2.20) with MergeInstrumentationAnalysisTransform
Transforming kotlin-gradle-plugin-idea-2.2.20.jar (org.jetbrains.kotlin:kotlin-gradle-plugin-idea:2.2.20) with ExternalDependencyInstrumentingArtifactTransform
Transforming kotlin-build-statistics-2.2.20.jar (org.jetbrains.kotlin:kotlin-build-statistics:2.2.20) with InstrumentationAnalysisTransform
Transforming kotlin-build-statistics-2.2.20.jar (org.jetbrains.kotlin:kotlin-build-statistics:2.2.20) with MergeInstrumentationAnalysisTransform
Transforming kotlin-util-klib-metadata-2.2.20.jar (org.jetbrains.kotlin:kotlin-util-klib-metadata:2.2.20) with InstrumentationAnalysisTransform
Transforming kotlin-klib-commonizer-api-2.2.20.jar (org.jetbrains.kotlin:kotlin-klib-commonizer-api:2.2.20) with ExternalDependencyInstrumentingArtifactTransform
Transforming kotlin-build-statistics-2.2.20.jar (org.jetbrains.kotlin:kotlin-build-statistics:2.2.20) with ExternalDependencyInstrumentingArtifactTransform
Transforming kotlin-util-klib-metadata-2.2.20.jar (org.jetbrains.kotlin:kotlin-util-klib-metadata:2.2.20) with MergeInstrumentationAnalysisTransform
Transforming abi-tools-api-2.2.20.jar (org.jetbrains.kotlin:abi-tools-api:2.2.20) with InstrumentationAnalysisTransform
Transforming abi-tools-api-2.2.20.jar (org.jetbrains.kotlin:abi-tools-api:2.2.20) with MergeInstrumentationAnalysisTransform
Transforming kotlin-util-klib-metadata-2.2.20.jar (org.jetbrains.kotlin:kotlin-util-klib-metadata:2.2.20) with ExternalDependencyInstrumentingArtifactTransform
Transforming kotlin-compiler-runner-2.2.20.jar (org.jetbrains.kotlin:kotlin-compiler-runner:2.2.20) with InstrumentationAnalysisTransform
Transforming kotlin-compiler-runner-2.2.20.jar (org.jetbrains.kotlin:kotlin-compiler-runner:2.2.20) with MergeInstrumentationAnalysisTransform
Transforming abi-tools-api-2.2.20.jar (org.jetbrains.kotlin:abi-tools-api:2.2.20) with ExternalDependencyInstrumentingArtifactTransform
Transforming dnsjava-2.1.9.jar (dnsjava:dnsjava:2.1.9) with InstrumentationAnalysisTransform
Transforming dnsjava-2.1.9.jar (dnsjava:dnsjava:2.1.9) with MergeInstrumentationAnalysisTransform
Transforming kotlin-gradle-plugin-annotations-2.2.20.jar (org.jetbrains.kotlin:kotlin-gradle-plugin-annotations:2.2.20) with InstrumentationAnalysisTransform
Transforming kotlin-compiler-runner-2.2.20.jar (org.jetbrains.kotlin:kotlin-compiler-runner:2.2.20) with ExternalDependencyInstrumentingArtifactTransform
Transforming kotlin-gradle-plugin-annotations-2.2.20.jar (org.jetbrains.kotlin:kotlin-gradle-plugin-annotations:2.2.20) with MergeInstrumentationAnalysisTransform
Transforming kotlin-native-utils-2.2.20.jar (org.jetbrains.kotlin:kotlin-native-utils:2.2.20) with InstrumentationAnalysisTransform
Transforming dnsjava-2.1.9.jar (dnsjava:dnsjava:2.1.9) with ExternalDependencyInstrumentingArtifactTransform
Transforming kotlin-native-utils-2.2.20.jar (org.jetbrains.kotlin:kotlin-native-utils:2.2.20) with MergeInstrumentationAnalysisTransform
Transforming kotlin-tooling-core-2.2.20.jar (org.jetbrains.kotlin:kotlin-tooling-core:2.2.20) with InstrumentationAnalysisTransform
Transforming kotlin-gradle-plugin-annotations-2.2.20.jar (org.jetbrains.kotlin:kotlin-gradle-plugin-annotations:2.2.20) with ExternalDependencyInstrumentingArtifactTransform
Transforming kotlin-tooling-core-2.2.20.jar (org.jetbrains.kotlin:kotlin-tooling-core:2.2.20) with MergeInstrumentationAnalysisTransform
Transforming kotlin-build-tools-api-2.2.20.jar (org.jetbrains.kotlin:kotlin-build-tools-api:2.2.20) with InstrumentationAnalysisTransform
Transforming kotlin-build-tools-api-2.2.20.jar (org.jetbrains.kotlin:kotlin-build-tools-api:2.2.20) with MergeInstrumentationAnalysisTransform
Transforming kotlin-native-utils-2.2.20.jar (org.jetbrains.kotlin:kotlin-native-utils:2.2.20) with ExternalDependencyInstrumentingArtifactTransform
Transforming android-test-plugin-result-listener-gradle-proto-31.10.1.jar (com.android.tools.utp:android-test-plugin-result-listener-gradle-proto:31.10.1) with InstrumentationAnalysisTransform
Transforming kotlin-tooling-core-2.2.20.jar (org.jetbrains.kotlin:kotlin-tooling-core:2.2.20) with ExternalDependencyInstrumentingArtifactTransform
Transforming android-test-plugin-result-listener-gradle-proto-31.10.1.jar (com.android.tools.utp:android-test-plugin-result-listener-gradle-proto:31.10.1) with MergeInstrumentationAnalysisTransform
Transforming kotlin-build-tools-api-2.2.20.jar (org.jetbrains.kotlin:kotlin-build-tools-api:2.2.20) with ExternalDependencyInstrumentingArtifactTransform
Transforming bundletool-1.18.0.jar (com.android.tools.build:bundletool:1.18.0) with InstrumentationAnalysisTransform
Transforming bundletool-1.18.0.jar (com.android.tools.build:bundletool:1.18.0) with MergeInstrumentationAnalysisTransform
Transforming protobuf-java-util-3.25.5.jar (com.google.protobuf:protobuf-java-util:3.25.5) with InstrumentationAnalysisTransform
Transforming android-test-plugin-result-listener-gradle-proto-31.10.1.jar (com.android.tools.utp:android-test-plugin-result-listener-gradle-proto:31.10.1) with ExternalDependencyInstrumentingArtifactTransform
Transforming protobuf-java-util-3.25.5.jar (com.google.protobuf:protobuf-java-util:3.25.5) with MergeInstrumentationAnalysisTransform
Transforming bundletool-1.18.0.jar (com.android.tools.build:bundletool:1.18.0) with ExternalDependencyInstrumentingArtifactTransform
Transforming grpc-netty-1.69.1.jar (io.grpc:grpc-netty:1.69.1) with InstrumentationAnalysisTransform
Transforming grpc-netty-1.69.1.jar (io.grpc:grpc-netty:1.69.1) with MergeInstrumentationAnalysisTransform
Transforming grpc-inprocess-1.69.1.jar (io.grpc:grpc-inprocess:1.69.1) with InstrumentationAnalysisTransform
Transforming protobuf-java-util-3.25.5.jar (com.google.protobuf:protobuf-java-util:3.25.5) with ExternalDependencyInstrumentingArtifactTransform
Transforming grpc-inprocess-1.69.1.jar (io.grpc:grpc-inprocess:1.69.1) with MergeInstrumentationAnalysisTransform
Transforming grpc-util-1.69.1.jar (io.grpc:grpc-util:1.69.1) with InstrumentationAnalysisTransform
Transforming grpc-netty-1.69.1.jar (io.grpc:grpc-netty:1.69.1) with ExternalDependencyInstrumentingArtifactTransform
Transforming grpc-util-1.69.1.jar (io.grpc:grpc-util:1.69.1) with MergeInstrumentationAnalysisTransform
Transforming grpc-core-1.69.1.jar (io.grpc:grpc-core:1.69.1) with InstrumentationAnalysisTransform
Transforming grpc-inprocess-1.69.1.jar (io.grpc:grpc-inprocess:1.69.1) with ExternalDependencyInstrumentingArtifactTransform
Transforming grpc-core-1.69.1.jar (io.grpc:grpc-core:1.69.1) with MergeInstrumentationAnalysisTransform
Transforming tink-1.7.0.jar (com.google.crypto.tink:tink:1.7.0) with InstrumentationAnalysisTransform
Transforming grpc-util-1.69.1.jar (io.grpc:grpc-util:1.69.1) with ExternalDependencyInstrumentingArtifactTransform
Transforming tink-1.7.0.jar (com.google.crypto.tink:tink:1.7.0) with MergeInstrumentationAnalysisTransform
Transforming grpc-core-1.69.1.jar (io.grpc:grpc-core:1.69.1) with ExternalDependencyInstrumentingArtifactTransform
Transforming gson-2.11.0.jar (com.google.code.gson:gson:2.11.0) with InstrumentationAnalysisTransform
Transforming gson-2.11.0.jar (com.google.code.gson:gson:2.11.0) with MergeInstrumentationAnalysisTransform
Transforming kotlin-util-klib-2.2.20.jar (org.jetbrains.kotlin:kotlin-util-klib:2.2.20) with InstrumentationAnalysisTransform
Transforming tink-1.7.0.jar (com.google.crypto.tink:tink:1.7.0) with ExternalDependencyInstrumentingArtifactTransform
Transforming kotlin-util-klib-2.2.20.jar (org.jetbrains.kotlin:kotlin-util-klib:2.2.20) with MergeInstrumentationAnalysisTransform
Transforming kotlin-util-io-2.2.20.jar (org.jetbrains.kotlin:kotlin-util-io:2.2.20) with InstrumentationAnalysisTransform
Transforming gson-2.11.0.jar (com.google.code.gson:gson:2.11.0) with ExternalDependencyInstrumentingArtifactTransform
Transforming kotlin-util-io-2.2.20.jar (org.jetbrains.kotlin:kotlin-util-io:2.2.20) with MergeInstrumentationAnalysisTransform
Transforming kotlin-daemon-client-2.2.20.jar (org.jetbrains.kotlin:kotlin-daemon-client:2.2.20) with InstrumentationAnalysisTransform
Transforming kotlin-util-klib-2.2.20.jar (org.jetbrains.kotlin:kotlin-util-klib:2.2.20) with ExternalDependencyInstrumentingArtifactTransform
Transforming kotlin-daemon-client-2.2.20.jar (org.jetbrains.kotlin:kotlin-daemon-client:2.2.20) with MergeInstrumentationAnalysisTransform
Transforming kotlinx-coroutines-core-jvm-1.8.0.jar (org.jetbrains.kotlinx:kotlinx-coroutines-core-jvm:1.8.0) with InstrumentationAnalysisTransform
Transforming kotlin-util-io-2.2.20.jar (org.jetbrains.kotlin:kotlin-util-io:2.2.20) with ExternalDependencyInstrumentingArtifactTransform
Transforming kotlinx-coroutines-core-jvm-1.8.0.jar (org.jetbrains.kotlinx:kotlinx-coroutines-core-jvm:1.8.0) with MergeInstrumentationAnalysisTransform
Transforming aapt2-proto-8.10.1-12782657.jar (com.android.tools.build:aapt2-proto:8.10.1-12782657) with InstrumentationAnalysisTransform
Transforming kotlin-daemon-client-2.2.20.jar (org.jetbrains.kotlin:kotlin-daemon-client:2.2.20) with ExternalDependencyInstrumentingArtifactTransform
Transforming aapt2-proto-8.10.1-12782657.jar (com.android.tools.build:aapt2-proto:8.10.1-12782657) with MergeInstrumentationAnalysisTransform
Transforming kotlinx-coroutines-core-jvm-1.8.0.jar (org.jetbrains.kotlinx:kotlinx-coroutines-core-jvm:1.8.0) with ExternalDependencyInstrumentingArtifactTransform
Transforming crash-31.10.1.jar (com.android.tools.analytics-library:crash:31.10.1) with InstrumentationAnalysisTransform
Transforming crash-31.10.1.jar (com.android.tools.analytics-library:crash:31.10.1) with MergeInstrumentationAnalysisTransform
Transforming lint-typedef-remover-31.10.1.jar (com.android.tools.lint:lint-typedef-remover:31.10.1) with InstrumentationAnalysisTransform
Transforming aapt2-proto-8.10.1-12782657.jar (com.android.tools.build:aapt2-proto:8.10.1-12782657) with ExternalDependencyInstrumentingArtifactTransform
Transforming lint-typedef-remover-31.10.1.jar (com.android.tools.lint:lint-typedef-remover:31.10.1) with MergeInstrumentationAnalysisTransform
Transforming databinding-common-8.10.1.jar (androidx.databinding:databinding-common:8.10.1) with InstrumentationAnalysisTransform
Transforming crash-31.10.1.jar (com.android.tools.analytics-library:crash:31.10.1) with ExternalDependencyInstrumentingArtifactTransform
Transforming databinding-common-8.10.1.jar (androidx.databinding:databinding-common:8.10.1) with MergeInstrumentationAnalysisTransform
Transforming lint-typedef-remover-31.10.1.jar (com.android.tools.lint:lint-typedef-remover:31.10.1) with ExternalDependencyInstrumentingArtifactTransform
Transforming baseLibrary-8.10.1.jar (com.android.databinding:baseLibrary:8.10.1) with InstrumentationAnalysisTransform
Transforming baseLibrary-8.10.1.jar (com.android.databinding:baseLibrary:8.10.1) with MergeInstrumentationAnalysisTransform
Transforming databinding-common-8.10.1.jar (androidx.databinding:databinding-common:8.10.1) with ExternalDependencyInstrumentingArtifactTransform
Transforming android-device-provider-ddmlib-proto-31.10.1.jar (com.android.tools.utp:android-device-provider-ddmlib-proto:31.10.1) with InstrumentationAnalysisTransform
Transforming android-device-provider-ddmlib-proto-31.10.1.jar (com.android.tools.utp:android-device-provider-ddmlib-proto:31.10.1) with MergeInstrumentationAnalysisTransform
Transforming android-device-provider-gradle-proto-31.10.1.jar (com.android.tools.utp:android-device-provider-gradle-proto:31.10.1) with InstrumentationAnalysisTransform
Transforming android-device-provider-gradle-proto-31.10.1.jar (com.android.tools.utp:android-device-provider-gradle-proto:31.10.1) with MergeInstrumentationAnalysisTransform
Transforming baseLibrary-8.10.1.jar (com.android.databinding:baseLibrary:8.10.1) with ExternalDependencyInstrumentingArtifactTransform
Transforming android-device-provider-profile-proto-31.10.1.jar (com.android.tools.utp:android-device-provider-profile-proto:31.10.1) with InstrumentationAnalysisTransform
Transforming android-device-provider-profile-proto-31.10.1.jar (com.android.tools.utp:android-device-provider-profile-proto:31.10.1) with MergeInstrumentationAnalysisTransform
Transforming android-device-provider-ddmlib-proto-31.10.1.jar (com.android.tools.utp:android-device-provider-ddmlib-proto:31.10.1) with ExternalDependencyInstrumentingArtifactTransform
Transforming android-test-plugin-host-additional-test-output-proto-31.10.1.jar (com.android.tools.utp:android-test-plugin-host-additional-test-output-proto:31.10.1) with InstrumentationAnalysisTransform
Transforming android-device-provider-gradle-proto-31.10.1.jar (com.android.tools.utp:android-device-provider-gradle-proto:31.10.1) with ExternalDependencyInstrumentingArtifactTransform
Transforming android-test-plugin-host-additional-test-output-proto-31.10.1.jar (com.android.tools.utp:android-test-plugin-host-additional-test-output-proto:31.10.1) with MergeInstrumentationAnalysisTransform
Transforming android-test-plugin-host-coverage-proto-31.10.1.jar (com.android.tools.utp:android-test-plugin-host-coverage-proto:31.10.1) with InstrumentationAnalysisTransform
Transforming android-device-provider-profile-proto-31.10.1.jar (com.android.tools.utp:android-device-provider-profile-proto:31.10.1) with ExternalDependencyInstrumentingArtifactTransform
Transforming android-test-plugin-host-coverage-proto-31.10.1.jar (com.android.tools.utp:android-test-plugin-host-coverage-proto:31.10.1) with MergeInstrumentationAnalysisTransform
Transforming android-test-plugin-host-logcat-proto-31.10.1.jar (com.android.tools.utp:android-test-plugin-host-logcat-proto:31.10.1) with InstrumentationAnalysisTransform
Transforming android-test-plugin-host-additional-test-output-proto-31.10.1.jar (com.android.tools.utp:android-test-plugin-host-additional-test-output-proto:31.10.1) with ExternalDependencyInstrumentingArtifactTransform
Transforming android-test-plugin-host-logcat-proto-31.10.1.jar (com.android.tools.utp:android-test-plugin-host-logcat-proto:31.10.1) with MergeInstrumentationAnalysisTransform
Transforming android-test-plugin-host-apk-installer-proto-31.10.1.jar (com.android.tools.utp:android-test-plugin-host-apk-installer-proto:31.10.1) with InstrumentationAnalysisTransform
Transforming android-test-plugin-host-coverage-proto-31.10.1.jar (com.android.tools.utp:android-test-plugin-host-coverage-proto:31.10.1) with ExternalDependencyInstrumentingArtifactTransform
Transforming android-test-plugin-host-apk-installer-proto-31.10.1.jar (com.android.tools.utp:android-test-plugin-host-apk-installer-proto:31.10.1) with MergeInstrumentationAnalysisTransform
Transforming android-test-plugin-host-logcat-proto-31.10.1.jar (com.android.tools.utp:android-test-plugin-host-logcat-proto:31.10.1) with ExternalDependencyInstrumentingArtifactTransform
Transforming transform-api-2.0.0-deprecated-use-gradle-api.jar (com.android.tools.build:transform-api:2.0.0-deprecated-use-gradle-api) with InstrumentationAnalysisTransform
Transforming transform-api-2.0.0-deprecated-use-gradle-api.jar (com.android.tools.build:transform-api:2.0.0-deprecated-use-gradle-api) with MergeInstrumentationAnalysisTransform
Transforming httpmime-4.5.6.jar (org.apache.httpcomponents:httpmime:4.5.6) with InstrumentationAnalysisTransform
Transforming android-test-plugin-host-apk-installer-proto-31.10.1.jar (com.android.tools.utp:android-test-plugin-host-apk-installer-proto:31.10.1) with ExternalDependencyInstrumentingArtifactTransform
Transforming httpmime-4.5.6.jar (org.apache.httpcomponents:httpmime:4.5.6) with MergeInstrumentationAnalysisTransform
Transforming commons-io-2.16.1.jar (commons-io:commons-io:2.16.1) with InstrumentationAnalysisTransform
Transforming commons-io-2.16.1.jar (commons-io:commons-io:2.16.1) with MergeInstrumentationAnalysisTransform
Transforming asm-commons-9.7.1.jar (org.ow2.asm:asm-commons:9.7.1) with InstrumentationAnalysisTransform
Transforming transform-api-2.0.0-deprecated-use-gradle-api.jar (com.android.tools.build:transform-api:2.0.0-deprecated-use-gradle-api) with ExternalDependencyInstrumentingArtifactTransform
Transforming httpmime-4.5.6.jar (org.apache.httpcomponents:httpmime:4.5.6) with ExternalDependencyInstrumentingArtifactTransform
Transforming asm-commons-9.7.1.jar (org.ow2.asm:asm-commons:9.7.1) with MergeInstrumentationAnalysisTransform
Transforming commons-io-2.16.1.jar (commons-io:commons-io:2.16.1) with ExternalDependencyInstrumentingArtifactTransform
Transforming asm-util-9.7.1.jar (org.ow2.asm:asm-util:9.7.1) with InstrumentationAnalysisTransform
Transforming asm-util-9.7.1.jar (org.ow2.asm:asm-util:9.7.1) with MergeInstrumentationAnalysisTransform
Transforming asm-analysis-9.7.1.jar (org.ow2.asm:asm-analysis:9.7.1) with InstrumentationAnalysisTransform
Transforming asm-commons-9.7.1.jar (org.ow2.asm:asm-commons:9.7.1) with ExternalDependencyInstrumentingArtifactTransform
Transforming asm-analysis-9.7.1.jar (org.ow2.asm:asm-analysis:9.7.1) with MergeInstrumentationAnalysisTransform
Transforming asm-tree-9.7.1.jar (org.ow2.asm:asm-tree:9.7.1) with InstrumentationAnalysisTransform
Transforming asm-util-9.7.1.jar (org.ow2.asm:asm-util:9.7.1) with ExternalDependencyInstrumentingArtifactTransform
Transforming asm-tree-9.7.1.jar (org.ow2.asm:asm-tree:9.7.1) with MergeInstrumentationAnalysisTransform
Transforming asm-analysis-9.7.1.jar (org.ow2.asm:asm-analysis:9.7.1) with ExternalDependencyInstrumentingArtifactTransform
Transforming asm-9.7.1.jar (org.ow2.asm:asm:9.7.1) with InstrumentationAnalysisTransform
Transforming asm-9.7.1.jar (org.ow2.asm:asm:9.7.1) with MergeInstrumentationAnalysisTransform
Transforming apkzlib-8.10.1.jar (com.android.tools.build:apkzlib:8.10.1) with InstrumentationAnalysisTransform
Transforming asm-tree-9.7.1.jar (org.ow2.asm:asm-tree:9.7.1) with ExternalDependencyInstrumentingArtifactTransform
Transforming apkzlib-8.10.1.jar (com.android.tools.build:apkzlib:8.10.1) with MergeInstrumentationAnalysisTransform
Transforming bcpkix-jdk18on-1.79.jar (org.bouncycastle:bcpkix-jdk18on:1.79) with InstrumentationAnalysisTransform
Transforming asm-9.7.1.jar (org.ow2.asm:asm:9.7.1) with ExternalDependencyInstrumentingArtifactTransform
Transforming bcpkix-jdk18on-1.79.jar (org.bouncycastle:bcpkix-jdk18on:1.79) with MergeInstrumentationAnalysisTransform
Transforming jaxb-runtime-2.3.2.jar (org.glassfish.jaxb:jaxb-runtime:2.3.2) with InstrumentationAnalysisTransform
Transforming apkzlib-8.10.1.jar (com.android.tools.build:apkzlib:8.10.1) with ExternalDependencyInstrumentingArtifactTransform
Transforming jaxb-runtime-2.3.2.jar (org.glassfish.jaxb:jaxb-runtime:2.3.2) with MergeInstrumentationAnalysisTransform
Transforming jopt-simple-4.9.jar (net.sf.jopt-simple:jopt-simple:4.9) with InstrumentationAnalysisTransform
Transforming bcpkix-jdk18on-1.79.jar (org.bouncycastle:bcpkix-jdk18on:1.79) with ExternalDependencyInstrumentingArtifactTransform
Transforming jopt-simple-4.9.jar (net.sf.jopt-simple:jopt-simple:4.9) with MergeInstrumentationAnalysisTransform
Transforming javapoet-1.10.0.jar (com.squareup:javapoet:1.10.0) with InstrumentationAnalysisTransform
Transforming jaxb-runtime-2.3.2.jar (org.glassfish.jaxb:jaxb-runtime:2.3.2) with ExternalDependencyInstrumentingArtifactTransform
Transforming javapoet-1.10.0.jar (com.squareup:javapoet:1.10.0) with MergeInstrumentationAnalysisTransform
Transforming grpc-protobuf-1.69.1.jar (io.grpc:grpc-protobuf:1.69.1) with InstrumentationAnalysisTransform
Transforming jopt-simple-4.9.jar (net.sf.jopt-simple:jopt-simple:4.9) with ExternalDependencyInstrumentingArtifactTransform
Transforming grpc-protobuf-1.69.1.jar (io.grpc:grpc-protobuf:1.69.1) with MergeInstrumentationAnalysisTransform
Transforming javapoet-1.10.0.jar (com.squareup:javapoet:1.10.0) with ExternalDependencyInstrumentingArtifactTransform
Transforming core-proto-0.0.9-alpha03.jar (com.google.testing.platform:core-proto:0.0.9-alpha03) with InstrumentationAnalysisTransform
Transforming core-proto-0.0.9-alpha03.jar (com.google.testing.platform:core-proto:0.0.9-alpha03) with MergeInstrumentationAnalysisTransform
Transforming grpc-protobuf-1.69.1.jar (io.grpc:grpc-protobuf:1.69.1) with ExternalDependencyInstrumentingArtifactTransform
Transforming protos-31.10.1.jar (com.android.tools.analytics-library:protos:31.10.1) with InstrumentationAnalysisTransform
Transforming protos-31.10.1.jar (com.android.tools.analytics-library:protos:31.10.1) with MergeInstrumentationAnalysisTransform
Transforming proto-google-common-protos-2.48.0.jar (com.google.api.grpc:proto-google-common-protos:2.48.0) with InstrumentationAnalysisTransform
Transforming core-proto-0.0.9-alpha03.jar (com.google.testing.platform:core-proto:0.0.9-alpha03) with ExternalDependencyInstrumentingArtifactTransform
Transforming protos-31.10.1.jar (com.android.tools.analytics-library:protos:31.10.1) with ExternalDependencyInstrumentingArtifactTransform
Transforming proto-google-common-protos-2.48.0.jar (com.google.api.grpc:proto-google-common-protos:2.48.0) with MergeInstrumentationAnalysisTransform
Transforming protobuf-java-3.25.5.jar (com.google.protobuf:protobuf-java:3.25.5) with InstrumentationAnalysisTransform
Transforming protobuf-java-3.25.5.jar (com.google.protobuf:protobuf-java:3.25.5) with MergeInstrumentationAnalysisTransform
Transforming proto-google-common-protos-2.48.0.jar (com.google.api.grpc:proto-google-common-protos:2.48.0) with ExternalDependencyInstrumentingArtifactTransform
Transforming grpc-stub-1.69.1.jar (io.grpc:grpc-stub:1.69.1) with InstrumentationAnalysisTransform
Transforming grpc-stub-1.69.1.jar (io.grpc:grpc-stub:1.69.1) with MergeInstrumentationAnalysisTransform
Transforming tensorflow-lite-metadata-0.2.0.jar (org.tensorflow:tensorflow-lite-metadata:0.2.0) with InstrumentationAnalysisTransform
Transforming protobuf-java-3.25.5.jar (com.google.protobuf:protobuf-java:3.25.5) with ExternalDependencyInstrumentingArtifactTransform
Transforming tensorflow-lite-metadata-0.2.0.jar (org.tensorflow:tensorflow-lite-metadata:0.2.0) with MergeInstrumentationAnalysisTransform
Transforming flatbuffers-java-1.12.0.jar (com.google.flatbuffers:flatbuffers-java:1.12.0) with InstrumentationAnalysisTransform
Transforming grpc-stub-1.69.1.jar (io.grpc:grpc-stub:1.69.1) with ExternalDependencyInstrumentingArtifactTransform
Transforming flatbuffers-java-1.12.0.jar (com.google.flatbuffers:flatbuffers-java:1.12.0) with MergeInstrumentationAnalysisTransform
Transforming jimfs-1.1.jar (com.google.jimfs:jimfs:1.1) with InstrumentationAnalysisTransform
Transforming tensorflow-lite-metadata-0.2.0.jar (org.tensorflow:tensorflow-lite-metadata:0.2.0) with ExternalDependencyInstrumentingArtifactTransform
Transforming jimfs-1.1.jar (com.google.jimfs:jimfs:1.1) with MergeInstrumentationAnalysisTransform
Transforming grpc-context-1.69.1.jar (io.grpc:grpc-context:1.69.1) with InstrumentationAnalysisTransform
Transforming flatbuffers-java-1.12.0.jar (com.google.flatbuffers:flatbuffers-java:1.12.0) with ExternalDependencyInstrumentingArtifactTransform
Transforming grpc-context-1.69.1.jar (io.grpc:grpc-context:1.69.1) with MergeInstrumentationAnalysisTransform
Transforming grpc-protobuf-lite-1.69.1.jar (io.grpc:grpc-protobuf-lite:1.69.1) with InstrumentationAnalysisTransform
Transforming grpc-protobuf-lite-1.69.1.jar (io.grpc:grpc-protobuf-lite:1.69.1) with MergeInstrumentationAnalysisTransform
Transforming jimfs-1.1.jar (com.google.jimfs:jimfs:1.1) with ExternalDependencyInstrumentingArtifactTransform
Transforming grpc-api-1.69.1.jar (io.grpc:grpc-api:1.69.1) with InstrumentationAnalysisTransform
Transforming grpc-context-1.69.1.jar (io.grpc:grpc-context:1.69.1) with ExternalDependencyInstrumentingArtifactTransform
Transforming grpc-api-1.69.1.jar (io.grpc:grpc-api:1.69.1) with MergeInstrumentationAnalysisTransform
Transforming grpc-protobuf-lite-1.69.1.jar (io.grpc:grpc-protobuf-lite:1.69.1) with ExternalDependencyInstrumentingArtifactTransform
Transforming guava-33.3.1-jre.jar (com.google.guava:guava:33.3.1-jre) with InstrumentationAnalysisTransform
Transforming guava-33.3.1-jre.jar (com.google.guava:guava:33.3.1-jre) with MergeInstrumentationAnalysisTransform
Transforming error_prone_annotations-2.30.0.jar (com.google.errorprone:error_prone_annotations:2.30.0) with InstrumentationAnalysisTransform
Transforming grpc-api-1.69.1.jar (io.grpc:grpc-api:1.69.1) with ExternalDependencyInstrumentingArtifactTransform
Transforming error_prone_annotations-2.30.0.jar (com.google.errorprone:error_prone_annotations:2.30.0) with MergeInstrumentationAnalysisTransform
Transforming dagger-2.28.3.jar (com.google.dagger:dagger:2.28.3) with InstrumentationAnalysisTransform
Transforming dagger-2.28.3.jar (com.google.dagger:dagger:2.28.3) with MergeInstrumentationAnalysisTransform
Transforming guava-33.3.1-jre.jar (com.google.guava:guava:33.3.1-jre) with ExternalDependencyInstrumentingArtifactTransform
Transforming javax.inject-1.jar (javax.inject:javax.inject:1) with InstrumentationAnalysisTransform
Transforming error_prone_annotations-2.30.0.jar (com.google.errorprone:error_prone_annotations:2.30.0) with ExternalDependencyInstrumentingArtifactTransform
Transforming javax.inject-1.jar (javax.inject:javax.inject:1) with MergeInstrumentationAnalysisTransform
Transforming dagger-2.28.3.jar (com.google.dagger:dagger:2.28.3) with ExternalDependencyInstrumentingArtifactTransform
Transforming kxml2-2.3.0.jar (net.sf.kxml:kxml2:2.3.0) with InstrumentationAnalysisTransform
Transforming kxml2-2.3.0.jar (net.sf.kxml:kxml2:2.3.0) with MergeInstrumentationAnalysisTransform
Transforming javax.inject-1.jar (javax.inject:javax.inject:1) with ExternalDependencyInstrumentingArtifactTransform
Transforming commons-compress-1.21.jar (org.apache.commons:commons-compress:1.21) with InstrumentationAnalysisTransform
Transforming kxml2-2.3.0.jar (net.sf.kxml:kxml2:2.3.0) with ExternalDependencyInstrumentingArtifactTransform
Transforming commons-compress-1.21.jar (org.apache.commons:commons-compress:1.21) with MergeInstrumentationAnalysisTransform
Transforming bcutil-jdk18on-1.79.jar (org.bouncycastle:bcutil-jdk18on:1.79) with InstrumentationAnalysisTransform
Transforming bcutil-jdk18on-1.79.jar (org.bouncycastle:bcutil-jdk18on:1.79) with MergeInstrumentationAnalysisTransform
Transforming bcprov-jdk18on-1.79.jar (org.bouncycastle:bcprov-jdk18on:1.79) with InstrumentationAnalysisTransform
Transforming commons-compress-1.21.jar (org.apache.commons:commons-compress:1.21) with ExternalDependencyInstrumentingArtifactTransform
Transforming bcprov-jdk18on-1.79.jar (org.bouncycastle:bcprov-jdk18on:1.79) with MergeInstrumentationAnalysisTransform
Transforming bcutil-jdk18on-1.79.jar (org.bouncycastle:bcutil-jdk18on:1.79) with ExternalDependencyInstrumentingArtifactTransform
Transforming httpclient-4.5.14.jar (org.apache.httpcomponents:httpclient:4.5.14) with InstrumentationAnalysisTransform
Transforming httpclient-4.5.14.jar (org.apache.httpcomponents:httpclient:4.5.14) with MergeInstrumentationAnalysisTransform
Transforming httpcore-4.4.16.jar (org.apache.httpcomponents:httpcore:4.4.16) with InstrumentationAnalysisTransform
Transforming bcprov-jdk18on-1.79.jar (org.bouncycastle:bcprov-jdk18on:1.79) with ExternalDependencyInstrumentingArtifactTransform
Transforming httpcore-4.4.16.jar (org.apache.httpcomponents:httpcore:4.4.16) with MergeInstrumentationAnalysisTransform
Transforming javax.activation-1.2.0.jar (com.sun.activation:javax.activation:1.2.0) with InstrumentationAnalysisTransform
Transforming httpclient-4.5.14.jar (org.apache.httpcomponents:httpclient:4.5.14) with ExternalDependencyInstrumentingArtifactTransform
Transforming javax.activation-1.2.0.jar (com.sun.activation:javax.activation:1.2.0) with MergeInstrumentationAnalysisTransform
Transforming signflinger-8.10.1.jar (com.android:signflinger:8.10.1) with InstrumentationAnalysisTransform
Transforming httpcore-4.4.16.jar (org.apache.httpcomponents:httpcore:4.4.16) with ExternalDependencyInstrumentingArtifactTransform
Transforming signflinger-8.10.1.jar (com.android:signflinger:8.10.1) with MergeInstrumentationAnalysisTransform
Transforming zipflinger-8.10.1.jar (com.android:zipflinger:8.10.1) with InstrumentationAnalysisTransform
Transforming javax.activation-1.2.0.jar (com.sun.activation:javax.activation:1.2.0) with ExternalDependencyInstrumentingArtifactTransform
Transforming zipflinger-8.10.1.jar (com.android:zipflinger:8.10.1) with MergeInstrumentationAnalysisTransform
Transforming annotations-31.10.1.jar (com.android.tools:annotations:31.10.1) with InstrumentationAnalysisTransform
Transforming annotations-31.10.1.jar (com.android.tools:annotations:31.10.1) with MergeInstrumentationAnalysisTransform
Transforming signflinger-8.10.1.jar (com.android:signflinger:8.10.1) with ExternalDependencyInstrumentingArtifactTransform
Transforming zipflinger-8.10.1.jar (com.android:zipflinger:8.10.1) with ExternalDependencyInstrumentingArtifactTransform
Transforming jna-platform-5.6.0.jar (net.java.dev.jna:jna-platform:5.6.0) with InstrumentationAnalysisTransform
Transforming annotations-31.10.1.jar (com.android.tools:annotations:31.10.1) with ExternalDependencyInstrumentingArtifactTransform
Transforming jna-platform-5.6.0.jar (net.java.dev.jna:jna-platform:5.6.0) with MergeInstrumentationAnalysisTransform
Transforming juniversalchardet-1.0.3.jar (com.googlecode.juniversalchardet:juniversalchardet:1.0.3) with InstrumentationAnalysisTransform
Transforming juniversalchardet-1.0.3.jar (com.googlecode.juniversalchardet:juniversalchardet:1.0.3) with MergeInstrumentationAnalysisTransform
Transforming javax.annotation-api-1.3.2.jar (javax.annotation:javax.annotation-api:1.3.2) with InstrumentationAnalysisTransform
Transforming jna-platform-5.6.0.jar (net.java.dev.jna:jna-platform:5.6.0) with ExternalDependencyInstrumentingArtifactTransform
Transforming javax.annotation-api-1.3.2.jar (javax.annotation:javax.annotation-api:1.3.2) with MergeInstrumentationAnalysisTransform
Transforming stax-ex-1.8.1.jar (org.jvnet.staxex:stax-ex:1.8.1) with InstrumentationAnalysisTransform
Transforming juniversalchardet-1.0.3.jar (com.googlecode.juniversalchardet:juniversalchardet:1.0.3) with ExternalDependencyInstrumentingArtifactTransform
Transforming stax-ex-1.8.1.jar (org.jvnet.staxex:stax-ex:1.8.1) with MergeInstrumentationAnalysisTransform
Transforming jakarta.xml.bind-api-2.3.2.jar (jakarta.xml.bind:jakarta.xml.bind-api:2.3.2) with InstrumentationAnalysisTransform
Transforming javax.annotation-api-1.3.2.jar (javax.annotation:javax.annotation-api:1.3.2) with ExternalDependencyInstrumentingArtifactTransform
Transforming jakarta.xml.bind-api-2.3.2.jar (jakarta.xml.bind:jakarta.xml.bind-api:2.3.2) with MergeInstrumentationAnalysisTransform
Transforming txw2-2.3.2.jar (org.glassfish.jaxb:txw2:2.3.2) with InstrumentationAnalysisTransform
Transforming stax-ex-1.8.1.jar (org.jvnet.staxex:stax-ex:1.8.1) with ExternalDependencyInstrumentingArtifactTransform
Transforming txw2-2.3.2.jar (org.glassfish.jaxb:txw2:2.3.2) with MergeInstrumentationAnalysisTransform
Transforming istack-commons-runtime-3.0.8.jar (com.sun.istack:istack-commons-runtime:3.0.8) with InstrumentationAnalysisTransform
Transforming jakarta.xml.bind-api-2.3.2.jar (jakarta.xml.bind:jakarta.xml.bind-api:2.3.2) with ExternalDependencyInstrumentingArtifactTransform
Transforming istack-commons-runtime-3.0.8.jar (com.sun.istack:istack-commons-runtime:3.0.8) with MergeInstrumentationAnalysisTransform
Transforming FastInfoset-1.2.16.jar (com.sun.xml.fastinfoset:FastInfoset:1.2.16) with InstrumentationAnalysisTransform
Transforming FastInfoset-1.2.16.jar (com.sun.xml.fastinfoset:FastInfoset:1.2.16) with MergeInstrumentationAnalysisTransform
Transforming txw2-2.3.2.jar (org.glassfish.jaxb:txw2:2.3.2) with ExternalDependencyInstrumentingArtifactTransform
Transforming jakarta.activation-api-1.2.1.jar (jakarta.activation:jakarta.activation-api:1.2.1) with InstrumentationAnalysisTransform
Transforming istack-commons-runtime-3.0.8.jar (com.sun.istack:istack-commons-runtime:3.0.8) with ExternalDependencyInstrumentingArtifactTransform
Transforming jakarta.activation-api-1.2.1.jar (jakarta.activation:jakarta.activation-api:1.2.1) with MergeInstrumentationAnalysisTransform
Transforming auto-value-annotations-1.6.2.jar (com.google.auto.value:auto-value-annotations:1.6.2) with InstrumentationAnalysisTransform
Transforming FastInfoset-1.2.16.jar (com.sun.xml.fastinfoset:FastInfoset:1.2.16) with ExternalDependencyInstrumentingArtifactTransform
Transforming auto-value-annotations-1.6.2.jar (com.google.auto.value:auto-value-annotations:1.6.2) with MergeInstrumentationAnalysisTransform
Transforming jose4j-0.9.5.jar (org.bitbucket.b_c:jose4j:0.9.5) with InstrumentationAnalysisTransform
Transforming jakarta.activation-api-1.2.1.jar (jakarta.activation:jakarta.activation-api:1.2.1) with ExternalDependencyInstrumentingArtifactTransform
Transforming jose4j-0.9.5.jar (org.bitbucket.b_c:jose4j:0.9.5) with MergeInstrumentationAnalysisTransform
Transforming auto-value-annotations-1.6.2.jar (com.google.auto.value:auto-value-annotations:1.6.2) with ExternalDependencyInstrumentingArtifactTransform
Transforming slf4j-api-1.7.30.jar (org.slf4j:slf4j-api:1.7.30) with InstrumentationAnalysisTransform
Transforming slf4j-api-1.7.30.jar (org.slf4j:slf4j-api:1.7.30) with MergeInstrumentationAnalysisTransform
Transforming jdom2-2.0.6.jar (org.jdom:jdom2:2.0.6) with InstrumentationAnalysisTransform
Transforming jose4j-0.9.5.jar (org.bitbucket.b_c:jose4j:0.9.5) with ExternalDependencyInstrumentingArtifactTransform
Transforming jdom2-2.0.6.jar (org.jdom:jdom2:2.0.6) with MergeInstrumentationAnalysisTransform
Transforming jsr305-3.0.2.jar (com.google.code.findbugs:jsr305:3.0.2) with InstrumentationAnalysisTransform
Transforming slf4j-api-1.7.30.jar (org.slf4j:slf4j-api:1.7.30) with ExternalDependencyInstrumentingArtifactTransform
Transforming jdom2-2.0.6.jar (org.jdom:jdom2:2.0.6) with ExternalDependencyInstrumentingArtifactTransform
Transforming jsr305-3.0.2.jar (com.google.code.findbugs:jsr305:3.0.2) with MergeInstrumentationAnalysisTransform
Transforming j2objc-annotations-3.0.0.jar (com.google.j2objc:j2objc-annotations:3.0.0) with InstrumentationAnalysisTransform
Transforming j2objc-annotations-3.0.0.jar (com.google.j2objc:j2objc-annotations:3.0.0) with MergeInstrumentationAnalysisTransform
Transforming jsr305-3.0.2.jar (com.google.code.findbugs:jsr305:3.0.2) with ExternalDependencyInstrumentingArtifactTransform
Transforming annotations-4.1.1.4.jar (com.google.android:annotations:4.1.1.4) with InstrumentationAnalysisTransform
Transforming annotations-4.1.1.4.jar (com.google.android:annotations:4.1.1.4) with MergeInstrumentationAnalysisTransform
Transforming j2objc-annotations-3.0.0.jar (com.google.j2objc:j2objc-annotations:3.0.0) with ExternalDependencyInstrumentingArtifactTransform
Transforming animal-sniffer-annotations-1.24.jar (org.codehaus.mojo:animal-sniffer-annotations:1.24) with InstrumentationAnalysisTransform
Transforming animal-sniffer-annotations-1.24.jar (org.codehaus.mojo:animal-sniffer-annotations:1.24) with MergeInstrumentationAnalysisTransform
Transforming perfmark-api-0.27.0.jar (io.perfmark:perfmark-api:0.27.0) with InstrumentationAnalysisTransform
Transforming annotations-4.1.1.4.jar (com.google.android:annotations:4.1.1.4) with ExternalDependencyInstrumentingArtifactTransform
Transforming perfmark-api-0.27.0.jar (io.perfmark:perfmark-api:0.27.0) with MergeInstrumentationAnalysisTransform
Transforming animal-sniffer-annotations-1.24.jar (org.codehaus.mojo:animal-sniffer-annotations:1.24) with ExternalDependencyInstrumentingArtifactTransform
Transforming netty-codec-http2-4.1.110.Final.jar (io.netty:netty-codec-http2:4.1.110.Final) with InstrumentationAnalysisTransform
Transforming netty-codec-http2-4.1.110.Final.jar (io.netty:netty-codec-http2:4.1.110.Final) with MergeInstrumentationAnalysisTransform
Transforming perfmark-api-0.27.0.jar (io.perfmark:perfmark-api:0.27.0) with ExternalDependencyInstrumentingArtifactTransform
Transforming netty-handler-proxy-4.1.110.Final.jar (io.netty:netty-handler-proxy:4.1.110.Final) with InstrumentationAnalysisTransform
Transforming netty-handler-proxy-4.1.110.Final.jar (io.netty:netty-handler-proxy:4.1.110.Final) with MergeInstrumentationAnalysisTransform
Transforming netty-codec-http2-4.1.110.Final.jar (io.netty:netty-codec-http2:4.1.110.Final) with ExternalDependencyInstrumentingArtifactTransform
Transforming netty-codec-http-4.1.110.Final.jar (io.netty:netty-codec-http:4.1.110.Final) with InstrumentationAnalysisTransform
Transforming netty-codec-http-4.1.110.Final.jar (io.netty:netty-codec-http:4.1.110.Final) with MergeInstrumentationAnalysisTransform
Transforming netty-handler-4.1.110.Final.jar (io.netty:netty-handler:4.1.110.Final) with InstrumentationAnalysisTransform
Transforming netty-handler-4.1.110.Final.jar (io.netty:netty-handler:4.1.110.Final) with MergeInstrumentationAnalysisTransform
Transforming netty-handler-proxy-4.1.110.Final.jar (io.netty:netty-handler-proxy:4.1.110.Final) with ExternalDependencyInstrumentingArtifactTransform
Transforming netty-codec-http-4.1.110.Final.jar (io.netty:netty-codec-http:4.1.110.Final) with ExternalDependencyInstrumentingArtifactTransform
Transforming netty-transport-native-unix-common-4.1.110.Final.jar (io.netty:netty-transport-native-unix-common:4.1.110.Final) with InstrumentationAnalysisTransform
Transforming netty-transport-native-unix-common-4.1.110.Final.jar (io.netty:netty-transport-native-unix-common:4.1.110.Final) with MergeInstrumentationAnalysisTransform
Transforming checker-qual-3.43.0.jar (org.checkerframework:checker-qual:3.43.0) with InstrumentationAnalysisTransform
Transforming netty-handler-4.1.110.Final.jar (io.netty:netty-handler:4.1.110.Final) with ExternalDependencyInstrumentingArtifactTransform
Transforming checker-qual-3.43.0.jar (org.checkerframework:checker-qual:3.43.0) with MergeInstrumentationAnalysisTransform
Transforming apksig-8.10.1.jar (com.android.tools.build:apksig:8.10.1) with InstrumentationAnalysisTransform
Transforming apksig-8.10.1.jar (com.android.tools.build:apksig:8.10.1) with MergeInstrumentationAnalysisTransform
Transforming javawriter-2.5.0.jar (com.squareup:javawriter:2.5.0) with InstrumentationAnalysisTransform
Transforming netty-transport-native-unix-common-4.1.110.Final.jar (io.netty:netty-transport-native-unix-common:4.1.110.Final) with ExternalDependencyInstrumentingArtifactTransform
Transforming javawriter-2.5.0.jar (com.squareup:javawriter:2.5.0) with MergeInstrumentationAnalysisTransform
Transforming failureaccess-1.0.2.jar (com.google.guava:failureaccess:1.0.2) with InstrumentationAnalysisTransform
Transforming failureaccess-1.0.2.jar (com.google.guava:failureaccess:1.0.2) with MergeInstrumentationAnalysisTransform
Transforming listenablefuture-9999.0-empty-to-avoid-conflict-with-guava.jar (com.google.guava:listenablefuture:9999.0-empty-to-avoid-conflict-with-guava) with InstrumentationAnalysisTransform
Transforming checker-qual-3.43.0.jar (org.checkerframework:checker-qual:3.43.0) with ExternalDependencyInstrumentingArtifactTransform
Transforming listenablefuture-9999.0-empty-to-avoid-conflict-with-guava.jar (com.google.guava:listenablefuture:9999.0-empty-to-avoid-conflict-with-guava) with MergeInstrumentationAnalysisTransform
Transforming commons-logging-1.2.jar (commons-logging:commons-logging:1.2) with InstrumentationAnalysisTransform
Transforming commons-logging-1.2.jar (commons-logging:commons-logging:1.2) with MergeInstrumentationAnalysisTransform
Transforming commons-codec-1.11.jar (commons-codec:commons-codec:1.11) with InstrumentationAnalysisTransform
Transforming apksig-8.10.1.jar (com.android.tools.build:apksig:8.10.1) with ExternalDependencyInstrumentingArtifactTransform
Transforming commons-codec-1.11.jar (commons-codec:commons-codec:1.11) with MergeInstrumentationAnalysisTransform
Transforming jna-5.6.0.jar (net.java.dev.jna:jna:5.6.0) with InstrumentationAnalysisTransform
Transforming jna-5.6.0.jar (net.java.dev.jna:jna:5.6.0) with MergeInstrumentationAnalysisTransform
Transforming netty-codec-socks-4.1.110.Final.jar (io.netty:netty-codec-socks:4.1.110.Final) with InstrumentationAnalysisTransform
Transforming javawriter-2.5.0.jar (com.squareup:javawriter:2.5.0) with ExternalDependencyInstrumentingArtifactTransform
Transforming netty-codec-socks-4.1.110.Final.jar (io.netty:netty-codec-socks:4.1.110.Final) with MergeInstrumentationAnalysisTransform
Transforming netty-codec-4.1.110.Final.jar (io.netty:netty-codec:4.1.110.Final) with InstrumentationAnalysisTransform
Transforming netty-codec-4.1.110.Final.jar (io.netty:netty-codec:4.1.110.Final) with MergeInstrumentationAnalysisTransform
Transforming netty-transport-4.1.110.Final.jar (io.netty:netty-transport:4.1.110.Final) with InstrumentationAnalysisTransform
Transforming netty-transport-4.1.110.Final.jar (io.netty:netty-transport:4.1.110.Final) with MergeInstrumentationAnalysisTransform
Transforming failureaccess-1.0.2.jar (com.google.guava:failureaccess:1.0.2) with ExternalDependencyInstrumentingArtifactTransform
Transforming netty-buffer-4.1.110.Final.jar (io.netty:netty-buffer:4.1.110.Final) with InstrumentationAnalysisTransform
Transforming netty-buffer-4.1.110.Final.jar (io.netty:netty-buffer:4.1.110.Final) with MergeInstrumentationAnalysisTransform
Transforming netty-resolver-4.1.110.Final.jar (io.netty:netty-resolver:4.1.110.Final) with InstrumentationAnalysisTransform
Transforming netty-resolver-4.1.110.Final.jar (io.netty:netty-resolver:4.1.110.Final) with MergeInstrumentationAnalysisTransform
Transforming listenablefuture-9999.0-empty-to-avoid-conflict-with-guava.jar (com.google.guava:listenablefuture:9999.0-empty-to-avoid-conflict-with-guava) with ExternalDependencyInstrumentingArtifactTransform
Transforming netty-common-4.1.110.Final.jar (io.netty:netty-common:4.1.110.Final) with InstrumentationAnalysisTransform
Transforming netty-common-4.1.110.Final.jar (io.netty:netty-common:4.1.110.Final) with MergeInstrumentationAnalysisTransform
Transforming commons-logging-1.2.jar (commons-logging:commons-logging:1.2) with ExternalDependencyInstrumentingArtifactTransform
Transforming commons-codec-1.11.jar (commons-codec:commons-codec:1.11) with ExternalDependencyInstrumentingArtifactTransform
Transforming jna-5.6.0.jar (net.java.dev.jna:jna:5.6.0) with ExternalDependencyInstrumentingArtifactTransform
Transforming netty-codec-socks-4.1.110.Final.jar (io.netty:netty-codec-socks:4.1.110.Final) with ExternalDependencyInstrumentingArtifactTransform
Transforming netty-codec-4.1.110.Final.jar (io.netty:netty-codec:4.1.110.Final) with ExternalDependencyInstrumentingArtifactTransform
Transforming netty-transport-4.1.110.Final.jar (io.netty:netty-transport:4.1.110.Final) with ExternalDependencyInstrumentingArtifactTransform
Transforming netty-resolver-4.1.110.Final.jar (io.netty:netty-resolver:4.1.110.Final) with ExternalDependencyInstrumentingArtifactTransform
Transforming netty-common-4.1.110.Final.jar (io.netty:netty-common:4.1.110.Final) with ExternalDependencyInstrumentingArtifactTransform
Transforming netty-buffer-4.1.110.Final.jar (io.netty:netty-buffer:4.1.110.Final) with ExternalDependencyInstrumentingArtifactTransform
Transforming plugins.jar (project :build-logic:plugins) with ProjectDependencyInstrumentingArtifactTransform
Transforming tools.jar (project :build-logic:tools) with ProjectDependencyInstrumentingArtifactTransform
Using default execution profile
Using Kotlin Gradle Plugin gradle811 variant
WARNING: BuildType 'debug' is both debuggable and has 'isMinifyEnabled' set to true.
All code optimizations and obfuscation are disabled for debuggable builds.

> Configure project :paging
Evaluating project ':paging' using build file '/home/lollerfirst/Signal-Android/paging/lib/build.gradle.kts'.
Transforming classes with InstrumentationAnalysisTransform
Transforming classes with InstrumentationAnalysisTransform
Transforming gradle-8.10.1.jar (com.android.tools.build:gradle:8.10.1) with InstrumentationAnalysisTransform
Transforming gradle-settings-api-8.10.1.jar (com.android.tools.build:gradle-settings-api:8.10.1) with InstrumentationAnalysisTransform
Transforming lint-model-31.10.1.jar (com.android.tools.lint:lint-model:31.10.1) with InstrumentationAnalysisTransform
Transforming builder-8.10.1.jar (com.android.tools.build:builder:8.10.1) with InstrumentationAnalysisTransform
Transforming manifest-merger-31.10.1.jar (com.android.tools.build:manifest-merger:31.10.1) with InstrumentationAnalysisTransform
Transforming sdk-common-31.10.1.jar (com.android.tools:sdk-common:31.10.1) with InstrumentationAnalysisTransform
Transforming sdklib-31.10.1.jar (com.android.tools:sdklib:31.10.1) with InstrumentationAnalysisTransform
Transforming repository-31.10.1.jar (com.android.tools:repository:31.10.1) with InstrumentationAnalysisTransform
Transforming aaptcompiler-8.10.1.jar (com.android.tools.build:aaptcompiler:8.10.1) with InstrumentationAnalysisTransform
Transforming tracker-31.10.1.jar (com.android.tools.analytics-library:tracker:31.10.1) with InstrumentationAnalysisTransform
Transforming shared-31.10.1.jar (com.android.tools.analytics-library:shared:31.10.1) with InstrumentationAnalysisTransform
Transforming databinding-compiler-common-8.10.1.jar (androidx.databinding:databinding-compiler-common:8.10.1) with InstrumentationAnalysisTransform
Transforming android-test-plugin-host-emulator-control-proto-31.10.1.jar (com.android.tools.utp:android-test-plugin-host-emulator-control-proto:31.10.1) with InstrumentationAnalysisTransform
Transforming builder-model-8.10.1.jar (com.android.tools.build:builder-model:8.10.1) with InstrumentationAnalysisTransform
Transforming gradle-api-8.10.1.jar (com.android.tools.build:gradle-api:8.10.1) with InstrumentationAnalysisTransform
Transforming builder-test-api-8.10.1.jar (com.android.tools.build:builder-test-api:8.10.1) with InstrumentationAnalysisTransform
Transforming ddmlib-31.10.1.jar (com.android.tools.ddms:ddmlib:31.10.1) with InstrumentationAnalysisTransform
Transforming layoutlib-api-31.10.1.jar (com.android.tools.layoutlib:layoutlib-api:31.10.1) with InstrumentationAnalysisTransform
Transforming dvlib-31.10.1.jar (com.android.tools:dvlib:31.10.1) with InstrumentationAnalysisTransform
Transforming common-31.10.1.jar (com.android.tools:common:31.10.1) with InstrumentationAnalysisTransform
Transforming kotlin-stdlib-jdk8-2.1.0.jar (org.jetbrains.kotlin:kotlin-stdlib-jdk8:2.1.0) with InstrumentationAnalysisTransform
Transforming jetifier-processor-1.0.0-beta10.jar (com.android.tools.build.jetifier:jetifier-processor:1.0.0-beta10) with InstrumentationAnalysisTransform
Transforming jetifier-core-1.0.0-beta10.jar (com.android.tools.build.jetifier:jetifier-core:1.0.0-beta10) with InstrumentationAnalysisTransform
Transforming kotlin-reflect-2.0.20.jar (org.jetbrains.kotlin:kotlin-reflect:2.0.20) with InstrumentationAnalysisTransform
Transforming kotlin-stdlib-jdk7-2.1.0.jar (org.jetbrains.kotlin:kotlin-stdlib-jdk7:2.1.0) with InstrumentationAnalysisTransform
Transforming kotlin-stdlib-2.0.20.jar (org.jetbrains.kotlin:kotlin-stdlib:2.0.20) with InstrumentationAnalysisTransform
Transforming annotations-13.0.jar (org.jetbrains:annotations:13.0) with InstrumentationAnalysisTransform
Transforming kotlin-gradle-plugin-model-2.2.20.jar (org.jetbrains.kotlin:kotlin-gradle-plugin-model:2.2.20) with InstrumentationAnalysisTransform
Transforming fus-statistics-gradle-plugin-2.2.20-gradle811.jar (org.jetbrains.kotlin:fus-statistics-gradle-plugin:2.2.20) with InstrumentationAnalysisTransform
Transforming kotlin-gradle-plugin-api-2.2.20.jar (org.jetbrains.kotlin:kotlin-gradle-plugin-api:2.2.20) with InstrumentationAnalysisTransform
Transforming kotlin-gradle-plugin-api-2.2.20-gradle811.jar (org.jetbrains.kotlin:kotlin-gradle-plugin-api:2.2.20) with InstrumentationAnalysisTransform
Transforming kotlin-gradle-plugin-2.2.20-gradle811.jar (org.jetbrains.kotlin:kotlin-gradle-plugin:2.2.20) with InstrumentationAnalysisTransform
Transforming ktlint-gradle-12.1.1.jar (org.jlleitschuh.gradle:ktlint-gradle:12.1.1) with InstrumentationAnalysisTransform
Transforming kotlin-gradle-plugin-idea-proto-2.2.20.jar (org.jetbrains.kotlin:kotlin-gradle-plugin-idea-proto:2.2.20) with InstrumentationAnalysisTransform
Transforming kotlin-gradle-plugin-idea-2.2.20.jar (org.jetbrains.kotlin:kotlin-gradle-plugin-idea:2.2.20) with InstrumentationAnalysisTransform
Transforming kotlin-klib-commonizer-api-2.2.20.jar (org.jetbrains.kotlin:kotlin-klib-commonizer-api:2.2.20) with InstrumentationAnalysisTransform
Transforming kotlin-build-statistics-2.2.20.jar (org.jetbrains.kotlin:kotlin-build-statistics:2.2.20) with InstrumentationAnalysisTransform
Transforming kotlin-util-klib-metadata-2.2.20.jar (org.jetbrains.kotlin:kotlin-util-klib-metadata:2.2.20) with InstrumentationAnalysisTransform
Transforming abi-tools-api-2.2.20.jar (org.jetbrains.kotlin:abi-tools-api:2.2.20) with InstrumentationAnalysisTransform
Transforming kotlin-compiler-runner-2.2.20.jar (org.jetbrains.kotlin:kotlin-compiler-runner:2.2.20) with InstrumentationAnalysisTransform
Transforming dnsjava-2.1.9.jar (dnsjava:dnsjava:2.1.9) with InstrumentationAnalysisTransform
Transforming kotlin-gradle-plugin-annotations-2.2.20.jar (org.jetbrains.kotlin:kotlin-gradle-plugin-annotations:2.2.20) with InstrumentationAnalysisTransform
Transforming kotlin-native-utils-2.2.20.jar (org.jetbrains.kotlin:kotlin-native-utils:2.2.20) with InstrumentationAnalysisTransform
Transforming kotlin-tooling-core-2.2.20.jar (org.jetbrains.kotlin:kotlin-tooling-core:2.2.20) with InstrumentationAnalysisTransform
Transforming kotlin-build-tools-api-2.2.20.jar (org.jetbrains.kotlin:kotlin-build-tools-api:2.2.20) with InstrumentationAnalysisTransform
Transforming android-test-plugin-result-listener-gradle-proto-31.10.1.jar (com.android.tools.utp:android-test-plugin-result-listener-gradle-proto:31.10.1) with InstrumentationAnalysisTransform
Transforming bundletool-1.18.0.jar (com.android.tools.build:bundletool:1.18.0) with InstrumentationAnalysisTransform
Transforming protobuf-java-util-3.25.5.jar (com.google.protobuf:protobuf-java-util:3.25.5) with InstrumentationAnalysisTransform
Transforming grpc-netty-1.69.1.jar (io.grpc:grpc-netty:1.69.1) with InstrumentationAnalysisTransform
Transforming grpc-inprocess-1.69.1.jar (io.grpc:grpc-inprocess:1.69.1) with InstrumentationAnalysisTransform
Transforming grpc-util-1.69.1.jar (io.grpc:grpc-util:1.69.1) with InstrumentationAnalysisTransform
Transforming grpc-core-1.69.1.jar (io.grpc:grpc-core:1.69.1) with InstrumentationAnalysisTransform
Transforming tink-1.7.0.jar (com.google.crypto.tink:tink:1.7.0) with InstrumentationAnalysisTransform
Transforming gson-2.11.0.jar (com.google.code.gson:gson:2.11.0) with InstrumentationAnalysisTransform
Transforming kotlin-util-klib-2.2.20.jar (org.jetbrains.kotlin:kotlin-util-klib:2.2.20) with InstrumentationAnalysisTransform
Transforming kotlin-util-io-2.2.20.jar (org.jetbrains.kotlin:kotlin-util-io:2.2.20) with InstrumentationAnalysisTransform
Transforming kotlin-daemon-client-2.2.20.jar (org.jetbrains.kotlin:kotlin-daemon-client:2.2.20) with InstrumentationAnalysisTransform
Transforming kotlinx-coroutines-core-jvm-1.8.0.jar (org.jetbrains.kotlinx:kotlinx-coroutines-core-jvm:1.8.0) with InstrumentationAnalysisTransform
Transforming aapt2-proto-8.10.1-12782657.jar (com.android.tools.build:aapt2-proto:8.10.1-12782657) with InstrumentationAnalysisTransform
Transforming crash-31.10.1.jar (com.android.tools.analytics-library:crash:31.10.1) with InstrumentationAnalysisTransform
Transforming lint-typedef-remover-31.10.1.jar (com.android.tools.lint:lint-typedef-remover:31.10.1) with InstrumentationAnalysisTransform
Transforming databinding-common-8.10.1.jar (androidx.databinding:databinding-common:8.10.1) with InstrumentationAnalysisTransform
Transforming baseLibrary-8.10.1.jar (com.android.databinding:baseLibrary:8.10.1) with InstrumentationAnalysisTransform
Transforming android-device-provider-ddmlib-proto-31.10.1.jar (com.android.tools.utp:android-device-provider-ddmlib-proto:31.10.1) with InstrumentationAnalysisTransform
Transforming android-device-provider-gradle-proto-31.10.1.jar (com.android.tools.utp:android-device-provider-gradle-proto:31.10.1) with InstrumentationAnalysisTransform
Transforming android-device-provider-profile-proto-31.10.1.jar (com.android.tools.utp:android-device-provider-profile-proto:31.10.1) with InstrumentationAnalysisTransform
Transforming android-test-plugin-host-additional-test-output-proto-31.10.1.jar (com.android.tools.utp:android-test-plugin-host-additional-test-output-proto:31.10.1) with InstrumentationAnalysisTransform
Transforming android-test-plugin-host-coverage-proto-31.10.1.jar (com.android.tools.utp:android-test-plugin-host-coverage-proto:31.10.1) with InstrumentationAnalysisTransform
Transforming android-test-plugin-host-logcat-proto-31.10.1.jar (com.android.tools.utp:android-test-plugin-host-logcat-proto:31.10.1) with InstrumentationAnalysisTransform
Transforming android-test-plugin-host-apk-installer-proto-31.10.1.jar (com.android.tools.utp:android-test-plugin-host-apk-installer-proto:31.10.1) with InstrumentationAnalysisTransform
Transforming transform-api-2.0.0-deprecated-use-gradle-api.jar (com.android.tools.build:transform-api:2.0.0-deprecated-use-gradle-api) with InstrumentationAnalysisTransform
Transforming httpmime-4.5.6.jar (org.apache.httpcomponents:httpmime:4.5.6) with InstrumentationAnalysisTransform
Transforming commons-io-2.16.1.jar (commons-io:commons-io:2.16.1) with InstrumentationAnalysisTransform
Transforming asm-commons-9.7.1.jar (org.ow2.asm:asm-commons:9.7.1) with InstrumentationAnalysisTransform
Transforming asm-util-9.7.1.jar (org.ow2.asm:asm-util:9.7.1) with InstrumentationAnalysisTransform
Transforming asm-analysis-9.7.1.jar (org.ow2.asm:asm-analysis:9.7.1) with InstrumentationAnalysisTransform
Transforming asm-tree-9.7.1.jar (org.ow2.asm:asm-tree:9.7.1) with InstrumentationAnalysisTransform
Transforming asm-9.7.1.jar (org.ow2.asm:asm:9.7.1) with InstrumentationAnalysisTransform
Transforming apkzlib-8.10.1.jar (com.android.tools.build:apkzlib:8.10.1) with InstrumentationAnalysisTransform
Transforming bcpkix-jdk18on-1.79.jar (org.bouncycastle:bcpkix-jdk18on:1.79) with InstrumentationAnalysisTransform
Transforming jaxb-runtime-2.3.2.jar (org.glassfish.jaxb:jaxb-runtime:2.3.2) with InstrumentationAnalysisTransform
Transforming jopt-simple-4.9.jar (net.sf.jopt-simple:jopt-simple:4.9) with InstrumentationAnalysisTransform
Transforming javapoet-1.10.0.jar (com.squareup:javapoet:1.10.0) with InstrumentationAnalysisTransform
Transforming grpc-protobuf-1.69.1.jar (io.grpc:grpc-protobuf:1.69.1) with InstrumentationAnalysisTransform
Transforming core-proto-0.0.9-alpha03.jar (com.google.testing.platform:core-proto:0.0.9-alpha03) with InstrumentationAnalysisTransform
Transforming protos-31.10.1.jar (com.android.tools.analytics-library:protos:31.10.1) with InstrumentationAnalysisTransform
Transforming proto-google-common-protos-2.48.0.jar (com.google.api.grpc:proto-google-common-protos:2.48.0) with InstrumentationAnalysisTransform
Transforming protobuf-java-3.25.5.jar (com.google.protobuf:protobuf-java:3.25.5) with InstrumentationAnalysisTransform
Transforming grpc-stub-1.69.1.jar (io.grpc:grpc-stub:1.69.1) with InstrumentationAnalysisTransform
Transforming tensorflow-lite-metadata-0.2.0.jar (org.tensorflow:tensorflow-lite-metadata:0.2.0) with InstrumentationAnalysisTransform
Transforming flatbuffers-java-1.12.0.jar (com.google.flatbuffers:flatbuffers-java:1.12.0) with InstrumentationAnalysisTransform
Transforming jimfs-1.1.jar (com.google.jimfs:jimfs:1.1) with InstrumentationAnalysisTransform
Transforming grpc-context-1.69.1.jar (io.grpc:grpc-context:1.69.1) with InstrumentationAnalysisTransform
Transforming grpc-protobuf-lite-1.69.1.jar (io.grpc:grpc-protobuf-lite:1.69.1) with InstrumentationAnalysisTransform
Transforming grpc-api-1.69.1.jar (io.grpc:grpc-api:1.69.1) with InstrumentationAnalysisTransform
Transforming guava-33.3.1-jre.jar (com.google.guava:guava:33.3.1-jre) with InstrumentationAnalysisTransform
Transforming error_prone_annotations-2.30.0.jar (com.google.errorprone:error_prone_annotations:2.30.0) with InstrumentationAnalysisTransform
Transforming dagger-2.28.3.jar (com.google.dagger:dagger:2.28.3) with InstrumentationAnalysisTransform
Transforming javax.inject-1.jar (javax.inject:javax.inject:1) with InstrumentationAnalysisTransform
Transforming kxml2-2.3.0.jar (net.sf.kxml:kxml2:2.3.0) with InstrumentationAnalysisTransform
Transforming commons-compress-1.21.jar (org.apache.commons:commons-compress:1.21) with InstrumentationAnalysisTransform
Transforming bcutil-jdk18on-1.79.jar (org.bouncycastle:bcutil-jdk18on:1.79) with InstrumentationAnalysisTransform
Transforming bcprov-jdk18on-1.79.jar (org.bouncycastle:bcprov-jdk18on:1.79) with InstrumentationAnalysisTransform
Transforming httpclient-4.5.14.jar (org.apache.httpcomponents:httpclient:4.5.14) with InstrumentationAnalysisTransform
Transforming httpcore-4.4.16.jar (org.apache.httpcomponents:httpcore:4.4.16) with InstrumentationAnalysisTransform
Transforming javax.activation-1.2.0.jar (com.sun.activation:javax.activation:1.2.0) with InstrumentationAnalysisTransform
Transforming signflinger-8.10.1.jar (com.android:signflinger:8.10.1) with InstrumentationAnalysisTransform
Transforming zipflinger-8.10.1.jar (com.android:zipflinger:8.10.1) with InstrumentationAnalysisTransform
Transforming annotations-31.10.1.jar (com.android.tools:annotations:31.10.1) with InstrumentationAnalysisTransform
Transforming jna-platform-5.6.0.jar (net.java.dev.jna:jna-platform:5.6.0) with InstrumentationAnalysisTransform
Transforming juniversalchardet-1.0.3.jar (com.googlecode.juniversalchardet:juniversalchardet:1.0.3) with InstrumentationAnalysisTransform
Transforming javax.annotation-api-1.3.2.jar (javax.annotation:javax.annotation-api:1.3.2) with InstrumentationAnalysisTransform
Transforming stax-ex-1.8.1.jar (org.jvnet.staxex:stax-ex:1.8.1) with InstrumentationAnalysisTransform
Transforming jakarta.xml.bind-api-2.3.2.jar (jakarta.xml.bind:jakarta.xml.bind-api:2.3.2) with InstrumentationAnalysisTransform
Transforming txw2-2.3.2.jar (org.glassfish.jaxb:txw2:2.3.2) with InstrumentationAnalysisTransform
Transforming istack-commons-runtime-3.0.8.jar (com.sun.istack:istack-commons-runtime:3.0.8) with InstrumentationAnalysisTransform
Transforming FastInfoset-1.2.16.jar (com.sun.xml.fastinfoset:FastInfoset:1.2.16) with InstrumentationAnalysisTransform
Transforming jakarta.activation-api-1.2.1.jar (jakarta.activation:jakarta.activation-api:1.2.1) with InstrumentationAnalysisTransform
Transforming auto-value-annotations-1.6.2.jar (com.google.auto.value:auto-value-annotations:1.6.2) with InstrumentationAnalysisTransform
Transforming jose4j-0.9.5.jar (org.bitbucket.b_c:jose4j:0.9.5) with InstrumentationAnalysisTransform
Transforming slf4j-api-1.7.30.jar (org.slf4j:slf4j-api:1.7.30) with InstrumentationAnalysisTransform
Transforming jdom2-2.0.6.jar (org.jdom:jdom2:2.0.6) with InstrumentationAnalysisTransform
Transforming jsr305-3.0.2.jar (com.google.code.findbugs:jsr305:3.0.2) with InstrumentationAnalysisTransform
Transforming j2objc-annotations-3.0.0.jar (com.google.j2objc:j2objc-annotations:3.0.0) with InstrumentationAnalysisTransform
Transforming annotations-4.1.1.4.jar (com.google.android:annotations:4.1.1.4) with InstrumentationAnalysisTransform
Transforming animal-sniffer-annotations-1.24.jar (org.codehaus.mojo:animal-sniffer-annotations:1.24) with InstrumentationAnalysisTransform
Transforming perfmark-api-0.27.0.jar (io.perfmark:perfmark-api:0.27.0) with InstrumentationAnalysisTransform
Transforming netty-codec-http2-4.1.110.Final.jar (io.netty:netty-codec-http2:4.1.110.Final) with InstrumentationAnalysisTransform
Transforming netty-handler-proxy-4.1.110.Final.jar (io.netty:netty-handler-proxy:4.1.110.Final) with InstrumentationAnalysisTransform
Transforming netty-codec-http-4.1.110.Final.jar (io.netty:netty-codec-http:4.1.110.Final) with InstrumentationAnalysisTransform
Transforming netty-handler-4.1.110.Final.jar (io.netty:netty-handler:4.1.110.Final) with InstrumentationAnalysisTransform
Transforming netty-transport-native-unix-common-4.1.110.Final.jar (io.netty:netty-transport-native-unix-common:4.1.110.Final) with InstrumentationAnalysisTransform
Transforming checker-qual-3.43.0.jar (org.checkerframework:checker-qual:3.43.0) with InstrumentationAnalysisTransform
Transforming apksig-8.10.1.jar (com.android.tools.build:apksig:8.10.1) with InstrumentationAnalysisTransform
Transforming javawriter-2.5.0.jar (com.squareup:javawriter:2.5.0) with InstrumentationAnalysisTransform
Transforming failureaccess-1.0.2.jar (com.google.guava:failureaccess:1.0.2) with InstrumentationAnalysisTransform
Transforming listenablefuture-9999.0-empty-to-avoid-conflict-with-guava.jar (com.google.guava:listenablefuture:9999.0-empty-to-avoid-conflict-with-guava) with InstrumentationAnalysisTransform
Transforming commons-logging-1.2.jar (commons-logging:commons-logging:1.2) with InstrumentationAnalysisTransform
Transforming commons-codec-1.11.jar (commons-codec:commons-codec:1.11) with InstrumentationAnalysisTransform
Transforming jna-5.6.0.jar (net.java.dev.jna:jna:5.6.0) with InstrumentationAnalysisTransform
Transforming netty-codec-socks-4.1.110.Final.jar (io.netty:netty-codec-socks:4.1.110.Final) with InstrumentationAnalysisTransform
Transforming netty-codec-4.1.110.Final.jar (io.netty:netty-codec:4.1.110.Final) with InstrumentationAnalysisTransform
Transforming netty-transport-4.1.110.Final.jar (io.netty:netty-transport:4.1.110.Final) with InstrumentationAnalysisTransform
Transforming netty-buffer-4.1.110.Final.jar (io.netty:netty-buffer:4.1.110.Final) with InstrumentationAnalysisTransform
Transforming netty-resolver-4.1.110.Final.jar (io.netty:netty-resolver:4.1.110.Final) with InstrumentationAnalysisTransform
Transforming netty-common-4.1.110.Final.jar (io.netty:netty-common:4.1.110.Final) with InstrumentationAnalysisTransform
Transforming main (project :build-logic:plugins) with InstrumentationAnalysisTransform
Transforming main (project :build-logic:plugins) with InstrumentationAnalysisTransform
Transforming main (project :build-logic:plugins) with InstrumentationAnalysisTransform
Transforming main (project :build-logic:tools) with InstrumentationAnalysisTransform
Transforming main (project :build-logic:tools) with InstrumentationAnalysisTransform
Transforming classes with InstrumentationAnalysisTransform
Transforming classes with MergeInstrumentationAnalysisTransform
Transforming classes with InstrumentationAnalysisTransform
Transforming classes with MergeInstrumentationAnalysisTransform
Transforming gradle-8.10.1.jar (com.android.tools.build:gradle:8.10.1) with InstrumentationAnalysisTransform
Transforming classes with ExternalDependencyInstrumentingArtifactTransform
Transforming gradle-8.10.1.jar (com.android.tools.build:gradle:8.10.1) with MergeInstrumentationAnalysisTransform
Transforming gradle-settings-api-8.10.1.jar (com.android.tools.build:gradle-settings-api:8.10.1) with InstrumentationAnalysisTransform
Transforming classes with ExternalDependencyInstrumentingArtifactTransform
Transforming gradle-settings-api-8.10.1.jar (com.android.tools.build:gradle-settings-api:8.10.1) with MergeInstrumentationAnalysisTransform
Transforming gradle-8.10.1.jar (com.android.tools.build:gradle:8.10.1) with ExternalDependencyInstrumentingArtifactTransform
Transforming lint-model-31.10.1.jar (com.android.tools.lint:lint-model:31.10.1) with InstrumentationAnalysisTransform
Transforming lint-model-31.10.1.jar (com.android.tools.lint:lint-model:31.10.1) with MergeInstrumentationAnalysisTransform
Transforming gradle-settings-api-8.10.1.jar (com.android.tools.build:gradle-settings-api:8.10.1) with ExternalDependencyInstrumentingArtifactTransform
Transforming builder-8.10.1.jar (com.android.tools.build:builder:8.10.1) with InstrumentationAnalysisTransform
Transforming builder-8.10.1.jar (com.android.tools.build:builder:8.10.1) with MergeInstrumentationAnalysisTransform
Transforming manifest-merger-31.10.1.jar (com.android.tools.build:manifest-merger:31.10.1) with InstrumentationAnalysisTransform
Transforming manifest-merger-31.10.1.jar (com.android.tools.build:manifest-merger:31.10.1) with MergeInstrumentationAnalysisTransform
Transforming sdk-common-31.10.1.jar (com.android.tools:sdk-common:31.10.1) with InstrumentationAnalysisTransform
Transforming builder-8.10.1.jar (com.android.tools.build:builder:8.10.1) with ExternalDependencyInstrumentingArtifactTransform
Transforming sdk-common-31.10.1.jar (com.android.tools:sdk-common:31.10.1) with MergeInstrumentationAnalysisTransform
Transforming manifest-merger-31.10.1.jar (com.android.tools.build:manifest-merger:31.10.1) with ExternalDependencyInstrumentingArtifactTransform
Transforming sdklib-31.10.1.jar (com.android.tools:sdklib:31.10.1) with InstrumentationAnalysisTransform
Transforming sdklib-31.10.1.jar (com.android.tools:sdklib:31.10.1) with MergeInstrumentationAnalysisTransform
Transforming sdk-common-31.10.1.jar (com.android.tools:sdk-common:31.10.1) with ExternalDependencyInstrumentingArtifactTransform
Transforming repository-31.10.1.jar (com.android.tools:repository:31.10.1) with InstrumentationAnalysisTransform
Transforming repository-31.10.1.jar (com.android.tools:repository:31.10.1) with MergeInstrumentationAnalysisTransform
Transforming aaptcompiler-8.10.1.jar (com.android.tools.build:aaptcompiler:8.10.1) with InstrumentationAnalysisTransform
Transforming aaptcompiler-8.10.1.jar (com.android.tools.build:aaptcompiler:8.10.1) with MergeInstrumentationAnalysisTransform
Transforming sdklib-31.10.1.jar (com.android.tools:sdklib:31.10.1) with ExternalDependencyInstrumentingArtifactTransform
Transforming repository-31.10.1.jar (com.android.tools:repository:31.10.1) with ExternalDependencyInstrumentingArtifactTransform
Transforming aaptcompiler-8.10.1.jar (com.android.tools.build:aaptcompiler:8.10.1) with ExternalDependencyInstrumentingArtifactTransform
Transforming lint-model-31.10.1.jar (com.android.tools.lint:lint-model:31.10.1) with ExternalDependencyInstrumentingArtifactTransform
Transforming tracker-31.10.1.jar (com.android.tools.analytics-library:tracker:31.10.1) with InstrumentationAnalysisTransform
Transforming tracker-31.10.1.jar (com.android.tools.analytics-library:tracker:31.10.1) with MergeInstrumentationAnalysisTransform
Transforming shared-31.10.1.jar (com.android.tools.analytics-library:shared:31.10.1) with InstrumentationAnalysisTransform
Transforming shared-31.10.1.jar (com.android.tools.analytics-library:shared:31.10.1) with MergeInstrumentationAnalysisTransform
Transforming databinding-compiler-common-8.10.1.jar (androidx.databinding:databinding-compiler-common:8.10.1) with InstrumentationAnalysisTransform
Transforming databinding-compiler-common-8.10.1.jar (androidx.databinding:databinding-compiler-common:8.10.1) with MergeInstrumentationAnalysisTransform
Transforming android-test-plugin-host-emulator-control-proto-31.10.1.jar (com.android.tools.utp:android-test-plugin-host-emulator-control-proto:31.10.1) with InstrumentationAnalysisTransform
Transforming android-test-plugin-host-emulator-control-proto-31.10.1.jar (com.android.tools.utp:android-test-plugin-host-emulator-control-proto:31.10.1) with MergeInstrumentationAnalysisTransform
Transforming tracker-31.10.1.jar (com.android.tools.analytics-library:tracker:31.10.1) with ExternalDependencyInstrumentingArtifactTransform
Transforming builder-model-8.10.1.jar (com.android.tools.build:builder-model:8.10.1) with InstrumentationAnalysisTransform
Transforming builder-model-8.10.1.jar (com.android.tools.build:builder-model:8.10.1) with MergeInstrumentationAnalysisTransform
Transforming gradle-api-8.10.1.jar (com.android.tools.build:gradle-api:8.10.1) with InstrumentationAnalysisTransform
Transforming databinding-compiler-common-8.10.1.jar (androidx.databinding:databinding-compiler-common:8.10.1) with ExternalDependencyInstrumentingArtifactTransform
Transforming gradle-api-8.10.1.jar (com.android.tools.build:gradle-api:8.10.1) with MergeInstrumentationAnalysisTransform
Transforming builder-test-api-8.10.1.jar (com.android.tools.build:builder-test-api:8.10.1) with InstrumentationAnalysisTransform
Transforming shared-31.10.1.jar (com.android.tools.analytics-library:shared:31.10.1) with ExternalDependencyInstrumentingArtifactTransform
Transforming builder-test-api-8.10.1.jar (com.android.tools.build:builder-test-api:8.10.1) with MergeInstrumentationAnalysisTransform
Transforming android-test-plugin-host-emulator-control-proto-31.10.1.jar (com.android.tools.utp:android-test-plugin-host-emulator-control-proto:31.10.1) with ExternalDependencyInstrumentingArtifactTransform
Transforming builder-model-8.10.1.jar (com.android.tools.build:builder-model:8.10.1) with ExternalDependencyInstrumentingArtifactTransform
Transforming gradle-api-8.10.1.jar (com.android.tools.build:gradle-api:8.10.1) with ExternalDependencyInstrumentingArtifactTransform
Transforming builder-test-api-8.10.1.jar (com.android.tools.build:builder-test-api:8.10.1) with ExternalDependencyInstrumentingArtifactTransform
Transforming ddmlib-31.10.1.jar (com.android.tools.ddms:ddmlib:31.10.1) with InstrumentationAnalysisTransform
Transforming ddmlib-31.10.1.jar (com.android.tools.ddms:ddmlib:31.10.1) with MergeInstrumentationAnalysisTransform
Transforming layoutlib-api-31.10.1.jar (com.android.tools.layoutlib:layoutlib-api:31.10.1) with InstrumentationAnalysisTransform
Transforming ddmlib-31.10.1.jar (com.android.tools.ddms:ddmlib:31.10.1) with ExternalDependencyInstrumentingArtifactTransform
Transforming layoutlib-api-31.10.1.jar (com.android.tools.layoutlib:layoutlib-api:31.10.1) with MergeInstrumentationAnalysisTransform
Transforming dvlib-31.10.1.jar (com.android.tools:dvlib:31.10.1) with InstrumentationAnalysisTransform
Transforming layoutlib-api-31.10.1.jar (com.android.tools.layoutlib:layoutlib-api:31.10.1) with ExternalDependencyInstrumentingArtifactTransform
Transforming dvlib-31.10.1.jar (com.android.tools:dvlib:31.10.1) with MergeInstrumentationAnalysisTransform
Transforming common-31.10.1.jar (com.android.tools:common:31.10.1) with InstrumentationAnalysisTransform
Transforming common-31.10.1.jar (com.android.tools:common:31.10.1) with MergeInstrumentationAnalysisTransform
Transforming kotlin-stdlib-jdk8-2.1.0.jar (org.jetbrains.kotlin:kotlin-stdlib-jdk8:2.1.0) with InstrumentationAnalysisTransform
Transforming dvlib-31.10.1.jar (com.android.tools:dvlib:31.10.1) with ExternalDependencyInstrumentingArtifactTransform
Transforming kotlin-stdlib-jdk8-2.1.0.jar (org.jetbrains.kotlin:kotlin-stdlib-jdk8:2.1.0) with MergeInstrumentationAnalysisTransform
Transforming jetifier-processor-1.0.0-beta10.jar (com.android.tools.build.jetifier:jetifier-processor:1.0.0-beta10) with InstrumentationAnalysisTransform
Transforming common-31.10.1.jar (com.android.tools:common:31.10.1) with ExternalDependencyInstrumentingArtifactTransform
Transforming jetifier-processor-1.0.0-beta10.jar (com.android.tools.build.jetifier:jetifier-processor:1.0.0-beta10) with MergeInstrumentationAnalysisTransform
Transforming jetifier-core-1.0.0-beta10.jar (com.android.tools.build.jetifier:jetifier-core:1.0.0-beta10) with InstrumentationAnalysisTransform
Transforming jetifier-core-1.0.0-beta10.jar (com.android.tools.build.jetifier:jetifier-core:1.0.0-beta10) with MergeInstrumentationAnalysisTransform
Transforming kotlin-stdlib-jdk8-2.1.0.jar (org.jetbrains.kotlin:kotlin-stdlib-jdk8:2.1.0) with ExternalDependencyInstrumentingArtifactTransform
Transforming kotlin-reflect-2.0.20.jar (org.jetbrains.kotlin:kotlin-reflect:2.0.20) with InstrumentationAnalysisTransform
Transforming kotlin-reflect-2.0.20.jar (org.jetbrains.kotlin:kotlin-reflect:2.0.20) with MergeInstrumentationAnalysisTransform
Transforming jetifier-core-1.0.0-beta10.jar (com.android.tools.build.jetifier:jetifier-core:1.0.0-beta10) with ExternalDependencyInstrumentingArtifactTransform
Transforming kotlin-stdlib-jdk7-2.1.0.jar (org.jetbrains.kotlin:kotlin-stdlib-jdk7:2.1.0) with InstrumentationAnalysisTransform
Transforming kotlin-stdlib-jdk7-2.1.0.jar (org.jetbrains.kotlin:kotlin-stdlib-jdk7:2.1.0) with MergeInstrumentationAnalysisTransform
Transforming kotlin-reflect-2.0.20.jar (org.jetbrains.kotlin:kotlin-reflect:2.0.20) with ExternalDependencyInstrumentingArtifactTransform
Transforming jetifier-processor-1.0.0-beta10.jar (com.android.tools.build.jetifier:jetifier-processor:1.0.0-beta10) with ExternalDependencyInstrumentingArtifactTransform
Transforming kotlin-stdlib-2.0.20.jar (org.jetbrains.kotlin:kotlin-stdlib:2.0.20) with InstrumentationAnalysisTransform
Transforming kotlin-stdlib-jdk7-2.1.0.jar (org.jetbrains.kotlin:kotlin-stdlib-jdk7:2.1.0) with ExternalDependencyInstrumentingArtifactTransform
Transforming kotlin-stdlib-2.0.20.jar (org.jetbrains.kotlin:kotlin-stdlib:2.0.20) with MergeInstrumentationAnalysisTransform
Transforming annotations-13.0.jar (org.jetbrains:annotations:13.0) with InstrumentationAnalysisTransform
Transforming annotations-13.0.jar (org.jetbrains:annotations:13.0) with MergeInstrumentationAnalysisTransform
Transforming kotlin-gradle-plugin-model-2.2.20.jar (org.jetbrains.kotlin:kotlin-gradle-plugin-model:2.2.20) with InstrumentationAnalysisTransform
Transforming kotlin-stdlib-2.0.20.jar (org.jetbrains.kotlin:kotlin-stdlib:2.0.20) with ExternalDependencyInstrumentingArtifactTransform
Transforming kotlin-gradle-plugin-model-2.2.20.jar (org.jetbrains.kotlin:kotlin-gradle-plugin-model:2.2.20) with MergeInstrumentationAnalysisTransform
Transforming fus-statistics-gradle-plugin-2.2.20-gradle811.jar (org.jetbrains.kotlin:fus-statistics-gradle-plugin:2.2.20) with InstrumentationAnalysisTransform
Transforming fus-statistics-gradle-plugin-2.2.20-gradle811.jar (org.jetbrains.kotlin:fus-statistics-gradle-plugin:2.2.20) with MergeInstrumentationAnalysisTransform
Transforming kotlin-gradle-plugin-api-2.2.20.jar (org.jetbrains.kotlin:kotlin-gradle-plugin-api:2.2.20) with InstrumentationAnalysisTransform
Transforming annotations-13.0.jar (org.jetbrains:annotations:13.0) with ExternalDependencyInstrumentingArtifactTransform
Transforming kotlin-gradle-plugin-api-2.2.20.jar (org.jetbrains.kotlin:kotlin-gradle-plugin-api:2.2.20) with MergeInstrumentationAnalysisTransform
Transforming kotlin-gradle-plugin-api-2.2.20-gradle811.jar (org.jetbrains.kotlin:kotlin-gradle-plugin-api:2.2.20) with InstrumentationAnalysisTransform
Transforming kotlin-gradle-plugin-api-2.2.20-gradle811.jar (org.jetbrains.kotlin:kotlin-gradle-plugin-api:2.2.20) with MergeInstrumentationAnalysisTransform
Transforming kotlin-gradle-plugin-2.2.20-gradle811.jar (org.jetbrains.kotlin:kotlin-gradle-plugin:2.2.20) with InstrumentationAnalysisTransform
Transforming kotlin-gradle-plugin-model-2.2.20.jar (org.jetbrains.kotlin:kotlin-gradle-plugin-model:2.2.20) with ExternalDependencyInstrumentingArtifactTransform
Transforming kotlin-gradle-plugin-2.2.20-gradle811.jar (org.jetbrains.kotlin:kotlin-gradle-plugin:2.2.20) with MergeInstrumentationAnalysisTransform
Transforming ktlint-gradle-12.1.1.jar (org.jlleitschuh.gradle:ktlint-gradle:12.1.1) with InstrumentationAnalysisTransform
Transforming ktlint-gradle-12.1.1.jar (org.jlleitschuh.gradle:ktlint-gradle:12.1.1) with MergeInstrumentationAnalysisTransform
Transforming kotlin-gradle-plugin-idea-proto-2.2.20.jar (org.jetbrains.kotlin:kotlin-gradle-plugin-idea-proto:2.2.20) with InstrumentationAnalysisTransform
Transforming fus-statistics-gradle-plugin-2.2.20-gradle811.jar (org.jetbrains.kotlin:fus-statistics-gradle-plugin:2.2.20) with ExternalDependencyInstrumentingArtifactTransform
Transforming kotlin-gradle-plugin-idea-proto-2.2.20.jar (org.jetbrains.kotlin:kotlin-gradle-plugin-idea-proto:2.2.20) with MergeInstrumentationAnalysisTransform
Transforming kotlin-gradle-plugin-idea-2.2.20.jar (org.jetbrains.kotlin:kotlin-gradle-plugin-idea:2.2.20) with InstrumentationAnalysisTransform
Transforming kotlin-gradle-plugin-idea-2.2.20.jar (org.jetbrains.kotlin:kotlin-gradle-plugin-idea:2.2.20) with MergeInstrumentationAnalysisTransform
Transforming kotlin-klib-commonizer-api-2.2.20.jar (org.jetbrains.kotlin:kotlin-klib-commonizer-api:2.2.20) with InstrumentationAnalysisTransform
Transforming kotlin-gradle-plugin-api-2.2.20.jar (org.jetbrains.kotlin:kotlin-gradle-plugin-api:2.2.20) with ExternalDependencyInstrumentingArtifactTransform
Transforming kotlin-klib-commonizer-api-2.2.20.jar (org.jetbrains.kotlin:kotlin-klib-commonizer-api:2.2.20) with MergeInstrumentationAnalysisTransform
Transforming kotlin-build-statistics-2.2.20.jar (org.jetbrains.kotlin:kotlin-build-statistics:2.2.20) with InstrumentationAnalysisTransform
Transforming kotlin-build-statistics-2.2.20.jar (org.jetbrains.kotlin:kotlin-build-statistics:2.2.20) with MergeInstrumentationAnalysisTransform
Transforming kotlin-util-klib-metadata-2.2.20.jar (org.jetbrains.kotlin:kotlin-util-klib-metadata:2.2.20) with InstrumentationAnalysisTransform
Transforming kotlin-gradle-plugin-api-2.2.20-gradle811.jar (org.jetbrains.kotlin:kotlin-gradle-plugin-api:2.2.20) with ExternalDependencyInstrumentingArtifactTransform
Transforming kotlin-util-klib-metadata-2.2.20.jar (org.jetbrains.kotlin:kotlin-util-klib-metadata:2.2.20) with MergeInstrumentationAnalysisTransform
Transforming abi-tools-api-2.2.20.jar (org.jetbrains.kotlin:abi-tools-api:2.2.20) with InstrumentationAnalysisTransform
Transforming abi-tools-api-2.2.20.jar (org.jetbrains.kotlin:abi-tools-api:2.2.20) with MergeInstrumentationAnalysisTransform
Transforming kotlin-compiler-runner-2.2.20.jar (org.jetbrains.kotlin:kotlin-compiler-runner:2.2.20) with InstrumentationAnalysisTransform
Transforming kotlin-gradle-plugin-2.2.20-gradle811.jar (org.jetbrains.kotlin:kotlin-gradle-plugin:2.2.20) with ExternalDependencyInstrumentingArtifactTransform
Transforming kotlin-compiler-runner-2.2.20.jar (org.jetbrains.kotlin:kotlin-compiler-runner:2.2.20) with MergeInstrumentationAnalysisTransform
Transforming dnsjava-2.1.9.jar (dnsjava:dnsjava:2.1.9) with InstrumentationAnalysisTransform
Transforming dnsjava-2.1.9.jar (dnsjava:dnsjava:2.1.9) with MergeInstrumentationAnalysisTransform
Transforming kotlin-gradle-plugin-annotations-2.2.20.jar (org.jetbrains.kotlin:kotlin-gradle-plugin-annotations:2.2.20) with InstrumentationAnalysisTransform
Transforming ktlint-gradle-12.1.1.jar (org.jlleitschuh.gradle:ktlint-gradle:12.1.1) with ExternalDependencyInstrumentingArtifactTransform
Transforming kotlin-gradle-plugin-annotations-2.2.20.jar (org.jetbrains.kotlin:kotlin-gradle-plugin-annotations:2.2.20) with MergeInstrumentationAnalysisTransform
Transforming kotlin-native-utils-2.2.20.jar (org.jetbrains.kotlin:kotlin-native-utils:2.2.20) with InstrumentationAnalysisTransform
Transforming kotlin-native-utils-2.2.20.jar (org.jetbrains.kotlin:kotlin-native-utils:2.2.20) with MergeInstrumentationAnalysisTransform
Transforming kotlin-tooling-core-2.2.20.jar (org.jetbrains.kotlin:kotlin-tooling-core:2.2.20) with InstrumentationAnalysisTransform
Transforming kotlin-gradle-plugin-idea-proto-2.2.20.jar (org.jetbrains.kotlin:kotlin-gradle-plugin-idea-proto:2.2.20) with ExternalDependencyInstrumentingArtifactTransform
Transforming kotlin-tooling-core-2.2.20.jar (org.jetbrains.kotlin:kotlin-tooling-core:2.2.20) with MergeInstrumentationAnalysisTransform
Transforming kotlin-build-tools-api-2.2.20.jar (org.jetbrains.kotlin:kotlin-build-tools-api:2.2.20) with InstrumentationAnalysisTransform
Transforming kotlin-build-tools-api-2.2.20.jar (org.jetbrains.kotlin:kotlin-build-tools-api:2.2.20) with MergeInstrumentationAnalysisTransform
Transforming android-test-plugin-result-listener-gradle-proto-31.10.1.jar (com.android.tools.utp:android-test-plugin-result-listener-gradle-proto:31.10.1) with InstrumentationAnalysisTransform
Transforming kotlin-gradle-plugin-idea-2.2.20.jar (org.jetbrains.kotlin:kotlin-gradle-plugin-idea:2.2.20) with ExternalDependencyInstrumentingArtifactTransform
Transforming android-test-plugin-result-listener-gradle-proto-31.10.1.jar (com.android.tools.utp:android-test-plugin-result-listener-gradle-proto:31.10.1) with MergeInstrumentationAnalysisTransform
Transforming bundletool-1.18.0.jar (com.android.tools.build:bundletool:1.18.0) with InstrumentationAnalysisTransform
Transforming bundletool-1.18.0.jar (com.android.tools.build:bundletool:1.18.0) with MergeInstrumentationAnalysisTransform
Transforming protobuf-java-util-3.25.5.jar (com.google.protobuf:protobuf-java-util:3.25.5) with InstrumentationAnalysisTransform
Transforming kotlin-klib-commonizer-api-2.2.20.jar (org.jetbrains.kotlin:kotlin-klib-commonizer-api:2.2.20) with ExternalDependencyInstrumentingArtifactTransform
Transforming protobuf-java-util-3.25.5.jar (com.google.protobuf:protobuf-java-util:3.25.5) with MergeInstrumentationAnalysisTransform
Transforming grpc-netty-1.69.1.jar (io.grpc:grpc-netty:1.69.1) with InstrumentationAnalysisTransform
Transforming grpc-netty-1.69.1.jar (io.grpc:grpc-netty:1.69.1) with MergeInstrumentationAnalysisTransform
Transforming grpc-inprocess-1.69.1.jar (io.grpc:grpc-inprocess:1.69.1) with InstrumentationAnalysisTransform
Transforming kotlin-build-statistics-2.2.20.jar (org.jetbrains.kotlin:kotlin-build-statistics:2.2.20) with ExternalDependencyInstrumentingArtifactTransform
Transforming grpc-inprocess-1.69.1.jar (io.grpc:grpc-inprocess:1.69.1) with MergeInstrumentationAnalysisTransform
Transforming kotlin-util-klib-metadata-2.2.20.jar (org.jetbrains.kotlin:kotlin-util-klib-metadata:2.2.20) with ExternalDependencyInstrumentingArtifactTransform
Transforming grpc-util-1.69.1.jar (io.grpc:grpc-util:1.69.1) with InstrumentationAnalysisTransform
Transforming grpc-util-1.69.1.jar (io.grpc:grpc-util:1.69.1) with MergeInstrumentationAnalysisTransform
Transforming abi-tools-api-2.2.20.jar (org.jetbrains.kotlin:abi-tools-api:2.2.20) with ExternalDependencyInstrumentingArtifactTransform
Transforming kotlin-tooling-core-2.2.20.jar (org.jetbrains.kotlin:kotlin-tooling-core:2.2.20) with ExternalDependencyInstrumentingArtifactTransform
Transforming kotlin-gradle-plugin-annotations-2.2.20.jar (org.jetbrains.kotlin:kotlin-gradle-plugin-annotations:2.2.20) with ExternalDependencyInstrumentingArtifactTransform
Transforming android-test-plugin-result-listener-gradle-proto-31.10.1.jar (com.android.tools.utp:android-test-plugin-result-listener-gradle-proto:31.10.1) with ExternalDependencyInstrumentingArtifactTransform
Transforming bundletool-1.18.0.jar (com.android.tools.build:bundletool:1.18.0) with ExternalDependencyInstrumentingArtifactTransform
Transforming kotlin-native-utils-2.2.20.jar (org.jetbrains.kotlin:kotlin-native-utils:2.2.20) with ExternalDependencyInstrumentingArtifactTransform
Transforming kotlin-compiler-runner-2.2.20.jar (org.jetbrains.kotlin:kotlin-compiler-runner:2.2.20) with ExternalDependencyInstrumentingArtifactTransform
Transforming grpc-core-1.69.1.jar (io.grpc:grpc-core:1.69.1) with InstrumentationAnalysisTransform
Transforming grpc-netty-1.69.1.jar (io.grpc:grpc-netty:1.69.1) with ExternalDependencyInstrumentingArtifactTransform
Transforming grpc-inprocess-1.69.1.jar (io.grpc:grpc-inprocess:1.69.1) with ExternalDependencyInstrumentingArtifactTransform
Transforming grpc-util-1.69.1.jar (io.grpc:grpc-util:1.69.1) with ExternalDependencyInstrumentingArtifactTransform
Transforming protobuf-java-util-3.25.5.jar (com.google.protobuf:protobuf-java-util:3.25.5) with ExternalDependencyInstrumentingArtifactTransform
Transforming kotlin-build-tools-api-2.2.20.jar (org.jetbrains.kotlin:kotlin-build-tools-api:2.2.20) with ExternalDependencyInstrumentingArtifactTransform
Transforming dnsjava-2.1.9.jar (dnsjava:dnsjava:2.1.9) with ExternalDependencyInstrumentingArtifactTransform
Transforming grpc-core-1.69.1.jar (io.grpc:grpc-core:1.69.1) with MergeInstrumentationAnalysisTransform
Transforming tink-1.7.0.jar (com.google.crypto.tink:tink:1.7.0) with InstrumentationAnalysisTransform
Transforming tink-1.7.0.jar (com.google.crypto.tink:tink:1.7.0) with MergeInstrumentationAnalysisTransform
Transforming gson-2.11.0.jar (com.google.code.gson:gson:2.11.0) with InstrumentationAnalysisTransform
Transforming grpc-core-1.69.1.jar (io.grpc:grpc-core:1.69.1) with ExternalDependencyInstrumentingArtifactTransform
Transforming gson-2.11.0.jar (com.google.code.gson:gson:2.11.0) with MergeInstrumentationAnalysisTransform
Transforming kotlin-util-klib-2.2.20.jar (org.jetbrains.kotlin:kotlin-util-klib:2.2.20) with InstrumentationAnalysisTransform
Transforming tink-1.7.0.jar (com.google.crypto.tink:tink:1.7.0) with ExternalDependencyInstrumentingArtifactTransform
Transforming gson-2.11.0.jar (com.google.code.gson:gson:2.11.0) with ExternalDependencyInstrumentingArtifactTransform
Transforming kotlin-util-klib-2.2.20.jar (org.jetbrains.kotlin:kotlin-util-klib:2.2.20) with MergeInstrumentationAnalysisTransform
Transforming kotlin-util-io-2.2.20.jar (org.jetbrains.kotlin:kotlin-util-io:2.2.20) with InstrumentationAnalysisTransform
Transforming kotlin-util-io-2.2.20.jar (org.jetbrains.kotlin:kotlin-util-io:2.2.20) with MergeInstrumentationAnalysisTransform
Transforming kotlin-daemon-client-2.2.20.jar (org.jetbrains.kotlin:kotlin-daemon-client:2.2.20) with InstrumentationAnalysisTransform
Transforming kotlin-daemon-client-2.2.20.jar (org.jetbrains.kotlin:kotlin-daemon-client:2.2.20) with MergeInstrumentationAnalysisTransform
Transforming kotlin-util-klib-2.2.20.jar (org.jetbrains.kotlin:kotlin-util-klib:2.2.20) with ExternalDependencyInstrumentingArtifactTransform
Transforming kotlin-util-io-2.2.20.jar (org.jetbrains.kotlin:kotlin-util-io:2.2.20) with ExternalDependencyInstrumentingArtifactTransform
Transforming kotlinx-coroutines-core-jvm-1.8.0.jar (org.jetbrains.kotlinx:kotlinx-coroutines-core-jvm:1.8.0) with InstrumentationAnalysisTransform
Transforming kotlinx-coroutines-core-jvm-1.8.0.jar (org.jetbrains.kotlinx:kotlinx-coroutines-core-jvm:1.8.0) with MergeInstrumentationAnalysisTransform
Transforming kotlin-daemon-client-2.2.20.jar (org.jetbrains.kotlin:kotlin-daemon-client:2.2.20) with ExternalDependencyInstrumentingArtifactTransform
Transforming aapt2-proto-8.10.1-12782657.jar (com.android.tools.build:aapt2-proto:8.10.1-12782657) with InstrumentationAnalysisTransform
Transforming aapt2-proto-8.10.1-12782657.jar (com.android.tools.build:aapt2-proto:8.10.1-12782657) with MergeInstrumentationAnalysisTransform
Transforming crash-31.10.1.jar (com.android.tools.analytics-library:crash:31.10.1) with InstrumentationAnalysisTransform
Transforming kotlinx-coroutines-core-jvm-1.8.0.jar (org.jetbrains.kotlinx:kotlinx-coroutines-core-jvm:1.8.0) with ExternalDependencyInstrumentingArtifactTransform
Transforming crash-31.10.1.jar (com.android.tools.analytics-library:crash:31.10.1) with MergeInstrumentationAnalysisTransform
Transforming lint-typedef-remover-31.10.1.jar (com.android.tools.lint:lint-typedef-remover:31.10.1) with InstrumentationAnalysisTransform
Transforming lint-typedef-remover-31.10.1.jar (com.android.tools.lint:lint-typedef-remover:31.10.1) with MergeInstrumentationAnalysisTransform
Transforming databinding-common-8.10.1.jar (androidx.databinding:databinding-common:8.10.1) with InstrumentationAnalysisTransform
Transforming aapt2-proto-8.10.1-12782657.jar (com.android.tools.build:aapt2-proto:8.10.1-12782657) with ExternalDependencyInstrumentingArtifactTransform
Transforming databinding-common-8.10.1.jar (androidx.databinding:databinding-common:8.10.1) with MergeInstrumentationAnalysisTransform
Transforming crash-31.10.1.jar (com.android.tools.analytics-library:crash:31.10.1) with ExternalDependencyInstrumentingArtifactTransform
Transforming baseLibrary-8.10.1.jar (com.android.databinding:baseLibrary:8.10.1) with InstrumentationAnalysisTransform
Transforming lint-typedef-remover-31.10.1.jar (com.android.tools.lint:lint-typedef-remover:31.10.1) with ExternalDependencyInstrumentingArtifactTransform
Transforming baseLibrary-8.10.1.jar (com.android.databinding:baseLibrary:8.10.1) with MergeInstrumentationAnalysisTransform
Transforming android-device-provider-ddmlib-proto-31.10.1.jar (com.android.tools.utp:android-device-provider-ddmlib-proto:31.10.1) with InstrumentationAnalysisTransform
Transforming android-device-provider-ddmlib-proto-31.10.1.jar (com.android.tools.utp:android-device-provider-ddmlib-proto:31.10.1) with MergeInstrumentationAnalysisTransform
Transforming databinding-common-8.10.1.jar (androidx.databinding:databinding-common:8.10.1) with ExternalDependencyInstrumentingArtifactTransform
Transforming android-device-provider-gradle-proto-31.10.1.jar (com.android.tools.utp:android-device-provider-gradle-proto:31.10.1) with InstrumentationAnalysisTransform
Transforming baseLibrary-8.10.1.jar (com.android.databinding:baseLibrary:8.10.1) with ExternalDependencyInstrumentingArtifactTransform
Transforming android-device-provider-gradle-proto-31.10.1.jar (com.android.tools.utp:android-device-provider-gradle-proto:31.10.1) with MergeInstrumentationAnalysisTransform
Transforming android-device-provider-profile-proto-31.10.1.jar (com.android.tools.utp:android-device-provider-profile-proto:31.10.1) with InstrumentationAnalysisTransform
Transforming android-device-provider-ddmlib-proto-31.10.1.jar (com.android.tools.utp:android-device-provider-ddmlib-proto:31.10.1) with ExternalDependencyInstrumentingArtifactTransform
Transforming android-device-provider-profile-proto-31.10.1.jar (com.android.tools.utp:android-device-provider-profile-proto:31.10.1) with MergeInstrumentationAnalysisTransform
Transforming android-test-plugin-host-additional-test-output-proto-31.10.1.jar (com.android.tools.utp:android-test-plugin-host-additional-test-output-proto:31.10.1) with InstrumentationAnalysisTransform
Transforming android-test-plugin-host-additional-test-output-proto-31.10.1.jar (com.android.tools.utp:android-test-plugin-host-additional-test-output-proto:31.10.1) with MergeInstrumentationAnalysisTransform
Transforming android-test-plugin-host-coverage-proto-31.10.1.jar (com.android.tools.utp:android-test-plugin-host-coverage-proto:31.10.1) with InstrumentationAnalysisTransform
Transforming android-device-provider-gradle-proto-31.10.1.jar (com.android.tools.utp:android-device-provider-gradle-proto:31.10.1) with ExternalDependencyInstrumentingArtifactTransform
Transforming android-test-plugin-host-coverage-proto-31.10.1.jar (com.android.tools.utp:android-test-plugin-host-coverage-proto:31.10.1) with MergeInstrumentationAnalysisTransform
Transforming android-test-plugin-host-logcat-proto-31.10.1.jar (com.android.tools.utp:android-test-plugin-host-logcat-proto:31.10.1) with InstrumentationAnalysisTransform
Transforming android-test-plugin-host-logcat-proto-31.10.1.jar (com.android.tools.utp:android-test-plugin-host-logcat-proto:31.10.1) with MergeInstrumentationAnalysisTransform
Transforming android-device-provider-profile-proto-31.10.1.jar (com.android.tools.utp:android-device-provider-profile-proto:31.10.1) with ExternalDependencyInstrumentingArtifactTransform
Transforming android-test-plugin-host-apk-installer-proto-31.10.1.jar (com.android.tools.utp:android-test-plugin-host-apk-installer-proto:31.10.1) with InstrumentationAnalysisTransform
Transforming android-test-plugin-host-apk-installer-proto-31.10.1.jar (com.android.tools.utp:android-test-plugin-host-apk-installer-proto:31.10.1) with MergeInstrumentationAnalysisTransform
Transforming transform-api-2.0.0-deprecated-use-gradle-api.jar (com.android.tools.build:transform-api:2.0.0-deprecated-use-gradle-api) with InstrumentationAnalysisTransform
Transforming transform-api-2.0.0-deprecated-use-gradle-api.jar (com.android.tools.build:transform-api:2.0.0-deprecated-use-gradle-api) with MergeInstrumentationAnalysisTransform
Transforming httpmime-4.5.6.jar (org.apache.httpcomponents:httpmime:4.5.6) with InstrumentationAnalysisTransform
Transforming android-test-plugin-host-additional-test-output-proto-31.10.1.jar (com.android.tools.utp:android-test-plugin-host-additional-test-output-proto:31.10.1) with ExternalDependencyInstrumentingArtifactTransform
Transforming httpmime-4.5.6.jar (org.apache.httpcomponents:httpmime:4.5.6) with MergeInstrumentationAnalysisTransform
Transforming commons-io-2.16.1.jar (commons-io:commons-io:2.16.1) with InstrumentationAnalysisTransform
Transforming commons-io-2.16.1.jar (commons-io:commons-io:2.16.1) with MergeInstrumentationAnalysisTransform
Transforming asm-commons-9.7.1.jar (org.ow2.asm:asm-commons:9.7.1) with InstrumentationAnalysisTransform
Transforming android-test-plugin-host-coverage-proto-31.10.1.jar (com.android.tools.utp:android-test-plugin-host-coverage-proto:31.10.1) with ExternalDependencyInstrumentingArtifactTransform
Transforming asm-commons-9.7.1.jar (org.ow2.asm:asm-commons:9.7.1) with MergeInstrumentationAnalysisTransform
Transforming asm-util-9.7.1.jar (org.ow2.asm:asm-util:9.7.1) with InstrumentationAnalysisTransform
Transforming asm-util-9.7.1.jar (org.ow2.asm:asm-util:9.7.1) with MergeInstrumentationAnalysisTransform
Transforming asm-analysis-9.7.1.jar (org.ow2.asm:asm-analysis:9.7.1) with InstrumentationAnalysisTransform
Transforming asm-analysis-9.7.1.jar (org.ow2.asm:asm-analysis:9.7.1) with MergeInstrumentationAnalysisTransform
Transforming asm-tree-9.7.1.jar (org.ow2.asm:asm-tree:9.7.1) with InstrumentationAnalysisTransform
Transforming android-test-plugin-host-logcat-proto-31.10.1.jar (com.android.tools.utp:android-test-plugin-host-logcat-proto:31.10.1) with ExternalDependencyInstrumentingArtifactTransform
Transforming asm-tree-9.7.1.jar (org.ow2.asm:asm-tree:9.7.1) with MergeInstrumentationAnalysisTransform
Transforming asm-9.7.1.jar (org.ow2.asm:asm:9.7.1) with InstrumentationAnalysisTransform
Transforming asm-9.7.1.jar (org.ow2.asm:asm:9.7.1) with MergeInstrumentationAnalysisTransform
Transforming apkzlib-8.10.1.jar (com.android.tools.build:apkzlib:8.10.1) with InstrumentationAnalysisTransform
Transforming android-test-plugin-host-apk-installer-proto-31.10.1.jar (com.android.tools.utp:android-test-plugin-host-apk-installer-proto:31.10.1) with ExternalDependencyInstrumentingArtifactTransform
Transforming apkzlib-8.10.1.jar (com.android.tools.build:apkzlib:8.10.1) with MergeInstrumentationAnalysisTransform
Transforming bcpkix-jdk18on-1.79.jar (org.bouncycastle:bcpkix-jdk18on:1.79) with InstrumentationAnalysisTransform
Transforming bcpkix-jdk18on-1.79.jar (org.bouncycastle:bcpkix-jdk18on:1.79) with MergeInstrumentationAnalysisTransform
Transforming jaxb-runtime-2.3.2.jar (org.glassfish.jaxb:jaxb-runtime:2.3.2) with InstrumentationAnalysisTransform
Transforming jaxb-runtime-2.3.2.jar (org.glassfish.jaxb:jaxb-runtime:2.3.2) with MergeInstrumentationAnalysisTransform
Transforming jopt-simple-4.9.jar (net.sf.jopt-simple:jopt-simple:4.9) with InstrumentationAnalysisTransform
Transforming transform-api-2.0.0-deprecated-use-gradle-api.jar (com.android.tools.build:transform-api:2.0.0-deprecated-use-gradle-api) with ExternalDependencyInstrumentingArtifactTransform
Transforming jopt-simple-4.9.jar (net.sf.jopt-simple:jopt-simple:4.9) with MergeInstrumentationAnalysisTransform
Transforming javapoet-1.10.0.jar (com.squareup:javapoet:1.10.0) with InstrumentationAnalysisTransform
Transforming javapoet-1.10.0.jar (com.squareup:javapoet:1.10.0) with MergeInstrumentationAnalysisTransform
Transforming httpmime-4.5.6.jar (org.apache.httpcomponents:httpmime:4.5.6) with ExternalDependencyInstrumentingArtifactTransform
Transforming grpc-protobuf-1.69.1.jar (io.grpc:grpc-protobuf:1.69.1) with InstrumentationAnalysisTransform
Transforming grpc-protobuf-1.69.1.jar (io.grpc:grpc-protobuf:1.69.1) with MergeInstrumentationAnalysisTransform
Transforming core-proto-0.0.9-alpha03.jar (com.google.testing.platform:core-proto:0.0.9-alpha03) with InstrumentationAnalysisTransform
Transforming core-proto-0.0.9-alpha03.jar (com.google.testing.platform:core-proto:0.0.9-alpha03) with MergeInstrumentationAnalysisTransform
Transforming protos-31.10.1.jar (com.android.tools.analytics-library:protos:31.10.1) with InstrumentationAnalysisTransform
Transforming protos-31.10.1.jar (com.android.tools.analytics-library:protos:31.10.1) with MergeInstrumentationAnalysisTransform
Transforming proto-google-common-protos-2.48.0.jar (com.google.api.grpc:proto-google-common-protos:2.48.0) with InstrumentationAnalysisTransform
Transforming commons-io-2.16.1.jar (commons-io:commons-io:2.16.1) with ExternalDependencyInstrumentingArtifactTransform
Transforming proto-google-common-protos-2.48.0.jar (com.google.api.grpc:proto-google-common-protos:2.48.0) with MergeInstrumentationAnalysisTransform
Transforming protobuf-java-3.25.5.jar (com.google.protobuf:protobuf-java:3.25.5) with InstrumentationAnalysisTransform
Transforming protobuf-java-3.25.5.jar (com.google.protobuf:protobuf-java:3.25.5) with MergeInstrumentationAnalysisTransform
Transforming asm-commons-9.7.1.jar (org.ow2.asm:asm-commons:9.7.1) with ExternalDependencyInstrumentingArtifactTransform
Transforming grpc-stub-1.69.1.jar (io.grpc:grpc-stub:1.69.1) with InstrumentationAnalysisTransform
Transforming grpc-stub-1.69.1.jar (io.grpc:grpc-stub:1.69.1) with MergeInstrumentationAnalysisTransform
Transforming tensorflow-lite-metadata-0.2.0.jar (org.tensorflow:tensorflow-lite-metadata:0.2.0) with InstrumentationAnalysisTransform
Transforming tensorflow-lite-metadata-0.2.0.jar (org.tensorflow:tensorflow-lite-metadata:0.2.0) with MergeInstrumentationAnalysisTransform
Transforming flatbuffers-java-1.12.0.jar (com.google.flatbuffers:flatbuffers-java:1.12.0) with InstrumentationAnalysisTransform
Transforming flatbuffers-java-1.12.0.jar (com.google.flatbuffers:flatbuffers-java:1.12.0) with MergeInstrumentationAnalysisTransform
Transforming jimfs-1.1.jar (com.google.jimfs:jimfs:1.1) with InstrumentationAnalysisTransform
Transforming jimfs-1.1.jar (com.google.jimfs:jimfs:1.1) with MergeInstrumentationAnalysisTransform
Transforming grpc-context-1.69.1.jar (io.grpc:grpc-context:1.69.1) with InstrumentationAnalysisTransform
Transforming grpc-context-1.69.1.jar (io.grpc:grpc-context:1.69.1) with MergeInstrumentationAnalysisTransform
Transforming asm-analysis-9.7.1.jar (org.ow2.asm:asm-analysis:9.7.1) with ExternalDependencyInstrumentingArtifactTransform
Transforming grpc-protobuf-lite-1.69.1.jar (io.grpc:grpc-protobuf-lite:1.69.1) with InstrumentationAnalysisTransform
Transforming grpc-protobuf-lite-1.69.1.jar (io.grpc:grpc-protobuf-lite:1.69.1) with MergeInstrumentationAnalysisTransform
Transforming grpc-api-1.69.1.jar (io.grpc:grpc-api:1.69.1) with InstrumentationAnalysisTransform
Transforming asm-tree-9.7.1.jar (org.ow2.asm:asm-tree:9.7.1) with ExternalDependencyInstrumentingArtifactTransform
Transforming jaxb-runtime-2.3.2.jar (org.glassfish.jaxb:jaxb-runtime:2.3.2) with ExternalDependencyInstrumentingArtifactTransform
Transforming bcpkix-jdk18on-1.79.jar (org.bouncycastle:bcpkix-jdk18on:1.79) with ExternalDependencyInstrumentingArtifactTransform
Transforming apkzlib-8.10.1.jar (com.android.tools.build:apkzlib:8.10.1) with ExternalDependencyInstrumentingArtifactTransform
Transforming javapoet-1.10.0.jar (com.squareup:javapoet:1.10.0) with ExternalDependencyInstrumentingArtifactTransform
Transforming grpc-protobuf-1.69.1.jar (io.grpc:grpc-protobuf:1.69.1) with ExternalDependencyInstrumentingArtifactTransform
Transforming protos-31.10.1.jar (com.android.tools.analytics-library:protos:31.10.1) with ExternalDependencyInstrumentingArtifactTransform
Transforming protobuf-java-3.25.5.jar (com.google.protobuf:protobuf-java:3.25.5) with ExternalDependencyInstrumentingArtifactTransform
Transforming proto-google-common-protos-2.48.0.jar (com.google.api.grpc:proto-google-common-protos:2.48.0) with ExternalDependencyInstrumentingArtifactTransform
Transforming tensorflow-lite-metadata-0.2.0.jar (org.tensorflow:tensorflow-lite-metadata:0.2.0) with ExternalDependencyInstrumentingArtifactTransform
Transforming grpc-stub-1.69.1.jar (io.grpc:grpc-stub:1.69.1) with ExternalDependencyInstrumentingArtifactTransform
Transforming jimfs-1.1.jar (com.google.jimfs:jimfs:1.1) with ExternalDependencyInstrumentingArtifactTransform
Transforming flatbuffers-java-1.12.0.jar (com.google.flatbuffers:flatbuffers-java:1.12.0) with ExternalDependencyInstrumentingArtifactTransform
Transforming grpc-protobuf-lite-1.69.1.jar (io.grpc:grpc-protobuf-lite:1.69.1) with ExternalDependencyInstrumentingArtifactTransform
Transforming grpc-context-1.69.1.jar (io.grpc:grpc-context:1.69.1) with ExternalDependencyInstrumentingArtifactTransform
Transforming asm-util-9.7.1.jar (org.ow2.asm:asm-util:9.7.1) with ExternalDependencyInstrumentingArtifactTransform
Transforming core-proto-0.0.9-alpha03.jar (com.google.testing.platform:core-proto:0.0.9-alpha03) with ExternalDependencyInstrumentingArtifactTransform
Transforming jopt-simple-4.9.jar (net.sf.jopt-simple:jopt-simple:4.9) with ExternalDependencyInstrumentingArtifactTransform
Transforming asm-9.7.1.jar (org.ow2.asm:asm:9.7.1) with ExternalDependencyInstrumentingArtifactTransform
Transforming grpc-api-1.69.1.jar (io.grpc:grpc-api:1.69.1) with MergeInstrumentationAnalysisTransform
Transforming guava-33.3.1-jre.jar (com.google.guava:guava:33.3.1-jre) with InstrumentationAnalysisTransform
Transforming grpc-api-1.69.1.jar (io.grpc:grpc-api:1.69.1) with ExternalDependencyInstrumentingArtifactTransform
Transforming guava-33.3.1-jre.jar (com.google.guava:guava:33.3.1-jre) with MergeInstrumentationAnalysisTransform
Transforming error_prone_annotations-2.30.0.jar (com.google.errorprone:error_prone_annotations:2.30.0) with InstrumentationAnalysisTransform
Transforming error_prone_annotations-2.30.0.jar (com.google.errorprone:error_prone_annotations:2.30.0) with MergeInstrumentationAnalysisTransform
Transforming dagger-2.28.3.jar (com.google.dagger:dagger:2.28.3) with InstrumentationAnalysisTransform
Transforming guava-33.3.1-jre.jar (com.google.guava:guava:33.3.1-jre) with ExternalDependencyInstrumentingArtifactTransform
Transforming error_prone_annotations-2.30.0.jar (com.google.errorprone:error_prone_annotations:2.30.0) with ExternalDependencyInstrumentingArtifactTransform
Transforming dagger-2.28.3.jar (com.google.dagger:dagger:2.28.3) with MergeInstrumentationAnalysisTransform
Transforming javax.inject-1.jar (javax.inject:javax.inject:1) with InstrumentationAnalysisTransform
Transforming javax.inject-1.jar (javax.inject:javax.inject:1) with MergeInstrumentationAnalysisTransform
Transforming kxml2-2.3.0.jar (net.sf.kxml:kxml2:2.3.0) with InstrumentationAnalysisTransform
Transforming kxml2-2.3.0.jar (net.sf.kxml:kxml2:2.3.0) with MergeInstrumentationAnalysisTransform
Transforming commons-compress-1.21.jar (org.apache.commons:commons-compress:1.21) with InstrumentationAnalysisTransform
Transforming javax.inject-1.jar (javax.inject:javax.inject:1) with ExternalDependencyInstrumentingArtifactTransform
Transforming commons-compress-1.21.jar (org.apache.commons:commons-compress:1.21) with MergeInstrumentationAnalysisTransform
Transforming bcutil-jdk18on-1.79.jar (org.bouncycastle:bcutil-jdk18on:1.79) with InstrumentationAnalysisTransform
Transforming dagger-2.28.3.jar (com.google.dagger:dagger:2.28.3) with ExternalDependencyInstrumentingArtifactTransform
Transforming kxml2-2.3.0.jar (net.sf.kxml:kxml2:2.3.0) with ExternalDependencyInstrumentingArtifactTransform
Transforming bcutil-jdk18on-1.79.jar (org.bouncycastle:bcutil-jdk18on:1.79) with MergeInstrumentationAnalysisTransform
Transforming bcprov-jdk18on-1.79.jar (org.bouncycastle:bcprov-jdk18on:1.79) with InstrumentationAnalysisTransform
Transforming commons-compress-1.21.jar (org.apache.commons:commons-compress:1.21) with ExternalDependencyInstrumentingArtifactTransform
Transforming bcutil-jdk18on-1.79.jar (org.bouncycastle:bcutil-jdk18on:1.79) with ExternalDependencyInstrumentingArtifactTransform
Transforming bcprov-jdk18on-1.79.jar (org.bouncycastle:bcprov-jdk18on:1.79) with MergeInstrumentationAnalysisTransform
Transforming httpclient-4.5.14.jar (org.apache.httpcomponents:httpclient:4.5.14) with InstrumentationAnalysisTransform
Transforming bcprov-jdk18on-1.79.jar (org.bouncycastle:bcprov-jdk18on:1.79) with ExternalDependencyInstrumentingArtifactTransform
Transforming httpclient-4.5.14.jar (org.apache.httpcomponents:httpclient:4.5.14) with MergeInstrumentationAnalysisTransform
Transforming httpcore-4.4.16.jar (org.apache.httpcomponents:httpcore:4.4.16) with InstrumentationAnalysisTransform
Transforming httpcore-4.4.16.jar (org.apache.httpcomponents:httpcore:4.4.16) with MergeInstrumentationAnalysisTransform
Transforming javax.activation-1.2.0.jar (com.sun.activation:javax.activation:1.2.0) with InstrumentationAnalysisTransform
Transforming javax.activation-1.2.0.jar (com.sun.activation:javax.activation:1.2.0) with MergeInstrumentationAnalysisTransform
Transforming signflinger-8.10.1.jar (com.android:signflinger:8.10.1) with InstrumentationAnalysisTransform
Transforming signflinger-8.10.1.jar (com.android:signflinger:8.10.1) with MergeInstrumentationAnalysisTransform
Transforming httpcore-4.4.16.jar (org.apache.httpcomponents:httpcore:4.4.16) with ExternalDependencyInstrumentingArtifactTransform
Transforming zipflinger-8.10.1.jar (com.android:zipflinger:8.10.1) with InstrumentationAnalysisTransform
Transforming javax.activation-1.2.0.jar (com.sun.activation:javax.activation:1.2.0) with ExternalDependencyInstrumentingArtifactTransform
Transforming httpclient-4.5.14.jar (org.apache.httpcomponents:httpclient:4.5.14) with ExternalDependencyInstrumentingArtifactTransform
Transforming signflinger-8.10.1.jar (com.android:signflinger:8.10.1) with ExternalDependencyInstrumentingArtifactTransform
Transforming zipflinger-8.10.1.jar (com.android:zipflinger:8.10.1) with MergeInstrumentationAnalysisTransform
Transforming annotations-31.10.1.jar (com.android.tools:annotations:31.10.1) with InstrumentationAnalysisTransform
Transforming annotations-31.10.1.jar (com.android.tools:annotations:31.10.1) with MergeInstrumentationAnalysisTransform
Transforming jna-platform-5.6.0.jar (net.java.dev.jna:jna-platform:5.6.0) with InstrumentationAnalysisTransform
Transforming zipflinger-8.10.1.jar (com.android:zipflinger:8.10.1) with ExternalDependencyInstrumentingArtifactTransform
Transforming jna-platform-5.6.0.jar (net.java.dev.jna:jna-platform:5.6.0) with MergeInstrumentationAnalysisTransform
Transforming annotations-31.10.1.jar (com.android.tools:annotations:31.10.1) with ExternalDependencyInstrumentingArtifactTransform
Transforming juniversalchardet-1.0.3.jar (com.googlecode.juniversalchardet:juniversalchardet:1.0.3) with InstrumentationAnalysisTransform
Transforming juniversalchardet-1.0.3.jar (com.googlecode.juniversalchardet:juniversalchardet:1.0.3) with MergeInstrumentationAnalysisTransform
Transforming jna-platform-5.6.0.jar (net.java.dev.jna:jna-platform:5.6.0) with ExternalDependencyInstrumentingArtifactTransform
Transforming javax.annotation-api-1.3.2.jar (javax.annotation:javax.annotation-api:1.3.2) with InstrumentationAnalysisTransform
Transforming javax.annotation-api-1.3.2.jar (javax.annotation:javax.annotation-api:1.3.2) with MergeInstrumentationAnalysisTransform
Transforming stax-ex-1.8.1.jar (org.jvnet.staxex:stax-ex:1.8.1) with InstrumentationAnalysisTransform
Transforming juniversalchardet-1.0.3.jar (com.googlecode.juniversalchardet:juniversalchardet:1.0.3) with ExternalDependencyInstrumentingArtifactTransform
Transforming stax-ex-1.8.1.jar (org.jvnet.staxex:stax-ex:1.8.1) with MergeInstrumentationAnalysisTransform
Transforming javax.annotation-api-1.3.2.jar (javax.annotation:javax.annotation-api:1.3.2) with ExternalDependencyInstrumentingArtifactTransform
Transforming jakarta.xml.bind-api-2.3.2.jar (jakarta.xml.bind:jakarta.xml.bind-api:2.3.2) with InstrumentationAnalysisTransform
Transforming jakarta.xml.bind-api-2.3.2.jar (jakarta.xml.bind:jakarta.xml.bind-api:2.3.2) with MergeInstrumentationAnalysisTransform
Transforming txw2-2.3.2.jar (org.glassfish.jaxb:txw2:2.3.2) with InstrumentationAnalysisTransform
Transforming txw2-2.3.2.jar (org.glassfish.jaxb:txw2:2.3.2) with MergeInstrumentationAnalysisTransform
Transforming istack-commons-runtime-3.0.8.jar (com.sun.istack:istack-commons-runtime:3.0.8) with InstrumentationAnalysisTransform
Transforming istack-commons-runtime-3.0.8.jar (com.sun.istack:istack-commons-runtime:3.0.8) with MergeInstrumentationAnalysisTransform
Transforming jakarta.xml.bind-api-2.3.2.jar (jakarta.xml.bind:jakarta.xml.bind-api:2.3.2) with ExternalDependencyInstrumentingArtifactTransform
Transforming istack-commons-runtime-3.0.8.jar (com.sun.istack:istack-commons-runtime:3.0.8) with ExternalDependencyInstrumentingArtifactTransform
Transforming stax-ex-1.8.1.jar (org.jvnet.staxex:stax-ex:1.8.1) with ExternalDependencyInstrumentingArtifactTransform
Transforming txw2-2.3.2.jar (org.glassfish.jaxb:txw2:2.3.2) with ExternalDependencyInstrumentingArtifactTransform
Transforming FastInfoset-1.2.16.jar (com.sun.xml.fastinfoset:FastInfoset:1.2.16) with InstrumentationAnalysisTransform
Transforming FastInfoset-1.2.16.jar (com.sun.xml.fastinfoset:FastInfoset:1.2.16) with MergeInstrumentationAnalysisTransform
Transforming jakarta.activation-api-1.2.1.jar (jakarta.activation:jakarta.activation-api:1.2.1) with InstrumentationAnalysisTransform
Transforming jakarta.activation-api-1.2.1.jar (jakarta.activation:jakarta.activation-api:1.2.1) with MergeInstrumentationAnalysisTransform
Transforming auto-value-annotations-1.6.2.jar (com.google.auto.value:auto-value-annotations:1.6.2) with InstrumentationAnalysisTransform
Transforming FastInfoset-1.2.16.jar (com.sun.xml.fastinfoset:FastInfoset:1.2.16) with ExternalDependencyInstrumentingArtifactTransform
Transforming auto-value-annotations-1.6.2.jar (com.google.auto.value:auto-value-annotations:1.6.2) with MergeInstrumentationAnalysisTransform
Transforming jose4j-0.9.5.jar (org.bitbucket.b_c:jose4j:0.9.5) with InstrumentationAnalysisTransform
Transforming jose4j-0.9.5.jar (org.bitbucket.b_c:jose4j:0.9.5) with MergeInstrumentationAnalysisTransform
Transforming slf4j-api-1.7.30.jar (org.slf4j:slf4j-api:1.7.30) with InstrumentationAnalysisTransform
Transforming slf4j-api-1.7.30.jar (org.slf4j:slf4j-api:1.7.30) with MergeInstrumentationAnalysisTransform
Transforming auto-value-annotations-1.6.2.jar (com.google.auto.value:auto-value-annotations:1.6.2) with ExternalDependencyInstrumentingArtifactTransform
Transforming jdom2-2.0.6.jar (org.jdom:jdom2:2.0.6) with InstrumentationAnalysisTransform
Transforming jdom2-2.0.6.jar (org.jdom:jdom2:2.0.6) with MergeInstrumentationAnalysisTransform
Transforming jsr305-3.0.2.jar (com.google.code.findbugs:jsr305:3.0.2) with InstrumentationAnalysisTransform
Transforming jsr305-3.0.2.jar (com.google.code.findbugs:jsr305:3.0.2) with MergeInstrumentationAnalysisTransform
Transforming j2objc-annotations-3.0.0.jar (com.google.j2objc:j2objc-annotations:3.0.0) with InstrumentationAnalysisTransform
Transforming jdom2-2.0.6.jar (org.jdom:jdom2:2.0.6) with ExternalDependencyInstrumentingArtifactTransform
Transforming jose4j-0.9.5.jar (org.bitbucket.b_c:jose4j:0.9.5) with ExternalDependencyInstrumentingArtifactTransform
Transforming slf4j-api-1.7.30.jar (org.slf4j:slf4j-api:1.7.30) with ExternalDependencyInstrumentingArtifactTransform
Transforming jakarta.activation-api-1.2.1.jar (jakarta.activation:jakarta.activation-api:1.2.1) with ExternalDependencyInstrumentingArtifactTransform
Transforming jsr305-3.0.2.jar (com.google.code.findbugs:jsr305:3.0.2) with ExternalDependencyInstrumentingArtifactTransform
Transforming j2objc-annotations-3.0.0.jar (com.google.j2objc:j2objc-annotations:3.0.0) with MergeInstrumentationAnalysisTransform
Transforming annotations-4.1.1.4.jar (com.google.android:annotations:4.1.1.4) with InstrumentationAnalysisTransform
Transforming annotations-4.1.1.4.jar (com.google.android:annotations:4.1.1.4) with MergeInstrumentationAnalysisTransform
Transforming animal-sniffer-annotations-1.24.jar (org.codehaus.mojo:animal-sniffer-annotations:1.24) with InstrumentationAnalysisTransform
Transforming j2objc-annotations-3.0.0.jar (com.google.j2objc:j2objc-annotations:3.0.0) with ExternalDependencyInstrumentingArtifactTransform
Transforming animal-sniffer-annotations-1.24.jar (org.codehaus.mojo:animal-sniffer-annotations:1.24) with MergeInstrumentationAnalysisTransform
Transforming perfmark-api-0.27.0.jar (io.perfmark:perfmark-api:0.27.0) with InstrumentationAnalysisTransform
Transforming perfmark-api-0.27.0.jar (io.perfmark:perfmark-api:0.27.0) with MergeInstrumentationAnalysisTransform
Transforming netty-codec-http2-4.1.110.Final.jar (io.netty:netty-codec-http2:4.1.110.Final) with InstrumentationAnalysisTransform
Transforming netty-codec-http2-4.1.110.Final.jar (io.netty:netty-codec-http2:4.1.110.Final) with MergeInstrumentationAnalysisTransform
Transforming annotations-4.1.1.4.jar (com.google.android:annotations:4.1.1.4) with ExternalDependencyInstrumentingArtifactTransform
Transforming animal-sniffer-annotations-1.24.jar (org.codehaus.mojo:animal-sniffer-annotations:1.24) with ExternalDependencyInstrumentingArtifactTransform
Transforming netty-handler-proxy-4.1.110.Final.jar (io.netty:netty-handler-proxy:4.1.110.Final) with InstrumentationAnalysisTransform
Transforming netty-handler-proxy-4.1.110.Final.jar (io.netty:netty-handler-proxy:4.1.110.Final) with MergeInstrumentationAnalysisTransform
Transforming perfmark-api-0.27.0.jar (io.perfmark:perfmark-api:0.27.0) with ExternalDependencyInstrumentingArtifactTransform
Transforming netty-codec-http2-4.1.110.Final.jar (io.netty:netty-codec-http2:4.1.110.Final) with ExternalDependencyInstrumentingArtifactTransform
Transforming netty-codec-http-4.1.110.Final.jar (io.netty:netty-codec-http:4.1.110.Final) with InstrumentationAnalysisTransform
Transforming netty-codec-http-4.1.110.Final.jar (io.netty:netty-codec-http:4.1.110.Final) with MergeInstrumentationAnalysisTransform
Transforming netty-handler-4.1.110.Final.jar (io.netty:netty-handler:4.1.110.Final) with InstrumentationAnalysisTransform
Transforming netty-handler-proxy-4.1.110.Final.jar (io.netty:netty-handler-proxy:4.1.110.Final) with ExternalDependencyInstrumentingArtifactTransform
Transforming netty-handler-4.1.110.Final.jar (io.netty:netty-handler:4.1.110.Final) with MergeInstrumentationAnalysisTransform
Transforming netty-transport-native-unix-common-4.1.110.Final.jar (io.netty:netty-transport-native-unix-common:4.1.110.Final) with InstrumentationAnalysisTransform
Transforming netty-transport-native-unix-common-4.1.110.Final.jar (io.netty:netty-transport-native-unix-common:4.1.110.Final) with MergeInstrumentationAnalysisTransform
Transforming netty-codec-http-4.1.110.Final.jar (io.netty:netty-codec-http:4.1.110.Final) with ExternalDependencyInstrumentingArtifactTransform
Transforming checker-qual-3.43.0.jar (org.checkerframework:checker-qual:3.43.0) with InstrumentationAnalysisTransform
Transforming netty-handler-4.1.110.Final.jar (io.netty:netty-handler:4.1.110.Final) with ExternalDependencyInstrumentingArtifactTransform
Transforming checker-qual-3.43.0.jar (org.checkerframework:checker-qual:3.43.0) with MergeInstrumentationAnalysisTransform
Transforming netty-transport-native-unix-common-4.1.110.Final.jar (io.netty:netty-transport-native-unix-common:4.1.110.Final) with ExternalDependencyInstrumentingArtifactTransform
Transforming apksig-8.10.1.jar (com.android.tools.build:apksig:8.10.1) with InstrumentationAnalysisTransform
Transforming checker-qual-3.43.0.jar (org.checkerframework:checker-qual:3.43.0) with ExternalDependencyInstrumentingArtifactTransform
Transforming apksig-8.10.1.jar (com.android.tools.build:apksig:8.10.1) with MergeInstrumentationAnalysisTransform
Transforming javawriter-2.5.0.jar (com.squareup:javawriter:2.5.0) with InstrumentationAnalysisTransform
Transforming javawriter-2.5.0.jar (com.squareup:javawriter:2.5.0) with MergeInstrumentationAnalysisTransform
Transforming apksig-8.10.1.jar (com.android.tools.build:apksig:8.10.1) with ExternalDependencyInstrumentingArtifactTransform
Transforming failureaccess-1.0.2.jar (com.google.guava:failureaccess:1.0.2) with InstrumentationAnalysisTransform
Transforming failureaccess-1.0.2.jar (com.google.guava:failureaccess:1.0.2) with MergeInstrumentationAnalysisTransform
Transforming listenablefuture-9999.0-empty-to-avoid-conflict-with-guava.jar (com.google.guava:listenablefuture:9999.0-empty-to-avoid-conflict-with-guava) with InstrumentationAnalysisTransform
Transforming javawriter-2.5.0.jar (com.squareup:javawriter:2.5.0) with ExternalDependencyInstrumentingArtifactTransform
Transforming listenablefuture-9999.0-empty-to-avoid-conflict-with-guava.jar (com.google.guava:listenablefuture:9999.0-empty-to-avoid-conflict-with-guava) with MergeInstrumentationAnalysisTransform
Transforming commons-logging-1.2.jar (commons-logging:commons-logging:1.2) with InstrumentationAnalysisTransform
Transforming commons-logging-1.2.jar (commons-logging:commons-logging:1.2) with MergeInstrumentationAnalysisTransform
Transforming failureaccess-1.0.2.jar (com.google.guava:failureaccess:1.0.2) with ExternalDependencyInstrumentingArtifactTransform
Transforming listenablefuture-9999.0-empty-to-avoid-conflict-with-guava.jar (com.google.guava:listenablefuture:9999.0-empty-to-avoid-conflict-with-guava) with ExternalDependencyInstrumentingArtifactTransform
Transforming commons-codec-1.11.jar (commons-codec:commons-codec:1.11) with InstrumentationAnalysisTransform
Transforming commons-logging-1.2.jar (commons-logging:commons-logging:1.2) with ExternalDependencyInstrumentingArtifactTransform
Transforming commons-codec-1.11.jar (commons-codec:commons-codec:1.11) with MergeInstrumentationAnalysisTransform
Transforming jna-5.6.0.jar (net.java.dev.jna:jna:5.6.0) with InstrumentationAnalysisTransform
Transforming jna-5.6.0.jar (net.java.dev.jna:jna:5.6.0) with MergeInstrumentationAnalysisTransform
Transforming netty-codec-socks-4.1.110.Final.jar (io.netty:netty-codec-socks:4.1.110.Final) with InstrumentationAnalysisTransform
Transforming commons-codec-1.11.jar (commons-codec:commons-codec:1.11) with ExternalDependencyInstrumentingArtifactTransform
Transforming netty-codec-socks-4.1.110.Final.jar (io.netty:netty-codec-socks:4.1.110.Final) with MergeInstrumentationAnalysisTransform
Transforming netty-codec-4.1.110.Final.jar (io.netty:netty-codec:4.1.110.Final) with InstrumentationAnalysisTransform
Transforming jna-5.6.0.jar (net.java.dev.jna:jna:5.6.0) with ExternalDependencyInstrumentingArtifactTransform
Transforming netty-codec-4.1.110.Final.jar (io.netty:netty-codec:4.1.110.Final) with MergeInstrumentationAnalysisTransform
Transforming netty-transport-4.1.110.Final.jar (io.netty:netty-transport:4.1.110.Final) with InstrumentationAnalysisTransform
Transforming netty-codec-socks-4.1.110.Final.jar (io.netty:netty-codec-socks:4.1.110.Final) with ExternalDependencyInstrumentingArtifactTransform
Transforming netty-transport-4.1.110.Final.jar (io.netty:netty-transport:4.1.110.Final) with MergeInstrumentationAnalysisTransform
Transforming netty-codec-4.1.110.Final.jar (io.netty:netty-codec:4.1.110.Final) with ExternalDependencyInstrumentingArtifactTransform
Transforming netty-buffer-4.1.110.Final.jar (io.netty:netty-buffer:4.1.110.Final) with InstrumentationAnalysisTransform
Transforming netty-transport-4.1.110.Final.jar (io.netty:netty-transport:4.1.110.Final) with ExternalDependencyInstrumentingArtifactTransform
Transforming netty-buffer-4.1.110.Final.jar (io.netty:netty-buffer:4.1.110.Final) with MergeInstrumentationAnalysisTransform
Transforming netty-resolver-4.1.110.Final.jar (io.netty:netty-resolver:4.1.110.Final) with InstrumentationAnalysisTransform
Transforming netty-resolver-4.1.110.Final.jar (io.netty:netty-resolver:4.1.110.Final) with MergeInstrumentationAnalysisTransform
Transforming netty-common-4.1.110.Final.jar (io.netty:netty-common:4.1.110.Final) with InstrumentationAnalysisTransform
Transforming netty-buffer-4.1.110.Final.jar (io.netty:netty-buffer:4.1.110.Final) with ExternalDependencyInstrumentingArtifactTransform
Transforming netty-common-4.1.110.Final.jar (io.netty:netty-common:4.1.110.Final) with MergeInstrumentationAnalysisTransform
Transforming netty-resolver-4.1.110.Final.jar (io.netty:netty-resolver:4.1.110.Final) with ExternalDependencyInstrumentingArtifactTransform
Transforming netty-common-4.1.110.Final.jar (io.netty:netty-common:4.1.110.Final) with ExternalDependencyInstrumentingArtifactTransform
Transforming plugins.jar (project :build-logic:plugins) with ProjectDependencyInstrumentingArtifactTransform
Transforming tools.jar (project :build-logic:tools) with ProjectDependencyInstrumentingArtifactTransform
Using default execution profile
Using Kotlin Gradle Plugin gradle811 variant

> Configure project :paging-app
Evaluating project ':paging-app' using build file '/home/lollerfirst/Signal-Android/paging/app/build.gradle.kts'.
Transforming classes with InstrumentationAnalysisTransform
Transforming classes with InstrumentationAnalysisTransform
Transforming gradle-8.10.1.jar (com.android.tools.build:gradle:8.10.1) with InstrumentationAnalysisTransform
Transforming gradle-settings-api-8.10.1.jar (com.android.tools.build:gradle-settings-api:8.10.1) with InstrumentationAnalysisTransform
Transforming lint-model-31.10.1.jar (com.android.tools.lint:lint-model:31.10.1) with InstrumentationAnalysisTransform
Transforming builder-8.10.1.jar (com.android.tools.build:builder:8.10.1) with InstrumentationAnalysisTransform
Transforming manifest-merger-31.10.1.jar (com.android.tools.build:manifest-merger:31.10.1) with InstrumentationAnalysisTransform
Transforming sdk-common-31.10.1.jar (com.android.tools:sdk-common:31.10.1) with InstrumentationAnalysisTransform
Transforming sdklib-31.10.1.jar (com.android.tools:sdklib:31.10.1) with InstrumentationAnalysisTransform
Transforming repository-31.10.1.jar (com.android.tools:repository:31.10.1) with InstrumentationAnalysisTransform
Transforming aaptcompiler-8.10.1.jar (com.android.tools.build:aaptcompiler:8.10.1) with InstrumentationAnalysisTransform
Transforming tracker-31.10.1.jar (com.android.tools.analytics-library:tracker:31.10.1) with InstrumentationAnalysisTransform
Transforming shared-31.10.1.jar (com.android.tools.analytics-library:shared:31.10.1) with InstrumentationAnalysisTransform
Transforming databinding-compiler-common-8.10.1.jar (androidx.databinding:databinding-compiler-common:8.10.1) with InstrumentationAnalysisTransform
Transforming android-test-plugin-host-emulator-control-proto-31.10.1.jar (com.android.tools.utp:android-test-plugin-host-emulator-control-proto:31.10.1) with InstrumentationAnalysisTransform
Transforming builder-model-8.10.1.jar (com.android.tools.build:builder-model:8.10.1) with InstrumentationAnalysisTransform
Transforming gradle-api-8.10.1.jar (com.android.tools.build:gradle-api:8.10.1) with InstrumentationAnalysisTransform
Transforming builder-test-api-8.10.1.jar (com.android.tools.build:builder-test-api:8.10.1) with InstrumentationAnalysisTransform
Transforming ddmlib-31.10.1.jar (com.android.tools.ddms:ddmlib:31.10.1) with InstrumentationAnalysisTransform
Transforming layoutlib-api-31.10.1.jar (com.android.tools.layoutlib:layoutlib-api:31.10.1) with InstrumentationAnalysisTransform
Transforming dvlib-31.10.1.jar (com.android.tools:dvlib:31.10.1) with InstrumentationAnalysisTransform
Transforming common-31.10.1.jar (com.android.tools:common:31.10.1) with InstrumentationAnalysisTransform
Transforming kotlin-stdlib-jdk8-2.1.0.jar (org.jetbrains.kotlin:kotlin-stdlib-jdk8:2.1.0) with InstrumentationAnalysisTransform
Transforming jetifier-processor-1.0.0-beta10.jar (com.android.tools.build.jetifier:jetifier-processor:1.0.0-beta10) with InstrumentationAnalysisTransform
Transforming jetifier-core-1.0.0-beta10.jar (com.android.tools.build.jetifier:jetifier-core:1.0.0-beta10) with InstrumentationAnalysisTransform
Transforming kotlin-reflect-2.0.20.jar (org.jetbrains.kotlin:kotlin-reflect:2.0.20) with InstrumentationAnalysisTransform
Transforming kotlin-stdlib-jdk7-2.1.0.jar (org.jetbrains.kotlin:kotlin-stdlib-jdk7:2.1.0) with InstrumentationAnalysisTransform
Transforming kotlin-stdlib-2.0.20.jar (org.jetbrains.kotlin:kotlin-stdlib:2.0.20) with InstrumentationAnalysisTransform
Transforming annotations-13.0.jar (org.jetbrains:annotations:13.0) with InstrumentationAnalysisTransform
Transforming kotlin-gradle-plugin-model-2.2.20.jar (org.jetbrains.kotlin:kotlin-gradle-plugin-model:2.2.20) with InstrumentationAnalysisTransform
Transforming fus-statistics-gradle-plugin-2.2.20-gradle811.jar (org.jetbrains.kotlin:fus-statistics-gradle-plugin:2.2.20) with InstrumentationAnalysisTransform
Transforming kotlin-gradle-plugin-api-2.2.20.jar (org.jetbrains.kotlin:kotlin-gradle-plugin-api:2.2.20) with InstrumentationAnalysisTransform
Transforming kotlin-gradle-plugin-api-2.2.20-gradle811.jar (org.jetbrains.kotlin:kotlin-gradle-plugin-api:2.2.20) with InstrumentationAnalysisTransform
Transforming kotlin-gradle-plugin-2.2.20-gradle811.jar (org.jetbrains.kotlin:kotlin-gradle-plugin:2.2.20) with InstrumentationAnalysisTransform
Transforming ktlint-gradle-12.1.1.jar (org.jlleitschuh.gradle:ktlint-gradle:12.1.1) with InstrumentationAnalysisTransform
Transforming kotlin-gradle-plugin-idea-proto-2.2.20.jar (org.jetbrains.kotlin:kotlin-gradle-plugin-idea-proto:2.2.20) with InstrumentationAnalysisTransform
Transforming kotlin-gradle-plugin-idea-2.2.20.jar (org.jetbrains.kotlin:kotlin-gradle-plugin-idea:2.2.20) with InstrumentationAnalysisTransform
Transforming kotlin-klib-commonizer-api-2.2.20.jar (org.jetbrains.kotlin:kotlin-klib-commonizer-api:2.2.20) with InstrumentationAnalysisTransform
Transforming kotlin-build-statistics-2.2.20.jar (org.jetbrains.kotlin:kotlin-build-statistics:2.2.20) with InstrumentationAnalysisTransform
Transforming kotlin-util-klib-metadata-2.2.20.jar (org.jetbrains.kotlin:kotlin-util-klib-metadata:2.2.20) with InstrumentationAnalysisTransform
Transforming abi-tools-api-2.2.20.jar (org.jetbrains.kotlin:abi-tools-api:2.2.20) with InstrumentationAnalysisTransform
Transforming kotlin-compiler-runner-2.2.20.jar (org.jetbrains.kotlin:kotlin-compiler-runner:2.2.20) with InstrumentationAnalysisTransform
Transforming dnsjava-2.1.9.jar (dnsjava:dnsjava:2.1.9) with InstrumentationAnalysisTransform
Transforming kotlin-gradle-plugin-annotations-2.2.20.jar (org.jetbrains.kotlin:kotlin-gradle-plugin-annotations:2.2.20) with InstrumentationAnalysisTransform
Transforming kotlin-native-utils-2.2.20.jar (org.jetbrains.kotlin:kotlin-native-utils:2.2.20) with InstrumentationAnalysisTransform
Transforming kotlin-tooling-core-2.2.20.jar (org.jetbrains.kotlin:kotlin-tooling-core:2.2.20) with InstrumentationAnalysisTransform
Transforming kotlin-build-tools-api-2.2.20.jar (org.jetbrains.kotlin:kotlin-build-tools-api:2.2.20) with InstrumentationAnalysisTransform
Transforming android-test-plugin-result-listener-gradle-proto-31.10.1.jar (com.android.tools.utp:android-test-plugin-result-listener-gradle-proto:31.10.1) with InstrumentationAnalysisTransform
Transforming bundletool-1.18.0.jar (com.android.tools.build:bundletool:1.18.0) with InstrumentationAnalysisTransform
Transforming protobuf-java-util-3.25.5.jar (com.google.protobuf:protobuf-java-util:3.25.5) with InstrumentationAnalysisTransform
Transforming grpc-netty-1.69.1.jar (io.grpc:grpc-netty:1.69.1) with InstrumentationAnalysisTransform
Transforming grpc-inprocess-1.69.1.jar (io.grpc:grpc-inprocess:1.69.1) with InstrumentationAnalysisTransform
Transforming grpc-util-1.69.1.jar (io.grpc:grpc-util:1.69.1) with InstrumentationAnalysisTransform
Transforming grpc-core-1.69.1.jar (io.grpc:grpc-core:1.69.1) with InstrumentationAnalysisTransform
Transforming tink-1.7.0.jar (com.google.crypto.tink:tink:1.7.0) with InstrumentationAnalysisTransform
Transforming gson-2.11.0.jar (com.google.code.gson:gson:2.11.0) with InstrumentationAnalysisTransform
Transforming kotlin-util-klib-2.2.20.jar (org.jetbrains.kotlin:kotlin-util-klib:2.2.20) with InstrumentationAnalysisTransform
Transforming kotlin-util-io-2.2.20.jar (org.jetbrains.kotlin:kotlin-util-io:2.2.20) with InstrumentationAnalysisTransform
Transforming kotlin-daemon-client-2.2.20.jar (org.jetbrains.kotlin:kotlin-daemon-client:2.2.20) with InstrumentationAnalysisTransform
Transforming kotlinx-coroutines-core-jvm-1.8.0.jar (org.jetbrains.kotlinx:kotlinx-coroutines-core-jvm:1.8.0) with InstrumentationAnalysisTransform
Transforming aapt2-proto-8.10.1-12782657.jar (com.android.tools.build:aapt2-proto:8.10.1-12782657) with InstrumentationAnalysisTransform
Transforming crash-31.10.1.jar (com.android.tools.analytics-library:crash:31.10.1) with InstrumentationAnalysisTransform
Transforming lint-typedef-remover-31.10.1.jar (com.android.tools.lint:lint-typedef-remover:31.10.1) with InstrumentationAnalysisTransform
Transforming databinding-common-8.10.1.jar (androidx.databinding:databinding-common:8.10.1) with InstrumentationAnalysisTransform
Transforming baseLibrary-8.10.1.jar (com.android.databinding:baseLibrary:8.10.1) with InstrumentationAnalysisTransform
Transforming android-device-provider-ddmlib-proto-31.10.1.jar (com.android.tools.utp:android-device-provider-ddmlib-proto:31.10.1) with InstrumentationAnalysisTransform
Transforming android-device-provider-gradle-proto-31.10.1.jar (com.android.tools.utp:android-device-provider-gradle-proto:31.10.1) with InstrumentationAnalysisTransform
Transforming android-device-provider-profile-proto-31.10.1.jar (com.android.tools.utp:android-device-provider-profile-proto:31.10.1) with InstrumentationAnalysisTransform
Transforming android-test-plugin-host-additional-test-output-proto-31.10.1.jar (com.android.tools.utp:android-test-plugin-host-additional-test-output-proto:31.10.1) with InstrumentationAnalysisTransform
Transforming android-test-plugin-host-coverage-proto-31.10.1.jar (com.android.tools.utp:android-test-plugin-host-coverage-proto:31.10.1) with InstrumentationAnalysisTransform
Transforming android-test-plugin-host-logcat-proto-31.10.1.jar (com.android.tools.utp:android-test-plugin-host-logcat-proto:31.10.1) with InstrumentationAnalysisTransform
Transforming android-test-plugin-host-apk-installer-proto-31.10.1.jar (com.android.tools.utp:android-test-plugin-host-apk-installer-proto:31.10.1) with InstrumentationAnalysisTransform
Transforming transform-api-2.0.0-deprecated-use-gradle-api.jar (com.android.tools.build:transform-api:2.0.0-deprecated-use-gradle-api) with InstrumentationAnalysisTransform
Transforming httpmime-4.5.6.jar (org.apache.httpcomponents:httpmime:4.5.6) with InstrumentationAnalysisTransform
Transforming commons-io-2.16.1.jar (commons-io:commons-io:2.16.1) with InstrumentationAnalysisTransform
Transforming asm-commons-9.7.1.jar (org.ow2.asm:asm-commons:9.7.1) with InstrumentationAnalysisTransform
Transforming asm-util-9.7.1.jar (org.ow2.asm:asm-util:9.7.1) with InstrumentationAnalysisTransform
Transforming asm-analysis-9.7.1.jar (org.ow2.asm:asm-analysis:9.7.1) with InstrumentationAnalysisTransform
Transforming asm-tree-9.7.1.jar (org.ow2.asm:asm-tree:9.7.1) with InstrumentationAnalysisTransform
Transforming asm-9.7.1.jar (org.ow2.asm:asm:9.7.1) with InstrumentationAnalysisTransform
Transforming apkzlib-8.10.1.jar (com.android.tools.build:apkzlib:8.10.1) with InstrumentationAnalysisTransform
Transforming bcpkix-jdk18on-1.79.jar (org.bouncycastle:bcpkix-jdk18on:1.79) with InstrumentationAnalysisTransform
Transforming jaxb-runtime-2.3.2.jar (org.glassfish.jaxb:jaxb-runtime:2.3.2) with InstrumentationAnalysisTransform
Transforming jopt-simple-4.9.jar (net.sf.jopt-simple:jopt-simple:4.9) with InstrumentationAnalysisTransform
Transforming javapoet-1.10.0.jar (com.squareup:javapoet:1.10.0) with InstrumentationAnalysisTransform
Transforming grpc-protobuf-1.69.1.jar (io.grpc:grpc-protobuf:1.69.1) with InstrumentationAnalysisTransform
Transforming core-proto-0.0.9-alpha03.jar (com.google.testing.platform:core-proto:0.0.9-alpha03) with InstrumentationAnalysisTransform
Transforming protos-31.10.1.jar (com.android.tools.analytics-library:protos:31.10.1) with InstrumentationAnalysisTransform
Transforming proto-google-common-protos-2.48.0.jar (com.google.api.grpc:proto-google-common-protos:2.48.0) with InstrumentationAnalysisTransform
Transforming protobuf-java-3.25.5.jar (com.google.protobuf:protobuf-java:3.25.5) with InstrumentationAnalysisTransform
Transforming grpc-stub-1.69.1.jar (io.grpc:grpc-stub:1.69.1) with InstrumentationAnalysisTransform
Transforming tensorflow-lite-metadata-0.2.0.jar (org.tensorflow:tensorflow-lite-metadata:0.2.0) with InstrumentationAnalysisTransform
Transforming flatbuffers-java-1.12.0.jar (com.google.flatbuffers:flatbuffers-java:1.12.0) with InstrumentationAnalysisTransform
Transforming jimfs-1.1.jar (com.google.jimfs:jimfs:1.1) with InstrumentationAnalysisTransform
Transforming grpc-context-1.69.1.jar (io.grpc:grpc-context:1.69.1) with InstrumentationAnalysisTransform
Transforming grpc-protobuf-lite-1.69.1.jar (io.grpc:grpc-protobuf-lite:1.69.1) with InstrumentationAnalysisTransform
Transforming grpc-api-1.69.1.jar (io.grpc:grpc-api:1.69.1) with InstrumentationAnalysisTransform
Transforming guava-33.3.1-jre.jar (com.google.guava:guava:33.3.1-jre) with InstrumentationAnalysisTransform
Transforming error_prone_annotations-2.30.0.jar (com.google.errorprone:error_prone_annotations:2.30.0) with InstrumentationAnalysisTransform
Transforming dagger-2.28.3.jar (com.google.dagger:dagger:2.28.3) with InstrumentationAnalysisTransform
Transforming javax.inject-1.jar (javax.inject:javax.inject:1) with InstrumentationAnalysisTransform
Transforming kxml2-2.3.0.jar (net.sf.kxml:kxml2:2.3.0) with InstrumentationAnalysisTransform
Transforming commons-compress-1.21.jar (org.apache.commons:commons-compress:1.21) with InstrumentationAnalysisTransform
Transforming bcutil-jdk18on-1.79.jar (org.bouncycastle:bcutil-jdk18on:1.79) with InstrumentationAnalysisTransform
Transforming bcprov-jdk18on-1.79.jar (org.bouncycastle:bcprov-jdk18on:1.79) with InstrumentationAnalysisTransform
Transforming httpclient-4.5.14.jar (org.apache.httpcomponents:httpclient:4.5.14) with InstrumentationAnalysisTransform
Transforming httpcore-4.4.16.jar (org.apache.httpcomponents:httpcore:4.4.16) with InstrumentationAnalysisTransform
Transforming javax.activation-1.2.0.jar (com.sun.activation:javax.activation:1.2.0) with InstrumentationAnalysisTransform
Transforming signflinger-8.10.1.jar (com.android:signflinger:8.10.1) with InstrumentationAnalysisTransform
Transforming zipflinger-8.10.1.jar (com.android:zipflinger:8.10.1) with InstrumentationAnalysisTransform
Transforming annotations-31.10.1.jar (com.android.tools:annotations:31.10.1) with InstrumentationAnalysisTransform
Transforming jna-platform-5.6.0.jar (net.java.dev.jna:jna-platform:5.6.0) with InstrumentationAnalysisTransform
Transforming juniversalchardet-1.0.3.jar (com.googlecode.juniversalchardet:juniversalchardet:1.0.3) with InstrumentationAnalysisTransform
Transforming javax.annotation-api-1.3.2.jar (javax.annotation:javax.annotation-api:1.3.2) with InstrumentationAnalysisTransform
Transforming stax-ex-1.8.1.jar (org.jvnet.staxex:stax-ex:1.8.1) with InstrumentationAnalysisTransform
Transforming jakarta.xml.bind-api-2.3.2.jar (jakarta.xml.bind:jakarta.xml.bind-api:2.3.2) with InstrumentationAnalysisTransform
Transforming txw2-2.3.2.jar (org.glassfish.jaxb:txw2:2.3.2) with InstrumentationAnalysisTransform
Transforming istack-commons-runtime-3.0.8.jar (com.sun.istack:istack-commons-runtime:3.0.8) with InstrumentationAnalysisTransform
Transforming FastInfoset-1.2.16.jar (com.sun.xml.fastinfoset:FastInfoset:1.2.16) with InstrumentationAnalysisTransform
Transforming jakarta.activation-api-1.2.1.jar (jakarta.activation:jakarta.activation-api:1.2.1) with InstrumentationAnalysisTransform
Transforming auto-value-annotations-1.6.2.jar (com.google.auto.value:auto-value-annotations:1.6.2) with InstrumentationAnalysisTransform
Transforming jose4j-0.9.5.jar (org.bitbucket.b_c:jose4j:0.9.5) with InstrumentationAnalysisTransform
Transforming slf4j-api-1.7.30.jar (org.slf4j:slf4j-api:1.7.30) with InstrumentationAnalysisTransform
Transforming jdom2-2.0.6.jar (org.jdom:jdom2:2.0.6) with InstrumentationAnalysisTransform
Transforming jsr305-3.0.2.jar (com.google.code.findbugs:jsr305:3.0.2) with InstrumentationAnalysisTransform
Transforming j2objc-annotations-3.0.0.jar (com.google.j2objc:j2objc-annotations:3.0.0) with InstrumentationAnalysisTransform
Transforming annotations-4.1.1.4.jar (com.google.android:annotations:4.1.1.4) with InstrumentationAnalysisTransform
Transforming animal-sniffer-annotations-1.24.jar (org.codehaus.mojo:animal-sniffer-annotations:1.24) with InstrumentationAnalysisTransform
Transforming perfmark-api-0.27.0.jar (io.perfmark:perfmark-api:0.27.0) with InstrumentationAnalysisTransform
Transforming netty-codec-http2-4.1.110.Final.jar (io.netty:netty-codec-http2:4.1.110.Final) with InstrumentationAnalysisTransform
Transforming netty-handler-proxy-4.1.110.Final.jar (io.netty:netty-handler-proxy:4.1.110.Final) with InstrumentationAnalysisTransform
Transforming netty-codec-http-4.1.110.Final.jar (io.netty:netty-codec-http:4.1.110.Final) with InstrumentationAnalysisTransform
Transforming netty-handler-4.1.110.Final.jar (io.netty:netty-handler:4.1.110.Final) with InstrumentationAnalysisTransform
Transforming netty-transport-native-unix-common-4.1.110.Final.jar (io.netty:netty-transport-native-unix-common:4.1.110.Final) with InstrumentationAnalysisTransform
Transforming checker-qual-3.43.0.jar (org.checkerframework:checker-qual:3.43.0) with InstrumentationAnalysisTransform
Transforming apksig-8.10.1.jar (com.android.tools.build:apksig:8.10.1) with InstrumentationAnalysisTransform
Transforming javawriter-2.5.0.jar (com.squareup:javawriter:2.5.0) with InstrumentationAnalysisTransform
Transforming failureaccess-1.0.2.jar (com.google.guava:failureaccess:1.0.2) with InstrumentationAnalysisTransform
Transforming listenablefuture-9999.0-empty-to-avoid-conflict-with-guava.jar (com.google.guava:listenablefuture:9999.0-empty-to-avoid-conflict-with-guava) with InstrumentationAnalysisTransform
Transforming commons-logging-1.2.jar (commons-logging:commons-logging:1.2) with InstrumentationAnalysisTransform
Transforming commons-codec-1.11.jar (commons-codec:commons-codec:1.11) with InstrumentationAnalysisTransform
Transforming jna-5.6.0.jar (net.java.dev.jna:jna:5.6.0) with InstrumentationAnalysisTransform
Transforming netty-codec-socks-4.1.110.Final.jar (io.netty:netty-codec-socks:4.1.110.Final) with InstrumentationAnalysisTransform
Transforming netty-codec-4.1.110.Final.jar (io.netty:netty-codec:4.1.110.Final) with InstrumentationAnalysisTransform
Transforming netty-transport-4.1.110.Final.jar (io.netty:netty-transport:4.1.110.Final) with InstrumentationAnalysisTransform
Transforming netty-buffer-4.1.110.Final.jar (io.netty:netty-buffer:4.1.110.Final) with InstrumentationAnalysisTransform
Transforming netty-resolver-4.1.110.Final.jar (io.netty:netty-resolver:4.1.110.Final) with InstrumentationAnalysisTransform
Transforming netty-common-4.1.110.Final.jar (io.netty:netty-common:4.1.110.Final) with InstrumentationAnalysisTransform
Transforming main (project :build-logic:plugins) with InstrumentationAnalysisTransform
Transforming main (project :build-logic:plugins) with InstrumentationAnalysisTransform
Transforming main (project :build-logic:plugins) with InstrumentationAnalysisTransform
Transforming main (project :build-logic:tools) with InstrumentationAnalysisTransform
Transforming main (project :build-logic:tools) with InstrumentationAnalysisTransform
Transforming classes with InstrumentationAnalysisTransform
Transforming classes with MergeInstrumentationAnalysisTransform
Transforming classes with InstrumentationAnalysisTransform
Transforming classes with MergeInstrumentationAnalysisTransform
Transforming gradle-8.10.1.jar (com.android.tools.build:gradle:8.10.1) with InstrumentationAnalysisTransform
Transforming gradle-8.10.1.jar (com.android.tools.build:gradle:8.10.1) with MergeInstrumentationAnalysisTransform
Transforming gradle-settings-api-8.10.1.jar (com.android.tools.build:gradle-settings-api:8.10.1) with InstrumentationAnalysisTransform
Transforming gradle-settings-api-8.10.1.jar (com.android.tools.build:gradle-settings-api:8.10.1) with MergeInstrumentationAnalysisTransform
Transforming lint-model-31.10.1.jar (com.android.tools.lint:lint-model:31.10.1) with InstrumentationAnalysisTransform
Transforming lint-model-31.10.1.jar (com.android.tools.lint:lint-model:31.10.1) with MergeInstrumentationAnalysisTransform
Transforming builder-8.10.1.jar (com.android.tools.build:builder:8.10.1) with InstrumentationAnalysisTransform
Transforming builder-8.10.1.jar (com.android.tools.build:builder:8.10.1) with MergeInstrumentationAnalysisTransform
Transforming manifest-merger-31.10.1.jar (com.android.tools.build:manifest-merger:31.10.1) with InstrumentationAnalysisTransform
Transforming manifest-merger-31.10.1.jar (com.android.tools.build:manifest-merger:31.10.1) with MergeInstrumentationAnalysisTransform
Transforming sdk-common-31.10.1.jar (com.android.tools:sdk-common:31.10.1) with InstrumentationAnalysisTransform
Transforming sdk-common-31.10.1.jar (com.android.tools:sdk-common:31.10.1) with MergeInstrumentationAnalysisTransform
Transforming sdklib-31.10.1.jar (com.android.tools:sdklib:31.10.1) with InstrumentationAnalysisTransform
Transforming sdklib-31.10.1.jar (com.android.tools:sdklib:31.10.1) with MergeInstrumentationAnalysisTransform
Transforming repository-31.10.1.jar (com.android.tools:repository:31.10.1) with InstrumentationAnalysisTransform
Transforming repository-31.10.1.jar (com.android.tools:repository:31.10.1) with MergeInstrumentationAnalysisTransform
Transforming aaptcompiler-8.10.1.jar (com.android.tools.build:aaptcompiler:8.10.1) with InstrumentationAnalysisTransform
Transforming aaptcompiler-8.10.1.jar (com.android.tools.build:aaptcompiler:8.10.1) with MergeInstrumentationAnalysisTransform
Transforming tracker-31.10.1.jar (com.android.tools.analytics-library:tracker:31.10.1) with InstrumentationAnalysisTransform
Transforming classes with ExternalDependencyInstrumentingArtifactTransform
Transforming classes with ExternalDependencyInstrumentingArtifactTransform
Transforming builder-8.10.1.jar (com.android.tools.build:builder:8.10.1) with ExternalDependencyInstrumentingArtifactTransform
Transforming lint-model-31.10.1.jar (com.android.tools.lint:lint-model:31.10.1) with ExternalDependencyInstrumentingArtifactTransform
Transforming sdklib-31.10.1.jar (com.android.tools:sdklib:31.10.1) with ExternalDependencyInstrumentingArtifactTransform
Transforming gradle-settings-api-8.10.1.jar (com.android.tools.build:gradle-settings-api:8.10.1) with ExternalDependencyInstrumentingArtifactTransform
Transforming tracker-31.10.1.jar (com.android.tools.analytics-library:tracker:31.10.1) with MergeInstrumentationAnalysisTransform
Transforming gradle-8.10.1.jar (com.android.tools.build:gradle:8.10.1) with ExternalDependencyInstrumentingArtifactTransform
Transforming shared-31.10.1.jar (com.android.tools.analytics-library:shared:31.10.1) with InstrumentationAnalysisTransform
Transforming aaptcompiler-8.10.1.jar (com.android.tools.build:aaptcompiler:8.10.1) with ExternalDependencyInstrumentingArtifactTransform
Transforming manifest-merger-31.10.1.jar (com.android.tools.build:manifest-merger:31.10.1) with ExternalDependencyInstrumentingArtifactTransform
Transforming repository-31.10.1.jar (com.android.tools:repository:31.10.1) with ExternalDependencyInstrumentingArtifactTransform
Transforming sdk-common-31.10.1.jar (com.android.tools:sdk-common:31.10.1) with ExternalDependencyInstrumentingArtifactTransform
Transforming tracker-31.10.1.jar (com.android.tools.analytics-library:tracker:31.10.1) with ExternalDependencyInstrumentingArtifactTransform
Transforming shared-31.10.1.jar (com.android.tools.analytics-library:shared:31.10.1) with MergeInstrumentationAnalysisTransform
Transforming databinding-compiler-common-8.10.1.jar (androidx.databinding:databinding-compiler-common:8.10.1) with InstrumentationAnalysisTransform
Transforming databinding-compiler-common-8.10.1.jar (androidx.databinding:databinding-compiler-common:8.10.1) with MergeInstrumentationAnalysisTransform
Transforming android-test-plugin-host-emulator-control-proto-31.10.1.jar (com.android.tools.utp:android-test-plugin-host-emulator-control-proto:31.10.1) with InstrumentationAnalysisTransform
Transforming android-test-plugin-host-emulator-control-proto-31.10.1.jar (com.android.tools.utp:android-test-plugin-host-emulator-control-proto:31.10.1) with MergeInstrumentationAnalysisTransform
Transforming builder-model-8.10.1.jar (com.android.tools.build:builder-model:8.10.1) with InstrumentationAnalysisTransform
Transforming builder-model-8.10.1.jar (com.android.tools.build:builder-model:8.10.1) with MergeInstrumentationAnalysisTransform
Transforming gradle-api-8.10.1.jar (com.android.tools.build:gradle-api:8.10.1) with InstrumentationAnalysisTransform
Transforming gradle-api-8.10.1.jar (com.android.tools.build:gradle-api:8.10.1) with MergeInstrumentationAnalysisTransform
Transforming builder-test-api-8.10.1.jar (com.android.tools.build:builder-test-api:8.10.1) with InstrumentationAnalysisTransform
Transforming databinding-compiler-common-8.10.1.jar (androidx.databinding:databinding-compiler-common:8.10.1) with ExternalDependencyInstrumentingArtifactTransform
Transforming builder-test-api-8.10.1.jar (com.android.tools.build:builder-test-api:8.10.1) with MergeInstrumentationAnalysisTransform
Transforming ddmlib-31.10.1.jar (com.android.tools.ddms:ddmlib:31.10.1) with InstrumentationAnalysisTransform
Transforming gradle-api-8.10.1.jar (com.android.tools.build:gradle-api:8.10.1) with ExternalDependencyInstrumentingArtifactTransform
Transforming builder-test-api-8.10.1.jar (com.android.tools.build:builder-test-api:8.10.1) with ExternalDependencyInstrumentingArtifactTransform
Transforming shared-31.10.1.jar (com.android.tools.analytics-library:shared:31.10.1) with ExternalDependencyInstrumentingArtifactTransform
Transforming android-test-plugin-host-emulator-control-proto-31.10.1.jar (com.android.tools.utp:android-test-plugin-host-emulator-control-proto:31.10.1) with ExternalDependencyInstrumentingArtifactTransform
Transforming builder-model-8.10.1.jar (com.android.tools.build:builder-model:8.10.1) with ExternalDependencyInstrumentingArtifactTransform
Transforming ddmlib-31.10.1.jar (com.android.tools.ddms:ddmlib:31.10.1) with MergeInstrumentationAnalysisTransform
Transforming layoutlib-api-31.10.1.jar (com.android.tools.layoutlib:layoutlib-api:31.10.1) with InstrumentationAnalysisTransform
Transforming layoutlib-api-31.10.1.jar (com.android.tools.layoutlib:layoutlib-api:31.10.1) with MergeInstrumentationAnalysisTransform
Transforming ddmlib-31.10.1.jar (com.android.tools.ddms:ddmlib:31.10.1) with ExternalDependencyInstrumentingArtifactTransform
Transforming dvlib-31.10.1.jar (com.android.tools:dvlib:31.10.1) with InstrumentationAnalysisTransform
Transforming dvlib-31.10.1.jar (com.android.tools:dvlib:31.10.1) with MergeInstrumentationAnalysisTransform
Transforming common-31.10.1.jar (com.android.tools:common:31.10.1) with InstrumentationAnalysisTransform
Transforming layoutlib-api-31.10.1.jar (com.android.tools.layoutlib:layoutlib-api:31.10.1) with ExternalDependencyInstrumentingArtifactTransform
Transforming common-31.10.1.jar (com.android.tools:common:31.10.1) with MergeInstrumentationAnalysisTransform
Transforming dvlib-31.10.1.jar (com.android.tools:dvlib:31.10.1) with ExternalDependencyInstrumentingArtifactTransform
Transforming kotlin-stdlib-jdk8-2.1.0.jar (org.jetbrains.kotlin:kotlin-stdlib-jdk8:2.1.0) with InstrumentationAnalysisTransform
Transforming common-31.10.1.jar (com.android.tools:common:31.10.1) with ExternalDependencyInstrumentingArtifactTransform
Transforming kotlin-stdlib-jdk8-2.1.0.jar (org.jetbrains.kotlin:kotlin-stdlib-jdk8:2.1.0) with MergeInstrumentationAnalysisTransform
Transforming jetifier-processor-1.0.0-beta10.jar (com.android.tools.build.jetifier:jetifier-processor:1.0.0-beta10) with InstrumentationAnalysisTransform
Transforming jetifier-processor-1.0.0-beta10.jar (com.android.tools.build.jetifier:jetifier-processor:1.0.0-beta10) with MergeInstrumentationAnalysisTransform
Transforming jetifier-core-1.0.0-beta10.jar (com.android.tools.build.jetifier:jetifier-core:1.0.0-beta10) with InstrumentationAnalysisTransform
Transforming jetifier-core-1.0.0-beta10.jar (com.android.tools.build.jetifier:jetifier-core:1.0.0-beta10) with MergeInstrumentationAnalysisTransform
Transforming kotlin-reflect-2.0.20.jar (org.jetbrains.kotlin:kotlin-reflect:2.0.20) with InstrumentationAnalysisTransform
Transforming kotlin-reflect-2.0.20.jar (org.jetbrains.kotlin:kotlin-reflect:2.0.20) with MergeInstrumentationAnalysisTransform
Transforming kotlin-stdlib-jdk8-2.1.0.jar (org.jetbrains.kotlin:kotlin-stdlib-jdk8:2.1.0) with ExternalDependencyInstrumentingArtifactTransform
Transforming jetifier-processor-1.0.0-beta10.jar (com.android.tools.build.jetifier:jetifier-processor:1.0.0-beta10) with ExternalDependencyInstrumentingArtifactTransform
Transforming kotlin-stdlib-jdk7-2.1.0.jar (org.jetbrains.kotlin:kotlin-stdlib-jdk7:2.1.0) with InstrumentationAnalysisTransform
Transforming jetifier-core-1.0.0-beta10.jar (com.android.tools.build.jetifier:jetifier-core:1.0.0-beta10) with ExternalDependencyInstrumentingArtifactTransform
Transforming kotlin-stdlib-jdk7-2.1.0.jar (org.jetbrains.kotlin:kotlin-stdlib-jdk7:2.1.0) with MergeInstrumentationAnalysisTransform
Transforming kotlin-stdlib-2.0.20.jar (org.jetbrains.kotlin:kotlin-stdlib:2.0.20) with InstrumentationAnalysisTransform
Transforming kotlin-reflect-2.0.20.jar (org.jetbrains.kotlin:kotlin-reflect:2.0.20) with ExternalDependencyInstrumentingArtifactTransform
Transforming kotlin-stdlib-2.0.20.jar (org.jetbrains.kotlin:kotlin-stdlib:2.0.20) with MergeInstrumentationAnalysisTransform
Transforming kotlin-stdlib-jdk7-2.1.0.jar (org.jetbrains.kotlin:kotlin-stdlib-jdk7:2.1.0) with ExternalDependencyInstrumentingArtifactTransform
Transforming annotations-13.0.jar (org.jetbrains:annotations:13.0) with InstrumentationAnalysisTransform
Transforming kotlin-stdlib-2.0.20.jar (org.jetbrains.kotlin:kotlin-stdlib:2.0.20) with ExternalDependencyInstrumentingArtifactTransform
Transforming annotations-13.0.jar (org.jetbrains:annotations:13.0) with MergeInstrumentationAnalysisTransform
Transforming kotlin-gradle-plugin-model-2.2.20.jar (org.jetbrains.kotlin:kotlin-gradle-plugin-model:2.2.20) with InstrumentationAnalysisTransform
Transforming kotlin-gradle-plugin-model-2.2.20.jar (org.jetbrains.kotlin:kotlin-gradle-plugin-model:2.2.20) with MergeInstrumentationAnalysisTransform
Transforming fus-statistics-gradle-plugin-2.2.20-gradle811.jar (org.jetbrains.kotlin:fus-statistics-gradle-plugin:2.2.20) with InstrumentationAnalysisTransform
Transforming fus-statistics-gradle-plugin-2.2.20-gradle811.jar (org.jetbrains.kotlin:fus-statistics-gradle-plugin:2.2.20) with MergeInstrumentationAnalysisTransform
Transforming kotlin-gradle-plugin-api-2.2.20.jar (org.jetbrains.kotlin:kotlin-gradle-plugin-api:2.2.20) with InstrumentationAnalysisTransform
Transforming kotlin-gradle-plugin-api-2.2.20.jar (org.jetbrains.kotlin:kotlin-gradle-plugin-api:2.2.20) with MergeInstrumentationAnalysisTransform
Transforming annotations-13.0.jar (org.jetbrains:annotations:13.0) with ExternalDependencyInstrumentingArtifactTransform
Transforming kotlin-gradle-plugin-api-2.2.20-gradle811.jar (org.jetbrains.kotlin:kotlin-gradle-plugin-api:2.2.20) with InstrumentationAnalysisTransform
Transforming kotlin-gradle-plugin-model-2.2.20.jar (org.jetbrains.kotlin:kotlin-gradle-plugin-model:2.2.20) with ExternalDependencyInstrumentingArtifactTransform
Transforming fus-statistics-gradle-plugin-2.2.20-gradle811.jar (org.jetbrains.kotlin:fus-statistics-gradle-plugin:2.2.20) with ExternalDependencyInstrumentingArtifactTransform
Transforming kotlin-gradle-plugin-api-2.2.20.jar (org.jetbrains.kotlin:kotlin-gradle-plugin-api:2.2.20) with ExternalDependencyInstrumentingArtifactTransform
Transforming kotlin-gradle-plugin-api-2.2.20-gradle811.jar (org.jetbrains.kotlin:kotlin-gradle-plugin-api:2.2.20) with MergeInstrumentationAnalysisTransform
Transforming kotlin-gradle-plugin-2.2.20-gradle811.jar (org.jetbrains.kotlin:kotlin-gradle-plugin:2.2.20) with InstrumentationAnalysisTransform
Transforming kotlin-gradle-plugin-2.2.20-gradle811.jar (org.jetbrains.kotlin:kotlin-gradle-plugin:2.2.20) with MergeInstrumentationAnalysisTransform
Transforming kotlin-gradle-plugin-api-2.2.20-gradle811.jar (org.jetbrains.kotlin:kotlin-gradle-plugin-api:2.2.20) with ExternalDependencyInstrumentingArtifactTransform
Transforming ktlint-gradle-12.1.1.jar (org.jlleitschuh.gradle:ktlint-gradle:12.1.1) with InstrumentationAnalysisTransform
Transforming ktlint-gradle-12.1.1.jar (org.jlleitschuh.gradle:ktlint-gradle:12.1.1) with MergeInstrumentationAnalysisTransform
Transforming kotlin-gradle-plugin-2.2.20-gradle811.jar (org.jetbrains.kotlin:kotlin-gradle-plugin:2.2.20) with ExternalDependencyInstrumentingArtifactTransform
Transforming kotlin-gradle-plugin-idea-proto-2.2.20.jar (org.jetbrains.kotlin:kotlin-gradle-plugin-idea-proto:2.2.20) with InstrumentationAnalysisTransform
Transforming kotlin-gradle-plugin-idea-proto-2.2.20.jar (org.jetbrains.kotlin:kotlin-gradle-plugin-idea-proto:2.2.20) with MergeInstrumentationAnalysisTransform
Transforming kotlin-gradle-plugin-idea-2.2.20.jar (org.jetbrains.kotlin:kotlin-gradle-plugin-idea:2.2.20) with InstrumentationAnalysisTransform
Transforming ktlint-gradle-12.1.1.jar (org.jlleitschuh.gradle:ktlint-gradle:12.1.1) with ExternalDependencyInstrumentingArtifactTransform
Transforming kotlin-gradle-plugin-idea-2.2.20.jar (org.jetbrains.kotlin:kotlin-gradle-plugin-idea:2.2.20) with MergeInstrumentationAnalysisTransform
Transforming kotlin-klib-commonizer-api-2.2.20.jar (org.jetbrains.kotlin:kotlin-klib-commonizer-api:2.2.20) with InstrumentationAnalysisTransform
Transforming kotlin-klib-commonizer-api-2.2.20.jar (org.jetbrains.kotlin:kotlin-klib-commonizer-api:2.2.20) with MergeInstrumentationAnalysisTransform
Transforming kotlin-build-statistics-2.2.20.jar (org.jetbrains.kotlin:kotlin-build-statistics:2.2.20) with InstrumentationAnalysisTransform
Transforming kotlin-build-statistics-2.2.20.jar (org.jetbrains.kotlin:kotlin-build-statistics:2.2.20) with MergeInstrumentationAnalysisTransform
Transforming kotlin-gradle-plugin-idea-proto-2.2.20.jar (org.jetbrains.kotlin:kotlin-gradle-plugin-idea-proto:2.2.20) with ExternalDependencyInstrumentingArtifactTransform
Transforming kotlin-util-klib-metadata-2.2.20.jar (org.jetbrains.kotlin:kotlin-util-klib-metadata:2.2.20) with InstrumentationAnalysisTransform
Transforming kotlin-util-klib-metadata-2.2.20.jar (org.jetbrains.kotlin:kotlin-util-klib-metadata:2.2.20) with MergeInstrumentationAnalysisTransform
Transforming abi-tools-api-2.2.20.jar (org.jetbrains.kotlin:abi-tools-api:2.2.20) with InstrumentationAnalysisTransform
Transforming abi-tools-api-2.2.20.jar (org.jetbrains.kotlin:abi-tools-api:2.2.20) with MergeInstrumentationAnalysisTransform
Transforming kotlin-gradle-plugin-idea-2.2.20.jar (org.jetbrains.kotlin:kotlin-gradle-plugin-idea:2.2.20) with ExternalDependencyInstrumentingArtifactTransform
Transforming kotlin-compiler-runner-2.2.20.jar (org.jetbrains.kotlin:kotlin-compiler-runner:2.2.20) with InstrumentationAnalysisTransform
Transforming kotlin-compiler-runner-2.2.20.jar (org.jetbrains.kotlin:kotlin-compiler-runner:2.2.20) with MergeInstrumentationAnalysisTransform
Transforming dnsjava-2.1.9.jar (dnsjava:dnsjava:2.1.9) with InstrumentationAnalysisTransform
Transforming dnsjava-2.1.9.jar (dnsjava:dnsjava:2.1.9) with MergeInstrumentationAnalysisTransform
Transforming kotlin-gradle-plugin-annotations-2.2.20.jar (org.jetbrains.kotlin:kotlin-gradle-plugin-annotations:2.2.20) with InstrumentationAnalysisTransform
Transforming kotlin-klib-commonizer-api-2.2.20.jar (org.jetbrains.kotlin:kotlin-klib-commonizer-api:2.2.20) with ExternalDependencyInstrumentingArtifactTransform
Transforming kotlin-gradle-plugin-annotations-2.2.20.jar (org.jetbrains.kotlin:kotlin-gradle-plugin-annotations:2.2.20) with MergeInstrumentationAnalysisTransform
Transforming kotlin-native-utils-2.2.20.jar (org.jetbrains.kotlin:kotlin-native-utils:2.2.20) with InstrumentationAnalysisTransform
Transforming kotlin-native-utils-2.2.20.jar (org.jetbrains.kotlin:kotlin-native-utils:2.2.20) with MergeInstrumentationAnalysisTransform
Transforming kotlin-tooling-core-2.2.20.jar (org.jetbrains.kotlin:kotlin-tooling-core:2.2.20) with InstrumentationAnalysisTransform
Transforming kotlin-tooling-core-2.2.20.jar (org.jetbrains.kotlin:kotlin-tooling-core:2.2.20) with MergeInstrumentationAnalysisTransform
Transforming kotlin-build-statistics-2.2.20.jar (org.jetbrains.kotlin:kotlin-build-statistics:2.2.20) with ExternalDependencyInstrumentingArtifactTransform
Transforming kotlin-build-tools-api-2.2.20.jar (org.jetbrains.kotlin:kotlin-build-tools-api:2.2.20) with InstrumentationAnalysisTransform
Transforming kotlin-build-tools-api-2.2.20.jar (org.jetbrains.kotlin:kotlin-build-tools-api:2.2.20) with MergeInstrumentationAnalysisTransform
Transforming android-test-plugin-result-listener-gradle-proto-31.10.1.jar (com.android.tools.utp:android-test-plugin-result-listener-gradle-proto:31.10.1) with InstrumentationAnalysisTransform
Transforming android-test-plugin-result-listener-gradle-proto-31.10.1.jar (com.android.tools.utp:android-test-plugin-result-listener-gradle-proto:31.10.1) with MergeInstrumentationAnalysisTransform
Transforming bundletool-1.18.0.jar (com.android.tools.build:bundletool:1.18.0) with InstrumentationAnalysisTransform
Transforming bundletool-1.18.0.jar (com.android.tools.build:bundletool:1.18.0) with MergeInstrumentationAnalysisTransform
Transforming protobuf-java-util-3.25.5.jar (com.google.protobuf:protobuf-java-util:3.25.5) with InstrumentationAnalysisTransform
Transforming protobuf-java-util-3.25.5.jar (com.google.protobuf:protobuf-java-util:3.25.5) with MergeInstrumentationAnalysisTransform
Transforming kotlin-util-klib-metadata-2.2.20.jar (org.jetbrains.kotlin:kotlin-util-klib-metadata:2.2.20) with ExternalDependencyInstrumentingArtifactTransform
Transforming grpc-netty-1.69.1.jar (io.grpc:grpc-netty:1.69.1) with InstrumentationAnalysisTransform
Transforming grpc-netty-1.69.1.jar (io.grpc:grpc-netty:1.69.1) with MergeInstrumentationAnalysisTransform
Transforming grpc-inprocess-1.69.1.jar (io.grpc:grpc-inprocess:1.69.1) with InstrumentationAnalysisTransform
Transforming grpc-inprocess-1.69.1.jar (io.grpc:grpc-inprocess:1.69.1) with MergeInstrumentationAnalysisTransform
Transforming grpc-util-1.69.1.jar (io.grpc:grpc-util:1.69.1) with InstrumentationAnalysisTransform
Transforming abi-tools-api-2.2.20.jar (org.jetbrains.kotlin:abi-tools-api:2.2.20) with ExternalDependencyInstrumentingArtifactTransform
Transforming grpc-util-1.69.1.jar (io.grpc:grpc-util:1.69.1) with MergeInstrumentationAnalysisTransform
Transforming grpc-core-1.69.1.jar (io.grpc:grpc-core:1.69.1) with InstrumentationAnalysisTransform
Transforming grpc-core-1.69.1.jar (io.grpc:grpc-core:1.69.1) with MergeInstrumentationAnalysisTransform
Transforming tink-1.7.0.jar (com.google.crypto.tink:tink:1.7.0) with InstrumentationAnalysisTransform
Transforming tink-1.7.0.jar (com.google.crypto.tink:tink:1.7.0) with MergeInstrumentationAnalysisTransform
Transforming kotlin-compiler-runner-2.2.20.jar (org.jetbrains.kotlin:kotlin-compiler-runner:2.2.20) with ExternalDependencyInstrumentingArtifactTransform
Transforming gson-2.11.0.jar (com.google.code.gson:gson:2.11.0) with InstrumentationAnalysisTransform
Transforming gson-2.11.0.jar (com.google.code.gson:gson:2.11.0) with MergeInstrumentationAnalysisTransform
Transforming kotlin-util-klib-2.2.20.jar (org.jetbrains.kotlin:kotlin-util-klib:2.2.20) with InstrumentationAnalysisTransform
Transforming kotlin-util-klib-2.2.20.jar (org.jetbrains.kotlin:kotlin-util-klib:2.2.20) with MergeInstrumentationAnalysisTransform
Transforming dnsjava-2.1.9.jar (dnsjava:dnsjava:2.1.9) with ExternalDependencyInstrumentingArtifactTransform
Transforming kotlin-util-io-2.2.20.jar (org.jetbrains.kotlin:kotlin-util-io:2.2.20) with InstrumentationAnalysisTransform
Transforming kotlin-util-io-2.2.20.jar (org.jetbrains.kotlin:kotlin-util-io:2.2.20) with MergeInstrumentationAnalysisTransform
Transforming kotlin-daemon-client-2.2.20.jar (org.jetbrains.kotlin:kotlin-daemon-client:2.2.20) with InstrumentationAnalysisTransform
Transforming kotlin-daemon-client-2.2.20.jar (org.jetbrains.kotlin:kotlin-daemon-client:2.2.20) with MergeInstrumentationAnalysisTransform
Transforming kotlin-gradle-plugin-annotations-2.2.20.jar (org.jetbrains.kotlin:kotlin-gradle-plugin-annotations:2.2.20) with ExternalDependencyInstrumentingArtifactTransform
Transforming kotlinx-coroutines-core-jvm-1.8.0.jar (org.jetbrains.kotlinx:kotlinx-coroutines-core-jvm:1.8.0) with InstrumentationAnalysisTransform
Transforming kotlinx-coroutines-core-jvm-1.8.0.jar (org.jetbrains.kotlinx:kotlinx-coroutines-core-jvm:1.8.0) with MergeInstrumentationAnalysisTransform
Transforming kotlin-tooling-core-2.2.20.jar (org.jetbrains.kotlin:kotlin-tooling-core:2.2.20) with ExternalDependencyInstrumentingArtifactTransform
Transforming aapt2-proto-8.10.1-12782657.jar (com.android.tools.build:aapt2-proto:8.10.1-12782657) with InstrumentationAnalysisTransform
Transforming grpc-inprocess-1.69.1.jar (io.grpc:grpc-inprocess:1.69.1) with ExternalDependencyInstrumentingArtifactTransform
Transforming aapt2-proto-8.10.1-12782657.jar (com.android.tools.build:aapt2-proto:8.10.1-12782657) with MergeInstrumentationAnalysisTransform
Transforming bundletool-1.18.0.jar (com.android.tools.build:bundletool:1.18.0) with ExternalDependencyInstrumentingArtifactTransform
Transforming tink-1.7.0.jar (com.google.crypto.tink:tink:1.7.0) with ExternalDependencyInstrumentingArtifactTransform
Transforming grpc-core-1.69.1.jar (io.grpc:grpc-core:1.69.1) with ExternalDependencyInstrumentingArtifactTransform
Transforming grpc-util-1.69.1.jar (io.grpc:grpc-util:1.69.1) with ExternalDependencyInstrumentingArtifactTransform
Transforming gson-2.11.0.jar (com.google.code.gson:gson:2.11.0) with ExternalDependencyInstrumentingArtifactTransform
Transforming kotlin-util-io-2.2.20.jar (org.jetbrains.kotlin:kotlin-util-io:2.2.20) with ExternalDependencyInstrumentingArtifactTransform
Transforming kotlinx-coroutines-core-jvm-1.8.0.jar (org.jetbrains.kotlinx:kotlinx-coroutines-core-jvm:1.8.0) with ExternalDependencyInstrumentingArtifactTransform
Transforming kotlin-util-klib-2.2.20.jar (org.jetbrains.kotlin:kotlin-util-klib:2.2.20) with ExternalDependencyInstrumentingArtifactTransform
Transforming kotlin-native-utils-2.2.20.jar (org.jetbrains.kotlin:kotlin-native-utils:2.2.20) with ExternalDependencyInstrumentingArtifactTransform
Transforming aapt2-proto-8.10.1-12782657.jar (com.android.tools.build:aapt2-proto:8.10.1-12782657) with ExternalDependencyInstrumentingArtifactTransform
Transforming kotlin-daemon-client-2.2.20.jar (org.jetbrains.kotlin:kotlin-daemon-client:2.2.20) with ExternalDependencyInstrumentingArtifactTransform
Transforming crash-31.10.1.jar (com.android.tools.analytics-library:crash:31.10.1) with InstrumentationAnalysisTransform
Transforming grpc-netty-1.69.1.jar (io.grpc:grpc-netty:1.69.1) with ExternalDependencyInstrumentingArtifactTransform
Transforming android-test-plugin-result-listener-gradle-proto-31.10.1.jar (com.android.tools.utp:android-test-plugin-result-listener-gradle-proto:31.10.1) with ExternalDependencyInstrumentingArtifactTransform
Transforming kotlin-build-tools-api-2.2.20.jar (org.jetbrains.kotlin:kotlin-build-tools-api:2.2.20) with ExternalDependencyInstrumentingArtifactTransform
Transforming protobuf-java-util-3.25.5.jar (com.google.protobuf:protobuf-java-util:3.25.5) with ExternalDependencyInstrumentingArtifactTransform
Transforming crash-31.10.1.jar (com.android.tools.analytics-library:crash:31.10.1) with MergeInstrumentationAnalysisTransform
Transforming lint-typedef-remover-31.10.1.jar (com.android.tools.lint:lint-typedef-remover:31.10.1) with InstrumentationAnalysisTransform
Transforming crash-31.10.1.jar (com.android.tools.analytics-library:crash:31.10.1) with ExternalDependencyInstrumentingArtifactTransform
Transforming lint-typedef-remover-31.10.1.jar (com.android.tools.lint:lint-typedef-remover:31.10.1) with MergeInstrumentationAnalysisTransform
Transforming databinding-common-8.10.1.jar (androidx.databinding:databinding-common:8.10.1) with InstrumentationAnalysisTransform
Transforming lint-typedef-remover-31.10.1.jar (com.android.tools.lint:lint-typedef-remover:31.10.1) with ExternalDependencyInstrumentingArtifactTransform
Transforming databinding-common-8.10.1.jar (androidx.databinding:databinding-common:8.10.1) with MergeInstrumentationAnalysisTransform
Transforming baseLibrary-8.10.1.jar (com.android.databinding:baseLibrary:8.10.1) with InstrumentationAnalysisTransform
Transforming baseLibrary-8.10.1.jar (com.android.databinding:baseLibrary:8.10.1) with MergeInstrumentationAnalysisTransform
Transforming databinding-common-8.10.1.jar (androidx.databinding:databinding-common:8.10.1) with ExternalDependencyInstrumentingArtifactTransform
Transforming android-device-provider-ddmlib-proto-31.10.1.jar (com.android.tools.utp:android-device-provider-ddmlib-proto:31.10.1) with InstrumentationAnalysisTransform
Transforming android-device-provider-ddmlib-proto-31.10.1.jar (com.android.tools.utp:android-device-provider-ddmlib-proto:31.10.1) with MergeInstrumentationAnalysisTransform
Transforming android-device-provider-gradle-proto-31.10.1.jar (com.android.tools.utp:android-device-provider-gradle-proto:31.10.1) with InstrumentationAnalysisTransform
Transforming baseLibrary-8.10.1.jar (com.android.databinding:baseLibrary:8.10.1) with ExternalDependencyInstrumentingArtifactTransform
Transforming android-device-provider-gradle-proto-31.10.1.jar (com.android.tools.utp:android-device-provider-gradle-proto:31.10.1) with MergeInstrumentationAnalysisTransform
Transforming android-device-provider-profile-proto-31.10.1.jar (com.android.tools.utp:android-device-provider-profile-proto:31.10.1) with InstrumentationAnalysisTransform
Transforming android-device-provider-ddmlib-proto-31.10.1.jar (com.android.tools.utp:android-device-provider-ddmlib-proto:31.10.1) with ExternalDependencyInstrumentingArtifactTransform
Transforming android-device-provider-profile-proto-31.10.1.jar (com.android.tools.utp:android-device-provider-profile-proto:31.10.1) with MergeInstrumentationAnalysisTransform
Transforming android-device-provider-gradle-proto-31.10.1.jar (com.android.tools.utp:android-device-provider-gradle-proto:31.10.1) with ExternalDependencyInstrumentingArtifactTransform
Transforming android-test-plugin-host-additional-test-output-proto-31.10.1.jar (com.android.tools.utp:android-test-plugin-host-additional-test-output-proto:31.10.1) with InstrumentationAnalysisTransform
Transforming android-test-plugin-host-additional-test-output-proto-31.10.1.jar (com.android.tools.utp:android-test-plugin-host-additional-test-output-proto:31.10.1) with MergeInstrumentationAnalysisTransform
Transforming android-test-plugin-host-coverage-proto-31.10.1.jar (com.android.tools.utp:android-test-plugin-host-coverage-proto:31.10.1) with InstrumentationAnalysisTransform
Transforming android-device-provider-profile-proto-31.10.1.jar (com.android.tools.utp:android-device-provider-profile-proto:31.10.1) with ExternalDependencyInstrumentingArtifactTransform
Transforming android-test-plugin-host-additional-test-output-proto-31.10.1.jar (com.android.tools.utp:android-test-plugin-host-additional-test-output-proto:31.10.1) with ExternalDependencyInstrumentingArtifactTransform
Transforming android-test-plugin-host-coverage-proto-31.10.1.jar (com.android.tools.utp:android-test-plugin-host-coverage-proto:31.10.1) with MergeInstrumentationAnalysisTransform
Transforming android-test-plugin-host-logcat-proto-31.10.1.jar (com.android.tools.utp:android-test-plugin-host-logcat-proto:31.10.1) with InstrumentationAnalysisTransform
Transforming android-test-plugin-host-logcat-proto-31.10.1.jar (com.android.tools.utp:android-test-plugin-host-logcat-proto:31.10.1) with MergeInstrumentationAnalysisTransform
Transforming android-test-plugin-host-coverage-proto-31.10.1.jar (com.android.tools.utp:android-test-plugin-host-coverage-proto:31.10.1) with ExternalDependencyInstrumentingArtifactTransform
Transforming android-test-plugin-host-apk-installer-proto-31.10.1.jar (com.android.tools.utp:android-test-plugin-host-apk-installer-proto:31.10.1) with InstrumentationAnalysisTransform
Transforming android-test-plugin-host-apk-installer-proto-31.10.1.jar (com.android.tools.utp:android-test-plugin-host-apk-installer-proto:31.10.1) with MergeInstrumentationAnalysisTransform
Transforming android-test-plugin-host-logcat-proto-31.10.1.jar (com.android.tools.utp:android-test-plugin-host-logcat-proto:31.10.1) with ExternalDependencyInstrumentingArtifactTransform
Transforming transform-api-2.0.0-deprecated-use-gradle-api.jar (com.android.tools.build:transform-api:2.0.0-deprecated-use-gradle-api) with InstrumentationAnalysisTransform
Transforming transform-api-2.0.0-deprecated-use-gradle-api.jar (com.android.tools.build:transform-api:2.0.0-deprecated-use-gradle-api) with MergeInstrumentationAnalysisTransform
Transforming android-test-plugin-host-apk-installer-proto-31.10.1.jar (com.android.tools.utp:android-test-plugin-host-apk-installer-proto:31.10.1) with ExternalDependencyInstrumentingArtifactTransform
Transforming httpmime-4.5.6.jar (org.apache.httpcomponents:httpmime:4.5.6) with InstrumentationAnalysisTransform
Transforming httpmime-4.5.6.jar (org.apache.httpcomponents:httpmime:4.5.6) with MergeInstrumentationAnalysisTransform
Transforming commons-io-2.16.1.jar (commons-io:commons-io:2.16.1) with InstrumentationAnalysisTransform
Transforming commons-io-2.16.1.jar (commons-io:commons-io:2.16.1) with MergeInstrumentationAnalysisTransform
Transforming httpmime-4.5.6.jar (org.apache.httpcomponents:httpmime:4.5.6) with ExternalDependencyInstrumentingArtifactTransform
Transforming asm-commons-9.7.1.jar (org.ow2.asm:asm-commons:9.7.1) with InstrumentationAnalysisTransform
Transforming transform-api-2.0.0-deprecated-use-gradle-api.jar (com.android.tools.build:transform-api:2.0.0-deprecated-use-gradle-api) with ExternalDependencyInstrumentingArtifactTransform
Transforming commons-io-2.16.1.jar (commons-io:commons-io:2.16.1) with ExternalDependencyInstrumentingArtifactTransform
Transforming asm-commons-9.7.1.jar (org.ow2.asm:asm-commons:9.7.1) with MergeInstrumentationAnalysisTransform
Transforming asm-util-9.7.1.jar (org.ow2.asm:asm-util:9.7.1) with InstrumentationAnalysisTransform
Transforming asm-commons-9.7.1.jar (org.ow2.asm:asm-commons:9.7.1) with ExternalDependencyInstrumentingArtifactTransform
Transforming asm-util-9.7.1.jar (org.ow2.asm:asm-util:9.7.1) with MergeInstrumentationAnalysisTransform
Transforming asm-analysis-9.7.1.jar (org.ow2.asm:asm-analysis:9.7.1) with InstrumentationAnalysisTransform
Transforming asm-analysis-9.7.1.jar (org.ow2.asm:asm-analysis:9.7.1) with MergeInstrumentationAnalysisTransform
Transforming asm-util-9.7.1.jar (org.ow2.asm:asm-util:9.7.1) with ExternalDependencyInstrumentingArtifactTransform
Transforming asm-tree-9.7.1.jar (org.ow2.asm:asm-tree:9.7.1) with InstrumentationAnalysisTransform
Transforming asm-tree-9.7.1.jar (org.ow2.asm:asm-tree:9.7.1) with MergeInstrumentationAnalysisTransform
Transforming asm-analysis-9.7.1.jar (org.ow2.asm:asm-analysis:9.7.1) with ExternalDependencyInstrumentingArtifactTransform
Transforming asm-9.7.1.jar (org.ow2.asm:asm:9.7.1) with InstrumentationAnalysisTransform
Transforming asm-9.7.1.jar (org.ow2.asm:asm:9.7.1) with MergeInstrumentationAnalysisTransform
Transforming asm-tree-9.7.1.jar (org.ow2.asm:asm-tree:9.7.1) with ExternalDependencyInstrumentingArtifactTransform
Transforming apkzlib-8.10.1.jar (com.android.tools.build:apkzlib:8.10.1) with InstrumentationAnalysisTransform
Transforming apkzlib-8.10.1.jar (com.android.tools.build:apkzlib:8.10.1) with MergeInstrumentationAnalysisTransform
Transforming asm-9.7.1.jar (org.ow2.asm:asm:9.7.1) with ExternalDependencyInstrumentingArtifactTransform
Transforming bcpkix-jdk18on-1.79.jar (org.bouncycastle:bcpkix-jdk18on:1.79) with InstrumentationAnalysisTransform
Transforming apkzlib-8.10.1.jar (com.android.tools.build:apkzlib:8.10.1) with ExternalDependencyInstrumentingArtifactTransform
Transforming bcpkix-jdk18on-1.79.jar (org.bouncycastle:bcpkix-jdk18on:1.79) with MergeInstrumentationAnalysisTransform
Transforming jaxb-runtime-2.3.2.jar (org.glassfish.jaxb:jaxb-runtime:2.3.2) with InstrumentationAnalysisTransform
Transforming jaxb-runtime-2.3.2.jar (org.glassfish.jaxb:jaxb-runtime:2.3.2) with MergeInstrumentationAnalysisTransform
Transforming bcpkix-jdk18on-1.79.jar (org.bouncycastle:bcpkix-jdk18on:1.79) with ExternalDependencyInstrumentingArtifactTransform
Transforming jopt-simple-4.9.jar (net.sf.jopt-simple:jopt-simple:4.9) with InstrumentationAnalysisTransform
Transforming jaxb-runtime-2.3.2.jar (org.glassfish.jaxb:jaxb-runtime:2.3.2) with ExternalDependencyInstrumentingArtifactTransform
Transforming jopt-simple-4.9.jar (net.sf.jopt-simple:jopt-simple:4.9) with MergeInstrumentationAnalysisTransform
Transforming javapoet-1.10.0.jar (com.squareup:javapoet:1.10.0) with InstrumentationAnalysisTransform
Transforming javapoet-1.10.0.jar (com.squareup:javapoet:1.10.0) with MergeInstrumentationAnalysisTransform
Transforming jopt-simple-4.9.jar (net.sf.jopt-simple:jopt-simple:4.9) with ExternalDependencyInstrumentingArtifactTransform
Transforming grpc-protobuf-1.69.1.jar (io.grpc:grpc-protobuf:1.69.1) with InstrumentationAnalysisTransform
Transforming javapoet-1.10.0.jar (com.squareup:javapoet:1.10.0) with ExternalDependencyInstrumentingArtifactTransform
Transforming grpc-protobuf-1.69.1.jar (io.grpc:grpc-protobuf:1.69.1) with MergeInstrumentationAnalysisTransform
Transforming core-proto-0.0.9-alpha03.jar (com.google.testing.platform:core-proto:0.0.9-alpha03) with InstrumentationAnalysisTransform
Transforming core-proto-0.0.9-alpha03.jar (com.google.testing.platform:core-proto:0.0.9-alpha03) with MergeInstrumentationAnalysisTransform
Transforming protos-31.10.1.jar (com.android.tools.analytics-library:protos:31.10.1) with InstrumentationAnalysisTransform
Transforming protos-31.10.1.jar (com.android.tools.analytics-library:protos:31.10.1) with MergeInstrumentationAnalysisTransform
Transforming proto-google-common-protos-2.48.0.jar (com.google.api.grpc:proto-google-common-protos:2.48.0) with InstrumentationAnalysisTransform
Transforming proto-google-common-protos-2.48.0.jar (com.google.api.grpc:proto-google-common-protos:2.48.0) with MergeInstrumentationAnalysisTransform
Transforming protobuf-java-3.25.5.jar (com.google.protobuf:protobuf-java:3.25.5) with InstrumentationAnalysisTransform
Transforming protobuf-java-3.25.5.jar (com.google.protobuf:protobuf-java:3.25.5) with MergeInstrumentationAnalysisTransform
Transforming grpc-stub-1.69.1.jar (io.grpc:grpc-stub:1.69.1) with InstrumentationAnalysisTransform
Transforming grpc-stub-1.69.1.jar (io.grpc:grpc-stub:1.69.1) with MergeInstrumentationAnalysisTransform
Transforming tensorflow-lite-metadata-0.2.0.jar (org.tensorflow:tensorflow-lite-metadata:0.2.0) with InstrumentationAnalysisTransform
Transforming tensorflow-lite-metadata-0.2.0.jar (org.tensorflow:tensorflow-lite-metadata:0.2.0) with MergeInstrumentationAnalysisTransform
Transforming flatbuffers-java-1.12.0.jar (com.google.flatbuffers:flatbuffers-java:1.12.0) with InstrumentationAnalysisTransform
Transforming flatbuffers-java-1.12.0.jar (com.google.flatbuffers:flatbuffers-java:1.12.0) with MergeInstrumentationAnalysisTransform
Transforming jimfs-1.1.jar (com.google.jimfs:jimfs:1.1) with InstrumentationAnalysisTransform
Transforming jimfs-1.1.jar (com.google.jimfs:jimfs:1.1) with MergeInstrumentationAnalysisTransform
Transforming grpc-context-1.69.1.jar (io.grpc:grpc-context:1.69.1) with InstrumentationAnalysisTransform
Transforming grpc-context-1.69.1.jar (io.grpc:grpc-context:1.69.1) with MergeInstrumentationAnalysisTransform
Transforming grpc-protobuf-lite-1.69.1.jar (io.grpc:grpc-protobuf-lite:1.69.1) with InstrumentationAnalysisTransform
Transforming grpc-protobuf-lite-1.69.1.jar (io.grpc:grpc-protobuf-lite:1.69.1) with MergeInstrumentationAnalysisTransform
Transforming grpc-api-1.69.1.jar (io.grpc:grpc-api:1.69.1) with InstrumentationAnalysisTransform
Transforming grpc-api-1.69.1.jar (io.grpc:grpc-api:1.69.1) with MergeInstrumentationAnalysisTransform
Transforming guava-33.3.1-jre.jar (com.google.guava:guava:33.3.1-jre) with InstrumentationAnalysisTransform
Transforming guava-33.3.1-jre.jar (com.google.guava:guava:33.3.1-jre) with MergeInstrumentationAnalysisTransform
Transforming error_prone_annotations-2.30.0.jar (com.google.errorprone:error_prone_annotations:2.30.0) with InstrumentationAnalysisTransform
Transforming error_prone_annotations-2.30.0.jar (com.google.errorprone:error_prone_annotations:2.30.0) with MergeInstrumentationAnalysisTransform
Transforming dagger-2.28.3.jar (com.google.dagger:dagger:2.28.3) with InstrumentationAnalysisTransform
Transforming grpc-protobuf-1.69.1.jar (io.grpc:grpc-protobuf:1.69.1) with ExternalDependencyInstrumentingArtifactTransform
Transforming protos-31.10.1.jar (com.android.tools.analytics-library:protos:31.10.1) with ExternalDependencyInstrumentingArtifactTransform
Transforming proto-google-common-protos-2.48.0.jar (com.google.api.grpc:proto-google-common-protos:2.48.0) with ExternalDependencyInstrumentingArtifactTransform
Transforming core-proto-0.0.9-alpha03.jar (com.google.testing.platform:core-proto:0.0.9-alpha03) with ExternalDependencyInstrumentingArtifactTransform
Transforming dagger-2.28.3.jar (com.google.dagger:dagger:2.28.3) with MergeInstrumentationAnalysisTransform
Transforming javax.inject-1.jar (javax.inject:javax.inject:1) with InstrumentationAnalysisTransform
Transforming tensorflow-lite-metadata-0.2.0.jar (org.tensorflow:tensorflow-lite-metadata:0.2.0) with ExternalDependencyInstrumentingArtifactTransform
Transforming javax.inject-1.jar (javax.inject:javax.inject:1) with MergeInstrumentationAnalysisTransform
Transforming kxml2-2.3.0.jar (net.sf.kxml:kxml2:2.3.0) with InstrumentationAnalysisTransform
Transforming kxml2-2.3.0.jar (net.sf.kxml:kxml2:2.3.0) with MergeInstrumentationAnalysisTransform
Transforming commons-compress-1.21.jar (org.apache.commons:commons-compress:1.21) with InstrumentationAnalysisTransform
Transforming flatbuffers-java-1.12.0.jar (com.google.flatbuffers:flatbuffers-java:1.12.0) with ExternalDependencyInstrumentingArtifactTransform
Transforming commons-compress-1.21.jar (org.apache.commons:commons-compress:1.21) with MergeInstrumentationAnalysisTransform
Transforming bcutil-jdk18on-1.79.jar (org.bouncycastle:bcutil-jdk18on:1.79) with InstrumentationAnalysisTransform
Transforming bcutil-jdk18on-1.79.jar (org.bouncycastle:bcutil-jdk18on:1.79) with MergeInstrumentationAnalysisTransform
Transforming bcprov-jdk18on-1.79.jar (org.bouncycastle:bcprov-jdk18on:1.79) with InstrumentationAnalysisTransform
Transforming protobuf-java-3.25.5.jar (com.google.protobuf:protobuf-java:3.25.5) with ExternalDependencyInstrumentingArtifactTransform
Transforming bcprov-jdk18on-1.79.jar (org.bouncycastle:bcprov-jdk18on:1.79) with MergeInstrumentationAnalysisTransform
Transforming httpclient-4.5.14.jar (org.apache.httpcomponents:httpclient:4.5.14) with InstrumentationAnalysisTransform
Transforming httpclient-4.5.14.jar (org.apache.httpcomponents:httpclient:4.5.14) with MergeInstrumentationAnalysisTransform
Transforming httpcore-4.4.16.jar (org.apache.httpcomponents:httpcore:4.4.16) with InstrumentationAnalysisTransform
Transforming grpc-api-1.69.1.jar (io.grpc:grpc-api:1.69.1) with ExternalDependencyInstrumentingArtifactTransform
Transforming grpc-protobuf-lite-1.69.1.jar (io.grpc:grpc-protobuf-lite:1.69.1) with ExternalDependencyInstrumentingArtifactTransform
Transforming guava-33.3.1-jre.jar (com.google.guava:guava:33.3.1-jre) with ExternalDependencyInstrumentingArtifactTransform
Transforming error_prone_annotations-2.30.0.jar (com.google.errorprone:error_prone_annotations:2.30.0) with ExternalDependencyInstrumentingArtifactTransform
Transforming grpc-context-1.69.1.jar (io.grpc:grpc-context:1.69.1) with ExternalDependencyInstrumentingArtifactTransform
Transforming jimfs-1.1.jar (com.google.jimfs:jimfs:1.1) with ExternalDependencyInstrumentingArtifactTransform
Transforming grpc-stub-1.69.1.jar (io.grpc:grpc-stub:1.69.1) with ExternalDependencyInstrumentingArtifactTransform
Transforming kxml2-2.3.0.jar (net.sf.kxml:kxml2:2.3.0) with ExternalDependencyInstrumentingArtifactTransform
Transforming javax.inject-1.jar (javax.inject:javax.inject:1) with ExternalDependencyInstrumentingArtifactTransform
Transforming commons-compress-1.21.jar (org.apache.commons:commons-compress:1.21) with ExternalDependencyInstrumentingArtifactTransform
Transforming dagger-2.28.3.jar (com.google.dagger:dagger:2.28.3) with ExternalDependencyInstrumentingArtifactTransform
Transforming bcprov-jdk18on-1.79.jar (org.bouncycastle:bcprov-jdk18on:1.79) with ExternalDependencyInstrumentingArtifactTransform
Transforming httpclient-4.5.14.jar (org.apache.httpcomponents:httpclient:4.5.14) with ExternalDependencyInstrumentingArtifactTransform
Transforming httpcore-4.4.16.jar (org.apache.httpcomponents:httpcore:4.4.16) with MergeInstrumentationAnalysisTransform
Transforming bcutil-jdk18on-1.79.jar (org.bouncycastle:bcutil-jdk18on:1.79) with ExternalDependencyInstrumentingArtifactTransform
Transforming javax.activation-1.2.0.jar (com.sun.activation:javax.activation:1.2.0) with InstrumentationAnalysisTransform
Transforming javax.activation-1.2.0.jar (com.sun.activation:javax.activation:1.2.0) with MergeInstrumentationAnalysisTransform
Transforming signflinger-8.10.1.jar (com.android:signflinger:8.10.1) with InstrumentationAnalysisTransform
Transforming signflinger-8.10.1.jar (com.android:signflinger:8.10.1) with MergeInstrumentationAnalysisTransform
Transforming zipflinger-8.10.1.jar (com.android:zipflinger:8.10.1) with InstrumentationAnalysisTransform
Transforming javax.activation-1.2.0.jar (com.sun.activation:javax.activation:1.2.0) with ExternalDependencyInstrumentingArtifactTransform
Transforming httpcore-4.4.16.jar (org.apache.httpcomponents:httpcore:4.4.16) with ExternalDependencyInstrumentingArtifactTransform
Transforming zipflinger-8.10.1.jar (com.android:zipflinger:8.10.1) with MergeInstrumentationAnalysisTransform
Transforming signflinger-8.10.1.jar (com.android:signflinger:8.10.1) with ExternalDependencyInstrumentingArtifactTransform
Transforming annotations-31.10.1.jar (com.android.tools:annotations:31.10.1) with InstrumentationAnalysisTransform
Transforming zipflinger-8.10.1.jar (com.android:zipflinger:8.10.1) with ExternalDependencyInstrumentingArtifactTransform
Transforming annotations-31.10.1.jar (com.android.tools:annotations:31.10.1) with MergeInstrumentationAnalysisTransform
Transforming jna-platform-5.6.0.jar (net.java.dev.jna:jna-platform:5.6.0) with InstrumentationAnalysisTransform
Transforming jna-platform-5.6.0.jar (net.java.dev.jna:jna-platform:5.6.0) with MergeInstrumentationAnalysisTransform
Transforming juniversalchardet-1.0.3.jar (com.googlecode.juniversalchardet:juniversalchardet:1.0.3) with InstrumentationAnalysisTransform
Transforming annotations-31.10.1.jar (com.android.tools:annotations:31.10.1) with ExternalDependencyInstrumentingArtifactTransform
Transforming juniversalchardet-1.0.3.jar (com.googlecode.juniversalchardet:juniversalchardet:1.0.3) with MergeInstrumentationAnalysisTransform
Transforming javax.annotation-api-1.3.2.jar (javax.annotation:javax.annotation-api:1.3.2) with InstrumentationAnalysisTransform
Transforming javax.annotation-api-1.3.2.jar (javax.annotation:javax.annotation-api:1.3.2) with MergeInstrumentationAnalysisTransform
Transforming stax-ex-1.8.1.jar (org.jvnet.staxex:stax-ex:1.8.1) with InstrumentationAnalysisTransform
Transforming jna-platform-5.6.0.jar (net.java.dev.jna:jna-platform:5.6.0) with ExternalDependencyInstrumentingArtifactTransform
Transforming juniversalchardet-1.0.3.jar (com.googlecode.juniversalchardet:juniversalchardet:1.0.3) with ExternalDependencyInstrumentingArtifactTransform
Transforming javax.annotation-api-1.3.2.jar (javax.annotation:javax.annotation-api:1.3.2) with ExternalDependencyInstrumentingArtifactTransform
Transforming stax-ex-1.8.1.jar (org.jvnet.staxex:stax-ex:1.8.1) with MergeInstrumentationAnalysisTransform
Transforming jakarta.xml.bind-api-2.3.2.jar (jakarta.xml.bind:jakarta.xml.bind-api:2.3.2) with InstrumentationAnalysisTransform
Transforming jakarta.xml.bind-api-2.3.2.jar (jakarta.xml.bind:jakarta.xml.bind-api:2.3.2) with MergeInstrumentationAnalysisTransform
Transforming txw2-2.3.2.jar (org.glassfish.jaxb:txw2:2.3.2) with InstrumentationAnalysisTransform
Transforming stax-ex-1.8.1.jar (org.jvnet.staxex:stax-ex:1.8.1) with ExternalDependencyInstrumentingArtifactTransform
Transforming txw2-2.3.2.jar (org.glassfish.jaxb:txw2:2.3.2) with MergeInstrumentationAnalysisTransform
Transforming istack-commons-runtime-3.0.8.jar (com.sun.istack:istack-commons-runtime:3.0.8) with InstrumentationAnalysisTransform
Transforming jakarta.xml.bind-api-2.3.2.jar (jakarta.xml.bind:jakarta.xml.bind-api:2.3.2) with ExternalDependencyInstrumentingArtifactTransform
Transforming istack-commons-runtime-3.0.8.jar (com.sun.istack:istack-commons-runtime:3.0.8) with MergeInstrumentationAnalysisTransform
Transforming FastInfoset-1.2.16.jar (com.sun.xml.fastinfoset:FastInfoset:1.2.16) with InstrumentationAnalysisTransform
Transforming txw2-2.3.2.jar (org.glassfish.jaxb:txw2:2.3.2) with ExternalDependencyInstrumentingArtifactTransform
Transforming FastInfoset-1.2.16.jar (com.sun.xml.fastinfoset:FastInfoset:1.2.16) with MergeInstrumentationAnalysisTransform
Transforming jakarta.activation-api-1.2.1.jar (jakarta.activation:jakarta.activation-api:1.2.1) with InstrumentationAnalysisTransform
Transforming jakarta.activation-api-1.2.1.jar (jakarta.activation:jakarta.activation-api:1.2.1) with MergeInstrumentationAnalysisTransform
Transforming istack-commons-runtime-3.0.8.jar (com.sun.istack:istack-commons-runtime:3.0.8) with ExternalDependencyInstrumentingArtifactTransform
Transforming auto-value-annotations-1.6.2.jar (com.google.auto.value:auto-value-annotations:1.6.2) with InstrumentationAnalysisTransform
Transforming FastInfoset-1.2.16.jar (com.sun.xml.fastinfoset:FastInfoset:1.2.16) with ExternalDependencyInstrumentingArtifactTransform
Transforming auto-value-annotations-1.6.2.jar (com.google.auto.value:auto-value-annotations:1.6.2) with MergeInstrumentationAnalysisTransform
Transforming jakarta.activation-api-1.2.1.jar (jakarta.activation:jakarta.activation-api:1.2.1) with ExternalDependencyInstrumentingArtifactTransform
Transforming jose4j-0.9.5.jar (org.bitbucket.b_c:jose4j:0.9.5) with InstrumentationAnalysisTransform
Transforming jose4j-0.9.5.jar (org.bitbucket.b_c:jose4j:0.9.5) with MergeInstrumentationAnalysisTransform
Transforming slf4j-api-1.7.30.jar (org.slf4j:slf4j-api:1.7.30) with InstrumentationAnalysisTransform
Transforming slf4j-api-1.7.30.jar (org.slf4j:slf4j-api:1.7.30) with MergeInstrumentationAnalysisTransform
Transforming jdom2-2.0.6.jar (org.jdom:jdom2:2.0.6) with InstrumentationAnalysisTransform
Transforming jose4j-0.9.5.jar (org.bitbucket.b_c:jose4j:0.9.5) with ExternalDependencyInstrumentingArtifactTransform
Transforming jdom2-2.0.6.jar (org.jdom:jdom2:2.0.6) with MergeInstrumentationAnalysisTransform
Transforming jsr305-3.0.2.jar (com.google.code.findbugs:jsr305:3.0.2) with InstrumentationAnalysisTransform
Transforming jsr305-3.0.2.jar (com.google.code.findbugs:jsr305:3.0.2) with MergeInstrumentationAnalysisTransform
Transforming j2objc-annotations-3.0.0.jar (com.google.j2objc:j2objc-annotations:3.0.0) with InstrumentationAnalysisTransform
Transforming jdom2-2.0.6.jar (org.jdom:jdom2:2.0.6) with ExternalDependencyInstrumentingArtifactTransform
Transforming auto-value-annotations-1.6.2.jar (com.google.auto.value:auto-value-annotations:1.6.2) with ExternalDependencyInstrumentingArtifactTransform
Transforming j2objc-annotations-3.0.0.jar (com.google.j2objc:j2objc-annotations:3.0.0) with MergeInstrumentationAnalysisTransform
Transforming jsr305-3.0.2.jar (com.google.code.findbugs:jsr305:3.0.2) with ExternalDependencyInstrumentingArtifactTransform
Transforming annotations-4.1.1.4.jar (com.google.android:annotations:4.1.1.4) with InstrumentationAnalysisTransform
Transforming slf4j-api-1.7.30.jar (org.slf4j:slf4j-api:1.7.30) with ExternalDependencyInstrumentingArtifactTransform
Transforming annotations-4.1.1.4.jar (com.google.android:annotations:4.1.1.4) with MergeInstrumentationAnalysisTransform
Transforming j2objc-annotations-3.0.0.jar (com.google.j2objc:j2objc-annotations:3.0.0) with ExternalDependencyInstrumentingArtifactTransform
Transforming animal-sniffer-annotations-1.24.jar (org.codehaus.mojo:animal-sniffer-annotations:1.24) with InstrumentationAnalysisTransform
Transforming animal-sniffer-annotations-1.24.jar (org.codehaus.mojo:animal-sniffer-annotations:1.24) with MergeInstrumentationAnalysisTransform
Transforming annotations-4.1.1.4.jar (com.google.android:annotations:4.1.1.4) with ExternalDependencyInstrumentingArtifactTransform
Transforming perfmark-api-0.27.0.jar (io.perfmark:perfmark-api:0.27.0) with InstrumentationAnalysisTransform
Transforming perfmark-api-0.27.0.jar (io.perfmark:perfmark-api:0.27.0) with MergeInstrumentationAnalysisTransform
Transforming animal-sniffer-annotations-1.24.jar (org.codehaus.mojo:animal-sniffer-annotations:1.24) with ExternalDependencyInstrumentingArtifactTransform
Transforming netty-codec-http2-4.1.110.Final.jar (io.netty:netty-codec-http2:4.1.110.Final) with InstrumentationAnalysisTransform
Transforming netty-codec-http2-4.1.110.Final.jar (io.netty:netty-codec-http2:4.1.110.Final) with MergeInstrumentationAnalysisTransform
Transforming netty-handler-proxy-4.1.110.Final.jar (io.netty:netty-handler-proxy:4.1.110.Final) with InstrumentationAnalysisTransform
Transforming perfmark-api-0.27.0.jar (io.perfmark:perfmark-api:0.27.0) with ExternalDependencyInstrumentingArtifactTransform
Transforming netty-handler-proxy-4.1.110.Final.jar (io.netty:netty-handler-proxy:4.1.110.Final) with MergeInstrumentationAnalysisTransform
Transforming netty-codec-http-4.1.110.Final.jar (io.netty:netty-codec-http:4.1.110.Final) with InstrumentationAnalysisTransform
Transforming netty-codec-http2-4.1.110.Final.jar (io.netty:netty-codec-http2:4.1.110.Final) with ExternalDependencyInstrumentingArtifactTransform
Transforming netty-codec-http-4.1.110.Final.jar (io.netty:netty-codec-http:4.1.110.Final) with MergeInstrumentationAnalysisTransform
Transforming netty-handler-4.1.110.Final.jar (io.netty:netty-handler:4.1.110.Final) with InstrumentationAnalysisTransform
Transforming netty-handler-4.1.110.Final.jar (io.netty:netty-handler:4.1.110.Final) with MergeInstrumentationAnalysisTransform
Transforming netty-transport-native-unix-common-4.1.110.Final.jar (io.netty:netty-transport-native-unix-common:4.1.110.Final) with InstrumentationAnalysisTransform
Transforming netty-handler-proxy-4.1.110.Final.jar (io.netty:netty-handler-proxy:4.1.110.Final) with ExternalDependencyInstrumentingArtifactTransform
Transforming netty-transport-native-unix-common-4.1.110.Final.jar (io.netty:netty-transport-native-unix-common:4.1.110.Final) with MergeInstrumentationAnalysisTransform
Transforming netty-codec-http-4.1.110.Final.jar (io.netty:netty-codec-http:4.1.110.Final) with ExternalDependencyInstrumentingArtifactTransform
Transforming netty-handler-4.1.110.Final.jar (io.netty:netty-handler:4.1.110.Final) with ExternalDependencyInstrumentingArtifactTransform
Transforming checker-qual-3.43.0.jar (org.checkerframework:checker-qual:3.43.0) with InstrumentationAnalysisTransform
Transforming netty-transport-native-unix-common-4.1.110.Final.jar (io.netty:netty-transport-native-unix-common:4.1.110.Final) with ExternalDependencyInstrumentingArtifactTransform
Transforming checker-qual-3.43.0.jar (org.checkerframework:checker-qual:3.43.0) with MergeInstrumentationAnalysisTransform
Transforming apksig-8.10.1.jar (com.android.tools.build:apksig:8.10.1) with InstrumentationAnalysisTransform
Transforming apksig-8.10.1.jar (com.android.tools.build:apksig:8.10.1) with MergeInstrumentationAnalysisTransform
Transforming checker-qual-3.43.0.jar (org.checkerframework:checker-qual:3.43.0) with ExternalDependencyInstrumentingArtifactTransform
Transforming javawriter-2.5.0.jar (com.squareup:javawriter:2.5.0) with InstrumentationAnalysisTransform
Transforming javawriter-2.5.0.jar (com.squareup:javawriter:2.5.0) with MergeInstrumentationAnalysisTransform
Transforming failureaccess-1.0.2.jar (com.google.guava:failureaccess:1.0.2) with InstrumentationAnalysisTransform
Transforming apksig-8.10.1.jar (com.android.tools.build:apksig:8.10.1) with ExternalDependencyInstrumentingArtifactTransform
Transforming failureaccess-1.0.2.jar (com.google.guava:failureaccess:1.0.2) with MergeInstrumentationAnalysisTransform
Transforming listenablefuture-9999.0-empty-to-avoid-conflict-with-guava.jar (com.google.guava:listenablefuture:9999.0-empty-to-avoid-conflict-with-guava) with InstrumentationAnalysisTransform
Transforming javawriter-2.5.0.jar (com.squareup:javawriter:2.5.0) with ExternalDependencyInstrumentingArtifactTransform
Transforming listenablefuture-9999.0-empty-to-avoid-conflict-with-guava.jar (com.google.guava:listenablefuture:9999.0-empty-to-avoid-conflict-with-guava) with MergeInstrumentationAnalysisTransform
Transforming failureaccess-1.0.2.jar (com.google.guava:failureaccess:1.0.2) with ExternalDependencyInstrumentingArtifactTransform
Transforming commons-logging-1.2.jar (commons-logging:commons-logging:1.2) with InstrumentationAnalysisTransform
Transforming listenablefuture-9999.0-empty-to-avoid-conflict-with-guava.jar (com.google.guava:listenablefuture:9999.0-empty-to-avoid-conflict-with-guava) with ExternalDependencyInstrumentingArtifactTransform
Transforming commons-logging-1.2.jar (commons-logging:commons-logging:1.2) with MergeInstrumentationAnalysisTransform
Transforming commons-codec-1.11.jar (commons-codec:commons-codec:1.11) with InstrumentationAnalysisTransform
Transforming commons-codec-1.11.jar (commons-codec:commons-codec:1.11) with MergeInstrumentationAnalysisTransform
Transforming jna-5.6.0.jar (net.java.dev.jna:jna:5.6.0) with InstrumentationAnalysisTransform
Transforming commons-logging-1.2.jar (commons-logging:commons-logging:1.2) with ExternalDependencyInstrumentingArtifactTransform
Transforming jna-5.6.0.jar (net.java.dev.jna:jna:5.6.0) with MergeInstrumentationAnalysisTransform
Transforming netty-codec-socks-4.1.110.Final.jar (io.netty:netty-codec-socks:4.1.110.Final) with InstrumentationAnalysisTransform
Transforming netty-codec-socks-4.1.110.Final.jar (io.netty:netty-codec-socks:4.1.110.Final) with MergeInstrumentationAnalysisTransform
Transforming commons-codec-1.11.jar (commons-codec:commons-codec:1.11) with ExternalDependencyInstrumentingArtifactTransform
Transforming netty-codec-4.1.110.Final.jar (io.netty:netty-codec:4.1.110.Final) with InstrumentationAnalysisTransform
Transforming jna-5.6.0.jar (net.java.dev.jna:jna:5.6.0) with ExternalDependencyInstrumentingArtifactTransform
Transforming netty-codec-4.1.110.Final.jar (io.netty:netty-codec:4.1.110.Final) with MergeInstrumentationAnalysisTransform
Transforming netty-codec-socks-4.1.110.Final.jar (io.netty:netty-codec-socks:4.1.110.Final) with ExternalDependencyInstrumentingArtifactTransform
Transforming netty-transport-4.1.110.Final.jar (io.netty:netty-transport:4.1.110.Final) with InstrumentationAnalysisTransform
Transforming netty-transport-4.1.110.Final.jar (io.netty:netty-transport:4.1.110.Final) with MergeInstrumentationAnalysisTransform
Transforming netty-codec-4.1.110.Final.jar (io.netty:netty-codec:4.1.110.Final) with ExternalDependencyInstrumentingArtifactTransform
Transforming netty-buffer-4.1.110.Final.jar (io.netty:netty-buffer:4.1.110.Final) with InstrumentationAnalysisTransform
Transforming netty-buffer-4.1.110.Final.jar (io.netty:netty-buffer:4.1.110.Final) with MergeInstrumentationAnalysisTransform
Transforming netty-resolver-4.1.110.Final.jar (io.netty:netty-resolver:4.1.110.Final) with InstrumentationAnalysisTransform
Transforming netty-transport-4.1.110.Final.jar (io.netty:netty-transport:4.1.110.Final) with ExternalDependencyInstrumentingArtifactTransform
Transforming netty-resolver-4.1.110.Final.jar (io.netty:netty-resolver:4.1.110.Final) with MergeInstrumentationAnalysisTransform
Transforming netty-buffer-4.1.110.Final.jar (io.netty:netty-buffer:4.1.110.Final) with ExternalDependencyInstrumentingArtifactTransform
Transforming netty-common-4.1.110.Final.jar (io.netty:netty-common:4.1.110.Final) with InstrumentationAnalysisTransform
Transforming netty-common-4.1.110.Final.jar (io.netty:netty-common:4.1.110.Final) with MergeInstrumentationAnalysisTransform
Transforming netty-resolver-4.1.110.Final.jar (io.netty:netty-resolver:4.1.110.Final) with ExternalDependencyInstrumentingArtifactTransform
Transforming netty-common-4.1.110.Final.jar (io.netty:netty-common:4.1.110.Final) with ExternalDependencyInstrumentingArtifactTransform
Transforming plugins.jar (project :build-logic:plugins) with ProjectDependencyInstrumentingArtifactTransform
Transforming tools.jar (project :build-logic:tools) with ProjectDependencyInstrumentingArtifactTransform
Using default execution profile
Using Kotlin Gradle Plugin gradle811 variant
Detected Android Gradle Plugin compose compiler configuration
Detected Android Gradle Plugin compose compiler configuration
Detected Android Gradle Plugin compose compiler configuration
Detected Android Gradle Plugin compose compiler configuration
Detected Android Gradle Plugin compose compiler configuration

> Configure project :photoview
Evaluating project ':photoview' using build file '/home/lollerfirst/Signal-Android/photoview/build.gradle.kts'.
Transforming classes with InstrumentationAnalysisTransform
Transforming classes with InstrumentationAnalysisTransform
Transforming gradle-8.10.1.jar (com.android.tools.build:gradle:8.10.1) with InstrumentationAnalysisTransform
Transforming gradle-settings-api-8.10.1.jar (com.android.tools.build:gradle-settings-api:8.10.1) with InstrumentationAnalysisTransform
Transforming lint-model-31.10.1.jar (com.android.tools.lint:lint-model:31.10.1) with InstrumentationAnalysisTransform
Transforming builder-8.10.1.jar (com.android.tools.build:builder:8.10.1) with InstrumentationAnalysisTransform
Transforming manifest-merger-31.10.1.jar (com.android.tools.build:manifest-merger:31.10.1) with InstrumentationAnalysisTransform
Transforming sdk-common-31.10.1.jar (com.android.tools:sdk-common:31.10.1) with InstrumentationAnalysisTransform
Transforming sdklib-31.10.1.jar (com.android.tools:sdklib:31.10.1) with InstrumentationAnalysisTransform
Transforming repository-31.10.1.jar (com.android.tools:repository:31.10.1) with InstrumentationAnalysisTransform
Transforming aaptcompiler-8.10.1.jar (com.android.tools.build:aaptcompiler:8.10.1) with InstrumentationAnalysisTransform
Transforming tracker-31.10.1.jar (com.android.tools.analytics-library:tracker:31.10.1) with InstrumentationAnalysisTransform
Transforming shared-31.10.1.jar (com.android.tools.analytics-library:shared:31.10.1) with InstrumentationAnalysisTransform
Transforming databinding-compiler-common-8.10.1.jar (androidx.databinding:databinding-compiler-common:8.10.1) with InstrumentationAnalysisTransform
Transforming android-test-plugin-host-emulator-control-proto-31.10.1.jar (com.android.tools.utp:android-test-plugin-host-emulator-control-proto:31.10.1) with InstrumentationAnalysisTransform
Transforming builder-model-8.10.1.jar (com.android.tools.build:builder-model:8.10.1) with InstrumentationAnalysisTransform
Transforming gradle-api-8.10.1.jar (com.android.tools.build:gradle-api:8.10.1) with InstrumentationAnalysisTransform
Transforming builder-test-api-8.10.1.jar (com.android.tools.build:builder-test-api:8.10.1) with InstrumentationAnalysisTransform
Transforming ddmlib-31.10.1.jar (com.android.tools.ddms:ddmlib:31.10.1) with InstrumentationAnalysisTransform
Transforming layoutlib-api-31.10.1.jar (com.android.tools.layoutlib:layoutlib-api:31.10.1) with InstrumentationAnalysisTransform
Transforming dvlib-31.10.1.jar (com.android.tools:dvlib:31.10.1) with InstrumentationAnalysisTransform
Transforming common-31.10.1.jar (com.android.tools:common:31.10.1) with InstrumentationAnalysisTransform
Transforming kotlin-stdlib-jdk8-2.1.0.jar (org.jetbrains.kotlin:kotlin-stdlib-jdk8:2.1.0) with InstrumentationAnalysisTransform
Transforming jetifier-processor-1.0.0-beta10.jar (com.android.tools.build.jetifier:jetifier-processor:1.0.0-beta10) with InstrumentationAnalysisTransform
Transforming jetifier-core-1.0.0-beta10.jar (com.android.tools.build.jetifier:jetifier-core:1.0.0-beta10) with InstrumentationAnalysisTransform
Transforming kotlin-reflect-2.0.20.jar (org.jetbrains.kotlin:kotlin-reflect:2.0.20) with InstrumentationAnalysisTransform
Transforming kotlin-stdlib-jdk7-2.1.0.jar (org.jetbrains.kotlin:kotlin-stdlib-jdk7:2.1.0) with InstrumentationAnalysisTransform
Transforming kotlin-stdlib-2.0.20.jar (org.jetbrains.kotlin:kotlin-stdlib:2.0.20) with InstrumentationAnalysisTransform
Transforming annotations-13.0.jar (org.jetbrains:annotations:13.0) with InstrumentationAnalysisTransform
Transforming kotlin-gradle-plugin-model-2.2.20.jar (org.jetbrains.kotlin:kotlin-gradle-plugin-model:2.2.20) with InstrumentationAnalysisTransform
Transforming fus-statistics-gradle-plugin-2.2.20-gradle811.jar (org.jetbrains.kotlin:fus-statistics-gradle-plugin:2.2.20) with InstrumentationAnalysisTransform
Transforming kotlin-gradle-plugin-api-2.2.20.jar (org.jetbrains.kotlin:kotlin-gradle-plugin-api:2.2.20) with InstrumentationAnalysisTransform
Transforming kotlin-gradle-plugin-api-2.2.20-gradle811.jar (org.jetbrains.kotlin:kotlin-gradle-plugin-api:2.2.20) with InstrumentationAnalysisTransform
Transforming kotlin-gradle-plugin-2.2.20-gradle811.jar (org.jetbrains.kotlin:kotlin-gradle-plugin:2.2.20) with InstrumentationAnalysisTransform
Transforming ktlint-gradle-12.1.1.jar (org.jlleitschuh.gradle:ktlint-gradle:12.1.1) with InstrumentationAnalysisTransform
Transforming kotlin-gradle-plugin-idea-proto-2.2.20.jar (org.jetbrains.kotlin:kotlin-gradle-plugin-idea-proto:2.2.20) with InstrumentationAnalysisTransform
Transforming kotlin-gradle-plugin-idea-2.2.20.jar (org.jetbrains.kotlin:kotlin-gradle-plugin-idea:2.2.20) with InstrumentationAnalysisTransform
Transforming kotlin-klib-commonizer-api-2.2.20.jar (org.jetbrains.kotlin:kotlin-klib-commonizer-api:2.2.20) with InstrumentationAnalysisTransform
Transforming kotlin-build-statistics-2.2.20.jar (org.jetbrains.kotlin:kotlin-build-statistics:2.2.20) with InstrumentationAnalysisTransform
Transforming kotlin-util-klib-metadata-2.2.20.jar (org.jetbrains.kotlin:kotlin-util-klib-metadata:2.2.20) with InstrumentationAnalysisTransform
Transforming abi-tools-api-2.2.20.jar (org.jetbrains.kotlin:abi-tools-api:2.2.20) with InstrumentationAnalysisTransform
Transforming kotlin-compiler-runner-2.2.20.jar (org.jetbrains.kotlin:kotlin-compiler-runner:2.2.20) with InstrumentationAnalysisTransform
Transforming dnsjava-2.1.9.jar (dnsjava:dnsjava:2.1.9) with InstrumentationAnalysisTransform
Transforming kotlin-gradle-plugin-annotations-2.2.20.jar (org.jetbrains.kotlin:kotlin-gradle-plugin-annotations:2.2.20) with InstrumentationAnalysisTransform
Transforming kotlin-native-utils-2.2.20.jar (org.jetbrains.kotlin:kotlin-native-utils:2.2.20) with InstrumentationAnalysisTransform
Transforming kotlin-tooling-core-2.2.20.jar (org.jetbrains.kotlin:kotlin-tooling-core:2.2.20) with InstrumentationAnalysisTransform
Transforming kotlin-build-tools-api-2.2.20.jar (org.jetbrains.kotlin:kotlin-build-tools-api:2.2.20) with InstrumentationAnalysisTransform
Transforming android-test-plugin-result-listener-gradle-proto-31.10.1.jar (com.android.tools.utp:android-test-plugin-result-listener-gradle-proto:31.10.1) with InstrumentationAnalysisTransform
Transforming bundletool-1.18.0.jar (com.android.tools.build:bundletool:1.18.0) with InstrumentationAnalysisTransform
Transforming protobuf-java-util-3.25.5.jar (com.google.protobuf:protobuf-java-util:3.25.5) with InstrumentationAnalysisTransform
Transforming grpc-netty-1.69.1.jar (io.grpc:grpc-netty:1.69.1) with InstrumentationAnalysisTransform
Transforming grpc-inprocess-1.69.1.jar (io.grpc:grpc-inprocess:1.69.1) with InstrumentationAnalysisTransform
Transforming grpc-util-1.69.1.jar (io.grpc:grpc-util:1.69.1) with InstrumentationAnalysisTransform
Transforming grpc-core-1.69.1.jar (io.grpc:grpc-core:1.69.1) with InstrumentationAnalysisTransform
Transforming tink-1.7.0.jar (com.google.crypto.tink:tink:1.7.0) with InstrumentationAnalysisTransform
Transforming gson-2.11.0.jar (com.google.code.gson:gson:2.11.0) with InstrumentationAnalysisTransform
Transforming kotlin-util-klib-2.2.20.jar (org.jetbrains.kotlin:kotlin-util-klib:2.2.20) with InstrumentationAnalysisTransform
Transforming kotlin-util-io-2.2.20.jar (org.jetbrains.kotlin:kotlin-util-io:2.2.20) with InstrumentationAnalysisTransform
Transforming kotlin-daemon-client-2.2.20.jar (org.jetbrains.kotlin:kotlin-daemon-client:2.2.20) with InstrumentationAnalysisTransform
Transforming kotlinx-coroutines-core-jvm-1.8.0.jar (org.jetbrains.kotlinx:kotlinx-coroutines-core-jvm:1.8.0) with InstrumentationAnalysisTransform
Transforming aapt2-proto-8.10.1-12782657.jar (com.android.tools.build:aapt2-proto:8.10.1-12782657) with InstrumentationAnalysisTransform
Transforming crash-31.10.1.jar (com.android.tools.analytics-library:crash:31.10.1) with InstrumentationAnalysisTransform
Transforming lint-typedef-remover-31.10.1.jar (com.android.tools.lint:lint-typedef-remover:31.10.1) with InstrumentationAnalysisTransform
Transforming databinding-common-8.10.1.jar (androidx.databinding:databinding-common:8.10.1) with InstrumentationAnalysisTransform
Transforming baseLibrary-8.10.1.jar (com.android.databinding:baseLibrary:8.10.1) with InstrumentationAnalysisTransform
Transforming android-device-provider-ddmlib-proto-31.10.1.jar (com.android.tools.utp:android-device-provider-ddmlib-proto:31.10.1) with InstrumentationAnalysisTransform
Transforming android-device-provider-gradle-proto-31.10.1.jar (com.android.tools.utp:android-device-provider-gradle-proto:31.10.1) with InstrumentationAnalysisTransform
Transforming android-device-provider-profile-proto-31.10.1.jar (com.android.tools.utp:android-device-provider-profile-proto:31.10.1) with InstrumentationAnalysisTransform
Transforming android-test-plugin-host-additional-test-output-proto-31.10.1.jar (com.android.tools.utp:android-test-plugin-host-additional-test-output-proto:31.10.1) with InstrumentationAnalysisTransform
Transforming android-test-plugin-host-coverage-proto-31.10.1.jar (com.android.tools.utp:android-test-plugin-host-coverage-proto:31.10.1) with InstrumentationAnalysisTransform
Transforming android-test-plugin-host-logcat-proto-31.10.1.jar (com.android.tools.utp:android-test-plugin-host-logcat-proto:31.10.1) with InstrumentationAnalysisTransform
Transforming android-test-plugin-host-apk-installer-proto-31.10.1.jar (com.android.tools.utp:android-test-plugin-host-apk-installer-proto:31.10.1) with InstrumentationAnalysisTransform
Transforming transform-api-2.0.0-deprecated-use-gradle-api.jar (com.android.tools.build:transform-api:2.0.0-deprecated-use-gradle-api) with InstrumentationAnalysisTransform
Transforming httpmime-4.5.6.jar (org.apache.httpcomponents:httpmime:4.5.6) with InstrumentationAnalysisTransform
Transforming commons-io-2.16.1.jar (commons-io:commons-io:2.16.1) with InstrumentationAnalysisTransform
Transforming asm-commons-9.7.1.jar (org.ow2.asm:asm-commons:9.7.1) with InstrumentationAnalysisTransform
Transforming asm-util-9.7.1.jar (org.ow2.asm:asm-util:9.7.1) with InstrumentationAnalysisTransform
Transforming asm-analysis-9.7.1.jar (org.ow2.asm:asm-analysis:9.7.1) with InstrumentationAnalysisTransform
Transforming asm-tree-9.7.1.jar (org.ow2.asm:asm-tree:9.7.1) with InstrumentationAnalysisTransform
Transforming asm-9.7.1.jar (org.ow2.asm:asm:9.7.1) with InstrumentationAnalysisTransform
Transforming apkzlib-8.10.1.jar (com.android.tools.build:apkzlib:8.10.1) with InstrumentationAnalysisTransform
Transforming bcpkix-jdk18on-1.79.jar (org.bouncycastle:bcpkix-jdk18on:1.79) with InstrumentationAnalysisTransform
Transforming jaxb-runtime-2.3.2.jar (org.glassfish.jaxb:jaxb-runtime:2.3.2) with InstrumentationAnalysisTransform
Transforming jopt-simple-4.9.jar (net.sf.jopt-simple:jopt-simple:4.9) with InstrumentationAnalysisTransform
Transforming javapoet-1.10.0.jar (com.squareup:javapoet:1.10.0) with InstrumentationAnalysisTransform
Transforming grpc-protobuf-1.69.1.jar (io.grpc:grpc-protobuf:1.69.1) with InstrumentationAnalysisTransform
Transforming core-proto-0.0.9-alpha03.jar (com.google.testing.platform:core-proto:0.0.9-alpha03) with InstrumentationAnalysisTransform
Transforming protos-31.10.1.jar (com.android.tools.analytics-library:protos:31.10.1) with InstrumentationAnalysisTransform
Transforming proto-google-common-protos-2.48.0.jar (com.google.api.grpc:proto-google-common-protos:2.48.0) with InstrumentationAnalysisTransform
Transforming protobuf-java-3.25.5.jar (com.google.protobuf:protobuf-java:3.25.5) with InstrumentationAnalysisTransform
Transforming grpc-stub-1.69.1.jar (io.grpc:grpc-stub:1.69.1) with InstrumentationAnalysisTransform
Transforming tensorflow-lite-metadata-0.2.0.jar (org.tensorflow:tensorflow-lite-metadata:0.2.0) with InstrumentationAnalysisTransform
Transforming flatbuffers-java-1.12.0.jar (com.google.flatbuffers:flatbuffers-java:1.12.0) with InstrumentationAnalysisTransform
Transforming jimfs-1.1.jar (com.google.jimfs:jimfs:1.1) with InstrumentationAnalysisTransform
Transforming grpc-context-1.69.1.jar (io.grpc:grpc-context:1.69.1) with InstrumentationAnalysisTransform
Transforming grpc-protobuf-lite-1.69.1.jar (io.grpc:grpc-protobuf-lite:1.69.1) with InstrumentationAnalysisTransform
Transforming grpc-api-1.69.1.jar (io.grpc:grpc-api:1.69.1) with InstrumentationAnalysisTransform
Transforming guava-33.3.1-jre.jar (com.google.guava:guava:33.3.1-jre) with InstrumentationAnalysisTransform
Transforming error_prone_annotations-2.30.0.jar (com.google.errorprone:error_prone_annotations:2.30.0) with InstrumentationAnalysisTransform
Transforming dagger-2.28.3.jar (com.google.dagger:dagger:2.28.3) with InstrumentationAnalysisTransform
Transforming javax.inject-1.jar (javax.inject:javax.inject:1) with InstrumentationAnalysisTransform
Transforming kxml2-2.3.0.jar (net.sf.kxml:kxml2:2.3.0) with InstrumentationAnalysisTransform
Transforming commons-compress-1.21.jar (org.apache.commons:commons-compress:1.21) with InstrumentationAnalysisTransform
Transforming bcutil-jdk18on-1.79.jar (org.bouncycastle:bcutil-jdk18on:1.79) with InstrumentationAnalysisTransform
Transforming bcprov-jdk18on-1.79.jar (org.bouncycastle:bcprov-jdk18on:1.79) with InstrumentationAnalysisTransform
Transforming httpclient-4.5.14.jar (org.apache.httpcomponents:httpclient:4.5.14) with InstrumentationAnalysisTransform
Transforming httpcore-4.4.16.jar (org.apache.httpcomponents:httpcore:4.4.16) with InstrumentationAnalysisTransform
Transforming javax.activation-1.2.0.jar (com.sun.activation:javax.activation:1.2.0) with InstrumentationAnalysisTransform
Transforming signflinger-8.10.1.jar (com.android:signflinger:8.10.1) with InstrumentationAnalysisTransform
Transforming zipflinger-8.10.1.jar (com.android:zipflinger:8.10.1) with InstrumentationAnalysisTransform
Transforming annotations-31.10.1.jar (com.android.tools:annotations:31.10.1) with InstrumentationAnalysisTransform
Transforming jna-platform-5.6.0.jar (net.java.dev.jna:jna-platform:5.6.0) with InstrumentationAnalysisTransform
Transforming juniversalchardet-1.0.3.jar (com.googlecode.juniversalchardet:juniversalchardet:1.0.3) with InstrumentationAnalysisTransform
Transforming javax.annotation-api-1.3.2.jar (javax.annotation:javax.annotation-api:1.3.2) with InstrumentationAnalysisTransform
Transforming stax-ex-1.8.1.jar (org.jvnet.staxex:stax-ex:1.8.1) with InstrumentationAnalysisTransform
Transforming jakarta.xml.bind-api-2.3.2.jar (jakarta.xml.bind:jakarta.xml.bind-api:2.3.2) with InstrumentationAnalysisTransform
Transforming txw2-2.3.2.jar (org.glassfish.jaxb:txw2:2.3.2) with InstrumentationAnalysisTransform
Transforming istack-commons-runtime-3.0.8.jar (com.sun.istack:istack-commons-runtime:3.0.8) with InstrumentationAnalysisTransform
Transforming FastInfoset-1.2.16.jar (com.sun.xml.fastinfoset:FastInfoset:1.2.16) with InstrumentationAnalysisTransform
Transforming jakarta.activation-api-1.2.1.jar (jakarta.activation:jakarta.activation-api:1.2.1) with InstrumentationAnalysisTransform
Transforming auto-value-annotations-1.6.2.jar (com.google.auto.value:auto-value-annotations:1.6.2) with InstrumentationAnalysisTransform
Transforming jose4j-0.9.5.jar (org.bitbucket.b_c:jose4j:0.9.5) with InstrumentationAnalysisTransform
Transforming slf4j-api-1.7.30.jar (org.slf4j:slf4j-api:1.7.30) with InstrumentationAnalysisTransform
Transforming jdom2-2.0.6.jar (org.jdom:jdom2:2.0.6) with InstrumentationAnalysisTransform
Transforming jsr305-3.0.2.jar (com.google.code.findbugs:jsr305:3.0.2) with InstrumentationAnalysisTransform
Transforming j2objc-annotations-3.0.0.jar (com.google.j2objc:j2objc-annotations:3.0.0) with InstrumentationAnalysisTransform
Transforming annotations-4.1.1.4.jar (com.google.android:annotations:4.1.1.4) with InstrumentationAnalysisTransform
Transforming animal-sniffer-annotations-1.24.jar (org.codehaus.mojo:animal-sniffer-annotations:1.24) with InstrumentationAnalysisTransform
Transforming perfmark-api-0.27.0.jar (io.perfmark:perfmark-api:0.27.0) with InstrumentationAnalysisTransform
Transforming netty-codec-http2-4.1.110.Final.jar (io.netty:netty-codec-http2:4.1.110.Final) with InstrumentationAnalysisTransform
Transforming netty-handler-proxy-4.1.110.Final.jar (io.netty:netty-handler-proxy:4.1.110.Final) with InstrumentationAnalysisTransform
Transforming netty-codec-http-4.1.110.Final.jar (io.netty:netty-codec-http:4.1.110.Final) with InstrumentationAnalysisTransform
Transforming netty-handler-4.1.110.Final.jar (io.netty:netty-handler:4.1.110.Final) with InstrumentationAnalysisTransform
Transforming netty-transport-native-unix-common-4.1.110.Final.jar (io.netty:netty-transport-native-unix-common:4.1.110.Final) with InstrumentationAnalysisTransform
Transforming checker-qual-3.43.0.jar (org.checkerframework:checker-qual:3.43.0) with InstrumentationAnalysisTransform
Transforming apksig-8.10.1.jar (com.android.tools.build:apksig:8.10.1) with InstrumentationAnalysisTransform
Transforming javawriter-2.5.0.jar (com.squareup:javawriter:2.5.0) with InstrumentationAnalysisTransform
Transforming failureaccess-1.0.2.jar (com.google.guava:failureaccess:1.0.2) with InstrumentationAnalysisTransform
Transforming listenablefuture-9999.0-empty-to-avoid-conflict-with-guava.jar (com.google.guava:listenablefuture:9999.0-empty-to-avoid-conflict-with-guava) with InstrumentationAnalysisTransform
Transforming commons-logging-1.2.jar (commons-logging:commons-logging:1.2) with InstrumentationAnalysisTransform
Transforming commons-codec-1.11.jar (commons-codec:commons-codec:1.11) with InstrumentationAnalysisTransform
Transforming jna-5.6.0.jar (net.java.dev.jna:jna:5.6.0) with InstrumentationAnalysisTransform
Transforming netty-codec-socks-4.1.110.Final.jar (io.netty:netty-codec-socks:4.1.110.Final) with InstrumentationAnalysisTransform
Transforming netty-codec-4.1.110.Final.jar (io.netty:netty-codec:4.1.110.Final) with InstrumentationAnalysisTransform
Transforming netty-transport-4.1.110.Final.jar (io.netty:netty-transport:4.1.110.Final) with InstrumentationAnalysisTransform
Transforming netty-buffer-4.1.110.Final.jar (io.netty:netty-buffer:4.1.110.Final) with InstrumentationAnalysisTransform
Transforming netty-resolver-4.1.110.Final.jar (io.netty:netty-resolver:4.1.110.Final) with InstrumentationAnalysisTransform
Transforming netty-common-4.1.110.Final.jar (io.netty:netty-common:4.1.110.Final) with InstrumentationAnalysisTransform
Transforming main (project :build-logic:plugins) with InstrumentationAnalysisTransform
Transforming main (project :build-logic:plugins) with InstrumentationAnalysisTransform
Transforming main (project :build-logic:plugins) with InstrumentationAnalysisTransform
Transforming main (project :build-logic:tools) with InstrumentationAnalysisTransform
Transforming main (project :build-logic:tools) with InstrumentationAnalysisTransform
Transforming classes with InstrumentationAnalysisTransform
Transforming classes with MergeInstrumentationAnalysisTransform
Transforming classes with InstrumentationAnalysisTransform
Transforming classes with MergeInstrumentationAnalysisTransform
Transforming gradle-8.10.1.jar (com.android.tools.build:gradle:8.10.1) with InstrumentationAnalysisTransform
Transforming gradle-8.10.1.jar (com.android.tools.build:gradle:8.10.1) with MergeInstrumentationAnalysisTransform
Transforming gradle-settings-api-8.10.1.jar (com.android.tools.build:gradle-settings-api:8.10.1) with InstrumentationAnalysisTransform
Transforming gradle-settings-api-8.10.1.jar (com.android.tools.build:gradle-settings-api:8.10.1) with MergeInstrumentationAnalysisTransform
Transforming lint-model-31.10.1.jar (com.android.tools.lint:lint-model:31.10.1) with InstrumentationAnalysisTransform
Transforming lint-model-31.10.1.jar (com.android.tools.lint:lint-model:31.10.1) with MergeInstrumentationAnalysisTransform
Transforming classes with ExternalDependencyInstrumentingArtifactTransform
Transforming classes with ExternalDependencyInstrumentingArtifactTransform
Transforming gradle-8.10.1.jar (com.android.tools.build:gradle:8.10.1) with ExternalDependencyInstrumentingArtifactTransform
Transforming gradle-settings-api-8.10.1.jar (com.android.tools.build:gradle-settings-api:8.10.1) with ExternalDependencyInstrumentingArtifactTransform
Transforming lint-model-31.10.1.jar (com.android.tools.lint:lint-model:31.10.1) with ExternalDependencyInstrumentingArtifactTransform
Transforming builder-8.10.1.jar (com.android.tools.build:builder:8.10.1) with InstrumentationAnalysisTransform
Transforming builder-8.10.1.jar (com.android.tools.build:builder:8.10.1) with MergeInstrumentationAnalysisTransform
Transforming manifest-merger-31.10.1.jar (com.android.tools.build:manifest-merger:31.10.1) with InstrumentationAnalysisTransform
Transforming manifest-merger-31.10.1.jar (com.android.tools.build:manifest-merger:31.10.1) with MergeInstrumentationAnalysisTransform
Transforming sdk-common-31.10.1.jar (com.android.tools:sdk-common:31.10.1) with InstrumentationAnalysisTransform
Transforming builder-8.10.1.jar (com.android.tools.build:builder:8.10.1) with ExternalDependencyInstrumentingArtifactTransform
Transforming sdk-common-31.10.1.jar (com.android.tools:sdk-common:31.10.1) with MergeInstrumentationAnalysisTransform
Transforming sdklib-31.10.1.jar (com.android.tools:sdklib:31.10.1) with InstrumentationAnalysisTransform
Transforming manifest-merger-31.10.1.jar (com.android.tools.build:manifest-merger:31.10.1) with ExternalDependencyInstrumentingArtifactTransform
Transforming sdklib-31.10.1.jar (com.android.tools:sdklib:31.10.1) with MergeInstrumentationAnalysisTransform
Transforming repository-31.10.1.jar (com.android.tools:repository:31.10.1) with InstrumentationAnalysisTransform
Transforming sdk-common-31.10.1.jar (com.android.tools:sdk-common:31.10.1) with ExternalDependencyInstrumentingArtifactTransform
Transforming repository-31.10.1.jar (com.android.tools:repository:31.10.1) with MergeInstrumentationAnalysisTransform
Transforming aaptcompiler-8.10.1.jar (com.android.tools.build:aaptcompiler:8.10.1) with InstrumentationAnalysisTransform
Transforming sdklib-31.10.1.jar (com.android.tools:sdklib:31.10.1) with ExternalDependencyInstrumentingArtifactTransform
Transforming aaptcompiler-8.10.1.jar (com.android.tools.build:aaptcompiler:8.10.1) with MergeInstrumentationAnalysisTransform
Transforming repository-31.10.1.jar (com.android.tools:repository:31.10.1) with ExternalDependencyInstrumentingArtifactTransform
Transforming tracker-31.10.1.jar (com.android.tools.analytics-library:tracker:31.10.1) with InstrumentationAnalysisTransform
Transforming tracker-31.10.1.jar (com.android.tools.analytics-library:tracker:31.10.1) with MergeInstrumentationAnalysisTransform
Transforming shared-31.10.1.jar (com.android.tools.analytics-library:shared:31.10.1) with InstrumentationAnalysisTransform
Transforming shared-31.10.1.jar (com.android.tools.analytics-library:shared:31.10.1) with MergeInstrumentationAnalysisTransform
Transforming aaptcompiler-8.10.1.jar (com.android.tools.build:aaptcompiler:8.10.1) with ExternalDependencyInstrumentingArtifactTransform
Transforming tracker-31.10.1.jar (com.android.tools.analytics-library:tracker:31.10.1) with ExternalDependencyInstrumentingArtifactTransform
Transforming shared-31.10.1.jar (com.android.tools.analytics-library:shared:31.10.1) with ExternalDependencyInstrumentingArtifactTransform
Transforming databinding-compiler-common-8.10.1.jar (androidx.databinding:databinding-compiler-common:8.10.1) with InstrumentationAnalysisTransform
Transforming databinding-compiler-common-8.10.1.jar (androidx.databinding:databinding-compiler-common:8.10.1) with MergeInstrumentationAnalysisTransform
Transforming android-test-plugin-host-emulator-control-proto-31.10.1.jar (com.android.tools.utp:android-test-plugin-host-emulator-control-proto:31.10.1) with InstrumentationAnalysisTransform
Transforming databinding-compiler-common-8.10.1.jar (androidx.databinding:databinding-compiler-common:8.10.1) with ExternalDependencyInstrumentingArtifactTransform
Transforming android-test-plugin-host-emulator-control-proto-31.10.1.jar (com.android.tools.utp:android-test-plugin-host-emulator-control-proto:31.10.1) with MergeInstrumentationAnalysisTransform
Transforming builder-model-8.10.1.jar (com.android.tools.build:builder-model:8.10.1) with InstrumentationAnalysisTransform
Transforming builder-model-8.10.1.jar (com.android.tools.build:builder-model:8.10.1) with MergeInstrumentationAnalysisTransform
Transforming gradle-api-8.10.1.jar (com.android.tools.build:gradle-api:8.10.1) with InstrumentationAnalysisTransform
Transforming android-test-plugin-host-emulator-control-proto-31.10.1.jar (com.android.tools.utp:android-test-plugin-host-emulator-control-proto:31.10.1) with ExternalDependencyInstrumentingArtifactTransform
Transforming builder-model-8.10.1.jar (com.android.tools.build:builder-model:8.10.1) with ExternalDependencyInstrumentingArtifactTransform
Transforming gradle-api-8.10.1.jar (com.android.tools.build:gradle-api:8.10.1) with MergeInstrumentationAnalysisTransform
Transforming builder-test-api-8.10.1.jar (com.android.tools.build:builder-test-api:8.10.1) with InstrumentationAnalysisTransform
Transforming builder-test-api-8.10.1.jar (com.android.tools.build:builder-test-api:8.10.1) with MergeInstrumentationAnalysisTransform
Transforming gradle-api-8.10.1.jar (com.android.tools.build:gradle-api:8.10.1) with ExternalDependencyInstrumentingArtifactTransform
Transforming ddmlib-31.10.1.jar (com.android.tools.ddms:ddmlib:31.10.1) with InstrumentationAnalysisTransform
Transforming ddmlib-31.10.1.jar (com.android.tools.ddms:ddmlib:31.10.1) with MergeInstrumentationAnalysisTransform
Transforming layoutlib-api-31.10.1.jar (com.android.tools.layoutlib:layoutlib-api:31.10.1) with InstrumentationAnalysisTransform
Transforming layoutlib-api-31.10.1.jar (com.android.tools.layoutlib:layoutlib-api:31.10.1) with MergeInstrumentationAnalysisTransform
Transforming builder-test-api-8.10.1.jar (com.android.tools.build:builder-test-api:8.10.1) with ExternalDependencyInstrumentingArtifactTransform
Transforming dvlib-31.10.1.jar (com.android.tools:dvlib:31.10.1) with InstrumentationAnalysisTransform
Transforming ddmlib-31.10.1.jar (com.android.tools.ddms:ddmlib:31.10.1) with ExternalDependencyInstrumentingArtifactTransform
Transforming dvlib-31.10.1.jar (com.android.tools:dvlib:31.10.1) with MergeInstrumentationAnalysisTransform
Transforming common-31.10.1.jar (com.android.tools:common:31.10.1) with InstrumentationAnalysisTransform
Transforming layoutlib-api-31.10.1.jar (com.android.tools.layoutlib:layoutlib-api:31.10.1) with ExternalDependencyInstrumentingArtifactTransform
Transforming dvlib-31.10.1.jar (com.android.tools:dvlib:31.10.1) with ExternalDependencyInstrumentingArtifactTransform
Transforming common-31.10.1.jar (com.android.tools:common:31.10.1) with MergeInstrumentationAnalysisTransform
Transforming kotlin-stdlib-jdk8-2.1.0.jar (org.jetbrains.kotlin:kotlin-stdlib-jdk8:2.1.0) with InstrumentationAnalysisTransform
Transforming kotlin-stdlib-jdk8-2.1.0.jar (org.jetbrains.kotlin:kotlin-stdlib-jdk8:2.1.0) with MergeInstrumentationAnalysisTransform
Transforming jetifier-processor-1.0.0-beta10.jar (com.android.tools.build.jetifier:jetifier-processor:1.0.0-beta10) with InstrumentationAnalysisTransform
Transforming common-31.10.1.jar (com.android.tools:common:31.10.1) with ExternalDependencyInstrumentingArtifactTransform
Transforming kotlin-stdlib-jdk8-2.1.0.jar (org.jetbrains.kotlin:kotlin-stdlib-jdk8:2.1.0) with ExternalDependencyInstrumentingArtifactTransform
Transforming jetifier-processor-1.0.0-beta10.jar (com.android.tools.build.jetifier:jetifier-processor:1.0.0-beta10) with MergeInstrumentationAnalysisTransform
Transforming jetifier-core-1.0.0-beta10.jar (com.android.tools.build.jetifier:jetifier-core:1.0.0-beta10) with InstrumentationAnalysisTransform
Transforming jetifier-core-1.0.0-beta10.jar (com.android.tools.build.jetifier:jetifier-core:1.0.0-beta10) with MergeInstrumentationAnalysisTransform
Transforming jetifier-processor-1.0.0-beta10.jar (com.android.tools.build.jetifier:jetifier-processor:1.0.0-beta10) with ExternalDependencyInstrumentingArtifactTransform
Transforming kotlin-reflect-2.0.20.jar (org.jetbrains.kotlin:kotlin-reflect:2.0.20) with InstrumentationAnalysisTransform
Transforming kotlin-reflect-2.0.20.jar (org.jetbrains.kotlin:kotlin-reflect:2.0.20) with MergeInstrumentationAnalysisTransform
Transforming kotlin-stdlib-jdk7-2.1.0.jar (org.jetbrains.kotlin:kotlin-stdlib-jdk7:2.1.0) with InstrumentationAnalysisTransform
Transforming kotlin-stdlib-jdk7-2.1.0.jar (org.jetbrains.kotlin:kotlin-stdlib-jdk7:2.1.0) with MergeInstrumentationAnalysisTransform
Transforming jetifier-core-1.0.0-beta10.jar (com.android.tools.build.jetifier:jetifier-core:1.0.0-beta10) with ExternalDependencyInstrumentingArtifactTransform
Transforming kotlin-stdlib-2.0.20.jar (org.jetbrains.kotlin:kotlin-stdlib:2.0.20) with InstrumentationAnalysisTransform
Transforming kotlin-reflect-2.0.20.jar (org.jetbrains.kotlin:kotlin-reflect:2.0.20) with ExternalDependencyInstrumentingArtifactTransform
Transforming kotlin-stdlib-2.0.20.jar (org.jetbrains.kotlin:kotlin-stdlib:2.0.20) with MergeInstrumentationAnalysisTransform
Transforming kotlin-stdlib-jdk7-2.1.0.jar (org.jetbrains.kotlin:kotlin-stdlib-jdk7:2.1.0) with ExternalDependencyInstrumentingArtifactTransform
Transforming annotations-13.0.jar (org.jetbrains:annotations:13.0) with InstrumentationAnalysisTransform
Transforming annotations-13.0.jar (org.jetbrains:annotations:13.0) with MergeInstrumentationAnalysisTransform
Transforming kotlin-gradle-plugin-model-2.2.20.jar (org.jetbrains.kotlin:kotlin-gradle-plugin-model:2.2.20) with InstrumentationAnalysisTransform
Transforming kotlin-stdlib-2.0.20.jar (org.jetbrains.kotlin:kotlin-stdlib:2.0.20) with ExternalDependencyInstrumentingArtifactTransform
Transforming kotlin-gradle-plugin-model-2.2.20.jar (org.jetbrains.kotlin:kotlin-gradle-plugin-model:2.2.20) with MergeInstrumentationAnalysisTransform
Transforming fus-statistics-gradle-plugin-2.2.20-gradle811.jar (org.jetbrains.kotlin:fus-statistics-gradle-plugin:2.2.20) with InstrumentationAnalysisTransform
Transforming annotations-13.0.jar (org.jetbrains:annotations:13.0) with ExternalDependencyInstrumentingArtifactTransform
Transforming fus-statistics-gradle-plugin-2.2.20-gradle811.jar (org.jetbrains.kotlin:fus-statistics-gradle-plugin:2.2.20) with MergeInstrumentationAnalysisTransform
Transforming kotlin-gradle-plugin-model-2.2.20.jar (org.jetbrains.kotlin:kotlin-gradle-plugin-model:2.2.20) with ExternalDependencyInstrumentingArtifactTransform
Transforming kotlin-gradle-plugin-api-2.2.20.jar (org.jetbrains.kotlin:kotlin-gradle-plugin-api:2.2.20) with InstrumentationAnalysisTransform
Transforming kotlin-gradle-plugin-api-2.2.20.jar (org.jetbrains.kotlin:kotlin-gradle-plugin-api:2.2.20) with MergeInstrumentationAnalysisTransform
Transforming kotlin-gradle-plugin-api-2.2.20-gradle811.jar (org.jetbrains.kotlin:kotlin-gradle-plugin-api:2.2.20) with InstrumentationAnalysisTransform
Transforming fus-statistics-gradle-plugin-2.2.20-gradle811.jar (org.jetbrains.kotlin:fus-statistics-gradle-plugin:2.2.20) with ExternalDependencyInstrumentingArtifactTransform
Transforming kotlin-gradle-plugin-api-2.2.20-gradle811.jar (org.jetbrains.kotlin:kotlin-gradle-plugin-api:2.2.20) with MergeInstrumentationAnalysisTransform
Transforming kotlin-gradle-plugin-api-2.2.20.jar (org.jetbrains.kotlin:kotlin-gradle-plugin-api:2.2.20) with ExternalDependencyInstrumentingArtifactTransform
Transforming kotlin-gradle-plugin-2.2.20-gradle811.jar (org.jetbrains.kotlin:kotlin-gradle-plugin:2.2.20) with InstrumentationAnalysisTransform
Transforming kotlin-gradle-plugin-api-2.2.20-gradle811.jar (org.jetbrains.kotlin:kotlin-gradle-plugin-api:2.2.20) with ExternalDependencyInstrumentingArtifactTransform
Transforming kotlin-gradle-plugin-2.2.20-gradle811.jar (org.jetbrains.kotlin:kotlin-gradle-plugin:2.2.20) with MergeInstrumentationAnalysisTransform
Transforming ktlint-gradle-12.1.1.jar (org.jlleitschuh.gradle:ktlint-gradle:12.1.1) with InstrumentationAnalysisTransform
Transforming ktlint-gradle-12.1.1.jar (org.jlleitschuh.gradle:ktlint-gradle:12.1.1) with MergeInstrumentationAnalysisTransform
Transforming kotlin-gradle-plugin-idea-proto-2.2.20.jar (org.jetbrains.kotlin:kotlin-gradle-plugin-idea-proto:2.2.20) with InstrumentationAnalysisTransform
Transforming kotlin-gradle-plugin-2.2.20-gradle811.jar (org.jetbrains.kotlin:kotlin-gradle-plugin:2.2.20) with ExternalDependencyInstrumentingArtifactTransform
Transforming kotlin-gradle-plugin-idea-proto-2.2.20.jar (org.jetbrains.kotlin:kotlin-gradle-plugin-idea-proto:2.2.20) with MergeInstrumentationAnalysisTransform
Transforming kotlin-gradle-plugin-idea-2.2.20.jar (org.jetbrains.kotlin:kotlin-gradle-plugin-idea:2.2.20) with InstrumentationAnalysisTransform
Transforming ktlint-gradle-12.1.1.jar (org.jlleitschuh.gradle:ktlint-gradle:12.1.1) with ExternalDependencyInstrumentingArtifactTransform
Transforming kotlin-gradle-plugin-idea-2.2.20.jar (org.jetbrains.kotlin:kotlin-gradle-plugin-idea:2.2.20) with MergeInstrumentationAnalysisTransform
Transforming kotlin-klib-commonizer-api-2.2.20.jar (org.jetbrains.kotlin:kotlin-klib-commonizer-api:2.2.20) with InstrumentationAnalysisTransform
Transforming kotlin-klib-commonizer-api-2.2.20.jar (org.jetbrains.kotlin:kotlin-klib-commonizer-api:2.2.20) with MergeInstrumentationAnalysisTransform
Transforming kotlin-gradle-plugin-idea-proto-2.2.20.jar (org.jetbrains.kotlin:kotlin-gradle-plugin-idea-proto:2.2.20) with ExternalDependencyInstrumentingArtifactTransform
Transforming kotlin-build-statistics-2.2.20.jar (org.jetbrains.kotlin:kotlin-build-statistics:2.2.20) with InstrumentationAnalysisTransform
Transforming kotlin-gradle-plugin-idea-2.2.20.jar (org.jetbrains.kotlin:kotlin-gradle-plugin-idea:2.2.20) with ExternalDependencyInstrumentingArtifactTransform
Transforming kotlin-build-statistics-2.2.20.jar (org.jetbrains.kotlin:kotlin-build-statistics:2.2.20) with MergeInstrumentationAnalysisTransform
Transforming kotlin-util-klib-metadata-2.2.20.jar (org.jetbrains.kotlin:kotlin-util-klib-metadata:2.2.20) with InstrumentationAnalysisTransform
Transforming kotlin-klib-commonizer-api-2.2.20.jar (org.jetbrains.kotlin:kotlin-klib-commonizer-api:2.2.20) with ExternalDependencyInstrumentingArtifactTransform
Transforming kotlin-util-klib-metadata-2.2.20.jar (org.jetbrains.kotlin:kotlin-util-klib-metadata:2.2.20) with MergeInstrumentationAnalysisTransform
Transforming kotlin-build-statistics-2.2.20.jar (org.jetbrains.kotlin:kotlin-build-statistics:2.2.20) with ExternalDependencyInstrumentingArtifactTransform
Transforming abi-tools-api-2.2.20.jar (org.jetbrains.kotlin:abi-tools-api:2.2.20) with InstrumentationAnalysisTransform
Transforming abi-tools-api-2.2.20.jar (org.jetbrains.kotlin:abi-tools-api:2.2.20) with MergeInstrumentationAnalysisTransform
Transforming kotlin-util-klib-metadata-2.2.20.jar (org.jetbrains.kotlin:kotlin-util-klib-metadata:2.2.20) with ExternalDependencyInstrumentingArtifactTransform
Transforming kotlin-compiler-runner-2.2.20.jar (org.jetbrains.kotlin:kotlin-compiler-runner:2.2.20) with InstrumentationAnalysisTransform
Transforming kotlin-compiler-runner-2.2.20.jar (org.jetbrains.kotlin:kotlin-compiler-runner:2.2.20) with MergeInstrumentationAnalysisTransform
Transforming dnsjava-2.1.9.jar (dnsjava:dnsjava:2.1.9) with InstrumentationAnalysisTransform
Transforming abi-tools-api-2.2.20.jar (org.jetbrains.kotlin:abi-tools-api:2.2.20) with ExternalDependencyInstrumentingArtifactTransform
Transforming dnsjava-2.1.9.jar (dnsjava:dnsjava:2.1.9) with MergeInstrumentationAnalysisTransform
Transforming kotlin-gradle-plugin-annotations-2.2.20.jar (org.jetbrains.kotlin:kotlin-gradle-plugin-annotations:2.2.20) with InstrumentationAnalysisTransform
Transforming kotlin-compiler-runner-2.2.20.jar (org.jetbrains.kotlin:kotlin-compiler-runner:2.2.20) with ExternalDependencyInstrumentingArtifactTransform
Transforming dnsjava-2.1.9.jar (dnsjava:dnsjava:2.1.9) with ExternalDependencyInstrumentingArtifactTransform
Transforming kotlin-gradle-plugin-annotations-2.2.20.jar (org.jetbrains.kotlin:kotlin-gradle-plugin-annotations:2.2.20) with MergeInstrumentationAnalysisTransform
Transforming kotlin-native-utils-2.2.20.jar (org.jetbrains.kotlin:kotlin-native-utils:2.2.20) with InstrumentationAnalysisTransform
Transforming kotlin-native-utils-2.2.20.jar (org.jetbrains.kotlin:kotlin-native-utils:2.2.20) with MergeInstrumentationAnalysisTransform
Transforming kotlin-tooling-core-2.2.20.jar (org.jetbrains.kotlin:kotlin-tooling-core:2.2.20) with InstrumentationAnalysisTransform
Transforming kotlin-gradle-plugin-annotations-2.2.20.jar (org.jetbrains.kotlin:kotlin-gradle-plugin-annotations:2.2.20) with ExternalDependencyInstrumentingArtifactTransform
Transforming kotlin-tooling-core-2.2.20.jar (org.jetbrains.kotlin:kotlin-tooling-core:2.2.20) with MergeInstrumentationAnalysisTransform
Transforming kotlin-native-utils-2.2.20.jar (org.jetbrains.kotlin:kotlin-native-utils:2.2.20) with ExternalDependencyInstrumentingArtifactTransform
Transforming kotlin-build-tools-api-2.2.20.jar (org.jetbrains.kotlin:kotlin-build-tools-api:2.2.20) with InstrumentationAnalysisTransform
Transforming kotlin-build-tools-api-2.2.20.jar (org.jetbrains.kotlin:kotlin-build-tools-api:2.2.20) with MergeInstrumentationAnalysisTransform
Transforming android-test-plugin-result-listener-gradle-proto-31.10.1.jar (com.android.tools.utp:android-test-plugin-result-listener-gradle-proto:31.10.1) with InstrumentationAnalysisTransform
Transforming kotlin-tooling-core-2.2.20.jar (org.jetbrains.kotlin:kotlin-tooling-core:2.2.20) with ExternalDependencyInstrumentingArtifactTransform
Transforming kotlin-build-tools-api-2.2.20.jar (org.jetbrains.kotlin:kotlin-build-tools-api:2.2.20) with ExternalDependencyInstrumentingArtifactTransform
Transforming android-test-plugin-result-listener-gradle-proto-31.10.1.jar (com.android.tools.utp:android-test-plugin-result-listener-gradle-proto:31.10.1) with MergeInstrumentationAnalysisTransform
Transforming bundletool-1.18.0.jar (com.android.tools.build:bundletool:1.18.0) with InstrumentationAnalysisTransform
Transforming android-test-plugin-result-listener-gradle-proto-31.10.1.jar (com.android.tools.utp:android-test-plugin-result-listener-gradle-proto:31.10.1) with ExternalDependencyInstrumentingArtifactTransform
Transforming bundletool-1.18.0.jar (com.android.tools.build:bundletool:1.18.0) with MergeInstrumentationAnalysisTransform
Transforming protobuf-java-util-3.25.5.jar (com.google.protobuf:protobuf-java-util:3.25.5) with InstrumentationAnalysisTransform
Transforming bundletool-1.18.0.jar (com.android.tools.build:bundletool:1.18.0) with ExternalDependencyInstrumentingArtifactTransform
Transforming protobuf-java-util-3.25.5.jar (com.google.protobuf:protobuf-java-util:3.25.5) with MergeInstrumentationAnalysisTransform
Transforming grpc-netty-1.69.1.jar (io.grpc:grpc-netty:1.69.1) with InstrumentationAnalysisTransform
Transforming grpc-netty-1.69.1.jar (io.grpc:grpc-netty:1.69.1) with MergeInstrumentationAnalysisTransform
Transforming grpc-inprocess-1.69.1.jar (io.grpc:grpc-inprocess:1.69.1) with InstrumentationAnalysisTransform
Transforming protobuf-java-util-3.25.5.jar (com.google.protobuf:protobuf-java-util:3.25.5) with ExternalDependencyInstrumentingArtifactTransform
Transforming grpc-inprocess-1.69.1.jar (io.grpc:grpc-inprocess:1.69.1) with MergeInstrumentationAnalysisTransform
Transforming grpc-netty-1.69.1.jar (io.grpc:grpc-netty:1.69.1) with ExternalDependencyInstrumentingArtifactTransform
Transforming grpc-util-1.69.1.jar (io.grpc:grpc-util:1.69.1) with InstrumentationAnalysisTransform
Transforming grpc-util-1.69.1.jar (io.grpc:grpc-util:1.69.1) with MergeInstrumentationAnalysisTransform
Transforming grpc-core-1.69.1.jar (io.grpc:grpc-core:1.69.1) with InstrumentationAnalysisTransform
Transforming grpc-inprocess-1.69.1.jar (io.grpc:grpc-inprocess:1.69.1) with ExternalDependencyInstrumentingArtifactTransform
Transforming grpc-core-1.69.1.jar (io.grpc:grpc-core:1.69.1) with MergeInstrumentationAnalysisTransform
Transforming tink-1.7.0.jar (com.google.crypto.tink:tink:1.7.0) with InstrumentationAnalysisTransform
Transforming tink-1.7.0.jar (com.google.crypto.tink:tink:1.7.0) with MergeInstrumentationAnalysisTransform
Transforming grpc-util-1.69.1.jar (io.grpc:grpc-util:1.69.1) with ExternalDependencyInstrumentingArtifactTransform
Transforming gson-2.11.0.jar (com.google.code.gson:gson:2.11.0) with InstrumentationAnalysisTransform
Transforming gson-2.11.0.jar (com.google.code.gson:gson:2.11.0) with MergeInstrumentationAnalysisTransform
Transforming grpc-core-1.69.1.jar (io.grpc:grpc-core:1.69.1) with ExternalDependencyInstrumentingArtifactTransform
Transforming kotlin-util-klib-2.2.20.jar (org.jetbrains.kotlin:kotlin-util-klib:2.2.20) with InstrumentationAnalysisTransform
Transforming kotlin-util-klib-2.2.20.jar (org.jetbrains.kotlin:kotlin-util-klib:2.2.20) with MergeInstrumentationAnalysisTransform
Transforming kotlin-util-io-2.2.20.jar (org.jetbrains.kotlin:kotlin-util-io:2.2.20) with InstrumentationAnalysisTransform
Transforming tink-1.7.0.jar (com.google.crypto.tink:tink:1.7.0) with ExternalDependencyInstrumentingArtifactTransform
Transforming kotlin-util-io-2.2.20.jar (org.jetbrains.kotlin:kotlin-util-io:2.2.20) with MergeInstrumentationAnalysisTransform
Transforming gson-2.11.0.jar (com.google.code.gson:gson:2.11.0) with ExternalDependencyInstrumentingArtifactTransform
Transforming kotlin-daemon-client-2.2.20.jar (org.jetbrains.kotlin:kotlin-daemon-client:2.2.20) with InstrumentationAnalysisTransform
Transforming kotlin-daemon-client-2.2.20.jar (org.jetbrains.kotlin:kotlin-daemon-client:2.2.20) with MergeInstrumentationAnalysisTransform
Transforming kotlinx-coroutines-core-jvm-1.8.0.jar (org.jetbrains.kotlinx:kotlinx-coroutines-core-jvm:1.8.0) with InstrumentationAnalysisTransform
Transforming kotlinx-coroutines-core-jvm-1.8.0.jar (org.jetbrains.kotlinx:kotlinx-coroutines-core-jvm:1.8.0) with MergeInstrumentationAnalysisTransform
Transforming kotlin-util-klib-2.2.20.jar (org.jetbrains.kotlin:kotlin-util-klib:2.2.20) with ExternalDependencyInstrumentingArtifactTransform
Transforming kotlin-daemon-client-2.2.20.jar (org.jetbrains.kotlin:kotlin-daemon-client:2.2.20) with ExternalDependencyInstrumentingArtifactTransform
Transforming aapt2-proto-8.10.1-12782657.jar (com.android.tools.build:aapt2-proto:8.10.1-12782657) with InstrumentationAnalysisTransform
Transforming kotlin-util-io-2.2.20.jar (org.jetbrains.kotlin:kotlin-util-io:2.2.20) with ExternalDependencyInstrumentingArtifactTransform
Transforming aapt2-proto-8.10.1-12782657.jar (com.android.tools.build:aapt2-proto:8.10.1-12782657) with MergeInstrumentationAnalysisTransform
Transforming crash-31.10.1.jar (com.android.tools.analytics-library:crash:31.10.1) with InstrumentationAnalysisTransform
Transforming crash-31.10.1.jar (com.android.tools.analytics-library:crash:31.10.1) with MergeInstrumentationAnalysisTransform
Transforming lint-typedef-remover-31.10.1.jar (com.android.tools.lint:lint-typedef-remover:31.10.1) with InstrumentationAnalysisTransform
Transforming kotlinx-coroutines-core-jvm-1.8.0.jar (org.jetbrains.kotlinx:kotlinx-coroutines-core-jvm:1.8.0) with ExternalDependencyInstrumentingArtifactTransform
Transforming lint-typedef-remover-31.10.1.jar (com.android.tools.lint:lint-typedef-remover:31.10.1) with MergeInstrumentationAnalysisTransform
Transforming databinding-common-8.10.1.jar (androidx.databinding:databinding-common:8.10.1) with InstrumentationAnalysisTransform
Transforming databinding-common-8.10.1.jar (androidx.databinding:databinding-common:8.10.1) with MergeInstrumentationAnalysisTransform
Transforming baseLibrary-8.10.1.jar (com.android.databinding:baseLibrary:8.10.1) with InstrumentationAnalysisTransform
Transforming aapt2-proto-8.10.1-12782657.jar (com.android.tools.build:aapt2-proto:8.10.1-12782657) with ExternalDependencyInstrumentingArtifactTransform
Transforming baseLibrary-8.10.1.jar (com.android.databinding:baseLibrary:8.10.1) with MergeInstrumentationAnalysisTransform
Transforming crash-31.10.1.jar (com.android.tools.analytics-library:crash:31.10.1) with ExternalDependencyInstrumentingArtifactTransform
Transforming databinding-common-8.10.1.jar (androidx.databinding:databinding-common:8.10.1) with ExternalDependencyInstrumentingArtifactTransform
Transforming lint-typedef-remover-31.10.1.jar (com.android.tools.lint:lint-typedef-remover:31.10.1) with ExternalDependencyInstrumentingArtifactTransform
Transforming android-device-provider-ddmlib-proto-31.10.1.jar (com.android.tools.utp:android-device-provider-ddmlib-proto:31.10.1) with InstrumentationAnalysisTransform
Transforming baseLibrary-8.10.1.jar (com.android.databinding:baseLibrary:8.10.1) with ExternalDependencyInstrumentingArtifactTransform
Transforming android-device-provider-ddmlib-proto-31.10.1.jar (com.android.tools.utp:android-device-provider-ddmlib-proto:31.10.1) with MergeInstrumentationAnalysisTransform
Transforming android-device-provider-gradle-proto-31.10.1.jar (com.android.tools.utp:android-device-provider-gradle-proto:31.10.1) with InstrumentationAnalysisTransform
Transforming android-device-provider-gradle-proto-31.10.1.jar (com.android.tools.utp:android-device-provider-gradle-proto:31.10.1) with MergeInstrumentationAnalysisTransform
Transforming android-device-provider-profile-proto-31.10.1.jar (com.android.tools.utp:android-device-provider-profile-proto:31.10.1) with InstrumentationAnalysisTransform
Transforming android-device-provider-profile-proto-31.10.1.jar (com.android.tools.utp:android-device-provider-profile-proto:31.10.1) with MergeInstrumentationAnalysisTransform
Transforming android-device-provider-ddmlib-proto-31.10.1.jar (com.android.tools.utp:android-device-provider-ddmlib-proto:31.10.1) with ExternalDependencyInstrumentingArtifactTransform
Transforming android-test-plugin-host-additional-test-output-proto-31.10.1.jar (com.android.tools.utp:android-test-plugin-host-additional-test-output-proto:31.10.1) with InstrumentationAnalysisTransform
Transforming android-test-plugin-host-additional-test-output-proto-31.10.1.jar (com.android.tools.utp:android-test-plugin-host-additional-test-output-proto:31.10.1) with MergeInstrumentationAnalysisTransform
Transforming android-test-plugin-host-coverage-proto-31.10.1.jar (com.android.tools.utp:android-test-plugin-host-coverage-proto:31.10.1) with InstrumentationAnalysisTransform
Transforming android-device-provider-gradle-proto-31.10.1.jar (com.android.tools.utp:android-device-provider-gradle-proto:31.10.1) with ExternalDependencyInstrumentingArtifactTransform
Transforming android-device-provider-profile-proto-31.10.1.jar (com.android.tools.utp:android-device-provider-profile-proto:31.10.1) with ExternalDependencyInstrumentingArtifactTransform
Transforming android-test-plugin-host-coverage-proto-31.10.1.jar (com.android.tools.utp:android-test-plugin-host-coverage-proto:31.10.1) with MergeInstrumentationAnalysisTransform
Transforming android-test-plugin-host-additional-test-output-proto-31.10.1.jar (com.android.tools.utp:android-test-plugin-host-additional-test-output-proto:31.10.1) with ExternalDependencyInstrumentingArtifactTransform
Transforming android-test-plugin-host-logcat-proto-31.10.1.jar (com.android.tools.utp:android-test-plugin-host-logcat-proto:31.10.1) with InstrumentationAnalysisTransform
Transforming android-test-plugin-host-logcat-proto-31.10.1.jar (com.android.tools.utp:android-test-plugin-host-logcat-proto:31.10.1) with MergeInstrumentationAnalysisTransform
Transforming android-test-plugin-host-apk-installer-proto-31.10.1.jar (com.android.tools.utp:android-test-plugin-host-apk-installer-proto:31.10.1) with InstrumentationAnalysisTransform
Transforming android-test-plugin-host-apk-installer-proto-31.10.1.jar (com.android.tools.utp:android-test-plugin-host-apk-installer-proto:31.10.1) with MergeInstrumentationAnalysisTransform
Transforming transform-api-2.0.0-deprecated-use-gradle-api.jar (com.android.tools.build:transform-api:2.0.0-deprecated-use-gradle-api) with InstrumentationAnalysisTransform
Transforming transform-api-2.0.0-deprecated-use-gradle-api.jar (com.android.tools.build:transform-api:2.0.0-deprecated-use-gradle-api) with MergeInstrumentationAnalysisTransform
Transforming android-test-plugin-host-coverage-proto-31.10.1.jar (com.android.tools.utp:android-test-plugin-host-coverage-proto:31.10.1) with ExternalDependencyInstrumentingArtifactTransform
Transforming httpmime-4.5.6.jar (org.apache.httpcomponents:httpmime:4.5.6) with InstrumentationAnalysisTransform
Transforming android-test-plugin-host-logcat-proto-31.10.1.jar (com.android.tools.utp:android-test-plugin-host-logcat-proto:31.10.1) with ExternalDependencyInstrumentingArtifactTransform
Transforming android-test-plugin-host-apk-installer-proto-31.10.1.jar (com.android.tools.utp:android-test-plugin-host-apk-installer-proto:31.10.1) with ExternalDependencyInstrumentingArtifactTransform
Transforming httpmime-4.5.6.jar (org.apache.httpcomponents:httpmime:4.5.6) with MergeInstrumentationAnalysisTransform
Transforming transform-api-2.0.0-deprecated-use-gradle-api.jar (com.android.tools.build:transform-api:2.0.0-deprecated-use-gradle-api) with ExternalDependencyInstrumentingArtifactTransform
Transforming commons-io-2.16.1.jar (commons-io:commons-io:2.16.1) with InstrumentationAnalysisTransform
Transforming commons-io-2.16.1.jar (commons-io:commons-io:2.16.1) with MergeInstrumentationAnalysisTransform
Transforming asm-commons-9.7.1.jar (org.ow2.asm:asm-commons:9.7.1) with InstrumentationAnalysisTransform
Transforming httpmime-4.5.6.jar (org.apache.httpcomponents:httpmime:4.5.6) with ExternalDependencyInstrumentingArtifactTransform
Transforming asm-commons-9.7.1.jar (org.ow2.asm:asm-commons:9.7.1) with MergeInstrumentationAnalysisTransform
Transforming asm-util-9.7.1.jar (org.ow2.asm:asm-util:9.7.1) with InstrumentationAnalysisTransform
Transforming asm-util-9.7.1.jar (org.ow2.asm:asm-util:9.7.1) with MergeInstrumentationAnalysisTransform
Transforming asm-analysis-9.7.1.jar (org.ow2.asm:asm-analysis:9.7.1) with InstrumentationAnalysisTransform
Transforming commons-io-2.16.1.jar (commons-io:commons-io:2.16.1) with ExternalDependencyInstrumentingArtifactTransform
Transforming asm-analysis-9.7.1.jar (org.ow2.asm:asm-analysis:9.7.1) with MergeInstrumentationAnalysisTransform
Transforming asm-commons-9.7.1.jar (org.ow2.asm:asm-commons:9.7.1) with ExternalDependencyInstrumentingArtifactTransform
Transforming asm-tree-9.7.1.jar (org.ow2.asm:asm-tree:9.7.1) with InstrumentationAnalysisTransform
Transforming asm-tree-9.7.1.jar (org.ow2.asm:asm-tree:9.7.1) with MergeInstrumentationAnalysisTransform
Transforming asm-9.7.1.jar (org.ow2.asm:asm:9.7.1) with InstrumentationAnalysisTransform
Transforming asm-util-9.7.1.jar (org.ow2.asm:asm-util:9.7.1) with ExternalDependencyInstrumentingArtifactTransform
Transforming asm-9.7.1.jar (org.ow2.asm:asm:9.7.1) with MergeInstrumentationAnalysisTransform
Transforming asm-analysis-9.7.1.jar (org.ow2.asm:asm-analysis:9.7.1) with ExternalDependencyInstrumentingArtifactTransform
Transforming asm-tree-9.7.1.jar (org.ow2.asm:asm-tree:9.7.1) with ExternalDependencyInstrumentingArtifactTransform
Transforming apkzlib-8.10.1.jar (com.android.tools.build:apkzlib:8.10.1) with InstrumentationAnalysisTransform
Transforming apkzlib-8.10.1.jar (com.android.tools.build:apkzlib:8.10.1) with MergeInstrumentationAnalysisTransform
Transforming bcpkix-jdk18on-1.79.jar (org.bouncycastle:bcpkix-jdk18on:1.79) with InstrumentationAnalysisTransform
Transforming bcpkix-jdk18on-1.79.jar (org.bouncycastle:bcpkix-jdk18on:1.79) with MergeInstrumentationAnalysisTransform
Transforming jaxb-runtime-2.3.2.jar (org.glassfish.jaxb:jaxb-runtime:2.3.2) with InstrumentationAnalysisTransform
Transforming asm-9.7.1.jar (org.ow2.asm:asm:9.7.1) with ExternalDependencyInstrumentingArtifactTransform
Transforming jaxb-runtime-2.3.2.jar (org.glassfish.jaxb:jaxb-runtime:2.3.2) with MergeInstrumentationAnalysisTransform
Transforming jopt-simple-4.9.jar (net.sf.jopt-simple:jopt-simple:4.9) with InstrumentationAnalysisTransform
Transforming apkzlib-8.10.1.jar (com.android.tools.build:apkzlib:8.10.1) with ExternalDependencyInstrumentingArtifactTransform
Transforming jopt-simple-4.9.jar (net.sf.jopt-simple:jopt-simple:4.9) with MergeInstrumentationAnalysisTransform
Transforming bcpkix-jdk18on-1.79.jar (org.bouncycastle:bcpkix-jdk18on:1.79) with ExternalDependencyInstrumentingArtifactTransform
Transforming javapoet-1.10.0.jar (com.squareup:javapoet:1.10.0) with InstrumentationAnalysisTransform
Transforming jaxb-runtime-2.3.2.jar (org.glassfish.jaxb:jaxb-runtime:2.3.2) with ExternalDependencyInstrumentingArtifactTransform
Transforming javapoet-1.10.0.jar (com.squareup:javapoet:1.10.0) with MergeInstrumentationAnalysisTransform
Transforming jopt-simple-4.9.jar (net.sf.jopt-simple:jopt-simple:4.9) with ExternalDependencyInstrumentingArtifactTransform
Transforming grpc-protobuf-1.69.1.jar (io.grpc:grpc-protobuf:1.69.1) with InstrumentationAnalysisTransform
Transforming grpc-protobuf-1.69.1.jar (io.grpc:grpc-protobuf:1.69.1) with MergeInstrumentationAnalysisTransform
Transforming core-proto-0.0.9-alpha03.jar (com.google.testing.platform:core-proto:0.0.9-alpha03) with InstrumentationAnalysisTransform
Transforming core-proto-0.0.9-alpha03.jar (com.google.testing.platform:core-proto:0.0.9-alpha03) with MergeInstrumentationAnalysisTransform
Transforming protos-31.10.1.jar (com.android.tools.analytics-library:protos:31.10.1) with InstrumentationAnalysisTransform
Transforming javapoet-1.10.0.jar (com.squareup:javapoet:1.10.0) with ExternalDependencyInstrumentingArtifactTransform
Transforming protos-31.10.1.jar (com.android.tools.analytics-library:protos:31.10.1) with MergeInstrumentationAnalysisTransform
Transforming proto-google-common-protos-2.48.0.jar (com.google.api.grpc:proto-google-common-protos:2.48.0) with InstrumentationAnalysisTransform
Transforming grpc-protobuf-1.69.1.jar (io.grpc:grpc-protobuf:1.69.1) with ExternalDependencyInstrumentingArtifactTransform
Transforming proto-google-common-protos-2.48.0.jar (com.google.api.grpc:proto-google-common-protos:2.48.0) with MergeInstrumentationAnalysisTransform
Transforming protobuf-java-3.25.5.jar (com.google.protobuf:protobuf-java:3.25.5) with InstrumentationAnalysisTransform
Transforming protobuf-java-3.25.5.jar (com.google.protobuf:protobuf-java:3.25.5) with MergeInstrumentationAnalysisTransform
Transforming core-proto-0.0.9-alpha03.jar (com.google.testing.platform:core-proto:0.0.9-alpha03) with ExternalDependencyInstrumentingArtifactTransform
Transforming protos-31.10.1.jar (com.android.tools.analytics-library:protos:31.10.1) with ExternalDependencyInstrumentingArtifactTransform
Transforming grpc-stub-1.69.1.jar (io.grpc:grpc-stub:1.69.1) with InstrumentationAnalysisTransform
Transforming grpc-stub-1.69.1.jar (io.grpc:grpc-stub:1.69.1) with MergeInstrumentationAnalysisTransform
Transforming proto-google-common-protos-2.48.0.jar (com.google.api.grpc:proto-google-common-protos:2.48.0) with ExternalDependencyInstrumentingArtifactTransform
Transforming tensorflow-lite-metadata-0.2.0.jar (org.tensorflow:tensorflow-lite-metadata:0.2.0) with InstrumentationAnalysisTransform
Transforming protobuf-java-3.25.5.jar (com.google.protobuf:protobuf-java:3.25.5) with ExternalDependencyInstrumentingArtifactTransform
Transforming tensorflow-lite-metadata-0.2.0.jar (org.tensorflow:tensorflow-lite-metadata:0.2.0) with MergeInstrumentationAnalysisTransform
Transforming grpc-stub-1.69.1.jar (io.grpc:grpc-stub:1.69.1) with ExternalDependencyInstrumentingArtifactTransform
Transforming flatbuffers-java-1.12.0.jar (com.google.flatbuffers:flatbuffers-java:1.12.0) with InstrumentationAnalysisTransform
Transforming flatbuffers-java-1.12.0.jar (com.google.flatbuffers:flatbuffers-java:1.12.0) with MergeInstrumentationAnalysisTransform
Transforming jimfs-1.1.jar (com.google.jimfs:jimfs:1.1) with InstrumentationAnalysisTransform
Transforming jimfs-1.1.jar (com.google.jimfs:jimfs:1.1) with MergeInstrumentationAnalysisTransform
Transforming tensorflow-lite-metadata-0.2.0.jar (org.tensorflow:tensorflow-lite-metadata:0.2.0) with ExternalDependencyInstrumentingArtifactTransform
Transforming grpc-context-1.69.1.jar (io.grpc:grpc-context:1.69.1) with InstrumentationAnalysisTransform
Transforming flatbuffers-java-1.12.0.jar (com.google.flatbuffers:flatbuffers-java:1.12.0) with ExternalDependencyInstrumentingArtifactTransform
Transforming grpc-context-1.69.1.jar (io.grpc:grpc-context:1.69.1) with MergeInstrumentationAnalysisTransform
Transforming grpc-protobuf-lite-1.69.1.jar (io.grpc:grpc-protobuf-lite:1.69.1) with InstrumentationAnalysisTransform
Transforming grpc-protobuf-lite-1.69.1.jar (io.grpc:grpc-protobuf-lite:1.69.1) with MergeInstrumentationAnalysisTransform
Transforming jimfs-1.1.jar (com.google.jimfs:jimfs:1.1) with ExternalDependencyInstrumentingArtifactTransform
Transforming grpc-api-1.69.1.jar (io.grpc:grpc-api:1.69.1) with InstrumentationAnalysisTransform
Transforming grpc-api-1.69.1.jar (io.grpc:grpc-api:1.69.1) with MergeInstrumentationAnalysisTransform
Transforming guava-33.3.1-jre.jar (com.google.guava:guava:33.3.1-jre) with InstrumentationAnalysisTransform
Transforming grpc-context-1.69.1.jar (io.grpc:grpc-context:1.69.1) with ExternalDependencyInstrumentingArtifactTransform
Transforming grpc-protobuf-lite-1.69.1.jar (io.grpc:grpc-protobuf-lite:1.69.1) with ExternalDependencyInstrumentingArtifactTransform
Transforming guava-33.3.1-jre.jar (com.google.guava:guava:33.3.1-jre) with MergeInstrumentationAnalysisTransform
Transforming error_prone_annotations-2.30.0.jar (com.google.errorprone:error_prone_annotations:2.30.0) with InstrumentationAnalysisTransform
Transforming grpc-api-1.69.1.jar (io.grpc:grpc-api:1.69.1) with ExternalDependencyInstrumentingArtifactTransform
Transforming error_prone_annotations-2.30.0.jar (com.google.errorprone:error_prone_annotations:2.30.0) with MergeInstrumentationAnalysisTransform
Transforming dagger-2.28.3.jar (com.google.dagger:dagger:2.28.3) with InstrumentationAnalysisTransform
Transforming guava-33.3.1-jre.jar (com.google.guava:guava:33.3.1-jre) with ExternalDependencyInstrumentingArtifactTransform
Transforming dagger-2.28.3.jar (com.google.dagger:dagger:2.28.3) with MergeInstrumentationAnalysisTransform
Transforming javax.inject-1.jar (javax.inject:javax.inject:1) with InstrumentationAnalysisTransform
Transforming javax.inject-1.jar (javax.inject:javax.inject:1) with MergeInstrumentationAnalysisTransform
Transforming kxml2-2.3.0.jar (net.sf.kxml:kxml2:2.3.0) with InstrumentationAnalysisTransform
Transforming error_prone_annotations-2.30.0.jar (com.google.errorprone:error_prone_annotations:2.30.0) with ExternalDependencyInstrumentingArtifactTransform
Transforming kxml2-2.3.0.jar (net.sf.kxml:kxml2:2.3.0) with MergeInstrumentationAnalysisTransform
Transforming commons-compress-1.21.jar (org.apache.commons:commons-compress:1.21) with InstrumentationAnalysisTransform
Transforming dagger-2.28.3.jar (com.google.dagger:dagger:2.28.3) with ExternalDependencyInstrumentingArtifactTransform
Transforming javax.inject-1.jar (javax.inject:javax.inject:1) with ExternalDependencyInstrumentingArtifactTransform
Transforming commons-compress-1.21.jar (org.apache.commons:commons-compress:1.21) with MergeInstrumentationAnalysisTransform
Transforming bcutil-jdk18on-1.79.jar (org.bouncycastle:bcutil-jdk18on:1.79) with InstrumentationAnalysisTransform
Transforming kxml2-2.3.0.jar (net.sf.kxml:kxml2:2.3.0) with ExternalDependencyInstrumentingArtifactTransform
Transforming bcutil-jdk18on-1.79.jar (org.bouncycastle:bcutil-jdk18on:1.79) with MergeInstrumentationAnalysisTransform
Transforming commons-compress-1.21.jar (org.apache.commons:commons-compress:1.21) with ExternalDependencyInstrumentingArtifactTransform
Transforming bcutil-jdk18on-1.79.jar (org.bouncycastle:bcutil-jdk18on:1.79) with ExternalDependencyInstrumentingArtifactTransform
Transforming bcprov-jdk18on-1.79.jar (org.bouncycastle:bcprov-jdk18on:1.79) with InstrumentationAnalysisTransform
Transforming bcprov-jdk18on-1.79.jar (org.bouncycastle:bcprov-jdk18on:1.79) with MergeInstrumentationAnalysisTransform
Transforming httpclient-4.5.14.jar (org.apache.httpcomponents:httpclient:4.5.14) with InstrumentationAnalysisTransform
Transforming httpclient-4.5.14.jar (org.apache.httpcomponents:httpclient:4.5.14) with MergeInstrumentationAnalysisTransform
Transforming httpcore-4.4.16.jar (org.apache.httpcomponents:httpcore:4.4.16) with InstrumentationAnalysisTransform
Transforming httpcore-4.4.16.jar (org.apache.httpcomponents:httpcore:4.4.16) with MergeInstrumentationAnalysisTransform
Transforming javax.activation-1.2.0.jar (com.sun.activation:javax.activation:1.2.0) with InstrumentationAnalysisTransform
Transforming javax.activation-1.2.0.jar (com.sun.activation:javax.activation:1.2.0) with MergeInstrumentationAnalysisTransform
Transforming signflinger-8.10.1.jar (com.android:signflinger:8.10.1) with InstrumentationAnalysisTransform
Transforming bcprov-jdk18on-1.79.jar (org.bouncycastle:bcprov-jdk18on:1.79) with ExternalDependencyInstrumentingArtifactTransform
Transforming signflinger-8.10.1.jar (com.android:signflinger:8.10.1) with MergeInstrumentationAnalysisTransform
Transforming httpcore-4.4.16.jar (org.apache.httpcomponents:httpcore:4.4.16) with ExternalDependencyInstrumentingArtifactTransform
Transforming httpclient-4.5.14.jar (org.apache.httpcomponents:httpclient:4.5.14) with ExternalDependencyInstrumentingArtifactTransform
Transforming javax.activation-1.2.0.jar (com.sun.activation:javax.activation:1.2.0) with ExternalDependencyInstrumentingArtifactTransform
Transforming zipflinger-8.10.1.jar (com.android:zipflinger:8.10.1) with InstrumentationAnalysisTransform
Transforming signflinger-8.10.1.jar (com.android:signflinger:8.10.1) with ExternalDependencyInstrumentingArtifactTransform
Transforming zipflinger-8.10.1.jar (com.android:zipflinger:8.10.1) with MergeInstrumentationAnalysisTransform
Transforming annotations-31.10.1.jar (com.android.tools:annotations:31.10.1) with InstrumentationAnalysisTransform
Transforming annotations-31.10.1.jar (com.android.tools:annotations:31.10.1) with MergeInstrumentationAnalysisTransform
Transforming jna-platform-5.6.0.jar (net.java.dev.jna:jna-platform:5.6.0) with InstrumentationAnalysisTransform
Transforming zipflinger-8.10.1.jar (com.android:zipflinger:8.10.1) with ExternalDependencyInstrumentingArtifactTransform
Transforming jna-platform-5.6.0.jar (net.java.dev.jna:jna-platform:5.6.0) with MergeInstrumentationAnalysisTransform
Transforming juniversalchardet-1.0.3.jar (com.googlecode.juniversalchardet:juniversalchardet:1.0.3) with InstrumentationAnalysisTransform
Transforming annotations-31.10.1.jar (com.android.tools:annotations:31.10.1) with ExternalDependencyInstrumentingArtifactTransform
Transforming juniversalchardet-1.0.3.jar (com.googlecode.juniversalchardet:juniversalchardet:1.0.3) with MergeInstrumentationAnalysisTransform
Transforming javax.annotation-api-1.3.2.jar (javax.annotation:javax.annotation-api:1.3.2) with InstrumentationAnalysisTransform
Transforming jna-platform-5.6.0.jar (net.java.dev.jna:jna-platform:5.6.0) with ExternalDependencyInstrumentingArtifactTransform
Transforming javax.annotation-api-1.3.2.jar (javax.annotation:javax.annotation-api:1.3.2) with MergeInstrumentationAnalysisTransform
Transforming stax-ex-1.8.1.jar (org.jvnet.staxex:stax-ex:1.8.1) with InstrumentationAnalysisTransform
Transforming juniversalchardet-1.0.3.jar (com.googlecode.juniversalchardet:juniversalchardet:1.0.3) with ExternalDependencyInstrumentingArtifactTransform
Transforming stax-ex-1.8.1.jar (org.jvnet.staxex:stax-ex:1.8.1) with MergeInstrumentationAnalysisTransform
Transforming javax.annotation-api-1.3.2.jar (javax.annotation:javax.annotation-api:1.3.2) with ExternalDependencyInstrumentingArtifactTransform
Transforming jakarta.xml.bind-api-2.3.2.jar (jakarta.xml.bind:jakarta.xml.bind-api:2.3.2) with InstrumentationAnalysisTransform
Transforming jakarta.xml.bind-api-2.3.2.jar (jakarta.xml.bind:jakarta.xml.bind-api:2.3.2) with MergeInstrumentationAnalysisTransform
Transforming txw2-2.3.2.jar (org.glassfish.jaxb:txw2:2.3.2) with InstrumentationAnalysisTransform
Transforming stax-ex-1.8.1.jar (org.jvnet.staxex:stax-ex:1.8.1) with ExternalDependencyInstrumentingArtifactTransform
Transforming txw2-2.3.2.jar (org.glassfish.jaxb:txw2:2.3.2) with MergeInstrumentationAnalysisTransform
Transforming jakarta.xml.bind-api-2.3.2.jar (jakarta.xml.bind:jakarta.xml.bind-api:2.3.2) with ExternalDependencyInstrumentingArtifactTransform
Transforming istack-commons-runtime-3.0.8.jar (com.sun.istack:istack-commons-runtime:3.0.8) with InstrumentationAnalysisTransform
Transforming istack-commons-runtime-3.0.8.jar (com.sun.istack:istack-commons-runtime:3.0.8) with MergeInstrumentationAnalysisTransform
Transforming txw2-2.3.2.jar (org.glassfish.jaxb:txw2:2.3.2) with ExternalDependencyInstrumentingArtifactTransform
Transforming FastInfoset-1.2.16.jar (com.sun.xml.fastinfoset:FastInfoset:1.2.16) with InstrumentationAnalysisTransform
Transforming FastInfoset-1.2.16.jar (com.sun.xml.fastinfoset:FastInfoset:1.2.16) with MergeInstrumentationAnalysisTransform
Transforming jakarta.activation-api-1.2.1.jar (jakarta.activation:jakarta.activation-api:1.2.1) with InstrumentationAnalysisTransform
Transforming istack-commons-runtime-3.0.8.jar (com.sun.istack:istack-commons-runtime:3.0.8) with ExternalDependencyInstrumentingArtifactTransform
Transforming jakarta.activation-api-1.2.1.jar (jakarta.activation:jakarta.activation-api:1.2.1) with MergeInstrumentationAnalysisTransform
Transforming FastInfoset-1.2.16.jar (com.sun.xml.fastinfoset:FastInfoset:1.2.16) with ExternalDependencyInstrumentingArtifactTransform
Transforming auto-value-annotations-1.6.2.jar (com.google.auto.value:auto-value-annotations:1.6.2) with InstrumentationAnalysisTransform
Transforming auto-value-annotations-1.6.2.jar (com.google.auto.value:auto-value-annotations:1.6.2) with MergeInstrumentationAnalysisTransform
Transforming jakarta.activation-api-1.2.1.jar (jakarta.activation:jakarta.activation-api:1.2.1) with ExternalDependencyInstrumentingArtifactTransform
Transforming jose4j-0.9.5.jar (org.bitbucket.b_c:jose4j:0.9.5) with InstrumentationAnalysisTransform
Transforming jose4j-0.9.5.jar (org.bitbucket.b_c:jose4j:0.9.5) with MergeInstrumentationAnalysisTransform
Transforming auto-value-annotations-1.6.2.jar (com.google.auto.value:auto-value-annotations:1.6.2) with ExternalDependencyInstrumentingArtifactTransform
Transforming slf4j-api-1.7.30.jar (org.slf4j:slf4j-api:1.7.30) with InstrumentationAnalysisTransform
Transforming slf4j-api-1.7.30.jar (org.slf4j:slf4j-api:1.7.30) with MergeInstrumentationAnalysisTransform
Transforming jose4j-0.9.5.jar (org.bitbucket.b_c:jose4j:0.9.5) with ExternalDependencyInstrumentingArtifactTransform
Transforming jdom2-2.0.6.jar (org.jdom:jdom2:2.0.6) with InstrumentationAnalysisTransform
Transforming jdom2-2.0.6.jar (org.jdom:jdom2:2.0.6) with MergeInstrumentationAnalysisTransform
Transforming jsr305-3.0.2.jar (com.google.code.findbugs:jsr305:3.0.2) with InstrumentationAnalysisTransform
Transforming slf4j-api-1.7.30.jar (org.slf4j:slf4j-api:1.7.30) with ExternalDependencyInstrumentingArtifactTransform
Transforming jsr305-3.0.2.jar (com.google.code.findbugs:jsr305:3.0.2) with MergeInstrumentationAnalysisTransform
Transforming jdom2-2.0.6.jar (org.jdom:jdom2:2.0.6) with ExternalDependencyInstrumentingArtifactTransform
Transforming j2objc-annotations-3.0.0.jar (com.google.j2objc:j2objc-annotations:3.0.0) with InstrumentationAnalysisTransform
Transforming j2objc-annotations-3.0.0.jar (com.google.j2objc:j2objc-annotations:3.0.0) with MergeInstrumentationAnalysisTransform
Transforming jsr305-3.0.2.jar (com.google.code.findbugs:jsr305:3.0.2) with ExternalDependencyInstrumentingArtifactTransform
Transforming annotations-4.1.1.4.jar (com.google.android:annotations:4.1.1.4) with InstrumentationAnalysisTransform
Transforming annotations-4.1.1.4.jar (com.google.android:annotations:4.1.1.4) with MergeInstrumentationAnalysisTransform
Transforming animal-sniffer-annotations-1.24.jar (org.codehaus.mojo:animal-sniffer-annotations:1.24) with InstrumentationAnalysisTransform
Transforming animal-sniffer-annotations-1.24.jar (org.codehaus.mojo:animal-sniffer-annotations:1.24) with MergeInstrumentationAnalysisTransform
Transforming annotations-4.1.1.4.jar (com.google.android:annotations:4.1.1.4) with ExternalDependencyInstrumentingArtifactTransform
Transforming perfmark-api-0.27.0.jar (io.perfmark:perfmark-api:0.27.0) with InstrumentationAnalysisTransform
Transforming j2objc-annotations-3.0.0.jar (com.google.j2objc:j2objc-annotations:3.0.0) with ExternalDependencyInstrumentingArtifactTransform
Transforming perfmark-api-0.27.0.jar (io.perfmark:perfmark-api:0.27.0) with MergeInstrumentationAnalysisTransform
Transforming animal-sniffer-annotations-1.24.jar (org.codehaus.mojo:animal-sniffer-annotations:1.24) with ExternalDependencyInstrumentingArtifactTransform
Transforming netty-codec-http2-4.1.110.Final.jar (io.netty:netty-codec-http2:4.1.110.Final) with InstrumentationAnalysisTransform
Transforming netty-codec-http2-4.1.110.Final.jar (io.netty:netty-codec-http2:4.1.110.Final) with MergeInstrumentationAnalysisTransform
Transforming netty-handler-proxy-4.1.110.Final.jar (io.netty:netty-handler-proxy:4.1.110.Final) with InstrumentationAnalysisTransform
Transforming perfmark-api-0.27.0.jar (io.perfmark:perfmark-api:0.27.0) with ExternalDependencyInstrumentingArtifactTransform
Transforming netty-handler-proxy-4.1.110.Final.jar (io.netty:netty-handler-proxy:4.1.110.Final) with MergeInstrumentationAnalysisTransform
Transforming netty-codec-http-4.1.110.Final.jar (io.netty:netty-codec-http:4.1.110.Final) with InstrumentationAnalysisTransform
Transforming netty-codec-http2-4.1.110.Final.jar (io.netty:netty-codec-http2:4.1.110.Final) with ExternalDependencyInstrumentingArtifactTransform
Transforming netty-codec-http-4.1.110.Final.jar (io.netty:netty-codec-http:4.1.110.Final) with MergeInstrumentationAnalysisTransform
Transforming netty-handler-4.1.110.Final.jar (io.netty:netty-handler:4.1.110.Final) with InstrumentationAnalysisTransform
Transforming netty-handler-proxy-4.1.110.Final.jar (io.netty:netty-handler-proxy:4.1.110.Final) with ExternalDependencyInstrumentingArtifactTransform
Transforming netty-handler-4.1.110.Final.jar (io.netty:netty-handler:4.1.110.Final) with MergeInstrumentationAnalysisTransform
Transforming netty-codec-http-4.1.110.Final.jar (io.netty:netty-codec-http:4.1.110.Final) with ExternalDependencyInstrumentingArtifactTransform
Transforming netty-transport-native-unix-common-4.1.110.Final.jar (io.netty:netty-transport-native-unix-common:4.1.110.Final) with InstrumentationAnalysisTransform
Transforming netty-transport-native-unix-common-4.1.110.Final.jar (io.netty:netty-transport-native-unix-common:4.1.110.Final) with MergeInstrumentationAnalysisTransform
Transforming checker-qual-3.43.0.jar (org.checkerframework:checker-qual:3.43.0) with InstrumentationAnalysisTransform
Transforming netty-handler-4.1.110.Final.jar (io.netty:netty-handler:4.1.110.Final) with ExternalDependencyInstrumentingArtifactTransform
Transforming checker-qual-3.43.0.jar (org.checkerframework:checker-qual:3.43.0) with MergeInstrumentationAnalysisTransform
Transforming apksig-8.10.1.jar (com.android.tools.build:apksig:8.10.1) with InstrumentationAnalysisTransform
Transforming netty-transport-native-unix-common-4.1.110.Final.jar (io.netty:netty-transport-native-unix-common:4.1.110.Final) with ExternalDependencyInstrumentingArtifactTransform
Transforming apksig-8.10.1.jar (com.android.tools.build:apksig:8.10.1) with MergeInstrumentationAnalysisTransform
Transforming javawriter-2.5.0.jar (com.squareup:javawriter:2.5.0) with InstrumentationAnalysisTransform
Transforming checker-qual-3.43.0.jar (org.checkerframework:checker-qual:3.43.0) with ExternalDependencyInstrumentingArtifactTransform
Transforming javawriter-2.5.0.jar (com.squareup:javawriter:2.5.0) with MergeInstrumentationAnalysisTransform
Transforming apksig-8.10.1.jar (com.android.tools.build:apksig:8.10.1) with ExternalDependencyInstrumentingArtifactTransform
Transforming failureaccess-1.0.2.jar (com.google.guava:failureaccess:1.0.2) with InstrumentationAnalysisTransform
Transforming failureaccess-1.0.2.jar (com.google.guava:failureaccess:1.0.2) with MergeInstrumentationAnalysisTransform
Transforming listenablefuture-9999.0-empty-to-avoid-conflict-with-guava.jar (com.google.guava:listenablefuture:9999.0-empty-to-avoid-conflict-with-guava) with InstrumentationAnalysisTransform
Transforming javawriter-2.5.0.jar (com.squareup:javawriter:2.5.0) with ExternalDependencyInstrumentingArtifactTransform
Transforming listenablefuture-9999.0-empty-to-avoid-conflict-with-guava.jar (com.google.guava:listenablefuture:9999.0-empty-to-avoid-conflict-with-guava) with MergeInstrumentationAnalysisTransform
Transforming failureaccess-1.0.2.jar (com.google.guava:failureaccess:1.0.2) with ExternalDependencyInstrumentingArtifactTransform
Transforming commons-logging-1.2.jar (commons-logging:commons-logging:1.2) with InstrumentationAnalysisTransform
Transforming commons-logging-1.2.jar (commons-logging:commons-logging:1.2) with MergeInstrumentationAnalysisTransform
Transforming listenablefuture-9999.0-empty-to-avoid-conflict-with-guava.jar (com.google.guava:listenablefuture:9999.0-empty-to-avoid-conflict-with-guava) with ExternalDependencyInstrumentingArtifactTransform
Transforming commons-codec-1.11.jar (commons-codec:commons-codec:1.11) with InstrumentationAnalysisTransform
Transforming commons-codec-1.11.jar (commons-codec:commons-codec:1.11) with MergeInstrumentationAnalysisTransform
Transforming commons-logging-1.2.jar (commons-logging:commons-logging:1.2) with ExternalDependencyInstrumentingArtifactTransform
Transforming jna-5.6.0.jar (net.java.dev.jna:jna:5.6.0) with InstrumentationAnalysisTransform
Transforming commons-codec-1.11.jar (commons-codec:commons-codec:1.11) with ExternalDependencyInstrumentingArtifactTransform
Transforming jna-5.6.0.jar (net.java.dev.jna:jna:5.6.0) with MergeInstrumentationAnalysisTransform
Transforming netty-codec-socks-4.1.110.Final.jar (io.netty:netty-codec-socks:4.1.110.Final) with InstrumentationAnalysisTransform
Transforming netty-codec-socks-4.1.110.Final.jar (io.netty:netty-codec-socks:4.1.110.Final) with MergeInstrumentationAnalysisTransform
Transforming netty-codec-4.1.110.Final.jar (io.netty:netty-codec:4.1.110.Final) with InstrumentationAnalysisTransform
Transforming jna-5.6.0.jar (net.java.dev.jna:jna:5.6.0) with ExternalDependencyInstrumentingArtifactTransform
Transforming netty-codec-4.1.110.Final.jar (io.netty:netty-codec:4.1.110.Final) with MergeInstrumentationAnalysisTransform
Transforming netty-codec-socks-4.1.110.Final.jar (io.netty:netty-codec-socks:4.1.110.Final) with ExternalDependencyInstrumentingArtifactTransform
Transforming netty-transport-4.1.110.Final.jar (io.netty:netty-transport:4.1.110.Final) with InstrumentationAnalysisTransform
Transforming netty-transport-4.1.110.Final.jar (io.netty:netty-transport:4.1.110.Final) with MergeInstrumentationAnalysisTransform
Transforming netty-buffer-4.1.110.Final.jar (io.netty:netty-buffer:4.1.110.Final) with InstrumentationAnalysisTransform
Transforming netty-codec-4.1.110.Final.jar (io.netty:netty-codec:4.1.110.Final) with ExternalDependencyInstrumentingArtifactTransform
Transforming netty-buffer-4.1.110.Final.jar (io.netty:netty-buffer:4.1.110.Final) with MergeInstrumentationAnalysisTransform
Transforming netty-transport-4.1.110.Final.jar (io.netty:netty-transport:4.1.110.Final) with ExternalDependencyInstrumentingArtifactTransform
Transforming netty-resolver-4.1.110.Final.jar (io.netty:netty-resolver:4.1.110.Final) with InstrumentationAnalysisTransform
Transforming netty-buffer-4.1.110.Final.jar (io.netty:netty-buffer:4.1.110.Final) with ExternalDependencyInstrumentingArtifactTransform
Transforming netty-resolver-4.1.110.Final.jar (io.netty:netty-resolver:4.1.110.Final) with MergeInstrumentationAnalysisTransform
Transforming netty-common-4.1.110.Final.jar (io.netty:netty-common:4.1.110.Final) with InstrumentationAnalysisTransform
Transforming netty-common-4.1.110.Final.jar (io.netty:netty-common:4.1.110.Final) with MergeInstrumentationAnalysisTransform
Transforming netty-resolver-4.1.110.Final.jar (io.netty:netty-resolver:4.1.110.Final) with ExternalDependencyInstrumentingArtifactTransform
Transforming netty-common-4.1.110.Final.jar (io.netty:netty-common:4.1.110.Final) with ExternalDependencyInstrumentingArtifactTransform
Transforming plugins.jar (project :build-logic:plugins) with ProjectDependencyInstrumentingArtifactTransform
Transforming tools.jar (project :build-logic:tools) with ProjectDependencyInstrumentingArtifactTransform
Using default execution profile
Using Kotlin Gradle Plugin gradle811 variant

> Configure project :qr
Evaluating project ':qr' using build file '/home/lollerfirst/Signal-Android/qr/lib/build.gradle.kts'.
Transforming classes with InstrumentationAnalysisTransform
Transforming classes with InstrumentationAnalysisTransform
Transforming gradle-8.10.1.jar (com.android.tools.build:gradle:8.10.1) with InstrumentationAnalysisTransform
Transforming gradle-settings-api-8.10.1.jar (com.android.tools.build:gradle-settings-api:8.10.1) with InstrumentationAnalysisTransform
Transforming lint-model-31.10.1.jar (com.android.tools.lint:lint-model:31.10.1) with InstrumentationAnalysisTransform
Transforming builder-8.10.1.jar (com.android.tools.build:builder:8.10.1) with InstrumentationAnalysisTransform
Transforming manifest-merger-31.10.1.jar (com.android.tools.build:manifest-merger:31.10.1) with InstrumentationAnalysisTransform
Transforming sdk-common-31.10.1.jar (com.android.tools:sdk-common:31.10.1) with InstrumentationAnalysisTransform
Transforming sdklib-31.10.1.jar (com.android.tools:sdklib:31.10.1) with InstrumentationAnalysisTransform
Transforming repository-31.10.1.jar (com.android.tools:repository:31.10.1) with InstrumentationAnalysisTransform
Transforming aaptcompiler-8.10.1.jar (com.android.tools.build:aaptcompiler:8.10.1) with InstrumentationAnalysisTransform
Transforming tracker-31.10.1.jar (com.android.tools.analytics-library:tracker:31.10.1) with InstrumentationAnalysisTransform
Transforming shared-31.10.1.jar (com.android.tools.analytics-library:shared:31.10.1) with InstrumentationAnalysisTransform
Transforming databinding-compiler-common-8.10.1.jar (androidx.databinding:databinding-compiler-common:8.10.1) with InstrumentationAnalysisTransform
Transforming android-test-plugin-host-emulator-control-proto-31.10.1.jar (com.android.tools.utp:android-test-plugin-host-emulator-control-proto:31.10.1) with InstrumentationAnalysisTransform
Transforming builder-model-8.10.1.jar (com.android.tools.build:builder-model:8.10.1) with InstrumentationAnalysisTransform
Transforming gradle-api-8.10.1.jar (com.android.tools.build:gradle-api:8.10.1) with InstrumentationAnalysisTransform
Transforming builder-test-api-8.10.1.jar (com.android.tools.build:builder-test-api:8.10.1) with InstrumentationAnalysisTransform
Transforming ddmlib-31.10.1.jar (com.android.tools.ddms:ddmlib:31.10.1) with InstrumentationAnalysisTransform
Transforming layoutlib-api-31.10.1.jar (com.android.tools.layoutlib:layoutlib-api:31.10.1) with InstrumentationAnalysisTransform
Transforming dvlib-31.10.1.jar (com.android.tools:dvlib:31.10.1) with InstrumentationAnalysisTransform
Transforming common-31.10.1.jar (com.android.tools:common:31.10.1) with InstrumentationAnalysisTransform
Transforming kotlin-stdlib-jdk8-2.1.0.jar (org.jetbrains.kotlin:kotlin-stdlib-jdk8:2.1.0) with InstrumentationAnalysisTransform
Transforming jetifier-processor-1.0.0-beta10.jar (com.android.tools.build.jetifier:jetifier-processor:1.0.0-beta10) with InstrumentationAnalysisTransform
Transforming jetifier-core-1.0.0-beta10.jar (com.android.tools.build.jetifier:jetifier-core:1.0.0-beta10) with InstrumentationAnalysisTransform
Transforming kotlin-reflect-2.0.20.jar (org.jetbrains.kotlin:kotlin-reflect:2.0.20) with InstrumentationAnalysisTransform
Transforming kotlin-stdlib-jdk7-2.1.0.jar (org.jetbrains.kotlin:kotlin-stdlib-jdk7:2.1.0) with InstrumentationAnalysisTransform
Transforming kotlin-stdlib-2.0.20.jar (org.jetbrains.kotlin:kotlin-stdlib:2.0.20) with InstrumentationAnalysisTransform
Transforming annotations-13.0.jar (org.jetbrains:annotations:13.0) with InstrumentationAnalysisTransform
Transforming kotlin-gradle-plugin-model-2.2.20.jar (org.jetbrains.kotlin:kotlin-gradle-plugin-model:2.2.20) with InstrumentationAnalysisTransform
Transforming fus-statistics-gradle-plugin-2.2.20-gradle811.jar (org.jetbrains.kotlin:fus-statistics-gradle-plugin:2.2.20) with InstrumentationAnalysisTransform
Transforming kotlin-gradle-plugin-api-2.2.20.jar (org.jetbrains.kotlin:kotlin-gradle-plugin-api:2.2.20) with InstrumentationAnalysisTransform
Transforming kotlin-gradle-plugin-api-2.2.20-gradle811.jar (org.jetbrains.kotlin:kotlin-gradle-plugin-api:2.2.20) with InstrumentationAnalysisTransform
Transforming kotlin-gradle-plugin-2.2.20-gradle811.jar (org.jetbrains.kotlin:kotlin-gradle-plugin:2.2.20) with InstrumentationAnalysisTransform
Transforming ktlint-gradle-12.1.1.jar (org.jlleitschuh.gradle:ktlint-gradle:12.1.1) with InstrumentationAnalysisTransform
Transforming kotlin-gradle-plugin-idea-proto-2.2.20.jar (org.jetbrains.kotlin:kotlin-gradle-plugin-idea-proto:2.2.20) with InstrumentationAnalysisTransform
Transforming kotlin-gradle-plugin-idea-2.2.20.jar (org.jetbrains.kotlin:kotlin-gradle-plugin-idea:2.2.20) with InstrumentationAnalysisTransform
Transforming kotlin-klib-commonizer-api-2.2.20.jar (org.jetbrains.kotlin:kotlin-klib-commonizer-api:2.2.20) with InstrumentationAnalysisTransform
Transforming kotlin-build-statistics-2.2.20.jar (org.jetbrains.kotlin:kotlin-build-statistics:2.2.20) with InstrumentationAnalysisTransform
Transforming kotlin-util-klib-metadata-2.2.20.jar (org.jetbrains.kotlin:kotlin-util-klib-metadata:2.2.20) with InstrumentationAnalysisTransform
Transforming abi-tools-api-2.2.20.jar (org.jetbrains.kotlin:abi-tools-api:2.2.20) with InstrumentationAnalysisTransform
Transforming kotlin-compiler-runner-2.2.20.jar (org.jetbrains.kotlin:kotlin-compiler-runner:2.2.20) with InstrumentationAnalysisTransform
Transforming dnsjava-2.1.9.jar (dnsjava:dnsjava:2.1.9) with InstrumentationAnalysisTransform
Transforming kotlin-gradle-plugin-annotations-2.2.20.jar (org.jetbrains.kotlin:kotlin-gradle-plugin-annotations:2.2.20) with InstrumentationAnalysisTransform
Transforming kotlin-native-utils-2.2.20.jar (org.jetbrains.kotlin:kotlin-native-utils:2.2.20) with InstrumentationAnalysisTransform
Transforming kotlin-tooling-core-2.2.20.jar (org.jetbrains.kotlin:kotlin-tooling-core:2.2.20) with InstrumentationAnalysisTransform
Transforming kotlin-build-tools-api-2.2.20.jar (org.jetbrains.kotlin:kotlin-build-tools-api:2.2.20) with InstrumentationAnalysisTransform
Transforming android-test-plugin-result-listener-gradle-proto-31.10.1.jar (com.android.tools.utp:android-test-plugin-result-listener-gradle-proto:31.10.1) with InstrumentationAnalysisTransform
Transforming bundletool-1.18.0.jar (com.android.tools.build:bundletool:1.18.0) with InstrumentationAnalysisTransform
Transforming protobuf-java-util-3.25.5.jar (com.google.protobuf:protobuf-java-util:3.25.5) with InstrumentationAnalysisTransform
Transforming grpc-netty-1.69.1.jar (io.grpc:grpc-netty:1.69.1) with InstrumentationAnalysisTransform
Transforming grpc-inprocess-1.69.1.jar (io.grpc:grpc-inprocess:1.69.1) with InstrumentationAnalysisTransform
Transforming grpc-util-1.69.1.jar (io.grpc:grpc-util:1.69.1) with InstrumentationAnalysisTransform
Transforming grpc-core-1.69.1.jar (io.grpc:grpc-core:1.69.1) with InstrumentationAnalysisTransform
Transforming tink-1.7.0.jar (com.google.crypto.tink:tink:1.7.0) with InstrumentationAnalysisTransform
Transforming gson-2.11.0.jar (com.google.code.gson:gson:2.11.0) with InstrumentationAnalysisTransform
Transforming kotlin-util-klib-2.2.20.jar (org.jetbrains.kotlin:kotlin-util-klib:2.2.20) with InstrumentationAnalysisTransform
Transforming kotlin-util-io-2.2.20.jar (org.jetbrains.kotlin:kotlin-util-io:2.2.20) with InstrumentationAnalysisTransform
Transforming kotlin-daemon-client-2.2.20.jar (org.jetbrains.kotlin:kotlin-daemon-client:2.2.20) with InstrumentationAnalysisTransform
Transforming kotlinx-coroutines-core-jvm-1.8.0.jar (org.jetbrains.kotlinx:kotlinx-coroutines-core-jvm:1.8.0) with InstrumentationAnalysisTransform
Transforming aapt2-proto-8.10.1-12782657.jar (com.android.tools.build:aapt2-proto:8.10.1-12782657) with InstrumentationAnalysisTransform
Transforming crash-31.10.1.jar (com.android.tools.analytics-library:crash:31.10.1) with InstrumentationAnalysisTransform
Transforming lint-typedef-remover-31.10.1.jar (com.android.tools.lint:lint-typedef-remover:31.10.1) with InstrumentationAnalysisTransform
Transforming databinding-common-8.10.1.jar (androidx.databinding:databinding-common:8.10.1) with InstrumentationAnalysisTransform
Transforming baseLibrary-8.10.1.jar (com.android.databinding:baseLibrary:8.10.1) with InstrumentationAnalysisTransform
Transforming android-device-provider-ddmlib-proto-31.10.1.jar (com.android.tools.utp:android-device-provider-ddmlib-proto:31.10.1) with InstrumentationAnalysisTransform
Transforming android-device-provider-gradle-proto-31.10.1.jar (com.android.tools.utp:android-device-provider-gradle-proto:31.10.1) with InstrumentationAnalysisTransform
Transforming android-device-provider-profile-proto-31.10.1.jar (com.android.tools.utp:android-device-provider-profile-proto:31.10.1) with InstrumentationAnalysisTransform
Transforming android-test-plugin-host-additional-test-output-proto-31.10.1.jar (com.android.tools.utp:android-test-plugin-host-additional-test-output-proto:31.10.1) with InstrumentationAnalysisTransform
Transforming android-test-plugin-host-coverage-proto-31.10.1.jar (com.android.tools.utp:android-test-plugin-host-coverage-proto:31.10.1) with InstrumentationAnalysisTransform
Transforming android-test-plugin-host-logcat-proto-31.10.1.jar (com.android.tools.utp:android-test-plugin-host-logcat-proto:31.10.1) with InstrumentationAnalysisTransform
Transforming android-test-plugin-host-apk-installer-proto-31.10.1.jar (com.android.tools.utp:android-test-plugin-host-apk-installer-proto:31.10.1) with InstrumentationAnalysisTransform
Transforming transform-api-2.0.0-deprecated-use-gradle-api.jar (com.android.tools.build:transform-api:2.0.0-deprecated-use-gradle-api) with InstrumentationAnalysisTransform
Transforming httpmime-4.5.6.jar (org.apache.httpcomponents:httpmime:4.5.6) with InstrumentationAnalysisTransform
Transforming commons-io-2.16.1.jar (commons-io:commons-io:2.16.1) with InstrumentationAnalysisTransform
Transforming asm-commons-9.7.1.jar (org.ow2.asm:asm-commons:9.7.1) with InstrumentationAnalysisTransform
Transforming asm-util-9.7.1.jar (org.ow2.asm:asm-util:9.7.1) with InstrumentationAnalysisTransform
Transforming asm-analysis-9.7.1.jar (org.ow2.asm:asm-analysis:9.7.1) with InstrumentationAnalysisTransform
Transforming asm-tree-9.7.1.jar (org.ow2.asm:asm-tree:9.7.1) with InstrumentationAnalysisTransform
Transforming asm-9.7.1.jar (org.ow2.asm:asm:9.7.1) with InstrumentationAnalysisTransform
Transforming apkzlib-8.10.1.jar (com.android.tools.build:apkzlib:8.10.1) with InstrumentationAnalysisTransform
Transforming bcpkix-jdk18on-1.79.jar (org.bouncycastle:bcpkix-jdk18on:1.79) with InstrumentationAnalysisTransform
Transforming jaxb-runtime-2.3.2.jar (org.glassfish.jaxb:jaxb-runtime:2.3.2) with InstrumentationAnalysisTransform
Transforming jopt-simple-4.9.jar (net.sf.jopt-simple:jopt-simple:4.9) with InstrumentationAnalysisTransform
Transforming javapoet-1.10.0.jar (com.squareup:javapoet:1.10.0) with InstrumentationAnalysisTransform
Transforming grpc-protobuf-1.69.1.jar (io.grpc:grpc-protobuf:1.69.1) with InstrumentationAnalysisTransform
Transforming core-proto-0.0.9-alpha03.jar (com.google.testing.platform:core-proto:0.0.9-alpha03) with InstrumentationAnalysisTransform
Transforming protos-31.10.1.jar (com.android.tools.analytics-library:protos:31.10.1) with InstrumentationAnalysisTransform
Transforming proto-google-common-protos-2.48.0.jar (com.google.api.grpc:proto-google-common-protos:2.48.0) with InstrumentationAnalysisTransform
Transforming protobuf-java-3.25.5.jar (com.google.protobuf:protobuf-java:3.25.5) with InstrumentationAnalysisTransform
Transforming grpc-stub-1.69.1.jar (io.grpc:grpc-stub:1.69.1) with InstrumentationAnalysisTransform
Transforming tensorflow-lite-metadata-0.2.0.jar (org.tensorflow:tensorflow-lite-metadata:0.2.0) with InstrumentationAnalysisTransform
Transforming flatbuffers-java-1.12.0.jar (com.google.flatbuffers:flatbuffers-java:1.12.0) with InstrumentationAnalysisTransform
Transforming jimfs-1.1.jar (com.google.jimfs:jimfs:1.1) with InstrumentationAnalysisTransform
Transforming grpc-context-1.69.1.jar (io.grpc:grpc-context:1.69.1) with InstrumentationAnalysisTransform
Transforming grpc-protobuf-lite-1.69.1.jar (io.grpc:grpc-protobuf-lite:1.69.1) with InstrumentationAnalysisTransform
Transforming grpc-api-1.69.1.jar (io.grpc:grpc-api:1.69.1) with InstrumentationAnalysisTransform
Transforming guava-33.3.1-jre.jar (com.google.guava:guava:33.3.1-jre) with InstrumentationAnalysisTransform
Transforming error_prone_annotations-2.30.0.jar (com.google.errorprone:error_prone_annotations:2.30.0) with InstrumentationAnalysisTransform
Transforming dagger-2.28.3.jar (com.google.dagger:dagger:2.28.3) with InstrumentationAnalysisTransform
Transforming javax.inject-1.jar (javax.inject:javax.inject:1) with InstrumentationAnalysisTransform
Transforming kxml2-2.3.0.jar (net.sf.kxml:kxml2:2.3.0) with InstrumentationAnalysisTransform
Transforming commons-compress-1.21.jar (org.apache.commons:commons-compress:1.21) with InstrumentationAnalysisTransform
Transforming bcutil-jdk18on-1.79.jar (org.bouncycastle:bcutil-jdk18on:1.79) with InstrumentationAnalysisTransform
Transforming bcprov-jdk18on-1.79.jar (org.bouncycastle:bcprov-jdk18on:1.79) with InstrumentationAnalysisTransform
Transforming httpclient-4.5.14.jar (org.apache.httpcomponents:httpclient:4.5.14) with InstrumentationAnalysisTransform
Transforming httpcore-4.4.16.jar (org.apache.httpcomponents:httpcore:4.4.16) with InstrumentationAnalysisTransform
Transforming javax.activation-1.2.0.jar (com.sun.activation:javax.activation:1.2.0) with InstrumentationAnalysisTransform
Transforming signflinger-8.10.1.jar (com.android:signflinger:8.10.1) with InstrumentationAnalysisTransform
Transforming zipflinger-8.10.1.jar (com.android:zipflinger:8.10.1) with InstrumentationAnalysisTransform
Transforming annotations-31.10.1.jar (com.android.tools:annotations:31.10.1) with InstrumentationAnalysisTransform
Transforming jna-platform-5.6.0.jar (net.java.dev.jna:jna-platform:5.6.0) with InstrumentationAnalysisTransform
Transforming juniversalchardet-1.0.3.jar (com.googlecode.juniversalchardet:juniversalchardet:1.0.3) with InstrumentationAnalysisTransform
Transforming javax.annotation-api-1.3.2.jar (javax.annotation:javax.annotation-api:1.3.2) with InstrumentationAnalysisTransform
Transforming stax-ex-1.8.1.jar (org.jvnet.staxex:stax-ex:1.8.1) with InstrumentationAnalysisTransform
Transforming jakarta.xml.bind-api-2.3.2.jar (jakarta.xml.bind:jakarta.xml.bind-api:2.3.2) with InstrumentationAnalysisTransform
Transforming txw2-2.3.2.jar (org.glassfish.jaxb:txw2:2.3.2) with InstrumentationAnalysisTransform
Transforming istack-commons-runtime-3.0.8.jar (com.sun.istack:istack-commons-runtime:3.0.8) with InstrumentationAnalysisTransform
Transforming FastInfoset-1.2.16.jar (com.sun.xml.fastinfoset:FastInfoset:1.2.16) with InstrumentationAnalysisTransform
Transforming jakarta.activation-api-1.2.1.jar (jakarta.activation:jakarta.activation-api:1.2.1) with InstrumentationAnalysisTransform
Transforming auto-value-annotations-1.6.2.jar (com.google.auto.value:auto-value-annotations:1.6.2) with InstrumentationAnalysisTransform
Transforming jose4j-0.9.5.jar (org.bitbucket.b_c:jose4j:0.9.5) with InstrumentationAnalysisTransform
Transforming slf4j-api-1.7.30.jar (org.slf4j:slf4j-api:1.7.30) with InstrumentationAnalysisTransform
Transforming jdom2-2.0.6.jar (org.jdom:jdom2:2.0.6) with InstrumentationAnalysisTransform
Transforming jsr305-3.0.2.jar (com.google.code.findbugs:jsr305:3.0.2) with InstrumentationAnalysisTransform
Transforming j2objc-annotations-3.0.0.jar (com.google.j2objc:j2objc-annotations:3.0.0) with InstrumentationAnalysisTransform
Transforming annotations-4.1.1.4.jar (com.google.android:annotations:4.1.1.4) with InstrumentationAnalysisTransform
Transforming animal-sniffer-annotations-1.24.jar (org.codehaus.mojo:animal-sniffer-annotations:1.24) with InstrumentationAnalysisTransform
Transforming perfmark-api-0.27.0.jar (io.perfmark:perfmark-api:0.27.0) with InstrumentationAnalysisTransform
Transforming netty-codec-http2-4.1.110.Final.jar (io.netty:netty-codec-http2:4.1.110.Final) with InstrumentationAnalysisTransform
Transforming netty-handler-proxy-4.1.110.Final.jar (io.netty:netty-handler-proxy:4.1.110.Final) with InstrumentationAnalysisTransform
Transforming netty-codec-http-4.1.110.Final.jar (io.netty:netty-codec-http:4.1.110.Final) with InstrumentationAnalysisTransform
Transforming netty-handler-4.1.110.Final.jar (io.netty:netty-handler:4.1.110.Final) with InstrumentationAnalysisTransform
Transforming netty-transport-native-unix-common-4.1.110.Final.jar (io.netty:netty-transport-native-unix-common:4.1.110.Final) with InstrumentationAnalysisTransform
Transforming checker-qual-3.43.0.jar (org.checkerframework:checker-qual:3.43.0) with InstrumentationAnalysisTransform
Transforming apksig-8.10.1.jar (com.android.tools.build:apksig:8.10.1) with InstrumentationAnalysisTransform
Transforming javawriter-2.5.0.jar (com.squareup:javawriter:2.5.0) with InstrumentationAnalysisTransform
Transforming failureaccess-1.0.2.jar (com.google.guava:failureaccess:1.0.2) with InstrumentationAnalysisTransform
Transforming listenablefuture-9999.0-empty-to-avoid-conflict-with-guava.jar (com.google.guava:listenablefuture:9999.0-empty-to-avoid-conflict-with-guava) with InstrumentationAnalysisTransform
Transforming commons-logging-1.2.jar (commons-logging:commons-logging:1.2) with InstrumentationAnalysisTransform
Transforming commons-codec-1.11.jar (commons-codec:commons-codec:1.11) with InstrumentationAnalysisTransform
Transforming jna-5.6.0.jar (net.java.dev.jna:jna:5.6.0) with InstrumentationAnalysisTransform
Transforming netty-codec-socks-4.1.110.Final.jar (io.netty:netty-codec-socks:4.1.110.Final) with InstrumentationAnalysisTransform
Transforming netty-codec-4.1.110.Final.jar (io.netty:netty-codec:4.1.110.Final) with InstrumentationAnalysisTransform
Transforming netty-transport-4.1.110.Final.jar (io.netty:netty-transport:4.1.110.Final) with InstrumentationAnalysisTransform
Transforming netty-buffer-4.1.110.Final.jar (io.netty:netty-buffer:4.1.110.Final) with InstrumentationAnalysisTransform
Transforming netty-resolver-4.1.110.Final.jar (io.netty:netty-resolver:4.1.110.Final) with InstrumentationAnalysisTransform
Transforming netty-common-4.1.110.Final.jar (io.netty:netty-common:4.1.110.Final) with InstrumentationAnalysisTransform
Transforming main (project :build-logic:plugins) with InstrumentationAnalysisTransform
Transforming main (project :build-logic:plugins) with InstrumentationAnalysisTransform
Transforming main (project :build-logic:plugins) with InstrumentationAnalysisTransform
Transforming main (project :build-logic:tools) with InstrumentationAnalysisTransform
Transforming main (project :build-logic:tools) with InstrumentationAnalysisTransform
Transforming classes with InstrumentationAnalysisTransform
Transforming classes with MergeInstrumentationAnalysisTransform
Transforming classes with InstrumentationAnalysisTransform
Transforming classes with MergeInstrumentationAnalysisTransform
Transforming gradle-8.10.1.jar (com.android.tools.build:gradle:8.10.1) with InstrumentationAnalysisTransform
Transforming classes with ExternalDependencyInstrumentingArtifactTransform
Transforming gradle-8.10.1.jar (com.android.tools.build:gradle:8.10.1) with MergeInstrumentationAnalysisTransform
Transforming gradle-settings-api-8.10.1.jar (com.android.tools.build:gradle-settings-api:8.10.1) with InstrumentationAnalysisTransform
Transforming gradle-settings-api-8.10.1.jar (com.android.tools.build:gradle-settings-api:8.10.1) with MergeInstrumentationAnalysisTransform
Transforming gradle-8.10.1.jar (com.android.tools.build:gradle:8.10.1) with ExternalDependencyInstrumentingArtifactTransform
Transforming lint-model-31.10.1.jar (com.android.tools.lint:lint-model:31.10.1) with InstrumentationAnalysisTransform
Transforming lint-model-31.10.1.jar (com.android.tools.lint:lint-model:31.10.1) with MergeInstrumentationAnalysisTransform
Transforming builder-8.10.1.jar (com.android.tools.build:builder:8.10.1) with InstrumentationAnalysisTransform
Transforming builder-8.10.1.jar (com.android.tools.build:builder:8.10.1) with MergeInstrumentationAnalysisTransform
Transforming classes with ExternalDependencyInstrumentingArtifactTransform
Transforming gradle-settings-api-8.10.1.jar (com.android.tools.build:gradle-settings-api:8.10.1) with ExternalDependencyInstrumentingArtifactTransform
Transforming manifest-merger-31.10.1.jar (com.android.tools.build:manifest-merger:31.10.1) with InstrumentationAnalysisTransform
Transforming manifest-merger-31.10.1.jar (com.android.tools.build:manifest-merger:31.10.1) with MergeInstrumentationAnalysisTransform
Transforming sdk-common-31.10.1.jar (com.android.tools:sdk-common:31.10.1) with InstrumentationAnalysisTransform
Transforming sdk-common-31.10.1.jar (com.android.tools:sdk-common:31.10.1) with MergeInstrumentationAnalysisTransform
Transforming lint-model-31.10.1.jar (com.android.tools.lint:lint-model:31.10.1) with ExternalDependencyInstrumentingArtifactTransform
Transforming manifest-merger-31.10.1.jar (com.android.tools.build:manifest-merger:31.10.1) with ExternalDependencyInstrumentingArtifactTransform
Transforming sdklib-31.10.1.jar (com.android.tools:sdklib:31.10.1) with InstrumentationAnalysisTransform
Transforming builder-8.10.1.jar (com.android.tools.build:builder:8.10.1) with ExternalDependencyInstrumentingArtifactTransform
Transforming sdklib-31.10.1.jar (com.android.tools:sdklib:31.10.1) with MergeInstrumentationAnalysisTransform
Transforming repository-31.10.1.jar (com.android.tools:repository:31.10.1) with InstrumentationAnalysisTransform
Transforming repository-31.10.1.jar (com.android.tools:repository:31.10.1) with MergeInstrumentationAnalysisTransform
Transforming sdk-common-31.10.1.jar (com.android.tools:sdk-common:31.10.1) with ExternalDependencyInstrumentingArtifactTransform
Transforming aaptcompiler-8.10.1.jar (com.android.tools.build:aaptcompiler:8.10.1) with InstrumentationAnalysisTransform
Transforming aaptcompiler-8.10.1.jar (com.android.tools.build:aaptcompiler:8.10.1) with MergeInstrumentationAnalysisTransform
Transforming sdklib-31.10.1.jar (com.android.tools:sdklib:31.10.1) with ExternalDependencyInstrumentingArtifactTransform
Transforming repository-31.10.1.jar (com.android.tools:repository:31.10.1) with ExternalDependencyInstrumentingArtifactTransform
Transforming tracker-31.10.1.jar (com.android.tools.analytics-library:tracker:31.10.1) with InstrumentationAnalysisTransform
Transforming tracker-31.10.1.jar (com.android.tools.analytics-library:tracker:31.10.1) with MergeInstrumentationAnalysisTransform
Transforming aaptcompiler-8.10.1.jar (com.android.tools.build:aaptcompiler:8.10.1) with ExternalDependencyInstrumentingArtifactTransform
Transforming shared-31.10.1.jar (com.android.tools.analytics-library:shared:31.10.1) with InstrumentationAnalysisTransform
Transforming shared-31.10.1.jar (com.android.tools.analytics-library:shared:31.10.1) with MergeInstrumentationAnalysisTransform
Transforming databinding-compiler-common-8.10.1.jar (androidx.databinding:databinding-compiler-common:8.10.1) with InstrumentationAnalysisTransform
Transforming databinding-compiler-common-8.10.1.jar (androidx.databinding:databinding-compiler-common:8.10.1) with MergeInstrumentationAnalysisTransform
Transforming tracker-31.10.1.jar (com.android.tools.analytics-library:tracker:31.10.1) with ExternalDependencyInstrumentingArtifactTransform
Transforming android-test-plugin-host-emulator-control-proto-31.10.1.jar (com.android.tools.utp:android-test-plugin-host-emulator-control-proto:31.10.1) with InstrumentationAnalysisTransform
Transforming android-test-plugin-host-emulator-control-proto-31.10.1.jar (com.android.tools.utp:android-test-plugin-host-emulator-control-proto:31.10.1) with MergeInstrumentationAnalysisTransform
Transforming builder-model-8.10.1.jar (com.android.tools.build:builder-model:8.10.1) with InstrumentationAnalysisTransform
Transforming builder-model-8.10.1.jar (com.android.tools.build:builder-model:8.10.1) with MergeInstrumentationAnalysisTransform
Transforming shared-31.10.1.jar (com.android.tools.analytics-library:shared:31.10.1) with ExternalDependencyInstrumentingArtifactTransform
Transforming databinding-compiler-common-8.10.1.jar (androidx.databinding:databinding-compiler-common:8.10.1) with ExternalDependencyInstrumentingArtifactTransform
Transforming android-test-plugin-host-emulator-control-proto-31.10.1.jar (com.android.tools.utp:android-test-plugin-host-emulator-control-proto:31.10.1) with ExternalDependencyInstrumentingArtifactTransform
Transforming gradle-api-8.10.1.jar (com.android.tools.build:gradle-api:8.10.1) with InstrumentationAnalysisTransform
Transforming builder-model-8.10.1.jar (com.android.tools.build:builder-model:8.10.1) with ExternalDependencyInstrumentingArtifactTransform
Transforming gradle-api-8.10.1.jar (com.android.tools.build:gradle-api:8.10.1) with MergeInstrumentationAnalysisTransform
Transforming builder-test-api-8.10.1.jar (com.android.tools.build:builder-test-api:8.10.1) with InstrumentationAnalysisTransform
Transforming builder-test-api-8.10.1.jar (com.android.tools.build:builder-test-api:8.10.1) with MergeInstrumentationAnalysisTransform
Transforming gradle-api-8.10.1.jar (com.android.tools.build:gradle-api:8.10.1) with ExternalDependencyInstrumentingArtifactTransform
Transforming ddmlib-31.10.1.jar (com.android.tools.ddms:ddmlib:31.10.1) with InstrumentationAnalysisTransform
Transforming builder-test-api-8.10.1.jar (com.android.tools.build:builder-test-api:8.10.1) with ExternalDependencyInstrumentingArtifactTransform
Transforming ddmlib-31.10.1.jar (com.android.tools.ddms:ddmlib:31.10.1) with MergeInstrumentationAnalysisTransform
Transforming layoutlib-api-31.10.1.jar (com.android.tools.layoutlib:layoutlib-api:31.10.1) with InstrumentationAnalysisTransform
Transforming layoutlib-api-31.10.1.jar (com.android.tools.layoutlib:layoutlib-api:31.10.1) with MergeInstrumentationAnalysisTransform
Transforming ddmlib-31.10.1.jar (com.android.tools.ddms:ddmlib:31.10.1) with ExternalDependencyInstrumentingArtifactTransform
Transforming dvlib-31.10.1.jar (com.android.tools:dvlib:31.10.1) with InstrumentationAnalysisTransform
Transforming dvlib-31.10.1.jar (com.android.tools:dvlib:31.10.1) with MergeInstrumentationAnalysisTransform
Transforming common-31.10.1.jar (com.android.tools:common:31.10.1) with InstrumentationAnalysisTransform
Transforming layoutlib-api-31.10.1.jar (com.android.tools.layoutlib:layoutlib-api:31.10.1) with ExternalDependencyInstrumentingArtifactTransform
Transforming common-31.10.1.jar (com.android.tools:common:31.10.1) with MergeInstrumentationAnalysisTransform
Transforming kotlin-stdlib-jdk8-2.1.0.jar (org.jetbrains.kotlin:kotlin-stdlib-jdk8:2.1.0) with InstrumentationAnalysisTransform
Transforming kotlin-stdlib-jdk8-2.1.0.jar (org.jetbrains.kotlin:kotlin-stdlib-jdk8:2.1.0) with MergeInstrumentationAnalysisTransform
Transforming dvlib-31.10.1.jar (com.android.tools:dvlib:31.10.1) with ExternalDependencyInstrumentingArtifactTransform
Transforming jetifier-processor-1.0.0-beta10.jar (com.android.tools.build.jetifier:jetifier-processor:1.0.0-beta10) with InstrumentationAnalysisTransform
Transforming common-31.10.1.jar (com.android.tools:common:31.10.1) with ExternalDependencyInstrumentingArtifactTransform
Transforming jetifier-processor-1.0.0-beta10.jar (com.android.tools.build.jetifier:jetifier-processor:1.0.0-beta10) with MergeInstrumentationAnalysisTransform
Transforming kotlin-stdlib-jdk8-2.1.0.jar (org.jetbrains.kotlin:kotlin-stdlib-jdk8:2.1.0) with ExternalDependencyInstrumentingArtifactTransform
Transforming jetifier-core-1.0.0-beta10.jar (com.android.tools.build.jetifier:jetifier-core:1.0.0-beta10) with InstrumentationAnalysisTransform
Transforming jetifier-core-1.0.0-beta10.jar (com.android.tools.build.jetifier:jetifier-core:1.0.0-beta10) with MergeInstrumentationAnalysisTransform
Transforming jetifier-processor-1.0.0-beta10.jar (com.android.tools.build.jetifier:jetifier-processor:1.0.0-beta10) with ExternalDependencyInstrumentingArtifactTransform
Transforming kotlin-reflect-2.0.20.jar (org.jetbrains.kotlin:kotlin-reflect:2.0.20) with InstrumentationAnalysisTransform
Transforming jetifier-core-1.0.0-beta10.jar (com.android.tools.build.jetifier:jetifier-core:1.0.0-beta10) with ExternalDependencyInstrumentingArtifactTransform
Transforming kotlin-reflect-2.0.20.jar (org.jetbrains.kotlin:kotlin-reflect:2.0.20) with MergeInstrumentationAnalysisTransform
Transforming kotlin-stdlib-jdk7-2.1.0.jar (org.jetbrains.kotlin:kotlin-stdlib-jdk7:2.1.0) with InstrumentationAnalysisTransform
Transforming kotlin-stdlib-jdk7-2.1.0.jar (org.jetbrains.kotlin:kotlin-stdlib-jdk7:2.1.0) with MergeInstrumentationAnalysisTransform
Transforming kotlin-stdlib-2.0.20.jar (org.jetbrains.kotlin:kotlin-stdlib:2.0.20) with InstrumentationAnalysisTransform
Transforming kotlin-reflect-2.0.20.jar (org.jetbrains.kotlin:kotlin-reflect:2.0.20) with ExternalDependencyInstrumentingArtifactTransform
Transforming kotlin-stdlib-2.0.20.jar (org.jetbrains.kotlin:kotlin-stdlib:2.0.20) with MergeInstrumentationAnalysisTransform
Transforming annotations-13.0.jar (org.jetbrains:annotations:13.0) with InstrumentationAnalysisTransform
Transforming annotations-13.0.jar (org.jetbrains:annotations:13.0) with MergeInstrumentationAnalysisTransform
Transforming kotlin-gradle-plugin-model-2.2.20.jar (org.jetbrains.kotlin:kotlin-gradle-plugin-model:2.2.20) with InstrumentationAnalysisTransform
Transforming kotlin-stdlib-2.0.20.jar (org.jetbrains.kotlin:kotlin-stdlib:2.0.20) with ExternalDependencyInstrumentingArtifactTransform
Transforming kotlin-gradle-plugin-model-2.2.20.jar (org.jetbrains.kotlin:kotlin-gradle-plugin-model:2.2.20) with MergeInstrumentationAnalysisTransform
Transforming fus-statistics-gradle-plugin-2.2.20-gradle811.jar (org.jetbrains.kotlin:fus-statistics-gradle-plugin:2.2.20) with InstrumentationAnalysisTransform
Transforming annotations-13.0.jar (org.jetbrains:annotations:13.0) with ExternalDependencyInstrumentingArtifactTransform
Transforming kotlin-gradle-plugin-model-2.2.20.jar (org.jetbrains.kotlin:kotlin-gradle-plugin-model:2.2.20) with ExternalDependencyInstrumentingArtifactTransform
Transforming fus-statistics-gradle-plugin-2.2.20-gradle811.jar (org.jetbrains.kotlin:fus-statistics-gradle-plugin:2.2.20) with MergeInstrumentationAnalysisTransform
Transforming kotlin-gradle-plugin-api-2.2.20.jar (org.jetbrains.kotlin:kotlin-gradle-plugin-api:2.2.20) with InstrumentationAnalysisTransform
Transforming fus-statistics-gradle-plugin-2.2.20-gradle811.jar (org.jetbrains.kotlin:fus-statistics-gradle-plugin:2.2.20) with ExternalDependencyInstrumentingArtifactTransform
Transforming kotlin-gradle-plugin-api-2.2.20.jar (org.jetbrains.kotlin:kotlin-gradle-plugin-api:2.2.20) with MergeInstrumentationAnalysisTransform
Transforming kotlin-gradle-plugin-api-2.2.20-gradle811.jar (org.jetbrains.kotlin:kotlin-gradle-plugin-api:2.2.20) with InstrumentationAnalysisTransform
Transforming kotlin-gradle-plugin-api-2.2.20-gradle811.jar (org.jetbrains.kotlin:kotlin-gradle-plugin-api:2.2.20) with MergeInstrumentationAnalysisTransform
Transforming kotlin-gradle-plugin-2.2.20-gradle811.jar (org.jetbrains.kotlin:kotlin-gradle-plugin:2.2.20) with InstrumentationAnalysisTransform
Transforming kotlin-gradle-plugin-api-2.2.20.jar (org.jetbrains.kotlin:kotlin-gradle-plugin-api:2.2.20) with ExternalDependencyInstrumentingArtifactTransform
Transforming kotlin-gradle-plugin-2.2.20-gradle811.jar (org.jetbrains.kotlin:kotlin-gradle-plugin:2.2.20) with MergeInstrumentationAnalysisTransform
Transforming kotlin-gradle-plugin-api-2.2.20-gradle811.jar (org.jetbrains.kotlin:kotlin-gradle-plugin-api:2.2.20) with ExternalDependencyInstrumentingArtifactTransform
Transforming ktlint-gradle-12.1.1.jar (org.jlleitschuh.gradle:ktlint-gradle:12.1.1) with InstrumentationAnalysisTransform
Transforming ktlint-gradle-12.1.1.jar (org.jlleitschuh.gradle:ktlint-gradle:12.1.1) with MergeInstrumentationAnalysisTransform
Transforming kotlin-gradle-plugin-2.2.20-gradle811.jar (org.jetbrains.kotlin:kotlin-gradle-plugin:2.2.20) with ExternalDependencyInstrumentingArtifactTransform
Transforming kotlin-gradle-plugin-idea-proto-2.2.20.jar (org.jetbrains.kotlin:kotlin-gradle-plugin-idea-proto:2.2.20) with InstrumentationAnalysisTransform
Transforming ktlint-gradle-12.1.1.jar (org.jlleitschuh.gradle:ktlint-gradle:12.1.1) with ExternalDependencyInstrumentingArtifactTransform
Transforming kotlin-gradle-plugin-idea-proto-2.2.20.jar (org.jetbrains.kotlin:kotlin-gradle-plugin-idea-proto:2.2.20) with MergeInstrumentationAnalysisTransform
Transforming kotlin-gradle-plugin-idea-2.2.20.jar (org.jetbrains.kotlin:kotlin-gradle-plugin-idea:2.2.20) with InstrumentationAnalysisTransform
Transforming kotlin-gradle-plugin-idea-proto-2.2.20.jar (org.jetbrains.kotlin:kotlin-gradle-plugin-idea-proto:2.2.20) with ExternalDependencyInstrumentingArtifactTransform
Transforming kotlin-gradle-plugin-idea-2.2.20.jar (org.jetbrains.kotlin:kotlin-gradle-plugin-idea:2.2.20) with MergeInstrumentationAnalysisTransform
Transforming kotlin-klib-commonizer-api-2.2.20.jar (org.jetbrains.kotlin:kotlin-klib-commonizer-api:2.2.20) with InstrumentationAnalysisTransform
Transforming kotlin-gradle-plugin-idea-2.2.20.jar (org.jetbrains.kotlin:kotlin-gradle-plugin-idea:2.2.20) with ExternalDependencyInstrumentingArtifactTransform
Transforming kotlin-klib-commonizer-api-2.2.20.jar (org.jetbrains.kotlin:kotlin-klib-commonizer-api:2.2.20) with MergeInstrumentationAnalysisTransform
Transforming kotlin-build-statistics-2.2.20.jar (org.jetbrains.kotlin:kotlin-build-statistics:2.2.20) with InstrumentationAnalysisTransform
Transforming kotlin-build-statistics-2.2.20.jar (org.jetbrains.kotlin:kotlin-build-statistics:2.2.20) with MergeInstrumentationAnalysisTransform
Transforming kotlin-util-klib-metadata-2.2.20.jar (org.jetbrains.kotlin:kotlin-util-klib-metadata:2.2.20) with InstrumentationAnalysisTransform
Transforming kotlin-util-klib-metadata-2.2.20.jar (org.jetbrains.kotlin:kotlin-util-klib-metadata:2.2.20) with MergeInstrumentationAnalysisTransform
Transforming kotlin-klib-commonizer-api-2.2.20.jar (org.jetbrains.kotlin:kotlin-klib-commonizer-api:2.2.20) with ExternalDependencyInstrumentingArtifactTransform
Transforming kotlin-build-statistics-2.2.20.jar (org.jetbrains.kotlin:kotlin-build-statistics:2.2.20) with ExternalDependencyInstrumentingArtifactTransform
Transforming kotlin-util-klib-metadata-2.2.20.jar (org.jetbrains.kotlin:kotlin-util-klib-metadata:2.2.20) with ExternalDependencyInstrumentingArtifactTransform
Transforming abi-tools-api-2.2.20.jar (org.jetbrains.kotlin:abi-tools-api:2.2.20) with InstrumentationAnalysisTransform
Transforming abi-tools-api-2.2.20.jar (org.jetbrains.kotlin:abi-tools-api:2.2.20) with MergeInstrumentationAnalysisTransform
Transforming kotlin-compiler-runner-2.2.20.jar (org.jetbrains.kotlin:kotlin-compiler-runner:2.2.20) with InstrumentationAnalysisTransform
Transforming kotlin-compiler-runner-2.2.20.jar (org.jetbrains.kotlin:kotlin-compiler-runner:2.2.20) with MergeInstrumentationAnalysisTransform
Transforming dnsjava-2.1.9.jar (dnsjava:dnsjava:2.1.9) with InstrumentationAnalysisTransform
Transforming dnsjava-2.1.9.jar (dnsjava:dnsjava:2.1.9) with MergeInstrumentationAnalysisTransform
Transforming abi-tools-api-2.2.20.jar (org.jetbrains.kotlin:abi-tools-api:2.2.20) with ExternalDependencyInstrumentingArtifactTransform
Transforming kotlin-gradle-plugin-annotations-2.2.20.jar (org.jetbrains.kotlin:kotlin-gradle-plugin-annotations:2.2.20) with InstrumentationAnalysisTransform
Transforming kotlin-compiler-runner-2.2.20.jar (org.jetbrains.kotlin:kotlin-compiler-runner:2.2.20) with ExternalDependencyInstrumentingArtifactTransform
Transforming kotlin-gradle-plugin-annotations-2.2.20.jar (org.jetbrains.kotlin:kotlin-gradle-plugin-annotations:2.2.20) with MergeInstrumentationAnalysisTransform
Transforming dnsjava-2.1.9.jar (dnsjava:dnsjava:2.1.9) with ExternalDependencyInstrumentingArtifactTransform
Transforming kotlin-native-utils-2.2.20.jar (org.jetbrains.kotlin:kotlin-native-utils:2.2.20) with InstrumentationAnalysisTransform
Transforming kotlin-native-utils-2.2.20.jar (org.jetbrains.kotlin:kotlin-native-utils:2.2.20) with MergeInstrumentationAnalysisTransform
Transforming kotlin-tooling-core-2.2.20.jar (org.jetbrains.kotlin:kotlin-tooling-core:2.2.20) with InstrumentationAnalysisTransform
Transforming kotlin-tooling-core-2.2.20.jar (org.jetbrains.kotlin:kotlin-tooling-core:2.2.20) with MergeInstrumentationAnalysisTransform
Transforming kotlin-build-tools-api-2.2.20.jar (org.jetbrains.kotlin:kotlin-build-tools-api:2.2.20) with InstrumentationAnalysisTransform
Transforming kotlin-build-tools-api-2.2.20.jar (org.jetbrains.kotlin:kotlin-build-tools-api:2.2.20) with MergeInstrumentationAnalysisTransform
Transforming kotlin-tooling-core-2.2.20.jar (org.jetbrains.kotlin:kotlin-tooling-core:2.2.20) with ExternalDependencyInstrumentingArtifactTransform
Transforming kotlin-native-utils-2.2.20.jar (org.jetbrains.kotlin:kotlin-native-utils:2.2.20) with ExternalDependencyInstrumentingArtifactTransform
Transforming android-test-plugin-result-listener-gradle-proto-31.10.1.jar (com.android.tools.utp:android-test-plugin-result-listener-gradle-proto:31.10.1) with InstrumentationAnalysisTransform
Transforming kotlin-stdlib-jdk7-2.1.0.jar (org.jetbrains.kotlin:kotlin-stdlib-jdk7:2.1.0) with ExternalDependencyInstrumentingArtifactTransform
Transforming android-test-plugin-result-listener-gradle-proto-31.10.1.jar (com.android.tools.utp:android-test-plugin-result-listener-gradle-proto:31.10.1) with MergeInstrumentationAnalysisTransform
Transforming kotlin-build-tools-api-2.2.20.jar (org.jetbrains.kotlin:kotlin-build-tools-api:2.2.20) with ExternalDependencyInstrumentingArtifactTransform
Transforming kotlin-gradle-plugin-annotations-2.2.20.jar (org.jetbrains.kotlin:kotlin-gradle-plugin-annotations:2.2.20) with ExternalDependencyInstrumentingArtifactTransform
Transforming bundletool-1.18.0.jar (com.android.tools.build:bundletool:1.18.0) with InstrumentationAnalysisTransform
Transforming android-test-plugin-result-listener-gradle-proto-31.10.1.jar (com.android.tools.utp:android-test-plugin-result-listener-gradle-proto:31.10.1) with ExternalDependencyInstrumentingArtifactTransform
Transforming bundletool-1.18.0.jar (com.android.tools.build:bundletool:1.18.0) with MergeInstrumentationAnalysisTransform
Transforming protobuf-java-util-3.25.5.jar (com.google.protobuf:protobuf-java-util:3.25.5) with InstrumentationAnalysisTransform
Transforming protobuf-java-util-3.25.5.jar (com.google.protobuf:protobuf-java-util:3.25.5) with MergeInstrumentationAnalysisTransform
Transforming grpc-netty-1.69.1.jar (io.grpc:grpc-netty:1.69.1) with InstrumentationAnalysisTransform
Transforming grpc-netty-1.69.1.jar (io.grpc:grpc-netty:1.69.1) with MergeInstrumentationAnalysisTransform
Transforming grpc-inprocess-1.69.1.jar (io.grpc:grpc-inprocess:1.69.1) with InstrumentationAnalysisTransform
Transforming bundletool-1.18.0.jar (com.android.tools.build:bundletool:1.18.0) with ExternalDependencyInstrumentingArtifactTransform
Transforming grpc-inprocess-1.69.1.jar (io.grpc:grpc-inprocess:1.69.1) with MergeInstrumentationAnalysisTransform
Transforming protobuf-java-util-3.25.5.jar (com.google.protobuf:protobuf-java-util:3.25.5) with ExternalDependencyInstrumentingArtifactTransform
Transforming grpc-util-1.69.1.jar (io.grpc:grpc-util:1.69.1) with InstrumentationAnalysisTransform
Transforming grpc-netty-1.69.1.jar (io.grpc:grpc-netty:1.69.1) with ExternalDependencyInstrumentingArtifactTransform
Transforming grpc-util-1.69.1.jar (io.grpc:grpc-util:1.69.1) with MergeInstrumentationAnalysisTransform
Transforming grpc-core-1.69.1.jar (io.grpc:grpc-core:1.69.1) with InstrumentationAnalysisTransform
Transforming grpc-inprocess-1.69.1.jar (io.grpc:grpc-inprocess:1.69.1) with ExternalDependencyInstrumentingArtifactTransform
Transforming grpc-core-1.69.1.jar (io.grpc:grpc-core:1.69.1) with MergeInstrumentationAnalysisTransform
Transforming grpc-util-1.69.1.jar (io.grpc:grpc-util:1.69.1) with ExternalDependencyInstrumentingArtifactTransform
Transforming tink-1.7.0.jar (com.google.crypto.tink:tink:1.7.0) with InstrumentationAnalysisTransform
Transforming grpc-core-1.69.1.jar (io.grpc:grpc-core:1.69.1) with ExternalDependencyInstrumentingArtifactTransform
Transforming tink-1.7.0.jar (com.google.crypto.tink:tink:1.7.0) with MergeInstrumentationAnalysisTransform
Transforming gson-2.11.0.jar (com.google.code.gson:gson:2.11.0) with InstrumentationAnalysisTransform
Transforming gson-2.11.0.jar (com.google.code.gson:gson:2.11.0) with MergeInstrumentationAnalysisTransform
Transforming kotlin-util-klib-2.2.20.jar (org.jetbrains.kotlin:kotlin-util-klib:2.2.20) with InstrumentationAnalysisTransform
Transforming kotlin-util-klib-2.2.20.jar (org.jetbrains.kotlin:kotlin-util-klib:2.2.20) with MergeInstrumentationAnalysisTransform
Transforming gson-2.11.0.jar (com.google.code.gson:gson:2.11.0) with ExternalDependencyInstrumentingArtifactTransform
Transforming tink-1.7.0.jar (com.google.crypto.tink:tink:1.7.0) with ExternalDependencyInstrumentingArtifactTransform
Transforming kotlin-util-io-2.2.20.jar (org.jetbrains.kotlin:kotlin-util-io:2.2.20) with InstrumentationAnalysisTransform
Transforming kotlin-util-io-2.2.20.jar (org.jetbrains.kotlin:kotlin-util-io:2.2.20) with MergeInstrumentationAnalysisTransform
Transforming kotlin-util-klib-2.2.20.jar (org.jetbrains.kotlin:kotlin-util-klib:2.2.20) with ExternalDependencyInstrumentingArtifactTransform
Transforming kotlin-daemon-client-2.2.20.jar (org.jetbrains.kotlin:kotlin-daemon-client:2.2.20) with InstrumentationAnalysisTransform
Transforming kotlin-daemon-client-2.2.20.jar (org.jetbrains.kotlin:kotlin-daemon-client:2.2.20) with MergeInstrumentationAnalysisTransform
Transforming kotlin-util-io-2.2.20.jar (org.jetbrains.kotlin:kotlin-util-io:2.2.20) with ExternalDependencyInstrumentingArtifactTransform
Transforming kotlinx-coroutines-core-jvm-1.8.0.jar (org.jetbrains.kotlinx:kotlinx-coroutines-core-jvm:1.8.0) with InstrumentationAnalysisTransform
Transforming kotlinx-coroutines-core-jvm-1.8.0.jar (org.jetbrains.kotlinx:kotlinx-coroutines-core-jvm:1.8.0) with MergeInstrumentationAnalysisTransform
Transforming kotlin-daemon-client-2.2.20.jar (org.jetbrains.kotlin:kotlin-daemon-client:2.2.20) with ExternalDependencyInstrumentingArtifactTransform
Transforming aapt2-proto-8.10.1-12782657.jar (com.android.tools.build:aapt2-proto:8.10.1-12782657) with InstrumentationAnalysisTransform
Transforming aapt2-proto-8.10.1-12782657.jar (com.android.tools.build:aapt2-proto:8.10.1-12782657) with MergeInstrumentationAnalysisTransform
Transforming crash-31.10.1.jar (com.android.tools.analytics-library:crash:31.10.1) with InstrumentationAnalysisTransform
Transforming kotlinx-coroutines-core-jvm-1.8.0.jar (org.jetbrains.kotlinx:kotlinx-coroutines-core-jvm:1.8.0) with ExternalDependencyInstrumentingArtifactTransform
Transforming crash-31.10.1.jar (com.android.tools.analytics-library:crash:31.10.1) with MergeInstrumentationAnalysisTransform
Transforming lint-typedef-remover-31.10.1.jar (com.android.tools.lint:lint-typedef-remover:31.10.1) with InstrumentationAnalysisTransform
Transforming aapt2-proto-8.10.1-12782657.jar (com.android.tools.build:aapt2-proto:8.10.1-12782657) with ExternalDependencyInstrumentingArtifactTransform
Transforming lint-typedef-remover-31.10.1.jar (com.android.tools.lint:lint-typedef-remover:31.10.1) with MergeInstrumentationAnalysisTransform
Transforming crash-31.10.1.jar (com.android.tools.analytics-library:crash:31.10.1) with ExternalDependencyInstrumentingArtifactTransform
Transforming databinding-common-8.10.1.jar (androidx.databinding:databinding-common:8.10.1) with InstrumentationAnalysisTransform
Transforming databinding-common-8.10.1.jar (androidx.databinding:databinding-common:8.10.1) with MergeInstrumentationAnalysisTransform
Transforming lint-typedef-remover-31.10.1.jar (com.android.tools.lint:lint-typedef-remover:31.10.1) with ExternalDependencyInstrumentingArtifactTransform
Transforming baseLibrary-8.10.1.jar (com.android.databinding:baseLibrary:8.10.1) with InstrumentationAnalysisTransform
Transforming baseLibrary-8.10.1.jar (com.android.databinding:baseLibrary:8.10.1) with MergeInstrumentationAnalysisTransform
Transforming android-device-provider-ddmlib-proto-31.10.1.jar (com.android.tools.utp:android-device-provider-ddmlib-proto:31.10.1) with InstrumentationAnalysisTransform
Transforming databinding-common-8.10.1.jar (androidx.databinding:databinding-common:8.10.1) with ExternalDependencyInstrumentingArtifactTransform
Transforming android-device-provider-ddmlib-proto-31.10.1.jar (com.android.tools.utp:android-device-provider-ddmlib-proto:31.10.1) with MergeInstrumentationAnalysisTransform
Transforming baseLibrary-8.10.1.jar (com.android.databinding:baseLibrary:8.10.1) with ExternalDependencyInstrumentingArtifactTransform
Transforming android-device-provider-gradle-proto-31.10.1.jar (com.android.tools.utp:android-device-provider-gradle-proto:31.10.1) with InstrumentationAnalysisTransform
Transforming android-device-provider-gradle-proto-31.10.1.jar (com.android.tools.utp:android-device-provider-gradle-proto:31.10.1) with MergeInstrumentationAnalysisTransform
Transforming android-device-provider-profile-proto-31.10.1.jar (com.android.tools.utp:android-device-provider-profile-proto:31.10.1) with InstrumentationAnalysisTransform
Transforming android-device-provider-ddmlib-proto-31.10.1.jar (com.android.tools.utp:android-device-provider-ddmlib-proto:31.10.1) with ExternalDependencyInstrumentingArtifactTransform
Transforming android-device-provider-profile-proto-31.10.1.jar (com.android.tools.utp:android-device-provider-profile-proto:31.10.1) with MergeInstrumentationAnalysisTransform
Transforming android-test-plugin-host-additional-test-output-proto-31.10.1.jar (com.android.tools.utp:android-test-plugin-host-additional-test-output-proto:31.10.1) with InstrumentationAnalysisTransform
Transforming android-device-provider-gradle-proto-31.10.1.jar (com.android.tools.utp:android-device-provider-gradle-proto:31.10.1) with ExternalDependencyInstrumentingArtifactTransform
Transforming android-test-plugin-host-additional-test-output-proto-31.10.1.jar (com.android.tools.utp:android-test-plugin-host-additional-test-output-proto:31.10.1) with MergeInstrumentationAnalysisTransform
Transforming android-device-provider-profile-proto-31.10.1.jar (com.android.tools.utp:android-device-provider-profile-proto:31.10.1) with ExternalDependencyInstrumentingArtifactTransform
Transforming android-test-plugin-host-coverage-proto-31.10.1.jar (com.android.tools.utp:android-test-plugin-host-coverage-proto:31.10.1) with InstrumentationAnalysisTransform
Transforming android-test-plugin-host-coverage-proto-31.10.1.jar (com.android.tools.utp:android-test-plugin-host-coverage-proto:31.10.1) with MergeInstrumentationAnalysisTransform
Transforming android-test-plugin-host-additional-test-output-proto-31.10.1.jar (com.android.tools.utp:android-test-plugin-host-additional-test-output-proto:31.10.1) with ExternalDependencyInstrumentingArtifactTransform
Transforming android-test-plugin-host-logcat-proto-31.10.1.jar (com.android.tools.utp:android-test-plugin-host-logcat-proto:31.10.1) with InstrumentationAnalysisTransform
Transforming android-test-plugin-host-logcat-proto-31.10.1.jar (com.android.tools.utp:android-test-plugin-host-logcat-proto:31.10.1) with MergeInstrumentationAnalysisTransform
Transforming android-test-plugin-host-coverage-proto-31.10.1.jar (com.android.tools.utp:android-test-plugin-host-coverage-proto:31.10.1) with ExternalDependencyInstrumentingArtifactTransform
Transforming android-test-plugin-host-apk-installer-proto-31.10.1.jar (com.android.tools.utp:android-test-plugin-host-apk-installer-proto:31.10.1) with InstrumentationAnalysisTransform
Transforming android-test-plugin-host-apk-installer-proto-31.10.1.jar (com.android.tools.utp:android-test-plugin-host-apk-installer-proto:31.10.1) with MergeInstrumentationAnalysisTransform
Transforming android-test-plugin-host-logcat-proto-31.10.1.jar (com.android.tools.utp:android-test-plugin-host-logcat-proto:31.10.1) with ExternalDependencyInstrumentingArtifactTransform
Transforming transform-api-2.0.0-deprecated-use-gradle-api.jar (com.android.tools.build:transform-api:2.0.0-deprecated-use-gradle-api) with InstrumentationAnalysisTransform
Transforming transform-api-2.0.0-deprecated-use-gradle-api.jar (com.android.tools.build:transform-api:2.0.0-deprecated-use-gradle-api) with MergeInstrumentationAnalysisTransform
Transforming android-test-plugin-host-apk-installer-proto-31.10.1.jar (com.android.tools.utp:android-test-plugin-host-apk-installer-proto:31.10.1) with ExternalDependencyInstrumentingArtifactTransform
Transforming httpmime-4.5.6.jar (org.apache.httpcomponents:httpmime:4.5.6) with InstrumentationAnalysisTransform
Transforming httpmime-4.5.6.jar (org.apache.httpcomponents:httpmime:4.5.6) with MergeInstrumentationAnalysisTransform
Transforming commons-io-2.16.1.jar (commons-io:commons-io:2.16.1) with InstrumentationAnalysisTransform
Transforming transform-api-2.0.0-deprecated-use-gradle-api.jar (com.android.tools.build:transform-api:2.0.0-deprecated-use-gradle-api) with ExternalDependencyInstrumentingArtifactTransform
Transforming commons-io-2.16.1.jar (commons-io:commons-io:2.16.1) with MergeInstrumentationAnalysisTransform
Transforming asm-commons-9.7.1.jar (org.ow2.asm:asm-commons:9.7.1) with InstrumentationAnalysisTransform
Transforming httpmime-4.5.6.jar (org.apache.httpcomponents:httpmime:4.5.6) with ExternalDependencyInstrumentingArtifactTransform
Transforming asm-commons-9.7.1.jar (org.ow2.asm:asm-commons:9.7.1) with MergeInstrumentationAnalysisTransform
Transforming asm-util-9.7.1.jar (org.ow2.asm:asm-util:9.7.1) with InstrumentationAnalysisTransform
Transforming commons-io-2.16.1.jar (commons-io:commons-io:2.16.1) with ExternalDependencyInstrumentingArtifactTransform
Transforming asm-util-9.7.1.jar (org.ow2.asm:asm-util:9.7.1) with MergeInstrumentationAnalysisTransform
Transforming asm-analysis-9.7.1.jar (org.ow2.asm:asm-analysis:9.7.1) with InstrumentationAnalysisTransform
Transforming asm-commons-9.7.1.jar (org.ow2.asm:asm-commons:9.7.1) with ExternalDependencyInstrumentingArtifactTransform
Transforming asm-util-9.7.1.jar (org.ow2.asm:asm-util:9.7.1) with ExternalDependencyInstrumentingArtifactTransform
Transforming asm-analysis-9.7.1.jar (org.ow2.asm:asm-analysis:9.7.1) with MergeInstrumentationAnalysisTransform
Transforming asm-tree-9.7.1.jar (org.ow2.asm:asm-tree:9.7.1) with InstrumentationAnalysisTransform
Transforming asm-analysis-9.7.1.jar (org.ow2.asm:asm-analysis:9.7.1) with ExternalDependencyInstrumentingArtifactTransform
Transforming asm-tree-9.7.1.jar (org.ow2.asm:asm-tree:9.7.1) with MergeInstrumentationAnalysisTransform
Transforming asm-9.7.1.jar (org.ow2.asm:asm:9.7.1) with InstrumentationAnalysisTransform
Transforming asm-9.7.1.jar (org.ow2.asm:asm:9.7.1) with MergeInstrumentationAnalysisTransform
Transforming apkzlib-8.10.1.jar (com.android.tools.build:apkzlib:8.10.1) with InstrumentationAnalysisTransform
Transforming asm-tree-9.7.1.jar (org.ow2.asm:asm-tree:9.7.1) with ExternalDependencyInstrumentingArtifactTransform
Transforming apkzlib-8.10.1.jar (com.android.tools.build:apkzlib:8.10.1) with MergeInstrumentationAnalysisTransform
Transforming bcpkix-jdk18on-1.79.jar (org.bouncycastle:bcpkix-jdk18on:1.79) with InstrumentationAnalysisTransform
Transforming bcpkix-jdk18on-1.79.jar (org.bouncycastle:bcpkix-jdk18on:1.79) with MergeInstrumentationAnalysisTransform
Transforming asm-9.7.1.jar (org.ow2.asm:asm:9.7.1) with ExternalDependencyInstrumentingArtifactTransform
Transforming apkzlib-8.10.1.jar (com.android.tools.build:apkzlib:8.10.1) with ExternalDependencyInstrumentingArtifactTransform
Transforming jaxb-runtime-2.3.2.jar (org.glassfish.jaxb:jaxb-runtime:2.3.2) with InstrumentationAnalysisTransform
Transforming bcpkix-jdk18on-1.79.jar (org.bouncycastle:bcpkix-jdk18on:1.79) with ExternalDependencyInstrumentingArtifactTransform
Transforming jaxb-runtime-2.3.2.jar (org.glassfish.jaxb:jaxb-runtime:2.3.2) with MergeInstrumentationAnalysisTransform
Transforming jopt-simple-4.9.jar (net.sf.jopt-simple:jopt-simple:4.9) with InstrumentationAnalysisTransform
Transforming jopt-simple-4.9.jar (net.sf.jopt-simple:jopt-simple:4.9) with MergeInstrumentationAnalysisTransform
Transforming javapoet-1.10.0.jar (com.squareup:javapoet:1.10.0) with InstrumentationAnalysisTransform
Transforming javapoet-1.10.0.jar (com.squareup:javapoet:1.10.0) with MergeInstrumentationAnalysisTransform
Transforming jaxb-runtime-2.3.2.jar (org.glassfish.jaxb:jaxb-runtime:2.3.2) with ExternalDependencyInstrumentingArtifactTransform
Transforming grpc-protobuf-1.69.1.jar (io.grpc:grpc-protobuf:1.69.1) with InstrumentationAnalysisTransform
Transforming jopt-simple-4.9.jar (net.sf.jopt-simple:jopt-simple:4.9) with ExternalDependencyInstrumentingArtifactTransform
Transforming grpc-protobuf-1.69.1.jar (io.grpc:grpc-protobuf:1.69.1) with MergeInstrumentationAnalysisTransform
Transforming core-proto-0.0.9-alpha03.jar (com.google.testing.platform:core-proto:0.0.9-alpha03) with InstrumentationAnalysisTransform
Transforming javapoet-1.10.0.jar (com.squareup:javapoet:1.10.0) with ExternalDependencyInstrumentingArtifactTransform
Transforming core-proto-0.0.9-alpha03.jar (com.google.testing.platform:core-proto:0.0.9-alpha03) with MergeInstrumentationAnalysisTransform
Transforming protos-31.10.1.jar (com.android.tools.analytics-library:protos:31.10.1) with InstrumentationAnalysisTransform
Transforming grpc-protobuf-1.69.1.jar (io.grpc:grpc-protobuf:1.69.1) with ExternalDependencyInstrumentingArtifactTransform
Transforming protos-31.10.1.jar (com.android.tools.analytics-library:protos:31.10.1) with MergeInstrumentationAnalysisTransform
Transforming proto-google-common-protos-2.48.0.jar (com.google.api.grpc:proto-google-common-protos:2.48.0) with InstrumentationAnalysisTransform
Transforming proto-google-common-protos-2.48.0.jar (com.google.api.grpc:proto-google-common-protos:2.48.0) with MergeInstrumentationAnalysisTransform
Transforming core-proto-0.0.9-alpha03.jar (com.google.testing.platform:core-proto:0.0.9-alpha03) with ExternalDependencyInstrumentingArtifactTransform
Transforming protos-31.10.1.jar (com.android.tools.analytics-library:protos:31.10.1) with ExternalDependencyInstrumentingArtifactTransform
Transforming protobuf-java-3.25.5.jar (com.google.protobuf:protobuf-java:3.25.5) with InstrumentationAnalysisTransform
Transforming proto-google-common-protos-2.48.0.jar (com.google.api.grpc:proto-google-common-protos:2.48.0) with ExternalDependencyInstrumentingArtifactTransform
Transforming protobuf-java-3.25.5.jar (com.google.protobuf:protobuf-java:3.25.5) with MergeInstrumentationAnalysisTransform
Transforming grpc-stub-1.69.1.jar (io.grpc:grpc-stub:1.69.1) with InstrumentationAnalysisTransform
Transforming grpc-stub-1.69.1.jar (io.grpc:grpc-stub:1.69.1) with MergeInstrumentationAnalysisTransform
Transforming protobuf-java-3.25.5.jar (com.google.protobuf:protobuf-java:3.25.5) with ExternalDependencyInstrumentingArtifactTransform
Transforming tensorflow-lite-metadata-0.2.0.jar (org.tensorflow:tensorflow-lite-metadata:0.2.0) with InstrumentationAnalysisTransform
Transforming tensorflow-lite-metadata-0.2.0.jar (org.tensorflow:tensorflow-lite-metadata:0.2.0) with MergeInstrumentationAnalysisTransform
Transforming flatbuffers-java-1.12.0.jar (com.google.flatbuffers:flatbuffers-java:1.12.0) with InstrumentationAnalysisTransform
Transforming flatbuffers-java-1.12.0.jar (com.google.flatbuffers:flatbuffers-java:1.12.0) with MergeInstrumentationAnalysisTransform
Transforming grpc-stub-1.69.1.jar (io.grpc:grpc-stub:1.69.1) with ExternalDependencyInstrumentingArtifactTransform
Transforming tensorflow-lite-metadata-0.2.0.jar (org.tensorflow:tensorflow-lite-metadata:0.2.0) with ExternalDependencyInstrumentingArtifactTransform
Transforming jimfs-1.1.jar (com.google.jimfs:jimfs:1.1) with InstrumentationAnalysisTransform
Transforming jimfs-1.1.jar (com.google.jimfs:jimfs:1.1) with MergeInstrumentationAnalysisTransform
Transforming grpc-context-1.69.1.jar (io.grpc:grpc-context:1.69.1) with InstrumentationAnalysisTransform
Transforming flatbuffers-java-1.12.0.jar (com.google.flatbuffers:flatbuffers-java:1.12.0) with ExternalDependencyInstrumentingArtifactTransform
Transforming grpc-context-1.69.1.jar (io.grpc:grpc-context:1.69.1) with MergeInstrumentationAnalysisTransform
Transforming grpc-protobuf-lite-1.69.1.jar (io.grpc:grpc-protobuf-lite:1.69.1) with InstrumentationAnalysisTransform
Transforming jimfs-1.1.jar (com.google.jimfs:jimfs:1.1) with ExternalDependencyInstrumentingArtifactTransform
Transforming grpc-protobuf-lite-1.69.1.jar (io.grpc:grpc-protobuf-lite:1.69.1) with MergeInstrumentationAnalysisTransform
Transforming grpc-api-1.69.1.jar (io.grpc:grpc-api:1.69.1) with InstrumentationAnalysisTransform
Transforming grpc-context-1.69.1.jar (io.grpc:grpc-context:1.69.1) with ExternalDependencyInstrumentingArtifactTransform
Transforming grpc-protobuf-lite-1.69.1.jar (io.grpc:grpc-protobuf-lite:1.69.1) with ExternalDependencyInstrumentingArtifactTransform
Transforming grpc-api-1.69.1.jar (io.grpc:grpc-api:1.69.1) with MergeInstrumentationAnalysisTransform
Transforming guava-33.3.1-jre.jar (com.google.guava:guava:33.3.1-jre) with InstrumentationAnalysisTransform
Transforming grpc-api-1.69.1.jar (io.grpc:grpc-api:1.69.1) with ExternalDependencyInstrumentingArtifactTransform
Transforming guava-33.3.1-jre.jar (com.google.guava:guava:33.3.1-jre) with MergeInstrumentationAnalysisTransform
Transforming error_prone_annotations-2.30.0.jar (com.google.errorprone:error_prone_annotations:2.30.0) with InstrumentationAnalysisTransform
Transforming error_prone_annotations-2.30.0.jar (com.google.errorprone:error_prone_annotations:2.30.0) with MergeInstrumentationAnalysisTransform
Transforming dagger-2.28.3.jar (com.google.dagger:dagger:2.28.3) with InstrumentationAnalysisTransform
Transforming dagger-2.28.3.jar (com.google.dagger:dagger:2.28.3) with MergeInstrumentationAnalysisTransform
Transforming guava-33.3.1-jre.jar (com.google.guava:guava:33.3.1-jre) with ExternalDependencyInstrumentingArtifactTransform
Transforming error_prone_annotations-2.30.0.jar (com.google.errorprone:error_prone_annotations:2.30.0) with ExternalDependencyInstrumentingArtifactTransform
Transforming javax.inject-1.jar (javax.inject:javax.inject:1) with InstrumentationAnalysisTransform
Transforming javax.inject-1.jar (javax.inject:javax.inject:1) with MergeInstrumentationAnalysisTransform
Transforming dagger-2.28.3.jar (com.google.dagger:dagger:2.28.3) with ExternalDependencyInstrumentingArtifactTransform
Transforming kxml2-2.3.0.jar (net.sf.kxml:kxml2:2.3.0) with InstrumentationAnalysisTransform
Transforming kxml2-2.3.0.jar (net.sf.kxml:kxml2:2.3.0) with MergeInstrumentationAnalysisTransform
Transforming javax.inject-1.jar (javax.inject:javax.inject:1) with ExternalDependencyInstrumentingArtifactTransform
Transforming commons-compress-1.21.jar (org.apache.commons:commons-compress:1.21) with InstrumentationAnalysisTransform
Transforming commons-compress-1.21.jar (org.apache.commons:commons-compress:1.21) with MergeInstrumentationAnalysisTransform
Transforming bcutil-jdk18on-1.79.jar (org.bouncycastle:bcutil-jdk18on:1.79) with InstrumentationAnalysisTransform
Transforming kxml2-2.3.0.jar (net.sf.kxml:kxml2:2.3.0) with ExternalDependencyInstrumentingArtifactTransform
Transforming bcutil-jdk18on-1.79.jar (org.bouncycastle:bcutil-jdk18on:1.79) with MergeInstrumentationAnalysisTransform
Transforming bcprov-jdk18on-1.79.jar (org.bouncycastle:bcprov-jdk18on:1.79) with InstrumentationAnalysisTransform
Transforming bcprov-jdk18on-1.79.jar (org.bouncycastle:bcprov-jdk18on:1.79) with MergeInstrumentationAnalysisTransform
Transforming commons-compress-1.21.jar (org.apache.commons:commons-compress:1.21) with ExternalDependencyInstrumentingArtifactTransform
Transforming bcutil-jdk18on-1.79.jar (org.bouncycastle:bcutil-jdk18on:1.79) with ExternalDependencyInstrumentingArtifactTransform
Transforming httpclient-4.5.14.jar (org.apache.httpcomponents:httpclient:4.5.14) with InstrumentationAnalysisTransform
Transforming bcprov-jdk18on-1.79.jar (org.bouncycastle:bcprov-jdk18on:1.79) with ExternalDependencyInstrumentingArtifactTransform
Transforming httpclient-4.5.14.jar (org.apache.httpcomponents:httpclient:4.5.14) with MergeInstrumentationAnalysisTransform
Transforming httpcore-4.4.16.jar (org.apache.httpcomponents:httpcore:4.4.16) with InstrumentationAnalysisTransform
Transforming httpcore-4.4.16.jar (org.apache.httpcomponents:httpcore:4.4.16) with MergeInstrumentationAnalysisTransform
Transforming javax.activation-1.2.0.jar (com.sun.activation:javax.activation:1.2.0) with InstrumentationAnalysisTransform
Transforming javax.activation-1.2.0.jar (com.sun.activation:javax.activation:1.2.0) with MergeInstrumentationAnalysisTransform
Transforming httpcore-4.4.16.jar (org.apache.httpcomponents:httpcore:4.4.16) with ExternalDependencyInstrumentingArtifactTransform
Transforming signflinger-8.10.1.jar (com.android:signflinger:8.10.1) with InstrumentationAnalysisTransform
Transforming signflinger-8.10.1.jar (com.android:signflinger:8.10.1) with MergeInstrumentationAnalysisTransform
Transforming httpclient-4.5.14.jar (org.apache.httpcomponents:httpclient:4.5.14) with ExternalDependencyInstrumentingArtifactTransform
Transforming zipflinger-8.10.1.jar (com.android:zipflinger:8.10.1) with InstrumentationAnalysisTransform
Transforming signflinger-8.10.1.jar (com.android:signflinger:8.10.1) with ExternalDependencyInstrumentingArtifactTransform
Transforming javax.activation-1.2.0.jar (com.sun.activation:javax.activation:1.2.0) with ExternalDependencyInstrumentingArtifactTransform
Transforming zipflinger-8.10.1.jar (com.android:zipflinger:8.10.1) with MergeInstrumentationAnalysisTransform
Transforming annotations-31.10.1.jar (com.android.tools:annotations:31.10.1) with InstrumentationAnalysisTransform
Transforming annotations-31.10.1.jar (com.android.tools:annotations:31.10.1) with MergeInstrumentationAnalysisTransform
Transforming jna-platform-5.6.0.jar (net.java.dev.jna:jna-platform:5.6.0) with InstrumentationAnalysisTransform
Transforming jna-platform-5.6.0.jar (net.java.dev.jna:jna-platform:5.6.0) with MergeInstrumentationAnalysisTransform
Transforming zipflinger-8.10.1.jar (com.android:zipflinger:8.10.1) with ExternalDependencyInstrumentingArtifactTransform
Transforming annotations-31.10.1.jar (com.android.tools:annotations:31.10.1) with ExternalDependencyInstrumentingArtifactTransform
Transforming juniversalchardet-1.0.3.jar (com.googlecode.juniversalchardet:juniversalchardet:1.0.3) with InstrumentationAnalysisTransform
Transforming juniversalchardet-1.0.3.jar (com.googlecode.juniversalchardet:juniversalchardet:1.0.3) with MergeInstrumentationAnalysisTransform
Transforming jna-platform-5.6.0.jar (net.java.dev.jna:jna-platform:5.6.0) with ExternalDependencyInstrumentingArtifactTransform
Transforming javax.annotation-api-1.3.2.jar (javax.annotation:javax.annotation-api:1.3.2) with InstrumentationAnalysisTransform
Transforming javax.annotation-api-1.3.2.jar (javax.annotation:javax.annotation-api:1.3.2) with MergeInstrumentationAnalysisTransform
Transforming stax-ex-1.8.1.jar (org.jvnet.staxex:stax-ex:1.8.1) with InstrumentationAnalysisTransform
Transforming stax-ex-1.8.1.jar (org.jvnet.staxex:stax-ex:1.8.1) with MergeInstrumentationAnalysisTransform
Transforming jakarta.xml.bind-api-2.3.2.jar (jakarta.xml.bind:jakarta.xml.bind-api:2.3.2) with InstrumentationAnalysisTransform
Transforming jakarta.xml.bind-api-2.3.2.jar (jakarta.xml.bind:jakarta.xml.bind-api:2.3.2) with MergeInstrumentationAnalysisTransform
Transforming txw2-2.3.2.jar (org.glassfish.jaxb:txw2:2.3.2) with InstrumentationAnalysisTransform
Transforming txw2-2.3.2.jar (org.glassfish.jaxb:txw2:2.3.2) with MergeInstrumentationAnalysisTransform
Transforming istack-commons-runtime-3.0.8.jar (com.sun.istack:istack-commons-runtime:3.0.8) with InstrumentationAnalysisTransform
Transforming javax.annotation-api-1.3.2.jar (javax.annotation:javax.annotation-api:1.3.2) with ExternalDependencyInstrumentingArtifactTransform
Transforming stax-ex-1.8.1.jar (org.jvnet.staxex:stax-ex:1.8.1) with ExternalDependencyInstrumentingArtifactTransform
Transforming istack-commons-runtime-3.0.8.jar (com.sun.istack:istack-commons-runtime:3.0.8) with MergeInstrumentationAnalysisTransform
Transforming juniversalchardet-1.0.3.jar (com.googlecode.juniversalchardet:juniversalchardet:1.0.3) with ExternalDependencyInstrumentingArtifactTransform
Transforming FastInfoset-1.2.16.jar (com.sun.xml.fastinfoset:FastInfoset:1.2.16) with InstrumentationAnalysisTransform
Transforming istack-commons-runtime-3.0.8.jar (com.sun.istack:istack-commons-runtime:3.0.8) with ExternalDependencyInstrumentingArtifactTransform
Transforming jakarta.xml.bind-api-2.3.2.jar (jakarta.xml.bind:jakarta.xml.bind-api:2.3.2) with ExternalDependencyInstrumentingArtifactTransform
Transforming FastInfoset-1.2.16.jar (com.sun.xml.fastinfoset:FastInfoset:1.2.16) with MergeInstrumentationAnalysisTransform
Transforming txw2-2.3.2.jar (org.glassfish.jaxb:txw2:2.3.2) with ExternalDependencyInstrumentingArtifactTransform
Transforming jakarta.activation-api-1.2.1.jar (jakarta.activation:jakarta.activation-api:1.2.1) with InstrumentationAnalysisTransform
Transforming jakarta.activation-api-1.2.1.jar (jakarta.activation:jakarta.activation-api:1.2.1) with MergeInstrumentationAnalysisTransform
Transforming auto-value-annotations-1.6.2.jar (com.google.auto.value:auto-value-annotations:1.6.2) with InstrumentationAnalysisTransform
Transforming FastInfoset-1.2.16.jar (com.sun.xml.fastinfoset:FastInfoset:1.2.16) with ExternalDependencyInstrumentingArtifactTransform
Transforming auto-value-annotations-1.6.2.jar (com.google.auto.value:auto-value-annotations:1.6.2) with MergeInstrumentationAnalysisTransform
Transforming jakarta.activation-api-1.2.1.jar (jakarta.activation:jakarta.activation-api:1.2.1) with ExternalDependencyInstrumentingArtifactTransform
Transforming jose4j-0.9.5.jar (org.bitbucket.b_c:jose4j:0.9.5) with InstrumentationAnalysisTransform
Transforming jose4j-0.9.5.jar (org.bitbucket.b_c:jose4j:0.9.5) with MergeInstrumentationAnalysisTransform
Transforming slf4j-api-1.7.30.jar (org.slf4j:slf4j-api:1.7.30) with InstrumentationAnalysisTransform
Transforming auto-value-annotations-1.6.2.jar (com.google.auto.value:auto-value-annotations:1.6.2) with ExternalDependencyInstrumentingArtifactTransform
Transforming slf4j-api-1.7.30.jar (org.slf4j:slf4j-api:1.7.30) with MergeInstrumentationAnalysisTransform
Transforming jdom2-2.0.6.jar (org.jdom:jdom2:2.0.6) with InstrumentationAnalysisTransform
Transforming jose4j-0.9.5.jar (org.bitbucket.b_c:jose4j:0.9.5) with ExternalDependencyInstrumentingArtifactTransform
Transforming jdom2-2.0.6.jar (org.jdom:jdom2:2.0.6) with MergeInstrumentationAnalysisTransform
Transforming jsr305-3.0.2.jar (com.google.code.findbugs:jsr305:3.0.2) with InstrumentationAnalysisTransform
Transforming slf4j-api-1.7.30.jar (org.slf4j:slf4j-api:1.7.30) with ExternalDependencyInstrumentingArtifactTransform
Transforming jsr305-3.0.2.jar (com.google.code.findbugs:jsr305:3.0.2) with MergeInstrumentationAnalysisTransform
Transforming j2objc-annotations-3.0.0.jar (com.google.j2objc:j2objc-annotations:3.0.0) with InstrumentationAnalysisTransform
Transforming jdom2-2.0.6.jar (org.jdom:jdom2:2.0.6) with ExternalDependencyInstrumentingArtifactTransform
Transforming j2objc-annotations-3.0.0.jar (com.google.j2objc:j2objc-annotations:3.0.0) with MergeInstrumentationAnalysisTransform
Transforming annotations-4.1.1.4.jar (com.google.android:annotations:4.1.1.4) with InstrumentationAnalysisTransform
Transforming jsr305-3.0.2.jar (com.google.code.findbugs:jsr305:3.0.2) with ExternalDependencyInstrumentingArtifactTransform
Transforming annotations-4.1.1.4.jar (com.google.android:annotations:4.1.1.4) with MergeInstrumentationAnalysisTransform
Transforming animal-sniffer-annotations-1.24.jar (org.codehaus.mojo:animal-sniffer-annotations:1.24) with InstrumentationAnalysisTransform
Transforming j2objc-annotations-3.0.0.jar (com.google.j2objc:j2objc-annotations:3.0.0) with ExternalDependencyInstrumentingArtifactTransform
Transforming animal-sniffer-annotations-1.24.jar (org.codehaus.mojo:animal-sniffer-annotations:1.24) with MergeInstrumentationAnalysisTransform
Transforming perfmark-api-0.27.0.jar (io.perfmark:perfmark-api:0.27.0) with InstrumentationAnalysisTransform
Transforming annotations-4.1.1.4.jar (com.google.android:annotations:4.1.1.4) with ExternalDependencyInstrumentingArtifactTransform
Transforming perfmark-api-0.27.0.jar (io.perfmark:perfmark-api:0.27.0) with MergeInstrumentationAnalysisTransform
Transforming netty-codec-http2-4.1.110.Final.jar (io.netty:netty-codec-http2:4.1.110.Final) with InstrumentationAnalysisTransform
Transforming animal-sniffer-annotations-1.24.jar (org.codehaus.mojo:animal-sniffer-annotations:1.24) with ExternalDependencyInstrumentingArtifactTransform
Transforming netty-codec-http2-4.1.110.Final.jar (io.netty:netty-codec-http2:4.1.110.Final) with MergeInstrumentationAnalysisTransform
Transforming netty-handler-proxy-4.1.110.Final.jar (io.netty:netty-handler-proxy:4.1.110.Final) with InstrumentationAnalysisTransform
Transforming perfmark-api-0.27.0.jar (io.perfmark:perfmark-api:0.27.0) with ExternalDependencyInstrumentingArtifactTransform
Transforming netty-handler-proxy-4.1.110.Final.jar (io.netty:netty-handler-proxy:4.1.110.Final) with MergeInstrumentationAnalysisTransform
Transforming netty-codec-http2-4.1.110.Final.jar (io.netty:netty-codec-http2:4.1.110.Final) with ExternalDependencyInstrumentingArtifactTransform
Transforming netty-codec-http-4.1.110.Final.jar (io.netty:netty-codec-http:4.1.110.Final) with InstrumentationAnalysisTransform
Transforming netty-codec-http-4.1.110.Final.jar (io.netty:netty-codec-http:4.1.110.Final) with MergeInstrumentationAnalysisTransform
Transforming netty-handler-4.1.110.Final.jar (io.netty:netty-handler:4.1.110.Final) with InstrumentationAnalysisTransform
Transforming netty-handler-proxy-4.1.110.Final.jar (io.netty:netty-handler-proxy:4.1.110.Final) with ExternalDependencyInstrumentingArtifactTransform
Transforming netty-handler-4.1.110.Final.jar (io.netty:netty-handler:4.1.110.Final) with MergeInstrumentationAnalysisTransform
Transforming netty-transport-native-unix-common-4.1.110.Final.jar (io.netty:netty-transport-native-unix-common:4.1.110.Final) with InstrumentationAnalysisTransform
Transforming netty-transport-native-unix-common-4.1.110.Final.jar (io.netty:netty-transport-native-unix-common:4.1.110.Final) with MergeInstrumentationAnalysisTransform
Transforming checker-qual-3.43.0.jar (org.checkerframework:checker-qual:3.43.0) with InstrumentationAnalysisTransform
Transforming netty-codec-http-4.1.110.Final.jar (io.netty:netty-codec-http:4.1.110.Final) with ExternalDependencyInstrumentingArtifactTransform
Transforming checker-qual-3.43.0.jar (org.checkerframework:checker-qual:3.43.0) with MergeInstrumentationAnalysisTransform
Transforming netty-transport-native-unix-common-4.1.110.Final.jar (io.netty:netty-transport-native-unix-common:4.1.110.Final) with ExternalDependencyInstrumentingArtifactTransform
Transforming apksig-8.10.1.jar (com.android.tools.build:apksig:8.10.1) with InstrumentationAnalysisTransform
Transforming netty-handler-4.1.110.Final.jar (io.netty:netty-handler:4.1.110.Final) with ExternalDependencyInstrumentingArtifactTransform
Transforming apksig-8.10.1.jar (com.android.tools.build:apksig:8.10.1) with MergeInstrumentationAnalysisTransform
Transforming javawriter-2.5.0.jar (com.squareup:javawriter:2.5.0) with InstrumentationAnalysisTransform
Transforming checker-qual-3.43.0.jar (org.checkerframework:checker-qual:3.43.0) with ExternalDependencyInstrumentingArtifactTransform
Transforming javawriter-2.5.0.jar (com.squareup:javawriter:2.5.0) with MergeInstrumentationAnalysisTransform
Transforming failureaccess-1.0.2.jar (com.google.guava:failureaccess:1.0.2) with InstrumentationAnalysisTransform
Transforming apksig-8.10.1.jar (com.android.tools.build:apksig:8.10.1) with ExternalDependencyInstrumentingArtifactTransform
Transforming failureaccess-1.0.2.jar (com.google.guava:failureaccess:1.0.2) with MergeInstrumentationAnalysisTransform
Transforming javawriter-2.5.0.jar (com.squareup:javawriter:2.5.0) with ExternalDependencyInstrumentingArtifactTransform
Transforming listenablefuture-9999.0-empty-to-avoid-conflict-with-guava.jar (com.google.guava:listenablefuture:9999.0-empty-to-avoid-conflict-with-guava) with InstrumentationAnalysisTransform
Transforming failureaccess-1.0.2.jar (com.google.guava:failureaccess:1.0.2) with ExternalDependencyInstrumentingArtifactTransform
Transforming listenablefuture-9999.0-empty-to-avoid-conflict-with-guava.jar (com.google.guava:listenablefuture:9999.0-empty-to-avoid-conflict-with-guava) with MergeInstrumentationAnalysisTransform
Transforming commons-logging-1.2.jar (commons-logging:commons-logging:1.2) with InstrumentationAnalysisTransform
Transforming commons-logging-1.2.jar (commons-logging:commons-logging:1.2) with MergeInstrumentationAnalysisTransform
Transforming commons-codec-1.11.jar (commons-codec:commons-codec:1.11) with InstrumentationAnalysisTransform
Transforming commons-codec-1.11.jar (commons-codec:commons-codec:1.11) with MergeInstrumentationAnalysisTransform
Transforming listenablefuture-9999.0-empty-to-avoid-conflict-with-guava.jar (com.google.guava:listenablefuture:9999.0-empty-to-avoid-conflict-with-guava) with ExternalDependencyInstrumentingArtifactTransform
Transforming jna-5.6.0.jar (net.java.dev.jna:jna:5.6.0) with InstrumentationAnalysisTransform
Transforming commons-logging-1.2.jar (commons-logging:commons-logging:1.2) with ExternalDependencyInstrumentingArtifactTransform
Transforming jna-5.6.0.jar (net.java.dev.jna:jna:5.6.0) with MergeInstrumentationAnalysisTransform
Transforming netty-codec-socks-4.1.110.Final.jar (io.netty:netty-codec-socks:4.1.110.Final) with InstrumentationAnalysisTransform
Transforming commons-codec-1.11.jar (commons-codec:commons-codec:1.11) with ExternalDependencyInstrumentingArtifactTransform
Transforming netty-codec-socks-4.1.110.Final.jar (io.netty:netty-codec-socks:4.1.110.Final) with MergeInstrumentationAnalysisTransform
Transforming netty-codec-4.1.110.Final.jar (io.netty:netty-codec:4.1.110.Final) with InstrumentationAnalysisTransform
Transforming jna-5.6.0.jar (net.java.dev.jna:jna:5.6.0) with ExternalDependencyInstrumentingArtifactTransform
Transforming netty-codec-4.1.110.Final.jar (io.netty:netty-codec:4.1.110.Final) with MergeInstrumentationAnalysisTransform
Transforming netty-transport-4.1.110.Final.jar (io.netty:netty-transport:4.1.110.Final) with InstrumentationAnalysisTransform
Transforming netty-codec-socks-4.1.110.Final.jar (io.netty:netty-codec-socks:4.1.110.Final) with ExternalDependencyInstrumentingArtifactTransform
Transforming netty-transport-4.1.110.Final.jar (io.netty:netty-transport:4.1.110.Final) with MergeInstrumentationAnalysisTransform
Transforming netty-buffer-4.1.110.Final.jar (io.netty:netty-buffer:4.1.110.Final) with InstrumentationAnalysisTransform
Transforming netty-codec-4.1.110.Final.jar (io.netty:netty-codec:4.1.110.Final) with ExternalDependencyInstrumentingArtifactTransform
Transforming netty-buffer-4.1.110.Final.jar (io.netty:netty-buffer:4.1.110.Final) with MergeInstrumentationAnalysisTransform
Transforming netty-transport-4.1.110.Final.jar (io.netty:netty-transport:4.1.110.Final) with ExternalDependencyInstrumentingArtifactTransform
Transforming netty-resolver-4.1.110.Final.jar (io.netty:netty-resolver:4.1.110.Final) with InstrumentationAnalysisTransform
Transforming netty-buffer-4.1.110.Final.jar (io.netty:netty-buffer:4.1.110.Final) with ExternalDependencyInstrumentingArtifactTransform
Transforming netty-resolver-4.1.110.Final.jar (io.netty:netty-resolver:4.1.110.Final) with MergeInstrumentationAnalysisTransform
Transforming netty-common-4.1.110.Final.jar (io.netty:netty-common:4.1.110.Final) with InstrumentationAnalysisTransform
Transforming netty-common-4.1.110.Final.jar (io.netty:netty-common:4.1.110.Final) with MergeInstrumentationAnalysisTransform
Transforming netty-resolver-4.1.110.Final.jar (io.netty:netty-resolver:4.1.110.Final) with ExternalDependencyInstrumentingArtifactTransform
Transforming netty-common-4.1.110.Final.jar (io.netty:netty-common:4.1.110.Final) with ExternalDependencyInstrumentingArtifactTransform
Transforming plugins.jar (project :build-logic:plugins) with ProjectDependencyInstrumentingArtifactTransform
Transforming tools.jar (project :build-logic:tools) with ProjectDependencyInstrumentingArtifactTransform
Using default execution profile
Using Kotlin Gradle Plugin gradle811 variant

> Configure project :qr-app
Evaluating project ':qr-app' using build file '/home/lollerfirst/Signal-Android/qr/app/build.gradle.kts'.
Transforming classes with InstrumentationAnalysisTransform
Transforming classes with InstrumentationAnalysisTransform
Transforming gradle-8.10.1.jar (com.android.tools.build:gradle:8.10.1) with InstrumentationAnalysisTransform
Transforming gradle-settings-api-8.10.1.jar (com.android.tools.build:gradle-settings-api:8.10.1) with InstrumentationAnalysisTransform
Transforming lint-model-31.10.1.jar (com.android.tools.lint:lint-model:31.10.1) with InstrumentationAnalysisTransform
Transforming builder-8.10.1.jar (com.android.tools.build:builder:8.10.1) with InstrumentationAnalysisTransform
Transforming manifest-merger-31.10.1.jar (com.android.tools.build:manifest-merger:31.10.1) with InstrumentationAnalysisTransform
Transforming sdk-common-31.10.1.jar (com.android.tools:sdk-common:31.10.1) with InstrumentationAnalysisTransform
Transforming sdklib-31.10.1.jar (com.android.tools:sdklib:31.10.1) with InstrumentationAnalysisTransform
Transforming repository-31.10.1.jar (com.android.tools:repository:31.10.1) with InstrumentationAnalysisTransform
Transforming aaptcompiler-8.10.1.jar (com.android.tools.build:aaptcompiler:8.10.1) with InstrumentationAnalysisTransform
Transforming tracker-31.10.1.jar (com.android.tools.analytics-library:tracker:31.10.1) with InstrumentationAnalysisTransform
Transforming shared-31.10.1.jar (com.android.tools.analytics-library:shared:31.10.1) with InstrumentationAnalysisTransform
Transforming databinding-compiler-common-8.10.1.jar (androidx.databinding:databinding-compiler-common:8.10.1) with InstrumentationAnalysisTransform
Transforming android-test-plugin-host-emulator-control-proto-31.10.1.jar (com.android.tools.utp:android-test-plugin-host-emulator-control-proto:31.10.1) with InstrumentationAnalysisTransform
Transforming builder-model-8.10.1.jar (com.android.tools.build:builder-model:8.10.1) with InstrumentationAnalysisTransform
Transforming gradle-api-8.10.1.jar (com.android.tools.build:gradle-api:8.10.1) with InstrumentationAnalysisTransform
Transforming builder-test-api-8.10.1.jar (com.android.tools.build:builder-test-api:8.10.1) with InstrumentationAnalysisTransform
Transforming ddmlib-31.10.1.jar (com.android.tools.ddms:ddmlib:31.10.1) with InstrumentationAnalysisTransform
Transforming layoutlib-api-31.10.1.jar (com.android.tools.layoutlib:layoutlib-api:31.10.1) with InstrumentationAnalysisTransform
Transforming dvlib-31.10.1.jar (com.android.tools:dvlib:31.10.1) with InstrumentationAnalysisTransform
Transforming common-31.10.1.jar (com.android.tools:common:31.10.1) with InstrumentationAnalysisTransform
Transforming kotlin-stdlib-jdk8-2.1.0.jar (org.jetbrains.kotlin:kotlin-stdlib-jdk8:2.1.0) with InstrumentationAnalysisTransform
Transforming jetifier-processor-1.0.0-beta10.jar (com.android.tools.build.jetifier:jetifier-processor:1.0.0-beta10) with InstrumentationAnalysisTransform
Transforming jetifier-core-1.0.0-beta10.jar (com.android.tools.build.jetifier:jetifier-core:1.0.0-beta10) with InstrumentationAnalysisTransform
Transforming kotlin-reflect-2.0.20.jar (org.jetbrains.kotlin:kotlin-reflect:2.0.20) with InstrumentationAnalysisTransform
Transforming kotlin-stdlib-jdk7-2.1.0.jar (org.jetbrains.kotlin:kotlin-stdlib-jdk7:2.1.0) with InstrumentationAnalysisTransform
Transforming kotlin-stdlib-2.0.20.jar (org.jetbrains.kotlin:kotlin-stdlib:2.0.20) with InstrumentationAnalysisTransform
Transforming annotations-13.0.jar (org.jetbrains:annotations:13.0) with InstrumentationAnalysisTransform
Transforming kotlin-gradle-plugin-model-2.2.20.jar (org.jetbrains.kotlin:kotlin-gradle-plugin-model:2.2.20) with InstrumentationAnalysisTransform
Transforming fus-statistics-gradle-plugin-2.2.20-gradle811.jar (org.jetbrains.kotlin:fus-statistics-gradle-plugin:2.2.20) with InstrumentationAnalysisTransform
Transforming kotlin-gradle-plugin-api-2.2.20.jar (org.jetbrains.kotlin:kotlin-gradle-plugin-api:2.2.20) with InstrumentationAnalysisTransform
Transforming kotlin-gradle-plugin-api-2.2.20-gradle811.jar (org.jetbrains.kotlin:kotlin-gradle-plugin-api:2.2.20) with InstrumentationAnalysisTransform
Transforming kotlin-gradle-plugin-2.2.20-gradle811.jar (org.jetbrains.kotlin:kotlin-gradle-plugin:2.2.20) with InstrumentationAnalysisTransform
Transforming ktlint-gradle-12.1.1.jar (org.jlleitschuh.gradle:ktlint-gradle:12.1.1) with InstrumentationAnalysisTransform
Transforming kotlin-gradle-plugin-idea-proto-2.2.20.jar (org.jetbrains.kotlin:kotlin-gradle-plugin-idea-proto:2.2.20) with InstrumentationAnalysisTransform
Transforming kotlin-gradle-plugin-idea-2.2.20.jar (org.jetbrains.kotlin:kotlin-gradle-plugin-idea:2.2.20) with InstrumentationAnalysisTransform
Transforming kotlin-klib-commonizer-api-2.2.20.jar (org.jetbrains.kotlin:kotlin-klib-commonizer-api:2.2.20) with InstrumentationAnalysisTransform
Transforming kotlin-build-statistics-2.2.20.jar (org.jetbrains.kotlin:kotlin-build-statistics:2.2.20) with InstrumentationAnalysisTransform
Transforming kotlin-util-klib-metadata-2.2.20.jar (org.jetbrains.kotlin:kotlin-util-klib-metadata:2.2.20) with InstrumentationAnalysisTransform
Transforming abi-tools-api-2.2.20.jar (org.jetbrains.kotlin:abi-tools-api:2.2.20) with InstrumentationAnalysisTransform
Transforming kotlin-compiler-runner-2.2.20.jar (org.jetbrains.kotlin:kotlin-compiler-runner:2.2.20) with InstrumentationAnalysisTransform
Transforming dnsjava-2.1.9.jar (dnsjava:dnsjava:2.1.9) with InstrumentationAnalysisTransform
Transforming kotlin-gradle-plugin-annotations-2.2.20.jar (org.jetbrains.kotlin:kotlin-gradle-plugin-annotations:2.2.20) with InstrumentationAnalysisTransform
Transforming kotlin-native-utils-2.2.20.jar (org.jetbrains.kotlin:kotlin-native-utils:2.2.20) with InstrumentationAnalysisTransform
Transforming kotlin-tooling-core-2.2.20.jar (org.jetbrains.kotlin:kotlin-tooling-core:2.2.20) with InstrumentationAnalysisTransform
Transforming kotlin-build-tools-api-2.2.20.jar (org.jetbrains.kotlin:kotlin-build-tools-api:2.2.20) with InstrumentationAnalysisTransform
Transforming android-test-plugin-result-listener-gradle-proto-31.10.1.jar (com.android.tools.utp:android-test-plugin-result-listener-gradle-proto:31.10.1) with InstrumentationAnalysisTransform
Transforming bundletool-1.18.0.jar (com.android.tools.build:bundletool:1.18.0) with InstrumentationAnalysisTransform
Transforming protobuf-java-util-3.25.5.jar (com.google.protobuf:protobuf-java-util:3.25.5) with InstrumentationAnalysisTransform
Transforming grpc-netty-1.69.1.jar (io.grpc:grpc-netty:1.69.1) with InstrumentationAnalysisTransform
Transforming grpc-inprocess-1.69.1.jar (io.grpc:grpc-inprocess:1.69.1) with InstrumentationAnalysisTransform
Transforming grpc-util-1.69.1.jar (io.grpc:grpc-util:1.69.1) with InstrumentationAnalysisTransform
Transforming grpc-core-1.69.1.jar (io.grpc:grpc-core:1.69.1) with InstrumentationAnalysisTransform
Transforming tink-1.7.0.jar (com.google.crypto.tink:tink:1.7.0) with InstrumentationAnalysisTransform
Transforming gson-2.11.0.jar (com.google.code.gson:gson:2.11.0) with InstrumentationAnalysisTransform
Transforming kotlin-util-klib-2.2.20.jar (org.jetbrains.kotlin:kotlin-util-klib:2.2.20) with InstrumentationAnalysisTransform
Transforming kotlin-util-io-2.2.20.jar (org.jetbrains.kotlin:kotlin-util-io:2.2.20) with InstrumentationAnalysisTransform
Transforming kotlin-daemon-client-2.2.20.jar (org.jetbrains.kotlin:kotlin-daemon-client:2.2.20) with InstrumentationAnalysisTransform
Transforming kotlinx-coroutines-core-jvm-1.8.0.jar (org.jetbrains.kotlinx:kotlinx-coroutines-core-jvm:1.8.0) with InstrumentationAnalysisTransform
Transforming aapt2-proto-8.10.1-12782657.jar (com.android.tools.build:aapt2-proto:8.10.1-12782657) with InstrumentationAnalysisTransform
Transforming crash-31.10.1.jar (com.android.tools.analytics-library:crash:31.10.1) with InstrumentationAnalysisTransform
Transforming lint-typedef-remover-31.10.1.jar (com.android.tools.lint:lint-typedef-remover:31.10.1) with InstrumentationAnalysisTransform
Transforming databinding-common-8.10.1.jar (androidx.databinding:databinding-common:8.10.1) with InstrumentationAnalysisTransform
Transforming baseLibrary-8.10.1.jar (com.android.databinding:baseLibrary:8.10.1) with InstrumentationAnalysisTransform
Transforming android-device-provider-ddmlib-proto-31.10.1.jar (com.android.tools.utp:android-device-provider-ddmlib-proto:31.10.1) with InstrumentationAnalysisTransform
Transforming android-device-provider-gradle-proto-31.10.1.jar (com.android.tools.utp:android-device-provider-gradle-proto:31.10.1) with InstrumentationAnalysisTransform
Transforming android-device-provider-profile-proto-31.10.1.jar (com.android.tools.utp:android-device-provider-profile-proto:31.10.1) with InstrumentationAnalysisTransform
Transforming android-test-plugin-host-additional-test-output-proto-31.10.1.jar (com.android.tools.utp:android-test-plugin-host-additional-test-output-proto:31.10.1) with InstrumentationAnalysisTransform
Transforming android-test-plugin-host-coverage-proto-31.10.1.jar (com.android.tools.utp:android-test-plugin-host-coverage-proto:31.10.1) with InstrumentationAnalysisTransform
Transforming android-test-plugin-host-logcat-proto-31.10.1.jar (com.android.tools.utp:android-test-plugin-host-logcat-proto:31.10.1) with InstrumentationAnalysisTransform
Transforming android-test-plugin-host-apk-installer-proto-31.10.1.jar (com.android.tools.utp:android-test-plugin-host-apk-installer-proto:31.10.1) with InstrumentationAnalysisTransform
Transforming transform-api-2.0.0-deprecated-use-gradle-api.jar (com.android.tools.build:transform-api:2.0.0-deprecated-use-gradle-api) with InstrumentationAnalysisTransform
Transforming httpmime-4.5.6.jar (org.apache.httpcomponents:httpmime:4.5.6) with InstrumentationAnalysisTransform
Transforming commons-io-2.16.1.jar (commons-io:commons-io:2.16.1) with InstrumentationAnalysisTransform
Transforming asm-commons-9.7.1.jar (org.ow2.asm:asm-commons:9.7.1) with InstrumentationAnalysisTransform
Transforming asm-util-9.7.1.jar (org.ow2.asm:asm-util:9.7.1) with InstrumentationAnalysisTransform
Transforming asm-analysis-9.7.1.jar (org.ow2.asm:asm-analysis:9.7.1) with InstrumentationAnalysisTransform
Transforming asm-tree-9.7.1.jar (org.ow2.asm:asm-tree:9.7.1) with InstrumentationAnalysisTransform
Transforming asm-9.7.1.jar (org.ow2.asm:asm:9.7.1) with InstrumentationAnalysisTransform
Transforming apkzlib-8.10.1.jar (com.android.tools.build:apkzlib:8.10.1) with InstrumentationAnalysisTransform
Transforming bcpkix-jdk18on-1.79.jar (org.bouncycastle:bcpkix-jdk18on:1.79) with InstrumentationAnalysisTransform
Transforming jaxb-runtime-2.3.2.jar (org.glassfish.jaxb:jaxb-runtime:2.3.2) with InstrumentationAnalysisTransform
Transforming jopt-simple-4.9.jar (net.sf.jopt-simple:jopt-simple:4.9) with InstrumentationAnalysisTransform
Transforming javapoet-1.10.0.jar (com.squareup:javapoet:1.10.0) with InstrumentationAnalysisTransform
Transforming grpc-protobuf-1.69.1.jar (io.grpc:grpc-protobuf:1.69.1) with InstrumentationAnalysisTransform
Transforming core-proto-0.0.9-alpha03.jar (com.google.testing.platform:core-proto:0.0.9-alpha03) with InstrumentationAnalysisTransform
Transforming protos-31.10.1.jar (com.android.tools.analytics-library:protos:31.10.1) with InstrumentationAnalysisTransform
Transforming proto-google-common-protos-2.48.0.jar (com.google.api.grpc:proto-google-common-protos:2.48.0) with InstrumentationAnalysisTransform
Transforming protobuf-java-3.25.5.jar (com.google.protobuf:protobuf-java:3.25.5) with InstrumentationAnalysisTransform
Transforming grpc-stub-1.69.1.jar (io.grpc:grpc-stub:1.69.1) with InstrumentationAnalysisTransform
Transforming tensorflow-lite-metadata-0.2.0.jar (org.tensorflow:tensorflow-lite-metadata:0.2.0) with InstrumentationAnalysisTransform
Transforming flatbuffers-java-1.12.0.jar (com.google.flatbuffers:flatbuffers-java:1.12.0) with InstrumentationAnalysisTransform
Transforming jimfs-1.1.jar (com.google.jimfs:jimfs:1.1) with InstrumentationAnalysisTransform
Transforming grpc-context-1.69.1.jar (io.grpc:grpc-context:1.69.1) with InstrumentationAnalysisTransform
Transforming grpc-protobuf-lite-1.69.1.jar (io.grpc:grpc-protobuf-lite:1.69.1) with InstrumentationAnalysisTransform
Transforming grpc-api-1.69.1.jar (io.grpc:grpc-api:1.69.1) with InstrumentationAnalysisTransform
Transforming guava-33.3.1-jre.jar (com.google.guava:guava:33.3.1-jre) with InstrumentationAnalysisTransform
Transforming error_prone_annotations-2.30.0.jar (com.google.errorprone:error_prone_annotations:2.30.0) with InstrumentationAnalysisTransform
Transforming dagger-2.28.3.jar (com.google.dagger:dagger:2.28.3) with InstrumentationAnalysisTransform
Transforming javax.inject-1.jar (javax.inject:javax.inject:1) with InstrumentationAnalysisTransform
Transforming kxml2-2.3.0.jar (net.sf.kxml:kxml2:2.3.0) with InstrumentationAnalysisTransform
Transforming commons-compress-1.21.jar (org.apache.commons:commons-compress:1.21) with InstrumentationAnalysisTransform
Transforming bcutil-jdk18on-1.79.jar (org.bouncycastle:bcutil-jdk18on:1.79) with InstrumentationAnalysisTransform
Transforming bcprov-jdk18on-1.79.jar (org.bouncycastle:bcprov-jdk18on:1.79) with InstrumentationAnalysisTransform
Transforming httpclient-4.5.14.jar (org.apache.httpcomponents:httpclient:4.5.14) with InstrumentationAnalysisTransform
Transforming httpcore-4.4.16.jar (org.apache.httpcomponents:httpcore:4.4.16) with InstrumentationAnalysisTransform
Transforming javax.activation-1.2.0.jar (com.sun.activation:javax.activation:1.2.0) with InstrumentationAnalysisTransform
Transforming signflinger-8.10.1.jar (com.android:signflinger:8.10.1) with InstrumentationAnalysisTransform
Transforming zipflinger-8.10.1.jar (com.android:zipflinger:8.10.1) with InstrumentationAnalysisTransform
Transforming annotations-31.10.1.jar (com.android.tools:annotations:31.10.1) with InstrumentationAnalysisTransform
Transforming jna-platform-5.6.0.jar (net.java.dev.jna:jna-platform:5.6.0) with InstrumentationAnalysisTransform
Transforming juniversalchardet-1.0.3.jar (com.googlecode.juniversalchardet:juniversalchardet:1.0.3) with InstrumentationAnalysisTransform
Transforming javax.annotation-api-1.3.2.jar (javax.annotation:javax.annotation-api:1.3.2) with InstrumentationAnalysisTransform
Transforming stax-ex-1.8.1.jar (org.jvnet.staxex:stax-ex:1.8.1) with InstrumentationAnalysisTransform
Transforming jakarta.xml.bind-api-2.3.2.jar (jakarta.xml.bind:jakarta.xml.bind-api:2.3.2) with InstrumentationAnalysisTransform
Transforming txw2-2.3.2.jar (org.glassfish.jaxb:txw2:2.3.2) with InstrumentationAnalysisTransform
Transforming istack-commons-runtime-3.0.8.jar (com.sun.istack:istack-commons-runtime:3.0.8) with InstrumentationAnalysisTransform
Transforming FastInfoset-1.2.16.jar (com.sun.xml.fastinfoset:FastInfoset:1.2.16) with InstrumentationAnalysisTransform
Transforming jakarta.activation-api-1.2.1.jar (jakarta.activation:jakarta.activation-api:1.2.1) with InstrumentationAnalysisTransform
Transforming auto-value-annotations-1.6.2.jar (com.google.auto.value:auto-value-annotations:1.6.2) with InstrumentationAnalysisTransform
Transforming jose4j-0.9.5.jar (org.bitbucket.b_c:jose4j:0.9.5) with InstrumentationAnalysisTransform
Transforming slf4j-api-1.7.30.jar (org.slf4j:slf4j-api:1.7.30) with InstrumentationAnalysisTransform
Transforming jdom2-2.0.6.jar (org.jdom:jdom2:2.0.6) with InstrumentationAnalysisTransform
Transforming jsr305-3.0.2.jar (com.google.code.findbugs:jsr305:3.0.2) with InstrumentationAnalysisTransform
Transforming j2objc-annotations-3.0.0.jar (com.google.j2objc:j2objc-annotations:3.0.0) with InstrumentationAnalysisTransform
Transforming annotations-4.1.1.4.jar (com.google.android:annotations:4.1.1.4) with InstrumentationAnalysisTransform
Transforming animal-sniffer-annotations-1.24.jar (org.codehaus.mojo:animal-sniffer-annotations:1.24) with InstrumentationAnalysisTransform
Transforming perfmark-api-0.27.0.jar (io.perfmark:perfmark-api:0.27.0) with InstrumentationAnalysisTransform
Transforming netty-codec-http2-4.1.110.Final.jar (io.netty:netty-codec-http2:4.1.110.Final) with InstrumentationAnalysisTransform
Transforming netty-handler-proxy-4.1.110.Final.jar (io.netty:netty-handler-proxy:4.1.110.Final) with InstrumentationAnalysisTransform
Transforming netty-codec-http-4.1.110.Final.jar (io.netty:netty-codec-http:4.1.110.Final) with InstrumentationAnalysisTransform
Transforming netty-handler-4.1.110.Final.jar (io.netty:netty-handler:4.1.110.Final) with InstrumentationAnalysisTransform
Transforming netty-transport-native-unix-common-4.1.110.Final.jar (io.netty:netty-transport-native-unix-common:4.1.110.Final) with InstrumentationAnalysisTransform
Transforming checker-qual-3.43.0.jar (org.checkerframework:checker-qual:3.43.0) with InstrumentationAnalysisTransform
Transforming apksig-8.10.1.jar (com.android.tools.build:apksig:8.10.1) with InstrumentationAnalysisTransform
Transforming javawriter-2.5.0.jar (com.squareup:javawriter:2.5.0) with InstrumentationAnalysisTransform
Transforming failureaccess-1.0.2.jar (com.google.guava:failureaccess:1.0.2) with InstrumentationAnalysisTransform
Transforming listenablefuture-9999.0-empty-to-avoid-conflict-with-guava.jar (com.google.guava:listenablefuture:9999.0-empty-to-avoid-conflict-with-guava) with InstrumentationAnalysisTransform
Transforming commons-logging-1.2.jar (commons-logging:commons-logging:1.2) with InstrumentationAnalysisTransform
Transforming commons-codec-1.11.jar (commons-codec:commons-codec:1.11) with InstrumentationAnalysisTransform
Transforming jna-5.6.0.jar (net.java.dev.jna:jna:5.6.0) with InstrumentationAnalysisTransform
Transforming netty-codec-socks-4.1.110.Final.jar (io.netty:netty-codec-socks:4.1.110.Final) with InstrumentationAnalysisTransform
Transforming netty-codec-4.1.110.Final.jar (io.netty:netty-codec:4.1.110.Final) with InstrumentationAnalysisTransform
Transforming netty-transport-4.1.110.Final.jar (io.netty:netty-transport:4.1.110.Final) with InstrumentationAnalysisTransform
Transforming netty-buffer-4.1.110.Final.jar (io.netty:netty-buffer:4.1.110.Final) with InstrumentationAnalysisTransform
Transforming netty-resolver-4.1.110.Final.jar (io.netty:netty-resolver:4.1.110.Final) with InstrumentationAnalysisTransform
Transforming netty-common-4.1.110.Final.jar (io.netty:netty-common:4.1.110.Final) with InstrumentationAnalysisTransform
Transforming main (project :build-logic:plugins) with InstrumentationAnalysisTransform
Transforming main (project :build-logic:plugins) with InstrumentationAnalysisTransform
Transforming main (project :build-logic:plugins) with InstrumentationAnalysisTransform
Transforming main (project :build-logic:tools) with InstrumentationAnalysisTransform
Transforming main (project :build-logic:tools) with InstrumentationAnalysisTransform
Transforming classes with InstrumentationAnalysisTransform
Transforming classes with MergeInstrumentationAnalysisTransform
Transforming classes with InstrumentationAnalysisTransform
Transforming classes with MergeInstrumentationAnalysisTransform
Transforming gradle-8.10.1.jar (com.android.tools.build:gradle:8.10.1) with InstrumentationAnalysisTransform
Transforming gradle-8.10.1.jar (com.android.tools.build:gradle:8.10.1) with MergeInstrumentationAnalysisTransform
Transforming gradle-settings-api-8.10.1.jar (com.android.tools.build:gradle-settings-api:8.10.1) with InstrumentationAnalysisTransform
Transforming gradle-settings-api-8.10.1.jar (com.android.tools.build:gradle-settings-api:8.10.1) with MergeInstrumentationAnalysisTransform
Transforming lint-model-31.10.1.jar (com.android.tools.lint:lint-model:31.10.1) with InstrumentationAnalysisTransform
Transforming lint-model-31.10.1.jar (com.android.tools.lint:lint-model:31.10.1) with MergeInstrumentationAnalysisTransform
Transforming classes with ExternalDependencyInstrumentingArtifactTransform
Transforming classes with ExternalDependencyInstrumentingArtifactTransform
Transforming builder-8.10.1.jar (com.android.tools.build:builder:8.10.1) with InstrumentationAnalysisTransform
Transforming gradle-8.10.1.jar (com.android.tools.build:gradle:8.10.1) with ExternalDependencyInstrumentingArtifactTransform
Transforming gradle-settings-api-8.10.1.jar (com.android.tools.build:gradle-settings-api:8.10.1) with ExternalDependencyInstrumentingArtifactTransform
Transforming builder-8.10.1.jar (com.android.tools.build:builder:8.10.1) with MergeInstrumentationAnalysisTransform
Transforming lint-model-31.10.1.jar (com.android.tools.lint:lint-model:31.10.1) with ExternalDependencyInstrumentingArtifactTransform
Transforming manifest-merger-31.10.1.jar (com.android.tools.build:manifest-merger:31.10.1) with InstrumentationAnalysisTransform
Transforming manifest-merger-31.10.1.jar (com.android.tools.build:manifest-merger:31.10.1) with MergeInstrumentationAnalysisTransform
Transforming sdk-common-31.10.1.jar (com.android.tools:sdk-common:31.10.1) with InstrumentationAnalysisTransform
Transforming sdk-common-31.10.1.jar (com.android.tools:sdk-common:31.10.1) with MergeInstrumentationAnalysisTransform
Transforming builder-8.10.1.jar (com.android.tools.build:builder:8.10.1) with ExternalDependencyInstrumentingArtifactTransform
Transforming sdklib-31.10.1.jar (com.android.tools:sdklib:31.10.1) with InstrumentationAnalysisTransform
Transforming sdklib-31.10.1.jar (com.android.tools:sdklib:31.10.1) with MergeInstrumentationAnalysisTransform
Transforming repository-31.10.1.jar (com.android.tools:repository:31.10.1) with InstrumentationAnalysisTransform
Transforming repository-31.10.1.jar (com.android.tools:repository:31.10.1) with MergeInstrumentationAnalysisTransform
Transforming aaptcompiler-8.10.1.jar (com.android.tools.build:aaptcompiler:8.10.1) with InstrumentationAnalysisTransform
Transforming manifest-merger-31.10.1.jar (com.android.tools.build:manifest-merger:31.10.1) with ExternalDependencyInstrumentingArtifactTransform
Transforming aaptcompiler-8.10.1.jar (com.android.tools.build:aaptcompiler:8.10.1) with MergeInstrumentationAnalysisTransform
Transforming tracker-31.10.1.jar (com.android.tools.analytics-library:tracker:31.10.1) with InstrumentationAnalysisTransform
Transforming sdk-common-31.10.1.jar (com.android.tools:sdk-common:31.10.1) with ExternalDependencyInstrumentingArtifactTransform
Transforming sdklib-31.10.1.jar (com.android.tools:sdklib:31.10.1) with ExternalDependencyInstrumentingArtifactTransform
Transforming tracker-31.10.1.jar (com.android.tools.analytics-library:tracker:31.10.1) with MergeInstrumentationAnalysisTransform
Transforming aaptcompiler-8.10.1.jar (com.android.tools.build:aaptcompiler:8.10.1) with ExternalDependencyInstrumentingArtifactTransform
Transforming repository-31.10.1.jar (com.android.tools:repository:31.10.1) with ExternalDependencyInstrumentingArtifactTransform
Transforming shared-31.10.1.jar (com.android.tools.analytics-library:shared:31.10.1) with InstrumentationAnalysisTransform
Transforming tracker-31.10.1.jar (com.android.tools.analytics-library:tracker:31.10.1) with ExternalDependencyInstrumentingArtifactTransform
Transforming shared-31.10.1.jar (com.android.tools.analytics-library:shared:31.10.1) with MergeInstrumentationAnalysisTransform
Transforming databinding-compiler-common-8.10.1.jar (androidx.databinding:databinding-compiler-common:8.10.1) with InstrumentationAnalysisTransform
Transforming shared-31.10.1.jar (com.android.tools.analytics-library:shared:31.10.1) with ExternalDependencyInstrumentingArtifactTransform
Transforming databinding-compiler-common-8.10.1.jar (androidx.databinding:databinding-compiler-common:8.10.1) with MergeInstrumentationAnalysisTransform
Transforming android-test-plugin-host-emulator-control-proto-31.10.1.jar (com.android.tools.utp:android-test-plugin-host-emulator-control-proto:31.10.1) with InstrumentationAnalysisTransform
Transforming databinding-compiler-common-8.10.1.jar (androidx.databinding:databinding-compiler-common:8.10.1) with ExternalDependencyInstrumentingArtifactTransform
Transforming android-test-plugin-host-emulator-control-proto-31.10.1.jar (com.android.tools.utp:android-test-plugin-host-emulator-control-proto:31.10.1) with MergeInstrumentationAnalysisTransform
Transforming builder-model-8.10.1.jar (com.android.tools.build:builder-model:8.10.1) with InstrumentationAnalysisTransform
Transforming builder-model-8.10.1.jar (com.android.tools.build:builder-model:8.10.1) with MergeInstrumentationAnalysisTransform
Transforming gradle-api-8.10.1.jar (com.android.tools.build:gradle-api:8.10.1) with InstrumentationAnalysisTransform
Transforming gradle-api-8.10.1.jar (com.android.tools.build:gradle-api:8.10.1) with MergeInstrumentationAnalysisTransform
Transforming android-test-plugin-host-emulator-control-proto-31.10.1.jar (com.android.tools.utp:android-test-plugin-host-emulator-control-proto:31.10.1) with ExternalDependencyInstrumentingArtifactTransform
Transforming builder-test-api-8.10.1.jar (com.android.tools.build:builder-test-api:8.10.1) with InstrumentationAnalysisTransform
Transforming builder-model-8.10.1.jar (com.android.tools.build:builder-model:8.10.1) with ExternalDependencyInstrumentingArtifactTransform
Transforming builder-test-api-8.10.1.jar (com.android.tools.build:builder-test-api:8.10.1) with MergeInstrumentationAnalysisTransform
Transforming gradle-api-8.10.1.jar (com.android.tools.build:gradle-api:8.10.1) with ExternalDependencyInstrumentingArtifactTransform
Transforming ddmlib-31.10.1.jar (com.android.tools.ddms:ddmlib:31.10.1) with InstrumentationAnalysisTransform
Transforming ddmlib-31.10.1.jar (com.android.tools.ddms:ddmlib:31.10.1) with MergeInstrumentationAnalysisTransform
Transforming layoutlib-api-31.10.1.jar (com.android.tools.layoutlib:layoutlib-api:31.10.1) with InstrumentationAnalysisTransform
Transforming layoutlib-api-31.10.1.jar (com.android.tools.layoutlib:layoutlib-api:31.10.1) with MergeInstrumentationAnalysisTransform
Transforming builder-test-api-8.10.1.jar (com.android.tools.build:builder-test-api:8.10.1) with ExternalDependencyInstrumentingArtifactTransform
Transforming ddmlib-31.10.1.jar (com.android.tools.ddms:ddmlib:31.10.1) with ExternalDependencyInstrumentingArtifactTransform
Transforming dvlib-31.10.1.jar (com.android.tools:dvlib:31.10.1) with InstrumentationAnalysisTransform
Transforming layoutlib-api-31.10.1.jar (com.android.tools.layoutlib:layoutlib-api:31.10.1) with ExternalDependencyInstrumentingArtifactTransform
Transforming dvlib-31.10.1.jar (com.android.tools:dvlib:31.10.1) with MergeInstrumentationAnalysisTransform
Transforming common-31.10.1.jar (com.android.tools:common:31.10.1) with InstrumentationAnalysisTransform
Transforming common-31.10.1.jar (com.android.tools:common:31.10.1) with MergeInstrumentationAnalysisTransform
Transforming kotlin-stdlib-jdk8-2.1.0.jar (org.jetbrains.kotlin:kotlin-stdlib-jdk8:2.1.0) with InstrumentationAnalysisTransform
Transforming dvlib-31.10.1.jar (com.android.tools:dvlib:31.10.1) with ExternalDependencyInstrumentingArtifactTransform
Transforming kotlin-stdlib-jdk8-2.1.0.jar (org.jetbrains.kotlin:kotlin-stdlib-jdk8:2.1.0) with MergeInstrumentationAnalysisTransform
Transforming jetifier-processor-1.0.0-beta10.jar (com.android.tools.build.jetifier:jetifier-processor:1.0.0-beta10) with InstrumentationAnalysisTransform
Transforming common-31.10.1.jar (com.android.tools:common:31.10.1) with ExternalDependencyInstrumentingArtifactTransform
Transforming jetifier-processor-1.0.0-beta10.jar (com.android.tools.build.jetifier:jetifier-processor:1.0.0-beta10) with MergeInstrumentationAnalysisTransform
Transforming jetifier-core-1.0.0-beta10.jar (com.android.tools.build.jetifier:jetifier-core:1.0.0-beta10) with InstrumentationAnalysisTransform
Transforming kotlin-stdlib-jdk8-2.1.0.jar (org.jetbrains.kotlin:kotlin-stdlib-jdk8:2.1.0) with ExternalDependencyInstrumentingArtifactTransform
Transforming jetifier-core-1.0.0-beta10.jar (com.android.tools.build.jetifier:jetifier-core:1.0.0-beta10) with MergeInstrumentationAnalysisTransform
Transforming jetifier-processor-1.0.0-beta10.jar (com.android.tools.build.jetifier:jetifier-processor:1.0.0-beta10) with ExternalDependencyInstrumentingArtifactTransform
Transforming kotlin-reflect-2.0.20.jar (org.jetbrains.kotlin:kotlin-reflect:2.0.20) with InstrumentationAnalysisTransform
Transforming kotlin-reflect-2.0.20.jar (org.jetbrains.kotlin:kotlin-reflect:2.0.20) with MergeInstrumentationAnalysisTransform
Transforming kotlin-stdlib-jdk7-2.1.0.jar (org.jetbrains.kotlin:kotlin-stdlib-jdk7:2.1.0) with InstrumentationAnalysisTransform
Transforming kotlin-stdlib-jdk7-2.1.0.jar (org.jetbrains.kotlin:kotlin-stdlib-jdk7:2.1.0) with MergeInstrumentationAnalysisTransform
Transforming kotlin-stdlib-2.0.20.jar (org.jetbrains.kotlin:kotlin-stdlib:2.0.20) with InstrumentationAnalysisTransform
Transforming kotlin-stdlib-2.0.20.jar (org.jetbrains.kotlin:kotlin-stdlib:2.0.20) with MergeInstrumentationAnalysisTransform
Transforming kotlin-reflect-2.0.20.jar (org.jetbrains.kotlin:kotlin-reflect:2.0.20) with ExternalDependencyInstrumentingArtifactTransform
Transforming annotations-13.0.jar (org.jetbrains:annotations:13.0) with InstrumentationAnalysisTransform
Transforming kotlin-stdlib-jdk7-2.1.0.jar (org.jetbrains.kotlin:kotlin-stdlib-jdk7:2.1.0) with ExternalDependencyInstrumentingArtifactTransform
Transforming annotations-13.0.jar (org.jetbrains:annotations:13.0) with MergeInstrumentationAnalysisTransform
Transforming kotlin-gradle-plugin-model-2.2.20.jar (org.jetbrains.kotlin:kotlin-gradle-plugin-model:2.2.20) with InstrumentationAnalysisTransform
Transforming jetifier-core-1.0.0-beta10.jar (com.android.tools.build.jetifier:jetifier-core:1.0.0-beta10) with ExternalDependencyInstrumentingArtifactTransform
Transforming kotlin-gradle-plugin-model-2.2.20.jar (org.jetbrains.kotlin:kotlin-gradle-plugin-model:2.2.20) with MergeInstrumentationAnalysisTransform
Transforming kotlin-stdlib-2.0.20.jar (org.jetbrains.kotlin:kotlin-stdlib:2.0.20) with ExternalDependencyInstrumentingArtifactTransform
Transforming annotations-13.0.jar (org.jetbrains:annotations:13.0) with ExternalDependencyInstrumentingArtifactTransform
Transforming fus-statistics-gradle-plugin-2.2.20-gradle811.jar (org.jetbrains.kotlin:fus-statistics-gradle-plugin:2.2.20) with InstrumentationAnalysisTransform
Transforming fus-statistics-gradle-plugin-2.2.20-gradle811.jar (org.jetbrains.kotlin:fus-statistics-gradle-plugin:2.2.20) with MergeInstrumentationAnalysisTransform
Transforming kotlin-gradle-plugin-model-2.2.20.jar (org.jetbrains.kotlin:kotlin-gradle-plugin-model:2.2.20) with ExternalDependencyInstrumentingArtifactTransform
Transforming kotlin-gradle-plugin-api-2.2.20.jar (org.jetbrains.kotlin:kotlin-gradle-plugin-api:2.2.20) with InstrumentationAnalysisTransform
Transforming fus-statistics-gradle-plugin-2.2.20-gradle811.jar (org.jetbrains.kotlin:fus-statistics-gradle-plugin:2.2.20) with ExternalDependencyInstrumentingArtifactTransform
Transforming kotlin-gradle-plugin-api-2.2.20.jar (org.jetbrains.kotlin:kotlin-gradle-plugin-api:2.2.20) with MergeInstrumentationAnalysisTransform
Transforming kotlin-gradle-plugin-api-2.2.20-gradle811.jar (org.jetbrains.kotlin:kotlin-gradle-plugin-api:2.2.20) with InstrumentationAnalysisTransform
Transforming kotlin-gradle-plugin-api-2.2.20-gradle811.jar (org.jetbrains.kotlin:kotlin-gradle-plugin-api:2.2.20) with MergeInstrumentationAnalysisTransform
Transforming kotlin-gradle-plugin-2.2.20-gradle811.jar (org.jetbrains.kotlin:kotlin-gradle-plugin:2.2.20) with InstrumentationAnalysisTransform
Transforming kotlin-gradle-plugin-api-2.2.20.jar (org.jetbrains.kotlin:kotlin-gradle-plugin-api:2.2.20) with ExternalDependencyInstrumentingArtifactTransform
Transforming kotlin-gradle-plugin-2.2.20-gradle811.jar (org.jetbrains.kotlin:kotlin-gradle-plugin:2.2.20) with MergeInstrumentationAnalysisTransform
Transforming kotlin-gradle-plugin-api-2.2.20-gradle811.jar (org.jetbrains.kotlin:kotlin-gradle-plugin-api:2.2.20) with ExternalDependencyInstrumentingArtifactTransform
Transforming ktlint-gradle-12.1.1.jar (org.jlleitschuh.gradle:ktlint-gradle:12.1.1) with InstrumentationAnalysisTransform
Transforming ktlint-gradle-12.1.1.jar (org.jlleitschuh.gradle:ktlint-gradle:12.1.1) with MergeInstrumentationAnalysisTransform
Transforming kotlin-gradle-plugin-2.2.20-gradle811.jar (org.jetbrains.kotlin:kotlin-gradle-plugin:2.2.20) with ExternalDependencyInstrumentingArtifactTransform
Transforming kotlin-gradle-plugin-idea-proto-2.2.20.jar (org.jetbrains.kotlin:kotlin-gradle-plugin-idea-proto:2.2.20) with InstrumentationAnalysisTransform
Transforming ktlint-gradle-12.1.1.jar (org.jlleitschuh.gradle:ktlint-gradle:12.1.1) with ExternalDependencyInstrumentingArtifactTransform
Transforming kotlin-gradle-plugin-idea-proto-2.2.20.jar (org.jetbrains.kotlin:kotlin-gradle-plugin-idea-proto:2.2.20) with MergeInstrumentationAnalysisTransform
Transforming kotlin-gradle-plugin-idea-2.2.20.jar (org.jetbrains.kotlin:kotlin-gradle-plugin-idea:2.2.20) with InstrumentationAnalysisTransform
Transforming kotlin-gradle-plugin-idea-2.2.20.jar (org.jetbrains.kotlin:kotlin-gradle-plugin-idea:2.2.20) with MergeInstrumentationAnalysisTransform
Transforming kotlin-klib-commonizer-api-2.2.20.jar (org.jetbrains.kotlin:kotlin-klib-commonizer-api:2.2.20) with InstrumentationAnalysisTransform
Transforming kotlin-gradle-plugin-idea-proto-2.2.20.jar (org.jetbrains.kotlin:kotlin-gradle-plugin-idea-proto:2.2.20) with ExternalDependencyInstrumentingArtifactTransform
Transforming kotlin-klib-commonizer-api-2.2.20.jar (org.jetbrains.kotlin:kotlin-klib-commonizer-api:2.2.20) with MergeInstrumentationAnalysisTransform
Transforming kotlin-build-statistics-2.2.20.jar (org.jetbrains.kotlin:kotlin-build-statistics:2.2.20) with InstrumentationAnalysisTransform
Transforming kotlin-gradle-plugin-idea-2.2.20.jar (org.jetbrains.kotlin:kotlin-gradle-plugin-idea:2.2.20) with ExternalDependencyInstrumentingArtifactTransform
Transforming kotlin-klib-commonizer-api-2.2.20.jar (org.jetbrains.kotlin:kotlin-klib-commonizer-api:2.2.20) with ExternalDependencyInstrumentingArtifactTransform
Transforming kotlin-build-statistics-2.2.20.jar (org.jetbrains.kotlin:kotlin-build-statistics:2.2.20) with MergeInstrumentationAnalysisTransform
Transforming kotlin-util-klib-metadata-2.2.20.jar (org.jetbrains.kotlin:kotlin-util-klib-metadata:2.2.20) with InstrumentationAnalysisTransform
Transforming kotlin-util-klib-metadata-2.2.20.jar (org.jetbrains.kotlin:kotlin-util-klib-metadata:2.2.20) with MergeInstrumentationAnalysisTransform
Transforming abi-tools-api-2.2.20.jar (org.jetbrains.kotlin:abi-tools-api:2.2.20) with InstrumentationAnalysisTransform
Transforming kotlin-build-statistics-2.2.20.jar (org.jetbrains.kotlin:kotlin-build-statistics:2.2.20) with ExternalDependencyInstrumentingArtifactTransform
Transforming abi-tools-api-2.2.20.jar (org.jetbrains.kotlin:abi-tools-api:2.2.20) with MergeInstrumentationAnalysisTransform
Transforming kotlin-compiler-runner-2.2.20.jar (org.jetbrains.kotlin:kotlin-compiler-runner:2.2.20) with InstrumentationAnalysisTransform
Transforming kotlin-compiler-runner-2.2.20.jar (org.jetbrains.kotlin:kotlin-compiler-runner:2.2.20) with MergeInstrumentationAnalysisTransform
Transforming dnsjava-2.1.9.jar (dnsjava:dnsjava:2.1.9) with InstrumentationAnalysisTransform
Transforming dnsjava-2.1.9.jar (dnsjava:dnsjava:2.1.9) with MergeInstrumentationAnalysisTransform
Transforming kotlin-util-klib-metadata-2.2.20.jar (org.jetbrains.kotlin:kotlin-util-klib-metadata:2.2.20) with ExternalDependencyInstrumentingArtifactTransform
Transforming kotlin-gradle-plugin-annotations-2.2.20.jar (org.jetbrains.kotlin:kotlin-gradle-plugin-annotations:2.2.20) with InstrumentationAnalysisTransform
Transforming kotlin-gradle-plugin-annotations-2.2.20.jar (org.jetbrains.kotlin:kotlin-gradle-plugin-annotations:2.2.20) with MergeInstrumentationAnalysisTransform
Transforming kotlin-native-utils-2.2.20.jar (org.jetbrains.kotlin:kotlin-native-utils:2.2.20) with InstrumentationAnalysisTransform
Transforming kotlin-native-utils-2.2.20.jar (org.jetbrains.kotlin:kotlin-native-utils:2.2.20) with MergeInstrumentationAnalysisTransform
Transforming kotlin-tooling-core-2.2.20.jar (org.jetbrains.kotlin:kotlin-tooling-core:2.2.20) with InstrumentationAnalysisTransform
Transforming abi-tools-api-2.2.20.jar (org.jetbrains.kotlin:abi-tools-api:2.2.20) with ExternalDependencyInstrumentingArtifactTransform
Transforming kotlin-tooling-core-2.2.20.jar (org.jetbrains.kotlin:kotlin-tooling-core:2.2.20) with MergeInstrumentationAnalysisTransform
Transforming kotlin-build-tools-api-2.2.20.jar (org.jetbrains.kotlin:kotlin-build-tools-api:2.2.20) with InstrumentationAnalysisTransform
Transforming kotlin-compiler-runner-2.2.20.jar (org.jetbrains.kotlin:kotlin-compiler-runner:2.2.20) with ExternalDependencyInstrumentingArtifactTransform
Transforming kotlin-build-tools-api-2.2.20.jar (org.jetbrains.kotlin:kotlin-build-tools-api:2.2.20) with MergeInstrumentationAnalysisTransform
Transforming android-test-plugin-result-listener-gradle-proto-31.10.1.jar (com.android.tools.utp:android-test-plugin-result-listener-gradle-proto:31.10.1) with InstrumentationAnalysisTransform
Transforming android-test-plugin-result-listener-gradle-proto-31.10.1.jar (com.android.tools.utp:android-test-plugin-result-listener-gradle-proto:31.10.1) with MergeInstrumentationAnalysisTransform
Transforming bundletool-1.18.0.jar (com.android.tools.build:bundletool:1.18.0) with InstrumentationAnalysisTransform
Transforming dnsjava-2.1.9.jar (dnsjava:dnsjava:2.1.9) with ExternalDependencyInstrumentingArtifactTransform
Transforming bundletool-1.18.0.jar (com.android.tools.build:bundletool:1.18.0) with MergeInstrumentationAnalysisTransform
Transforming protobuf-java-util-3.25.5.jar (com.google.protobuf:protobuf-java-util:3.25.5) with InstrumentationAnalysisTransform
Transforming protobuf-java-util-3.25.5.jar (com.google.protobuf:protobuf-java-util:3.25.5) with MergeInstrumentationAnalysisTransform
Transforming grpc-netty-1.69.1.jar (io.grpc:grpc-netty:1.69.1) with InstrumentationAnalysisTransform
Transforming kotlin-gradle-plugin-annotations-2.2.20.jar (org.jetbrains.kotlin:kotlin-gradle-plugin-annotations:2.2.20) with ExternalDependencyInstrumentingArtifactTransform
Transforming grpc-netty-1.69.1.jar (io.grpc:grpc-netty:1.69.1) with MergeInstrumentationAnalysisTransform
Transforming grpc-inprocess-1.69.1.jar (io.grpc:grpc-inprocess:1.69.1) with InstrumentationAnalysisTransform
Transforming grpc-inprocess-1.69.1.jar (io.grpc:grpc-inprocess:1.69.1) with MergeInstrumentationAnalysisTransform
Transforming grpc-util-1.69.1.jar (io.grpc:grpc-util:1.69.1) with InstrumentationAnalysisTransform
Transforming kotlin-native-utils-2.2.20.jar (org.jetbrains.kotlin:kotlin-native-utils:2.2.20) with ExternalDependencyInstrumentingArtifactTransform
Transforming grpc-util-1.69.1.jar (io.grpc:grpc-util:1.69.1) with MergeInstrumentationAnalysisTransform
Transforming grpc-core-1.69.1.jar (io.grpc:grpc-core:1.69.1) with InstrumentationAnalysisTransform
Transforming grpc-core-1.69.1.jar (io.grpc:grpc-core:1.69.1) with MergeInstrumentationAnalysisTransform
Transforming tink-1.7.0.jar (com.google.crypto.tink:tink:1.7.0) with InstrumentationAnalysisTransform
Transforming kotlin-tooling-core-2.2.20.jar (org.jetbrains.kotlin:kotlin-tooling-core:2.2.20) with ExternalDependencyInstrumentingArtifactTransform
Transforming tink-1.7.0.jar (com.google.crypto.tink:tink:1.7.0) with MergeInstrumentationAnalysisTransform
Transforming gson-2.11.0.jar (com.google.code.gson:gson:2.11.0) with InstrumentationAnalysisTransform
Transforming gson-2.11.0.jar (com.google.code.gson:gson:2.11.0) with MergeInstrumentationAnalysisTransform
Transforming kotlin-util-klib-2.2.20.jar (org.jetbrains.kotlin:kotlin-util-klib:2.2.20) with InstrumentationAnalysisTransform
Transforming kotlin-build-tools-api-2.2.20.jar (org.jetbrains.kotlin:kotlin-build-tools-api:2.2.20) with ExternalDependencyInstrumentingArtifactTransform
Transforming kotlin-util-klib-2.2.20.jar (org.jetbrains.kotlin:kotlin-util-klib:2.2.20) with MergeInstrumentationAnalysisTransform
Transforming kotlin-util-io-2.2.20.jar (org.jetbrains.kotlin:kotlin-util-io:2.2.20) with InstrumentationAnalysisTransform
Transforming kotlin-util-io-2.2.20.jar (org.jetbrains.kotlin:kotlin-util-io:2.2.20) with MergeInstrumentationAnalysisTransform
Transforming kotlin-daemon-client-2.2.20.jar (org.jetbrains.kotlin:kotlin-daemon-client:2.2.20) with InstrumentationAnalysisTransform
Transforming android-test-plugin-result-listener-gradle-proto-31.10.1.jar (com.android.tools.utp:android-test-plugin-result-listener-gradle-proto:31.10.1) with ExternalDependencyInstrumentingArtifactTransform
Transforming kotlin-daemon-client-2.2.20.jar (org.jetbrains.kotlin:kotlin-daemon-client:2.2.20) with MergeInstrumentationAnalysisTransform
Transforming kotlinx-coroutines-core-jvm-1.8.0.jar (org.jetbrains.kotlinx:kotlinx-coroutines-core-jvm:1.8.0) with InstrumentationAnalysisTransform
Transforming kotlinx-coroutines-core-jvm-1.8.0.jar (org.jetbrains.kotlinx:kotlinx-coroutines-core-jvm:1.8.0) with MergeInstrumentationAnalysisTransform
Transforming aapt2-proto-8.10.1-12782657.jar (com.android.tools.build:aapt2-proto:8.10.1-12782657) with InstrumentationAnalysisTransform
Transforming aapt2-proto-8.10.1-12782657.jar (com.android.tools.build:aapt2-proto:8.10.1-12782657) with MergeInstrumentationAnalysisTransform
Transforming crash-31.10.1.jar (com.android.tools.analytics-library:crash:31.10.1) with InstrumentationAnalysisTransform
Transforming crash-31.10.1.jar (com.android.tools.analytics-library:crash:31.10.1) with MergeInstrumentationAnalysisTransform
Transforming lint-typedef-remover-31.10.1.jar (com.android.tools.lint:lint-typedef-remover:31.10.1) with InstrumentationAnalysisTransform
Transforming lint-typedef-remover-31.10.1.jar (com.android.tools.lint:lint-typedef-remover:31.10.1) with MergeInstrumentationAnalysisTransform
Transforming protobuf-java-util-3.25.5.jar (com.google.protobuf:protobuf-java-util:3.25.5) with ExternalDependencyInstrumentingArtifactTransform
Transforming databinding-common-8.10.1.jar (androidx.databinding:databinding-common:8.10.1) with InstrumentationAnalysisTransform
Transforming bundletool-1.18.0.jar (com.android.tools.build:bundletool:1.18.0) with ExternalDependencyInstrumentingArtifactTransform
Transforming grpc-inprocess-1.69.1.jar (io.grpc:grpc-inprocess:1.69.1) with ExternalDependencyInstrumentingArtifactTransform
Transforming grpc-core-1.69.1.jar (io.grpc:grpc-core:1.69.1) with ExternalDependencyInstrumentingArtifactTransform
Transforming databinding-common-8.10.1.jar (androidx.databinding:databinding-common:8.10.1) with MergeInstrumentationAnalysisTransform
Transforming gson-2.11.0.jar (com.google.code.gson:gson:2.11.0) with ExternalDependencyInstrumentingArtifactTransform
Transforming tink-1.7.0.jar (com.google.crypto.tink:tink:1.7.0) with ExternalDependencyInstrumentingArtifactTransform
Transforming kotlin-util-klib-2.2.20.jar (org.jetbrains.kotlin:kotlin-util-klib:2.2.20) with ExternalDependencyInstrumentingArtifactTransform
Transforming grpc-netty-1.69.1.jar (io.grpc:grpc-netty:1.69.1) with ExternalDependencyInstrumentingArtifactTransform
Transforming aapt2-proto-8.10.1-12782657.jar (com.android.tools.build:aapt2-proto:8.10.1-12782657) with ExternalDependencyInstrumentingArtifactTransform
Transforming kotlinx-coroutines-core-jvm-1.8.0.jar (org.jetbrains.kotlinx:kotlinx-coroutines-core-jvm:1.8.0) with ExternalDependencyInstrumentingArtifactTransform
Transforming grpc-util-1.69.1.jar (io.grpc:grpc-util:1.69.1) with ExternalDependencyInstrumentingArtifactTransform
Transforming lint-typedef-remover-31.10.1.jar (com.android.tools.lint:lint-typedef-remover:31.10.1) with ExternalDependencyInstrumentingArtifactTransform
Transforming kotlin-daemon-client-2.2.20.jar (org.jetbrains.kotlin:kotlin-daemon-client:2.2.20) with ExternalDependencyInstrumentingArtifactTransform
Transforming databinding-common-8.10.1.jar (androidx.databinding:databinding-common:8.10.1) with ExternalDependencyInstrumentingArtifactTransform
Transforming crash-31.10.1.jar (com.android.tools.analytics-library:crash:31.10.1) with ExternalDependencyInstrumentingArtifactTransform
Transforming kotlin-util-io-2.2.20.jar (org.jetbrains.kotlin:kotlin-util-io:2.2.20) with ExternalDependencyInstrumentingArtifactTransform
Transforming baseLibrary-8.10.1.jar (com.android.databinding:baseLibrary:8.10.1) with InstrumentationAnalysisTransform
Transforming baseLibrary-8.10.1.jar (com.android.databinding:baseLibrary:8.10.1) with MergeInstrumentationAnalysisTransform
Transforming android-device-provider-ddmlib-proto-31.10.1.jar (com.android.tools.utp:android-device-provider-ddmlib-proto:31.10.1) with InstrumentationAnalysisTransform
Transforming android-device-provider-ddmlib-proto-31.10.1.jar (com.android.tools.utp:android-device-provider-ddmlib-proto:31.10.1) with MergeInstrumentationAnalysisTransform
Transforming android-device-provider-gradle-proto-31.10.1.jar (com.android.tools.utp:android-device-provider-gradle-proto:31.10.1) with InstrumentationAnalysisTransform
Transforming android-device-provider-gradle-proto-31.10.1.jar (com.android.tools.utp:android-device-provider-gradle-proto:31.10.1) with MergeInstrumentationAnalysisTransform
Transforming baseLibrary-8.10.1.jar (com.android.databinding:baseLibrary:8.10.1) with ExternalDependencyInstrumentingArtifactTransform
Transforming android-device-provider-profile-proto-31.10.1.jar (com.android.tools.utp:android-device-provider-profile-proto:31.10.1) with InstrumentationAnalysisTransform
Transforming android-device-provider-ddmlib-proto-31.10.1.jar (com.android.tools.utp:android-device-provider-ddmlib-proto:31.10.1) with ExternalDependencyInstrumentingArtifactTransform
Transforming android-device-provider-profile-proto-31.10.1.jar (com.android.tools.utp:android-device-provider-profile-proto:31.10.1) with MergeInstrumentationAnalysisTransform
Transforming android-test-plugin-host-additional-test-output-proto-31.10.1.jar (com.android.tools.utp:android-test-plugin-host-additional-test-output-proto:31.10.1) with InstrumentationAnalysisTransform
Transforming android-device-provider-gradle-proto-31.10.1.jar (com.android.tools.utp:android-device-provider-gradle-proto:31.10.1) with ExternalDependencyInstrumentingArtifactTransform
Transforming android-device-provider-profile-proto-31.10.1.jar (com.android.tools.utp:android-device-provider-profile-proto:31.10.1) with ExternalDependencyInstrumentingArtifactTransform
Transforming android-test-plugin-host-additional-test-output-proto-31.10.1.jar (com.android.tools.utp:android-test-plugin-host-additional-test-output-proto:31.10.1) with MergeInstrumentationAnalysisTransform
Transforming android-test-plugin-host-coverage-proto-31.10.1.jar (com.android.tools.utp:android-test-plugin-host-coverage-proto:31.10.1) with InstrumentationAnalysisTransform
Transforming android-test-plugin-host-coverage-proto-31.10.1.jar (com.android.tools.utp:android-test-plugin-host-coverage-proto:31.10.1) with MergeInstrumentationAnalysisTransform
Transforming android-test-plugin-host-additional-test-output-proto-31.10.1.jar (com.android.tools.utp:android-test-plugin-host-additional-test-output-proto:31.10.1) with ExternalDependencyInstrumentingArtifactTransform
Transforming android-test-plugin-host-logcat-proto-31.10.1.jar (com.android.tools.utp:android-test-plugin-host-logcat-proto:31.10.1) with InstrumentationAnalysisTransform
Transforming android-test-plugin-host-logcat-proto-31.10.1.jar (com.android.tools.utp:android-test-plugin-host-logcat-proto:31.10.1) with MergeInstrumentationAnalysisTransform
Transforming android-test-plugin-host-apk-installer-proto-31.10.1.jar (com.android.tools.utp:android-test-plugin-host-apk-installer-proto:31.10.1) with InstrumentationAnalysisTransform
Transforming android-test-plugin-host-logcat-proto-31.10.1.jar (com.android.tools.utp:android-test-plugin-host-logcat-proto:31.10.1) with ExternalDependencyInstrumentingArtifactTransform
Transforming android-test-plugin-host-apk-installer-proto-31.10.1.jar (com.android.tools.utp:android-test-plugin-host-apk-installer-proto:31.10.1) with MergeInstrumentationAnalysisTransform
Transforming android-test-plugin-host-coverage-proto-31.10.1.jar (com.android.tools.utp:android-test-plugin-host-coverage-proto:31.10.1) with ExternalDependencyInstrumentingArtifactTransform
Transforming transform-api-2.0.0-deprecated-use-gradle-api.jar (com.android.tools.build:transform-api:2.0.0-deprecated-use-gradle-api) with InstrumentationAnalysisTransform
Transforming android-test-plugin-host-apk-installer-proto-31.10.1.jar (com.android.tools.utp:android-test-plugin-host-apk-installer-proto:31.10.1) with ExternalDependencyInstrumentingArtifactTransform
Transforming transform-api-2.0.0-deprecated-use-gradle-api.jar (com.android.tools.build:transform-api:2.0.0-deprecated-use-gradle-api) with MergeInstrumentationAnalysisTransform
Transforming httpmime-4.5.6.jar (org.apache.httpcomponents:httpmime:4.5.6) with InstrumentationAnalysisTransform
Transforming httpmime-4.5.6.jar (org.apache.httpcomponents:httpmime:4.5.6) with MergeInstrumentationAnalysisTransform
Transforming transform-api-2.0.0-deprecated-use-gradle-api.jar (com.android.tools.build:transform-api:2.0.0-deprecated-use-gradle-api) with ExternalDependencyInstrumentingArtifactTransform
Transforming commons-io-2.16.1.jar (commons-io:commons-io:2.16.1) with InstrumentationAnalysisTransform
Transforming commons-io-2.16.1.jar (commons-io:commons-io:2.16.1) with MergeInstrumentationAnalysisTransform
Transforming asm-commons-9.7.1.jar (org.ow2.asm:asm-commons:9.7.1) with InstrumentationAnalysisTransform
Transforming asm-commons-9.7.1.jar (org.ow2.asm:asm-commons:9.7.1) with MergeInstrumentationAnalysisTransform
Transforming httpmime-4.5.6.jar (org.apache.httpcomponents:httpmime:4.5.6) with ExternalDependencyInstrumentingArtifactTransform
Transforming commons-io-2.16.1.jar (commons-io:commons-io:2.16.1) with ExternalDependencyInstrumentingArtifactTransform
Transforming asm-util-9.7.1.jar (org.ow2.asm:asm-util:9.7.1) with InstrumentationAnalysisTransform
Transforming asm-commons-9.7.1.jar (org.ow2.asm:asm-commons:9.7.1) with ExternalDependencyInstrumentingArtifactTransform
Transforming asm-util-9.7.1.jar (org.ow2.asm:asm-util:9.7.1) with MergeInstrumentationAnalysisTransform
Transforming asm-analysis-9.7.1.jar (org.ow2.asm:asm-analysis:9.7.1) with InstrumentationAnalysisTransform
Transforming asm-util-9.7.1.jar (org.ow2.asm:asm-util:9.7.1) with ExternalDependencyInstrumentingArtifactTransform
Transforming asm-analysis-9.7.1.jar (org.ow2.asm:asm-analysis:9.7.1) with MergeInstrumentationAnalysisTransform
Transforming asm-tree-9.7.1.jar (org.ow2.asm:asm-tree:9.7.1) with InstrumentationAnalysisTransform
Transforming asm-tree-9.7.1.jar (org.ow2.asm:asm-tree:9.7.1) with MergeInstrumentationAnalysisTransform
Transforming asm-9.7.1.jar (org.ow2.asm:asm:9.7.1) with InstrumentationAnalysisTransform
Transforming asm-analysis-9.7.1.jar (org.ow2.asm:asm-analysis:9.7.1) with ExternalDependencyInstrumentingArtifactTransform
Transforming asm-9.7.1.jar (org.ow2.asm:asm:9.7.1) with MergeInstrumentationAnalysisTransform
Transforming apkzlib-8.10.1.jar (com.android.tools.build:apkzlib:8.10.1) with InstrumentationAnalysisTransform
Transforming asm-tree-9.7.1.jar (org.ow2.asm:asm-tree:9.7.1) with ExternalDependencyInstrumentingArtifactTransform
Transforming apkzlib-8.10.1.jar (com.android.tools.build:apkzlib:8.10.1) with MergeInstrumentationAnalysisTransform
Transforming asm-9.7.1.jar (org.ow2.asm:asm:9.7.1) with ExternalDependencyInstrumentingArtifactTransform
Transforming bcpkix-jdk18on-1.79.jar (org.bouncycastle:bcpkix-jdk18on:1.79) with InstrumentationAnalysisTransform
Transforming bcpkix-jdk18on-1.79.jar (org.bouncycastle:bcpkix-jdk18on:1.79) with MergeInstrumentationAnalysisTransform
Transforming jaxb-runtime-2.3.2.jar (org.glassfish.jaxb:jaxb-runtime:2.3.2) with InstrumentationAnalysisTransform
Transforming jaxb-runtime-2.3.2.jar (org.glassfish.jaxb:jaxb-runtime:2.3.2) with MergeInstrumentationAnalysisTransform
Transforming bcpkix-jdk18on-1.79.jar (org.bouncycastle:bcpkix-jdk18on:1.79) with ExternalDependencyInstrumentingArtifactTransform
Transforming jopt-simple-4.9.jar (net.sf.jopt-simple:jopt-simple:4.9) with InstrumentationAnalysisTransform
Transforming apkzlib-8.10.1.jar (com.android.tools.build:apkzlib:8.10.1) with ExternalDependencyInstrumentingArtifactTransform
Transforming jopt-simple-4.9.jar (net.sf.jopt-simple:jopt-simple:4.9) with MergeInstrumentationAnalysisTransform
Transforming jaxb-runtime-2.3.2.jar (org.glassfish.jaxb:jaxb-runtime:2.3.2) with ExternalDependencyInstrumentingArtifactTransform
Transforming javapoet-1.10.0.jar (com.squareup:javapoet:1.10.0) with InstrumentationAnalysisTransform
Transforming javapoet-1.10.0.jar (com.squareup:javapoet:1.10.0) with MergeInstrumentationAnalysisTransform
Transforming grpc-protobuf-1.69.1.jar (io.grpc:grpc-protobuf:1.69.1) with InstrumentationAnalysisTransform
Transforming jopt-simple-4.9.jar (net.sf.jopt-simple:jopt-simple:4.9) with ExternalDependencyInstrumentingArtifactTransform
Transforming grpc-protobuf-1.69.1.jar (io.grpc:grpc-protobuf:1.69.1) with MergeInstrumentationAnalysisTransform
Transforming core-proto-0.0.9-alpha03.jar (com.google.testing.platform:core-proto:0.0.9-alpha03) with InstrumentationAnalysisTransform
Transforming javapoet-1.10.0.jar (com.squareup:javapoet:1.10.0) with ExternalDependencyInstrumentingArtifactTransform
Transforming core-proto-0.0.9-alpha03.jar (com.google.testing.platform:core-proto:0.0.9-alpha03) with MergeInstrumentationAnalysisTransform
Transforming protos-31.10.1.jar (com.android.tools.analytics-library:protos:31.10.1) with InstrumentationAnalysisTransform
Transforming protos-31.10.1.jar (com.android.tools.analytics-library:protos:31.10.1) with MergeInstrumentationAnalysisTransform
Transforming core-proto-0.0.9-alpha03.jar (com.google.testing.platform:core-proto:0.0.9-alpha03) with ExternalDependencyInstrumentingArtifactTransform
Transforming proto-google-common-protos-2.48.0.jar (com.google.api.grpc:proto-google-common-protos:2.48.0) with InstrumentationAnalysisTransform
Transforming grpc-protobuf-1.69.1.jar (io.grpc:grpc-protobuf:1.69.1) with ExternalDependencyInstrumentingArtifactTransform
Transforming proto-google-common-protos-2.48.0.jar (com.google.api.grpc:proto-google-common-protos:2.48.0) with MergeInstrumentationAnalysisTransform
Transforming protobuf-java-3.25.5.jar (com.google.protobuf:protobuf-java:3.25.5) with InstrumentationAnalysisTransform
Transforming protos-31.10.1.jar (com.android.tools.analytics-library:protos:31.10.1) with ExternalDependencyInstrumentingArtifactTransform
Transforming protobuf-java-3.25.5.jar (com.google.protobuf:protobuf-java:3.25.5) with MergeInstrumentationAnalysisTransform
Transforming grpc-stub-1.69.1.jar (io.grpc:grpc-stub:1.69.1) with InstrumentationAnalysisTransform
Transforming proto-google-common-protos-2.48.0.jar (com.google.api.grpc:proto-google-common-protos:2.48.0) with ExternalDependencyInstrumentingArtifactTransform
Transforming grpc-stub-1.69.1.jar (io.grpc:grpc-stub:1.69.1) with MergeInstrumentationAnalysisTransform
Transforming protobuf-java-3.25.5.jar (com.google.protobuf:protobuf-java:3.25.5) with ExternalDependencyInstrumentingArtifactTransform
Transforming tensorflow-lite-metadata-0.2.0.jar (org.tensorflow:tensorflow-lite-metadata:0.2.0) with InstrumentationAnalysisTransform
Transforming tensorflow-lite-metadata-0.2.0.jar (org.tensorflow:tensorflow-lite-metadata:0.2.0) with MergeInstrumentationAnalysisTransform
Transforming flatbuffers-java-1.12.0.jar (com.google.flatbuffers:flatbuffers-java:1.12.0) with InstrumentationAnalysisTransform
Transforming grpc-stub-1.69.1.jar (io.grpc:grpc-stub:1.69.1) with ExternalDependencyInstrumentingArtifactTransform
Transforming flatbuffers-java-1.12.0.jar (com.google.flatbuffers:flatbuffers-java:1.12.0) with MergeInstrumentationAnalysisTransform
Transforming jimfs-1.1.jar (com.google.jimfs:jimfs:1.1) with InstrumentationAnalysisTransform
Transforming tensorflow-lite-metadata-0.2.0.jar (org.tensorflow:tensorflow-lite-metadata:0.2.0) with ExternalDependencyInstrumentingArtifactTransform
Transforming jimfs-1.1.jar (com.google.jimfs:jimfs:1.1) with MergeInstrumentationAnalysisTransform
Transforming grpc-context-1.69.1.jar (io.grpc:grpc-context:1.69.1) with InstrumentationAnalysisTransform
Transforming flatbuffers-java-1.12.0.jar (com.google.flatbuffers:flatbuffers-java:1.12.0) with ExternalDependencyInstrumentingArtifactTransform
Transforming grpc-context-1.69.1.jar (io.grpc:grpc-context:1.69.1) with MergeInstrumentationAnalysisTransform
Transforming jimfs-1.1.jar (com.google.jimfs:jimfs:1.1) with ExternalDependencyInstrumentingArtifactTransform
Transforming grpc-protobuf-lite-1.69.1.jar (io.grpc:grpc-protobuf-lite:1.69.1) with InstrumentationAnalysisTransform
Transforming grpc-protobuf-lite-1.69.1.jar (io.grpc:grpc-protobuf-lite:1.69.1) with MergeInstrumentationAnalysisTransform
Transforming grpc-context-1.69.1.jar (io.grpc:grpc-context:1.69.1) with ExternalDependencyInstrumentingArtifactTransform
Transforming grpc-api-1.69.1.jar (io.grpc:grpc-api:1.69.1) with InstrumentationAnalysisTransform
Transforming grpc-api-1.69.1.jar (io.grpc:grpc-api:1.69.1) with MergeInstrumentationAnalysisTransform
Transforming guava-33.3.1-jre.jar (com.google.guava:guava:33.3.1-jre) with InstrumentationAnalysisTransform
Transforming grpc-protobuf-lite-1.69.1.jar (io.grpc:grpc-protobuf-lite:1.69.1) with ExternalDependencyInstrumentingArtifactTransform
Transforming guava-33.3.1-jre.jar (com.google.guava:guava:33.3.1-jre) with MergeInstrumentationAnalysisTransform
Transforming error_prone_annotations-2.30.0.jar (com.google.errorprone:error_prone_annotations:2.30.0) with InstrumentationAnalysisTransform
Transforming grpc-api-1.69.1.jar (io.grpc:grpc-api:1.69.1) with ExternalDependencyInstrumentingArtifactTransform
Transforming error_prone_annotations-2.30.0.jar (com.google.errorprone:error_prone_annotations:2.30.0) with MergeInstrumentationAnalysisTransform
Transforming guava-33.3.1-jre.jar (com.google.guava:guava:33.3.1-jre) with ExternalDependencyInstrumentingArtifactTransform
Transforming dagger-2.28.3.jar (com.google.dagger:dagger:2.28.3) with InstrumentationAnalysisTransform
Transforming dagger-2.28.3.jar (com.google.dagger:dagger:2.28.3) with MergeInstrumentationAnalysisTransform
Transforming error_prone_annotations-2.30.0.jar (com.google.errorprone:error_prone_annotations:2.30.0) with ExternalDependencyInstrumentingArtifactTransform
Transforming javax.inject-1.jar (javax.inject:javax.inject:1) with InstrumentationAnalysisTransform
Transforming javax.inject-1.jar (javax.inject:javax.inject:1) with MergeInstrumentationAnalysisTransform
Transforming kxml2-2.3.0.jar (net.sf.kxml:kxml2:2.3.0) with InstrumentationAnalysisTransform
Transforming kxml2-2.3.0.jar (net.sf.kxml:kxml2:2.3.0) with MergeInstrumentationAnalysisTransform
Transforming dagger-2.28.3.jar (com.google.dagger:dagger:2.28.3) with ExternalDependencyInstrumentingArtifactTransform
Transforming javax.inject-1.jar (javax.inject:javax.inject:1) with ExternalDependencyInstrumentingArtifactTransform
Transforming commons-compress-1.21.jar (org.apache.commons:commons-compress:1.21) with InstrumentationAnalysisTransform
Transforming commons-compress-1.21.jar (org.apache.commons:commons-compress:1.21) with MergeInstrumentationAnalysisTransform
Transforming kxml2-2.3.0.jar (net.sf.kxml:kxml2:2.3.0) with ExternalDependencyInstrumentingArtifactTransform
Transforming bcutil-jdk18on-1.79.jar (org.bouncycastle:bcutil-jdk18on:1.79) with InstrumentationAnalysisTransform
Transforming bcutil-jdk18on-1.79.jar (org.bouncycastle:bcutil-jdk18on:1.79) with MergeInstrumentationAnalysisTransform
Transforming bcprov-jdk18on-1.79.jar (org.bouncycastle:bcprov-jdk18on:1.79) with InstrumentationAnalysisTransform
Transforming commons-compress-1.21.jar (org.apache.commons:commons-compress:1.21) with ExternalDependencyInstrumentingArtifactTransform
Transforming bcprov-jdk18on-1.79.jar (org.bouncycastle:bcprov-jdk18on:1.79) with MergeInstrumentationAnalysisTransform
Transforming httpclient-4.5.14.jar (org.apache.httpcomponents:httpclient:4.5.14) with InstrumentationAnalysisTransform
Transforming bcutil-jdk18on-1.79.jar (org.bouncycastle:bcutil-jdk18on:1.79) with ExternalDependencyInstrumentingArtifactTransform
Transforming httpclient-4.5.14.jar (org.apache.httpcomponents:httpclient:4.5.14) with MergeInstrumentationAnalysisTransform
Transforming httpcore-4.4.16.jar (org.apache.httpcomponents:httpcore:4.4.16) with InstrumentationAnalysisTransform
Transforming httpcore-4.4.16.jar (org.apache.httpcomponents:httpcore:4.4.16) with MergeInstrumentationAnalysisTransform
Transforming httpclient-4.5.14.jar (org.apache.httpcomponents:httpclient:4.5.14) with ExternalDependencyInstrumentingArtifactTransform
Transforming javax.activation-1.2.0.jar (com.sun.activation:javax.activation:1.2.0) with InstrumentationAnalysisTransform
Transforming javax.activation-1.2.0.jar (com.sun.activation:javax.activation:1.2.0) with MergeInstrumentationAnalysisTransform
Transforming signflinger-8.10.1.jar (com.android:signflinger:8.10.1) with InstrumentationAnalysisTransform
Transforming httpcore-4.4.16.jar (org.apache.httpcomponents:httpcore:4.4.16) with ExternalDependencyInstrumentingArtifactTransform
Transforming javax.activation-1.2.0.jar (com.sun.activation:javax.activation:1.2.0) with ExternalDependencyInstrumentingArtifactTransform
Transforming bcprov-jdk18on-1.79.jar (org.bouncycastle:bcprov-jdk18on:1.79) with ExternalDependencyInstrumentingArtifactTransform
Transforming signflinger-8.10.1.jar (com.android:signflinger:8.10.1) with MergeInstrumentationAnalysisTransform
Transforming zipflinger-8.10.1.jar (com.android:zipflinger:8.10.1) with InstrumentationAnalysisTransform
Transforming signflinger-8.10.1.jar (com.android:signflinger:8.10.1) with ExternalDependencyInstrumentingArtifactTransform
Transforming zipflinger-8.10.1.jar (com.android:zipflinger:8.10.1) with MergeInstrumentationAnalysisTransform
Transforming annotations-31.10.1.jar (com.android.tools:annotations:31.10.1) with InstrumentationAnalysisTransform
Transforming annotations-31.10.1.jar (com.android.tools:annotations:31.10.1) with MergeInstrumentationAnalysisTransform
Transforming jna-platform-5.6.0.jar (net.java.dev.jna:jna-platform:5.6.0) with InstrumentationAnalysisTransform
Transforming jna-platform-5.6.0.jar (net.java.dev.jna:jna-platform:5.6.0) with MergeInstrumentationAnalysisTransform
Transforming juniversalchardet-1.0.3.jar (com.googlecode.juniversalchardet:juniversalchardet:1.0.3) with InstrumentationAnalysisTransform
Transforming juniversalchardet-1.0.3.jar (com.googlecode.juniversalchardet:juniversalchardet:1.0.3) with MergeInstrumentationAnalysisTransform
Transforming javax.annotation-api-1.3.2.jar (javax.annotation:javax.annotation-api:1.3.2) with InstrumentationAnalysisTransform
Transforming javax.annotation-api-1.3.2.jar (javax.annotation:javax.annotation-api:1.3.2) with MergeInstrumentationAnalysisTransform
Transforming stax-ex-1.8.1.jar (org.jvnet.staxex:stax-ex:1.8.1) with InstrumentationAnalysisTransform
Transforming stax-ex-1.8.1.jar (org.jvnet.staxex:stax-ex:1.8.1) with MergeInstrumentationAnalysisTransform
Transforming jakarta.xml.bind-api-2.3.2.jar (jakarta.xml.bind:jakarta.xml.bind-api:2.3.2) with InstrumentationAnalysisTransform
Transforming jakarta.xml.bind-api-2.3.2.jar (jakarta.xml.bind:jakarta.xml.bind-api:2.3.2) with MergeInstrumentationAnalysisTransform
Transforming txw2-2.3.2.jar (org.glassfish.jaxb:txw2:2.3.2) with InstrumentationAnalysisTransform
Transforming txw2-2.3.2.jar (org.glassfish.jaxb:txw2:2.3.2) with MergeInstrumentationAnalysisTransform
Transforming istack-commons-runtime-3.0.8.jar (com.sun.istack:istack-commons-runtime:3.0.8) with InstrumentationAnalysisTransform
Transforming istack-commons-runtime-3.0.8.jar (com.sun.istack:istack-commons-runtime:3.0.8) with MergeInstrumentationAnalysisTransform
Transforming FastInfoset-1.2.16.jar (com.sun.xml.fastinfoset:FastInfoset:1.2.16) with InstrumentationAnalysisTransform
Transforming jakarta.xml.bind-api-2.3.2.jar (jakarta.xml.bind:jakarta.xml.bind-api:2.3.2) with ExternalDependencyInstrumentingArtifactTransform
Transforming FastInfoset-1.2.16.jar (com.sun.xml.fastinfoset:FastInfoset:1.2.16) with MergeInstrumentationAnalysisTransform
Transforming juniversalchardet-1.0.3.jar (com.googlecode.juniversalchardet:juniversalchardet:1.0.3) with ExternalDependencyInstrumentingArtifactTransform
Transforming jakarta.activation-api-1.2.1.jar (jakarta.activation:jakarta.activation-api:1.2.1) with InstrumentationAnalysisTransform
Transforming jakarta.activation-api-1.2.1.jar (jakarta.activation:jakarta.activation-api:1.2.1) with MergeInstrumentationAnalysisTransform
Transforming txw2-2.3.2.jar (org.glassfish.jaxb:txw2:2.3.2) with ExternalDependencyInstrumentingArtifactTransform
Transforming auto-value-annotations-1.6.2.jar (com.google.auto.value:auto-value-annotations:1.6.2) with InstrumentationAnalysisTransform
Transforming FastInfoset-1.2.16.jar (com.sun.xml.fastinfoset:FastInfoset:1.2.16) with ExternalDependencyInstrumentingArtifactTransform
Transforming auto-value-annotations-1.6.2.jar (com.google.auto.value:auto-value-annotations:1.6.2) with MergeInstrumentationAnalysisTransform
Transforming istack-commons-runtime-3.0.8.jar (com.sun.istack:istack-commons-runtime:3.0.8) with ExternalDependencyInstrumentingArtifactTransform
Transforming jakarta.activation-api-1.2.1.jar (jakarta.activation:jakarta.activation-api:1.2.1) with ExternalDependencyInstrumentingArtifactTransform
Transforming stax-ex-1.8.1.jar (org.jvnet.staxex:stax-ex:1.8.1) with ExternalDependencyInstrumentingArtifactTransform
Transforming javax.annotation-api-1.3.2.jar (javax.annotation:javax.annotation-api:1.3.2) with ExternalDependencyInstrumentingArtifactTransform
Transforming jna-platform-5.6.0.jar (net.java.dev.jna:jna-platform:5.6.0) with ExternalDependencyInstrumentingArtifactTransform
Transforming zipflinger-8.10.1.jar (com.android:zipflinger:8.10.1) with ExternalDependencyInstrumentingArtifactTransform
Transforming annotations-31.10.1.jar (com.android.tools:annotations:31.10.1) with ExternalDependencyInstrumentingArtifactTransform
Transforming auto-value-annotations-1.6.2.jar (com.google.auto.value:auto-value-annotations:1.6.2) with ExternalDependencyInstrumentingArtifactTransform
Transforming jose4j-0.9.5.jar (org.bitbucket.b_c:jose4j:0.9.5) with InstrumentationAnalysisTransform
Transforming jose4j-0.9.5.jar (org.bitbucket.b_c:jose4j:0.9.5) with MergeInstrumentationAnalysisTransform
Transforming slf4j-api-1.7.30.jar (org.slf4j:slf4j-api:1.7.30) with InstrumentationAnalysisTransform
Transforming slf4j-api-1.7.30.jar (org.slf4j:slf4j-api:1.7.30) with MergeInstrumentationAnalysisTransform
Transforming jose4j-0.9.5.jar (org.bitbucket.b_c:jose4j:0.9.5) with ExternalDependencyInstrumentingArtifactTransform
Transforming jdom2-2.0.6.jar (org.jdom:jdom2:2.0.6) with InstrumentationAnalysisTransform
Transforming jdom2-2.0.6.jar (org.jdom:jdom2:2.0.6) with MergeInstrumentationAnalysisTransform
Transforming jsr305-3.0.2.jar (com.google.code.findbugs:jsr305:3.0.2) with InstrumentationAnalysisTransform
Transforming slf4j-api-1.7.30.jar (org.slf4j:slf4j-api:1.7.30) with ExternalDependencyInstrumentingArtifactTransform
Transforming jsr305-3.0.2.jar (com.google.code.findbugs:jsr305:3.0.2) with MergeInstrumentationAnalysisTransform
Transforming j2objc-annotations-3.0.0.jar (com.google.j2objc:j2objc-annotations:3.0.0) with InstrumentationAnalysisTransform
Transforming jdom2-2.0.6.jar (org.jdom:jdom2:2.0.6) with ExternalDependencyInstrumentingArtifactTransform
Transforming j2objc-annotations-3.0.0.jar (com.google.j2objc:j2objc-annotations:3.0.0) with MergeInstrumentationAnalysisTransform
Transforming jsr305-3.0.2.jar (com.google.code.findbugs:jsr305:3.0.2) with ExternalDependencyInstrumentingArtifactTransform
Transforming annotations-4.1.1.4.jar (com.google.android:annotations:4.1.1.4) with InstrumentationAnalysisTransform
Transforming j2objc-annotations-3.0.0.jar (com.google.j2objc:j2objc-annotations:3.0.0) with ExternalDependencyInstrumentingArtifactTransform
Transforming annotations-4.1.1.4.jar (com.google.android:annotations:4.1.1.4) with MergeInstrumentationAnalysisTransform
Transforming animal-sniffer-annotations-1.24.jar (org.codehaus.mojo:animal-sniffer-annotations:1.24) with InstrumentationAnalysisTransform
Transforming animal-sniffer-annotations-1.24.jar (org.codehaus.mojo:animal-sniffer-annotations:1.24) with MergeInstrumentationAnalysisTransform
Transforming annotations-4.1.1.4.jar (com.google.android:annotations:4.1.1.4) with ExternalDependencyInstrumentingArtifactTransform
Transforming perfmark-api-0.27.0.jar (io.perfmark:perfmark-api:0.27.0) with InstrumentationAnalysisTransform
Transforming perfmark-api-0.27.0.jar (io.perfmark:perfmark-api:0.27.0) with MergeInstrumentationAnalysisTransform
Transforming netty-codec-http2-4.1.110.Final.jar (io.netty:netty-codec-http2:4.1.110.Final) with InstrumentationAnalysisTransform
Transforming animal-sniffer-annotations-1.24.jar (org.codehaus.mojo:animal-sniffer-annotations:1.24) with ExternalDependencyInstrumentingArtifactTransform
Transforming netty-codec-http2-4.1.110.Final.jar (io.netty:netty-codec-http2:4.1.110.Final) with MergeInstrumentationAnalysisTransform
Transforming netty-handler-proxy-4.1.110.Final.jar (io.netty:netty-handler-proxy:4.1.110.Final) with InstrumentationAnalysisTransform
Transforming perfmark-api-0.27.0.jar (io.perfmark:perfmark-api:0.27.0) with ExternalDependencyInstrumentingArtifactTransform
Transforming netty-codec-http2-4.1.110.Final.jar (io.netty:netty-codec-http2:4.1.110.Final) with ExternalDependencyInstrumentingArtifactTransform
Transforming netty-handler-proxy-4.1.110.Final.jar (io.netty:netty-handler-proxy:4.1.110.Final) with MergeInstrumentationAnalysisTransform
Transforming netty-codec-http-4.1.110.Final.jar (io.netty:netty-codec-http:4.1.110.Final) with InstrumentationAnalysisTransform
Transforming netty-codec-http-4.1.110.Final.jar (io.netty:netty-codec-http:4.1.110.Final) with MergeInstrumentationAnalysisTransform
Transforming netty-handler-4.1.110.Final.jar (io.netty:netty-handler:4.1.110.Final) with InstrumentationAnalysisTransform
Transforming netty-handler-4.1.110.Final.jar (io.netty:netty-handler:4.1.110.Final) with MergeInstrumentationAnalysisTransform
Transforming netty-handler-proxy-4.1.110.Final.jar (io.netty:netty-handler-proxy:4.1.110.Final) with ExternalDependencyInstrumentingArtifactTransform
Transforming netty-transport-native-unix-common-4.1.110.Final.jar (io.netty:netty-transport-native-unix-common:4.1.110.Final) with InstrumentationAnalysisTransform
Transforming netty-codec-http-4.1.110.Final.jar (io.netty:netty-codec-http:4.1.110.Final) with ExternalDependencyInstrumentingArtifactTransform
Transforming netty-transport-native-unix-common-4.1.110.Final.jar (io.netty:netty-transport-native-unix-common:4.1.110.Final) with MergeInstrumentationAnalysisTransform
Transforming netty-handler-4.1.110.Final.jar (io.netty:netty-handler:4.1.110.Final) with ExternalDependencyInstrumentingArtifactTransform
Transforming checker-qual-3.43.0.jar (org.checkerframework:checker-qual:3.43.0) with InstrumentationAnalysisTransform
Transforming netty-transport-native-unix-common-4.1.110.Final.jar (io.netty:netty-transport-native-unix-common:4.1.110.Final) with ExternalDependencyInstrumentingArtifactTransform
Transforming checker-qual-3.43.0.jar (org.checkerframework:checker-qual:3.43.0) with MergeInstrumentationAnalysisTransform
Transforming apksig-8.10.1.jar (com.android.tools.build:apksig:8.10.1) with InstrumentationAnalysisTransform
Transforming apksig-8.10.1.jar (com.android.tools.build:apksig:8.10.1) with MergeInstrumentationAnalysisTransform
Transforming checker-qual-3.43.0.jar (org.checkerframework:checker-qual:3.43.0) with ExternalDependencyInstrumentingArtifactTransform
Transforming javawriter-2.5.0.jar (com.squareup:javawriter:2.5.0) with InstrumentationAnalysisTransform
Transforming javawriter-2.5.0.jar (com.squareup:javawriter:2.5.0) with MergeInstrumentationAnalysisTransform
Transforming failureaccess-1.0.2.jar (com.google.guava:failureaccess:1.0.2) with InstrumentationAnalysisTransform
Transforming apksig-8.10.1.jar (com.android.tools.build:apksig:8.10.1) with ExternalDependencyInstrumentingArtifactTransform
Transforming javawriter-2.5.0.jar (com.squareup:javawriter:2.5.0) with ExternalDependencyInstrumentingArtifactTransform
Transforming failureaccess-1.0.2.jar (com.google.guava:failureaccess:1.0.2) with MergeInstrumentationAnalysisTransform
Transforming listenablefuture-9999.0-empty-to-avoid-conflict-with-guava.jar (com.google.guava:listenablefuture:9999.0-empty-to-avoid-conflict-with-guava) with InstrumentationAnalysisTransform
Transforming listenablefuture-9999.0-empty-to-avoid-conflict-with-guava.jar (com.google.guava:listenablefuture:9999.0-empty-to-avoid-conflict-with-guava) with MergeInstrumentationAnalysisTransform
Transforming commons-logging-1.2.jar (commons-logging:commons-logging:1.2) with InstrumentationAnalysisTransform
Transforming commons-logging-1.2.jar (commons-logging:commons-logging:1.2) with MergeInstrumentationAnalysisTransform
Transforming failureaccess-1.0.2.jar (com.google.guava:failureaccess:1.0.2) with ExternalDependencyInstrumentingArtifactTransform
Transforming commons-codec-1.11.jar (commons-codec:commons-codec:1.11) with InstrumentationAnalysisTransform
Transforming listenablefuture-9999.0-empty-to-avoid-conflict-with-guava.jar (com.google.guava:listenablefuture:9999.0-empty-to-avoid-conflict-with-guava) with ExternalDependencyInstrumentingArtifactTransform
Transforming commons-logging-1.2.jar (commons-logging:commons-logging:1.2) with ExternalDependencyInstrumentingArtifactTransform
Transforming commons-codec-1.11.jar (commons-codec:commons-codec:1.11) with MergeInstrumentationAnalysisTransform
Transforming jna-5.6.0.jar (net.java.dev.jna:jna:5.6.0) with InstrumentationAnalysisTransform
Transforming jna-5.6.0.jar (net.java.dev.jna:jna:5.6.0) with MergeInstrumentationAnalysisTransform
Transforming commons-codec-1.11.jar (commons-codec:commons-codec:1.11) with ExternalDependencyInstrumentingArtifactTransform
Transforming netty-codec-socks-4.1.110.Final.jar (io.netty:netty-codec-socks:4.1.110.Final) with InstrumentationAnalysisTransform
Transforming netty-codec-socks-4.1.110.Final.jar (io.netty:netty-codec-socks:4.1.110.Final) with MergeInstrumentationAnalysisTransform
Transforming jna-5.6.0.jar (net.java.dev.jna:jna:5.6.0) with ExternalDependencyInstrumentingArtifactTransform
Transforming netty-codec-4.1.110.Final.jar (io.netty:netty-codec:4.1.110.Final) with InstrumentationAnalysisTransform
Transforming netty-codec-4.1.110.Final.jar (io.netty:netty-codec:4.1.110.Final) with MergeInstrumentationAnalysisTransform
Transforming netty-transport-4.1.110.Final.jar (io.netty:netty-transport:4.1.110.Final) with InstrumentationAnalysisTransform
Transforming netty-codec-socks-4.1.110.Final.jar (io.netty:netty-codec-socks:4.1.110.Final) with ExternalDependencyInstrumentingArtifactTransform
Transforming netty-transport-4.1.110.Final.jar (io.netty:netty-transport:4.1.110.Final) with MergeInstrumentationAnalysisTransform
Transforming netty-buffer-4.1.110.Final.jar (io.netty:netty-buffer:4.1.110.Final) with InstrumentationAnalysisTransform
Transforming netty-buffer-4.1.110.Final.jar (io.netty:netty-buffer:4.1.110.Final) with MergeInstrumentationAnalysisTransform
Transforming netty-resolver-4.1.110.Final.jar (io.netty:netty-resolver:4.1.110.Final) with InstrumentationAnalysisTransform
Transforming netty-resolver-4.1.110.Final.jar (io.netty:netty-resolver:4.1.110.Final) with MergeInstrumentationAnalysisTransform
Transforming netty-codec-4.1.110.Final.jar (io.netty:netty-codec:4.1.110.Final) with ExternalDependencyInstrumentingArtifactTransform
Transforming netty-common-4.1.110.Final.jar (io.netty:netty-common:4.1.110.Final) with InstrumentationAnalysisTransform
Transforming netty-common-4.1.110.Final.jar (io.netty:netty-common:4.1.110.Final) with MergeInstrumentationAnalysisTransform
Transforming netty-transport-4.1.110.Final.jar (io.netty:netty-transport:4.1.110.Final) with ExternalDependencyInstrumentingArtifactTransform
Transforming netty-buffer-4.1.110.Final.jar (io.netty:netty-buffer:4.1.110.Final) with ExternalDependencyInstrumentingArtifactTransform
Transforming netty-resolver-4.1.110.Final.jar (io.netty:netty-resolver:4.1.110.Final) with ExternalDependencyInstrumentingArtifactTransform
Transforming netty-common-4.1.110.Final.jar (io.netty:netty-common:4.1.110.Final) with ExternalDependencyInstrumentingArtifactTransform
Transforming plugins.jar (project :build-logic:plugins) with ProjectDependencyInstrumentingArtifactTransform
Transforming tools.jar (project :build-logic:tools) with ProjectDependencyInstrumentingArtifactTransform
Using default execution profile
Using Kotlin Gradle Plugin gradle811 variant
Detected Android Gradle Plugin compose compiler configuration
Detected Android Gradle Plugin compose compiler configuration
Detected Android Gradle Plugin compose compiler configuration
Detected Android Gradle Plugin compose compiler configuration
Detected Android Gradle Plugin compose compiler configuration

> Configure project :Signal-Android
Evaluating project ':Signal-Android' using build file '/home/lollerfirst/Signal-Android/app/build.gradle.kts'.
Transforming classes with InstrumentationAnalysisTransform
Transforming classes with InstrumentationAnalysisTransform
Transforming gradle-8.10.1.jar (com.android.tools.build:gradle:8.10.1) with InstrumentationAnalysisTransform
Transforming gradle-settings-api-8.10.1.jar (com.android.tools.build:gradle-settings-api:8.10.1) with InstrumentationAnalysisTransform
Transforming lint-model-31.10.1.jar (com.android.tools.lint:lint-model:31.10.1) with InstrumentationAnalysisTransform
Transforming builder-8.10.1.jar (com.android.tools.build:builder:8.10.1) with InstrumentationAnalysisTransform
Transforming manifest-merger-31.10.1.jar (com.android.tools.build:manifest-merger:31.10.1) with InstrumentationAnalysisTransform
Transforming sdk-common-31.10.1.jar (com.android.tools:sdk-common:31.10.1) with InstrumentationAnalysisTransform
Transforming sdklib-31.10.1.jar (com.android.tools:sdklib:31.10.1) with InstrumentationAnalysisTransform
Transforming repository-31.10.1.jar (com.android.tools:repository:31.10.1) with InstrumentationAnalysisTransform
Transforming aaptcompiler-8.10.1.jar (com.android.tools.build:aaptcompiler:8.10.1) with InstrumentationAnalysisTransform
Transforming tracker-31.10.1.jar (com.android.tools.analytics-library:tracker:31.10.1) with InstrumentationAnalysisTransform
Transforming shared-31.10.1.jar (com.android.tools.analytics-library:shared:31.10.1) with InstrumentationAnalysisTransform
Transforming databinding-compiler-common-8.10.1.jar (androidx.databinding:databinding-compiler-common:8.10.1) with InstrumentationAnalysisTransform
Transforming android-test-plugin-host-emulator-control-proto-31.10.1.jar (com.android.tools.utp:android-test-plugin-host-emulator-control-proto:31.10.1) with InstrumentationAnalysisTransform
Transforming builder-model-8.10.1.jar (com.android.tools.build:builder-model:8.10.1) with InstrumentationAnalysisTransform
Transforming gradle-api-8.10.1.jar (com.android.tools.build:gradle-api:8.10.1) with InstrumentationAnalysisTransform
Transforming builder-test-api-8.10.1.jar (com.android.tools.build:builder-test-api:8.10.1) with InstrumentationAnalysisTransform
Transforming ddmlib-31.10.1.jar (com.android.tools.ddms:ddmlib:31.10.1) with InstrumentationAnalysisTransform
Transforming layoutlib-api-31.10.1.jar (com.android.tools.layoutlib:layoutlib-api:31.10.1) with InstrumentationAnalysisTransform
Transforming dvlib-31.10.1.jar (com.android.tools:dvlib:31.10.1) with InstrumentationAnalysisTransform
Transforming common-31.10.1.jar (com.android.tools:common:31.10.1) with InstrumentationAnalysisTransform
Transforming kotlin-stdlib-jdk8-2.1.0.jar (org.jetbrains.kotlin:kotlin-stdlib-jdk8:2.1.0) with InstrumentationAnalysisTransform
Transforming jetifier-processor-1.0.0-beta10.jar (com.android.tools.build.jetifier:jetifier-processor:1.0.0-beta10) with InstrumentationAnalysisTransform
Transforming jetifier-core-1.0.0-beta10.jar (com.android.tools.build.jetifier:jetifier-core:1.0.0-beta10) with InstrumentationAnalysisTransform
Transforming kotlin-reflect-2.0.20.jar (org.jetbrains.kotlin:kotlin-reflect:2.0.20) with InstrumentationAnalysisTransform
Transforming kotlin-stdlib-jdk7-2.1.0.jar (org.jetbrains.kotlin:kotlin-stdlib-jdk7:2.1.0) with InstrumentationAnalysisTransform
Transforming kotlin-stdlib-2.0.20.jar (org.jetbrains.kotlin:kotlin-stdlib:2.0.20) with InstrumentationAnalysisTransform
Transforming annotations-13.0.jar (org.jetbrains:annotations:13.0) with InstrumentationAnalysisTransform
Transforming kotlin-gradle-plugin-2.2.20-gradle811.jar (org.jetbrains.kotlin:kotlin-gradle-plugin:2.2.20) with InstrumentationAnalysisTransform
Transforming fus-statistics-gradle-plugin-2.2.20-gradle811.jar (org.jetbrains.kotlin:fus-statistics-gradle-plugin:2.2.20) with InstrumentationAnalysisTransform
Transforming kotlin-gradle-plugin-model-2.2.20.jar (org.jetbrains.kotlin:kotlin-gradle-plugin-model:2.2.20) with InstrumentationAnalysisTransform
Transforming kotlin-gradle-plugin-api-2.2.20-gradle811.jar (org.jetbrains.kotlin:kotlin-gradle-plugin-api:2.2.20) with InstrumentationAnalysisTransform
Transforming kotlin-gradle-plugin-api-2.2.20.jar (org.jetbrains.kotlin:kotlin-gradle-plugin-api:2.2.20) with InstrumentationAnalysisTransform
Transforming kotlin-serialization-2.2.20-gradle811.jar (org.jetbrains.kotlin:kotlin-serialization:2.2.20) with InstrumentationAnalysisTransform
Transforming ktlint-gradle-12.1.1.jar (org.jlleitschuh.gradle:ktlint-gradle:12.1.1) with InstrumentationAnalysisTransform
Transforming kotlin-gradle-plugin-idea-proto-2.2.20.jar (org.jetbrains.kotlin:kotlin-gradle-plugin-idea-proto:2.2.20) with InstrumentationAnalysisTransform
Transforming kotlin-gradle-plugin-idea-2.2.20.jar (org.jetbrains.kotlin:kotlin-gradle-plugin-idea:2.2.20) with InstrumentationAnalysisTransform
Transforming kotlin-klib-commonizer-api-2.2.20.jar (org.jetbrains.kotlin:kotlin-klib-commonizer-api:2.2.20) with InstrumentationAnalysisTransform
Transforming kotlin-build-statistics-2.2.20.jar (org.jetbrains.kotlin:kotlin-build-statistics:2.2.20) with InstrumentationAnalysisTransform
Transforming kotlin-util-klib-metadata-2.2.20.jar (org.jetbrains.kotlin:kotlin-util-klib-metadata:2.2.20) with InstrumentationAnalysisTransform
Transforming abi-tools-api-2.2.20.jar (org.jetbrains.kotlin:abi-tools-api:2.2.20) with InstrumentationAnalysisTransform
Transforming kotlin-compiler-runner-2.2.20.jar (org.jetbrains.kotlin:kotlin-compiler-runner:2.2.20) with InstrumentationAnalysisTransform
Transforming dnsjava-2.1.9.jar (dnsjava:dnsjava:2.1.9) with InstrumentationAnalysisTransform
Transforming kotlin-gradle-plugin-annotations-2.2.20.jar (org.jetbrains.kotlin:kotlin-gradle-plugin-annotations:2.2.20) with InstrumentationAnalysisTransform
Transforming kotlin-native-utils-2.2.20.jar (org.jetbrains.kotlin:kotlin-native-utils:2.2.20) with InstrumentationAnalysisTransform
Transforming kotlin-tooling-core-2.2.20.jar (org.jetbrains.kotlin:kotlin-tooling-core:2.2.20) with InstrumentationAnalysisTransform
Transforming kotlin-build-tools-api-2.2.20.jar (org.jetbrains.kotlin:kotlin-build-tools-api:2.2.20) with InstrumentationAnalysisTransform
Transforming android-test-plugin-result-listener-gradle-proto-31.10.1.jar (com.android.tools.utp:android-test-plugin-result-listener-gradle-proto:31.10.1) with InstrumentationAnalysisTransform
Transforming bundletool-1.18.0.jar (com.android.tools.build:bundletool:1.18.0) with InstrumentationAnalysisTransform
Transforming protobuf-java-util-3.25.5.jar (com.google.protobuf:protobuf-java-util:3.25.5) with InstrumentationAnalysisTransform
Transforming grpc-netty-1.69.1.jar (io.grpc:grpc-netty:1.69.1) with InstrumentationAnalysisTransform
Transforming grpc-inprocess-1.69.1.jar (io.grpc:grpc-inprocess:1.69.1) with InstrumentationAnalysisTransform
Transforming grpc-util-1.69.1.jar (io.grpc:grpc-util:1.69.1) with InstrumentationAnalysisTransform
Transforming grpc-core-1.69.1.jar (io.grpc:grpc-core:1.69.1) with InstrumentationAnalysisTransform
Transforming tink-1.7.0.jar (com.google.crypto.tink:tink:1.7.0) with InstrumentationAnalysisTransform
Transforming gson-2.11.0.jar (com.google.code.gson:gson:2.11.0) with InstrumentationAnalysisTransform
Transforming kotlin-util-klib-2.2.20.jar (org.jetbrains.kotlin:kotlin-util-klib:2.2.20) with InstrumentationAnalysisTransform
Transforming kotlin-util-io-2.2.20.jar (org.jetbrains.kotlin:kotlin-util-io:2.2.20) with InstrumentationAnalysisTransform
Transforming kotlin-daemon-client-2.2.20.jar (org.jetbrains.kotlin:kotlin-daemon-client:2.2.20) with InstrumentationAnalysisTransform
Transforming kotlinx-coroutines-core-jvm-1.8.0.jar (org.jetbrains.kotlinx:kotlinx-coroutines-core-jvm:1.8.0) with InstrumentationAnalysisTransform
Transforming aapt2-proto-8.10.1-12782657.jar (com.android.tools.build:aapt2-proto:8.10.1-12782657) with InstrumentationAnalysisTransform
Transforming crash-31.10.1.jar (com.android.tools.analytics-library:crash:31.10.1) with InstrumentationAnalysisTransform
Transforming lint-typedef-remover-31.10.1.jar (com.android.tools.lint:lint-typedef-remover:31.10.1) with InstrumentationAnalysisTransform
Transforming databinding-common-8.10.1.jar (androidx.databinding:databinding-common:8.10.1) with InstrumentationAnalysisTransform
Transforming baseLibrary-8.10.1.jar (com.android.databinding:baseLibrary:8.10.1) with InstrumentationAnalysisTransform
Transforming android-device-provider-ddmlib-proto-31.10.1.jar (com.android.tools.utp:android-device-provider-ddmlib-proto:31.10.1) with InstrumentationAnalysisTransform
Transforming android-device-provider-gradle-proto-31.10.1.jar (com.android.tools.utp:android-device-provider-gradle-proto:31.10.1) with InstrumentationAnalysisTransform
Transforming android-device-provider-profile-proto-31.10.1.jar (com.android.tools.utp:android-device-provider-profile-proto:31.10.1) with InstrumentationAnalysisTransform
Transforming android-test-plugin-host-additional-test-output-proto-31.10.1.jar (com.android.tools.utp:android-test-plugin-host-additional-test-output-proto:31.10.1) with InstrumentationAnalysisTransform
Transforming android-test-plugin-host-coverage-proto-31.10.1.jar (com.android.tools.utp:android-test-plugin-host-coverage-proto:31.10.1) with InstrumentationAnalysisTransform
Transforming android-test-plugin-host-logcat-proto-31.10.1.jar (com.android.tools.utp:android-test-plugin-host-logcat-proto:31.10.1) with InstrumentationAnalysisTransform
Transforming android-test-plugin-host-apk-installer-proto-31.10.1.jar (com.android.tools.utp:android-test-plugin-host-apk-installer-proto:31.10.1) with InstrumentationAnalysisTransform
Transforming transform-api-2.0.0-deprecated-use-gradle-api.jar (com.android.tools.build:transform-api:2.0.0-deprecated-use-gradle-api) with InstrumentationAnalysisTransform
Transforming httpmime-4.5.6.jar (org.apache.httpcomponents:httpmime:4.5.6) with InstrumentationAnalysisTransform
Transforming commons-io-2.16.1.jar (commons-io:commons-io:2.16.1) with InstrumentationAnalysisTransform
Transforming asm-commons-9.7.1.jar (org.ow2.asm:asm-commons:9.7.1) with InstrumentationAnalysisTransform
Transforming asm-util-9.7.1.jar (org.ow2.asm:asm-util:9.7.1) with InstrumentationAnalysisTransform
Transforming asm-analysis-9.7.1.jar (org.ow2.asm:asm-analysis:9.7.1) with InstrumentationAnalysisTransform
Transforming asm-tree-9.7.1.jar (org.ow2.asm:asm-tree:9.7.1) with InstrumentationAnalysisTransform
Transforming asm-9.7.1.jar (org.ow2.asm:asm:9.7.1) with InstrumentationAnalysisTransform
Transforming apkzlib-8.10.1.jar (com.android.tools.build:apkzlib:8.10.1) with InstrumentationAnalysisTransform
Transforming bcpkix-jdk18on-1.79.jar (org.bouncycastle:bcpkix-jdk18on:1.79) with InstrumentationAnalysisTransform
Transforming jaxb-runtime-2.3.2.jar (org.glassfish.jaxb:jaxb-runtime:2.3.2) with InstrumentationAnalysisTransform
Transforming jopt-simple-4.9.jar (net.sf.jopt-simple:jopt-simple:4.9) with InstrumentationAnalysisTransform
Transforming javapoet-1.10.0.jar (com.squareup:javapoet:1.10.0) with InstrumentationAnalysisTransform
Transforming grpc-protobuf-1.69.1.jar (io.grpc:grpc-protobuf:1.69.1) with InstrumentationAnalysisTransform
Transforming core-proto-0.0.9-alpha03.jar (com.google.testing.platform:core-proto:0.0.9-alpha03) with InstrumentationAnalysisTransform
Transforming protos-31.10.1.jar (com.android.tools.analytics-library:protos:31.10.1) with InstrumentationAnalysisTransform
Transforming proto-google-common-protos-2.48.0.jar (com.google.api.grpc:proto-google-common-protos:2.48.0) with InstrumentationAnalysisTransform
Transforming protobuf-java-3.25.5.jar (com.google.protobuf:protobuf-java:3.25.5) with InstrumentationAnalysisTransform
Transforming grpc-stub-1.69.1.jar (io.grpc:grpc-stub:1.69.1) with InstrumentationAnalysisTransform
Transforming tensorflow-lite-metadata-0.2.0.jar (org.tensorflow:tensorflow-lite-metadata:0.2.0) with InstrumentationAnalysisTransform
Transforming flatbuffers-java-1.12.0.jar (com.google.flatbuffers:flatbuffers-java:1.12.0) with InstrumentationAnalysisTransform
Transforming jimfs-1.1.jar (com.google.jimfs:jimfs:1.1) with InstrumentationAnalysisTransform
Transforming grpc-context-1.69.1.jar (io.grpc:grpc-context:1.69.1) with InstrumentationAnalysisTransform
Transforming grpc-protobuf-lite-1.69.1.jar (io.grpc:grpc-protobuf-lite:1.69.1) with InstrumentationAnalysisTransform
Transforming grpc-api-1.69.1.jar (io.grpc:grpc-api:1.69.1) with InstrumentationAnalysisTransform
Transforming guava-33.3.1-jre.jar (com.google.guava:guava:33.3.1-jre) with InstrumentationAnalysisTransform
Transforming error_prone_annotations-2.30.0.jar (com.google.errorprone:error_prone_annotations:2.30.0) with InstrumentationAnalysisTransform
Transforming dagger-2.28.3.jar (com.google.dagger:dagger:2.28.3) with InstrumentationAnalysisTransform
Transforming javax.inject-1.jar (javax.inject:javax.inject:1) with InstrumentationAnalysisTransform
Transforming kxml2-2.3.0.jar (net.sf.kxml:kxml2:2.3.0) with InstrumentationAnalysisTransform
Transforming commons-compress-1.21.jar (org.apache.commons:commons-compress:1.21) with InstrumentationAnalysisTransform
Transforming bcutil-jdk18on-1.79.jar (org.bouncycastle:bcutil-jdk18on:1.79) with InstrumentationAnalysisTransform
Transforming bcprov-jdk18on-1.79.jar (org.bouncycastle:bcprov-jdk18on:1.79) with InstrumentationAnalysisTransform
Transforming httpclient-4.5.14.jar (org.apache.httpcomponents:httpclient:4.5.14) with InstrumentationAnalysisTransform
Transforming httpcore-4.4.16.jar (org.apache.httpcomponents:httpcore:4.4.16) with InstrumentationAnalysisTransform
Transforming javax.activation-1.2.0.jar (com.sun.activation:javax.activation:1.2.0) with InstrumentationAnalysisTransform
Transforming signflinger-8.10.1.jar (com.android:signflinger:8.10.1) with InstrumentationAnalysisTransform
Transforming zipflinger-8.10.1.jar (com.android:zipflinger:8.10.1) with InstrumentationAnalysisTransform
Transforming annotations-31.10.1.jar (com.android.tools:annotations:31.10.1) with InstrumentationAnalysisTransform
Transforming jna-platform-5.6.0.jar (net.java.dev.jna:jna-platform:5.6.0) with InstrumentationAnalysisTransform
Transforming juniversalchardet-1.0.3.jar (com.googlecode.juniversalchardet:juniversalchardet:1.0.3) with InstrumentationAnalysisTransform
Transforming javax.annotation-api-1.3.2.jar (javax.annotation:javax.annotation-api:1.3.2) with InstrumentationAnalysisTransform
Transforming stax-ex-1.8.1.jar (org.jvnet.staxex:stax-ex:1.8.1) with InstrumentationAnalysisTransform
Transforming jakarta.xml.bind-api-2.3.2.jar (jakarta.xml.bind:jakarta.xml.bind-api:2.3.2) with InstrumentationAnalysisTransform
Transforming txw2-2.3.2.jar (org.glassfish.jaxb:txw2:2.3.2) with InstrumentationAnalysisTransform
Transforming istack-commons-runtime-3.0.8.jar (com.sun.istack:istack-commons-runtime:3.0.8) with InstrumentationAnalysisTransform
Transforming FastInfoset-1.2.16.jar (com.sun.xml.fastinfoset:FastInfoset:1.2.16) with InstrumentationAnalysisTransform
Transforming jakarta.activation-api-1.2.1.jar (jakarta.activation:jakarta.activation-api:1.2.1) with InstrumentationAnalysisTransform
Transforming auto-value-annotations-1.6.2.jar (com.google.auto.value:auto-value-annotations:1.6.2) with InstrumentationAnalysisTransform
Transforming jose4j-0.9.5.jar (org.bitbucket.b_c:jose4j:0.9.5) with InstrumentationAnalysisTransform
Transforming slf4j-api-1.7.30.jar (org.slf4j:slf4j-api:1.7.30) with InstrumentationAnalysisTransform
Transforming jdom2-2.0.6.jar (org.jdom:jdom2:2.0.6) with InstrumentationAnalysisTransform
Transforming jsr305-3.0.2.jar (com.google.code.findbugs:jsr305:3.0.2) with InstrumentationAnalysisTransform
Transforming j2objc-annotations-3.0.0.jar (com.google.j2objc:j2objc-annotations:3.0.0) with InstrumentationAnalysisTransform
Transforming annotations-4.1.1.4.jar (com.google.android:annotations:4.1.1.4) with InstrumentationAnalysisTransform
Transforming animal-sniffer-annotations-1.24.jar (org.codehaus.mojo:animal-sniffer-annotations:1.24) with InstrumentationAnalysisTransform
Transforming perfmark-api-0.27.0.jar (io.perfmark:perfmark-api:0.27.0) with InstrumentationAnalysisTransform
Transforming netty-codec-http2-4.1.110.Final.jar (io.netty:netty-codec-http2:4.1.110.Final) with InstrumentationAnalysisTransform
Transforming netty-handler-proxy-4.1.110.Final.jar (io.netty:netty-handler-proxy:4.1.110.Final) with InstrumentationAnalysisTransform
Transforming netty-codec-http-4.1.110.Final.jar (io.netty:netty-codec-http:4.1.110.Final) with InstrumentationAnalysisTransform
Transforming netty-handler-4.1.110.Final.jar (io.netty:netty-handler:4.1.110.Final) with InstrumentationAnalysisTransform
Transforming netty-transport-native-unix-common-4.1.110.Final.jar (io.netty:netty-transport-native-unix-common:4.1.110.Final) with InstrumentationAnalysisTransform
Transforming checker-qual-3.43.0.jar (org.checkerframework:checker-qual:3.43.0) with InstrumentationAnalysisTransform
Transforming apksig-8.10.1.jar (com.android.tools.build:apksig:8.10.1) with InstrumentationAnalysisTransform
Transforming javawriter-2.5.0.jar (com.squareup:javawriter:2.5.0) with InstrumentationAnalysisTransform
Transforming failureaccess-1.0.2.jar (com.google.guava:failureaccess:1.0.2) with InstrumentationAnalysisTransform
Transforming listenablefuture-9999.0-empty-to-avoid-conflict-with-guava.jar (com.google.guava:listenablefuture:9999.0-empty-to-avoid-conflict-with-guava) with InstrumentationAnalysisTransform
Transforming commons-logging-1.2.jar (commons-logging:commons-logging:1.2) with InstrumentationAnalysisTransform
Transforming commons-codec-1.11.jar (commons-codec:commons-codec:1.11) with InstrumentationAnalysisTransform
Transforming jna-5.6.0.jar (net.java.dev.jna:jna:5.6.0) with InstrumentationAnalysisTransform
Transforming netty-codec-socks-4.1.110.Final.jar (io.netty:netty-codec-socks:4.1.110.Final) with InstrumentationAnalysisTransform
Transforming netty-codec-4.1.110.Final.jar (io.netty:netty-codec:4.1.110.Final) with InstrumentationAnalysisTransform
Transforming netty-transport-4.1.110.Final.jar (io.netty:netty-transport:4.1.110.Final) with InstrumentationAnalysisTransform
Transforming netty-buffer-4.1.110.Final.jar (io.netty:netty-buffer:4.1.110.Final) with InstrumentationAnalysisTransform
Transforming netty-resolver-4.1.110.Final.jar (io.netty:netty-resolver:4.1.110.Final) with InstrumentationAnalysisTransform
Transforming netty-common-4.1.110.Final.jar (io.netty:netty-common:4.1.110.Final) with InstrumentationAnalysisTransform
Transforming main (project :build-logic:plugins) with InstrumentationAnalysisTransform
Transforming main (project :build-logic:plugins) with InstrumentationAnalysisTransform
Transforming main (project :build-logic:plugins) with InstrumentationAnalysisTransform
Transforming main (project :build-logic:tools) with InstrumentationAnalysisTransform
Transforming main (project :build-logic:tools) with InstrumentationAnalysisTransform
Transforming classes with InstrumentationAnalysisTransform
Transforming classes with MergeInstrumentationAnalysisTransform
Transforming classes with InstrumentationAnalysisTransform
Transforming classes with MergeInstrumentationAnalysisTransform
Transforming gradle-8.10.1.jar (com.android.tools.build:gradle:8.10.1) with InstrumentationAnalysisTransform
Transforming gradle-8.10.1.jar (com.android.tools.build:gradle:8.10.1) with MergeInstrumentationAnalysisTransform
Transforming gradle-settings-api-8.10.1.jar (com.android.tools.build:gradle-settings-api:8.10.1) with InstrumentationAnalysisTransform
Transforming gradle-settings-api-8.10.1.jar (com.android.tools.build:gradle-settings-api:8.10.1) with MergeInstrumentationAnalysisTransform
Transforming lint-model-31.10.1.jar (com.android.tools.lint:lint-model:31.10.1) with InstrumentationAnalysisTransform
Transforming lint-model-31.10.1.jar (com.android.tools.lint:lint-model:31.10.1) with MergeInstrumentationAnalysisTransform
Transforming builder-8.10.1.jar (com.android.tools.build:builder:8.10.1) with InstrumentationAnalysisTransform
Transforming builder-8.10.1.jar (com.android.tools.build:builder:8.10.1) with MergeInstrumentationAnalysisTransform
Transforming manifest-merger-31.10.1.jar (com.android.tools.build:manifest-merger:31.10.1) with InstrumentationAnalysisTransform
Transforming manifest-merger-31.10.1.jar (com.android.tools.build:manifest-merger:31.10.1) with MergeInstrumentationAnalysisTransform
Transforming sdk-common-31.10.1.jar (com.android.tools:sdk-common:31.10.1) with InstrumentationAnalysisTransform
Transforming sdk-common-31.10.1.jar (com.android.tools:sdk-common:31.10.1) with MergeInstrumentationAnalysisTransform
Transforming sdklib-31.10.1.jar (com.android.tools:sdklib:31.10.1) with InstrumentationAnalysisTransform
Transforming sdklib-31.10.1.jar (com.android.tools:sdklib:31.10.1) with MergeInstrumentationAnalysisTransform
Transforming repository-31.10.1.jar (com.android.tools:repository:31.10.1) with InstrumentationAnalysisTransform
Transforming repository-31.10.1.jar (com.android.tools:repository:31.10.1) with MergeInstrumentationAnalysisTransform
Transforming aaptcompiler-8.10.1.jar (com.android.tools.build:aaptcompiler:8.10.1) with InstrumentationAnalysisTransform
Transforming aaptcompiler-8.10.1.jar (com.android.tools.build:aaptcompiler:8.10.1) with MergeInstrumentationAnalysisTransform
Transforming tracker-31.10.1.jar (com.android.tools.analytics-library:tracker:31.10.1) with InstrumentationAnalysisTransform
Transforming tracker-31.10.1.jar (com.android.tools.analytics-library:tracker:31.10.1) with MergeInstrumentationAnalysisTransform
Transforming shared-31.10.1.jar (com.android.tools.analytics-library:shared:31.10.1) with InstrumentationAnalysisTransform
Transforming shared-31.10.1.jar (com.android.tools.analytics-library:shared:31.10.1) with MergeInstrumentationAnalysisTransform
Transforming databinding-compiler-common-8.10.1.jar (androidx.databinding:databinding-compiler-common:8.10.1) with InstrumentationAnalysisTransform
Transforming databinding-compiler-common-8.10.1.jar (androidx.databinding:databinding-compiler-common:8.10.1) with MergeInstrumentationAnalysisTransform
Transforming android-test-plugin-host-emulator-control-proto-31.10.1.jar (com.android.tools.utp:android-test-plugin-host-emulator-control-proto:31.10.1) with InstrumentationAnalysisTransform
Transforming android-test-plugin-host-emulator-control-proto-31.10.1.jar (com.android.tools.utp:android-test-plugin-host-emulator-control-proto:31.10.1) with MergeInstrumentationAnalysisTransform
Transforming builder-model-8.10.1.jar (com.android.tools.build:builder-model:8.10.1) with InstrumentationAnalysisTransform
Transforming builder-model-8.10.1.jar (com.android.tools.build:builder-model:8.10.1) with MergeInstrumentationAnalysisTransform
Transforming gradle-api-8.10.1.jar (com.android.tools.build:gradle-api:8.10.1) with InstrumentationAnalysisTransform
Transforming gradle-api-8.10.1.jar (com.android.tools.build:gradle-api:8.10.1) with MergeInstrumentationAnalysisTransform
Transforming builder-test-api-8.10.1.jar (com.android.tools.build:builder-test-api:8.10.1) with InstrumentationAnalysisTransform
Transforming builder-test-api-8.10.1.jar (com.android.tools.build:builder-test-api:8.10.1) with MergeInstrumentationAnalysisTransform
Transforming ddmlib-31.10.1.jar (com.android.tools.ddms:ddmlib:31.10.1) with InstrumentationAnalysisTransform
Transforming ddmlib-31.10.1.jar (com.android.tools.ddms:ddmlib:31.10.1) with MergeInstrumentationAnalysisTransform
Transforming layoutlib-api-31.10.1.jar (com.android.tools.layoutlib:layoutlib-api:31.10.1) with InstrumentationAnalysisTransform
Transforming layoutlib-api-31.10.1.jar (com.android.tools.layoutlib:layoutlib-api:31.10.1) with MergeInstrumentationAnalysisTransform
Transforming dvlib-31.10.1.jar (com.android.tools:dvlib:31.10.1) with InstrumentationAnalysisTransform
Transforming dvlib-31.10.1.jar (com.android.tools:dvlib:31.10.1) with MergeInstrumentationAnalysisTransform
Transforming common-31.10.1.jar (com.android.tools:common:31.10.1) with InstrumentationAnalysisTransform
Transforming common-31.10.1.jar (com.android.tools:common:31.10.1) with MergeInstrumentationAnalysisTransform
Transforming kotlin-stdlib-jdk8-2.1.0.jar (org.jetbrains.kotlin:kotlin-stdlib-jdk8:2.1.0) with InstrumentationAnalysisTransform
Transforming kotlin-stdlib-jdk8-2.1.0.jar (org.jetbrains.kotlin:kotlin-stdlib-jdk8:2.1.0) with MergeInstrumentationAnalysisTransform
Transforming jetifier-processor-1.0.0-beta10.jar (com.android.tools.build.jetifier:jetifier-processor:1.0.0-beta10) with InstrumentationAnalysisTransform
Transforming jetifier-processor-1.0.0-beta10.jar (com.android.tools.build.jetifier:jetifier-processor:1.0.0-beta10) with MergeInstrumentationAnalysisTransform
Transforming jetifier-core-1.0.0-beta10.jar (com.android.tools.build.jetifier:jetifier-core:1.0.0-beta10) with InstrumentationAnalysisTransform
Transforming jetifier-core-1.0.0-beta10.jar (com.android.tools.build.jetifier:jetifier-core:1.0.0-beta10) with MergeInstrumentationAnalysisTransform
Transforming kotlin-reflect-2.0.20.jar (org.jetbrains.kotlin:kotlin-reflect:2.0.20) with InstrumentationAnalysisTransform
Transforming kotlin-reflect-2.0.20.jar (org.jetbrains.kotlin:kotlin-reflect:2.0.20) with MergeInstrumentationAnalysisTransform
Transforming kotlin-stdlib-jdk7-2.1.0.jar (org.jetbrains.kotlin:kotlin-stdlib-jdk7:2.1.0) with InstrumentationAnalysisTransform
Transforming kotlin-stdlib-jdk7-2.1.0.jar (org.jetbrains.kotlin:kotlin-stdlib-jdk7:2.1.0) with MergeInstrumentationAnalysisTransform
Transforming kotlin-stdlib-2.0.20.jar (org.jetbrains.kotlin:kotlin-stdlib:2.0.20) with InstrumentationAnalysisTransform
Transforming kotlin-stdlib-2.0.20.jar (org.jetbrains.kotlin:kotlin-stdlib:2.0.20) with MergeInstrumentationAnalysisTransform
Transforming annotations-13.0.jar (org.jetbrains:annotations:13.0) with InstrumentationAnalysisTransform
Transforming annotations-13.0.jar (org.jetbrains:annotations:13.0) with MergeInstrumentationAnalysisTransform
Transforming kotlin-gradle-plugin-2.2.20-gradle811.jar (org.jetbrains.kotlin:kotlin-gradle-plugin:2.2.20) with InstrumentationAnalysisTransform
Transforming kotlin-gradle-plugin-2.2.20-gradle811.jar (org.jetbrains.kotlin:kotlin-gradle-plugin:2.2.20) with MergeInstrumentationAnalysisTransform
Transforming fus-statistics-gradle-plugin-2.2.20-gradle811.jar (org.jetbrains.kotlin:fus-statistics-gradle-plugin:2.2.20) with InstrumentationAnalysisTransform
Transforming fus-statistics-gradle-plugin-2.2.20-gradle811.jar (org.jetbrains.kotlin:fus-statistics-gradle-plugin:2.2.20) with MergeInstrumentationAnalysisTransform
Transforming kotlin-gradle-plugin-model-2.2.20.jar (org.jetbrains.kotlin:kotlin-gradle-plugin-model:2.2.20) with InstrumentationAnalysisTransform
Transforming kotlin-gradle-plugin-model-2.2.20.jar (org.jetbrains.kotlin:kotlin-gradle-plugin-model:2.2.20) with MergeInstrumentationAnalysisTransform
Transforming kotlin-gradle-plugin-api-2.2.20-gradle811.jar (org.jetbrains.kotlin:kotlin-gradle-plugin-api:2.2.20) with InstrumentationAnalysisTransform
Transforming kotlin-gradle-plugin-api-2.2.20-gradle811.jar (org.jetbrains.kotlin:kotlin-gradle-plugin-api:2.2.20) with MergeInstrumentationAnalysisTransform
Transforming kotlin-gradle-plugin-api-2.2.20.jar (org.jetbrains.kotlin:kotlin-gradle-plugin-api:2.2.20) with InstrumentationAnalysisTransform
Transforming kotlin-gradle-plugin-api-2.2.20.jar (org.jetbrains.kotlin:kotlin-gradle-plugin-api:2.2.20) with MergeInstrumentationAnalysisTransform
Transforming kotlin-serialization-2.2.20-gradle811.jar (org.jetbrains.kotlin:kotlin-serialization:2.2.20) with InstrumentationAnalysisTransform
Transforming kotlin-serialization-2.2.20-gradle811.jar (org.jetbrains.kotlin:kotlin-serialization:2.2.20) with MergeInstrumentationAnalysisTransform
Transforming ktlint-gradle-12.1.1.jar (org.jlleitschuh.gradle:ktlint-gradle:12.1.1) with InstrumentationAnalysisTransform
Transforming ktlint-gradle-12.1.1.jar (org.jlleitschuh.gradle:ktlint-gradle:12.1.1) with MergeInstrumentationAnalysisTransform
Transforming kotlin-gradle-plugin-idea-proto-2.2.20.jar (org.jetbrains.kotlin:kotlin-gradle-plugin-idea-proto:2.2.20) with InstrumentationAnalysisTransform
Transforming kotlin-gradle-plugin-idea-proto-2.2.20.jar (org.jetbrains.kotlin:kotlin-gradle-plugin-idea-proto:2.2.20) with MergeInstrumentationAnalysisTransform
Transforming kotlin-gradle-plugin-idea-2.2.20.jar (org.jetbrains.kotlin:kotlin-gradle-plugin-idea:2.2.20) with InstrumentationAnalysisTransform
Transforming kotlin-gradle-plugin-idea-2.2.20.jar (org.jetbrains.kotlin:kotlin-gradle-plugin-idea:2.2.20) with MergeInstrumentationAnalysisTransform
Transforming kotlin-klib-commonizer-api-2.2.20.jar (org.jetbrains.kotlin:kotlin-klib-commonizer-api:2.2.20) with InstrumentationAnalysisTransform
Transforming kotlin-klib-commonizer-api-2.2.20.jar (org.jetbrains.kotlin:kotlin-klib-commonizer-api:2.2.20) with MergeInstrumentationAnalysisTransform
Transforming kotlin-build-statistics-2.2.20.jar (org.jetbrains.kotlin:kotlin-build-statistics:2.2.20) with InstrumentationAnalysisTransform
Transforming kotlin-build-statistics-2.2.20.jar (org.jetbrains.kotlin:kotlin-build-statistics:2.2.20) with MergeInstrumentationAnalysisTransform
Transforming kotlin-util-klib-metadata-2.2.20.jar (org.jetbrains.kotlin:kotlin-util-klib-metadata:2.2.20) with InstrumentationAnalysisTransform
Transforming kotlin-util-klib-metadata-2.2.20.jar (org.jetbrains.kotlin:kotlin-util-klib-metadata:2.2.20) with MergeInstrumentationAnalysisTransform
Transforming abi-tools-api-2.2.20.jar (org.jetbrains.kotlin:abi-tools-api:2.2.20) with InstrumentationAnalysisTransform
Transforming abi-tools-api-2.2.20.jar (org.jetbrains.kotlin:abi-tools-api:2.2.20) with MergeInstrumentationAnalysisTransform
Transforming kotlin-compiler-runner-2.2.20.jar (org.jetbrains.kotlin:kotlin-compiler-runner:2.2.20) with InstrumentationAnalysisTransform
Transforming kotlin-compiler-runner-2.2.20.jar (org.jetbrains.kotlin:kotlin-compiler-runner:2.2.20) with MergeInstrumentationAnalysisTransform
Transforming dnsjava-2.1.9.jar (dnsjava:dnsjava:2.1.9) with InstrumentationAnalysisTransform
Transforming dnsjava-2.1.9.jar (dnsjava:dnsjava:2.1.9) with MergeInstrumentationAnalysisTransform
Transforming kotlin-gradle-plugin-annotations-2.2.20.jar (org.jetbrains.kotlin:kotlin-gradle-plugin-annotations:2.2.20) with InstrumentationAnalysisTransform
Transforming kotlin-gradle-plugin-annotations-2.2.20.jar (org.jetbrains.kotlin:kotlin-gradle-plugin-annotations:2.2.20) with MergeInstrumentationAnalysisTransform
Transforming kotlin-native-utils-2.2.20.jar (org.jetbrains.kotlin:kotlin-native-utils:2.2.20) with InstrumentationAnalysisTransform
Transforming kotlin-native-utils-2.2.20.jar (org.jetbrains.kotlin:kotlin-native-utils:2.2.20) with MergeInstrumentationAnalysisTransform
Transforming kotlin-tooling-core-2.2.20.jar (org.jetbrains.kotlin:kotlin-tooling-core:2.2.20) with InstrumentationAnalysisTransform
Transforming kotlin-tooling-core-2.2.20.jar (org.jetbrains.kotlin:kotlin-tooling-core:2.2.20) with MergeInstrumentationAnalysisTransform
Transforming kotlin-build-tools-api-2.2.20.jar (org.jetbrains.kotlin:kotlin-build-tools-api:2.2.20) with InstrumentationAnalysisTransform
Transforming kotlin-build-tools-api-2.2.20.jar (org.jetbrains.kotlin:kotlin-build-tools-api:2.2.20) with MergeInstrumentationAnalysisTransform
Transforming android-test-plugin-result-listener-gradle-proto-31.10.1.jar (com.android.tools.utp:android-test-plugin-result-listener-gradle-proto:31.10.1) with InstrumentationAnalysisTransform
Transforming android-test-plugin-result-listener-gradle-proto-31.10.1.jar (com.android.tools.utp:android-test-plugin-result-listener-gradle-proto:31.10.1) with MergeInstrumentationAnalysisTransform
Transforming bundletool-1.18.0.jar (com.android.tools.build:bundletool:1.18.0) with InstrumentationAnalysisTransform
Transforming bundletool-1.18.0.jar (com.android.tools.build:bundletool:1.18.0) with MergeInstrumentationAnalysisTransform
Transforming protobuf-java-util-3.25.5.jar (com.google.protobuf:protobuf-java-util:3.25.5) with InstrumentationAnalysisTransform
Transforming protobuf-java-util-3.25.5.jar (com.google.protobuf:protobuf-java-util:3.25.5) with MergeInstrumentationAnalysisTransform
Transforming grpc-netty-1.69.1.jar (io.grpc:grpc-netty:1.69.1) with InstrumentationAnalysisTransform
Transforming grpc-netty-1.69.1.jar (io.grpc:grpc-netty:1.69.1) with MergeInstrumentationAnalysisTransform
Transforming grpc-inprocess-1.69.1.jar (io.grpc:grpc-inprocess:1.69.1) with InstrumentationAnalysisTransform
Transforming grpc-inprocess-1.69.1.jar (io.grpc:grpc-inprocess:1.69.1) with MergeInstrumentationAnalysisTransform
Transforming grpc-util-1.69.1.jar (io.grpc:grpc-util:1.69.1) with InstrumentationAnalysisTransform
Transforming grpc-util-1.69.1.jar (io.grpc:grpc-util:1.69.1) with MergeInstrumentationAnalysisTransform
Transforming grpc-core-1.69.1.jar (io.grpc:grpc-core:1.69.1) with InstrumentationAnalysisTransform
Transforming grpc-core-1.69.1.jar (io.grpc:grpc-core:1.69.1) with MergeInstrumentationAnalysisTransform
Transforming tink-1.7.0.jar (com.google.crypto.tink:tink:1.7.0) with InstrumentationAnalysisTransform
Transforming tink-1.7.0.jar (com.google.crypto.tink:tink:1.7.0) with MergeInstrumentationAnalysisTransform
Transforming gson-2.11.0.jar (com.google.code.gson:gson:2.11.0) with InstrumentationAnalysisTransform
Transforming gson-2.11.0.jar (com.google.code.gson:gson:2.11.0) with MergeInstrumentationAnalysisTransform
Transforming kotlin-util-klib-2.2.20.jar (org.jetbrains.kotlin:kotlin-util-klib:2.2.20) with InstrumentationAnalysisTransform
Transforming kotlin-util-klib-2.2.20.jar (org.jetbrains.kotlin:kotlin-util-klib:2.2.20) with MergeInstrumentationAnalysisTransform
Transforming kotlin-util-io-2.2.20.jar (org.jetbrains.kotlin:kotlin-util-io:2.2.20) with InstrumentationAnalysisTransform
Transforming kotlin-util-io-2.2.20.jar (org.jetbrains.kotlin:kotlin-util-io:2.2.20) with MergeInstrumentationAnalysisTransform
Transforming kotlin-daemon-client-2.2.20.jar (org.jetbrains.kotlin:kotlin-daemon-client:2.2.20) with InstrumentationAnalysisTransform
Transforming kotlin-daemon-client-2.2.20.jar (org.jetbrains.kotlin:kotlin-daemon-client:2.2.20) with MergeInstrumentationAnalysisTransform
Transforming kotlinx-coroutines-core-jvm-1.8.0.jar (org.jetbrains.kotlinx:kotlinx-coroutines-core-jvm:1.8.0) with InstrumentationAnalysisTransform
Transforming kotlinx-coroutines-core-jvm-1.8.0.jar (org.jetbrains.kotlinx:kotlinx-coroutines-core-jvm:1.8.0) with MergeInstrumentationAnalysisTransform
Transforming aapt2-proto-8.10.1-12782657.jar (com.android.tools.build:aapt2-proto:8.10.1-12782657) with InstrumentationAnalysisTransform
Transforming aapt2-proto-8.10.1-12782657.jar (com.android.tools.build:aapt2-proto:8.10.1-12782657) with MergeInstrumentationAnalysisTransform
Transforming crash-31.10.1.jar (com.android.tools.analytics-library:crash:31.10.1) with InstrumentationAnalysisTransform
Transforming crash-31.10.1.jar (com.android.tools.analytics-library:crash:31.10.1) with MergeInstrumentationAnalysisTransform
Transforming lint-typedef-remover-31.10.1.jar (com.android.tools.lint:lint-typedef-remover:31.10.1) with InstrumentationAnalysisTransform
Transforming lint-typedef-remover-31.10.1.jar (com.android.tools.lint:lint-typedef-remover:31.10.1) with MergeInstrumentationAnalysisTransform
Transforming databinding-common-8.10.1.jar (androidx.databinding:databinding-common:8.10.1) with InstrumentationAnalysisTransform
Transforming databinding-common-8.10.1.jar (androidx.databinding:databinding-common:8.10.1) with MergeInstrumentationAnalysisTransform
Transforming baseLibrary-8.10.1.jar (com.android.databinding:baseLibrary:8.10.1) with InstrumentationAnalysisTransform
Transforming baseLibrary-8.10.1.jar (com.android.databinding:baseLibrary:8.10.1) with MergeInstrumentationAnalysisTransform
Transforming android-device-provider-ddmlib-proto-31.10.1.jar (com.android.tools.utp:android-device-provider-ddmlib-proto:31.10.1) with InstrumentationAnalysisTransform
Transforming android-device-provider-ddmlib-proto-31.10.1.jar (com.android.tools.utp:android-device-provider-ddmlib-proto:31.10.1) with MergeInstrumentationAnalysisTransform
Transforming android-device-provider-gradle-proto-31.10.1.jar (com.android.tools.utp:android-device-provider-gradle-proto:31.10.1) with InstrumentationAnalysisTransform
Transforming android-device-provider-gradle-proto-31.10.1.jar (com.android.tools.utp:android-device-provider-gradle-proto:31.10.1) with MergeInstrumentationAnalysisTransform
Transforming android-device-provider-profile-proto-31.10.1.jar (com.android.tools.utp:android-device-provider-profile-proto:31.10.1) with InstrumentationAnalysisTransform
Transforming android-device-provider-profile-proto-31.10.1.jar (com.android.tools.utp:android-device-provider-profile-proto:31.10.1) with MergeInstrumentationAnalysisTransform
Transforming android-test-plugin-host-additional-test-output-proto-31.10.1.jar (com.android.tools.utp:android-test-plugin-host-additional-test-output-proto:31.10.1) with InstrumentationAnalysisTransform
Transforming android-test-plugin-host-additional-test-output-proto-31.10.1.jar (com.android.tools.utp:android-test-plugin-host-additional-test-output-proto:31.10.1) with MergeInstrumentationAnalysisTransform
Transforming android-test-plugin-host-coverage-proto-31.10.1.jar (com.android.tools.utp:android-test-plugin-host-coverage-proto:31.10.1) with InstrumentationAnalysisTransform
Transforming android-test-plugin-host-coverage-proto-31.10.1.jar (com.android.tools.utp:android-test-plugin-host-coverage-proto:31.10.1) with MergeInstrumentationAnalysisTransform
Transforming android-test-plugin-host-logcat-proto-31.10.1.jar (com.android.tools.utp:android-test-plugin-host-logcat-proto:31.10.1) with InstrumentationAnalysisTransform
Transforming android-test-plugin-host-logcat-proto-31.10.1.jar (com.android.tools.utp:android-test-plugin-host-logcat-proto:31.10.1) with MergeInstrumentationAnalysisTransform
Transforming android-test-plugin-host-apk-installer-proto-31.10.1.jar (com.android.tools.utp:android-test-plugin-host-apk-installer-proto:31.10.1) with InstrumentationAnalysisTransform
Transforming android-test-plugin-host-apk-installer-proto-31.10.1.jar (com.android.tools.utp:android-test-plugin-host-apk-installer-proto:31.10.1) with MergeInstrumentationAnalysisTransform
Transforming transform-api-2.0.0-deprecated-use-gradle-api.jar (com.android.tools.build:transform-api:2.0.0-deprecated-use-gradle-api) with InstrumentationAnalysisTransform
Transforming transform-api-2.0.0-deprecated-use-gradle-api.jar (com.android.tools.build:transform-api:2.0.0-deprecated-use-gradle-api) with MergeInstrumentationAnalysisTransform
Transforming httpmime-4.5.6.jar (org.apache.httpcomponents:httpmime:4.5.6) with InstrumentationAnalysisTransform
Transforming httpmime-4.5.6.jar (org.apache.httpcomponents:httpmime:4.5.6) with MergeInstrumentationAnalysisTransform
Transforming commons-io-2.16.1.jar (commons-io:commons-io:2.16.1) with InstrumentationAnalysisTransform
Transforming commons-io-2.16.1.jar (commons-io:commons-io:2.16.1) with MergeInstrumentationAnalysisTransform
Transforming asm-commons-9.7.1.jar (org.ow2.asm:asm-commons:9.7.1) with InstrumentationAnalysisTransform
Transforming asm-commons-9.7.1.jar (org.ow2.asm:asm-commons:9.7.1) with MergeInstrumentationAnalysisTransform
Transforming asm-util-9.7.1.jar (org.ow2.asm:asm-util:9.7.1) with InstrumentationAnalysisTransform
Transforming asm-util-9.7.1.jar (org.ow2.asm:asm-util:9.7.1) with MergeInstrumentationAnalysisTransform
Transforming asm-analysis-9.7.1.jar (org.ow2.asm:asm-analysis:9.7.1) with InstrumentationAnalysisTransform
Transforming asm-analysis-9.7.1.jar (org.ow2.asm:asm-analysis:9.7.1) with MergeInstrumentationAnalysisTransform
Transforming asm-tree-9.7.1.jar (org.ow2.asm:asm-tree:9.7.1) with InstrumentationAnalysisTransform
Transforming asm-tree-9.7.1.jar (org.ow2.asm:asm-tree:9.7.1) with MergeInstrumentationAnalysisTransform
Transforming asm-9.7.1.jar (org.ow2.asm:asm:9.7.1) with InstrumentationAnalysisTransform
Transforming asm-9.7.1.jar (org.ow2.asm:asm:9.7.1) with MergeInstrumentationAnalysisTransform
Transforming apkzlib-8.10.1.jar (com.android.tools.build:apkzlib:8.10.1) with InstrumentationAnalysisTransform
Transforming apkzlib-8.10.1.jar (com.android.tools.build:apkzlib:8.10.1) with MergeInstrumentationAnalysisTransform
Transforming bcpkix-jdk18on-1.79.jar (org.bouncycastle:bcpkix-jdk18on:1.79) with InstrumentationAnalysisTransform
Transforming bcpkix-jdk18on-1.79.jar (org.bouncycastle:bcpkix-jdk18on:1.79) with MergeInstrumentationAnalysisTransform
Transforming jaxb-runtime-2.3.2.jar (org.glassfish.jaxb:jaxb-runtime:2.3.2) with InstrumentationAnalysisTransform
Transforming jaxb-runtime-2.3.2.jar (org.glassfish.jaxb:jaxb-runtime:2.3.2) with MergeInstrumentationAnalysisTransform
Transforming jopt-simple-4.9.jar (net.sf.jopt-simple:jopt-simple:4.9) with InstrumentationAnalysisTransform
Transforming jopt-simple-4.9.jar (net.sf.jopt-simple:jopt-simple:4.9) with MergeInstrumentationAnalysisTransform
Transforming javapoet-1.10.0.jar (com.squareup:javapoet:1.10.0) with InstrumentationAnalysisTransform
Transforming javapoet-1.10.0.jar (com.squareup:javapoet:1.10.0) with MergeInstrumentationAnalysisTransform
Transforming grpc-protobuf-1.69.1.jar (io.grpc:grpc-protobuf:1.69.1) with InstrumentationAnalysisTransform
Transforming grpc-protobuf-1.69.1.jar (io.grpc:grpc-protobuf:1.69.1) with MergeInstrumentationAnalysisTransform
Transforming core-proto-0.0.9-alpha03.jar (com.google.testing.platform:core-proto:0.0.9-alpha03) with InstrumentationAnalysisTransform
Transforming core-proto-0.0.9-alpha03.jar (com.google.testing.platform:core-proto:0.0.9-alpha03) with MergeInstrumentationAnalysisTransform
Transforming protos-31.10.1.jar (com.android.tools.analytics-library:protos:31.10.1) with InstrumentationAnalysisTransform
Transforming protos-31.10.1.jar (com.android.tools.analytics-library:protos:31.10.1) with MergeInstrumentationAnalysisTransform
Transforming proto-google-common-protos-2.48.0.jar (com.google.api.grpc:proto-google-common-protos:2.48.0) with InstrumentationAnalysisTransform
Transforming proto-google-common-protos-2.48.0.jar (com.google.api.grpc:proto-google-common-protos:2.48.0) with MergeInstrumentationAnalysisTransform
Transforming protobuf-java-3.25.5.jar (com.google.protobuf:protobuf-java:3.25.5) with InstrumentationAnalysisTransform
Transforming protobuf-java-3.25.5.jar (com.google.protobuf:protobuf-java:3.25.5) with MergeInstrumentationAnalysisTransform
Transforming grpc-stub-1.69.1.jar (io.grpc:grpc-stub:1.69.1) with InstrumentationAnalysisTransform
Transforming grpc-stub-1.69.1.jar (io.grpc:grpc-stub:1.69.1) with MergeInstrumentationAnalysisTransform
Transforming tensorflow-lite-metadata-0.2.0.jar (org.tensorflow:tensorflow-lite-metadata:0.2.0) with InstrumentationAnalysisTransform
Transforming tensorflow-lite-metadata-0.2.0.jar (org.tensorflow:tensorflow-lite-metadata:0.2.0) with MergeInstrumentationAnalysisTransform
Transforming flatbuffers-java-1.12.0.jar (com.google.flatbuffers:flatbuffers-java:1.12.0) with InstrumentationAnalysisTransform
Transforming flatbuffers-java-1.12.0.jar (com.google.flatbuffers:flatbuffers-java:1.12.0) with MergeInstrumentationAnalysisTransform
Transforming jimfs-1.1.jar (com.google.jimfs:jimfs:1.1) with InstrumentationAnalysisTransform
Transforming jimfs-1.1.jar (com.google.jimfs:jimfs:1.1) with MergeInstrumentationAnalysisTransform
Transforming grpc-context-1.69.1.jar (io.grpc:grpc-context:1.69.1) with InstrumentationAnalysisTransform
Transforming grpc-context-1.69.1.jar (io.grpc:grpc-context:1.69.1) with MergeInstrumentationAnalysisTransform
Transforming grpc-protobuf-lite-1.69.1.jar (io.grpc:grpc-protobuf-lite:1.69.1) with InstrumentationAnalysisTransform
Transforming grpc-protobuf-lite-1.69.1.jar (io.grpc:grpc-protobuf-lite:1.69.1) with MergeInstrumentationAnalysisTransform
Transforming grpc-api-1.69.1.jar (io.grpc:grpc-api:1.69.1) with InstrumentationAnalysisTransform
Transforming grpc-api-1.69.1.jar (io.grpc:grpc-api:1.69.1) with MergeInstrumentationAnalysisTransform
Transforming guava-33.3.1-jre.jar (com.google.guava:guava:33.3.1-jre) with InstrumentationAnalysisTransform
Transforming guava-33.3.1-jre.jar (com.google.guava:guava:33.3.1-jre) with MergeInstrumentationAnalysisTransform
Transforming error_prone_annotations-2.30.0.jar (com.google.errorprone:error_prone_annotations:2.30.0) with InstrumentationAnalysisTransform
Transforming error_prone_annotations-2.30.0.jar (com.google.errorprone:error_prone_annotations:2.30.0) with MergeInstrumentationAnalysisTransform
Transforming dagger-2.28.3.jar (com.google.dagger:dagger:2.28.3) with InstrumentationAnalysisTransform
Transforming dagger-2.28.3.jar (com.google.dagger:dagger:2.28.3) with MergeInstrumentationAnalysisTransform
Transforming javax.inject-1.jar (javax.inject:javax.inject:1) with InstrumentationAnalysisTransform
Transforming javax.inject-1.jar (javax.inject:javax.inject:1) with MergeInstrumentationAnalysisTransform
Transforming kxml2-2.3.0.jar (net.sf.kxml:kxml2:2.3.0) with InstrumentationAnalysisTransform
Transforming kxml2-2.3.0.jar (net.sf.kxml:kxml2:2.3.0) with MergeInstrumentationAnalysisTransform
Transforming commons-compress-1.21.jar (org.apache.commons:commons-compress:1.21) with InstrumentationAnalysisTransform
Transforming commons-compress-1.21.jar (org.apache.commons:commons-compress:1.21) with MergeInstrumentationAnalysisTransform
Transforming bcutil-jdk18on-1.79.jar (org.bouncycastle:bcutil-jdk18on:1.79) with InstrumentationAnalysisTransform
Transforming bcutil-jdk18on-1.79.jar (org.bouncycastle:bcutil-jdk18on:1.79) with MergeInstrumentationAnalysisTransform
Transforming bcprov-jdk18on-1.79.jar (org.bouncycastle:bcprov-jdk18on:1.79) with InstrumentationAnalysisTransform
Transforming bcprov-jdk18on-1.79.jar (org.bouncycastle:bcprov-jdk18on:1.79) with MergeInstrumentationAnalysisTransform
Transforming httpclient-4.5.14.jar (org.apache.httpcomponents:httpclient:4.5.14) with InstrumentationAnalysisTransform
Transforming httpclient-4.5.14.jar (org.apache.httpcomponents:httpclient:4.5.14) with MergeInstrumentationAnalysisTransform
Transforming httpcore-4.4.16.jar (org.apache.httpcomponents:httpcore:4.4.16) with InstrumentationAnalysisTransform
Transforming httpcore-4.4.16.jar (org.apache.httpcomponents:httpcore:4.4.16) with MergeInstrumentationAnalysisTransform
Transforming javax.activation-1.2.0.jar (com.sun.activation:javax.activation:1.2.0) with InstrumentationAnalysisTransform
Transforming javax.activation-1.2.0.jar (com.sun.activation:javax.activation:1.2.0) with MergeInstrumentationAnalysisTransform
Transforming signflinger-8.10.1.jar (com.android:signflinger:8.10.1) with InstrumentationAnalysisTransform
Transforming signflinger-8.10.1.jar (com.android:signflinger:8.10.1) with MergeInstrumentationAnalysisTransform
Transforming zipflinger-8.10.1.jar (com.android:zipflinger:8.10.1) with InstrumentationAnalysisTransform
Transforming zipflinger-8.10.1.jar (com.android:zipflinger:8.10.1) with MergeInstrumentationAnalysisTransform
Transforming annotations-31.10.1.jar (com.android.tools:annotations:31.10.1) with InstrumentationAnalysisTransform
Transforming annotations-31.10.1.jar (com.android.tools:annotations:31.10.1) with MergeInstrumentationAnalysisTransform
Transforming jna-platform-5.6.0.jar (net.java.dev.jna:jna-platform:5.6.0) with InstrumentationAnalysisTransform
Transforming jna-platform-5.6.0.jar (net.java.dev.jna:jna-platform:5.6.0) with MergeInstrumentationAnalysisTransform
Transforming juniversalchardet-1.0.3.jar (com.googlecode.juniversalchardet:juniversalchardet:1.0.3) with InstrumentationAnalysisTransform
Transforming juniversalchardet-1.0.3.jar (com.googlecode.juniversalchardet:juniversalchardet:1.0.3) with MergeInstrumentationAnalysisTransform
Transforming javax.annotation-api-1.3.2.jar (javax.annotation:javax.annotation-api:1.3.2) with InstrumentationAnalysisTransform
Transforming javax.annotation-api-1.3.2.jar (javax.annotation:javax.annotation-api:1.3.2) with MergeInstrumentationAnalysisTransform
Transforming stax-ex-1.8.1.jar (org.jvnet.staxex:stax-ex:1.8.1) with InstrumentationAnalysisTransform
Transforming stax-ex-1.8.1.jar (org.jvnet.staxex:stax-ex:1.8.1) with MergeInstrumentationAnalysisTransform
Transforming jakarta.xml.bind-api-2.3.2.jar (jakarta.xml.bind:jakarta.xml.bind-api:2.3.2) with InstrumentationAnalysisTransform
Transforming jakarta.xml.bind-api-2.3.2.jar (jakarta.xml.bind:jakarta.xml.bind-api:2.3.2) with MergeInstrumentationAnalysisTransform
Transforming txw2-2.3.2.jar (org.glassfish.jaxb:txw2:2.3.2) with InstrumentationAnalysisTransform
Transforming txw2-2.3.2.jar (org.glassfish.jaxb:txw2:2.3.2) with MergeInstrumentationAnalysisTransform
Transforming istack-commons-runtime-3.0.8.jar (com.sun.istack:istack-commons-runtime:3.0.8) with InstrumentationAnalysisTransform
Transforming istack-commons-runtime-3.0.8.jar (com.sun.istack:istack-commons-runtime:3.0.8) with MergeInstrumentationAnalysisTransform
Transforming FastInfoset-1.2.16.jar (com.sun.xml.fastinfoset:FastInfoset:1.2.16) with InstrumentationAnalysisTransform
Transforming FastInfoset-1.2.16.jar (com.sun.xml.fastinfoset:FastInfoset:1.2.16) with MergeInstrumentationAnalysisTransform
Transforming jakarta.activation-api-1.2.1.jar (jakarta.activation:jakarta.activation-api:1.2.1) with InstrumentationAnalysisTransform
Transforming jakarta.activation-api-1.2.1.jar (jakarta.activation:jakarta.activation-api:1.2.1) with MergeInstrumentationAnalysisTransform
Transforming auto-value-annotations-1.6.2.jar (com.google.auto.value:auto-value-annotations:1.6.2) with InstrumentationAnalysisTransform
Transforming auto-value-annotations-1.6.2.jar (com.google.auto.value:auto-value-annotations:1.6.2) with MergeInstrumentationAnalysisTransform
Transforming jose4j-0.9.5.jar (org.bitbucket.b_c:jose4j:0.9.5) with InstrumentationAnalysisTransform
Transforming jose4j-0.9.5.jar (org.bitbucket.b_c:jose4j:0.9.5) with MergeInstrumentationAnalysisTransform
Transforming slf4j-api-1.7.30.jar (org.slf4j:slf4j-api:1.7.30) with InstrumentationAnalysisTransform
Transforming slf4j-api-1.7.30.jar (org.slf4j:slf4j-api:1.7.30) with MergeInstrumentationAnalysisTransform
Transforming jdom2-2.0.6.jar (org.jdom:jdom2:2.0.6) with InstrumentationAnalysisTransform
Transforming jdom2-2.0.6.jar (org.jdom:jdom2:2.0.6) with MergeInstrumentationAnalysisTransform
Transforming jsr305-3.0.2.jar (com.google.code.findbugs:jsr305:3.0.2) with InstrumentationAnalysisTransform
Transforming jsr305-3.0.2.jar (com.google.code.findbugs:jsr305:3.0.2) with MergeInstrumentationAnalysisTransform
Transforming j2objc-annotations-3.0.0.jar (com.google.j2objc:j2objc-annotations:3.0.0) with InstrumentationAnalysisTransform
Transforming j2objc-annotations-3.0.0.jar (com.google.j2objc:j2objc-annotations:3.0.0) with MergeInstrumentationAnalysisTransform
Transforming annotations-4.1.1.4.jar (com.google.android:annotations:4.1.1.4) with InstrumentationAnalysisTransform
Transforming annotations-4.1.1.4.jar (com.google.android:annotations:4.1.1.4) with MergeInstrumentationAnalysisTransform
Transforming animal-sniffer-annotations-1.24.jar (org.codehaus.mojo:animal-sniffer-annotations:1.24) with InstrumentationAnalysisTransform
Transforming animal-sniffer-annotations-1.24.jar (org.codehaus.mojo:animal-sniffer-annotations:1.24) with MergeInstrumentationAnalysisTransform
Transforming perfmark-api-0.27.0.jar (io.perfmark:perfmark-api:0.27.0) with InstrumentationAnalysisTransform
Transforming perfmark-api-0.27.0.jar (io.perfmark:perfmark-api:0.27.0) with MergeInstrumentationAnalysisTransform
Transforming netty-codec-http2-4.1.110.Final.jar (io.netty:netty-codec-http2:4.1.110.Final) with InstrumentationAnalysisTransform
Transforming netty-codec-http2-4.1.110.Final.jar (io.netty:netty-codec-http2:4.1.110.Final) with MergeInstrumentationAnalysisTransform
Transforming netty-handler-proxy-4.1.110.Final.jar (io.netty:netty-handler-proxy:4.1.110.Final) with InstrumentationAnalysisTransform
Transforming netty-handler-proxy-4.1.110.Final.jar (io.netty:netty-handler-proxy:4.1.110.Final) with MergeInstrumentationAnalysisTransform
Transforming netty-codec-http-4.1.110.Final.jar (io.netty:netty-codec-http:4.1.110.Final) with InstrumentationAnalysisTransform
Transforming netty-codec-http-4.1.110.Final.jar (io.netty:netty-codec-http:4.1.110.Final) with MergeInstrumentationAnalysisTransform
Transforming netty-handler-4.1.110.Final.jar (io.netty:netty-handler:4.1.110.Final) with InstrumentationAnalysisTransform
Transforming netty-handler-4.1.110.Final.jar (io.netty:netty-handler:4.1.110.Final) with MergeInstrumentationAnalysisTransform
Transforming netty-transport-native-unix-common-4.1.110.Final.jar (io.netty:netty-transport-native-unix-common:4.1.110.Final) with InstrumentationAnalysisTransform
Transforming netty-transport-native-unix-common-4.1.110.Final.jar (io.netty:netty-transport-native-unix-common:4.1.110.Final) with MergeInstrumentationAnalysisTransform
Transforming checker-qual-3.43.0.jar (org.checkerframework:checker-qual:3.43.0) with InstrumentationAnalysisTransform
Transforming checker-qual-3.43.0.jar (org.checkerframework:checker-qual:3.43.0) with MergeInstrumentationAnalysisTransform
Transforming apksig-8.10.1.jar (com.android.tools.build:apksig:8.10.1) with InstrumentationAnalysisTransform
Transforming apksig-8.10.1.jar (com.android.tools.build:apksig:8.10.1) with MergeInstrumentationAnalysisTransform
Transforming javawriter-2.5.0.jar (com.squareup:javawriter:2.5.0) with InstrumentationAnalysisTransform
Transforming javawriter-2.5.0.jar (com.squareup:javawriter:2.5.0) with MergeInstrumentationAnalysisTransform
Transforming failureaccess-1.0.2.jar (com.google.guava:failureaccess:1.0.2) with InstrumentationAnalysisTransform
Transforming failureaccess-1.0.2.jar (com.google.guava:failureaccess:1.0.2) with MergeInstrumentationAnalysisTransform
Transforming listenablefuture-9999.0-empty-to-avoid-conflict-with-guava.jar (com.google.guava:listenablefuture:9999.0-empty-to-avoid-conflict-with-guava) with InstrumentationAnalysisTransform
Transforming listenablefuture-9999.0-empty-to-avoid-conflict-with-guava.jar (com.google.guava:listenablefuture:9999.0-empty-to-avoid-conflict-with-guava) with MergeInstrumentationAnalysisTransform
Transforming commons-logging-1.2.jar (commons-logging:commons-logging:1.2) with InstrumentationAnalysisTransform
Transforming commons-logging-1.2.jar (commons-logging:commons-logging:1.2) with MergeInstrumentationAnalysisTransform
Transforming commons-codec-1.11.jar (commons-codec:commons-codec:1.11) with InstrumentationAnalysisTransform
Transforming commons-codec-1.11.jar (commons-codec:commons-codec:1.11) with MergeInstrumentationAnalysisTransform
Transforming jna-5.6.0.jar (net.java.dev.jna:jna:5.6.0) with InstrumentationAnalysisTransform
Transforming jna-5.6.0.jar (net.java.dev.jna:jna:5.6.0) with MergeInstrumentationAnalysisTransform
Transforming netty-codec-socks-4.1.110.Final.jar (io.netty:netty-codec-socks:4.1.110.Final) with InstrumentationAnalysisTransform
Transforming netty-codec-socks-4.1.110.Final.jar (io.netty:netty-codec-socks:4.1.110.Final) with MergeInstrumentationAnalysisTransform
Transforming netty-codec-4.1.110.Final.jar (io.netty:netty-codec:4.1.110.Final) with InstrumentationAnalysisTransform
Transforming netty-codec-4.1.110.Final.jar (io.netty:netty-codec:4.1.110.Final) with MergeInstrumentationAnalysisTransform
Transforming netty-transport-4.1.110.Final.jar (io.netty:netty-transport:4.1.110.Final) with InstrumentationAnalysisTransform
Transforming netty-transport-4.1.110.Final.jar (io.netty:netty-transport:4.1.110.Final) with MergeInstrumentationAnalysisTransform
Transforming netty-buffer-4.1.110.Final.jar (io.netty:netty-buffer:4.1.110.Final) with InstrumentationAnalysisTransform
Transforming netty-buffer-4.1.110.Final.jar (io.netty:netty-buffer:4.1.110.Final) with MergeInstrumentationAnalysisTransform
Transforming netty-resolver-4.1.110.Final.jar (io.netty:netty-resolver:4.1.110.Final) with InstrumentationAnalysisTransform
Transforming netty-resolver-4.1.110.Final.jar (io.netty:netty-resolver:4.1.110.Final) with MergeInstrumentationAnalysisTransform
Transforming netty-common-4.1.110.Final.jar (io.netty:netty-common:4.1.110.Final) with InstrumentationAnalysisTransform
Transforming netty-common-4.1.110.Final.jar (io.netty:netty-common:4.1.110.Final) with MergeInstrumentationAnalysisTransform
Transforming aaptcompiler-8.10.1.jar (com.android.tools.build:aaptcompiler:8.10.1) with ExternalDependencyInstrumentingArtifactTransform
Transforming sdklib-31.10.1.jar (com.android.tools:sdklib:31.10.1) with ExternalDependencyInstrumentingArtifactTransform
Transforming classes with ExternalDependencyInstrumentingArtifactTransform
Transforming builder-8.10.1.jar (com.android.tools.build:builder:8.10.1) with ExternalDependencyInstrumentingArtifactTransform
Transforming manifest-merger-31.10.1.jar (com.android.tools.build:manifest-merger:31.10.1) with ExternalDependencyInstrumentingArtifactTransform
Transforming gradle-8.10.1.jar (com.android.tools.build:gradle:8.10.1) with ExternalDependencyInstrumentingArtifactTransform
Transforming gradle-settings-api-8.10.1.jar (com.android.tools.build:gradle-settings-api:8.10.1) with ExternalDependencyInstrumentingArtifactTransform
Transforming lint-model-31.10.1.jar (com.android.tools.lint:lint-model:31.10.1) with ExternalDependencyInstrumentingArtifactTransform
Transforming sdk-common-31.10.1.jar (com.android.tools:sdk-common:31.10.1) with ExternalDependencyInstrumentingArtifactTransform
Transforming repository-31.10.1.jar (com.android.tools:repository:31.10.1) with ExternalDependencyInstrumentingArtifactTransform
Transforming classes with ExternalDependencyInstrumentingArtifactTransform
Transforming shared-31.10.1.jar (com.android.tools.analytics-library:shared:31.10.1) with ExternalDependencyInstrumentingArtifactTransform
Transforming databinding-compiler-common-8.10.1.jar (androidx.databinding:databinding-compiler-common:8.10.1) with ExternalDependencyInstrumentingArtifactTransform
Transforming builder-model-8.10.1.jar (com.android.tools.build:builder-model:8.10.1) with ExternalDependencyInstrumentingArtifactTransform
Transforming android-test-plugin-host-emulator-control-proto-31.10.1.jar (com.android.tools.utp:android-test-plugin-host-emulator-control-proto:31.10.1) with ExternalDependencyInstrumentingArtifactTransform
Transforming tracker-31.10.1.jar (com.android.tools.analytics-library:tracker:31.10.1) with ExternalDependencyInstrumentingArtifactTransform
Transforming gradle-api-8.10.1.jar (com.android.tools.build:gradle-api:8.10.1) with ExternalDependencyInstrumentingArtifactTransform
Transforming ddmlib-31.10.1.jar (com.android.tools.ddms:ddmlib:31.10.1) with ExternalDependencyInstrumentingArtifactTransform
Transforming layoutlib-api-31.10.1.jar (com.android.tools.layoutlib:layoutlib-api:31.10.1) with ExternalDependencyInstrumentingArtifactTransform
Transforming dvlib-31.10.1.jar (com.android.tools:dvlib:31.10.1) with ExternalDependencyInstrumentingArtifactTransform
Transforming builder-test-api-8.10.1.jar (com.android.tools.build:builder-test-api:8.10.1) with ExternalDependencyInstrumentingArtifactTransform
Transforming common-31.10.1.jar (com.android.tools:common:31.10.1) with ExternalDependencyInstrumentingArtifactTransform
Transforming jetifier-processor-1.0.0-beta10.jar (com.android.tools.build.jetifier:jetifier-processor:1.0.0-beta10) with ExternalDependencyInstrumentingArtifactTransform
Transforming kotlin-reflect-2.0.20.jar (org.jetbrains.kotlin:kotlin-reflect:2.0.20) with ExternalDependencyInstrumentingArtifactTransform
Transforming jetifier-core-1.0.0-beta10.jar (com.android.tools.build.jetifier:jetifier-core:1.0.0-beta10) with ExternalDependencyInstrumentingArtifactTransform
Transforming annotations-13.0.jar (org.jetbrains:annotations:13.0) with ExternalDependencyInstrumentingArtifactTransform
Transforming kotlin-gradle-plugin-2.2.20-gradle811.jar (org.jetbrains.kotlin:kotlin-gradle-plugin:2.2.20) with ExternalDependencyInstrumentingArtifactTransform
Transforming kotlin-gradle-plugin-model-2.2.20.jar (org.jetbrains.kotlin:kotlin-gradle-plugin-model:2.2.20) with ExternalDependencyInstrumentingArtifactTransform
Transforming kotlin-stdlib-jdk8-2.1.0.jar (org.jetbrains.kotlin:kotlin-stdlib-jdk8:2.1.0) with ExternalDependencyInstrumentingArtifactTransform
Transforming fus-statistics-gradle-plugin-2.2.20-gradle811.jar (org.jetbrains.kotlin:fus-statistics-gradle-plugin:2.2.20) with ExternalDependencyInstrumentingArtifactTransform
Transforming kotlin-stdlib-jdk7-2.1.0.jar (org.jetbrains.kotlin:kotlin-stdlib-jdk7:2.1.0) with ExternalDependencyInstrumentingArtifactTransform
Transforming kotlin-stdlib-2.0.20.jar (org.jetbrains.kotlin:kotlin-stdlib:2.0.20) with ExternalDependencyInstrumentingArtifactTransform
Transforming kotlin-gradle-plugin-api-2.2.20-gradle811.jar (org.jetbrains.kotlin:kotlin-gradle-plugin-api:2.2.20) with ExternalDependencyInstrumentingArtifactTransform
Transforming kotlin-gradle-plugin-api-2.2.20.jar (org.jetbrains.kotlin:kotlin-gradle-plugin-api:2.2.20) with ExternalDependencyInstrumentingArtifactTransform
Transforming kotlin-serialization-2.2.20-gradle811.jar (org.jetbrains.kotlin:kotlin-serialization:2.2.20) with ExternalDependencyInstrumentingArtifactTransform
Transforming kotlin-gradle-plugin-idea-proto-2.2.20.jar (org.jetbrains.kotlin:kotlin-gradle-plugin-idea-proto:2.2.20) with ExternalDependencyInstrumentingArtifactTransform
Transforming abi-tools-api-2.2.20.jar (org.jetbrains.kotlin:abi-tools-api:2.2.20) with ExternalDependencyInstrumentingArtifactTransform
Transforming kotlin-build-statistics-2.2.20.jar (org.jetbrains.kotlin:kotlin-build-statistics:2.2.20) with ExternalDependencyInstrumentingArtifactTransform
Transforming ktlint-gradle-12.1.1.jar (org.jlleitschuh.gradle:ktlint-gradle:12.1.1) with ExternalDependencyInstrumentingArtifactTransform
Transforming kotlin-util-klib-metadata-2.2.20.jar (org.jetbrains.kotlin:kotlin-util-klib-metadata:2.2.20) with ExternalDependencyInstrumentingArtifactTransform
Transforming kotlin-gradle-plugin-annotations-2.2.20.jar (org.jetbrains.kotlin:kotlin-gradle-plugin-annotations:2.2.20) with ExternalDependencyInstrumentingArtifactTransform
Transforming kotlin-compiler-runner-2.2.20.jar (org.jetbrains.kotlin:kotlin-compiler-runner:2.2.20) with ExternalDependencyInstrumentingArtifactTransform
Transforming dnsjava-2.1.9.jar (dnsjava:dnsjava:2.1.9) with ExternalDependencyInstrumentingArtifactTransform
Transforming kotlin-klib-commonizer-api-2.2.20.jar (org.jetbrains.kotlin:kotlin-klib-commonizer-api:2.2.20) with ExternalDependencyInstrumentingArtifactTransform
Transforming kotlin-gradle-plugin-idea-2.2.20.jar (org.jetbrains.kotlin:kotlin-gradle-plugin-idea:2.2.20) with ExternalDependencyInstrumentingArtifactTransform
Transforming kotlin-native-utils-2.2.20.jar (org.jetbrains.kotlin:kotlin-native-utils:2.2.20) with ExternalDependencyInstrumentingArtifactTransform
Transforming kotlin-tooling-core-2.2.20.jar (org.jetbrains.kotlin:kotlin-tooling-core:2.2.20) with ExternalDependencyInstrumentingArtifactTransform
Transforming grpc-netty-1.69.1.jar (io.grpc:grpc-netty:1.69.1) with ExternalDependencyInstrumentingArtifactTransform
Transforming kotlin-build-tools-api-2.2.20.jar (org.jetbrains.kotlin:kotlin-build-tools-api:2.2.20) with ExternalDependencyInstrumentingArtifactTransform
Transforming android-test-plugin-result-listener-gradle-proto-31.10.1.jar (com.android.tools.utp:android-test-plugin-result-listener-gradle-proto:31.10.1) with ExternalDependencyInstrumentingArtifactTransform
Transforming protobuf-java-util-3.25.5.jar (com.google.protobuf:protobuf-java-util:3.25.5) with ExternalDependencyInstrumentingArtifactTransform
Transforming grpc-inprocess-1.69.1.jar (io.grpc:grpc-inprocess:1.69.1) with ExternalDependencyInstrumentingArtifactTransform
Transforming grpc-core-1.69.1.jar (io.grpc:grpc-core:1.69.1) with ExternalDependencyInstrumentingArtifactTransform
Transforming bundletool-1.18.0.jar (com.android.tools.build:bundletool:1.18.0) with ExternalDependencyInstrumentingArtifactTransform
Transforming tink-1.7.0.jar (com.google.crypto.tink:tink:1.7.0) with ExternalDependencyInstrumentingArtifactTransform
Transforming grpc-util-1.69.1.jar (io.grpc:grpc-util:1.69.1) with ExternalDependencyInstrumentingArtifactTransform
Transforming gson-2.11.0.jar (com.google.code.gson:gson:2.11.0) with ExternalDependencyInstrumentingArtifactTransform
Transforming kotlin-util-klib-2.2.20.jar (org.jetbrains.kotlin:kotlin-util-klib:2.2.20) with ExternalDependencyInstrumentingArtifactTransform
Transforming kotlin-daemon-client-2.2.20.jar (org.jetbrains.kotlin:kotlin-daemon-client:2.2.20) with ExternalDependencyInstrumentingArtifactTransform
Transforming kotlinx-coroutines-core-jvm-1.8.0.jar (org.jetbrains.kotlinx:kotlinx-coroutines-core-jvm:1.8.0) with ExternalDependencyInstrumentingArtifactTransform
Transforming crash-31.10.1.jar (com.android.tools.analytics-library:crash:31.10.1) with ExternalDependencyInstrumentingArtifactTransform
Transforming kotlin-util-io-2.2.20.jar (org.jetbrains.kotlin:kotlin-util-io:2.2.20) with ExternalDependencyInstrumentingArtifactTransform
Transforming aapt2-proto-8.10.1-12782657.jar (com.android.tools.build:aapt2-proto:8.10.1-12782657) with ExternalDependencyInstrumentingArtifactTransform
Transforming databinding-common-8.10.1.jar (androidx.databinding:databinding-common:8.10.1) with ExternalDependencyInstrumentingArtifactTransform
Transforming android-device-provider-ddmlib-proto-31.10.1.jar (com.android.tools.utp:android-device-provider-ddmlib-proto:31.10.1) with ExternalDependencyInstrumentingArtifactTransform
Transforming baseLibrary-8.10.1.jar (com.android.databinding:baseLibrary:8.10.1) with ExternalDependencyInstrumentingArtifactTransform
Transforming lint-typedef-remover-31.10.1.jar (com.android.tools.lint:lint-typedef-remover:31.10.1) with ExternalDependencyInstrumentingArtifactTransform
Transforming android-device-provider-profile-proto-31.10.1.jar (com.android.tools.utp:android-device-provider-profile-proto:31.10.1) with ExternalDependencyInstrumentingArtifactTransform
Transforming android-device-provider-gradle-proto-31.10.1.jar (com.android.tools.utp:android-device-provider-gradle-proto:31.10.1) with ExternalDependencyInstrumentingArtifactTransform
Transforming android-test-plugin-host-coverage-proto-31.10.1.jar (com.android.tools.utp:android-test-plugin-host-coverage-proto:31.10.1) with ExternalDependencyInstrumentingArtifactTransform
Transforming android-test-plugin-host-additional-test-output-proto-31.10.1.jar (com.android.tools.utp:android-test-plugin-host-additional-test-output-proto:31.10.1) with ExternalDependencyInstrumentingArtifactTransform
Transforming transform-api-2.0.0-deprecated-use-gradle-api.jar (com.android.tools.build:transform-api:2.0.0-deprecated-use-gradle-api) with ExternalDependencyInstrumentingArtifactTransform
Transforming asm-commons-9.7.1.jar (org.ow2.asm:asm-commons:9.7.1) with ExternalDependencyInstrumentingArtifactTransform
Transforming android-test-plugin-host-apk-installer-proto-31.10.1.jar (com.android.tools.utp:android-test-plugin-host-apk-installer-proto:31.10.1) with ExternalDependencyInstrumentingArtifactTransform
Transforming httpmime-4.5.6.jar (org.apache.httpcomponents:httpmime:4.5.6) with ExternalDependencyInstrumentingArtifactTransform
Transforming commons-io-2.16.1.jar (commons-io:commons-io:2.16.1) with ExternalDependencyInstrumentingArtifactTransform
Transforming asm-util-9.7.1.jar (org.ow2.asm:asm-util:9.7.1) with ExternalDependencyInstrumentingArtifactTransform
Transforming android-test-plugin-host-logcat-proto-31.10.1.jar (com.android.tools.utp:android-test-plugin-host-logcat-proto:31.10.1) with ExternalDependencyInstrumentingArtifactTransform
Transforming asm-analysis-9.7.1.jar (org.ow2.asm:asm-analysis:9.7.1) with ExternalDependencyInstrumentingArtifactTransform
Transforming asm-tree-9.7.1.jar (org.ow2.asm:asm-tree:9.7.1) with ExternalDependencyInstrumentingArtifactTransform
Transforming asm-9.7.1.jar (org.ow2.asm:asm:9.7.1) with ExternalDependencyInstrumentingArtifactTransform
Transforming bcpkix-jdk18on-1.79.jar (org.bouncycastle:bcpkix-jdk18on:1.79) with ExternalDependencyInstrumentingArtifactTransform
Transforming jaxb-runtime-2.3.2.jar (org.glassfish.jaxb:jaxb-runtime:2.3.2) with ExternalDependencyInstrumentingArtifactTransform
Transforming apkzlib-8.10.1.jar (com.android.tools.build:apkzlib:8.10.1) with ExternalDependencyInstrumentingArtifactTransform
Transforming jopt-simple-4.9.jar (net.sf.jopt-simple:jopt-simple:4.9) with ExternalDependencyInstrumentingArtifactTransform
Transforming javapoet-1.10.0.jar (com.squareup:javapoet:1.10.0) with ExternalDependencyInstrumentingArtifactTransform
Transforming core-proto-0.0.9-alpha03.jar (com.google.testing.platform:core-proto:0.0.9-alpha03) with ExternalDependencyInstrumentingArtifactTransform
Transforming grpc-protobuf-1.69.1.jar (io.grpc:grpc-protobuf:1.69.1) with ExternalDependencyInstrumentingArtifactTransform
Transforming protos-31.10.1.jar (com.android.tools.analytics-library:protos:31.10.1) with ExternalDependencyInstrumentingArtifactTransform
Transforming grpc-stub-1.69.1.jar (io.grpc:grpc-stub:1.69.1) with ExternalDependencyInstrumentingArtifactTransform
Transforming proto-google-common-protos-2.48.0.jar (com.google.api.grpc:proto-google-common-protos:2.48.0) with ExternalDependencyInstrumentingArtifactTransform
Transforming grpc-context-1.69.1.jar (io.grpc:grpc-context:1.69.1) with ExternalDependencyInstrumentingArtifactTransform
Transforming error_prone_annotations-2.30.0.jar (com.google.errorprone:error_prone_annotations:2.30.0) with ExternalDependencyInstrumentingArtifactTransform
Transforming tensorflow-lite-metadata-0.2.0.jar (org.tensorflow:tensorflow-lite-metadata:0.2.0) with ExternalDependencyInstrumentingArtifactTransform
Transforming flatbuffers-java-1.12.0.jar (com.google.flatbuffers:flatbuffers-java:1.12.0) with ExternalDependencyInstrumentingArtifactTransform
Transforming grpc-protobuf-lite-1.69.1.jar (io.grpc:grpc-protobuf-lite:1.69.1) with ExternalDependencyInstrumentingArtifactTransform
Transforming protobuf-java-3.25.5.jar (com.google.protobuf:protobuf-java:3.25.5) with ExternalDependencyInstrumentingArtifactTransform
Transforming grpc-api-1.69.1.jar (io.grpc:grpc-api:1.69.1) with ExternalDependencyInstrumentingArtifactTransform
Transforming jimfs-1.1.jar (com.google.jimfs:jimfs:1.1) with ExternalDependencyInstrumentingArtifactTransform
Transforming javax.inject-1.jar (javax.inject:javax.inject:1) with ExternalDependencyInstrumentingArtifactTransform
Transforming guava-33.3.1-jre.jar (com.google.guava:guava:33.3.1-jre) with ExternalDependencyInstrumentingArtifactTransform
Transforming dagger-2.28.3.jar (com.google.dagger:dagger:2.28.3) with ExternalDependencyInstrumentingArtifactTransform
Transforming kxml2-2.3.0.jar (net.sf.kxml:kxml2:2.3.0) with ExternalDependencyInstrumentingArtifactTransform
Transforming commons-compress-1.21.jar (org.apache.commons:commons-compress:1.21) with ExternalDependencyInstrumentingArtifactTransform
Transforming bcutil-jdk18on-1.79.jar (org.bouncycastle:bcutil-jdk18on:1.79) with ExternalDependencyInstrumentingArtifactTransform
Transforming bcprov-jdk18on-1.79.jar (org.bouncycastle:bcprov-jdk18on:1.79) with ExternalDependencyInstrumentingArtifactTransform
Transforming annotations-31.10.1.jar (com.android.tools:annotations:31.10.1) with ExternalDependencyInstrumentingArtifactTransform
Transforming signflinger-8.10.1.jar (com.android:signflinger:8.10.1) with ExternalDependencyInstrumentingArtifactTransform
Transforming httpclient-4.5.14.jar (org.apache.httpcomponents:httpclient:4.5.14) with ExternalDependencyInstrumentingArtifactTransform
Transforming javax.activation-1.2.0.jar (com.sun.activation:javax.activation:1.2.0) with ExternalDependencyInstrumentingArtifactTransform
Transforming jna-platform-5.6.0.jar (net.java.dev.jna:jna-platform:5.6.0) with ExternalDependencyInstrumentingArtifactTransform
Transforming juniversalchardet-1.0.3.jar (com.googlecode.juniversalchardet:juniversalchardet:1.0.3) with ExternalDependencyInstrumentingArtifactTransform
Transforming zipflinger-8.10.1.jar (com.android:zipflinger:8.10.1) with ExternalDependencyInstrumentingArtifactTransform
Transforming httpcore-4.4.16.jar (org.apache.httpcomponents:httpcore:4.4.16) with ExternalDependencyInstrumentingArtifactTransform
Transforming javax.annotation-api-1.3.2.jar (javax.annotation:javax.annotation-api:1.3.2) with ExternalDependencyInstrumentingArtifactTransform
Transforming txw2-2.3.2.jar (org.glassfish.jaxb:txw2:2.3.2) with ExternalDependencyInstrumentingArtifactTransform
Transforming jakarta.xml.bind-api-2.3.2.jar (jakarta.xml.bind:jakarta.xml.bind-api:2.3.2) with ExternalDependencyInstrumentingArtifactTransform
Transforming istack-commons-runtime-3.0.8.jar (com.sun.istack:istack-commons-runtime:3.0.8) with ExternalDependencyInstrumentingArtifactTransform
Transforming stax-ex-1.8.1.jar (org.jvnet.staxex:stax-ex:1.8.1) with ExternalDependencyInstrumentingArtifactTransform
Transforming FastInfoset-1.2.16.jar (com.sun.xml.fastinfoset:FastInfoset:1.2.16) with ExternalDependencyInstrumentingArtifactTransform
Transforming jakarta.activation-api-1.2.1.jar (jakarta.activation:jakarta.activation-api:1.2.1) with ExternalDependencyInstrumentingArtifactTransform
Transforming auto-value-annotations-1.6.2.jar (com.google.auto.value:auto-value-annotations:1.6.2) with ExternalDependencyInstrumentingArtifactTransform
Transforming j2objc-annotations-3.0.0.jar (com.google.j2objc:j2objc-annotations:3.0.0) with ExternalDependencyInstrumentingArtifactTransform
Transforming jdom2-2.0.6.jar (org.jdom:jdom2:2.0.6) with ExternalDependencyInstrumentingArtifactTransform
Transforming jose4j-0.9.5.jar (org.bitbucket.b_c:jose4j:0.9.5) with ExternalDependencyInstrumentingArtifactTransform
Transforming slf4j-api-1.7.30.jar (org.slf4j:slf4j-api:1.7.30) with ExternalDependencyInstrumentingArtifactTransform
Transforming jsr305-3.0.2.jar (com.google.code.findbugs:jsr305:3.0.2) with ExternalDependencyInstrumentingArtifactTransform
Transforming annotations-4.1.1.4.jar (com.google.android:annotations:4.1.1.4) with ExternalDependencyInstrumentingArtifactTransform
Transforming animal-sniffer-annotations-1.24.jar (org.codehaus.mojo:animal-sniffer-annotations:1.24) with ExternalDependencyInstrumentingArtifactTransform
Transforming netty-codec-http2-4.1.110.Final.jar (io.netty:netty-codec-http2:4.1.110.Final) with ExternalDependencyInstrumentingArtifactTransform
Transforming perfmark-api-0.27.0.jar (io.perfmark:perfmark-api:0.27.0) with ExternalDependencyInstrumentingArtifactTransform
Transforming checker-qual-3.43.0.jar (org.checkerframework:checker-qual:3.43.0) with ExternalDependencyInstrumentingArtifactTransform
Transforming netty-codec-http-4.1.110.Final.jar (io.netty:netty-codec-http:4.1.110.Final) with ExternalDependencyInstrumentingArtifactTransform
Transforming netty-handler-proxy-4.1.110.Final.jar (io.netty:netty-handler-proxy:4.1.110.Final) with ExternalDependencyInstrumentingArtifactTransform
Transforming netty-handler-4.1.110.Final.jar (io.netty:netty-handler:4.1.110.Final) with ExternalDependencyInstrumentingArtifactTransform
Transforming listenablefuture-9999.0-empty-to-avoid-conflict-with-guava.jar (com.google.guava:listenablefuture:9999.0-empty-to-avoid-conflict-with-guava) with ExternalDependencyInstrumentingArtifactTransform
Transforming apksig-8.10.1.jar (com.android.tools.build:apksig:8.10.1) with ExternalDependencyInstrumentingArtifactTransform
Transforming netty-transport-native-unix-common-4.1.110.Final.jar (io.netty:netty-transport-native-unix-common:4.1.110.Final) with ExternalDependencyInstrumentingArtifactTransform
Transforming failureaccess-1.0.2.jar (com.google.guava:failureaccess:1.0.2) with ExternalDependencyInstrumentingArtifactTransform
Transforming commons-logging-1.2.jar (commons-logging:commons-logging:1.2) with ExternalDependencyInstrumentingArtifactTransform
Transforming javawriter-2.5.0.jar (com.squareup:javawriter:2.5.0) with ExternalDependencyInstrumentingArtifactTransform
Transforming commons-codec-1.11.jar (commons-codec:commons-codec:1.11) with ExternalDependencyInstrumentingArtifactTransform
Transforming netty-transport-4.1.110.Final.jar (io.netty:netty-transport:4.1.110.Final) with ExternalDependencyInstrumentingArtifactTransform
Transforming jna-5.6.0.jar (net.java.dev.jna:jna:5.6.0) with ExternalDependencyInstrumentingArtifactTransform
Transforming netty-codec-socks-4.1.110.Final.jar (io.netty:netty-codec-socks:4.1.110.Final) with ExternalDependencyInstrumentingArtifactTransform
Transforming netty-codec-4.1.110.Final.jar (io.netty:netty-codec:4.1.110.Final) with ExternalDependencyInstrumentingArtifactTransform
Transforming netty-resolver-4.1.110.Final.jar (io.netty:netty-resolver:4.1.110.Final) with ExternalDependencyInstrumentingArtifactTransform
Transforming netty-buffer-4.1.110.Final.jar (io.netty:netty-buffer:4.1.110.Final) with ExternalDependencyInstrumentingArtifactTransform
Transforming netty-common-4.1.110.Final.jar (io.netty:netty-common:4.1.110.Final) with ExternalDependencyInstrumentingArtifactTransform
Transforming plugins.jar (project :build-logic:plugins) with ProjectDependencyInstrumentingArtifactTransform
Transforming tools.jar (project :build-logic:tools) with ProjectDependencyInstrumentingArtifactTransform
Using default execution profile
Using Kotlin Gradle Plugin gradle811 variant
Starting process 'command 'git''. Working directory: /home/lollerfirst/Signal-Android Command: git log -1 --pretty=format:%ct
Successfully started process 'command 'git''
Starting process 'command 'git''. Working directory: /home/lollerfirst/Signal-Android Command: git rev-parse HEAD
Successfully started process 'command 'git''
ProductFlavor(backup): buildConfigField 'BUILD_ENVIRONMENT_TYPE' value is being replaced.
Starting process 'command 'git''. Working directory: /home/lollerfirst/Signal-Android Command: git tag --points-at HEAD
Successfully started process 'command 'git''
Starting process 'command 'git''. Working directory: /home/lollerfirst/Signal-Android Command: git tag --points-at HEAD
Successfully started process 'command 'git''
Starting process 'command 'git''. Working directory: /home/lollerfirst/Signal-Android Command: git tag --points-at HEAD
Successfully started process 'command 'git''
Starting process 'command 'git''. Working directory: /home/lollerfirst/Signal-Android Command: git tag --points-at HEAD
Successfully started process 'command 'git''
Starting process 'command 'git''. Working directory: /home/lollerfirst/Signal-Android Command: git tag --points-at HEAD
Successfully started process 'command 'git''
Starting process 'command 'git''. Working directory: /home/lollerfirst/Signal-Android Command: git tag --points-at HEAD
Successfully started process 'command 'git''
Starting process 'command 'git''. Working directory: /home/lollerfirst/Signal-Android Command: git tag --points-at HEAD
Successfully started process 'command 'git''
Starting process 'command 'git''. Working directory: /home/lollerfirst/Signal-Android Command: git tag --points-at HEAD
Successfully started process 'command 'git''
Starting process 'command 'git''. Working directory: /home/lollerfirst/Signal-Android Command: git tag --points-at HEAD
Successfully started process 'command 'git''
Starting process 'command 'git''. Working directory: /home/lollerfirst/Signal-Android Command: git tag --points-at HEAD
Successfully started process 'command 'git''
Starting process 'command 'git''. Working directory: /home/lollerfirst/Signal-Android Command: git tag --points-at HEAD
Successfully started process 'command 'git''
Starting process 'command 'git''. Working directory: /home/lollerfirst/Signal-Android Command: git tag --points-at HEAD
Successfully started process 'command 'git''
Starting process 'command 'git''. Working directory: /home/lollerfirst/Signal-Android Command: git tag --points-at HEAD
Successfully started process 'command 'git''
Starting process 'command 'git''. Working directory: /home/lollerfirst/Signal-Android Command: git tag --points-at HEAD
Successfully started process 'command 'git''
Starting process 'command 'git''. Working directory: /home/lollerfirst/Signal-Android Command: git tag --points-at HEAD
Successfully started process 'command 'git''
Starting process 'command 'git''. Working directory: /home/lollerfirst/Signal-Android Command: git tag --points-at HEAD
Successfully started process 'command 'git''
Starting process 'command 'git''. Working directory: /home/lollerfirst/Signal-Android Command: git tag --points-at HEAD
Successfully started process 'command 'git''
Starting process 'command 'git''. Working directory: /home/lollerfirst/Signal-Android Command: git tag --points-at HEAD
Successfully started process 'command 'git''
Starting process 'command 'git''. Working directory: /home/lollerfirst/Signal-Android Command: git tag --points-at HEAD
Successfully started process 'command 'git''
Starting process 'command 'git''. Working directory: /home/lollerfirst/Signal-Android Command: git tag --points-at HEAD
Successfully started process 'command 'git''
Starting process 'command 'git''. Working directory: /home/lollerfirst/Signal-Android Command: git tag --points-at HEAD
Successfully started process 'command 'git''
Starting process 'command 'git''. Working directory: /home/lollerfirst/Signal-Android Command: git tag --points-at HEAD
Successfully started process 'command 'git''
Starting process 'command 'git''. Working directory: /home/lollerfirst/Signal-Android Command: git tag --points-at HEAD
Successfully started process 'command 'git''
Starting process 'command 'git''. Working directory: /home/lollerfirst/Signal-Android Command: git tag --points-at HEAD
Successfully started process 'command 'git''
Starting process 'command 'git''. Working directory: /home/lollerfirst/Signal-Android Command: git tag --points-at HEAD
Successfully started process 'command 'git''
Starting process 'command 'git''. Working directory: /home/lollerfirst/Signal-Android Command: git tag --points-at HEAD
Successfully started process 'command 'git''
Starting process 'command 'git''. Working directory: /home/lollerfirst/Signal-Android Command: git tag --points-at HEAD
Successfully started process 'command 'git''
Starting process 'command 'git''. Working directory: /home/lollerfirst/Signal-Android Command: git tag --points-at HEAD
Successfully started process 'command 'git''
Starting process 'command 'git''. Working directory: /home/lollerfirst/Signal-Android Command: git tag --points-at HEAD
Successfully started process 'command 'git''
Starting process 'command 'git''. Working directory: /home/lollerfirst/Signal-Android Command: git tag --points-at HEAD
Successfully started process 'command 'git''
Detected Android Gradle Plugin compose compiler configuration
Detected Android Gradle Plugin compose compiler configuration
Detected Android Gradle Plugin compose compiler configuration
Detected Android Gradle Plugin compose compiler configuration
Detected Android Gradle Plugin compose compiler configuration
Detected Android Gradle Plugin compose compiler configuration
Detected Android Gradle Plugin compose compiler configuration
Detected Android Gradle Plugin compose compiler configuration
Detected Android Gradle Plugin compose compiler configuration
Detected Android Gradle Plugin compose compiler configuration
Detected Android Gradle Plugin compose compiler configuration
Detected Android Gradle Plugin compose compiler configuration
Detected Android Gradle Plugin compose compiler configuration
Detected Android Gradle Plugin compose compiler configuration
Detected Android Gradle Plugin compose compiler configuration
Detected Android Gradle Plugin compose compiler configuration
Detected Android Gradle Plugin compose compiler configuration
Detected Android Gradle Plugin compose compiler configuration
Detected Android Gradle Plugin compose compiler configuration
Detected Android Gradle Plugin compose compiler configuration
Detected Android Gradle Plugin compose compiler configuration
Detected Android Gradle Plugin compose compiler configuration
Detected Android Gradle Plugin compose compiler configuration
Detected Android Gradle Plugin compose compiler configuration
Detected Android Gradle Plugin compose compiler configuration
Detected Android Gradle Plugin compose compiler configuration
Detected Android Gradle Plugin compose compiler configuration
Detected Android Gradle Plugin compose compiler configuration
Detected Android Gradle Plugin compose compiler configuration
Detected Android Gradle Plugin compose compiler configuration
Detected Android Gradle Plugin compose compiler configuration
Detected Android Gradle Plugin compose compiler configuration
Detected Android Gradle Plugin compose compiler configuration
Detected Android Gradle Plugin compose compiler configuration
Detected Android Gradle Plugin compose compiler configuration
Detected Android Gradle Plugin compose compiler configuration
Detected Android Gradle Plugin compose compiler configuration
Detected Android Gradle Plugin compose compiler configuration
Detected Android Gradle Plugin compose compiler configuration
Detected Android Gradle Plugin compose compiler configuration
Detected Android Gradle Plugin compose compiler configuration
Detected Android Gradle Plugin compose compiler configuration
Detected Android Gradle Plugin compose compiler configuration
Detected Android Gradle Plugin compose compiler configuration

> Configure project :spinner
Evaluating project ':spinner' using build file '/home/lollerfirst/Signal-Android/spinner/lib/build.gradle.kts'.
Transforming classes with InstrumentationAnalysisTransform
Transforming classes with InstrumentationAnalysisTransform
Transforming gradle-8.10.1.jar (com.android.tools.build:gradle:8.10.1) with InstrumentationAnalysisTransform
Transforming gradle-settings-api-8.10.1.jar (com.android.tools.build:gradle-settings-api:8.10.1) with InstrumentationAnalysisTransform
Transforming lint-model-31.10.1.jar (com.android.tools.lint:lint-model:31.10.1) with InstrumentationAnalysisTransform
Transforming builder-8.10.1.jar (com.android.tools.build:builder:8.10.1) with InstrumentationAnalysisTransform
Transforming manifest-merger-31.10.1.jar (com.android.tools.build:manifest-merger:31.10.1) with InstrumentationAnalysisTransform
Transforming sdk-common-31.10.1.jar (com.android.tools:sdk-common:31.10.1) with InstrumentationAnalysisTransform
Transforming sdklib-31.10.1.jar (com.android.tools:sdklib:31.10.1) with InstrumentationAnalysisTransform
Transforming repository-31.10.1.jar (com.android.tools:repository:31.10.1) with InstrumentationAnalysisTransform
Transforming aaptcompiler-8.10.1.jar (com.android.tools.build:aaptcompiler:8.10.1) with InstrumentationAnalysisTransform
Transforming tracker-31.10.1.jar (com.android.tools.analytics-library:tracker:31.10.1) with InstrumentationAnalysisTransform
Transforming shared-31.10.1.jar (com.android.tools.analytics-library:shared:31.10.1) with InstrumentationAnalysisTransform
Transforming databinding-compiler-common-8.10.1.jar (androidx.databinding:databinding-compiler-common:8.10.1) with InstrumentationAnalysisTransform
Transforming android-test-plugin-host-emulator-control-proto-31.10.1.jar (com.android.tools.utp:android-test-plugin-host-emulator-control-proto:31.10.1) with InstrumentationAnalysisTransform
Transforming builder-model-8.10.1.jar (com.android.tools.build:builder-model:8.10.1) with InstrumentationAnalysisTransform
Transforming gradle-api-8.10.1.jar (com.android.tools.build:gradle-api:8.10.1) with InstrumentationAnalysisTransform
Transforming builder-test-api-8.10.1.jar (com.android.tools.build:builder-test-api:8.10.1) with InstrumentationAnalysisTransform
Transforming ddmlib-31.10.1.jar (com.android.tools.ddms:ddmlib:31.10.1) with InstrumentationAnalysisTransform
Transforming layoutlib-api-31.10.1.jar (com.android.tools.layoutlib:layoutlib-api:31.10.1) with InstrumentationAnalysisTransform
Transforming dvlib-31.10.1.jar (com.android.tools:dvlib:31.10.1) with InstrumentationAnalysisTransform
Transforming common-31.10.1.jar (com.android.tools:common:31.10.1) with InstrumentationAnalysisTransform
Transforming kotlin-stdlib-jdk8-2.1.0.jar (org.jetbrains.kotlin:kotlin-stdlib-jdk8:2.1.0) with InstrumentationAnalysisTransform
Transforming jetifier-processor-1.0.0-beta10.jar (com.android.tools.build.jetifier:jetifier-processor:1.0.0-beta10) with InstrumentationAnalysisTransform
Transforming jetifier-core-1.0.0-beta10.jar (com.android.tools.build.jetifier:jetifier-core:1.0.0-beta10) with InstrumentationAnalysisTransform
Transforming kotlin-reflect-2.0.20.jar (org.jetbrains.kotlin:kotlin-reflect:2.0.20) with InstrumentationAnalysisTransform
Transforming kotlin-stdlib-jdk7-2.1.0.jar (org.jetbrains.kotlin:kotlin-stdlib-jdk7:2.1.0) with InstrumentationAnalysisTransform
Transforming kotlin-stdlib-2.0.20.jar (org.jetbrains.kotlin:kotlin-stdlib:2.0.20) with InstrumentationAnalysisTransform
Transforming annotations-13.0.jar (org.jetbrains:annotations:13.0) with InstrumentationAnalysisTransform
Transforming kotlin-gradle-plugin-model-2.2.20.jar (org.jetbrains.kotlin:kotlin-gradle-plugin-model:2.2.20) with InstrumentationAnalysisTransform
Transforming fus-statistics-gradle-plugin-2.2.20-gradle811.jar (org.jetbrains.kotlin:fus-statistics-gradle-plugin:2.2.20) with InstrumentationAnalysisTransform
Transforming kotlin-gradle-plugin-api-2.2.20.jar (org.jetbrains.kotlin:kotlin-gradle-plugin-api:2.2.20) with InstrumentationAnalysisTransform
Transforming kotlin-gradle-plugin-api-2.2.20-gradle811.jar (org.jetbrains.kotlin:kotlin-gradle-plugin-api:2.2.20) with InstrumentationAnalysisTransform
Transforming kotlin-gradle-plugin-2.2.20-gradle811.jar (org.jetbrains.kotlin:kotlin-gradle-plugin:2.2.20) with InstrumentationAnalysisTransform
Transforming ktlint-gradle-12.1.1.jar (org.jlleitschuh.gradle:ktlint-gradle:12.1.1) with InstrumentationAnalysisTransform
Transforming kotlin-gradle-plugin-idea-proto-2.2.20.jar (org.jetbrains.kotlin:kotlin-gradle-plugin-idea-proto:2.2.20) with InstrumentationAnalysisTransform
Transforming kotlin-gradle-plugin-idea-2.2.20.jar (org.jetbrains.kotlin:kotlin-gradle-plugin-idea:2.2.20) with InstrumentationAnalysisTransform
Transforming kotlin-klib-commonizer-api-2.2.20.jar (org.jetbrains.kotlin:kotlin-klib-commonizer-api:2.2.20) with InstrumentationAnalysisTransform
Transforming kotlin-build-statistics-2.2.20.jar (org.jetbrains.kotlin:kotlin-build-statistics:2.2.20) with InstrumentationAnalysisTransform
Transforming kotlin-util-klib-metadata-2.2.20.jar (org.jetbrains.kotlin:kotlin-util-klib-metadata:2.2.20) with InstrumentationAnalysisTransform
Transforming abi-tools-api-2.2.20.jar (org.jetbrains.kotlin:abi-tools-api:2.2.20) with InstrumentationAnalysisTransform
Transforming kotlin-compiler-runner-2.2.20.jar (org.jetbrains.kotlin:kotlin-compiler-runner:2.2.20) with InstrumentationAnalysisTransform
Transforming dnsjava-2.1.9.jar (dnsjava:dnsjava:2.1.9) with InstrumentationAnalysisTransform
Transforming kotlin-gradle-plugin-annotations-2.2.20.jar (org.jetbrains.kotlin:kotlin-gradle-plugin-annotations:2.2.20) with InstrumentationAnalysisTransform
Transforming kotlin-native-utils-2.2.20.jar (org.jetbrains.kotlin:kotlin-native-utils:2.2.20) with InstrumentationAnalysisTransform
Transforming kotlin-tooling-core-2.2.20.jar (org.jetbrains.kotlin:kotlin-tooling-core:2.2.20) with InstrumentationAnalysisTransform
Transforming kotlin-build-tools-api-2.2.20.jar (org.jetbrains.kotlin:kotlin-build-tools-api:2.2.20) with InstrumentationAnalysisTransform
Transforming android-test-plugin-result-listener-gradle-proto-31.10.1.jar (com.android.tools.utp:android-test-plugin-result-listener-gradle-proto:31.10.1) with InstrumentationAnalysisTransform
Transforming bundletool-1.18.0.jar (com.android.tools.build:bundletool:1.18.0) with InstrumentationAnalysisTransform
Transforming protobuf-java-util-3.25.5.jar (com.google.protobuf:protobuf-java-util:3.25.5) with InstrumentationAnalysisTransform
Transforming grpc-netty-1.69.1.jar (io.grpc:grpc-netty:1.69.1) with InstrumentationAnalysisTransform
Transforming grpc-inprocess-1.69.1.jar (io.grpc:grpc-inprocess:1.69.1) with InstrumentationAnalysisTransform
Transforming grpc-util-1.69.1.jar (io.grpc:grpc-util:1.69.1) with InstrumentationAnalysisTransform
Transforming grpc-core-1.69.1.jar (io.grpc:grpc-core:1.69.1) with InstrumentationAnalysisTransform
Transforming tink-1.7.0.jar (com.google.crypto.tink:tink:1.7.0) with InstrumentationAnalysisTransform
Transforming gson-2.11.0.jar (com.google.code.gson:gson:2.11.0) with InstrumentationAnalysisTransform
Transforming kotlin-util-klib-2.2.20.jar (org.jetbrains.kotlin:kotlin-util-klib:2.2.20) with InstrumentationAnalysisTransform
Transforming kotlin-util-io-2.2.20.jar (org.jetbrains.kotlin:kotlin-util-io:2.2.20) with InstrumentationAnalysisTransform
Transforming kotlin-daemon-client-2.2.20.jar (org.jetbrains.kotlin:kotlin-daemon-client:2.2.20) with InstrumentationAnalysisTransform
Transforming kotlinx-coroutines-core-jvm-1.8.0.jar (org.jetbrains.kotlinx:kotlinx-coroutines-core-jvm:1.8.0) with InstrumentationAnalysisTransform
Transforming aapt2-proto-8.10.1-12782657.jar (com.android.tools.build:aapt2-proto:8.10.1-12782657) with InstrumentationAnalysisTransform
Transforming crash-31.10.1.jar (com.android.tools.analytics-library:crash:31.10.1) with InstrumentationAnalysisTransform
Transforming lint-typedef-remover-31.10.1.jar (com.android.tools.lint:lint-typedef-remover:31.10.1) with InstrumentationAnalysisTransform
Transforming databinding-common-8.10.1.jar (androidx.databinding:databinding-common:8.10.1) with InstrumentationAnalysisTransform
Transforming baseLibrary-8.10.1.jar (com.android.databinding:baseLibrary:8.10.1) with InstrumentationAnalysisTransform
Transforming android-device-provider-ddmlib-proto-31.10.1.jar (com.android.tools.utp:android-device-provider-ddmlib-proto:31.10.1) with InstrumentationAnalysisTransform
Transforming android-device-provider-gradle-proto-31.10.1.jar (com.android.tools.utp:android-device-provider-gradle-proto:31.10.1) with InstrumentationAnalysisTransform
Transforming android-device-provider-profile-proto-31.10.1.jar (com.android.tools.utp:android-device-provider-profile-proto:31.10.1) with InstrumentationAnalysisTransform
Transforming android-test-plugin-host-additional-test-output-proto-31.10.1.jar (com.android.tools.utp:android-test-plugin-host-additional-test-output-proto:31.10.1) with InstrumentationAnalysisTransform
Transforming android-test-plugin-host-coverage-proto-31.10.1.jar (com.android.tools.utp:android-test-plugin-host-coverage-proto:31.10.1) with InstrumentationAnalysisTransform
Transforming android-test-plugin-host-logcat-proto-31.10.1.jar (com.android.tools.utp:android-test-plugin-host-logcat-proto:31.10.1) with InstrumentationAnalysisTransform
Transforming android-test-plugin-host-apk-installer-proto-31.10.1.jar (com.android.tools.utp:android-test-plugin-host-apk-installer-proto:31.10.1) with InstrumentationAnalysisTransform
Transforming transform-api-2.0.0-deprecated-use-gradle-api.jar (com.android.tools.build:transform-api:2.0.0-deprecated-use-gradle-api) with InstrumentationAnalysisTransform
Transforming httpmime-4.5.6.jar (org.apache.httpcomponents:httpmime:4.5.6) with InstrumentationAnalysisTransform
Transforming commons-io-2.16.1.jar (commons-io:commons-io:2.16.1) with InstrumentationAnalysisTransform
Transforming asm-commons-9.7.1.jar (org.ow2.asm:asm-commons:9.7.1) with InstrumentationAnalysisTransform
Transforming asm-util-9.7.1.jar (org.ow2.asm:asm-util:9.7.1) with InstrumentationAnalysisTransform
Transforming asm-analysis-9.7.1.jar (org.ow2.asm:asm-analysis:9.7.1) with InstrumentationAnalysisTransform
Transforming asm-tree-9.7.1.jar (org.ow2.asm:asm-tree:9.7.1) with InstrumentationAnalysisTransform
Transforming asm-9.7.1.jar (org.ow2.asm:asm:9.7.1) with InstrumentationAnalysisTransform
Transforming apkzlib-8.10.1.jar (com.android.tools.build:apkzlib:8.10.1) with InstrumentationAnalysisTransform
Transforming bcpkix-jdk18on-1.79.jar (org.bouncycastle:bcpkix-jdk18on:1.79) with InstrumentationAnalysisTransform
Transforming jaxb-runtime-2.3.2.jar (org.glassfish.jaxb:jaxb-runtime:2.3.2) with InstrumentationAnalysisTransform
Transforming jopt-simple-4.9.jar (net.sf.jopt-simple:jopt-simple:4.9) with InstrumentationAnalysisTransform
Transforming javapoet-1.10.0.jar (com.squareup:javapoet:1.10.0) with InstrumentationAnalysisTransform
Transforming grpc-protobuf-1.69.1.jar (io.grpc:grpc-protobuf:1.69.1) with InstrumentationAnalysisTransform
Transforming core-proto-0.0.9-alpha03.jar (com.google.testing.platform:core-proto:0.0.9-alpha03) with InstrumentationAnalysisTransform
Transforming protos-31.10.1.jar (com.android.tools.analytics-library:protos:31.10.1) with InstrumentationAnalysisTransform
Transforming proto-google-common-protos-2.48.0.jar (com.google.api.grpc:proto-google-common-protos:2.48.0) with InstrumentationAnalysisTransform
Transforming protobuf-java-3.25.5.jar (com.google.protobuf:protobuf-java:3.25.5) with InstrumentationAnalysisTransform
Transforming grpc-stub-1.69.1.jar (io.grpc:grpc-stub:1.69.1) with InstrumentationAnalysisTransform
Transforming tensorflow-lite-metadata-0.2.0.jar (org.tensorflow:tensorflow-lite-metadata:0.2.0) with InstrumentationAnalysisTransform
Transforming flatbuffers-java-1.12.0.jar (com.google.flatbuffers:flatbuffers-java:1.12.0) with InstrumentationAnalysisTransform
Transforming jimfs-1.1.jar (com.google.jimfs:jimfs:1.1) with InstrumentationAnalysisTransform
Transforming grpc-context-1.69.1.jar (io.grpc:grpc-context:1.69.1) with InstrumentationAnalysisTransform
Transforming grpc-protobuf-lite-1.69.1.jar (io.grpc:grpc-protobuf-lite:1.69.1) with InstrumentationAnalysisTransform
Transforming grpc-api-1.69.1.jar (io.grpc:grpc-api:1.69.1) with InstrumentationAnalysisTransform
Transforming guava-33.3.1-jre.jar (com.google.guava:guava:33.3.1-jre) with InstrumentationAnalysisTransform
Transforming error_prone_annotations-2.30.0.jar (com.google.errorprone:error_prone_annotations:2.30.0) with InstrumentationAnalysisTransform
Transforming dagger-2.28.3.jar (com.google.dagger:dagger:2.28.3) with InstrumentationAnalysisTransform
Transforming javax.inject-1.jar (javax.inject:javax.inject:1) with InstrumentationAnalysisTransform
Transforming kxml2-2.3.0.jar (net.sf.kxml:kxml2:2.3.0) with InstrumentationAnalysisTransform
Transforming commons-compress-1.21.jar (org.apache.commons:commons-compress:1.21) with InstrumentationAnalysisTransform
Transforming bcutil-jdk18on-1.79.jar (org.bouncycastle:bcutil-jdk18on:1.79) with InstrumentationAnalysisTransform
Transforming bcprov-jdk18on-1.79.jar (org.bouncycastle:bcprov-jdk18on:1.79) with InstrumentationAnalysisTransform
Transforming httpclient-4.5.14.jar (org.apache.httpcomponents:httpclient:4.5.14) with InstrumentationAnalysisTransform
Transforming httpcore-4.4.16.jar (org.apache.httpcomponents:httpcore:4.4.16) with InstrumentationAnalysisTransform
Transforming javax.activation-1.2.0.jar (com.sun.activation:javax.activation:1.2.0) with InstrumentationAnalysisTransform
Transforming signflinger-8.10.1.jar (com.android:signflinger:8.10.1) with InstrumentationAnalysisTransform
Transforming zipflinger-8.10.1.jar (com.android:zipflinger:8.10.1) with InstrumentationAnalysisTransform
Transforming annotations-31.10.1.jar (com.android.tools:annotations:31.10.1) with InstrumentationAnalysisTransform
Transforming jna-platform-5.6.0.jar (net.java.dev.jna:jna-platform:5.6.0) with InstrumentationAnalysisTransform
Transforming juniversalchardet-1.0.3.jar (com.googlecode.juniversalchardet:juniversalchardet:1.0.3) with InstrumentationAnalysisTransform
Transforming javax.annotation-api-1.3.2.jar (javax.annotation:javax.annotation-api:1.3.2) with InstrumentationAnalysisTransform
Transforming stax-ex-1.8.1.jar (org.jvnet.staxex:stax-ex:1.8.1) with InstrumentationAnalysisTransform
Transforming jakarta.xml.bind-api-2.3.2.jar (jakarta.xml.bind:jakarta.xml.bind-api:2.3.2) with InstrumentationAnalysisTransform
Transforming txw2-2.3.2.jar (org.glassfish.jaxb:txw2:2.3.2) with InstrumentationAnalysisTransform
Transforming istack-commons-runtime-3.0.8.jar (com.sun.istack:istack-commons-runtime:3.0.8) with InstrumentationAnalysisTransform
Transforming FastInfoset-1.2.16.jar (com.sun.xml.fastinfoset:FastInfoset:1.2.16) with InstrumentationAnalysisTransform
Transforming jakarta.activation-api-1.2.1.jar (jakarta.activation:jakarta.activation-api:1.2.1) with InstrumentationAnalysisTransform
Transforming auto-value-annotations-1.6.2.jar (com.google.auto.value:auto-value-annotations:1.6.2) with InstrumentationAnalysisTransform
Transforming jose4j-0.9.5.jar (org.bitbucket.b_c:jose4j:0.9.5) with InstrumentationAnalysisTransform
Transforming slf4j-api-1.7.30.jar (org.slf4j:slf4j-api:1.7.30) with InstrumentationAnalysisTransform
Transforming jdom2-2.0.6.jar (org.jdom:jdom2:2.0.6) with InstrumentationAnalysisTransform
Transforming jsr305-3.0.2.jar (com.google.code.findbugs:jsr305:3.0.2) with InstrumentationAnalysisTransform
Transforming j2objc-annotations-3.0.0.jar (com.google.j2objc:j2objc-annotations:3.0.0) with InstrumentationAnalysisTransform
Transforming annotations-4.1.1.4.jar (com.google.android:annotations:4.1.1.4) with InstrumentationAnalysisTransform
Transforming animal-sniffer-annotations-1.24.jar (org.codehaus.mojo:animal-sniffer-annotations:1.24) with InstrumentationAnalysisTransform
Transforming perfmark-api-0.27.0.jar (io.perfmark:perfmark-api:0.27.0) with InstrumentationAnalysisTransform
Transforming netty-codec-http2-4.1.110.Final.jar (io.netty:netty-codec-http2:4.1.110.Final) with InstrumentationAnalysisTransform
Transforming netty-handler-proxy-4.1.110.Final.jar (io.netty:netty-handler-proxy:4.1.110.Final) with InstrumentationAnalysisTransform
Transforming netty-codec-http-4.1.110.Final.jar (io.netty:netty-codec-http:4.1.110.Final) with InstrumentationAnalysisTransform
Transforming netty-handler-4.1.110.Final.jar (io.netty:netty-handler:4.1.110.Final) with InstrumentationAnalysisTransform
Transforming netty-transport-native-unix-common-4.1.110.Final.jar (io.netty:netty-transport-native-unix-common:4.1.110.Final) with InstrumentationAnalysisTransform
Transforming checker-qual-3.43.0.jar (org.checkerframework:checker-qual:3.43.0) with InstrumentationAnalysisTransform
Transforming apksig-8.10.1.jar (com.android.tools.build:apksig:8.10.1) with InstrumentationAnalysisTransform
Transforming javawriter-2.5.0.jar (com.squareup:javawriter:2.5.0) with InstrumentationAnalysisTransform
Transforming failureaccess-1.0.2.jar (com.google.guava:failureaccess:1.0.2) with InstrumentationAnalysisTransform
Transforming listenablefuture-9999.0-empty-to-avoid-conflict-with-guava.jar (com.google.guava:listenablefuture:9999.0-empty-to-avoid-conflict-with-guava) with InstrumentationAnalysisTransform
Transforming commons-logging-1.2.jar (commons-logging:commons-logging:1.2) with InstrumentationAnalysisTransform
Transforming commons-codec-1.11.jar (commons-codec:commons-codec:1.11) with InstrumentationAnalysisTransform
Transforming jna-5.6.0.jar (net.java.dev.jna:jna:5.6.0) with InstrumentationAnalysisTransform
Transforming netty-codec-socks-4.1.110.Final.jar (io.netty:netty-codec-socks:4.1.110.Final) with InstrumentationAnalysisTransform
Transforming netty-codec-4.1.110.Final.jar (io.netty:netty-codec:4.1.110.Final) with InstrumentationAnalysisTransform
Transforming netty-transport-4.1.110.Final.jar (io.netty:netty-transport:4.1.110.Final) with InstrumentationAnalysisTransform
Transforming netty-buffer-4.1.110.Final.jar (io.netty:netty-buffer:4.1.110.Final) with InstrumentationAnalysisTransform
Transforming netty-resolver-4.1.110.Final.jar (io.netty:netty-resolver:4.1.110.Final) with InstrumentationAnalysisTransform
Transforming netty-common-4.1.110.Final.jar (io.netty:netty-common:4.1.110.Final) with InstrumentationAnalysisTransform
Transforming main (project :build-logic:plugins) with InstrumentationAnalysisTransform
Transforming main (project :build-logic:plugins) with InstrumentationAnalysisTransform
Transforming main (project :build-logic:plugins) with InstrumentationAnalysisTransform
Transforming main (project :build-logic:tools) with InstrumentationAnalysisTransform
Transforming main (project :build-logic:tools) with InstrumentationAnalysisTransform
Transforming classes with InstrumentationAnalysisTransform
Transforming classes with MergeInstrumentationAnalysisTransform
Transforming classes with InstrumentationAnalysisTransform
Transforming classes with MergeInstrumentationAnalysisTransform
Transforming gradle-8.10.1.jar (com.android.tools.build:gradle:8.10.1) with InstrumentationAnalysisTransform
Transforming gradle-8.10.1.jar (com.android.tools.build:gradle:8.10.1) with MergeInstrumentationAnalysisTransform
Transforming gradle-settings-api-8.10.1.jar (com.android.tools.build:gradle-settings-api:8.10.1) with InstrumentationAnalysisTransform
Transforming gradle-settings-api-8.10.1.jar (com.android.tools.build:gradle-settings-api:8.10.1) with MergeInstrumentationAnalysisTransform
Transforming lint-model-31.10.1.jar (com.android.tools.lint:lint-model:31.10.1) with InstrumentationAnalysisTransform
Transforming lint-model-31.10.1.jar (com.android.tools.lint:lint-model:31.10.1) with MergeInstrumentationAnalysisTransform
Transforming builder-8.10.1.jar (com.android.tools.build:builder:8.10.1) with InstrumentationAnalysisTransform
Transforming builder-8.10.1.jar (com.android.tools.build:builder:8.10.1) with MergeInstrumentationAnalysisTransform
Transforming manifest-merger-31.10.1.jar (com.android.tools.build:manifest-merger:31.10.1) with InstrumentationAnalysisTransform
Transforming manifest-merger-31.10.1.jar (com.android.tools.build:manifest-merger:31.10.1) with MergeInstrumentationAnalysisTransform
Transforming sdk-common-31.10.1.jar (com.android.tools:sdk-common:31.10.1) with InstrumentationAnalysisTransform
Transforming sdk-common-31.10.1.jar (com.android.tools:sdk-common:31.10.1) with MergeInstrumentationAnalysisTransform
Transforming sdklib-31.10.1.jar (com.android.tools:sdklib:31.10.1) with InstrumentationAnalysisTransform
Transforming sdklib-31.10.1.jar (com.android.tools:sdklib:31.10.1) with MergeInstrumentationAnalysisTransform
Transforming repository-31.10.1.jar (com.android.tools:repository:31.10.1) with InstrumentationAnalysisTransform
Transforming repository-31.10.1.jar (com.android.tools:repository:31.10.1) with MergeInstrumentationAnalysisTransform
Transforming aaptcompiler-8.10.1.jar (com.android.tools.build:aaptcompiler:8.10.1) with InstrumentationAnalysisTransform
Transforming aaptcompiler-8.10.1.jar (com.android.tools.build:aaptcompiler:8.10.1) with MergeInstrumentationAnalysisTransform
Transforming tracker-31.10.1.jar (com.android.tools.analytics-library:tracker:31.10.1) with InstrumentationAnalysisTransform
Transforming tracker-31.10.1.jar (com.android.tools.analytics-library:tracker:31.10.1) with MergeInstrumentationAnalysisTransform
Transforming shared-31.10.1.jar (com.android.tools.analytics-library:shared:31.10.1) with InstrumentationAnalysisTransform
Transforming shared-31.10.1.jar (com.android.tools.analytics-library:shared:31.10.1) with MergeInstrumentationAnalysisTransform
Transforming databinding-compiler-common-8.10.1.jar (androidx.databinding:databinding-compiler-common:8.10.1) with InstrumentationAnalysisTransform
Transforming databinding-compiler-common-8.10.1.jar (androidx.databinding:databinding-compiler-common:8.10.1) with MergeInstrumentationAnalysisTransform
Transforming android-test-plugin-host-emulator-control-proto-31.10.1.jar (com.android.tools.utp:android-test-plugin-host-emulator-control-proto:31.10.1) with InstrumentationAnalysisTransform
Transforming classes with ExternalDependencyInstrumentingArtifactTransform
Transforming gradle-8.10.1.jar (com.android.tools.build:gradle:8.10.1) with ExternalDependencyInstrumentingArtifactTransform
Transforming android-test-plugin-host-emulator-control-proto-31.10.1.jar (com.android.tools.utp:android-test-plugin-host-emulator-control-proto:31.10.1) with MergeInstrumentationAnalysisTransform
Transforming builder-model-8.10.1.jar (com.android.tools.build:builder-model:8.10.1) with InstrumentationAnalysisTransform
Transforming gradle-settings-api-8.10.1.jar (com.android.tools.build:gradle-settings-api:8.10.1) with ExternalDependencyInstrumentingArtifactTransform
Transforming classes with ExternalDependencyInstrumentingArtifactTransform
Transforming builder-model-8.10.1.jar (com.android.tools.build:builder-model:8.10.1) with MergeInstrumentationAnalysisTransform
Transforming builder-8.10.1.jar (com.android.tools.build:builder:8.10.1) with ExternalDependencyInstrumentingArtifactTransform
Transforming gradle-api-8.10.1.jar (com.android.tools.build:gradle-api:8.10.1) with InstrumentationAnalysisTransform
Transforming lint-model-31.10.1.jar (com.android.tools.lint:lint-model:31.10.1) with ExternalDependencyInstrumentingArtifactTransform
Transforming gradle-api-8.10.1.jar (com.android.tools.build:gradle-api:8.10.1) with MergeInstrumentationAnalysisTransform
Transforming builder-test-api-8.10.1.jar (com.android.tools.build:builder-test-api:8.10.1) with InstrumentationAnalysisTransform
Transforming manifest-merger-31.10.1.jar (com.android.tools.build:manifest-merger:31.10.1) with ExternalDependencyInstrumentingArtifactTransform
Transforming sdk-common-31.10.1.jar (com.android.tools:sdk-common:31.10.1) with ExternalDependencyInstrumentingArtifactTransform
Transforming sdklib-31.10.1.jar (com.android.tools:sdklib:31.10.1) with ExternalDependencyInstrumentingArtifactTransform
Transforming repository-31.10.1.jar (com.android.tools:repository:31.10.1) with ExternalDependencyInstrumentingArtifactTransform
Transforming builder-test-api-8.10.1.jar (com.android.tools.build:builder-test-api:8.10.1) with MergeInstrumentationAnalysisTransform
Transforming ddmlib-31.10.1.jar (com.android.tools.ddms:ddmlib:31.10.1) with InstrumentationAnalysisTransform
Transforming tracker-31.10.1.jar (com.android.tools.analytics-library:tracker:31.10.1) with ExternalDependencyInstrumentingArtifactTransform
Transforming ddmlib-31.10.1.jar (com.android.tools.ddms:ddmlib:31.10.1) with MergeInstrumentationAnalysisTransform
Transforming aaptcompiler-8.10.1.jar (com.android.tools.build:aaptcompiler:8.10.1) with ExternalDependencyInstrumentingArtifactTransform
Transforming builder-model-8.10.1.jar (com.android.tools.build:builder-model:8.10.1) with ExternalDependencyInstrumentingArtifactTransform
Transforming databinding-compiler-common-8.10.1.jar (androidx.databinding:databinding-compiler-common:8.10.1) with ExternalDependencyInstrumentingArtifactTransform
Transforming shared-31.10.1.jar (com.android.tools.analytics-library:shared:31.10.1) with ExternalDependencyInstrumentingArtifactTransform
Transforming gradle-api-8.10.1.jar (com.android.tools.build:gradle-api:8.10.1) with ExternalDependencyInstrumentingArtifactTransform
Transforming ddmlib-31.10.1.jar (com.android.tools.ddms:ddmlib:31.10.1) with ExternalDependencyInstrumentingArtifactTransform
Transforming layoutlib-api-31.10.1.jar (com.android.tools.layoutlib:layoutlib-api:31.10.1) with InstrumentationAnalysisTransform
Transforming builder-test-api-8.10.1.jar (com.android.tools.build:builder-test-api:8.10.1) with ExternalDependencyInstrumentingArtifactTransform
Transforming layoutlib-api-31.10.1.jar (com.android.tools.layoutlib:layoutlib-api:31.10.1) with MergeInstrumentationAnalysisTransform
Transforming android-test-plugin-host-emulator-control-proto-31.10.1.jar (com.android.tools.utp:android-test-plugin-host-emulator-control-proto:31.10.1) with ExternalDependencyInstrumentingArtifactTransform
Transforming dvlib-31.10.1.jar (com.android.tools:dvlib:31.10.1) with InstrumentationAnalysisTransform
Transforming layoutlib-api-31.10.1.jar (com.android.tools.layoutlib:layoutlib-api:31.10.1) with ExternalDependencyInstrumentingArtifactTransform
Transforming dvlib-31.10.1.jar (com.android.tools:dvlib:31.10.1) with MergeInstrumentationAnalysisTransform
Transforming common-31.10.1.jar (com.android.tools:common:31.10.1) with InstrumentationAnalysisTransform
Transforming common-31.10.1.jar (com.android.tools:common:31.10.1) with MergeInstrumentationAnalysisTransform
Transforming kotlin-stdlib-jdk8-2.1.0.jar (org.jetbrains.kotlin:kotlin-stdlib-jdk8:2.1.0) with InstrumentationAnalysisTransform
Transforming kotlin-stdlib-jdk8-2.1.0.jar (org.jetbrains.kotlin:kotlin-stdlib-jdk8:2.1.0) with MergeInstrumentationAnalysisTransform
Transforming jetifier-processor-1.0.0-beta10.jar (com.android.tools.build.jetifier:jetifier-processor:1.0.0-beta10) with InstrumentationAnalysisTransform
Transforming common-31.10.1.jar (com.android.tools:common:31.10.1) with ExternalDependencyInstrumentingArtifactTransform
Transforming jetifier-processor-1.0.0-beta10.jar (com.android.tools.build.jetifier:jetifier-processor:1.0.0-beta10) with MergeInstrumentationAnalysisTransform
Transforming jetifier-core-1.0.0-beta10.jar (com.android.tools.build.jetifier:jetifier-core:1.0.0-beta10) with InstrumentationAnalysisTransform
Transforming dvlib-31.10.1.jar (com.android.tools:dvlib:31.10.1) with ExternalDependencyInstrumentingArtifactTransform
Transforming jetifier-core-1.0.0-beta10.jar (com.android.tools.build.jetifier:jetifier-core:1.0.0-beta10) with MergeInstrumentationAnalysisTransform
Transforming kotlin-stdlib-jdk8-2.1.0.jar (org.jetbrains.kotlin:kotlin-stdlib-jdk8:2.1.0) with ExternalDependencyInstrumentingArtifactTransform
Transforming kotlin-reflect-2.0.20.jar (org.jetbrains.kotlin:kotlin-reflect:2.0.20) with InstrumentationAnalysisTransform
Transforming kotlin-reflect-2.0.20.jar (org.jetbrains.kotlin:kotlin-reflect:2.0.20) with MergeInstrumentationAnalysisTransform
Transforming jetifier-core-1.0.0-beta10.jar (com.android.tools.build.jetifier:jetifier-core:1.0.0-beta10) with ExternalDependencyInstrumentingArtifactTransform
Transforming kotlin-stdlib-jdk7-2.1.0.jar (org.jetbrains.kotlin:kotlin-stdlib-jdk7:2.1.0) with InstrumentationAnalysisTransform
Transforming jetifier-processor-1.0.0-beta10.jar (com.android.tools.build.jetifier:jetifier-processor:1.0.0-beta10) with ExternalDependencyInstrumentingArtifactTransform
Transforming kotlin-stdlib-jdk7-2.1.0.jar (org.jetbrains.kotlin:kotlin-stdlib-jdk7:2.1.0) with MergeInstrumentationAnalysisTransform
Transforming kotlin-stdlib-2.0.20.jar (org.jetbrains.kotlin:kotlin-stdlib:2.0.20) with InstrumentationAnalysisTransform
Transforming kotlin-reflect-2.0.20.jar (org.jetbrains.kotlin:kotlin-reflect:2.0.20) with ExternalDependencyInstrumentingArtifactTransform
Transforming kotlin-stdlib-2.0.20.jar (org.jetbrains.kotlin:kotlin-stdlib:2.0.20) with MergeInstrumentationAnalysisTransform
Transforming kotlin-stdlib-jdk7-2.1.0.jar (org.jetbrains.kotlin:kotlin-stdlib-jdk7:2.1.0) with ExternalDependencyInstrumentingArtifactTransform
Transforming annotations-13.0.jar (org.jetbrains:annotations:13.0) with InstrumentationAnalysisTransform
Transforming annotations-13.0.jar (org.jetbrains:annotations:13.0) with MergeInstrumentationAnalysisTransform
Transforming kotlin-gradle-plugin-model-2.2.20.jar (org.jetbrains.kotlin:kotlin-gradle-plugin-model:2.2.20) with InstrumentationAnalysisTransform
Transforming kotlin-gradle-plugin-model-2.2.20.jar (org.jetbrains.kotlin:kotlin-gradle-plugin-model:2.2.20) with MergeInstrumentationAnalysisTransform
Transforming kotlin-stdlib-2.0.20.jar (org.jetbrains.kotlin:kotlin-stdlib:2.0.20) with ExternalDependencyInstrumentingArtifactTransform
Transforming fus-statistics-gradle-plugin-2.2.20-gradle811.jar (org.jetbrains.kotlin:fus-statistics-gradle-plugin:2.2.20) with InstrumentationAnalysisTransform
Transforming kotlin-gradle-plugin-model-2.2.20.jar (org.jetbrains.kotlin:kotlin-gradle-plugin-model:2.2.20) with ExternalDependencyInstrumentingArtifactTransform
Transforming fus-statistics-gradle-plugin-2.2.20-gradle811.jar (org.jetbrains.kotlin:fus-statistics-gradle-plugin:2.2.20) with MergeInstrumentationAnalysisTransform
Transforming annotations-13.0.jar (org.jetbrains:annotations:13.0) with ExternalDependencyInstrumentingArtifactTransform
Transforming kotlin-gradle-plugin-api-2.2.20.jar (org.jetbrains.kotlin:kotlin-gradle-plugin-api:2.2.20) with InstrumentationAnalysisTransform
Transforming fus-statistics-gradle-plugin-2.2.20-gradle811.jar (org.jetbrains.kotlin:fus-statistics-gradle-plugin:2.2.20) with ExternalDependencyInstrumentingArtifactTransform
Transforming kotlin-gradle-plugin-api-2.2.20.jar (org.jetbrains.kotlin:kotlin-gradle-plugin-api:2.2.20) with MergeInstrumentationAnalysisTransform
Transforming kotlin-gradle-plugin-api-2.2.20-gradle811.jar (org.jetbrains.kotlin:kotlin-gradle-plugin-api:2.2.20) with InstrumentationAnalysisTransform
Transforming kotlin-gradle-plugin-api-2.2.20-gradle811.jar (org.jetbrains.kotlin:kotlin-gradle-plugin-api:2.2.20) with MergeInstrumentationAnalysisTransform
Transforming kotlin-gradle-plugin-api-2.2.20.jar (org.jetbrains.kotlin:kotlin-gradle-plugin-api:2.2.20) with ExternalDependencyInstrumentingArtifactTransform
Transforming kotlin-gradle-plugin-2.2.20-gradle811.jar (org.jetbrains.kotlin:kotlin-gradle-plugin:2.2.20) with InstrumentationAnalysisTransform
Transforming kotlin-gradle-plugin-2.2.20-gradle811.jar (org.jetbrains.kotlin:kotlin-gradle-plugin:2.2.20) with MergeInstrumentationAnalysisTransform
Transforming ktlint-gradle-12.1.1.jar (org.jlleitschuh.gradle:ktlint-gradle:12.1.1) with InstrumentationAnalysisTransform
Transforming ktlint-gradle-12.1.1.jar (org.jlleitschuh.gradle:ktlint-gradle:12.1.1) with MergeInstrumentationAnalysisTransform
Transforming kotlin-gradle-plugin-2.2.20-gradle811.jar (org.jetbrains.kotlin:kotlin-gradle-plugin:2.2.20) with ExternalDependencyInstrumentingArtifactTransform
Transforming kotlin-gradle-plugin-api-2.2.20-gradle811.jar (org.jetbrains.kotlin:kotlin-gradle-plugin-api:2.2.20) with ExternalDependencyInstrumentingArtifactTransform
Transforming kotlin-gradle-plugin-idea-proto-2.2.20.jar (org.jetbrains.kotlin:kotlin-gradle-plugin-idea-proto:2.2.20) with InstrumentationAnalysisTransform
Transforming ktlint-gradle-12.1.1.jar (org.jlleitschuh.gradle:ktlint-gradle:12.1.1) with ExternalDependencyInstrumentingArtifactTransform
Transforming kotlin-gradle-plugin-idea-proto-2.2.20.jar (org.jetbrains.kotlin:kotlin-gradle-plugin-idea-proto:2.2.20) with MergeInstrumentationAnalysisTransform
Transforming kotlin-gradle-plugin-idea-2.2.20.jar (org.jetbrains.kotlin:kotlin-gradle-plugin-idea:2.2.20) with InstrumentationAnalysisTransform
Transforming kotlin-gradle-plugin-idea-2.2.20.jar (org.jetbrains.kotlin:kotlin-gradle-plugin-idea:2.2.20) with MergeInstrumentationAnalysisTransform
Transforming kotlin-klib-commonizer-api-2.2.20.jar (org.jetbrains.kotlin:kotlin-klib-commonizer-api:2.2.20) with InstrumentationAnalysisTransform
Transforming kotlin-gradle-plugin-idea-proto-2.2.20.jar (org.jetbrains.kotlin:kotlin-gradle-plugin-idea-proto:2.2.20) with ExternalDependencyInstrumentingArtifactTransform
Transforming kotlin-klib-commonizer-api-2.2.20.jar (org.jetbrains.kotlin:kotlin-klib-commonizer-api:2.2.20) with MergeInstrumentationAnalysisTransform
Transforming kotlin-build-statistics-2.2.20.jar (org.jetbrains.kotlin:kotlin-build-statistics:2.2.20) with InstrumentationAnalysisTransform
Transforming kotlin-build-statistics-2.2.20.jar (org.jetbrains.kotlin:kotlin-build-statistics:2.2.20) with MergeInstrumentationAnalysisTransform
Transforming kotlin-gradle-plugin-idea-2.2.20.jar (org.jetbrains.kotlin:kotlin-gradle-plugin-idea:2.2.20) with ExternalDependencyInstrumentingArtifactTransform
Transforming kotlin-util-klib-metadata-2.2.20.jar (org.jetbrains.kotlin:kotlin-util-klib-metadata:2.2.20) with InstrumentationAnalysisTransform
Transforming kotlin-klib-commonizer-api-2.2.20.jar (org.jetbrains.kotlin:kotlin-klib-commonizer-api:2.2.20) with ExternalDependencyInstrumentingArtifactTransform
Transforming kotlin-util-klib-metadata-2.2.20.jar (org.jetbrains.kotlin:kotlin-util-klib-metadata:2.2.20) with MergeInstrumentationAnalysisTransform
Transforming kotlin-build-statistics-2.2.20.jar (org.jetbrains.kotlin:kotlin-build-statistics:2.2.20) with ExternalDependencyInstrumentingArtifactTransform
Transforming abi-tools-api-2.2.20.jar (org.jetbrains.kotlin:abi-tools-api:2.2.20) with InstrumentationAnalysisTransform
Transforming abi-tools-api-2.2.20.jar (org.jetbrains.kotlin:abi-tools-api:2.2.20) with MergeInstrumentationAnalysisTransform
Transforming kotlin-util-klib-metadata-2.2.20.jar (org.jetbrains.kotlin:kotlin-util-klib-metadata:2.2.20) with ExternalDependencyInstrumentingArtifactTransform
Transforming kotlin-compiler-runner-2.2.20.jar (org.jetbrains.kotlin:kotlin-compiler-runner:2.2.20) with InstrumentationAnalysisTransform
Transforming kotlin-compiler-runner-2.2.20.jar (org.jetbrains.kotlin:kotlin-compiler-runner:2.2.20) with MergeInstrumentationAnalysisTransform
Transforming dnsjava-2.1.9.jar (dnsjava:dnsjava:2.1.9) with InstrumentationAnalysisTransform
Transforming abi-tools-api-2.2.20.jar (org.jetbrains.kotlin:abi-tools-api:2.2.20) with ExternalDependencyInstrumentingArtifactTransform
Transforming dnsjava-2.1.9.jar (dnsjava:dnsjava:2.1.9) with MergeInstrumentationAnalysisTransform
Transforming kotlin-compiler-runner-2.2.20.jar (org.jetbrains.kotlin:kotlin-compiler-runner:2.2.20) with ExternalDependencyInstrumentingArtifactTransform
Transforming kotlin-gradle-plugin-annotations-2.2.20.jar (org.jetbrains.kotlin:kotlin-gradle-plugin-annotations:2.2.20) with InstrumentationAnalysisTransform
Transforming kotlin-gradle-plugin-annotations-2.2.20.jar (org.jetbrains.kotlin:kotlin-gradle-plugin-annotations:2.2.20) with MergeInstrumentationAnalysisTransform
Transforming kotlin-native-utils-2.2.20.jar (org.jetbrains.kotlin:kotlin-native-utils:2.2.20) with InstrumentationAnalysisTransform
Transforming dnsjava-2.1.9.jar (dnsjava:dnsjava:2.1.9) with ExternalDependencyInstrumentingArtifactTransform
Transforming kotlin-native-utils-2.2.20.jar (org.jetbrains.kotlin:kotlin-native-utils:2.2.20) with MergeInstrumentationAnalysisTransform
Transforming kotlin-gradle-plugin-annotations-2.2.20.jar (org.jetbrains.kotlin:kotlin-gradle-plugin-annotations:2.2.20) with ExternalDependencyInstrumentingArtifactTransform
Transforming kotlin-tooling-core-2.2.20.jar (org.jetbrains.kotlin:kotlin-tooling-core:2.2.20) with InstrumentationAnalysisTransform
Transforming kotlin-tooling-core-2.2.20.jar (org.jetbrains.kotlin:kotlin-tooling-core:2.2.20) with MergeInstrumentationAnalysisTransform
Transforming kotlin-build-tools-api-2.2.20.jar (org.jetbrains.kotlin:kotlin-build-tools-api:2.2.20) with InstrumentationAnalysisTransform
Transforming kotlin-native-utils-2.2.20.jar (org.jetbrains.kotlin:kotlin-native-utils:2.2.20) with ExternalDependencyInstrumentingArtifactTransform
Transforming kotlin-build-tools-api-2.2.20.jar (org.jetbrains.kotlin:kotlin-build-tools-api:2.2.20) with MergeInstrumentationAnalysisTransform
Transforming android-test-plugin-result-listener-gradle-proto-31.10.1.jar (com.android.tools.utp:android-test-plugin-result-listener-gradle-proto:31.10.1) with InstrumentationAnalysisTransform
Transforming kotlin-tooling-core-2.2.20.jar (org.jetbrains.kotlin:kotlin-tooling-core:2.2.20) with ExternalDependencyInstrumentingArtifactTransform
Transforming android-test-plugin-result-listener-gradle-proto-31.10.1.jar (com.android.tools.utp:android-test-plugin-result-listener-gradle-proto:31.10.1) with MergeInstrumentationAnalysisTransform
Transforming kotlin-build-tools-api-2.2.20.jar (org.jetbrains.kotlin:kotlin-build-tools-api:2.2.20) with ExternalDependencyInstrumentingArtifactTransform
Transforming bundletool-1.18.0.jar (com.android.tools.build:bundletool:1.18.0) with InstrumentationAnalysisTransform
Transforming bundletool-1.18.0.jar (com.android.tools.build:bundletool:1.18.0) with MergeInstrumentationAnalysisTransform
Transforming protobuf-java-util-3.25.5.jar (com.google.protobuf:protobuf-java-util:3.25.5) with InstrumentationAnalysisTransform
Transforming android-test-plugin-result-listener-gradle-proto-31.10.1.jar (com.android.tools.utp:android-test-plugin-result-listener-gradle-proto:31.10.1) with ExternalDependencyInstrumentingArtifactTransform
Transforming protobuf-java-util-3.25.5.jar (com.google.protobuf:protobuf-java-util:3.25.5) with MergeInstrumentationAnalysisTransform
Transforming grpc-netty-1.69.1.jar (io.grpc:grpc-netty:1.69.1) with InstrumentationAnalysisTransform
Transforming grpc-netty-1.69.1.jar (io.grpc:grpc-netty:1.69.1) with MergeInstrumentationAnalysisTransform
Transforming bundletool-1.18.0.jar (com.android.tools.build:bundletool:1.18.0) with ExternalDependencyInstrumentingArtifactTransform
Transforming grpc-inprocess-1.69.1.jar (io.grpc:grpc-inprocess:1.69.1) with InstrumentationAnalysisTransform
Transforming protobuf-java-util-3.25.5.jar (com.google.protobuf:protobuf-java-util:3.25.5) with ExternalDependencyInstrumentingArtifactTransform
Transforming grpc-inprocess-1.69.1.jar (io.grpc:grpc-inprocess:1.69.1) with MergeInstrumentationAnalysisTransform
Transforming grpc-netty-1.69.1.jar (io.grpc:grpc-netty:1.69.1) with ExternalDependencyInstrumentingArtifactTransform
Transforming grpc-util-1.69.1.jar (io.grpc:grpc-util:1.69.1) with InstrumentationAnalysisTransform
Transforming grpc-util-1.69.1.jar (io.grpc:grpc-util:1.69.1) with MergeInstrumentationAnalysisTransform
Transforming grpc-inprocess-1.69.1.jar (io.grpc:grpc-inprocess:1.69.1) with ExternalDependencyInstrumentingArtifactTransform
Transforming grpc-core-1.69.1.jar (io.grpc:grpc-core:1.69.1) with InstrumentationAnalysisTransform
Transforming grpc-core-1.69.1.jar (io.grpc:grpc-core:1.69.1) with MergeInstrumentationAnalysisTransform
Transforming tink-1.7.0.jar (com.google.crypto.tink:tink:1.7.0) with InstrumentationAnalysisTransform
Transforming grpc-util-1.69.1.jar (io.grpc:grpc-util:1.69.1) with ExternalDependencyInstrumentingArtifactTransform
Transforming tink-1.7.0.jar (com.google.crypto.tink:tink:1.7.0) with MergeInstrumentationAnalysisTransform
Transforming grpc-core-1.69.1.jar (io.grpc:grpc-core:1.69.1) with ExternalDependencyInstrumentingArtifactTransform
Transforming gson-2.11.0.jar (com.google.code.gson:gson:2.11.0) with InstrumentationAnalysisTransform
Transforming gson-2.11.0.jar (com.google.code.gson:gson:2.11.0) with MergeInstrumentationAnalysisTransform
Transforming tink-1.7.0.jar (com.google.crypto.tink:tink:1.7.0) with ExternalDependencyInstrumentingArtifactTransform
Transforming kotlin-util-klib-2.2.20.jar (org.jetbrains.kotlin:kotlin-util-klib:2.2.20) with InstrumentationAnalysisTransform
Transforming kotlin-util-klib-2.2.20.jar (org.jetbrains.kotlin:kotlin-util-klib:2.2.20) with MergeInstrumentationAnalysisTransform
Transforming kotlin-util-io-2.2.20.jar (org.jetbrains.kotlin:kotlin-util-io:2.2.20) with InstrumentationAnalysisTransform
Transforming gson-2.11.0.jar (com.google.code.gson:gson:2.11.0) with ExternalDependencyInstrumentingArtifactTransform
Transforming kotlin-util-io-2.2.20.jar (org.jetbrains.kotlin:kotlin-util-io:2.2.20) with MergeInstrumentationAnalysisTransform
Transforming kotlin-daemon-client-2.2.20.jar (org.jetbrains.kotlin:kotlin-daemon-client:2.2.20) with InstrumentationAnalysisTransform
Transforming kotlin-util-klib-2.2.20.jar (org.jetbrains.kotlin:kotlin-util-klib:2.2.20) with ExternalDependencyInstrumentingArtifactTransform
Transforming kotlin-util-io-2.2.20.jar (org.jetbrains.kotlin:kotlin-util-io:2.2.20) with ExternalDependencyInstrumentingArtifactTransform
Transforming kotlin-daemon-client-2.2.20.jar (org.jetbrains.kotlin:kotlin-daemon-client:2.2.20) with MergeInstrumentationAnalysisTransform
Transforming kotlinx-coroutines-core-jvm-1.8.0.jar (org.jetbrains.kotlinx:kotlinx-coroutines-core-jvm:1.8.0) with InstrumentationAnalysisTransform
Transforming kotlinx-coroutines-core-jvm-1.8.0.jar (org.jetbrains.kotlinx:kotlinx-coroutines-core-jvm:1.8.0) with MergeInstrumentationAnalysisTransform
Transforming aapt2-proto-8.10.1-12782657.jar (com.android.tools.build:aapt2-proto:8.10.1-12782657) with InstrumentationAnalysisTransform
Transforming kotlin-daemon-client-2.2.20.jar (org.jetbrains.kotlin:kotlin-daemon-client:2.2.20) with ExternalDependencyInstrumentingArtifactTransform
Transforming aapt2-proto-8.10.1-12782657.jar (com.android.tools.build:aapt2-proto:8.10.1-12782657) with MergeInstrumentationAnalysisTransform
Transforming kotlinx-coroutines-core-jvm-1.8.0.jar (org.jetbrains.kotlinx:kotlinx-coroutines-core-jvm:1.8.0) with ExternalDependencyInstrumentingArtifactTransform
Transforming crash-31.10.1.jar (com.android.tools.analytics-library:crash:31.10.1) with InstrumentationAnalysisTransform
Transforming crash-31.10.1.jar (com.android.tools.analytics-library:crash:31.10.1) with MergeInstrumentationAnalysisTransform
Transforming aapt2-proto-8.10.1-12782657.jar (com.android.tools.build:aapt2-proto:8.10.1-12782657) with ExternalDependencyInstrumentingArtifactTransform
Transforming lint-typedef-remover-31.10.1.jar (com.android.tools.lint:lint-typedef-remover:31.10.1) with InstrumentationAnalysisTransform
Transforming lint-typedef-remover-31.10.1.jar (com.android.tools.lint:lint-typedef-remover:31.10.1) with MergeInstrumentationAnalysisTransform
Transforming crash-31.10.1.jar (com.android.tools.analytics-library:crash:31.10.1) with ExternalDependencyInstrumentingArtifactTransform
Transforming databinding-common-8.10.1.jar (androidx.databinding:databinding-common:8.10.1) with InstrumentationAnalysisTransform
Transforming databinding-common-8.10.1.jar (androidx.databinding:databinding-common:8.10.1) with MergeInstrumentationAnalysisTransform
Transforming lint-typedef-remover-31.10.1.jar (com.android.tools.lint:lint-typedef-remover:31.10.1) with ExternalDependencyInstrumentingArtifactTransform
Transforming baseLibrary-8.10.1.jar (com.android.databinding:baseLibrary:8.10.1) with InstrumentationAnalysisTransform
Transforming baseLibrary-8.10.1.jar (com.android.databinding:baseLibrary:8.10.1) with MergeInstrumentationAnalysisTransform
Transforming databinding-common-8.10.1.jar (androidx.databinding:databinding-common:8.10.1) with ExternalDependencyInstrumentingArtifactTransform
Transforming android-device-provider-ddmlib-proto-31.10.1.jar (com.android.tools.utp:android-device-provider-ddmlib-proto:31.10.1) with InstrumentationAnalysisTransform
Transforming android-device-provider-ddmlib-proto-31.10.1.jar (com.android.tools.utp:android-device-provider-ddmlib-proto:31.10.1) with MergeInstrumentationAnalysisTransform
Transforming baseLibrary-8.10.1.jar (com.android.databinding:baseLibrary:8.10.1) with ExternalDependencyInstrumentingArtifactTransform
Transforming android-device-provider-gradle-proto-31.10.1.jar (com.android.tools.utp:android-device-provider-gradle-proto:31.10.1) with InstrumentationAnalysisTransform
Transforming android-device-provider-gradle-proto-31.10.1.jar (com.android.tools.utp:android-device-provider-gradle-proto:31.10.1) with MergeInstrumentationAnalysisTransform
Transforming android-device-provider-profile-proto-31.10.1.jar (com.android.tools.utp:android-device-provider-profile-proto:31.10.1) with InstrumentationAnalysisTransform
Transforming android-device-provider-ddmlib-proto-31.10.1.jar (com.android.tools.utp:android-device-provider-ddmlib-proto:31.10.1) with ExternalDependencyInstrumentingArtifactTransform
Transforming android-device-provider-profile-proto-31.10.1.jar (com.android.tools.utp:android-device-provider-profile-proto:31.10.1) with MergeInstrumentationAnalysisTransform
Transforming android-test-plugin-host-additional-test-output-proto-31.10.1.jar (com.android.tools.utp:android-test-plugin-host-additional-test-output-proto:31.10.1) with InstrumentationAnalysisTransform
Transforming android-device-provider-gradle-proto-31.10.1.jar (com.android.tools.utp:android-device-provider-gradle-proto:31.10.1) with ExternalDependencyInstrumentingArtifactTransform
Transforming android-test-plugin-host-additional-test-output-proto-31.10.1.jar (com.android.tools.utp:android-test-plugin-host-additional-test-output-proto:31.10.1) with MergeInstrumentationAnalysisTransform
Transforming android-test-plugin-host-coverage-proto-31.10.1.jar (com.android.tools.utp:android-test-plugin-host-coverage-proto:31.10.1) with InstrumentationAnalysisTransform
Transforming android-test-plugin-host-coverage-proto-31.10.1.jar (com.android.tools.utp:android-test-plugin-host-coverage-proto:31.10.1) with MergeInstrumentationAnalysisTransform
Transforming android-device-provider-profile-proto-31.10.1.jar (com.android.tools.utp:android-device-provider-profile-proto:31.10.1) with ExternalDependencyInstrumentingArtifactTransform
Transforming android-test-plugin-host-logcat-proto-31.10.1.jar (com.android.tools.utp:android-test-plugin-host-logcat-proto:31.10.1) with InstrumentationAnalysisTransform
Transforming android-test-plugin-host-additional-test-output-proto-31.10.1.jar (com.android.tools.utp:android-test-plugin-host-additional-test-output-proto:31.10.1) with ExternalDependencyInstrumentingArtifactTransform
Transforming android-test-plugin-host-logcat-proto-31.10.1.jar (com.android.tools.utp:android-test-plugin-host-logcat-proto:31.10.1) with MergeInstrumentationAnalysisTransform
Transforming android-test-plugin-host-coverage-proto-31.10.1.jar (com.android.tools.utp:android-test-plugin-host-coverage-proto:31.10.1) with ExternalDependencyInstrumentingArtifactTransform
Transforming android-test-plugin-host-apk-installer-proto-31.10.1.jar (com.android.tools.utp:android-test-plugin-host-apk-installer-proto:31.10.1) with InstrumentationAnalysisTransform
Transforming android-test-plugin-host-logcat-proto-31.10.1.jar (com.android.tools.utp:android-test-plugin-host-logcat-proto:31.10.1) with ExternalDependencyInstrumentingArtifactTransform
Transforming android-test-plugin-host-apk-installer-proto-31.10.1.jar (com.android.tools.utp:android-test-plugin-host-apk-installer-proto:31.10.1) with MergeInstrumentationAnalysisTransform
Transforming transform-api-2.0.0-deprecated-use-gradle-api.jar (com.android.tools.build:transform-api:2.0.0-deprecated-use-gradle-api) with InstrumentationAnalysisTransform
Transforming transform-api-2.0.0-deprecated-use-gradle-api.jar (com.android.tools.build:transform-api:2.0.0-deprecated-use-gradle-api) with MergeInstrumentationAnalysisTransform
Transforming httpmime-4.5.6.jar (org.apache.httpcomponents:httpmime:4.5.6) with InstrumentationAnalysisTransform
Transforming android-test-plugin-host-apk-installer-proto-31.10.1.jar (com.android.tools.utp:android-test-plugin-host-apk-installer-proto:31.10.1) with ExternalDependencyInstrumentingArtifactTransform
Transforming httpmime-4.5.6.jar (org.apache.httpcomponents:httpmime:4.5.6) with MergeInstrumentationAnalysisTransform
Transforming commons-io-2.16.1.jar (commons-io:commons-io:2.16.1) with InstrumentationAnalysisTransform
Transforming commons-io-2.16.1.jar (commons-io:commons-io:2.16.1) with MergeInstrumentationAnalysisTransform
Transforming transform-api-2.0.0-deprecated-use-gradle-api.jar (com.android.tools.build:transform-api:2.0.0-deprecated-use-gradle-api) with ExternalDependencyInstrumentingArtifactTransform
Transforming asm-commons-9.7.1.jar (org.ow2.asm:asm-commons:9.7.1) with InstrumentationAnalysisTransform
Transforming asm-commons-9.7.1.jar (org.ow2.asm:asm-commons:9.7.1) with MergeInstrumentationAnalysisTransform
Transforming httpmime-4.5.6.jar (org.apache.httpcomponents:httpmime:4.5.6) with ExternalDependencyInstrumentingArtifactTransform
Transforming commons-io-2.16.1.jar (commons-io:commons-io:2.16.1) with ExternalDependencyInstrumentingArtifactTransform
Transforming asm-util-9.7.1.jar (org.ow2.asm:asm-util:9.7.1) with InstrumentationAnalysisTransform
Transforming asm-commons-9.7.1.jar (org.ow2.asm:asm-commons:9.7.1) with ExternalDependencyInstrumentingArtifactTransform
Transforming asm-util-9.7.1.jar (org.ow2.asm:asm-util:9.7.1) with MergeInstrumentationAnalysisTransform
Transforming asm-analysis-9.7.1.jar (org.ow2.asm:asm-analysis:9.7.1) with InstrumentationAnalysisTransform
Transforming asm-analysis-9.7.1.jar (org.ow2.asm:asm-analysis:9.7.1) with MergeInstrumentationAnalysisTransform
Transforming asm-tree-9.7.1.jar (org.ow2.asm:asm-tree:9.7.1) with InstrumentationAnalysisTransform
Transforming asm-util-9.7.1.jar (org.ow2.asm:asm-util:9.7.1) with ExternalDependencyInstrumentingArtifactTransform
Transforming asm-tree-9.7.1.jar (org.ow2.asm:asm-tree:9.7.1) with MergeInstrumentationAnalysisTransform
Transforming asm-9.7.1.jar (org.ow2.asm:asm:9.7.1) with InstrumentationAnalysisTransform
Transforming asm-9.7.1.jar (org.ow2.asm:asm:9.7.1) with MergeInstrumentationAnalysisTransform
Transforming apkzlib-8.10.1.jar (com.android.tools.build:apkzlib:8.10.1) with InstrumentationAnalysisTransform
Transforming asm-analysis-9.7.1.jar (org.ow2.asm:asm-analysis:9.7.1) with ExternalDependencyInstrumentingArtifactTransform
Transforming apkzlib-8.10.1.jar (com.android.tools.build:apkzlib:8.10.1) with MergeInstrumentationAnalysisTransform
Transforming asm-tree-9.7.1.jar (org.ow2.asm:asm-tree:9.7.1) with ExternalDependencyInstrumentingArtifactTransform
Transforming bcpkix-jdk18on-1.79.jar (org.bouncycastle:bcpkix-jdk18on:1.79) with InstrumentationAnalysisTransform
Transforming asm-9.7.1.jar (org.ow2.asm:asm:9.7.1) with ExternalDependencyInstrumentingArtifactTransform
Transforming bcpkix-jdk18on-1.79.jar (org.bouncycastle:bcpkix-jdk18on:1.79) with MergeInstrumentationAnalysisTransform
Transforming jaxb-runtime-2.3.2.jar (org.glassfish.jaxb:jaxb-runtime:2.3.2) with InstrumentationAnalysisTransform
Transforming apkzlib-8.10.1.jar (com.android.tools.build:apkzlib:8.10.1) with ExternalDependencyInstrumentingArtifactTransform
Transforming jaxb-runtime-2.3.2.jar (org.glassfish.jaxb:jaxb-runtime:2.3.2) with MergeInstrumentationAnalysisTransform
Transforming jopt-simple-4.9.jar (net.sf.jopt-simple:jopt-simple:4.9) with InstrumentationAnalysisTransform
Transforming bcpkix-jdk18on-1.79.jar (org.bouncycastle:bcpkix-jdk18on:1.79) with ExternalDependencyInstrumentingArtifactTransform
Transforming jopt-simple-4.9.jar (net.sf.jopt-simple:jopt-simple:4.9) with MergeInstrumentationAnalysisTransform
Transforming javapoet-1.10.0.jar (com.squareup:javapoet:1.10.0) with InstrumentationAnalysisTransform
Transforming jaxb-runtime-2.3.2.jar (org.glassfish.jaxb:jaxb-runtime:2.3.2) with ExternalDependencyInstrumentingArtifactTransform
Transforming javapoet-1.10.0.jar (com.squareup:javapoet:1.10.0) with MergeInstrumentationAnalysisTransform
Transforming jopt-simple-4.9.jar (net.sf.jopt-simple:jopt-simple:4.9) with ExternalDependencyInstrumentingArtifactTransform
Transforming grpc-protobuf-1.69.1.jar (io.grpc:grpc-protobuf:1.69.1) with InstrumentationAnalysisTransform
Transforming grpc-protobuf-1.69.1.jar (io.grpc:grpc-protobuf:1.69.1) with MergeInstrumentationAnalysisTransform
Transforming javapoet-1.10.0.jar (com.squareup:javapoet:1.10.0) with ExternalDependencyInstrumentingArtifactTransform
Transforming core-proto-0.0.9-alpha03.jar (com.google.testing.platform:core-proto:0.0.9-alpha03) with InstrumentationAnalysisTransform
Transforming core-proto-0.0.9-alpha03.jar (com.google.testing.platform:core-proto:0.0.9-alpha03) with MergeInstrumentationAnalysisTransform
Transforming protos-31.10.1.jar (com.android.tools.analytics-library:protos:31.10.1) with InstrumentationAnalysisTransform
Transforming grpc-protobuf-1.69.1.jar (io.grpc:grpc-protobuf:1.69.1) with ExternalDependencyInstrumentingArtifactTransform
Transforming protos-31.10.1.jar (com.android.tools.analytics-library:protos:31.10.1) with MergeInstrumentationAnalysisTransform
Transforming core-proto-0.0.9-alpha03.jar (com.google.testing.platform:core-proto:0.0.9-alpha03) with ExternalDependencyInstrumentingArtifactTransform
Transforming proto-google-common-protos-2.48.0.jar (com.google.api.grpc:proto-google-common-protos:2.48.0) with InstrumentationAnalysisTransform
Transforming proto-google-common-protos-2.48.0.jar (com.google.api.grpc:proto-google-common-protos:2.48.0) with MergeInstrumentationAnalysisTransform
Transforming protobuf-java-3.25.5.jar (com.google.protobuf:protobuf-java:3.25.5) with InstrumentationAnalysisTransform
Transforming protos-31.10.1.jar (com.android.tools.analytics-library:protos:31.10.1) with ExternalDependencyInstrumentingArtifactTransform
Transforming protobuf-java-3.25.5.jar (com.google.protobuf:protobuf-java:3.25.5) with MergeInstrumentationAnalysisTransform
Transforming grpc-stub-1.69.1.jar (io.grpc:grpc-stub:1.69.1) with InstrumentationAnalysisTransform
Transforming proto-google-common-protos-2.48.0.jar (com.google.api.grpc:proto-google-common-protos:2.48.0) with ExternalDependencyInstrumentingArtifactTransform
Transforming grpc-stub-1.69.1.jar (io.grpc:grpc-stub:1.69.1) with MergeInstrumentationAnalysisTransform
Transforming tensorflow-lite-metadata-0.2.0.jar (org.tensorflow:tensorflow-lite-metadata:0.2.0) with InstrumentationAnalysisTransform
Transforming protobuf-java-3.25.5.jar (com.google.protobuf:protobuf-java:3.25.5) with ExternalDependencyInstrumentingArtifactTransform
Transforming tensorflow-lite-metadata-0.2.0.jar (org.tensorflow:tensorflow-lite-metadata:0.2.0) with MergeInstrumentationAnalysisTransform
Transforming flatbuffers-java-1.12.0.jar (com.google.flatbuffers:flatbuffers-java:1.12.0) with InstrumentationAnalysisTransform
Transforming grpc-stub-1.69.1.jar (io.grpc:grpc-stub:1.69.1) with ExternalDependencyInstrumentingArtifactTransform
Transforming tensorflow-lite-metadata-0.2.0.jar (org.tensorflow:tensorflow-lite-metadata:0.2.0) with ExternalDependencyInstrumentingArtifactTransform
Transforming flatbuffers-java-1.12.0.jar (com.google.flatbuffers:flatbuffers-java:1.12.0) with MergeInstrumentationAnalysisTransform
Transforming jimfs-1.1.jar (com.google.jimfs:jimfs:1.1) with InstrumentationAnalysisTransform
Transforming flatbuffers-java-1.12.0.jar (com.google.flatbuffers:flatbuffers-java:1.12.0) with ExternalDependencyInstrumentingArtifactTransform
Transforming jimfs-1.1.jar (com.google.jimfs:jimfs:1.1) with MergeInstrumentationAnalysisTransform
Transforming grpc-context-1.69.1.jar (io.grpc:grpc-context:1.69.1) with InstrumentationAnalysisTransform
Transforming grpc-context-1.69.1.jar (io.grpc:grpc-context:1.69.1) with MergeInstrumentationAnalysisTransform
Transforming grpc-protobuf-lite-1.69.1.jar (io.grpc:grpc-protobuf-lite:1.69.1) with InstrumentationAnalysisTransform
Transforming jimfs-1.1.jar (com.google.jimfs:jimfs:1.1) with ExternalDependencyInstrumentingArtifactTransform
Transforming grpc-protobuf-lite-1.69.1.jar (io.grpc:grpc-protobuf-lite:1.69.1) with MergeInstrumentationAnalysisTransform
Transforming grpc-api-1.69.1.jar (io.grpc:grpc-api:1.69.1) with InstrumentationAnalysisTransform
Transforming grpc-context-1.69.1.jar (io.grpc:grpc-context:1.69.1) with ExternalDependencyInstrumentingArtifactTransform
Transforming grpc-api-1.69.1.jar (io.grpc:grpc-api:1.69.1) with MergeInstrumentationAnalysisTransform
Transforming guava-33.3.1-jre.jar (com.google.guava:guava:33.3.1-jre) with InstrumentationAnalysisTransform
Transforming grpc-protobuf-lite-1.69.1.jar (io.grpc:grpc-protobuf-lite:1.69.1) with ExternalDependencyInstrumentingArtifactTransform
Transforming guava-33.3.1-jre.jar (com.google.guava:guava:33.3.1-jre) with MergeInstrumentationAnalysisTransform
Transforming grpc-api-1.69.1.jar (io.grpc:grpc-api:1.69.1) with ExternalDependencyInstrumentingArtifactTransform
Transforming error_prone_annotations-2.30.0.jar (com.google.errorprone:error_prone_annotations:2.30.0) with InstrumentationAnalysisTransform
Transforming error_prone_annotations-2.30.0.jar (com.google.errorprone:error_prone_annotations:2.30.0) with MergeInstrumentationAnalysisTransform
Transforming guava-33.3.1-jre.jar (com.google.guava:guava:33.3.1-jre) with ExternalDependencyInstrumentingArtifactTransform
Transforming dagger-2.28.3.jar (com.google.dagger:dagger:2.28.3) with InstrumentationAnalysisTransform
Transforming dagger-2.28.3.jar (com.google.dagger:dagger:2.28.3) with MergeInstrumentationAnalysisTransform
Transforming javax.inject-1.jar (javax.inject:javax.inject:1) with InstrumentationAnalysisTransform
Transforming javax.inject-1.jar (javax.inject:javax.inject:1) with MergeInstrumentationAnalysisTransform
Transforming dagger-2.28.3.jar (com.google.dagger:dagger:2.28.3) with ExternalDependencyInstrumentingArtifactTransform
Transforming error_prone_annotations-2.30.0.jar (com.google.errorprone:error_prone_annotations:2.30.0) with ExternalDependencyInstrumentingArtifactTransform
Transforming kxml2-2.3.0.jar (net.sf.kxml:kxml2:2.3.0) with InstrumentationAnalysisTransform
Transforming javax.inject-1.jar (javax.inject:javax.inject:1) with ExternalDependencyInstrumentingArtifactTransform
Transforming kxml2-2.3.0.jar (net.sf.kxml:kxml2:2.3.0) with MergeInstrumentationAnalysisTransform
Transforming commons-compress-1.21.jar (org.apache.commons:commons-compress:1.21) with InstrumentationAnalysisTransform
Transforming commons-compress-1.21.jar (org.apache.commons:commons-compress:1.21) with MergeInstrumentationAnalysisTransform
Transforming bcutil-jdk18on-1.79.jar (org.bouncycastle:bcutil-jdk18on:1.79) with InstrumentationAnalysisTransform
Transforming kxml2-2.3.0.jar (net.sf.kxml:kxml2:2.3.0) with ExternalDependencyInstrumentingArtifactTransform
Transforming bcutil-jdk18on-1.79.jar (org.bouncycastle:bcutil-jdk18on:1.79) with MergeInstrumentationAnalysisTransform
Transforming bcprov-jdk18on-1.79.jar (org.bouncycastle:bcprov-jdk18on:1.79) with InstrumentationAnalysisTransform
Transforming commons-compress-1.21.jar (org.apache.commons:commons-compress:1.21) with ExternalDependencyInstrumentingArtifactTransform
Transforming bcprov-jdk18on-1.79.jar (org.bouncycastle:bcprov-jdk18on:1.79) with MergeInstrumentationAnalysisTransform
Transforming httpclient-4.5.14.jar (org.apache.httpcomponents:httpclient:4.5.14) with InstrumentationAnalysisTransform
Transforming bcutil-jdk18on-1.79.jar (org.bouncycastle:bcutil-jdk18on:1.79) with ExternalDependencyInstrumentingArtifactTransform
Transforming httpclient-4.5.14.jar (org.apache.httpcomponents:httpclient:4.5.14) with MergeInstrumentationAnalysisTransform
Transforming httpcore-4.4.16.jar (org.apache.httpcomponents:httpcore:4.4.16) with InstrumentationAnalysisTransform
Transforming bcprov-jdk18on-1.79.jar (org.bouncycastle:bcprov-jdk18on:1.79) with ExternalDependencyInstrumentingArtifactTransform
Transforming httpcore-4.4.16.jar (org.apache.httpcomponents:httpcore:4.4.16) with MergeInstrumentationAnalysisTransform
Transforming httpclient-4.5.14.jar (org.apache.httpcomponents:httpclient:4.5.14) with ExternalDependencyInstrumentingArtifactTransform
Transforming javax.activation-1.2.0.jar (com.sun.activation:javax.activation:1.2.0) with InstrumentationAnalysisTransform
Transforming javax.activation-1.2.0.jar (com.sun.activation:javax.activation:1.2.0) with MergeInstrumentationAnalysisTransform
Transforming signflinger-8.10.1.jar (com.android:signflinger:8.10.1) with InstrumentationAnalysisTransform
Transforming signflinger-8.10.1.jar (com.android:signflinger:8.10.1) with MergeInstrumentationAnalysisTransform
Transforming zipflinger-8.10.1.jar (com.android:zipflinger:8.10.1) with InstrumentationAnalysisTransform
Transforming httpcore-4.4.16.jar (org.apache.httpcomponents:httpcore:4.4.16) with ExternalDependencyInstrumentingArtifactTransform
Transforming zipflinger-8.10.1.jar (com.android:zipflinger:8.10.1) with MergeInstrumentationAnalysisTransform
Transforming javax.activation-1.2.0.jar (com.sun.activation:javax.activation:1.2.0) with ExternalDependencyInstrumentingArtifactTransform
Transforming annotations-31.10.1.jar (com.android.tools:annotations:31.10.1) with InstrumentationAnalysisTransform
Transforming signflinger-8.10.1.jar (com.android:signflinger:8.10.1) with ExternalDependencyInstrumentingArtifactTransform
Transforming annotations-31.10.1.jar (com.android.tools:annotations:31.10.1) with MergeInstrumentationAnalysisTransform
Transforming jna-platform-5.6.0.jar (net.java.dev.jna:jna-platform:5.6.0) with InstrumentationAnalysisTransform
Transforming jna-platform-5.6.0.jar (net.java.dev.jna:jna-platform:5.6.0) with MergeInstrumentationAnalysisTransform
Transforming juniversalchardet-1.0.3.jar (com.googlecode.juniversalchardet:juniversalchardet:1.0.3) with InstrumentationAnalysisTransform
Transforming zipflinger-8.10.1.jar (com.android:zipflinger:8.10.1) with ExternalDependencyInstrumentingArtifactTransform
Transforming juniversalchardet-1.0.3.jar (com.googlecode.juniversalchardet:juniversalchardet:1.0.3) with MergeInstrumentationAnalysisTransform
Transforming javax.annotation-api-1.3.2.jar (javax.annotation:javax.annotation-api:1.3.2) with InstrumentationAnalysisTransform
Transforming annotations-31.10.1.jar (com.android.tools:annotations:31.10.1) with ExternalDependencyInstrumentingArtifactTransform
Transforming javax.annotation-api-1.3.2.jar (javax.annotation:javax.annotation-api:1.3.2) with MergeInstrumentationAnalysisTransform
Transforming stax-ex-1.8.1.jar (org.jvnet.staxex:stax-ex:1.8.1) with InstrumentationAnalysisTransform
Transforming jna-platform-5.6.0.jar (net.java.dev.jna:jna-platform:5.6.0) with ExternalDependencyInstrumentingArtifactTransform
Transforming stax-ex-1.8.1.jar (org.jvnet.staxex:stax-ex:1.8.1) with MergeInstrumentationAnalysisTransform
Transforming jakarta.xml.bind-api-2.3.2.jar (jakarta.xml.bind:jakarta.xml.bind-api:2.3.2) with InstrumentationAnalysisTransform
Transforming juniversalchardet-1.0.3.jar (com.googlecode.juniversalchardet:juniversalchardet:1.0.3) with ExternalDependencyInstrumentingArtifactTransform
Transforming javax.annotation-api-1.3.2.jar (javax.annotation:javax.annotation-api:1.3.2) with ExternalDependencyInstrumentingArtifactTransform
Transforming jakarta.xml.bind-api-2.3.2.jar (jakarta.xml.bind:jakarta.xml.bind-api:2.3.2) with MergeInstrumentationAnalysisTransform
Transforming txw2-2.3.2.jar (org.glassfish.jaxb:txw2:2.3.2) with InstrumentationAnalysisTransform
Transforming stax-ex-1.8.1.jar (org.jvnet.staxex:stax-ex:1.8.1) with ExternalDependencyInstrumentingArtifactTransform
Transforming txw2-2.3.2.jar (org.glassfish.jaxb:txw2:2.3.2) with MergeInstrumentationAnalysisTransform
Transforming jakarta.xml.bind-api-2.3.2.jar (jakarta.xml.bind:jakarta.xml.bind-api:2.3.2) with ExternalDependencyInstrumentingArtifactTransform
Transforming istack-commons-runtime-3.0.8.jar (com.sun.istack:istack-commons-runtime:3.0.8) with InstrumentationAnalysisTransform
Transforming istack-commons-runtime-3.0.8.jar (com.sun.istack:istack-commons-runtime:3.0.8) with MergeInstrumentationAnalysisTransform
Transforming txw2-2.3.2.jar (org.glassfish.jaxb:txw2:2.3.2) with ExternalDependencyInstrumentingArtifactTransform
Transforming istack-commons-runtime-3.0.8.jar (com.sun.istack:istack-commons-runtime:3.0.8) with ExternalDependencyInstrumentingArtifactTransform
Transforming FastInfoset-1.2.16.jar (com.sun.xml.fastinfoset:FastInfoset:1.2.16) with InstrumentationAnalysisTransform
Transforming FastInfoset-1.2.16.jar (com.sun.xml.fastinfoset:FastInfoset:1.2.16) with MergeInstrumentationAnalysisTransform
Transforming jakarta.activation-api-1.2.1.jar (jakarta.activation:jakarta.activation-api:1.2.1) with InstrumentationAnalysisTransform
Transforming jakarta.activation-api-1.2.1.jar (jakarta.activation:jakarta.activation-api:1.2.1) with MergeInstrumentationAnalysisTransform
Transforming auto-value-annotations-1.6.2.jar (com.google.auto.value:auto-value-annotations:1.6.2) with InstrumentationAnalysisTransform
Transforming FastInfoset-1.2.16.jar (com.sun.xml.fastinfoset:FastInfoset:1.2.16) with ExternalDependencyInstrumentingArtifactTransform
Transforming auto-value-annotations-1.6.2.jar (com.google.auto.value:auto-value-annotations:1.6.2) with MergeInstrumentationAnalysisTransform
Transforming jakarta.activation-api-1.2.1.jar (jakarta.activation:jakarta.activation-api:1.2.1) with ExternalDependencyInstrumentingArtifactTransform
Transforming jose4j-0.9.5.jar (org.bitbucket.b_c:jose4j:0.9.5) with InstrumentationAnalysisTransform
Transforming jose4j-0.9.5.jar (org.bitbucket.b_c:jose4j:0.9.5) with MergeInstrumentationAnalysisTransform
Transforming slf4j-api-1.7.30.jar (org.slf4j:slf4j-api:1.7.30) with InstrumentationAnalysisTransform
Transforming auto-value-annotations-1.6.2.jar (com.google.auto.value:auto-value-annotations:1.6.2) with ExternalDependencyInstrumentingArtifactTransform
Transforming slf4j-api-1.7.30.jar (org.slf4j:slf4j-api:1.7.30) with MergeInstrumentationAnalysisTransform
Transforming jdom2-2.0.6.jar (org.jdom:jdom2:2.0.6) with InstrumentationAnalysisTransform
Transforming jose4j-0.9.5.jar (org.bitbucket.b_c:jose4j:0.9.5) with ExternalDependencyInstrumentingArtifactTransform
Transforming jdom2-2.0.6.jar (org.jdom:jdom2:2.0.6) with MergeInstrumentationAnalysisTransform
Transforming slf4j-api-1.7.30.jar (org.slf4j:slf4j-api:1.7.30) with ExternalDependencyInstrumentingArtifactTransform
Transforming jsr305-3.0.2.jar (com.google.code.findbugs:jsr305:3.0.2) with InstrumentationAnalysisTransform
Transforming jsr305-3.0.2.jar (com.google.code.findbugs:jsr305:3.0.2) with MergeInstrumentationAnalysisTransform
Transforming j2objc-annotations-3.0.0.jar (com.google.j2objc:j2objc-annotations:3.0.0) with InstrumentationAnalysisTransform
Transforming j2objc-annotations-3.0.0.jar (com.google.j2objc:j2objc-annotations:3.0.0) with MergeInstrumentationAnalysisTransform
Transforming jdom2-2.0.6.jar (org.jdom:jdom2:2.0.6) with ExternalDependencyInstrumentingArtifactTransform
Transforming jsr305-3.0.2.jar (com.google.code.findbugs:jsr305:3.0.2) with ExternalDependencyInstrumentingArtifactTransform
Transforming annotations-4.1.1.4.jar (com.google.android:annotations:4.1.1.4) with InstrumentationAnalysisTransform
Transforming j2objc-annotations-3.0.0.jar (com.google.j2objc:j2objc-annotations:3.0.0) with ExternalDependencyInstrumentingArtifactTransform
Transforming annotations-4.1.1.4.jar (com.google.android:annotations:4.1.1.4) with MergeInstrumentationAnalysisTransform
Transforming animal-sniffer-annotations-1.24.jar (org.codehaus.mojo:animal-sniffer-annotations:1.24) with InstrumentationAnalysisTransform
Transforming animal-sniffer-annotations-1.24.jar (org.codehaus.mojo:animal-sniffer-annotations:1.24) with MergeInstrumentationAnalysisTransform
Transforming perfmark-api-0.27.0.jar (io.perfmark:perfmark-api:0.27.0) with InstrumentationAnalysisTransform
Transforming annotations-4.1.1.4.jar (com.google.android:annotations:4.1.1.4) with ExternalDependencyInstrumentingArtifactTransform
Transforming perfmark-api-0.27.0.jar (io.perfmark:perfmark-api:0.27.0) with MergeInstrumentationAnalysisTransform
Transforming netty-codec-http2-4.1.110.Final.jar (io.netty:netty-codec-http2:4.1.110.Final) with InstrumentationAnalysisTransform
Transforming netty-codec-http2-4.1.110.Final.jar (io.netty:netty-codec-http2:4.1.110.Final) with MergeInstrumentationAnalysisTransform
Transforming perfmark-api-0.27.0.jar (io.perfmark:perfmark-api:0.27.0) with ExternalDependencyInstrumentingArtifactTransform
Transforming animal-sniffer-annotations-1.24.jar (org.codehaus.mojo:animal-sniffer-annotations:1.24) with ExternalDependencyInstrumentingArtifactTransform
Transforming netty-handler-proxy-4.1.110.Final.jar (io.netty:netty-handler-proxy:4.1.110.Final) with InstrumentationAnalysisTransform
Transforming netty-handler-proxy-4.1.110.Final.jar (io.netty:netty-handler-proxy:4.1.110.Final) with MergeInstrumentationAnalysisTransform
Transforming netty-codec-http2-4.1.110.Final.jar (io.netty:netty-codec-http2:4.1.110.Final) with ExternalDependencyInstrumentingArtifactTransform
Transforming netty-codec-http-4.1.110.Final.jar (io.netty:netty-codec-http:4.1.110.Final) with InstrumentationAnalysisTransform
Transforming netty-codec-http-4.1.110.Final.jar (io.netty:netty-codec-http:4.1.110.Final) with MergeInstrumentationAnalysisTransform
Transforming netty-handler-proxy-4.1.110.Final.jar (io.netty:netty-handler-proxy:4.1.110.Final) with ExternalDependencyInstrumentingArtifactTransform
Transforming netty-handler-4.1.110.Final.jar (io.netty:netty-handler:4.1.110.Final) with InstrumentationAnalysisTransform
Transforming netty-handler-4.1.110.Final.jar (io.netty:netty-handler:4.1.110.Final) with MergeInstrumentationAnalysisTransform
Transforming netty-codec-http-4.1.110.Final.jar (io.netty:netty-codec-http:4.1.110.Final) with ExternalDependencyInstrumentingArtifactTransform
Transforming netty-transport-native-unix-common-4.1.110.Final.jar (io.netty:netty-transport-native-unix-common:4.1.110.Final) with InstrumentationAnalysisTransform
Transforming netty-handler-4.1.110.Final.jar (io.netty:netty-handler:4.1.110.Final) with ExternalDependencyInstrumentingArtifactTransform
Transforming netty-transport-native-unix-common-4.1.110.Final.jar (io.netty:netty-transport-native-unix-common:4.1.110.Final) with MergeInstrumentationAnalysisTransform
Transforming checker-qual-3.43.0.jar (org.checkerframework:checker-qual:3.43.0) with InstrumentationAnalysisTransform
Transforming netty-transport-native-unix-common-4.1.110.Final.jar (io.netty:netty-transport-native-unix-common:4.1.110.Final) with ExternalDependencyInstrumentingArtifactTransform
Transforming checker-qual-3.43.0.jar (org.checkerframework:checker-qual:3.43.0) with MergeInstrumentationAnalysisTransform
Transforming apksig-8.10.1.jar (com.android.tools.build:apksig:8.10.1) with InstrumentationAnalysisTransform
Transforming apksig-8.10.1.jar (com.android.tools.build:apksig:8.10.1) with MergeInstrumentationAnalysisTransform
Transforming checker-qual-3.43.0.jar (org.checkerframework:checker-qual:3.43.0) with ExternalDependencyInstrumentingArtifactTransform
Transforming javawriter-2.5.0.jar (com.squareup:javawriter:2.5.0) with InstrumentationAnalysisTransform
Transforming javawriter-2.5.0.jar (com.squareup:javawriter:2.5.0) with MergeInstrumentationAnalysisTransform
Transforming failureaccess-1.0.2.jar (com.google.guava:failureaccess:1.0.2) with InstrumentationAnalysisTransform
Transforming failureaccess-1.0.2.jar (com.google.guava:failureaccess:1.0.2) with MergeInstrumentationAnalysisTransform
Transforming apksig-8.10.1.jar (com.android.tools.build:apksig:8.10.1) with ExternalDependencyInstrumentingArtifactTransform
Transforming listenablefuture-9999.0-empty-to-avoid-conflict-with-guava.jar (com.google.guava:listenablefuture:9999.0-empty-to-avoid-conflict-with-guava) with InstrumentationAnalysisTransform
Transforming failureaccess-1.0.2.jar (com.google.guava:failureaccess:1.0.2) with ExternalDependencyInstrumentingArtifactTransform
Transforming javawriter-2.5.0.jar (com.squareup:javawriter:2.5.0) with ExternalDependencyInstrumentingArtifactTransform
Transforming listenablefuture-9999.0-empty-to-avoid-conflict-with-guava.jar (com.google.guava:listenablefuture:9999.0-empty-to-avoid-conflict-with-guava) with MergeInstrumentationAnalysisTransform
Transforming commons-logging-1.2.jar (commons-logging:commons-logging:1.2) with InstrumentationAnalysisTransform
Transforming commons-logging-1.2.jar (commons-logging:commons-logging:1.2) with MergeInstrumentationAnalysisTransform
Transforming commons-codec-1.11.jar (commons-codec:commons-codec:1.11) with InstrumentationAnalysisTransform
Transforming commons-codec-1.11.jar (commons-codec:commons-codec:1.11) with MergeInstrumentationAnalysisTransform
Transforming listenablefuture-9999.0-empty-to-avoid-conflict-with-guava.jar (com.google.guava:listenablefuture:9999.0-empty-to-avoid-conflict-with-guava) with ExternalDependencyInstrumentingArtifactTransform
Transforming jna-5.6.0.jar (net.java.dev.jna:jna:5.6.0) with InstrumentationAnalysisTransform
Transforming commons-logging-1.2.jar (commons-logging:commons-logging:1.2) with ExternalDependencyInstrumentingArtifactTransform
Transforming jna-5.6.0.jar (net.java.dev.jna:jna:5.6.0) with MergeInstrumentationAnalysisTransform
Transforming commons-codec-1.11.jar (commons-codec:commons-codec:1.11) with ExternalDependencyInstrumentingArtifactTransform
Transforming netty-codec-socks-4.1.110.Final.jar (io.netty:netty-codec-socks:4.1.110.Final) with InstrumentationAnalysisTransform
Transforming netty-codec-socks-4.1.110.Final.jar (io.netty:netty-codec-socks:4.1.110.Final) with MergeInstrumentationAnalysisTransform
Transforming netty-codec-4.1.110.Final.jar (io.netty:netty-codec:4.1.110.Final) with InstrumentationAnalysisTransform
Transforming jna-5.6.0.jar (net.java.dev.jna:jna:5.6.0) with ExternalDependencyInstrumentingArtifactTransform
Transforming netty-codec-4.1.110.Final.jar (io.netty:netty-codec:4.1.110.Final) with MergeInstrumentationAnalysisTransform
Transforming netty-transport-4.1.110.Final.jar (io.netty:netty-transport:4.1.110.Final) with InstrumentationAnalysisTransform
Transforming netty-codec-socks-4.1.110.Final.jar (io.netty:netty-codec-socks:4.1.110.Final) with ExternalDependencyInstrumentingArtifactTransform
Transforming netty-codec-4.1.110.Final.jar (io.netty:netty-codec:4.1.110.Final) with ExternalDependencyInstrumentingArtifactTransform
Transforming netty-transport-4.1.110.Final.jar (io.netty:netty-transport:4.1.110.Final) with MergeInstrumentationAnalysisTransform
Transforming netty-buffer-4.1.110.Final.jar (io.netty:netty-buffer:4.1.110.Final) with InstrumentationAnalysisTransform
Transforming netty-buffer-4.1.110.Final.jar (io.netty:netty-buffer:4.1.110.Final) with MergeInstrumentationAnalysisTransform
Transforming netty-resolver-4.1.110.Final.jar (io.netty:netty-resolver:4.1.110.Final) with InstrumentationAnalysisTransform
Transforming netty-resolver-4.1.110.Final.jar (io.netty:netty-resolver:4.1.110.Final) with MergeInstrumentationAnalysisTransform
Transforming netty-transport-4.1.110.Final.jar (io.netty:netty-transport:4.1.110.Final) with ExternalDependencyInstrumentingArtifactTransform
Transforming netty-common-4.1.110.Final.jar (io.netty:netty-common:4.1.110.Final) with InstrumentationAnalysisTransform
Transforming netty-buffer-4.1.110.Final.jar (io.netty:netty-buffer:4.1.110.Final) with ExternalDependencyInstrumentingArtifactTransform
Transforming netty-common-4.1.110.Final.jar (io.netty:netty-common:4.1.110.Final) with MergeInstrumentationAnalysisTransform
Transforming netty-resolver-4.1.110.Final.jar (io.netty:netty-resolver:4.1.110.Final) with ExternalDependencyInstrumentingArtifactTransform
Transforming netty-common-4.1.110.Final.jar (io.netty:netty-common:4.1.110.Final) with ExternalDependencyInstrumentingArtifactTransform
Transforming plugins.jar (project :build-logic:plugins) with ProjectDependencyInstrumentingArtifactTransform
Transforming tools.jar (project :build-logic:tools) with ProjectDependencyInstrumentingArtifactTransform
Using default execution profile
Using Kotlin Gradle Plugin gradle811 variant

> Configure project :spinner-app
Evaluating project ':spinner-app' using build file '/home/lollerfirst/Signal-Android/spinner/app/build.gradle.kts'.
Transforming classes with InstrumentationAnalysisTransform
Transforming classes with InstrumentationAnalysisTransform
Transforming gradle-8.10.1.jar (com.android.tools.build:gradle:8.10.1) with InstrumentationAnalysisTransform
Transforming gradle-settings-api-8.10.1.jar (com.android.tools.build:gradle-settings-api:8.10.1) with InstrumentationAnalysisTransform
Transforming lint-model-31.10.1.jar (com.android.tools.lint:lint-model:31.10.1) with InstrumentationAnalysisTransform
Transforming builder-8.10.1.jar (com.android.tools.build:builder:8.10.1) with InstrumentationAnalysisTransform
Transforming manifest-merger-31.10.1.jar (com.android.tools.build:manifest-merger:31.10.1) with InstrumentationAnalysisTransform
Transforming sdk-common-31.10.1.jar (com.android.tools:sdk-common:31.10.1) with InstrumentationAnalysisTransform
Transforming sdklib-31.10.1.jar (com.android.tools:sdklib:31.10.1) with InstrumentationAnalysisTransform
Transforming repository-31.10.1.jar (com.android.tools:repository:31.10.1) with InstrumentationAnalysisTransform
Transforming aaptcompiler-8.10.1.jar (com.android.tools.build:aaptcompiler:8.10.1) with InstrumentationAnalysisTransform
Transforming tracker-31.10.1.jar (com.android.tools.analytics-library:tracker:31.10.1) with InstrumentationAnalysisTransform
Transforming shared-31.10.1.jar (com.android.tools.analytics-library:shared:31.10.1) with InstrumentationAnalysisTransform
Transforming databinding-compiler-common-8.10.1.jar (androidx.databinding:databinding-compiler-common:8.10.1) with InstrumentationAnalysisTransform
Transforming android-test-plugin-host-emulator-control-proto-31.10.1.jar (com.android.tools.utp:android-test-plugin-host-emulator-control-proto:31.10.1) with InstrumentationAnalysisTransform
Transforming builder-model-8.10.1.jar (com.android.tools.build:builder-model:8.10.1) with InstrumentationAnalysisTransform
Transforming gradle-api-8.10.1.jar (com.android.tools.build:gradle-api:8.10.1) with InstrumentationAnalysisTransform
Transforming builder-test-api-8.10.1.jar (com.android.tools.build:builder-test-api:8.10.1) with InstrumentationAnalysisTransform
Transforming ddmlib-31.10.1.jar (com.android.tools.ddms:ddmlib:31.10.1) with InstrumentationAnalysisTransform
Transforming layoutlib-api-31.10.1.jar (com.android.tools.layoutlib:layoutlib-api:31.10.1) with InstrumentationAnalysisTransform
Transforming dvlib-31.10.1.jar (com.android.tools:dvlib:31.10.1) with InstrumentationAnalysisTransform
Transforming common-31.10.1.jar (com.android.tools:common:31.10.1) with InstrumentationAnalysisTransform
Transforming kotlin-stdlib-jdk8-2.1.0.jar (org.jetbrains.kotlin:kotlin-stdlib-jdk8:2.1.0) with InstrumentationAnalysisTransform
Transforming jetifier-processor-1.0.0-beta10.jar (com.android.tools.build.jetifier:jetifier-processor:1.0.0-beta10) with InstrumentationAnalysisTransform
Transforming jetifier-core-1.0.0-beta10.jar (com.android.tools.build.jetifier:jetifier-core:1.0.0-beta10) with InstrumentationAnalysisTransform
Transforming kotlin-reflect-2.0.20.jar (org.jetbrains.kotlin:kotlin-reflect:2.0.20) with InstrumentationAnalysisTransform
Transforming kotlin-stdlib-jdk7-2.1.0.jar (org.jetbrains.kotlin:kotlin-stdlib-jdk7:2.1.0) with InstrumentationAnalysisTransform
Transforming kotlin-stdlib-2.0.20.jar (org.jetbrains.kotlin:kotlin-stdlib:2.0.20) with InstrumentationAnalysisTransform
Transforming annotations-13.0.jar (org.jetbrains:annotations:13.0) with InstrumentationAnalysisTransform
Transforming kotlin-gradle-plugin-model-2.2.20.jar (org.jetbrains.kotlin:kotlin-gradle-plugin-model:2.2.20) with InstrumentationAnalysisTransform
Transforming fus-statistics-gradle-plugin-2.2.20-gradle811.jar (org.jetbrains.kotlin:fus-statistics-gradle-plugin:2.2.20) with InstrumentationAnalysisTransform
Transforming kotlin-gradle-plugin-api-2.2.20.jar (org.jetbrains.kotlin:kotlin-gradle-plugin-api:2.2.20) with InstrumentationAnalysisTransform
Transforming kotlin-gradle-plugin-api-2.2.20-gradle811.jar (org.jetbrains.kotlin:kotlin-gradle-plugin-api:2.2.20) with InstrumentationAnalysisTransform
Transforming kotlin-gradle-plugin-2.2.20-gradle811.jar (org.jetbrains.kotlin:kotlin-gradle-plugin:2.2.20) with InstrumentationAnalysisTransform
Transforming ktlint-gradle-12.1.1.jar (org.jlleitschuh.gradle:ktlint-gradle:12.1.1) with InstrumentationAnalysisTransform
Transforming kotlin-gradle-plugin-idea-proto-2.2.20.jar (org.jetbrains.kotlin:kotlin-gradle-plugin-idea-proto:2.2.20) with InstrumentationAnalysisTransform
Transforming kotlin-gradle-plugin-idea-2.2.20.jar (org.jetbrains.kotlin:kotlin-gradle-plugin-idea:2.2.20) with InstrumentationAnalysisTransform
Transforming kotlin-klib-commonizer-api-2.2.20.jar (org.jetbrains.kotlin:kotlin-klib-commonizer-api:2.2.20) with InstrumentationAnalysisTransform
Transforming kotlin-build-statistics-2.2.20.jar (org.jetbrains.kotlin:kotlin-build-statistics:2.2.20) with InstrumentationAnalysisTransform
Transforming kotlin-util-klib-metadata-2.2.20.jar (org.jetbrains.kotlin:kotlin-util-klib-metadata:2.2.20) with InstrumentationAnalysisTransform
Transforming abi-tools-api-2.2.20.jar (org.jetbrains.kotlin:abi-tools-api:2.2.20) with InstrumentationAnalysisTransform
Transforming kotlin-compiler-runner-2.2.20.jar (org.jetbrains.kotlin:kotlin-compiler-runner:2.2.20) with InstrumentationAnalysisTransform
Transforming dnsjava-2.1.9.jar (dnsjava:dnsjava:2.1.9) with InstrumentationAnalysisTransform
Transforming kotlin-gradle-plugin-annotations-2.2.20.jar (org.jetbrains.kotlin:kotlin-gradle-plugin-annotations:2.2.20) with InstrumentationAnalysisTransform
Transforming kotlin-native-utils-2.2.20.jar (org.jetbrains.kotlin:kotlin-native-utils:2.2.20) with InstrumentationAnalysisTransform
Transforming kotlin-tooling-core-2.2.20.jar (org.jetbrains.kotlin:kotlin-tooling-core:2.2.20) with InstrumentationAnalysisTransform
Transforming kotlin-build-tools-api-2.2.20.jar (org.jetbrains.kotlin:kotlin-build-tools-api:2.2.20) with InstrumentationAnalysisTransform
Transforming android-test-plugin-result-listener-gradle-proto-31.10.1.jar (com.android.tools.utp:android-test-plugin-result-listener-gradle-proto:31.10.1) with InstrumentationAnalysisTransform
Transforming bundletool-1.18.0.jar (com.android.tools.build:bundletool:1.18.0) with InstrumentationAnalysisTransform
Transforming protobuf-java-util-3.25.5.jar (com.google.protobuf:protobuf-java-util:3.25.5) with InstrumentationAnalysisTransform
Transforming grpc-netty-1.69.1.jar (io.grpc:grpc-netty:1.69.1) with InstrumentationAnalysisTransform
Transforming grpc-inprocess-1.69.1.jar (io.grpc:grpc-inprocess:1.69.1) with InstrumentationAnalysisTransform
Transforming grpc-util-1.69.1.jar (io.grpc:grpc-util:1.69.1) with InstrumentationAnalysisTransform
Transforming grpc-core-1.69.1.jar (io.grpc:grpc-core:1.69.1) with InstrumentationAnalysisTransform
Transforming tink-1.7.0.jar (com.google.crypto.tink:tink:1.7.0) with InstrumentationAnalysisTransform
Transforming gson-2.11.0.jar (com.google.code.gson:gson:2.11.0) with InstrumentationAnalysisTransform
Transforming kotlin-util-klib-2.2.20.jar (org.jetbrains.kotlin:kotlin-util-klib:2.2.20) with InstrumentationAnalysisTransform
Transforming kotlin-util-io-2.2.20.jar (org.jetbrains.kotlin:kotlin-util-io:2.2.20) with InstrumentationAnalysisTransform
Transforming kotlin-daemon-client-2.2.20.jar (org.jetbrains.kotlin:kotlin-daemon-client:2.2.20) with InstrumentationAnalysisTransform
Transforming kotlinx-coroutines-core-jvm-1.8.0.jar (org.jetbrains.kotlinx:kotlinx-coroutines-core-jvm:1.8.0) with InstrumentationAnalysisTransform
Transforming aapt2-proto-8.10.1-12782657.jar (com.android.tools.build:aapt2-proto:8.10.1-12782657) with InstrumentationAnalysisTransform
Transforming crash-31.10.1.jar (com.android.tools.analytics-library:crash:31.10.1) with InstrumentationAnalysisTransform
Transforming lint-typedef-remover-31.10.1.jar (com.android.tools.lint:lint-typedef-remover:31.10.1) with InstrumentationAnalysisTransform
Transforming databinding-common-8.10.1.jar (androidx.databinding:databinding-common:8.10.1) with InstrumentationAnalysisTransform
Transforming baseLibrary-8.10.1.jar (com.android.databinding:baseLibrary:8.10.1) with InstrumentationAnalysisTransform
Transforming android-device-provider-ddmlib-proto-31.10.1.jar (com.android.tools.utp:android-device-provider-ddmlib-proto:31.10.1) with InstrumentationAnalysisTransform
Transforming android-device-provider-gradle-proto-31.10.1.jar (com.android.tools.utp:android-device-provider-gradle-proto:31.10.1) with InstrumentationAnalysisTransform
Transforming android-device-provider-profile-proto-31.10.1.jar (com.android.tools.utp:android-device-provider-profile-proto:31.10.1) with InstrumentationAnalysisTransform
Transforming android-test-plugin-host-additional-test-output-proto-31.10.1.jar (com.android.tools.utp:android-test-plugin-host-additional-test-output-proto:31.10.1) with InstrumentationAnalysisTransform
Transforming android-test-plugin-host-coverage-proto-31.10.1.jar (com.android.tools.utp:android-test-plugin-host-coverage-proto:31.10.1) with InstrumentationAnalysisTransform
Transforming android-test-plugin-host-logcat-proto-31.10.1.jar (com.android.tools.utp:android-test-plugin-host-logcat-proto:31.10.1) with InstrumentationAnalysisTransform
Transforming android-test-plugin-host-apk-installer-proto-31.10.1.jar (com.android.tools.utp:android-test-plugin-host-apk-installer-proto:31.10.1) with InstrumentationAnalysisTransform
Transforming transform-api-2.0.0-deprecated-use-gradle-api.jar (com.android.tools.build:transform-api:2.0.0-deprecated-use-gradle-api) with InstrumentationAnalysisTransform
Transforming httpmime-4.5.6.jar (org.apache.httpcomponents:httpmime:4.5.6) with InstrumentationAnalysisTransform
Transforming commons-io-2.16.1.jar (commons-io:commons-io:2.16.1) with InstrumentationAnalysisTransform
Transforming asm-commons-9.7.1.jar (org.ow2.asm:asm-commons:9.7.1) with InstrumentationAnalysisTransform
Transforming asm-util-9.7.1.jar (org.ow2.asm:asm-util:9.7.1) with InstrumentationAnalysisTransform
Transforming asm-analysis-9.7.1.jar (org.ow2.asm:asm-analysis:9.7.1) with InstrumentationAnalysisTransform
Transforming asm-tree-9.7.1.jar (org.ow2.asm:asm-tree:9.7.1) with InstrumentationAnalysisTransform
Transforming asm-9.7.1.jar (org.ow2.asm:asm:9.7.1) with InstrumentationAnalysisTransform
Transforming apkzlib-8.10.1.jar (com.android.tools.build:apkzlib:8.10.1) with InstrumentationAnalysisTransform
Transforming bcpkix-jdk18on-1.79.jar (org.bouncycastle:bcpkix-jdk18on:1.79) with InstrumentationAnalysisTransform
Transforming jaxb-runtime-2.3.2.jar (org.glassfish.jaxb:jaxb-runtime:2.3.2) with InstrumentationAnalysisTransform
Transforming jopt-simple-4.9.jar (net.sf.jopt-simple:jopt-simple:4.9) with InstrumentationAnalysisTransform
Transforming javapoet-1.10.0.jar (com.squareup:javapoet:1.10.0) with InstrumentationAnalysisTransform
Transforming grpc-protobuf-1.69.1.jar (io.grpc:grpc-protobuf:1.69.1) with InstrumentationAnalysisTransform
Transforming core-proto-0.0.9-alpha03.jar (com.google.testing.platform:core-proto:0.0.9-alpha03) with InstrumentationAnalysisTransform
Transforming protos-31.10.1.jar (com.android.tools.analytics-library:protos:31.10.1) with InstrumentationAnalysisTransform
Transforming proto-google-common-protos-2.48.0.jar (com.google.api.grpc:proto-google-common-protos:2.48.0) with InstrumentationAnalysisTransform
Transforming protobuf-java-3.25.5.jar (com.google.protobuf:protobuf-java:3.25.5) with InstrumentationAnalysisTransform
Transforming grpc-stub-1.69.1.jar (io.grpc:grpc-stub:1.69.1) with InstrumentationAnalysisTransform
Transforming tensorflow-lite-metadata-0.2.0.jar (org.tensorflow:tensorflow-lite-metadata:0.2.0) with InstrumentationAnalysisTransform
Transforming flatbuffers-java-1.12.0.jar (com.google.flatbuffers:flatbuffers-java:1.12.0) with InstrumentationAnalysisTransform
Transforming jimfs-1.1.jar (com.google.jimfs:jimfs:1.1) with InstrumentationAnalysisTransform
Transforming grpc-context-1.69.1.jar (io.grpc:grpc-context:1.69.1) with InstrumentationAnalysisTransform
Transforming grpc-protobuf-lite-1.69.1.jar (io.grpc:grpc-protobuf-lite:1.69.1) with InstrumentationAnalysisTransform
Transforming grpc-api-1.69.1.jar (io.grpc:grpc-api:1.69.1) with InstrumentationAnalysisTransform
Transforming guava-33.3.1-jre.jar (com.google.guava:guava:33.3.1-jre) with InstrumentationAnalysisTransform
Transforming error_prone_annotations-2.30.0.jar (com.google.errorprone:error_prone_annotations:2.30.0) with InstrumentationAnalysisTransform
Transforming dagger-2.28.3.jar (com.google.dagger:dagger:2.28.3) with InstrumentationAnalysisTransform
Transforming javax.inject-1.jar (javax.inject:javax.inject:1) with InstrumentationAnalysisTransform
Transforming kxml2-2.3.0.jar (net.sf.kxml:kxml2:2.3.0) with InstrumentationAnalysisTransform
Transforming commons-compress-1.21.jar (org.apache.commons:commons-compress:1.21) with InstrumentationAnalysisTransform
Transforming bcutil-jdk18on-1.79.jar (org.bouncycastle:bcutil-jdk18on:1.79) with InstrumentationAnalysisTransform
Transforming bcprov-jdk18on-1.79.jar (org.bouncycastle:bcprov-jdk18on:1.79) with InstrumentationAnalysisTransform
Transforming httpclient-4.5.14.jar (org.apache.httpcomponents:httpclient:4.5.14) with InstrumentationAnalysisTransform
Transforming httpcore-4.4.16.jar (org.apache.httpcomponents:httpcore:4.4.16) with InstrumentationAnalysisTransform
Transforming javax.activation-1.2.0.jar (com.sun.activation:javax.activation:1.2.0) with InstrumentationAnalysisTransform
Transforming signflinger-8.10.1.jar (com.android:signflinger:8.10.1) with InstrumentationAnalysisTransform
Transforming zipflinger-8.10.1.jar (com.android:zipflinger:8.10.1) with InstrumentationAnalysisTransform
Transforming annotations-31.10.1.jar (com.android.tools:annotations:31.10.1) with InstrumentationAnalysisTransform
Transforming jna-platform-5.6.0.jar (net.java.dev.jna:jna-platform:5.6.0) with InstrumentationAnalysisTransform
Transforming juniversalchardet-1.0.3.jar (com.googlecode.juniversalchardet:juniversalchardet:1.0.3) with InstrumentationAnalysisTransform
Transforming javax.annotation-api-1.3.2.jar (javax.annotation:javax.annotation-api:1.3.2) with InstrumentationAnalysisTransform
Transforming stax-ex-1.8.1.jar (org.jvnet.staxex:stax-ex:1.8.1) with InstrumentationAnalysisTransform
Transforming jakarta.xml.bind-api-2.3.2.jar (jakarta.xml.bind:jakarta.xml.bind-api:2.3.2) with InstrumentationAnalysisTransform
Transforming txw2-2.3.2.jar (org.glassfish.jaxb:txw2:2.3.2) with InstrumentationAnalysisTransform
Transforming istack-commons-runtime-3.0.8.jar (com.sun.istack:istack-commons-runtime:3.0.8) with InstrumentationAnalysisTransform
Transforming FastInfoset-1.2.16.jar (com.sun.xml.fastinfoset:FastInfoset:1.2.16) with InstrumentationAnalysisTransform
Transforming jakarta.activation-api-1.2.1.jar (jakarta.activation:jakarta.activation-api:1.2.1) with InstrumentationAnalysisTransform
Transforming auto-value-annotations-1.6.2.jar (com.google.auto.value:auto-value-annotations:1.6.2) with InstrumentationAnalysisTransform
Transforming jose4j-0.9.5.jar (org.bitbucket.b_c:jose4j:0.9.5) with InstrumentationAnalysisTransform
Transforming slf4j-api-1.7.30.jar (org.slf4j:slf4j-api:1.7.30) with InstrumentationAnalysisTransform
Transforming jdom2-2.0.6.jar (org.jdom:jdom2:2.0.6) with InstrumentationAnalysisTransform
Transforming jsr305-3.0.2.jar (com.google.code.findbugs:jsr305:3.0.2) with InstrumentationAnalysisTransform
Transforming j2objc-annotations-3.0.0.jar (com.google.j2objc:j2objc-annotations:3.0.0) with InstrumentationAnalysisTransform
Transforming annotations-4.1.1.4.jar (com.google.android:annotations:4.1.1.4) with InstrumentationAnalysisTransform
Transforming animal-sniffer-annotations-1.24.jar (org.codehaus.mojo:animal-sniffer-annotations:1.24) with InstrumentationAnalysisTransform
Transforming perfmark-api-0.27.0.jar (io.perfmark:perfmark-api:0.27.0) with InstrumentationAnalysisTransform
Transforming netty-codec-http2-4.1.110.Final.jar (io.netty:netty-codec-http2:4.1.110.Final) with InstrumentationAnalysisTransform
Transforming netty-handler-proxy-4.1.110.Final.jar (io.netty:netty-handler-proxy:4.1.110.Final) with InstrumentationAnalysisTransform
Transforming netty-codec-http-4.1.110.Final.jar (io.netty:netty-codec-http:4.1.110.Final) with InstrumentationAnalysisTransform
Transforming netty-handler-4.1.110.Final.jar (io.netty:netty-handler:4.1.110.Final) with InstrumentationAnalysisTransform
Transforming netty-transport-native-unix-common-4.1.110.Final.jar (io.netty:netty-transport-native-unix-common:4.1.110.Final) with InstrumentationAnalysisTransform
Transforming checker-qual-3.43.0.jar (org.checkerframework:checker-qual:3.43.0) with InstrumentationAnalysisTransform
Transforming apksig-8.10.1.jar (com.android.tools.build:apksig:8.10.1) with InstrumentationAnalysisTransform
Transforming javawriter-2.5.0.jar (com.squareup:javawriter:2.5.0) with InstrumentationAnalysisTransform
Transforming failureaccess-1.0.2.jar (com.google.guava:failureaccess:1.0.2) with InstrumentationAnalysisTransform
Transforming listenablefuture-9999.0-empty-to-avoid-conflict-with-guava.jar (com.google.guava:listenablefuture:9999.0-empty-to-avoid-conflict-with-guava) with InstrumentationAnalysisTransform
Transforming commons-logging-1.2.jar (commons-logging:commons-logging:1.2) with InstrumentationAnalysisTransform
Transforming commons-codec-1.11.jar (commons-codec:commons-codec:1.11) with InstrumentationAnalysisTransform
Transforming jna-5.6.0.jar (net.java.dev.jna:jna:5.6.0) with InstrumentationAnalysisTransform
Transforming netty-codec-socks-4.1.110.Final.jar (io.netty:netty-codec-socks:4.1.110.Final) with InstrumentationAnalysisTransform
Transforming netty-codec-4.1.110.Final.jar (io.netty:netty-codec:4.1.110.Final) with InstrumentationAnalysisTransform
Transforming netty-transport-4.1.110.Final.jar (io.netty:netty-transport:4.1.110.Final) with InstrumentationAnalysisTransform
Transforming netty-buffer-4.1.110.Final.jar (io.netty:netty-buffer:4.1.110.Final) with InstrumentationAnalysisTransform
Transforming netty-resolver-4.1.110.Final.jar (io.netty:netty-resolver:4.1.110.Final) with InstrumentationAnalysisTransform
Transforming netty-common-4.1.110.Final.jar (io.netty:netty-common:4.1.110.Final) with InstrumentationAnalysisTransform
Transforming main (project :build-logic:plugins) with InstrumentationAnalysisTransform
Transforming main (project :build-logic:plugins) with InstrumentationAnalysisTransform
Transforming main (project :build-logic:plugins) with InstrumentationAnalysisTransform
Transforming main (project :build-logic:tools) with InstrumentationAnalysisTransform
Transforming main (project :build-logic:tools) with InstrumentationAnalysisTransform
Transforming classes with InstrumentationAnalysisTransform
Transforming classes with MergeInstrumentationAnalysisTransform
Transforming classes with InstrumentationAnalysisTransform
Transforming classes with MergeInstrumentationAnalysisTransform
Transforming gradle-8.10.1.jar (com.android.tools.build:gradle:8.10.1) with InstrumentationAnalysisTransform
Transforming gradle-8.10.1.jar (com.android.tools.build:gradle:8.10.1) with MergeInstrumentationAnalysisTransform
Transforming gradle-settings-api-8.10.1.jar (com.android.tools.build:gradle-settings-api:8.10.1) with InstrumentationAnalysisTransform
Transforming gradle-settings-api-8.10.1.jar (com.android.tools.build:gradle-settings-api:8.10.1) with MergeInstrumentationAnalysisTransform
Transforming lint-model-31.10.1.jar (com.android.tools.lint:lint-model:31.10.1) with InstrumentationAnalysisTransform
Transforming lint-model-31.10.1.jar (com.android.tools.lint:lint-model:31.10.1) with MergeInstrumentationAnalysisTransform
Transforming builder-8.10.1.jar (com.android.tools.build:builder:8.10.1) with InstrumentationAnalysisTransform
Transforming builder-8.10.1.jar (com.android.tools.build:builder:8.10.1) with MergeInstrumentationAnalysisTransform
Transforming manifest-merger-31.10.1.jar (com.android.tools.build:manifest-merger:31.10.1) with InstrumentationAnalysisTransform
Transforming manifest-merger-31.10.1.jar (com.android.tools.build:manifest-merger:31.10.1) with MergeInstrumentationAnalysisTransform
Transforming sdk-common-31.10.1.jar (com.android.tools:sdk-common:31.10.1) with InstrumentationAnalysisTransform
Transforming sdk-common-31.10.1.jar (com.android.tools:sdk-common:31.10.1) with MergeInstrumentationAnalysisTransform
Transforming sdklib-31.10.1.jar (com.android.tools:sdklib:31.10.1) with InstrumentationAnalysisTransform
Transforming sdklib-31.10.1.jar (com.android.tools:sdklib:31.10.1) with MergeInstrumentationAnalysisTransform
Transforming repository-31.10.1.jar (com.android.tools:repository:31.10.1) with InstrumentationAnalysisTransform
Transforming repository-31.10.1.jar (com.android.tools:repository:31.10.1) with MergeInstrumentationAnalysisTransform
Transforming aaptcompiler-8.10.1.jar (com.android.tools.build:aaptcompiler:8.10.1) with InstrumentationAnalysisTransform
Transforming aaptcompiler-8.10.1.jar (com.android.tools.build:aaptcompiler:8.10.1) with MergeInstrumentationAnalysisTransform
Transforming lint-model-31.10.1.jar (com.android.tools.lint:lint-model:31.10.1) with ExternalDependencyInstrumentingArtifactTransform
Transforming builder-8.10.1.jar (com.android.tools.build:builder:8.10.1) with ExternalDependencyInstrumentingArtifactTransform
Transforming tracker-31.10.1.jar (com.android.tools.analytics-library:tracker:31.10.1) with InstrumentationAnalysisTransform
Transforming gradle-settings-api-8.10.1.jar (com.android.tools.build:gradle-settings-api:8.10.1) with ExternalDependencyInstrumentingArtifactTransform
Transforming classes with ExternalDependencyInstrumentingArtifactTransform
Transforming sdk-common-31.10.1.jar (com.android.tools:sdk-common:31.10.1) with ExternalDependencyInstrumentingArtifactTransform
Transforming classes with ExternalDependencyInstrumentingArtifactTransform
Transforming gradle-8.10.1.jar (com.android.tools.build:gradle:8.10.1) with ExternalDependencyInstrumentingArtifactTransform
Transforming sdklib-31.10.1.jar (com.android.tools:sdklib:31.10.1) with ExternalDependencyInstrumentingArtifactTransform
Transforming aaptcompiler-8.10.1.jar (com.android.tools.build:aaptcompiler:8.10.1) with ExternalDependencyInstrumentingArtifactTransform
Transforming manifest-merger-31.10.1.jar (com.android.tools.build:manifest-merger:31.10.1) with ExternalDependencyInstrumentingArtifactTransform
Transforming tracker-31.10.1.jar (com.android.tools.analytics-library:tracker:31.10.1) with MergeInstrumentationAnalysisTransform
Transforming repository-31.10.1.jar (com.android.tools:repository:31.10.1) with ExternalDependencyInstrumentingArtifactTransform
Transforming shared-31.10.1.jar (com.android.tools.analytics-library:shared:31.10.1) with InstrumentationAnalysisTransform
Transforming shared-31.10.1.jar (com.android.tools.analytics-library:shared:31.10.1) with MergeInstrumentationAnalysisTransform
Transforming databinding-compiler-common-8.10.1.jar (androidx.databinding:databinding-compiler-common:8.10.1) with InstrumentationAnalysisTransform
Transforming databinding-compiler-common-8.10.1.jar (androidx.databinding:databinding-compiler-common:8.10.1) with MergeInstrumentationAnalysisTransform
Transforming android-test-plugin-host-emulator-control-proto-31.10.1.jar (com.android.tools.utp:android-test-plugin-host-emulator-control-proto:31.10.1) with InstrumentationAnalysisTransform
Transforming android-test-plugin-host-emulator-control-proto-31.10.1.jar (com.android.tools.utp:android-test-plugin-host-emulator-control-proto:31.10.1) with MergeInstrumentationAnalysisTransform
Transforming builder-model-8.10.1.jar (com.android.tools.build:builder-model:8.10.1) with InstrumentationAnalysisTransform
Transforming builder-model-8.10.1.jar (com.android.tools.build:builder-model:8.10.1) with MergeInstrumentationAnalysisTransform
Transforming gradle-api-8.10.1.jar (com.android.tools.build:gradle-api:8.10.1) with InstrumentationAnalysisTransform
Transforming gradle-api-8.10.1.jar (com.android.tools.build:gradle-api:8.10.1) with MergeInstrumentationAnalysisTransform
Transforming builder-test-api-8.10.1.jar (com.android.tools.build:builder-test-api:8.10.1) with InstrumentationAnalysisTransform
Transforming builder-test-api-8.10.1.jar (com.android.tools.build:builder-test-api:8.10.1) with MergeInstrumentationAnalysisTransform
Transforming ddmlib-31.10.1.jar (com.android.tools.ddms:ddmlib:31.10.1) with InstrumentationAnalysisTransform
Transforming ddmlib-31.10.1.jar (com.android.tools.ddms:ddmlib:31.10.1) with MergeInstrumentationAnalysisTransform
Transforming shared-31.10.1.jar (com.android.tools.analytics-library:shared:31.10.1) with ExternalDependencyInstrumentingArtifactTransform
Transforming android-test-plugin-host-emulator-control-proto-31.10.1.jar (com.android.tools.utp:android-test-plugin-host-emulator-control-proto:31.10.1) with ExternalDependencyInstrumentingArtifactTransform
Transforming databinding-compiler-common-8.10.1.jar (androidx.databinding:databinding-compiler-common:8.10.1) with ExternalDependencyInstrumentingArtifactTransform
Transforming layoutlib-api-31.10.1.jar (com.android.tools.layoutlib:layoutlib-api:31.10.1) with InstrumentationAnalysisTransform
Transforming layoutlib-api-31.10.1.jar (com.android.tools.layoutlib:layoutlib-api:31.10.1) with MergeInstrumentationAnalysisTransform
Transforming dvlib-31.10.1.jar (com.android.tools:dvlib:31.10.1) with InstrumentationAnalysisTransform
Transforming tracker-31.10.1.jar (com.android.tools.analytics-library:tracker:31.10.1) with ExternalDependencyInstrumentingArtifactTransform
Transforming gradle-api-8.10.1.jar (com.android.tools.build:gradle-api:8.10.1) with ExternalDependencyInstrumentingArtifactTransform
Transforming builder-test-api-8.10.1.jar (com.android.tools.build:builder-test-api:8.10.1) with ExternalDependencyInstrumentingArtifactTransform
Transforming dvlib-31.10.1.jar (com.android.tools:dvlib:31.10.1) with MergeInstrumentationAnalysisTransform
Transforming common-31.10.1.jar (com.android.tools:common:31.10.1) with InstrumentationAnalysisTransform
Transforming ddmlib-31.10.1.jar (com.android.tools.ddms:ddmlib:31.10.1) with ExternalDependencyInstrumentingArtifactTransform
Transforming builder-model-8.10.1.jar (com.android.tools.build:builder-model:8.10.1) with ExternalDependencyInstrumentingArtifactTransform
Transforming layoutlib-api-31.10.1.jar (com.android.tools.layoutlib:layoutlib-api:31.10.1) with ExternalDependencyInstrumentingArtifactTransform
Transforming common-31.10.1.jar (com.android.tools:common:31.10.1) with MergeInstrumentationAnalysisTransform
Transforming kotlin-stdlib-jdk8-2.1.0.jar (org.jetbrains.kotlin:kotlin-stdlib-jdk8:2.1.0) with InstrumentationAnalysisTransform
Transforming dvlib-31.10.1.jar (com.android.tools:dvlib:31.10.1) with ExternalDependencyInstrumentingArtifactTransform
Transforming kotlin-stdlib-jdk8-2.1.0.jar (org.jetbrains.kotlin:kotlin-stdlib-jdk8:2.1.0) with MergeInstrumentationAnalysisTransform
Transforming jetifier-processor-1.0.0-beta10.jar (com.android.tools.build.jetifier:jetifier-processor:1.0.0-beta10) with InstrumentationAnalysisTransform
Transforming jetifier-processor-1.0.0-beta10.jar (com.android.tools.build.jetifier:jetifier-processor:1.0.0-beta10) with MergeInstrumentationAnalysisTransform
Transforming jetifier-core-1.0.0-beta10.jar (com.android.tools.build.jetifier:jetifier-core:1.0.0-beta10) with InstrumentationAnalysisTransform
Transforming common-31.10.1.jar (com.android.tools:common:31.10.1) with ExternalDependencyInstrumentingArtifactTransform
Transforming jetifier-core-1.0.0-beta10.jar (com.android.tools.build.jetifier:jetifier-core:1.0.0-beta10) with MergeInstrumentationAnalysisTransform
Transforming kotlin-reflect-2.0.20.jar (org.jetbrains.kotlin:kotlin-reflect:2.0.20) with InstrumentationAnalysisTransform
Transforming kotlin-reflect-2.0.20.jar (org.jetbrains.kotlin:kotlin-reflect:2.0.20) with MergeInstrumentationAnalysisTransform
Transforming kotlin-stdlib-jdk7-2.1.0.jar (org.jetbrains.kotlin:kotlin-stdlib-jdk7:2.1.0) with InstrumentationAnalysisTransform
Transforming kotlin-stdlib-jdk7-2.1.0.jar (org.jetbrains.kotlin:kotlin-stdlib-jdk7:2.1.0) with MergeInstrumentationAnalysisTransform
Transforming kotlin-stdlib-2.0.20.jar (org.jetbrains.kotlin:kotlin-stdlib:2.0.20) with InstrumentationAnalysisTransform
Transforming jetifier-processor-1.0.0-beta10.jar (com.android.tools.build.jetifier:jetifier-processor:1.0.0-beta10) with ExternalDependencyInstrumentingArtifactTransform
Transforming kotlin-stdlib-jdk8-2.1.0.jar (org.jetbrains.kotlin:kotlin-stdlib-jdk8:2.1.0) with ExternalDependencyInstrumentingArtifactTransform
Transforming kotlin-stdlib-2.0.20.jar (org.jetbrains.kotlin:kotlin-stdlib:2.0.20) with MergeInstrumentationAnalysisTransform
Transforming jetifier-core-1.0.0-beta10.jar (com.android.tools.build.jetifier:jetifier-core:1.0.0-beta10) with ExternalDependencyInstrumentingArtifactTransform
Transforming annotations-13.0.jar (org.jetbrains:annotations:13.0) with InstrumentationAnalysisTransform
Transforming kotlin-reflect-2.0.20.jar (org.jetbrains.kotlin:kotlin-reflect:2.0.20) with ExternalDependencyInstrumentingArtifactTransform
Transforming annotations-13.0.jar (org.jetbrains:annotations:13.0) with MergeInstrumentationAnalysisTransform
Transforming kotlin-gradle-plugin-model-2.2.20.jar (org.jetbrains.kotlin:kotlin-gradle-plugin-model:2.2.20) with InstrumentationAnalysisTransform
Transforming kotlin-stdlib-jdk7-2.1.0.jar (org.jetbrains.kotlin:kotlin-stdlib-jdk7:2.1.0) with ExternalDependencyInstrumentingArtifactTransform
Transforming kotlin-gradle-plugin-model-2.2.20.jar (org.jetbrains.kotlin:kotlin-gradle-plugin-model:2.2.20) with MergeInstrumentationAnalysisTransform
Transforming fus-statistics-gradle-plugin-2.2.20-gradle811.jar (org.jetbrains.kotlin:fus-statistics-gradle-plugin:2.2.20) with InstrumentationAnalysisTransform
Transforming kotlin-stdlib-2.0.20.jar (org.jetbrains.kotlin:kotlin-stdlib:2.0.20) with ExternalDependencyInstrumentingArtifactTransform
Transforming fus-statistics-gradle-plugin-2.2.20-gradle811.jar (org.jetbrains.kotlin:fus-statistics-gradle-plugin:2.2.20) with MergeInstrumentationAnalysisTransform
Transforming annotations-13.0.jar (org.jetbrains:annotations:13.0) with ExternalDependencyInstrumentingArtifactTransform
Transforming kotlin-gradle-plugin-api-2.2.20.jar (org.jetbrains.kotlin:kotlin-gradle-plugin-api:2.2.20) with InstrumentationAnalysisTransform
Transforming kotlin-gradle-plugin-api-2.2.20.jar (org.jetbrains.kotlin:kotlin-gradle-plugin-api:2.2.20) with MergeInstrumentationAnalysisTransform
Transforming kotlin-gradle-plugin-api-2.2.20-gradle811.jar (org.jetbrains.kotlin:kotlin-gradle-plugin-api:2.2.20) with InstrumentationAnalysisTransform
Transforming kotlin-gradle-plugin-model-2.2.20.jar (org.jetbrains.kotlin:kotlin-gradle-plugin-model:2.2.20) with ExternalDependencyInstrumentingArtifactTransform
Transforming kotlin-gradle-plugin-api-2.2.20-gradle811.jar (org.jetbrains.kotlin:kotlin-gradle-plugin-api:2.2.20) with MergeInstrumentationAnalysisTransform
Transforming fus-statistics-gradle-plugin-2.2.20-gradle811.jar (org.jetbrains.kotlin:fus-statistics-gradle-plugin:2.2.20) with ExternalDependencyInstrumentingArtifactTransform
Transforming kotlin-gradle-plugin-2.2.20-gradle811.jar (org.jetbrains.kotlin:kotlin-gradle-plugin:2.2.20) with InstrumentationAnalysisTransform
Transforming kotlin-gradle-plugin-api-2.2.20.jar (org.jetbrains.kotlin:kotlin-gradle-plugin-api:2.2.20) with ExternalDependencyInstrumentingArtifactTransform
Transforming kotlin-gradle-plugin-2.2.20-gradle811.jar (org.jetbrains.kotlin:kotlin-gradle-plugin:2.2.20) with MergeInstrumentationAnalysisTransform
Transforming ktlint-gradle-12.1.1.jar (org.jlleitschuh.gradle:ktlint-gradle:12.1.1) with InstrumentationAnalysisTransform
Transforming ktlint-gradle-12.1.1.jar (org.jlleitschuh.gradle:ktlint-gradle:12.1.1) with MergeInstrumentationAnalysisTransform
Transforming kotlin-gradle-plugin-idea-proto-2.2.20.jar (org.jetbrains.kotlin:kotlin-gradle-plugin-idea-proto:2.2.20) with InstrumentationAnalysisTransform
Transforming kotlin-gradle-plugin-idea-proto-2.2.20.jar (org.jetbrains.kotlin:kotlin-gradle-plugin-idea-proto:2.2.20) with MergeInstrumentationAnalysisTransform
Transforming kotlin-gradle-plugin-idea-2.2.20.jar (org.jetbrains.kotlin:kotlin-gradle-plugin-idea:2.2.20) with InstrumentationAnalysisTransform
Transforming kotlin-gradle-plugin-api-2.2.20-gradle811.jar (org.jetbrains.kotlin:kotlin-gradle-plugin-api:2.2.20) with ExternalDependencyInstrumentingArtifactTransform
Transforming kotlin-gradle-plugin-idea-2.2.20.jar (org.jetbrains.kotlin:kotlin-gradle-plugin-idea:2.2.20) with MergeInstrumentationAnalysisTransform
Transforming ktlint-gradle-12.1.1.jar (org.jlleitschuh.gradle:ktlint-gradle:12.1.1) with ExternalDependencyInstrumentingArtifactTransform
Transforming kotlin-klib-commonizer-api-2.2.20.jar (org.jetbrains.kotlin:kotlin-klib-commonizer-api:2.2.20) with InstrumentationAnalysisTransform
Transforming kotlin-gradle-plugin-2.2.20-gradle811.jar (org.jetbrains.kotlin:kotlin-gradle-plugin:2.2.20) with ExternalDependencyInstrumentingArtifactTransform
Transforming kotlin-klib-commonizer-api-2.2.20.jar (org.jetbrains.kotlin:kotlin-klib-commonizer-api:2.2.20) with MergeInstrumentationAnalysisTransform
Transforming kotlin-gradle-plugin-idea-proto-2.2.20.jar (org.jetbrains.kotlin:kotlin-gradle-plugin-idea-proto:2.2.20) with ExternalDependencyInstrumentingArtifactTransform
Transforming kotlin-gradle-plugin-idea-2.2.20.jar (org.jetbrains.kotlin:kotlin-gradle-plugin-idea:2.2.20) with ExternalDependencyInstrumentingArtifactTransform
Transforming kotlin-build-statistics-2.2.20.jar (org.jetbrains.kotlin:kotlin-build-statistics:2.2.20) with InstrumentationAnalysisTransform
Transforming kotlin-build-statistics-2.2.20.jar (org.jetbrains.kotlin:kotlin-build-statistics:2.2.20) with MergeInstrumentationAnalysisTransform
Transforming kotlin-klib-commonizer-api-2.2.20.jar (org.jetbrains.kotlin:kotlin-klib-commonizer-api:2.2.20) with ExternalDependencyInstrumentingArtifactTransform
Transforming kotlin-util-klib-metadata-2.2.20.jar (org.jetbrains.kotlin:kotlin-util-klib-metadata:2.2.20) with InstrumentationAnalysisTransform
Transforming kotlin-util-klib-metadata-2.2.20.jar (org.jetbrains.kotlin:kotlin-util-klib-metadata:2.2.20) with MergeInstrumentationAnalysisTransform
Transforming kotlin-build-statistics-2.2.20.jar (org.jetbrains.kotlin:kotlin-build-statistics:2.2.20) with ExternalDependencyInstrumentingArtifactTransform
Transforming abi-tools-api-2.2.20.jar (org.jetbrains.kotlin:abi-tools-api:2.2.20) with InstrumentationAnalysisTransform
Transforming abi-tools-api-2.2.20.jar (org.jetbrains.kotlin:abi-tools-api:2.2.20) with MergeInstrumentationAnalysisTransform
Transforming kotlin-compiler-runner-2.2.20.jar (org.jetbrains.kotlin:kotlin-compiler-runner:2.2.20) with InstrumentationAnalysisTransform
Transforming kotlin-util-klib-metadata-2.2.20.jar (org.jetbrains.kotlin:kotlin-util-klib-metadata:2.2.20) with ExternalDependencyInstrumentingArtifactTransform
Transforming kotlin-compiler-runner-2.2.20.jar (org.jetbrains.kotlin:kotlin-compiler-runner:2.2.20) with MergeInstrumentationAnalysisTransform
Transforming dnsjava-2.1.9.jar (dnsjava:dnsjava:2.1.9) with InstrumentationAnalysisTransform
Transforming abi-tools-api-2.2.20.jar (org.jetbrains.kotlin:abi-tools-api:2.2.20) with ExternalDependencyInstrumentingArtifactTransform
Transforming dnsjava-2.1.9.jar (dnsjava:dnsjava:2.1.9) with MergeInstrumentationAnalysisTransform
Transforming kotlin-gradle-plugin-annotations-2.2.20.jar (org.jetbrains.kotlin:kotlin-gradle-plugin-annotations:2.2.20) with InstrumentationAnalysisTransform
Transforming kotlin-gradle-plugin-annotations-2.2.20.jar (org.jetbrains.kotlin:kotlin-gradle-plugin-annotations:2.2.20) with MergeInstrumentationAnalysisTransform
Transforming kotlin-native-utils-2.2.20.jar (org.jetbrains.kotlin:kotlin-native-utils:2.2.20) with InstrumentationAnalysisTransform
Transforming kotlin-compiler-runner-2.2.20.jar (org.jetbrains.kotlin:kotlin-compiler-runner:2.2.20) with ExternalDependencyInstrumentingArtifactTransform
Transforming kotlin-native-utils-2.2.20.jar (org.jetbrains.kotlin:kotlin-native-utils:2.2.20) with MergeInstrumentationAnalysisTransform
Transforming dnsjava-2.1.9.jar (dnsjava:dnsjava:2.1.9) with ExternalDependencyInstrumentingArtifactTransform
Transforming kotlin-gradle-plugin-annotations-2.2.20.jar (org.jetbrains.kotlin:kotlin-gradle-plugin-annotations:2.2.20) with ExternalDependencyInstrumentingArtifactTransform
Transforming kotlin-native-utils-2.2.20.jar (org.jetbrains.kotlin:kotlin-native-utils:2.2.20) with ExternalDependencyInstrumentingArtifactTransform
Transforming kotlin-tooling-core-2.2.20.jar (org.jetbrains.kotlin:kotlin-tooling-core:2.2.20) with InstrumentationAnalysisTransform
Transforming kotlin-tooling-core-2.2.20.jar (org.jetbrains.kotlin:kotlin-tooling-core:2.2.20) with MergeInstrumentationAnalysisTransform
Transforming kotlin-build-tools-api-2.2.20.jar (org.jetbrains.kotlin:kotlin-build-tools-api:2.2.20) with InstrumentationAnalysisTransform
Transforming kotlin-build-tools-api-2.2.20.jar (org.jetbrains.kotlin:kotlin-build-tools-api:2.2.20) with MergeInstrumentationAnalysisTransform
Transforming android-test-plugin-result-listener-gradle-proto-31.10.1.jar (com.android.tools.utp:android-test-plugin-result-listener-gradle-proto:31.10.1) with InstrumentationAnalysisTransform
Transforming android-test-plugin-result-listener-gradle-proto-31.10.1.jar (com.android.tools.utp:android-test-plugin-result-listener-gradle-proto:31.10.1) with MergeInstrumentationAnalysisTransform
Transforming kotlin-build-tools-api-2.2.20.jar (org.jetbrains.kotlin:kotlin-build-tools-api:2.2.20) with ExternalDependencyInstrumentingArtifactTransform
Transforming kotlin-tooling-core-2.2.20.jar (org.jetbrains.kotlin:kotlin-tooling-core:2.2.20) with ExternalDependencyInstrumentingArtifactTransform
Transforming android-test-plugin-result-listener-gradle-proto-31.10.1.jar (com.android.tools.utp:android-test-plugin-result-listener-gradle-proto:31.10.1) with ExternalDependencyInstrumentingArtifactTransform
Transforming bundletool-1.18.0.jar (com.android.tools.build:bundletool:1.18.0) with InstrumentationAnalysisTransform
Transforming bundletool-1.18.0.jar (com.android.tools.build:bundletool:1.18.0) with MergeInstrumentationAnalysisTransform
Transforming protobuf-java-util-3.25.5.jar (com.google.protobuf:protobuf-java-util:3.25.5) with InstrumentationAnalysisTransform
Transforming protobuf-java-util-3.25.5.jar (com.google.protobuf:protobuf-java-util:3.25.5) with MergeInstrumentationAnalysisTransform
Transforming grpc-netty-1.69.1.jar (io.grpc:grpc-netty:1.69.1) with InstrumentationAnalysisTransform
Transforming grpc-netty-1.69.1.jar (io.grpc:grpc-netty:1.69.1) with MergeInstrumentationAnalysisTransform
Transforming grpc-inprocess-1.69.1.jar (io.grpc:grpc-inprocess:1.69.1) with InstrumentationAnalysisTransform
Transforming bundletool-1.18.0.jar (com.android.tools.build:bundletool:1.18.0) with ExternalDependencyInstrumentingArtifactTransform
Transforming protobuf-java-util-3.25.5.jar (com.google.protobuf:protobuf-java-util:3.25.5) with ExternalDependencyInstrumentingArtifactTransform
Transforming grpc-netty-1.69.1.jar (io.grpc:grpc-netty:1.69.1) with ExternalDependencyInstrumentingArtifactTransform
Transforming grpc-inprocess-1.69.1.jar (io.grpc:grpc-inprocess:1.69.1) with MergeInstrumentationAnalysisTransform
Transforming grpc-util-1.69.1.jar (io.grpc:grpc-util:1.69.1) with InstrumentationAnalysisTransform
Transforming grpc-util-1.69.1.jar (io.grpc:grpc-util:1.69.1) with MergeInstrumentationAnalysisTransform
Transforming grpc-core-1.69.1.jar (io.grpc:grpc-core:1.69.1) with InstrumentationAnalysisTransform
Transforming grpc-core-1.69.1.jar (io.grpc:grpc-core:1.69.1) with MergeInstrumentationAnalysisTransform
Transforming grpc-inprocess-1.69.1.jar (io.grpc:grpc-inprocess:1.69.1) with ExternalDependencyInstrumentingArtifactTransform
Transforming tink-1.7.0.jar (com.google.crypto.tink:tink:1.7.0) with InstrumentationAnalysisTransform
Transforming grpc-util-1.69.1.jar (io.grpc:grpc-util:1.69.1) with ExternalDependencyInstrumentingArtifactTransform
Transforming tink-1.7.0.jar (com.google.crypto.tink:tink:1.7.0) with MergeInstrumentationAnalysisTransform
Transforming grpc-core-1.69.1.jar (io.grpc:grpc-core:1.69.1) with ExternalDependencyInstrumentingArtifactTransform
Transforming gson-2.11.0.jar (com.google.code.gson:gson:2.11.0) with InstrumentationAnalysisTransform
Transforming gson-2.11.0.jar (com.google.code.gson:gson:2.11.0) with MergeInstrumentationAnalysisTransform
Transforming kotlin-util-klib-2.2.20.jar (org.jetbrains.kotlin:kotlin-util-klib:2.2.20) with InstrumentationAnalysisTransform
Transforming tink-1.7.0.jar (com.google.crypto.tink:tink:1.7.0) with ExternalDependencyInstrumentingArtifactTransform
Transforming kotlin-util-klib-2.2.20.jar (org.jetbrains.kotlin:kotlin-util-klib:2.2.20) with MergeInstrumentationAnalysisTransform
Transforming gson-2.11.0.jar (com.google.code.gson:gson:2.11.0) with ExternalDependencyInstrumentingArtifactTransform
Transforming kotlin-util-io-2.2.20.jar (org.jetbrains.kotlin:kotlin-util-io:2.2.20) with InstrumentationAnalysisTransform
Transforming kotlin-util-io-2.2.20.jar (org.jetbrains.kotlin:kotlin-util-io:2.2.20) with MergeInstrumentationAnalysisTransform
Transforming kotlin-daemon-client-2.2.20.jar (org.jetbrains.kotlin:kotlin-daemon-client:2.2.20) with InstrumentationAnalysisTransform
Transforming kotlin-daemon-client-2.2.20.jar (org.jetbrains.kotlin:kotlin-daemon-client:2.2.20) with MergeInstrumentationAnalysisTransform
Transforming kotlin-util-klib-2.2.20.jar (org.jetbrains.kotlin:kotlin-util-klib:2.2.20) with ExternalDependencyInstrumentingArtifactTransform
Transforming kotlinx-coroutines-core-jvm-1.8.0.jar (org.jetbrains.kotlinx:kotlinx-coroutines-core-jvm:1.8.0) with InstrumentationAnalysisTransform
Transforming kotlin-util-io-2.2.20.jar (org.jetbrains.kotlin:kotlin-util-io:2.2.20) with ExternalDependencyInstrumentingArtifactTransform
Transforming kotlinx-coroutines-core-jvm-1.8.0.jar (org.jetbrains.kotlinx:kotlinx-coroutines-core-jvm:1.8.0) with MergeInstrumentationAnalysisTransform
Transforming aapt2-proto-8.10.1-12782657.jar (com.android.tools.build:aapt2-proto:8.10.1-12782657) with InstrumentationAnalysisTransform
Transforming aapt2-proto-8.10.1-12782657.jar (com.android.tools.build:aapt2-proto:8.10.1-12782657) with MergeInstrumentationAnalysisTransform
Transforming crash-31.10.1.jar (com.android.tools.analytics-library:crash:31.10.1) with InstrumentationAnalysisTransform
Transforming kotlin-daemon-client-2.2.20.jar (org.jetbrains.kotlin:kotlin-daemon-client:2.2.20) with ExternalDependencyInstrumentingArtifactTransform
Transforming crash-31.10.1.jar (com.android.tools.analytics-library:crash:31.10.1) with MergeInstrumentationAnalysisTransform
Transforming kotlinx-coroutines-core-jvm-1.8.0.jar (org.jetbrains.kotlinx:kotlinx-coroutines-core-jvm:1.8.0) with ExternalDependencyInstrumentingArtifactTransform
Transforming lint-typedef-remover-31.10.1.jar (com.android.tools.lint:lint-typedef-remover:31.10.1) with InstrumentationAnalysisTransform
Transforming lint-typedef-remover-31.10.1.jar (com.android.tools.lint:lint-typedef-remover:31.10.1) with MergeInstrumentationAnalysisTransform
Transforming databinding-common-8.10.1.jar (androidx.databinding:databinding-common:8.10.1) with InstrumentationAnalysisTransform
Transforming databinding-common-8.10.1.jar (androidx.databinding:databinding-common:8.10.1) with MergeInstrumentationAnalysisTransform
Transforming baseLibrary-8.10.1.jar (com.android.databinding:baseLibrary:8.10.1) with InstrumentationAnalysisTransform
Transforming aapt2-proto-8.10.1-12782657.jar (com.android.tools.build:aapt2-proto:8.10.1-12782657) with ExternalDependencyInstrumentingArtifactTransform
Transforming baseLibrary-8.10.1.jar (com.android.databinding:baseLibrary:8.10.1) with MergeInstrumentationAnalysisTransform
Transforming crash-31.10.1.jar (com.android.tools.analytics-library:crash:31.10.1) with ExternalDependencyInstrumentingArtifactTransform
Transforming android-device-provider-ddmlib-proto-31.10.1.jar (com.android.tools.utp:android-device-provider-ddmlib-proto:31.10.1) with InstrumentationAnalysisTransform
Transforming android-device-provider-ddmlib-proto-31.10.1.jar (com.android.tools.utp:android-device-provider-ddmlib-proto:31.10.1) with MergeInstrumentationAnalysisTransform
Transforming android-device-provider-gradle-proto-31.10.1.jar (com.android.tools.utp:android-device-provider-gradle-proto:31.10.1) with InstrumentationAnalysisTransform
Transforming android-device-provider-gradle-proto-31.10.1.jar (com.android.tools.utp:android-device-provider-gradle-proto:31.10.1) with MergeInstrumentationAnalysisTransform
Transforming android-device-provider-profile-proto-31.10.1.jar (com.android.tools.utp:android-device-provider-profile-proto:31.10.1) with InstrumentationAnalysisTransform
Transforming databinding-common-8.10.1.jar (androidx.databinding:databinding-common:8.10.1) with ExternalDependencyInstrumentingArtifactTransform
Transforming android-device-provider-profile-proto-31.10.1.jar (com.android.tools.utp:android-device-provider-profile-proto:31.10.1) with MergeInstrumentationAnalysisTransform
Transforming baseLibrary-8.10.1.jar (com.android.databinding:baseLibrary:8.10.1) with ExternalDependencyInstrumentingArtifactTransform
Transforming android-device-provider-ddmlib-proto-31.10.1.jar (com.android.tools.utp:android-device-provider-ddmlib-proto:31.10.1) with ExternalDependencyInstrumentingArtifactTransform
Transforming android-test-plugin-host-additional-test-output-proto-31.10.1.jar (com.android.tools.utp:android-test-plugin-host-additional-test-output-proto:31.10.1) with InstrumentationAnalysisTransform
Transforming lint-typedef-remover-31.10.1.jar (com.android.tools.lint:lint-typedef-remover:31.10.1) with ExternalDependencyInstrumentingArtifactTransform
Transforming android-device-provider-profile-proto-31.10.1.jar (com.android.tools.utp:android-device-provider-profile-proto:31.10.1) with ExternalDependencyInstrumentingArtifactTransform
Transforming android-device-provider-gradle-proto-31.10.1.jar (com.android.tools.utp:android-device-provider-gradle-proto:31.10.1) with ExternalDependencyInstrumentingArtifactTransform
Transforming android-test-plugin-host-additional-test-output-proto-31.10.1.jar (com.android.tools.utp:android-test-plugin-host-additional-test-output-proto:31.10.1) with MergeInstrumentationAnalysisTransform
Transforming android-test-plugin-host-coverage-proto-31.10.1.jar (com.android.tools.utp:android-test-plugin-host-coverage-proto:31.10.1) with InstrumentationAnalysisTransform
Transforming android-test-plugin-host-coverage-proto-31.10.1.jar (com.android.tools.utp:android-test-plugin-host-coverage-proto:31.10.1) with MergeInstrumentationAnalysisTransform
Transforming android-test-plugin-host-logcat-proto-31.10.1.jar (com.android.tools.utp:android-test-plugin-host-logcat-proto:31.10.1) with InstrumentationAnalysisTransform
Transforming android-test-plugin-host-coverage-proto-31.10.1.jar (com.android.tools.utp:android-test-plugin-host-coverage-proto:31.10.1) with ExternalDependencyInstrumentingArtifactTransform
Transforming android-test-plugin-host-additional-test-output-proto-31.10.1.jar (com.android.tools.utp:android-test-plugin-host-additional-test-output-proto:31.10.1) with ExternalDependencyInstrumentingArtifactTransform
Transforming android-test-plugin-host-logcat-proto-31.10.1.jar (com.android.tools.utp:android-test-plugin-host-logcat-proto:31.10.1) with MergeInstrumentationAnalysisTransform
Transforming android-test-plugin-host-apk-installer-proto-31.10.1.jar (com.android.tools.utp:android-test-plugin-host-apk-installer-proto:31.10.1) with InstrumentationAnalysisTransform
Transforming android-test-plugin-host-apk-installer-proto-31.10.1.jar (com.android.tools.utp:android-test-plugin-host-apk-installer-proto:31.10.1) with MergeInstrumentationAnalysisTransform
Transforming android-test-plugin-host-logcat-proto-31.10.1.jar (com.android.tools.utp:android-test-plugin-host-logcat-proto:31.10.1) with ExternalDependencyInstrumentingArtifactTransform
Transforming transform-api-2.0.0-deprecated-use-gradle-api.jar (com.android.tools.build:transform-api:2.0.0-deprecated-use-gradle-api) with InstrumentationAnalysisTransform
Transforming transform-api-2.0.0-deprecated-use-gradle-api.jar (com.android.tools.build:transform-api:2.0.0-deprecated-use-gradle-api) with MergeInstrumentationAnalysisTransform
Transforming android-test-plugin-host-apk-installer-proto-31.10.1.jar (com.android.tools.utp:android-test-plugin-host-apk-installer-proto:31.10.1) with ExternalDependencyInstrumentingArtifactTransform
Transforming httpmime-4.5.6.jar (org.apache.httpcomponents:httpmime:4.5.6) with InstrumentationAnalysisTransform
Transforming httpmime-4.5.6.jar (org.apache.httpcomponents:httpmime:4.5.6) with MergeInstrumentationAnalysisTransform
Transforming commons-io-2.16.1.jar (commons-io:commons-io:2.16.1) with InstrumentationAnalysisTransform
Transforming transform-api-2.0.0-deprecated-use-gradle-api.jar (com.android.tools.build:transform-api:2.0.0-deprecated-use-gradle-api) with ExternalDependencyInstrumentingArtifactTransform
Transforming commons-io-2.16.1.jar (commons-io:commons-io:2.16.1) with MergeInstrumentationAnalysisTransform
Transforming asm-commons-9.7.1.jar (org.ow2.asm:asm-commons:9.7.1) with InstrumentationAnalysisTransform
Transforming asm-commons-9.7.1.jar (org.ow2.asm:asm-commons:9.7.1) with MergeInstrumentationAnalysisTransform
Transforming commons-io-2.16.1.jar (commons-io:commons-io:2.16.1) with ExternalDependencyInstrumentingArtifactTransform
Transforming asm-util-9.7.1.jar (org.ow2.asm:asm-util:9.7.1) with InstrumentationAnalysisTransform
Transforming httpmime-4.5.6.jar (org.apache.httpcomponents:httpmime:4.5.6) with ExternalDependencyInstrumentingArtifactTransform
Transforming asm-util-9.7.1.jar (org.ow2.asm:asm-util:9.7.1) with MergeInstrumentationAnalysisTransform
Transforming asm-analysis-9.7.1.jar (org.ow2.asm:asm-analysis:9.7.1) with InstrumentationAnalysisTransform
Transforming asm-commons-9.7.1.jar (org.ow2.asm:asm-commons:9.7.1) with ExternalDependencyInstrumentingArtifactTransform
Transforming asm-analysis-9.7.1.jar (org.ow2.asm:asm-analysis:9.7.1) with MergeInstrumentationAnalysisTransform
Transforming asm-tree-9.7.1.jar (org.ow2.asm:asm-tree:9.7.1) with InstrumentationAnalysisTransform
Transforming asm-util-9.7.1.jar (org.ow2.asm:asm-util:9.7.1) with ExternalDependencyInstrumentingArtifactTransform
Transforming asm-tree-9.7.1.jar (org.ow2.asm:asm-tree:9.7.1) with MergeInstrumentationAnalysisTransform
Transforming asm-9.7.1.jar (org.ow2.asm:asm:9.7.1) with InstrumentationAnalysisTransform
Transforming asm-analysis-9.7.1.jar (org.ow2.asm:asm-analysis:9.7.1) with ExternalDependencyInstrumentingArtifactTransform
Transforming asm-9.7.1.jar (org.ow2.asm:asm:9.7.1) with MergeInstrumentationAnalysisTransform
Transforming apkzlib-8.10.1.jar (com.android.tools.build:apkzlib:8.10.1) with InstrumentationAnalysisTransform
Transforming asm-tree-9.7.1.jar (org.ow2.asm:asm-tree:9.7.1) with ExternalDependencyInstrumentingArtifactTransform
Transforming apkzlib-8.10.1.jar (com.android.tools.build:apkzlib:8.10.1) with MergeInstrumentationAnalysisTransform
Transforming bcpkix-jdk18on-1.79.jar (org.bouncycastle:bcpkix-jdk18on:1.79) with InstrumentationAnalysisTransform
Transforming apkzlib-8.10.1.jar (com.android.tools.build:apkzlib:8.10.1) with ExternalDependencyInstrumentingArtifactTransform
Transforming bcpkix-jdk18on-1.79.jar (org.bouncycastle:bcpkix-jdk18on:1.79) with MergeInstrumentationAnalysisTransform
Transforming jaxb-runtime-2.3.2.jar (org.glassfish.jaxb:jaxb-runtime:2.3.2) with InstrumentationAnalysisTransform
Transforming asm-9.7.1.jar (org.ow2.asm:asm:9.7.1) with ExternalDependencyInstrumentingArtifactTransform
Transforming jaxb-runtime-2.3.2.jar (org.glassfish.jaxb:jaxb-runtime:2.3.2) with MergeInstrumentationAnalysisTransform
Transforming jopt-simple-4.9.jar (net.sf.jopt-simple:jopt-simple:4.9) with InstrumentationAnalysisTransform
Transforming jopt-simple-4.9.jar (net.sf.jopt-simple:jopt-simple:4.9) with MergeInstrumentationAnalysisTransform
Transforming bcpkix-jdk18on-1.79.jar (org.bouncycastle:bcpkix-jdk18on:1.79) with ExternalDependencyInstrumentingArtifactTransform
Transforming javapoet-1.10.0.jar (com.squareup:javapoet:1.10.0) with InstrumentationAnalysisTransform
Transforming javapoet-1.10.0.jar (com.squareup:javapoet:1.10.0) with MergeInstrumentationAnalysisTransform
Transforming jaxb-runtime-2.3.2.jar (org.glassfish.jaxb:jaxb-runtime:2.3.2) with ExternalDependencyInstrumentingArtifactTransform
Transforming grpc-protobuf-1.69.1.jar (io.grpc:grpc-protobuf:1.69.1) with InstrumentationAnalysisTransform
Transforming grpc-protobuf-1.69.1.jar (io.grpc:grpc-protobuf:1.69.1) with MergeInstrumentationAnalysisTransform
Transforming jopt-simple-4.9.jar (net.sf.jopt-simple:jopt-simple:4.9) with ExternalDependencyInstrumentingArtifactTransform
Transforming core-proto-0.0.9-alpha03.jar (com.google.testing.platform:core-proto:0.0.9-alpha03) with InstrumentationAnalysisTransform
Transforming core-proto-0.0.9-alpha03.jar (com.google.testing.platform:core-proto:0.0.9-alpha03) with MergeInstrumentationAnalysisTransform
Transforming javapoet-1.10.0.jar (com.squareup:javapoet:1.10.0) with ExternalDependencyInstrumentingArtifactTransform
Transforming protos-31.10.1.jar (com.android.tools.analytics-library:protos:31.10.1) with InstrumentationAnalysisTransform
Transforming protos-31.10.1.jar (com.android.tools.analytics-library:protos:31.10.1) with MergeInstrumentationAnalysisTransform
Transforming grpc-protobuf-1.69.1.jar (io.grpc:grpc-protobuf:1.69.1) with ExternalDependencyInstrumentingArtifactTransform
Transforming proto-google-common-protos-2.48.0.jar (com.google.api.grpc:proto-google-common-protos:2.48.0) with InstrumentationAnalysisTransform
Transforming proto-google-common-protos-2.48.0.jar (com.google.api.grpc:proto-google-common-protos:2.48.0) with MergeInstrumentationAnalysisTransform
Transforming core-proto-0.0.9-alpha03.jar (com.google.testing.platform:core-proto:0.0.9-alpha03) with ExternalDependencyInstrumentingArtifactTransform
Transforming protobuf-java-3.25.5.jar (com.google.protobuf:protobuf-java:3.25.5) with InstrumentationAnalysisTransform
Transforming protobuf-java-3.25.5.jar (com.google.protobuf:protobuf-java:3.25.5) with MergeInstrumentationAnalysisTransform
Transforming protos-31.10.1.jar (com.android.tools.analytics-library:protos:31.10.1) with ExternalDependencyInstrumentingArtifactTransform
Transforming grpc-stub-1.69.1.jar (io.grpc:grpc-stub:1.69.1) with InstrumentationAnalysisTransform
Transforming grpc-stub-1.69.1.jar (io.grpc:grpc-stub:1.69.1) with MergeInstrumentationAnalysisTransform
Transforming tensorflow-lite-metadata-0.2.0.jar (org.tensorflow:tensorflow-lite-metadata:0.2.0) with InstrumentationAnalysisTransform
Transforming proto-google-common-protos-2.48.0.jar (com.google.api.grpc:proto-google-common-protos:2.48.0) with ExternalDependencyInstrumentingArtifactTransform
Transforming tensorflow-lite-metadata-0.2.0.jar (org.tensorflow:tensorflow-lite-metadata:0.2.0) with MergeInstrumentationAnalysisTransform
Transforming flatbuffers-java-1.12.0.jar (com.google.flatbuffers:flatbuffers-java:1.12.0) with InstrumentationAnalysisTransform
Transforming protobuf-java-3.25.5.jar (com.google.protobuf:protobuf-java:3.25.5) with ExternalDependencyInstrumentingArtifactTransform
Transforming flatbuffers-java-1.12.0.jar (com.google.flatbuffers:flatbuffers-java:1.12.0) with MergeInstrumentationAnalysisTransform
Transforming jimfs-1.1.jar (com.google.jimfs:jimfs:1.1) with InstrumentationAnalysisTransform
Transforming grpc-stub-1.69.1.jar (io.grpc:grpc-stub:1.69.1) with ExternalDependencyInstrumentingArtifactTransform
Transforming jimfs-1.1.jar (com.google.jimfs:jimfs:1.1) with MergeInstrumentationAnalysisTransform
Transforming grpc-context-1.69.1.jar (io.grpc:grpc-context:1.69.1) with InstrumentationAnalysisTransform
Transforming grpc-context-1.69.1.jar (io.grpc:grpc-context:1.69.1) with MergeInstrumentationAnalysisTransform
Transforming tensorflow-lite-metadata-0.2.0.jar (org.tensorflow:tensorflow-lite-metadata:0.2.0) with ExternalDependencyInstrumentingArtifactTransform
Transforming grpc-protobuf-lite-1.69.1.jar (io.grpc:grpc-protobuf-lite:1.69.1) with InstrumentationAnalysisTransform
Transforming grpc-protobuf-lite-1.69.1.jar (io.grpc:grpc-protobuf-lite:1.69.1) with MergeInstrumentationAnalysisTransform
Transforming grpc-api-1.69.1.jar (io.grpc:grpc-api:1.69.1) with InstrumentationAnalysisTransform
Transforming flatbuffers-java-1.12.0.jar (com.google.flatbuffers:flatbuffers-java:1.12.0) with ExternalDependencyInstrumentingArtifactTransform
Transforming grpc-api-1.69.1.jar (io.grpc:grpc-api:1.69.1) with MergeInstrumentationAnalysisTransform
Transforming guava-33.3.1-jre.jar (com.google.guava:guava:33.3.1-jre) with InstrumentationAnalysisTransform
Transforming jimfs-1.1.jar (com.google.jimfs:jimfs:1.1) with ExternalDependencyInstrumentingArtifactTransform
Transforming guava-33.3.1-jre.jar (com.google.guava:guava:33.3.1-jre) with MergeInstrumentationAnalysisTransform
Transforming error_prone_annotations-2.30.0.jar (com.google.errorprone:error_prone_annotations:2.30.0) with InstrumentationAnalysisTransform
Transforming error_prone_annotations-2.30.0.jar (com.google.errorprone:error_prone_annotations:2.30.0) with MergeInstrumentationAnalysisTransform
Transforming dagger-2.28.3.jar (com.google.dagger:dagger:2.28.3) with InstrumentationAnalysisTransform
Transforming grpc-context-1.69.1.jar (io.grpc:grpc-context:1.69.1) with ExternalDependencyInstrumentingArtifactTransform
Transforming dagger-2.28.3.jar (com.google.dagger:dagger:2.28.3) with MergeInstrumentationAnalysisTransform
Transforming javax.inject-1.jar (javax.inject:javax.inject:1) with InstrumentationAnalysisTransform
Transforming javax.inject-1.jar (javax.inject:javax.inject:1) with MergeInstrumentationAnalysisTransform
Transforming kxml2-2.3.0.jar (net.sf.kxml:kxml2:2.3.0) with InstrumentationAnalysisTransform
Transforming kxml2-2.3.0.jar (net.sf.kxml:kxml2:2.3.0) with MergeInstrumentationAnalysisTransform
Transforming guava-33.3.1-jre.jar (com.google.guava:guava:33.3.1-jre) with ExternalDependencyInstrumentingArtifactTransform
Transforming grpc-protobuf-lite-1.69.1.jar (io.grpc:grpc-protobuf-lite:1.69.1) with ExternalDependencyInstrumentingArtifactTransform
Transforming grpc-api-1.69.1.jar (io.grpc:grpc-api:1.69.1) with ExternalDependencyInstrumentingArtifactTransform
Transforming commons-compress-1.21.jar (org.apache.commons:commons-compress:1.21) with InstrumentationAnalysisTransform
Transforming error_prone_annotations-2.30.0.jar (com.google.errorprone:error_prone_annotations:2.30.0) with ExternalDependencyInstrumentingArtifactTransform
Transforming commons-compress-1.21.jar (org.apache.commons:commons-compress:1.21) with MergeInstrumentationAnalysisTransform
Transforming kxml2-2.3.0.jar (net.sf.kxml:kxml2:2.3.0) with ExternalDependencyInstrumentingArtifactTransform
Transforming bcutil-jdk18on-1.79.jar (org.bouncycastle:bcutil-jdk18on:1.79) with InstrumentationAnalysisTransform
Transforming commons-compress-1.21.jar (org.apache.commons:commons-compress:1.21) with ExternalDependencyInstrumentingArtifactTransform
Transforming bcutil-jdk18on-1.79.jar (org.bouncycastle:bcutil-jdk18on:1.79) with MergeInstrumentationAnalysisTransform
Transforming dagger-2.28.3.jar (com.google.dagger:dagger:2.28.3) with ExternalDependencyInstrumentingArtifactTransform
Transforming bcprov-jdk18on-1.79.jar (org.bouncycastle:bcprov-jdk18on:1.79) with InstrumentationAnalysisTransform
Transforming javax.inject-1.jar (javax.inject:javax.inject:1) with ExternalDependencyInstrumentingArtifactTransform
Transforming bcprov-jdk18on-1.79.jar (org.bouncycastle:bcprov-jdk18on:1.79) with MergeInstrumentationAnalysisTransform
Transforming httpclient-4.5.14.jar (org.apache.httpcomponents:httpclient:4.5.14) with InstrumentationAnalysisTransform
Transforming bcutil-jdk18on-1.79.jar (org.bouncycastle:bcutil-jdk18on:1.79) with ExternalDependencyInstrumentingArtifactTransform
Transforming httpclient-4.5.14.jar (org.apache.httpcomponents:httpclient:4.5.14) with MergeInstrumentationAnalysisTransform
Transforming httpcore-4.4.16.jar (org.apache.httpcomponents:httpcore:4.4.16) with InstrumentationAnalysisTransform
Transforming httpcore-4.4.16.jar (org.apache.httpcomponents:httpcore:4.4.16) with MergeInstrumentationAnalysisTransform
Transforming javax.activation-1.2.0.jar (com.sun.activation:javax.activation:1.2.0) with InstrumentationAnalysisTransform
Transforming bcprov-jdk18on-1.79.jar (org.bouncycastle:bcprov-jdk18on:1.79) with ExternalDependencyInstrumentingArtifactTransform
Transforming javax.activation-1.2.0.jar (com.sun.activation:javax.activation:1.2.0) with MergeInstrumentationAnalysisTransform
Transforming httpclient-4.5.14.jar (org.apache.httpcomponents:httpclient:4.5.14) with ExternalDependencyInstrumentingArtifactTransform
Transforming httpcore-4.4.16.jar (org.apache.httpcomponents:httpcore:4.4.16) with ExternalDependencyInstrumentingArtifactTransform
Transforming javax.activation-1.2.0.jar (com.sun.activation:javax.activation:1.2.0) with ExternalDependencyInstrumentingArtifactTransform
Transforming signflinger-8.10.1.jar (com.android:signflinger:8.10.1) with InstrumentationAnalysisTransform
Transforming signflinger-8.10.1.jar (com.android:signflinger:8.10.1) with MergeInstrumentationAnalysisTransform
Transforming zipflinger-8.10.1.jar (com.android:zipflinger:8.10.1) with InstrumentationAnalysisTransform
Transforming zipflinger-8.10.1.jar (com.android:zipflinger:8.10.1) with MergeInstrumentationAnalysisTransform
Transforming annotations-31.10.1.jar (com.android.tools:annotations:31.10.1) with InstrumentationAnalysisTransform
Transforming annotations-31.10.1.jar (com.android.tools:annotations:31.10.1) with MergeInstrumentationAnalysisTransform
Transforming signflinger-8.10.1.jar (com.android:signflinger:8.10.1) with ExternalDependencyInstrumentingArtifactTransform
Transforming jna-platform-5.6.0.jar (net.java.dev.jna:jna-platform:5.6.0) with InstrumentationAnalysisTransform
Transforming jna-platform-5.6.0.jar (net.java.dev.jna:jna-platform:5.6.0) with MergeInstrumentationAnalysisTransform
Transforming zipflinger-8.10.1.jar (com.android:zipflinger:8.10.1) with ExternalDependencyInstrumentingArtifactTransform
Transforming juniversalchardet-1.0.3.jar (com.googlecode.juniversalchardet:juniversalchardet:1.0.3) with InstrumentationAnalysisTransform
Transforming annotations-31.10.1.jar (com.android.tools:annotations:31.10.1) with ExternalDependencyInstrumentingArtifactTransform
Transforming juniversalchardet-1.0.3.jar (com.googlecode.juniversalchardet:juniversalchardet:1.0.3) with MergeInstrumentationAnalysisTransform
Transforming javax.annotation-api-1.3.2.jar (javax.annotation:javax.annotation-api:1.3.2) with InstrumentationAnalysisTransform
Transforming jna-platform-5.6.0.jar (net.java.dev.jna:jna-platform:5.6.0) with ExternalDependencyInstrumentingArtifactTransform
Transforming javax.annotation-api-1.3.2.jar (javax.annotation:javax.annotation-api:1.3.2) with MergeInstrumentationAnalysisTransform
Transforming stax-ex-1.8.1.jar (org.jvnet.staxex:stax-ex:1.8.1) with InstrumentationAnalysisTransform
Transforming juniversalchardet-1.0.3.jar (com.googlecode.juniversalchardet:juniversalchardet:1.0.3) with ExternalDependencyInstrumentingArtifactTransform
Transforming stax-ex-1.8.1.jar (org.jvnet.staxex:stax-ex:1.8.1) with MergeInstrumentationAnalysisTransform
Transforming jakarta.xml.bind-api-2.3.2.jar (jakarta.xml.bind:jakarta.xml.bind-api:2.3.2) with InstrumentationAnalysisTransform
Transforming javax.annotation-api-1.3.2.jar (javax.annotation:javax.annotation-api:1.3.2) with ExternalDependencyInstrumentingArtifactTransform
Transforming jakarta.xml.bind-api-2.3.2.jar (jakarta.xml.bind:jakarta.xml.bind-api:2.3.2) with MergeInstrumentationAnalysisTransform
Transforming txw2-2.3.2.jar (org.glassfish.jaxb:txw2:2.3.2) with InstrumentationAnalysisTransform
Transforming stax-ex-1.8.1.jar (org.jvnet.staxex:stax-ex:1.8.1) with ExternalDependencyInstrumentingArtifactTransform
Transforming txw2-2.3.2.jar (org.glassfish.jaxb:txw2:2.3.2) with MergeInstrumentationAnalysisTransform
Transforming jakarta.xml.bind-api-2.3.2.jar (jakarta.xml.bind:jakarta.xml.bind-api:2.3.2) with ExternalDependencyInstrumentingArtifactTransform
Transforming istack-commons-runtime-3.0.8.jar (com.sun.istack:istack-commons-runtime:3.0.8) with InstrumentationAnalysisTransform
Transforming istack-commons-runtime-3.0.8.jar (com.sun.istack:istack-commons-runtime:3.0.8) with MergeInstrumentationAnalysisTransform
Transforming txw2-2.3.2.jar (org.glassfish.jaxb:txw2:2.3.2) with ExternalDependencyInstrumentingArtifactTransform
Transforming FastInfoset-1.2.16.jar (com.sun.xml.fastinfoset:FastInfoset:1.2.16) with InstrumentationAnalysisTransform
Transforming FastInfoset-1.2.16.jar (com.sun.xml.fastinfoset:FastInfoset:1.2.16) with MergeInstrumentationAnalysisTransform
Transforming jakarta.activation-api-1.2.1.jar (jakarta.activation:jakarta.activation-api:1.2.1) with InstrumentationAnalysisTransform
Transforming istack-commons-runtime-3.0.8.jar (com.sun.istack:istack-commons-runtime:3.0.8) with ExternalDependencyInstrumentingArtifactTransform
Transforming FastInfoset-1.2.16.jar (com.sun.xml.fastinfoset:FastInfoset:1.2.16) with ExternalDependencyInstrumentingArtifactTransform
Transforming jakarta.activation-api-1.2.1.jar (jakarta.activation:jakarta.activation-api:1.2.1) with MergeInstrumentationAnalysisTransform
Transforming auto-value-annotations-1.6.2.jar (com.google.auto.value:auto-value-annotations:1.6.2) with InstrumentationAnalysisTransform
Transforming jakarta.activation-api-1.2.1.jar (jakarta.activation:jakarta.activation-api:1.2.1) with ExternalDependencyInstrumentingArtifactTransform
Transforming auto-value-annotations-1.6.2.jar (com.google.auto.value:auto-value-annotations:1.6.2) with MergeInstrumentationAnalysisTransform
Transforming jose4j-0.9.5.jar (org.bitbucket.b_c:jose4j:0.9.5) with InstrumentationAnalysisTransform
Transforming jose4j-0.9.5.jar (org.bitbucket.b_c:jose4j:0.9.5) with MergeInstrumentationAnalysisTransform
Transforming auto-value-annotations-1.6.2.jar (com.google.auto.value:auto-value-annotations:1.6.2) with ExternalDependencyInstrumentingArtifactTransform
Transforming slf4j-api-1.7.30.jar (org.slf4j:slf4j-api:1.7.30) with InstrumentationAnalysisTransform
Transforming slf4j-api-1.7.30.jar (org.slf4j:slf4j-api:1.7.30) with MergeInstrumentationAnalysisTransform
Transforming jdom2-2.0.6.jar (org.jdom:jdom2:2.0.6) with InstrumentationAnalysisTransform
Transforming jdom2-2.0.6.jar (org.jdom:jdom2:2.0.6) with MergeInstrumentationAnalysisTransform
Transforming jsr305-3.0.2.jar (com.google.code.findbugs:jsr305:3.0.2) with InstrumentationAnalysisTransform
Transforming jose4j-0.9.5.jar (org.bitbucket.b_c:jose4j:0.9.5) with ExternalDependencyInstrumentingArtifactTransform
Transforming jsr305-3.0.2.jar (com.google.code.findbugs:jsr305:3.0.2) with MergeInstrumentationAnalysisTransform
Transforming jdom2-2.0.6.jar (org.jdom:jdom2:2.0.6) with ExternalDependencyInstrumentingArtifactTransform
Transforming slf4j-api-1.7.30.jar (org.slf4j:slf4j-api:1.7.30) with ExternalDependencyInstrumentingArtifactTransform
Transforming j2objc-annotations-3.0.0.jar (com.google.j2objc:j2objc-annotations:3.0.0) with InstrumentationAnalysisTransform
Transforming j2objc-annotations-3.0.0.jar (com.google.j2objc:j2objc-annotations:3.0.0) with MergeInstrumentationAnalysisTransform
Transforming annotations-4.1.1.4.jar (com.google.android:annotations:4.1.1.4) with InstrumentationAnalysisTransform
Transforming jsr305-3.0.2.jar (com.google.code.findbugs:jsr305:3.0.2) with ExternalDependencyInstrumentingArtifactTransform
Transforming annotations-4.1.1.4.jar (com.google.android:annotations:4.1.1.4) with MergeInstrumentationAnalysisTransform
Transforming animal-sniffer-annotations-1.24.jar (org.codehaus.mojo:animal-sniffer-annotations:1.24) with InstrumentationAnalysisTransform
Transforming j2objc-annotations-3.0.0.jar (com.google.j2objc:j2objc-annotations:3.0.0) with ExternalDependencyInstrumentingArtifactTransform
Transforming animal-sniffer-annotations-1.24.jar (org.codehaus.mojo:animal-sniffer-annotations:1.24) with MergeInstrumentationAnalysisTransform
Transforming perfmark-api-0.27.0.jar (io.perfmark:perfmark-api:0.27.0) with InstrumentationAnalysisTransform
Transforming perfmark-api-0.27.0.jar (io.perfmark:perfmark-api:0.27.0) with MergeInstrumentationAnalysisTransform
Transforming netty-codec-http2-4.1.110.Final.jar (io.netty:netty-codec-http2:4.1.110.Final) with InstrumentationAnalysisTransform
Transforming annotations-4.1.1.4.jar (com.google.android:annotations:4.1.1.4) with ExternalDependencyInstrumentingArtifactTransform
Transforming animal-sniffer-annotations-1.24.jar (org.codehaus.mojo:animal-sniffer-annotations:1.24) with ExternalDependencyInstrumentingArtifactTransform
Transforming netty-codec-http2-4.1.110.Final.jar (io.netty:netty-codec-http2:4.1.110.Final) with MergeInstrumentationAnalysisTransform
Transforming perfmark-api-0.27.0.jar (io.perfmark:perfmark-api:0.27.0) with ExternalDependencyInstrumentingArtifactTransform
Transforming netty-handler-proxy-4.1.110.Final.jar (io.netty:netty-handler-proxy:4.1.110.Final) with InstrumentationAnalysisTransform
Transforming netty-handler-proxy-4.1.110.Final.jar (io.netty:netty-handler-proxy:4.1.110.Final) with MergeInstrumentationAnalysisTransform
Transforming netty-codec-http2-4.1.110.Final.jar (io.netty:netty-codec-http2:4.1.110.Final) with ExternalDependencyInstrumentingArtifactTransform
Transforming netty-codec-http-4.1.110.Final.jar (io.netty:netty-codec-http:4.1.110.Final) with InstrumentationAnalysisTransform
Transforming netty-codec-http-4.1.110.Final.jar (io.netty:netty-codec-http:4.1.110.Final) with MergeInstrumentationAnalysisTransform
Transforming netty-handler-4.1.110.Final.jar (io.netty:netty-handler:4.1.110.Final) with InstrumentationAnalysisTransform
Transforming netty-handler-proxy-4.1.110.Final.jar (io.netty:netty-handler-proxy:4.1.110.Final) with ExternalDependencyInstrumentingArtifactTransform
Transforming netty-handler-4.1.110.Final.jar (io.netty:netty-handler:4.1.110.Final) with MergeInstrumentationAnalysisTransform
Transforming netty-codec-http-4.1.110.Final.jar (io.netty:netty-codec-http:4.1.110.Final) with ExternalDependencyInstrumentingArtifactTransform
Transforming netty-transport-native-unix-common-4.1.110.Final.jar (io.netty:netty-transport-native-unix-common:4.1.110.Final) with InstrumentationAnalysisTransform
Transforming netty-handler-4.1.110.Final.jar (io.netty:netty-handler:4.1.110.Final) with ExternalDependencyInstrumentingArtifactTransform
Transforming netty-transport-native-unix-common-4.1.110.Final.jar (io.netty:netty-transport-native-unix-common:4.1.110.Final) with MergeInstrumentationAnalysisTransform
Transforming checker-qual-3.43.0.jar (org.checkerframework:checker-qual:3.43.0) with InstrumentationAnalysisTransform
Transforming checker-qual-3.43.0.jar (org.checkerframework:checker-qual:3.43.0) with MergeInstrumentationAnalysisTransform
Transforming apksig-8.10.1.jar (com.android.tools.build:apksig:8.10.1) with InstrumentationAnalysisTransform
Transforming apksig-8.10.1.jar (com.android.tools.build:apksig:8.10.1) with MergeInstrumentationAnalysisTransform
Transforming netty-transport-native-unix-common-4.1.110.Final.jar (io.netty:netty-transport-native-unix-common:4.1.110.Final) with ExternalDependencyInstrumentingArtifactTransform
Transforming javawriter-2.5.0.jar (com.squareup:javawriter:2.5.0) with InstrumentationAnalysisTransform
Transforming checker-qual-3.43.0.jar (org.checkerframework:checker-qual:3.43.0) with ExternalDependencyInstrumentingArtifactTransform
Transforming javawriter-2.5.0.jar (com.squareup:javawriter:2.5.0) with MergeInstrumentationAnalysisTransform
Transforming apksig-8.10.1.jar (com.android.tools.build:apksig:8.10.1) with ExternalDependencyInstrumentingArtifactTransform
Transforming failureaccess-1.0.2.jar (com.google.guava:failureaccess:1.0.2) with InstrumentationAnalysisTransform
Transforming failureaccess-1.0.2.jar (com.google.guava:failureaccess:1.0.2) with MergeInstrumentationAnalysisTransform
Transforming javawriter-2.5.0.jar (com.squareup:javawriter:2.5.0) with ExternalDependencyInstrumentingArtifactTransform
Transforming listenablefuture-9999.0-empty-to-avoid-conflict-with-guava.jar (com.google.guava:listenablefuture:9999.0-empty-to-avoid-conflict-with-guava) with InstrumentationAnalysisTransform
Transforming listenablefuture-9999.0-empty-to-avoid-conflict-with-guava.jar (com.google.guava:listenablefuture:9999.0-empty-to-avoid-conflict-with-guava) with MergeInstrumentationAnalysisTransform
Transforming commons-logging-1.2.jar (commons-logging:commons-logging:1.2) with InstrumentationAnalysisTransform
Transforming failureaccess-1.0.2.jar (com.google.guava:failureaccess:1.0.2) with ExternalDependencyInstrumentingArtifactTransform
Transforming commons-logging-1.2.jar (commons-logging:commons-logging:1.2) with MergeInstrumentationAnalysisTransform
Transforming commons-codec-1.11.jar (commons-codec:commons-codec:1.11) with InstrumentationAnalysisTransform
Transforming listenablefuture-9999.0-empty-to-avoid-conflict-with-guava.jar (com.google.guava:listenablefuture:9999.0-empty-to-avoid-conflict-with-guava) with ExternalDependencyInstrumentingArtifactTransform
Transforming commons-codec-1.11.jar (commons-codec:commons-codec:1.11) with MergeInstrumentationAnalysisTransform
Transforming jna-5.6.0.jar (net.java.dev.jna:jna:5.6.0) with InstrumentationAnalysisTransform
Transforming commons-logging-1.2.jar (commons-logging:commons-logging:1.2) with ExternalDependencyInstrumentingArtifactTransform
Transforming jna-5.6.0.jar (net.java.dev.jna:jna:5.6.0) with MergeInstrumentationAnalysisTransform
Transforming netty-codec-socks-4.1.110.Final.jar (io.netty:netty-codec-socks:4.1.110.Final) with InstrumentationAnalysisTransform
Transforming commons-codec-1.11.jar (commons-codec:commons-codec:1.11) with ExternalDependencyInstrumentingArtifactTransform
Transforming netty-codec-socks-4.1.110.Final.jar (io.netty:netty-codec-socks:4.1.110.Final) with MergeInstrumentationAnalysisTransform
Transforming netty-codec-4.1.110.Final.jar (io.netty:netty-codec:4.1.110.Final) with InstrumentationAnalysisTransform
Transforming netty-codec-4.1.110.Final.jar (io.netty:netty-codec:4.1.110.Final) with MergeInstrumentationAnalysisTransform
Transforming jna-5.6.0.jar (net.java.dev.jna:jna:5.6.0) with ExternalDependencyInstrumentingArtifactTransform
Transforming netty-transport-4.1.110.Final.jar (io.netty:netty-transport:4.1.110.Final) with InstrumentationAnalysisTransform
Transforming netty-codec-socks-4.1.110.Final.jar (io.netty:netty-codec-socks:4.1.110.Final) with ExternalDependencyInstrumentingArtifactTransform
Transforming netty-transport-4.1.110.Final.jar (io.netty:netty-transport:4.1.110.Final) with MergeInstrumentationAnalysisTransform
Transforming netty-buffer-4.1.110.Final.jar (io.netty:netty-buffer:4.1.110.Final) with InstrumentationAnalysisTransform
Transforming netty-codec-4.1.110.Final.jar (io.netty:netty-codec:4.1.110.Final) with ExternalDependencyInstrumentingArtifactTransform
Transforming netty-buffer-4.1.110.Final.jar (io.netty:netty-buffer:4.1.110.Final) with MergeInstrumentationAnalysisTransform
Transforming netty-transport-4.1.110.Final.jar (io.netty:netty-transport:4.1.110.Final) with ExternalDependencyInstrumentingArtifactTransform
Transforming netty-resolver-4.1.110.Final.jar (io.netty:netty-resolver:4.1.110.Final) with InstrumentationAnalysisTransform
Transforming netty-resolver-4.1.110.Final.jar (io.netty:netty-resolver:4.1.110.Final) with MergeInstrumentationAnalysisTransform
Transforming netty-common-4.1.110.Final.jar (io.netty:netty-common:4.1.110.Final) with InstrumentationAnalysisTransform
Transforming netty-common-4.1.110.Final.jar (io.netty:netty-common:4.1.110.Final) with MergeInstrumentationAnalysisTransform
Transforming netty-buffer-4.1.110.Final.jar (io.netty:netty-buffer:4.1.110.Final) with ExternalDependencyInstrumentingArtifactTransform
Transforming netty-resolver-4.1.110.Final.jar (io.netty:netty-resolver:4.1.110.Final) with ExternalDependencyInstrumentingArtifactTransform
Transforming netty-common-4.1.110.Final.jar (io.netty:netty-common:4.1.110.Final) with ExternalDependencyInstrumentingArtifactTransform
Transforming plugins.jar (project :build-logic:plugins) with ProjectDependencyInstrumentingArtifactTransform
Transforming tools.jar (project :build-logic:tools) with ProjectDependencyInstrumentingArtifactTransform
Using default execution profile
Using Kotlin Gradle Plugin gradle811 variant
Detected Android Gradle Plugin compose compiler configuration
Detected Android Gradle Plugin compose compiler configuration
Detected Android Gradle Plugin compose compiler configuration
Detected Android Gradle Plugin compose compiler configuration
Detected Android Gradle Plugin compose compiler configuration

> Configure project :sticky-header-grid
Evaluating project ':sticky-header-grid' using build file '/home/lollerfirst/Signal-Android/sticky-header-grid/build.gradle.kts'.
Transforming classes with InstrumentationAnalysisTransform
Transforming classes with InstrumentationAnalysisTransform
Transforming gradle-8.10.1.jar (com.android.tools.build:gradle:8.10.1) with InstrumentationAnalysisTransform
Transforming gradle-settings-api-8.10.1.jar (com.android.tools.build:gradle-settings-api:8.10.1) with InstrumentationAnalysisTransform
Transforming lint-model-31.10.1.jar (com.android.tools.lint:lint-model:31.10.1) with InstrumentationAnalysisTransform
Transforming builder-8.10.1.jar (com.android.tools.build:builder:8.10.1) with InstrumentationAnalysisTransform
Transforming manifest-merger-31.10.1.jar (com.android.tools.build:manifest-merger:31.10.1) with InstrumentationAnalysisTransform
Transforming sdk-common-31.10.1.jar (com.android.tools:sdk-common:31.10.1) with InstrumentationAnalysisTransform
Transforming sdklib-31.10.1.jar (com.android.tools:sdklib:31.10.1) with InstrumentationAnalysisTransform
Transforming repository-31.10.1.jar (com.android.tools:repository:31.10.1) with InstrumentationAnalysisTransform
Transforming aaptcompiler-8.10.1.jar (com.android.tools.build:aaptcompiler:8.10.1) with InstrumentationAnalysisTransform
Transforming tracker-31.10.1.jar (com.android.tools.analytics-library:tracker:31.10.1) with InstrumentationAnalysisTransform
Transforming shared-31.10.1.jar (com.android.tools.analytics-library:shared:31.10.1) with InstrumentationAnalysisTransform
Transforming databinding-compiler-common-8.10.1.jar (androidx.databinding:databinding-compiler-common:8.10.1) with InstrumentationAnalysisTransform
Transforming android-test-plugin-host-emulator-control-proto-31.10.1.jar (com.android.tools.utp:android-test-plugin-host-emulator-control-proto:31.10.1) with InstrumentationAnalysisTransform
Transforming builder-model-8.10.1.jar (com.android.tools.build:builder-model:8.10.1) with InstrumentationAnalysisTransform
Transforming gradle-api-8.10.1.jar (com.android.tools.build:gradle-api:8.10.1) with InstrumentationAnalysisTransform
Transforming builder-test-api-8.10.1.jar (com.android.tools.build:builder-test-api:8.10.1) with InstrumentationAnalysisTransform
Transforming ddmlib-31.10.1.jar (com.android.tools.ddms:ddmlib:31.10.1) with InstrumentationAnalysisTransform
Transforming layoutlib-api-31.10.1.jar (com.android.tools.layoutlib:layoutlib-api:31.10.1) with InstrumentationAnalysisTransform
Transforming dvlib-31.10.1.jar (com.android.tools:dvlib:31.10.1) with InstrumentationAnalysisTransform
Transforming common-31.10.1.jar (com.android.tools:common:31.10.1) with InstrumentationAnalysisTransform
Transforming kotlin-stdlib-jdk8-2.1.0.jar (org.jetbrains.kotlin:kotlin-stdlib-jdk8:2.1.0) with InstrumentationAnalysisTransform
Transforming jetifier-processor-1.0.0-beta10.jar (com.android.tools.build.jetifier:jetifier-processor:1.0.0-beta10) with InstrumentationAnalysisTransform
Transforming jetifier-core-1.0.0-beta10.jar (com.android.tools.build.jetifier:jetifier-core:1.0.0-beta10) with InstrumentationAnalysisTransform
Transforming kotlin-reflect-2.0.20.jar (org.jetbrains.kotlin:kotlin-reflect:2.0.20) with InstrumentationAnalysisTransform
Transforming kotlin-stdlib-jdk7-2.1.0.jar (org.jetbrains.kotlin:kotlin-stdlib-jdk7:2.1.0) with InstrumentationAnalysisTransform
Transforming kotlin-stdlib-2.0.20.jar (org.jetbrains.kotlin:kotlin-stdlib:2.0.20) with InstrumentationAnalysisTransform
Transforming annotations-13.0.jar (org.jetbrains:annotations:13.0) with InstrumentationAnalysisTransform
Transforming kotlin-gradle-plugin-model-2.2.20.jar (org.jetbrains.kotlin:kotlin-gradle-plugin-model:2.2.20) with InstrumentationAnalysisTransform
Transforming fus-statistics-gradle-plugin-2.2.20-gradle811.jar (org.jetbrains.kotlin:fus-statistics-gradle-plugin:2.2.20) with InstrumentationAnalysisTransform
Transforming kotlin-gradle-plugin-api-2.2.20.jar (org.jetbrains.kotlin:kotlin-gradle-plugin-api:2.2.20) with InstrumentationAnalysisTransform
Transforming kotlin-gradle-plugin-api-2.2.20-gradle811.jar (org.jetbrains.kotlin:kotlin-gradle-plugin-api:2.2.20) with InstrumentationAnalysisTransform
Transforming kotlin-gradle-plugin-2.2.20-gradle811.jar (org.jetbrains.kotlin:kotlin-gradle-plugin:2.2.20) with InstrumentationAnalysisTransform
Transforming ktlint-gradle-12.1.1.jar (org.jlleitschuh.gradle:ktlint-gradle:12.1.1) with InstrumentationAnalysisTransform
Transforming kotlin-gradle-plugin-idea-proto-2.2.20.jar (org.jetbrains.kotlin:kotlin-gradle-plugin-idea-proto:2.2.20) with InstrumentationAnalysisTransform
Transforming kotlin-gradle-plugin-idea-2.2.20.jar (org.jetbrains.kotlin:kotlin-gradle-plugin-idea:2.2.20) with InstrumentationAnalysisTransform
Transforming kotlin-klib-commonizer-api-2.2.20.jar (org.jetbrains.kotlin:kotlin-klib-commonizer-api:2.2.20) with InstrumentationAnalysisTransform
Transforming kotlin-build-statistics-2.2.20.jar (org.jetbrains.kotlin:kotlin-build-statistics:2.2.20) with InstrumentationAnalysisTransform
Transforming kotlin-util-klib-metadata-2.2.20.jar (org.jetbrains.kotlin:kotlin-util-klib-metadata:2.2.20) with InstrumentationAnalysisTransform
Transforming abi-tools-api-2.2.20.jar (org.jetbrains.kotlin:abi-tools-api:2.2.20) with InstrumentationAnalysisTransform
Transforming kotlin-compiler-runner-2.2.20.jar (org.jetbrains.kotlin:kotlin-compiler-runner:2.2.20) with InstrumentationAnalysisTransform
Transforming dnsjava-2.1.9.jar (dnsjava:dnsjava:2.1.9) with InstrumentationAnalysisTransform
Transforming kotlin-gradle-plugin-annotations-2.2.20.jar (org.jetbrains.kotlin:kotlin-gradle-plugin-annotations:2.2.20) with InstrumentationAnalysisTransform
Transforming kotlin-native-utils-2.2.20.jar (org.jetbrains.kotlin:kotlin-native-utils:2.2.20) with InstrumentationAnalysisTransform
Transforming kotlin-tooling-core-2.2.20.jar (org.jetbrains.kotlin:kotlin-tooling-core:2.2.20) with InstrumentationAnalysisTransform
Transforming kotlin-build-tools-api-2.2.20.jar (org.jetbrains.kotlin:kotlin-build-tools-api:2.2.20) with InstrumentationAnalysisTransform
Transforming android-test-plugin-result-listener-gradle-proto-31.10.1.jar (com.android.tools.utp:android-test-plugin-result-listener-gradle-proto:31.10.1) with InstrumentationAnalysisTransform
Transforming bundletool-1.18.0.jar (com.android.tools.build:bundletool:1.18.0) with InstrumentationAnalysisTransform
Transforming protobuf-java-util-3.25.5.jar (com.google.protobuf:protobuf-java-util:3.25.5) with InstrumentationAnalysisTransform
Transforming grpc-netty-1.69.1.jar (io.grpc:grpc-netty:1.69.1) with InstrumentationAnalysisTransform
Transforming grpc-inprocess-1.69.1.jar (io.grpc:grpc-inprocess:1.69.1) with InstrumentationAnalysisTransform
Transforming grpc-util-1.69.1.jar (io.grpc:grpc-util:1.69.1) with InstrumentationAnalysisTransform
Transforming grpc-core-1.69.1.jar (io.grpc:grpc-core:1.69.1) with InstrumentationAnalysisTransform
Transforming tink-1.7.0.jar (com.google.crypto.tink:tink:1.7.0) with InstrumentationAnalysisTransform
Transforming gson-2.11.0.jar (com.google.code.gson:gson:2.11.0) with InstrumentationAnalysisTransform
Transforming kotlin-util-klib-2.2.20.jar (org.jetbrains.kotlin:kotlin-util-klib:2.2.20) with InstrumentationAnalysisTransform
Transforming kotlin-util-io-2.2.20.jar (org.jetbrains.kotlin:kotlin-util-io:2.2.20) with InstrumentationAnalysisTransform
Transforming kotlin-daemon-client-2.2.20.jar (org.jetbrains.kotlin:kotlin-daemon-client:2.2.20) with InstrumentationAnalysisTransform
Transforming kotlinx-coroutines-core-jvm-1.8.0.jar (org.jetbrains.kotlinx:kotlinx-coroutines-core-jvm:1.8.0) with InstrumentationAnalysisTransform
Transforming aapt2-proto-8.10.1-12782657.jar (com.android.tools.build:aapt2-proto:8.10.1-12782657) with InstrumentationAnalysisTransform
Transforming crash-31.10.1.jar (com.android.tools.analytics-library:crash:31.10.1) with InstrumentationAnalysisTransform
Transforming lint-typedef-remover-31.10.1.jar (com.android.tools.lint:lint-typedef-remover:31.10.1) with InstrumentationAnalysisTransform
Transforming databinding-common-8.10.1.jar (androidx.databinding:databinding-common:8.10.1) with InstrumentationAnalysisTransform
Transforming baseLibrary-8.10.1.jar (com.android.databinding:baseLibrary:8.10.1) with InstrumentationAnalysisTransform
Transforming android-device-provider-ddmlib-proto-31.10.1.jar (com.android.tools.utp:android-device-provider-ddmlib-proto:31.10.1) with InstrumentationAnalysisTransform
Transforming android-device-provider-gradle-proto-31.10.1.jar (com.android.tools.utp:android-device-provider-gradle-proto:31.10.1) with InstrumentationAnalysisTransform
Transforming android-device-provider-profile-proto-31.10.1.jar (com.android.tools.utp:android-device-provider-profile-proto:31.10.1) with InstrumentationAnalysisTransform
Transforming android-test-plugin-host-additional-test-output-proto-31.10.1.jar (com.android.tools.utp:android-test-plugin-host-additional-test-output-proto:31.10.1) with InstrumentationAnalysisTransform
Transforming android-test-plugin-host-coverage-proto-31.10.1.jar (com.android.tools.utp:android-test-plugin-host-coverage-proto:31.10.1) with InstrumentationAnalysisTransform
Transforming android-test-plugin-host-logcat-proto-31.10.1.jar (com.android.tools.utp:android-test-plugin-host-logcat-proto:31.10.1) with InstrumentationAnalysisTransform
Transforming android-test-plugin-host-apk-installer-proto-31.10.1.jar (com.android.tools.utp:android-test-plugin-host-apk-installer-proto:31.10.1) with InstrumentationAnalysisTransform
Transforming transform-api-2.0.0-deprecated-use-gradle-api.jar (com.android.tools.build:transform-api:2.0.0-deprecated-use-gradle-api) with InstrumentationAnalysisTransform
Transforming httpmime-4.5.6.jar (org.apache.httpcomponents:httpmime:4.5.6) with InstrumentationAnalysisTransform
Transforming commons-io-2.16.1.jar (commons-io:commons-io:2.16.1) with InstrumentationAnalysisTransform
Transforming asm-commons-9.7.1.jar (org.ow2.asm:asm-commons:9.7.1) with InstrumentationAnalysisTransform
Transforming asm-util-9.7.1.jar (org.ow2.asm:asm-util:9.7.1) with InstrumentationAnalysisTransform
Transforming asm-analysis-9.7.1.jar (org.ow2.asm:asm-analysis:9.7.1) with InstrumentationAnalysisTransform
Transforming asm-tree-9.7.1.jar (org.ow2.asm:asm-tree:9.7.1) with InstrumentationAnalysisTransform
Transforming asm-9.7.1.jar (org.ow2.asm:asm:9.7.1) with InstrumentationAnalysisTransform
Transforming apkzlib-8.10.1.jar (com.android.tools.build:apkzlib:8.10.1) with InstrumentationAnalysisTransform
Transforming bcpkix-jdk18on-1.79.jar (org.bouncycastle:bcpkix-jdk18on:1.79) with InstrumentationAnalysisTransform
Transforming jaxb-runtime-2.3.2.jar (org.glassfish.jaxb:jaxb-runtime:2.3.2) with InstrumentationAnalysisTransform
Transforming jopt-simple-4.9.jar (net.sf.jopt-simple:jopt-simple:4.9) with InstrumentationAnalysisTransform
Transforming javapoet-1.10.0.jar (com.squareup:javapoet:1.10.0) with InstrumentationAnalysisTransform
Transforming grpc-protobuf-1.69.1.jar (io.grpc:grpc-protobuf:1.69.1) with InstrumentationAnalysisTransform
Transforming core-proto-0.0.9-alpha03.jar (com.google.testing.platform:core-proto:0.0.9-alpha03) with InstrumentationAnalysisTransform
Transforming protos-31.10.1.jar (com.android.tools.analytics-library:protos:31.10.1) with InstrumentationAnalysisTransform
Transforming proto-google-common-protos-2.48.0.jar (com.google.api.grpc:proto-google-common-protos:2.48.0) with InstrumentationAnalysisTransform
Transforming protobuf-java-3.25.5.jar (com.google.protobuf:protobuf-java:3.25.5) with InstrumentationAnalysisTransform
Transforming grpc-stub-1.69.1.jar (io.grpc:grpc-stub:1.69.1) with InstrumentationAnalysisTransform
Transforming tensorflow-lite-metadata-0.2.0.jar (org.tensorflow:tensorflow-lite-metadata:0.2.0) with InstrumentationAnalysisTransform
Transforming flatbuffers-java-1.12.0.jar (com.google.flatbuffers:flatbuffers-java:1.12.0) with InstrumentationAnalysisTransform
Transforming jimfs-1.1.jar (com.google.jimfs:jimfs:1.1) with InstrumentationAnalysisTransform
Transforming grpc-context-1.69.1.jar (io.grpc:grpc-context:1.69.1) with InstrumentationAnalysisTransform
Transforming grpc-protobuf-lite-1.69.1.jar (io.grpc:grpc-protobuf-lite:1.69.1) with InstrumentationAnalysisTransform
Transforming grpc-api-1.69.1.jar (io.grpc:grpc-api:1.69.1) with InstrumentationAnalysisTransform
Transforming guava-33.3.1-jre.jar (com.google.guava:guava:33.3.1-jre) with InstrumentationAnalysisTransform
Transforming error_prone_annotations-2.30.0.jar (com.google.errorprone:error_prone_annotations:2.30.0) with InstrumentationAnalysisTransform
Transforming dagger-2.28.3.jar (com.google.dagger:dagger:2.28.3) with InstrumentationAnalysisTransform
Transforming javax.inject-1.jar (javax.inject:javax.inject:1) with InstrumentationAnalysisTransform
Transforming kxml2-2.3.0.jar (net.sf.kxml:kxml2:2.3.0) with InstrumentationAnalysisTransform
Transforming commons-compress-1.21.jar (org.apache.commons:commons-compress:1.21) with InstrumentationAnalysisTransform
Transforming bcutil-jdk18on-1.79.jar (org.bouncycastle:bcutil-jdk18on:1.79) with InstrumentationAnalysisTransform
Transforming bcprov-jdk18on-1.79.jar (org.bouncycastle:bcprov-jdk18on:1.79) with InstrumentationAnalysisTransform
Transforming httpclient-4.5.14.jar (org.apache.httpcomponents:httpclient:4.5.14) with InstrumentationAnalysisTransform
Transforming httpcore-4.4.16.jar (org.apache.httpcomponents:httpcore:4.4.16) with InstrumentationAnalysisTransform
Transforming javax.activation-1.2.0.jar (com.sun.activation:javax.activation:1.2.0) with InstrumentationAnalysisTransform
Transforming signflinger-8.10.1.jar (com.android:signflinger:8.10.1) with InstrumentationAnalysisTransform
Transforming zipflinger-8.10.1.jar (com.android:zipflinger:8.10.1) with InstrumentationAnalysisTransform
Transforming annotations-31.10.1.jar (com.android.tools:annotations:31.10.1) with InstrumentationAnalysisTransform
Transforming jna-platform-5.6.0.jar (net.java.dev.jna:jna-platform:5.6.0) with InstrumentationAnalysisTransform
Transforming juniversalchardet-1.0.3.jar (com.googlecode.juniversalchardet:juniversalchardet:1.0.3) with InstrumentationAnalysisTransform
Transforming javax.annotation-api-1.3.2.jar (javax.annotation:javax.annotation-api:1.3.2) with InstrumentationAnalysisTransform
Transforming stax-ex-1.8.1.jar (org.jvnet.staxex:stax-ex:1.8.1) with InstrumentationAnalysisTransform
Transforming jakarta.xml.bind-api-2.3.2.jar (jakarta.xml.bind:jakarta.xml.bind-api:2.3.2) with InstrumentationAnalysisTransform
Transforming txw2-2.3.2.jar (org.glassfish.jaxb:txw2:2.3.2) with InstrumentationAnalysisTransform
Transforming istack-commons-runtime-3.0.8.jar (com.sun.istack:istack-commons-runtime:3.0.8) with InstrumentationAnalysisTransform
Transforming FastInfoset-1.2.16.jar (com.sun.xml.fastinfoset:FastInfoset:1.2.16) with InstrumentationAnalysisTransform
Transforming jakarta.activation-api-1.2.1.jar (jakarta.activation:jakarta.activation-api:1.2.1) with InstrumentationAnalysisTransform
Transforming auto-value-annotations-1.6.2.jar (com.google.auto.value:auto-value-annotations:1.6.2) with InstrumentationAnalysisTransform
Transforming jose4j-0.9.5.jar (org.bitbucket.b_c:jose4j:0.9.5) with InstrumentationAnalysisTransform
Transforming slf4j-api-1.7.30.jar (org.slf4j:slf4j-api:1.7.30) with InstrumentationAnalysisTransform
Transforming jdom2-2.0.6.jar (org.jdom:jdom2:2.0.6) with InstrumentationAnalysisTransform
Transforming jsr305-3.0.2.jar (com.google.code.findbugs:jsr305:3.0.2) with InstrumentationAnalysisTransform
Transforming j2objc-annotations-3.0.0.jar (com.google.j2objc:j2objc-annotations:3.0.0) with InstrumentationAnalysisTransform
Transforming annotations-4.1.1.4.jar (com.google.android:annotations:4.1.1.4) with InstrumentationAnalysisTransform
Transforming animal-sniffer-annotations-1.24.jar (org.codehaus.mojo:animal-sniffer-annotations:1.24) with InstrumentationAnalysisTransform
Transforming perfmark-api-0.27.0.jar (io.perfmark:perfmark-api:0.27.0) with InstrumentationAnalysisTransform
Transforming netty-codec-http2-4.1.110.Final.jar (io.netty:netty-codec-http2:4.1.110.Final) with InstrumentationAnalysisTransform
Transforming netty-handler-proxy-4.1.110.Final.jar (io.netty:netty-handler-proxy:4.1.110.Final) with InstrumentationAnalysisTransform
Transforming netty-codec-http-4.1.110.Final.jar (io.netty:netty-codec-http:4.1.110.Final) with InstrumentationAnalysisTransform
Transforming netty-handler-4.1.110.Final.jar (io.netty:netty-handler:4.1.110.Final) with InstrumentationAnalysisTransform
Transforming netty-transport-native-unix-common-4.1.110.Final.jar (io.netty:netty-transport-native-unix-common:4.1.110.Final) with InstrumentationAnalysisTransform
Transforming checker-qual-3.43.0.jar (org.checkerframework:checker-qual:3.43.0) with InstrumentationAnalysisTransform
Transforming apksig-8.10.1.jar (com.android.tools.build:apksig:8.10.1) with InstrumentationAnalysisTransform
Transforming javawriter-2.5.0.jar (com.squareup:javawriter:2.5.0) with InstrumentationAnalysisTransform
Transforming failureaccess-1.0.2.jar (com.google.guava:failureaccess:1.0.2) with InstrumentationAnalysisTransform
Transforming listenablefuture-9999.0-empty-to-avoid-conflict-with-guava.jar (com.google.guava:listenablefuture:9999.0-empty-to-avoid-conflict-with-guava) with InstrumentationAnalysisTransform
Transforming commons-logging-1.2.jar (commons-logging:commons-logging:1.2) with InstrumentationAnalysisTransform
Transforming commons-codec-1.11.jar (commons-codec:commons-codec:1.11) with InstrumentationAnalysisTransform
Transforming jna-5.6.0.jar (net.java.dev.jna:jna:5.6.0) with InstrumentationAnalysisTransform
Transforming netty-codec-socks-4.1.110.Final.jar (io.netty:netty-codec-socks:4.1.110.Final) with InstrumentationAnalysisTransform
Transforming netty-codec-4.1.110.Final.jar (io.netty:netty-codec:4.1.110.Final) with InstrumentationAnalysisTransform
Transforming netty-transport-4.1.110.Final.jar (io.netty:netty-transport:4.1.110.Final) with InstrumentationAnalysisTransform
Transforming netty-buffer-4.1.110.Final.jar (io.netty:netty-buffer:4.1.110.Final) with InstrumentationAnalysisTransform
Transforming netty-resolver-4.1.110.Final.jar (io.netty:netty-resolver:4.1.110.Final) with InstrumentationAnalysisTransform
Transforming netty-common-4.1.110.Final.jar (io.netty:netty-common:4.1.110.Final) with InstrumentationAnalysisTransform
Transforming main (project :build-logic:plugins) with InstrumentationAnalysisTransform
Transforming main (project :build-logic:plugins) with InstrumentationAnalysisTransform
Transforming main (project :build-logic:plugins) with InstrumentationAnalysisTransform
Transforming main (project :build-logic:tools) with InstrumentationAnalysisTransform
Transforming main (project :build-logic:tools) with InstrumentationAnalysisTransform
Transforming classes with InstrumentationAnalysisTransform
Transforming classes with MergeInstrumentationAnalysisTransform
Transforming classes with InstrumentationAnalysisTransform
Transforming classes with MergeInstrumentationAnalysisTransform
Transforming gradle-8.10.1.jar (com.android.tools.build:gradle:8.10.1) with InstrumentationAnalysisTransform
Transforming gradle-8.10.1.jar (com.android.tools.build:gradle:8.10.1) with MergeInstrumentationAnalysisTransform
Transforming gradle-settings-api-8.10.1.jar (com.android.tools.build:gradle-settings-api:8.10.1) with InstrumentationAnalysisTransform
Transforming gradle-settings-api-8.10.1.jar (com.android.tools.build:gradle-settings-api:8.10.1) with MergeInstrumentationAnalysisTransform
Transforming lint-model-31.10.1.jar (com.android.tools.lint:lint-model:31.10.1) with InstrumentationAnalysisTransform
Transforming lint-model-31.10.1.jar (com.android.tools.lint:lint-model:31.10.1) with MergeInstrumentationAnalysisTransform
Transforming classes with ExternalDependencyInstrumentingArtifactTransform
Transforming classes with ExternalDependencyInstrumentingArtifactTransform
Transforming gradle-8.10.1.jar (com.android.tools.build:gradle:8.10.1) with ExternalDependencyInstrumentingArtifactTransform
Transforming builder-8.10.1.jar (com.android.tools.build:builder:8.10.1) with InstrumentationAnalysisTransform
Transforming gradle-settings-api-8.10.1.jar (com.android.tools.build:gradle-settings-api:8.10.1) with ExternalDependencyInstrumentingArtifactTransform
Transforming builder-8.10.1.jar (com.android.tools.build:builder:8.10.1) with MergeInstrumentationAnalysisTransform
Transforming lint-model-31.10.1.jar (com.android.tools.lint:lint-model:31.10.1) with ExternalDependencyInstrumentingArtifactTransform
Transforming manifest-merger-31.10.1.jar (com.android.tools.build:manifest-merger:31.10.1) with InstrumentationAnalysisTransform
Transforming manifest-merger-31.10.1.jar (com.android.tools.build:manifest-merger:31.10.1) with MergeInstrumentationAnalysisTransform
Transforming sdk-common-31.10.1.jar (com.android.tools:sdk-common:31.10.1) with InstrumentationAnalysisTransform
Transforming builder-8.10.1.jar (com.android.tools.build:builder:8.10.1) with ExternalDependencyInstrumentingArtifactTransform
Transforming sdk-common-31.10.1.jar (com.android.tools:sdk-common:31.10.1) with MergeInstrumentationAnalysisTransform
Transforming sdklib-31.10.1.jar (com.android.tools:sdklib:31.10.1) with InstrumentationAnalysisTransform
Transforming manifest-merger-31.10.1.jar (com.android.tools.build:manifest-merger:31.10.1) with ExternalDependencyInstrumentingArtifactTransform
Transforming sdklib-31.10.1.jar (com.android.tools:sdklib:31.10.1) with MergeInstrumentationAnalysisTransform
Transforming repository-31.10.1.jar (com.android.tools:repository:31.10.1) with InstrumentationAnalysisTransform
Transforming repository-31.10.1.jar (com.android.tools:repository:31.10.1) with MergeInstrumentationAnalysisTransform
Transforming aaptcompiler-8.10.1.jar (com.android.tools.build:aaptcompiler:8.10.1) with InstrumentationAnalysisTransform
Transforming aaptcompiler-8.10.1.jar (com.android.tools.build:aaptcompiler:8.10.1) with MergeInstrumentationAnalysisTransform
Transforming sdk-common-31.10.1.jar (com.android.tools:sdk-common:31.10.1) with ExternalDependencyInstrumentingArtifactTransform
Transforming tracker-31.10.1.jar (com.android.tools.analytics-library:tracker:31.10.1) with InstrumentationAnalysisTransform
Transforming sdklib-31.10.1.jar (com.android.tools:sdklib:31.10.1) with ExternalDependencyInstrumentingArtifactTransform
Transforming tracker-31.10.1.jar (com.android.tools.analytics-library:tracker:31.10.1) with MergeInstrumentationAnalysisTransform
Transforming shared-31.10.1.jar (com.android.tools.analytics-library:shared:31.10.1) with InstrumentationAnalysisTransform
Transforming shared-31.10.1.jar (com.android.tools.analytics-library:shared:31.10.1) with MergeInstrumentationAnalysisTransform
Transforming databinding-compiler-common-8.10.1.jar (androidx.databinding:databinding-compiler-common:8.10.1) with InstrumentationAnalysisTransform
Transforming aaptcompiler-8.10.1.jar (com.android.tools.build:aaptcompiler:8.10.1) with ExternalDependencyInstrumentingArtifactTransform
Transforming databinding-compiler-common-8.10.1.jar (androidx.databinding:databinding-compiler-common:8.10.1) with MergeInstrumentationAnalysisTransform
Transforming repository-31.10.1.jar (com.android.tools:repository:31.10.1) with ExternalDependencyInstrumentingArtifactTransform
Transforming shared-31.10.1.jar (com.android.tools.analytics-library:shared:31.10.1) with ExternalDependencyInstrumentingArtifactTransform
Transforming android-test-plugin-host-emulator-control-proto-31.10.1.jar (com.android.tools.utp:android-test-plugin-host-emulator-control-proto:31.10.1) with InstrumentationAnalysisTransform
Transforming databinding-compiler-common-8.10.1.jar (androidx.databinding:databinding-compiler-common:8.10.1) with ExternalDependencyInstrumentingArtifactTransform
Transforming android-test-plugin-host-emulator-control-proto-31.10.1.jar (com.android.tools.utp:android-test-plugin-host-emulator-control-proto:31.10.1) with MergeInstrumentationAnalysisTransform
Transforming tracker-31.10.1.jar (com.android.tools.analytics-library:tracker:31.10.1) with ExternalDependencyInstrumentingArtifactTransform
Transforming builder-model-8.10.1.jar (com.android.tools.build:builder-model:8.10.1) with InstrumentationAnalysisTransform
Transforming builder-model-8.10.1.jar (com.android.tools.build:builder-model:8.10.1) with MergeInstrumentationAnalysisTransform
Transforming gradle-api-8.10.1.jar (com.android.tools.build:gradle-api:8.10.1) with InstrumentationAnalysisTransform
Transforming gradle-api-8.10.1.jar (com.android.tools.build:gradle-api:8.10.1) with MergeInstrumentationAnalysisTransform
Transforming builder-test-api-8.10.1.jar (com.android.tools.build:builder-test-api:8.10.1) with InstrumentationAnalysisTransform
Transforming android-test-plugin-host-emulator-control-proto-31.10.1.jar (com.android.tools.utp:android-test-plugin-host-emulator-control-proto:31.10.1) with ExternalDependencyInstrumentingArtifactTransform
Transforming builder-model-8.10.1.jar (com.android.tools.build:builder-model:8.10.1) with ExternalDependencyInstrumentingArtifactTransform
Transforming builder-test-api-8.10.1.jar (com.android.tools.build:builder-test-api:8.10.1) with MergeInstrumentationAnalysisTransform
Transforming ddmlib-31.10.1.jar (com.android.tools.ddms:ddmlib:31.10.1) with InstrumentationAnalysisTransform
Transforming gradle-api-8.10.1.jar (com.android.tools.build:gradle-api:8.10.1) with ExternalDependencyInstrumentingArtifactTransform
Transforming ddmlib-31.10.1.jar (com.android.tools.ddms:ddmlib:31.10.1) with MergeInstrumentationAnalysisTransform
Transforming layoutlib-api-31.10.1.jar (com.android.tools.layoutlib:layoutlib-api:31.10.1) with InstrumentationAnalysisTransform
Transforming builder-test-api-8.10.1.jar (com.android.tools.build:builder-test-api:8.10.1) with ExternalDependencyInstrumentingArtifactTransform
Transforming layoutlib-api-31.10.1.jar (com.android.tools.layoutlib:layoutlib-api:31.10.1) with MergeInstrumentationAnalysisTransform
Transforming dvlib-31.10.1.jar (com.android.tools:dvlib:31.10.1) with InstrumentationAnalysisTransform
Transforming dvlib-31.10.1.jar (com.android.tools:dvlib:31.10.1) with MergeInstrumentationAnalysisTransform
Transforming common-31.10.1.jar (com.android.tools:common:31.10.1) with InstrumentationAnalysisTransform
Transforming common-31.10.1.jar (com.android.tools:common:31.10.1) with MergeInstrumentationAnalysisTransform
Transforming ddmlib-31.10.1.jar (com.android.tools.ddms:ddmlib:31.10.1) with ExternalDependencyInstrumentingArtifactTransform
Transforming kotlin-stdlib-jdk8-2.1.0.jar (org.jetbrains.kotlin:kotlin-stdlib-jdk8:2.1.0) with InstrumentationAnalysisTransform
Transforming layoutlib-api-31.10.1.jar (com.android.tools.layoutlib:layoutlib-api:31.10.1) with ExternalDependencyInstrumentingArtifactTransform
Transforming kotlin-stdlib-jdk8-2.1.0.jar (org.jetbrains.kotlin:kotlin-stdlib-jdk8:2.1.0) with MergeInstrumentationAnalysisTransform
Transforming jetifier-processor-1.0.0-beta10.jar (com.android.tools.build.jetifier:jetifier-processor:1.0.0-beta10) with InstrumentationAnalysisTransform
Transforming jetifier-processor-1.0.0-beta10.jar (com.android.tools.build.jetifier:jetifier-processor:1.0.0-beta10) with MergeInstrumentationAnalysisTransform
Transforming jetifier-core-1.0.0-beta10.jar (com.android.tools.build.jetifier:jetifier-core:1.0.0-beta10) with InstrumentationAnalysisTransform
Transforming common-31.10.1.jar (com.android.tools:common:31.10.1) with ExternalDependencyInstrumentingArtifactTransform
Transforming jetifier-core-1.0.0-beta10.jar (com.android.tools.build.jetifier:jetifier-core:1.0.0-beta10) with MergeInstrumentationAnalysisTransform
Transforming dvlib-31.10.1.jar (com.android.tools:dvlib:31.10.1) with ExternalDependencyInstrumentingArtifactTransform
Transforming kotlin-stdlib-jdk8-2.1.0.jar (org.jetbrains.kotlin:kotlin-stdlib-jdk8:2.1.0) with ExternalDependencyInstrumentingArtifactTransform
Transforming kotlin-reflect-2.0.20.jar (org.jetbrains.kotlin:kotlin-reflect:2.0.20) with InstrumentationAnalysisTransform
Transforming jetifier-processor-1.0.0-beta10.jar (com.android.tools.build.jetifier:jetifier-processor:1.0.0-beta10) with ExternalDependencyInstrumentingArtifactTransform
Transforming jetifier-core-1.0.0-beta10.jar (com.android.tools.build.jetifier:jetifier-core:1.0.0-beta10) with ExternalDependencyInstrumentingArtifactTransform
Transforming kotlin-reflect-2.0.20.jar (org.jetbrains.kotlin:kotlin-reflect:2.0.20) with MergeInstrumentationAnalysisTransform
Transforming kotlin-stdlib-jdk7-2.1.0.jar (org.jetbrains.kotlin:kotlin-stdlib-jdk7:2.1.0) with InstrumentationAnalysisTransform
Transforming kotlin-stdlib-jdk7-2.1.0.jar (org.jetbrains.kotlin:kotlin-stdlib-jdk7:2.1.0) with MergeInstrumentationAnalysisTransform
Transforming kotlin-stdlib-2.0.20.jar (org.jetbrains.kotlin:kotlin-stdlib:2.0.20) with InstrumentationAnalysisTransform
Transforming kotlin-reflect-2.0.20.jar (org.jetbrains.kotlin:kotlin-reflect:2.0.20) with ExternalDependencyInstrumentingArtifactTransform
Transforming kotlin-stdlib-2.0.20.jar (org.jetbrains.kotlin:kotlin-stdlib:2.0.20) with MergeInstrumentationAnalysisTransform
Transforming annotations-13.0.jar (org.jetbrains:annotations:13.0) with InstrumentationAnalysisTransform
Transforming kotlin-stdlib-jdk7-2.1.0.jar (org.jetbrains.kotlin:kotlin-stdlib-jdk7:2.1.0) with ExternalDependencyInstrumentingArtifactTransform
Transforming annotations-13.0.jar (org.jetbrains:annotations:13.0) with MergeInstrumentationAnalysisTransform
Transforming kotlin-stdlib-2.0.20.jar (org.jetbrains.kotlin:kotlin-stdlib:2.0.20) with ExternalDependencyInstrumentingArtifactTransform
Transforming kotlin-gradle-plugin-model-2.2.20.jar (org.jetbrains.kotlin:kotlin-gradle-plugin-model:2.2.20) with InstrumentationAnalysisTransform
Transforming kotlin-gradle-plugin-model-2.2.20.jar (org.jetbrains.kotlin:kotlin-gradle-plugin-model:2.2.20) with MergeInstrumentationAnalysisTransform
Transforming fus-statistics-gradle-plugin-2.2.20-gradle811.jar (org.jetbrains.kotlin:fus-statistics-gradle-plugin:2.2.20) with InstrumentationAnalysisTransform
Transforming fus-statistics-gradle-plugin-2.2.20-gradle811.jar (org.jetbrains.kotlin:fus-statistics-gradle-plugin:2.2.20) with MergeInstrumentationAnalysisTransform
Transforming annotations-13.0.jar (org.jetbrains:annotations:13.0) with ExternalDependencyInstrumentingArtifactTransform
Transforming kotlin-gradle-plugin-api-2.2.20.jar (org.jetbrains.kotlin:kotlin-gradle-plugin-api:2.2.20) with InstrumentationAnalysisTransform
Transforming kotlin-gradle-plugin-model-2.2.20.jar (org.jetbrains.kotlin:kotlin-gradle-plugin-model:2.2.20) with ExternalDependencyInstrumentingArtifactTransform
Transforming fus-statistics-gradle-plugin-2.2.20-gradle811.jar (org.jetbrains.kotlin:fus-statistics-gradle-plugin:2.2.20) with ExternalDependencyInstrumentingArtifactTransform
Transforming kotlin-gradle-plugin-api-2.2.20.jar (org.jetbrains.kotlin:kotlin-gradle-plugin-api:2.2.20) with MergeInstrumentationAnalysisTransform
Transforming kotlin-gradle-plugin-api-2.2.20-gradle811.jar (org.jetbrains.kotlin:kotlin-gradle-plugin-api:2.2.20) with InstrumentationAnalysisTransform
Transforming kotlin-gradle-plugin-api-2.2.20-gradle811.jar (org.jetbrains.kotlin:kotlin-gradle-plugin-api:2.2.20) with MergeInstrumentationAnalysisTransform
Transforming kotlin-gradle-plugin-api-2.2.20.jar (org.jetbrains.kotlin:kotlin-gradle-plugin-api:2.2.20) with ExternalDependencyInstrumentingArtifactTransform
Transforming kotlin-gradle-plugin-2.2.20-gradle811.jar (org.jetbrains.kotlin:kotlin-gradle-plugin:2.2.20) with InstrumentationAnalysisTransform
Transforming kotlin-gradle-plugin-2.2.20-gradle811.jar (org.jetbrains.kotlin:kotlin-gradle-plugin:2.2.20) with MergeInstrumentationAnalysisTransform
Transforming kotlin-gradle-plugin-api-2.2.20-gradle811.jar (org.jetbrains.kotlin:kotlin-gradle-plugin-api:2.2.20) with ExternalDependencyInstrumentingArtifactTransform
Transforming ktlint-gradle-12.1.1.jar (org.jlleitschuh.gradle:ktlint-gradle:12.1.1) with InstrumentationAnalysisTransform
Transforming ktlint-gradle-12.1.1.jar (org.jlleitschuh.gradle:ktlint-gradle:12.1.1) with MergeInstrumentationAnalysisTransform
Transforming kotlin-gradle-plugin-idea-proto-2.2.20.jar (org.jetbrains.kotlin:kotlin-gradle-plugin-idea-proto:2.2.20) with InstrumentationAnalysisTransform
Transforming kotlin-gradle-plugin-idea-proto-2.2.20.jar (org.jetbrains.kotlin:kotlin-gradle-plugin-idea-proto:2.2.20) with MergeInstrumentationAnalysisTransform
Transforming kotlin-gradle-plugin-2.2.20-gradle811.jar (org.jetbrains.kotlin:kotlin-gradle-plugin:2.2.20) with ExternalDependencyInstrumentingArtifactTransform
Transforming ktlint-gradle-12.1.1.jar (org.jlleitschuh.gradle:ktlint-gradle:12.1.1) with ExternalDependencyInstrumentingArtifactTransform
Transforming kotlin-gradle-plugin-idea-2.2.20.jar (org.jetbrains.kotlin:kotlin-gradle-plugin-idea:2.2.20) with InstrumentationAnalysisTransform
Transforming kotlin-gradle-plugin-idea-proto-2.2.20.jar (org.jetbrains.kotlin:kotlin-gradle-plugin-idea-proto:2.2.20) with ExternalDependencyInstrumentingArtifactTransform
Transforming kotlin-gradle-plugin-idea-2.2.20.jar (org.jetbrains.kotlin:kotlin-gradle-plugin-idea:2.2.20) with MergeInstrumentationAnalysisTransform
Transforming kotlin-klib-commonizer-api-2.2.20.jar (org.jetbrains.kotlin:kotlin-klib-commonizer-api:2.2.20) with InstrumentationAnalysisTransform
Transforming kotlin-gradle-plugin-idea-2.2.20.jar (org.jetbrains.kotlin:kotlin-gradle-plugin-idea:2.2.20) with ExternalDependencyInstrumentingArtifactTransform
Transforming kotlin-klib-commonizer-api-2.2.20.jar (org.jetbrains.kotlin:kotlin-klib-commonizer-api:2.2.20) with MergeInstrumentationAnalysisTransform
Transforming kotlin-build-statistics-2.2.20.jar (org.jetbrains.kotlin:kotlin-build-statistics:2.2.20) with InstrumentationAnalysisTransform
Transforming kotlin-build-statistics-2.2.20.jar (org.jetbrains.kotlin:kotlin-build-statistics:2.2.20) with MergeInstrumentationAnalysisTransform
Transforming kotlin-util-klib-metadata-2.2.20.jar (org.jetbrains.kotlin:kotlin-util-klib-metadata:2.2.20) with InstrumentationAnalysisTransform
Transforming kotlin-util-klib-metadata-2.2.20.jar (org.jetbrains.kotlin:kotlin-util-klib-metadata:2.2.20) with MergeInstrumentationAnalysisTransform
Transforming abi-tools-api-2.2.20.jar (org.jetbrains.kotlin:abi-tools-api:2.2.20) with InstrumentationAnalysisTransform
Transforming abi-tools-api-2.2.20.jar (org.jetbrains.kotlin:abi-tools-api:2.2.20) with MergeInstrumentationAnalysisTransform
Transforming kotlin-build-statistics-2.2.20.jar (org.jetbrains.kotlin:kotlin-build-statistics:2.2.20) with ExternalDependencyInstrumentingArtifactTransform
Transforming kotlin-klib-commonizer-api-2.2.20.jar (org.jetbrains.kotlin:kotlin-klib-commonizer-api:2.2.20) with ExternalDependencyInstrumentingArtifactTransform
Transforming kotlin-util-klib-metadata-2.2.20.jar (org.jetbrains.kotlin:kotlin-util-klib-metadata:2.2.20) with ExternalDependencyInstrumentingArtifactTransform
Transforming kotlin-compiler-runner-2.2.20.jar (org.jetbrains.kotlin:kotlin-compiler-runner:2.2.20) with InstrumentationAnalysisTransform
Transforming kotlin-compiler-runner-2.2.20.jar (org.jetbrains.kotlin:kotlin-compiler-runner:2.2.20) with MergeInstrumentationAnalysisTransform
Transforming abi-tools-api-2.2.20.jar (org.jetbrains.kotlin:abi-tools-api:2.2.20) with ExternalDependencyInstrumentingArtifactTransform
Transforming dnsjava-2.1.9.jar (dnsjava:dnsjava:2.1.9) with InstrumentationAnalysisTransform
Transforming dnsjava-2.1.9.jar (dnsjava:dnsjava:2.1.9) with MergeInstrumentationAnalysisTransform
Transforming kotlin-gradle-plugin-annotations-2.2.20.jar (org.jetbrains.kotlin:kotlin-gradle-plugin-annotations:2.2.20) with InstrumentationAnalysisTransform
Transforming kotlin-compiler-runner-2.2.20.jar (org.jetbrains.kotlin:kotlin-compiler-runner:2.2.20) with ExternalDependencyInstrumentingArtifactTransform
Transforming kotlin-gradle-plugin-annotations-2.2.20.jar (org.jetbrains.kotlin:kotlin-gradle-plugin-annotations:2.2.20) with MergeInstrumentationAnalysisTransform
Transforming kotlin-native-utils-2.2.20.jar (org.jetbrains.kotlin:kotlin-native-utils:2.2.20) with InstrumentationAnalysisTransform
Transforming kotlin-native-utils-2.2.20.jar (org.jetbrains.kotlin:kotlin-native-utils:2.2.20) with MergeInstrumentationAnalysisTransform
Transforming kotlin-tooling-core-2.2.20.jar (org.jetbrains.kotlin:kotlin-tooling-core:2.2.20) with InstrumentationAnalysisTransform
Transforming kotlin-tooling-core-2.2.20.jar (org.jetbrains.kotlin:kotlin-tooling-core:2.2.20) with MergeInstrumentationAnalysisTransform
Transforming kotlin-build-tools-api-2.2.20.jar (org.jetbrains.kotlin:kotlin-build-tools-api:2.2.20) with InstrumentationAnalysisTransform
Transforming kotlin-gradle-plugin-annotations-2.2.20.jar (org.jetbrains.kotlin:kotlin-gradle-plugin-annotations:2.2.20) with ExternalDependencyInstrumentingArtifactTransform
Transforming kotlin-native-utils-2.2.20.jar (org.jetbrains.kotlin:kotlin-native-utils:2.2.20) with ExternalDependencyInstrumentingArtifactTransform
Transforming dnsjava-2.1.9.jar (dnsjava:dnsjava:2.1.9) with ExternalDependencyInstrumentingArtifactTransform
Transforming kotlin-build-tools-api-2.2.20.jar (org.jetbrains.kotlin:kotlin-build-tools-api:2.2.20) with MergeInstrumentationAnalysisTransform
Transforming kotlin-tooling-core-2.2.20.jar (org.jetbrains.kotlin:kotlin-tooling-core:2.2.20) with ExternalDependencyInstrumentingArtifactTransform
Transforming android-test-plugin-result-listener-gradle-proto-31.10.1.jar (com.android.tools.utp:android-test-plugin-result-listener-gradle-proto:31.10.1) with InstrumentationAnalysisTransform
Transforming android-test-plugin-result-listener-gradle-proto-31.10.1.jar (com.android.tools.utp:android-test-plugin-result-listener-gradle-proto:31.10.1) with MergeInstrumentationAnalysisTransform
Transforming bundletool-1.18.0.jar (com.android.tools.build:bundletool:1.18.0) with InstrumentationAnalysisTransform
Transforming bundletool-1.18.0.jar (com.android.tools.build:bundletool:1.18.0) with MergeInstrumentationAnalysisTransform
Transforming protobuf-java-util-3.25.5.jar (com.google.protobuf:protobuf-java-util:3.25.5) with InstrumentationAnalysisTransform
Transforming protobuf-java-util-3.25.5.jar (com.google.protobuf:protobuf-java-util:3.25.5) with MergeInstrumentationAnalysisTransform
Transforming grpc-netty-1.69.1.jar (io.grpc:grpc-netty:1.69.1) with InstrumentationAnalysisTransform
Transforming kotlin-build-tools-api-2.2.20.jar (org.jetbrains.kotlin:kotlin-build-tools-api:2.2.20) with ExternalDependencyInstrumentingArtifactTransform
Transforming android-test-plugin-result-listener-gradle-proto-31.10.1.jar (com.android.tools.utp:android-test-plugin-result-listener-gradle-proto:31.10.1) with ExternalDependencyInstrumentingArtifactTransform
Transforming bundletool-1.18.0.jar (com.android.tools.build:bundletool:1.18.0) with ExternalDependencyInstrumentingArtifactTransform
Transforming grpc-netty-1.69.1.jar (io.grpc:grpc-netty:1.69.1) with MergeInstrumentationAnalysisTransform
Transforming protobuf-java-util-3.25.5.jar (com.google.protobuf:protobuf-java-util:3.25.5) with ExternalDependencyInstrumentingArtifactTransform
Transforming grpc-inprocess-1.69.1.jar (io.grpc:grpc-inprocess:1.69.1) with InstrumentationAnalysisTransform
Transforming grpc-inprocess-1.69.1.jar (io.grpc:grpc-inprocess:1.69.1) with MergeInstrumentationAnalysisTransform
Transforming grpc-util-1.69.1.jar (io.grpc:grpc-util:1.69.1) with InstrumentationAnalysisTransform
Transforming grpc-util-1.69.1.jar (io.grpc:grpc-util:1.69.1) with MergeInstrumentationAnalysisTransform
Transforming grpc-core-1.69.1.jar (io.grpc:grpc-core:1.69.1) with InstrumentationAnalysisTransform
Transforming grpc-core-1.69.1.jar (io.grpc:grpc-core:1.69.1) with MergeInstrumentationAnalysisTransform
Transforming tink-1.7.0.jar (com.google.crypto.tink:tink:1.7.0) with InstrumentationAnalysisTransform
Transforming tink-1.7.0.jar (com.google.crypto.tink:tink:1.7.0) with MergeInstrumentationAnalysisTransform
Transforming gson-2.11.0.jar (com.google.code.gson:gson:2.11.0) with InstrumentationAnalysisTransform
Transforming grpc-util-1.69.1.jar (io.grpc:grpc-util:1.69.1) with ExternalDependencyInstrumentingArtifactTransform
Transforming gson-2.11.0.jar (com.google.code.gson:gson:2.11.0) with MergeInstrumentationAnalysisTransform
Transforming grpc-inprocess-1.69.1.jar (io.grpc:grpc-inprocess:1.69.1) with ExternalDependencyInstrumentingArtifactTransform
Transforming grpc-netty-1.69.1.jar (io.grpc:grpc-netty:1.69.1) with ExternalDependencyInstrumentingArtifactTransform
Transforming tink-1.7.0.jar (com.google.crypto.tink:tink:1.7.0) with ExternalDependencyInstrumentingArtifactTransform
Transforming kotlin-util-klib-2.2.20.jar (org.jetbrains.kotlin:kotlin-util-klib:2.2.20) with InstrumentationAnalysisTransform
Transforming grpc-core-1.69.1.jar (io.grpc:grpc-core:1.69.1) with ExternalDependencyInstrumentingArtifactTransform
Transforming kotlin-util-klib-2.2.20.jar (org.jetbrains.kotlin:kotlin-util-klib:2.2.20) with MergeInstrumentationAnalysisTransform
Transforming kotlin-util-io-2.2.20.jar (org.jetbrains.kotlin:kotlin-util-io:2.2.20) with InstrumentationAnalysisTransform
Transforming gson-2.11.0.jar (com.google.code.gson:gson:2.11.0) with ExternalDependencyInstrumentingArtifactTransform
Transforming kotlin-util-io-2.2.20.jar (org.jetbrains.kotlin:kotlin-util-io:2.2.20) with MergeInstrumentationAnalysisTransform
Transforming kotlin-daemon-client-2.2.20.jar (org.jetbrains.kotlin:kotlin-daemon-client:2.2.20) with InstrumentationAnalysisTransform
Transforming kotlin-daemon-client-2.2.20.jar (org.jetbrains.kotlin:kotlin-daemon-client:2.2.20) with MergeInstrumentationAnalysisTransform
Transforming kotlinx-coroutines-core-jvm-1.8.0.jar (org.jetbrains.kotlinx:kotlinx-coroutines-core-jvm:1.8.0) with InstrumentationAnalysisTransform
Transforming kotlin-util-klib-2.2.20.jar (org.jetbrains.kotlin:kotlin-util-klib:2.2.20) with ExternalDependencyInstrumentingArtifactTransform
Transforming kotlin-util-io-2.2.20.jar (org.jetbrains.kotlin:kotlin-util-io:2.2.20) with ExternalDependencyInstrumentingArtifactTransform
Transforming kotlinx-coroutines-core-jvm-1.8.0.jar (org.jetbrains.kotlinx:kotlinx-coroutines-core-jvm:1.8.0) with MergeInstrumentationAnalysisTransform
Transforming aapt2-proto-8.10.1-12782657.jar (com.android.tools.build:aapt2-proto:8.10.1-12782657) with InstrumentationAnalysisTransform
Transforming aapt2-proto-8.10.1-12782657.jar (com.android.tools.build:aapt2-proto:8.10.1-12782657) with MergeInstrumentationAnalysisTransform
Transforming crash-31.10.1.jar (com.android.tools.analytics-library:crash:31.10.1) with InstrumentationAnalysisTransform
Transforming crash-31.10.1.jar (com.android.tools.analytics-library:crash:31.10.1) with MergeInstrumentationAnalysisTransform
Transforming kotlinx-coroutines-core-jvm-1.8.0.jar (org.jetbrains.kotlinx:kotlinx-coroutines-core-jvm:1.8.0) with ExternalDependencyInstrumentingArtifactTransform
Transforming lint-typedef-remover-31.10.1.jar (com.android.tools.lint:lint-typedef-remover:31.10.1) with InstrumentationAnalysisTransform
Transforming kotlin-daemon-client-2.2.20.jar (org.jetbrains.kotlin:kotlin-daemon-client:2.2.20) with ExternalDependencyInstrumentingArtifactTransform
Transforming lint-typedef-remover-31.10.1.jar (com.android.tools.lint:lint-typedef-remover:31.10.1) with MergeInstrumentationAnalysisTransform
Transforming databinding-common-8.10.1.jar (androidx.databinding:databinding-common:8.10.1) with InstrumentationAnalysisTransform
Transforming crash-31.10.1.jar (com.android.tools.analytics-library:crash:31.10.1) with ExternalDependencyInstrumentingArtifactTransform
Transforming aapt2-proto-8.10.1-12782657.jar (com.android.tools.build:aapt2-proto:8.10.1-12782657) with ExternalDependencyInstrumentingArtifactTransform
Transforming databinding-common-8.10.1.jar (androidx.databinding:databinding-common:8.10.1) with MergeInstrumentationAnalysisTransform
Transforming baseLibrary-8.10.1.jar (com.android.databinding:baseLibrary:8.10.1) with InstrumentationAnalysisTransform
Transforming baseLibrary-8.10.1.jar (com.android.databinding:baseLibrary:8.10.1) with MergeInstrumentationAnalysisTransform
Transforming android-device-provider-ddmlib-proto-31.10.1.jar (com.android.tools.utp:android-device-provider-ddmlib-proto:31.10.1) with InstrumentationAnalysisTransform
Transforming databinding-common-8.10.1.jar (androidx.databinding:databinding-common:8.10.1) with ExternalDependencyInstrumentingArtifactTransform
Transforming lint-typedef-remover-31.10.1.jar (com.android.tools.lint:lint-typedef-remover:31.10.1) with ExternalDependencyInstrumentingArtifactTransform
Transforming android-device-provider-ddmlib-proto-31.10.1.jar (com.android.tools.utp:android-device-provider-ddmlib-proto:31.10.1) with MergeInstrumentationAnalysisTransform
Transforming android-device-provider-gradle-proto-31.10.1.jar (com.android.tools.utp:android-device-provider-gradle-proto:31.10.1) with InstrumentationAnalysisTransform
Transforming android-device-provider-gradle-proto-31.10.1.jar (com.android.tools.utp:android-device-provider-gradle-proto:31.10.1) with MergeInstrumentationAnalysisTransform
Transforming android-device-provider-profile-proto-31.10.1.jar (com.android.tools.utp:android-device-provider-profile-proto:31.10.1) with InstrumentationAnalysisTransform
Transforming android-device-provider-ddmlib-proto-31.10.1.jar (com.android.tools.utp:android-device-provider-ddmlib-proto:31.10.1) with ExternalDependencyInstrumentingArtifactTransform
Transforming android-device-provider-profile-proto-31.10.1.jar (com.android.tools.utp:android-device-provider-profile-proto:31.10.1) with MergeInstrumentationAnalysisTransform
Transforming baseLibrary-8.10.1.jar (com.android.databinding:baseLibrary:8.10.1) with ExternalDependencyInstrumentingArtifactTransform
Transforming android-test-plugin-host-additional-test-output-proto-31.10.1.jar (com.android.tools.utp:android-test-plugin-host-additional-test-output-proto:31.10.1) with InstrumentationAnalysisTransform
Transforming android-device-provider-gradle-proto-31.10.1.jar (com.android.tools.utp:android-device-provider-gradle-proto:31.10.1) with ExternalDependencyInstrumentingArtifactTransform
Transforming android-test-plugin-host-additional-test-output-proto-31.10.1.jar (com.android.tools.utp:android-test-plugin-host-additional-test-output-proto:31.10.1) with MergeInstrumentationAnalysisTransform
Transforming android-test-plugin-host-coverage-proto-31.10.1.jar (com.android.tools.utp:android-test-plugin-host-coverage-proto:31.10.1) with InstrumentationAnalysisTransform
Transforming android-device-provider-profile-proto-31.10.1.jar (com.android.tools.utp:android-device-provider-profile-proto:31.10.1) with ExternalDependencyInstrumentingArtifactTransform
Transforming android-test-plugin-host-coverage-proto-31.10.1.jar (com.android.tools.utp:android-test-plugin-host-coverage-proto:31.10.1) with MergeInstrumentationAnalysisTransform
Transforming android-test-plugin-host-logcat-proto-31.10.1.jar (com.android.tools.utp:android-test-plugin-host-logcat-proto:31.10.1) with InstrumentationAnalysisTransform
Transforming android-test-plugin-host-logcat-proto-31.10.1.jar (com.android.tools.utp:android-test-plugin-host-logcat-proto:31.10.1) with MergeInstrumentationAnalysisTransform
Transforming android-test-plugin-host-apk-installer-proto-31.10.1.jar (com.android.tools.utp:android-test-plugin-host-apk-installer-proto:31.10.1) with InstrumentationAnalysisTransform
Transforming android-test-plugin-host-additional-test-output-proto-31.10.1.jar (com.android.tools.utp:android-test-plugin-host-additional-test-output-proto:31.10.1) with ExternalDependencyInstrumentingArtifactTransform
Transforming android-test-plugin-host-apk-installer-proto-31.10.1.jar (com.android.tools.utp:android-test-plugin-host-apk-installer-proto:31.10.1) with MergeInstrumentationAnalysisTransform
Transforming android-test-plugin-host-coverage-proto-31.10.1.jar (com.android.tools.utp:android-test-plugin-host-coverage-proto:31.10.1) with ExternalDependencyInstrumentingArtifactTransform
Transforming android-test-plugin-host-logcat-proto-31.10.1.jar (com.android.tools.utp:android-test-plugin-host-logcat-proto:31.10.1) with ExternalDependencyInstrumentingArtifactTransform
Transforming transform-api-2.0.0-deprecated-use-gradle-api.jar (com.android.tools.build:transform-api:2.0.0-deprecated-use-gradle-api) with InstrumentationAnalysisTransform
Transforming transform-api-2.0.0-deprecated-use-gradle-api.jar (com.android.tools.build:transform-api:2.0.0-deprecated-use-gradle-api) with MergeInstrumentationAnalysisTransform
Transforming httpmime-4.5.6.jar (org.apache.httpcomponents:httpmime:4.5.6) with InstrumentationAnalysisTransform
Transforming httpmime-4.5.6.jar (org.apache.httpcomponents:httpmime:4.5.6) with MergeInstrumentationAnalysisTransform
Transforming commons-io-2.16.1.jar (commons-io:commons-io:2.16.1) with InstrumentationAnalysisTransform
Transforming transform-api-2.0.0-deprecated-use-gradle-api.jar (com.android.tools.build:transform-api:2.0.0-deprecated-use-gradle-api) with ExternalDependencyInstrumentingArtifactTransform
Transforming commons-io-2.16.1.jar (commons-io:commons-io:2.16.1) with MergeInstrumentationAnalysisTransform
Transforming android-test-plugin-host-apk-installer-proto-31.10.1.jar (com.android.tools.utp:android-test-plugin-host-apk-installer-proto:31.10.1) with ExternalDependencyInstrumentingArtifactTransform
Transforming asm-commons-9.7.1.jar (org.ow2.asm:asm-commons:9.7.1) with InstrumentationAnalysisTransform
Transforming asm-commons-9.7.1.jar (org.ow2.asm:asm-commons:9.7.1) with MergeInstrumentationAnalysisTransform
Transforming asm-util-9.7.1.jar (org.ow2.asm:asm-util:9.7.1) with InstrumentationAnalysisTransform
Transforming asm-util-9.7.1.jar (org.ow2.asm:asm-util:9.7.1) with MergeInstrumentationAnalysisTransform
Transforming httpmime-4.5.6.jar (org.apache.httpcomponents:httpmime:4.5.6) with ExternalDependencyInstrumentingArtifactTransform
Transforming asm-analysis-9.7.1.jar (org.ow2.asm:asm-analysis:9.7.1) with InstrumentationAnalysisTransform
Transforming asm-analysis-9.7.1.jar (org.ow2.asm:asm-analysis:9.7.1) with MergeInstrumentationAnalysisTransform
Transforming commons-io-2.16.1.jar (commons-io:commons-io:2.16.1) with ExternalDependencyInstrumentingArtifactTransform
Transforming asm-tree-9.7.1.jar (org.ow2.asm:asm-tree:9.7.1) with InstrumentationAnalysisTransform
Transforming asm-commons-9.7.1.jar (org.ow2.asm:asm-commons:9.7.1) with ExternalDependencyInstrumentingArtifactTransform
Transforming asm-tree-9.7.1.jar (org.ow2.asm:asm-tree:9.7.1) with MergeInstrumentationAnalysisTransform
Transforming asm-9.7.1.jar (org.ow2.asm:asm:9.7.1) with InstrumentationAnalysisTransform
Transforming asm-util-9.7.1.jar (org.ow2.asm:asm-util:9.7.1) with ExternalDependencyInstrumentingArtifactTransform
Transforming asm-9.7.1.jar (org.ow2.asm:asm:9.7.1) with MergeInstrumentationAnalysisTransform
Transforming apkzlib-8.10.1.jar (com.android.tools.build:apkzlib:8.10.1) with InstrumentationAnalysisTransform
Transforming apkzlib-8.10.1.jar (com.android.tools.build:apkzlib:8.10.1) with MergeInstrumentationAnalysisTransform
Transforming bcpkix-jdk18on-1.79.jar (org.bouncycastle:bcpkix-jdk18on:1.79) with InstrumentationAnalysisTransform
Transforming asm-tree-9.7.1.jar (org.ow2.asm:asm-tree:9.7.1) with ExternalDependencyInstrumentingArtifactTransform
Transforming bcpkix-jdk18on-1.79.jar (org.bouncycastle:bcpkix-jdk18on:1.79) with MergeInstrumentationAnalysisTransform
Transforming jaxb-runtime-2.3.2.jar (org.glassfish.jaxb:jaxb-runtime:2.3.2) with InstrumentationAnalysisTransform
Transforming asm-analysis-9.7.1.jar (org.ow2.asm:asm-analysis:9.7.1) with ExternalDependencyInstrumentingArtifactTransform
Transforming jaxb-runtime-2.3.2.jar (org.glassfish.jaxb:jaxb-runtime:2.3.2) with MergeInstrumentationAnalysisTransform
Transforming jopt-simple-4.9.jar (net.sf.jopt-simple:jopt-simple:4.9) with InstrumentationAnalysisTransform
Transforming asm-9.7.1.jar (org.ow2.asm:asm:9.7.1) with ExternalDependencyInstrumentingArtifactTransform
Transforming jopt-simple-4.9.jar (net.sf.jopt-simple:jopt-simple:4.9) with MergeInstrumentationAnalysisTransform
Transforming bcpkix-jdk18on-1.79.jar (org.bouncycastle:bcpkix-jdk18on:1.79) with ExternalDependencyInstrumentingArtifactTransform
Transforming javapoet-1.10.0.jar (com.squareup:javapoet:1.10.0) with InstrumentationAnalysisTransform
Transforming javapoet-1.10.0.jar (com.squareup:javapoet:1.10.0) with MergeInstrumentationAnalysisTransform
Transforming apkzlib-8.10.1.jar (com.android.tools.build:apkzlib:8.10.1) with ExternalDependencyInstrumentingArtifactTransform
Transforming grpc-protobuf-1.69.1.jar (io.grpc:grpc-protobuf:1.69.1) with InstrumentationAnalysisTransform
Transforming grpc-protobuf-1.69.1.jar (io.grpc:grpc-protobuf:1.69.1) with MergeInstrumentationAnalysisTransform
Transforming core-proto-0.0.9-alpha03.jar (com.google.testing.platform:core-proto:0.0.9-alpha03) with InstrumentationAnalysisTransform
Transforming jopt-simple-4.9.jar (net.sf.jopt-simple:jopt-simple:4.9) with ExternalDependencyInstrumentingArtifactTransform
Transforming core-proto-0.0.9-alpha03.jar (com.google.testing.platform:core-proto:0.0.9-alpha03) with MergeInstrumentationAnalysisTransform
Transforming protos-31.10.1.jar (com.android.tools.analytics-library:protos:31.10.1) with InstrumentationAnalysisTransform
Transforming jaxb-runtime-2.3.2.jar (org.glassfish.jaxb:jaxb-runtime:2.3.2) with ExternalDependencyInstrumentingArtifactTransform
Transforming protos-31.10.1.jar (com.android.tools.analytics-library:protos:31.10.1) with MergeInstrumentationAnalysisTransform
Transforming proto-google-common-protos-2.48.0.jar (com.google.api.grpc:proto-google-common-protos:2.48.0) with InstrumentationAnalysisTransform
Transforming javapoet-1.10.0.jar (com.squareup:javapoet:1.10.0) with ExternalDependencyInstrumentingArtifactTransform
Transforming proto-google-common-protos-2.48.0.jar (com.google.api.grpc:proto-google-common-protos:2.48.0) with MergeInstrumentationAnalysisTransform
Transforming core-proto-0.0.9-alpha03.jar (com.google.testing.platform:core-proto:0.0.9-alpha03) with ExternalDependencyInstrumentingArtifactTransform
Transforming protobuf-java-3.25.5.jar (com.google.protobuf:protobuf-java:3.25.5) with InstrumentationAnalysisTransform
Transforming grpc-protobuf-1.69.1.jar (io.grpc:grpc-protobuf:1.69.1) with ExternalDependencyInstrumentingArtifactTransform
Transforming protobuf-java-3.25.5.jar (com.google.protobuf:protobuf-java:3.25.5) with MergeInstrumentationAnalysisTransform
Transforming grpc-stub-1.69.1.jar (io.grpc:grpc-stub:1.69.1) with InstrumentationAnalysisTransform
Transforming grpc-stub-1.69.1.jar (io.grpc:grpc-stub:1.69.1) with MergeInstrumentationAnalysisTransform
Transforming tensorflow-lite-metadata-0.2.0.jar (org.tensorflow:tensorflow-lite-metadata:0.2.0) with InstrumentationAnalysisTransform
Transforming proto-google-common-protos-2.48.0.jar (com.google.api.grpc:proto-google-common-protos:2.48.0) with ExternalDependencyInstrumentingArtifactTransform
Transforming tensorflow-lite-metadata-0.2.0.jar (org.tensorflow:tensorflow-lite-metadata:0.2.0) with MergeInstrumentationAnalysisTransform
Transforming flatbuffers-java-1.12.0.jar (com.google.flatbuffers:flatbuffers-java:1.12.0) with InstrumentationAnalysisTransform
Transforming protos-31.10.1.jar (com.android.tools.analytics-library:protos:31.10.1) with ExternalDependencyInstrumentingArtifactTransform
Transforming flatbuffers-java-1.12.0.jar (com.google.flatbuffers:flatbuffers-java:1.12.0) with MergeInstrumentationAnalysisTransform
Transforming jimfs-1.1.jar (com.google.jimfs:jimfs:1.1) with InstrumentationAnalysisTransform
Transforming jimfs-1.1.jar (com.google.jimfs:jimfs:1.1) with MergeInstrumentationAnalysisTransform
Transforming protobuf-java-3.25.5.jar (com.google.protobuf:protobuf-java:3.25.5) with ExternalDependencyInstrumentingArtifactTransform
Transforming tensorflow-lite-metadata-0.2.0.jar (org.tensorflow:tensorflow-lite-metadata:0.2.0) with ExternalDependencyInstrumentingArtifactTransform
Transforming grpc-context-1.69.1.jar (io.grpc:grpc-context:1.69.1) with InstrumentationAnalysisTransform
Transforming grpc-stub-1.69.1.jar (io.grpc:grpc-stub:1.69.1) with ExternalDependencyInstrumentingArtifactTransform
Transforming grpc-context-1.69.1.jar (io.grpc:grpc-context:1.69.1) with MergeInstrumentationAnalysisTransform
Transforming grpc-protobuf-lite-1.69.1.jar (io.grpc:grpc-protobuf-lite:1.69.1) with InstrumentationAnalysisTransform
Transforming grpc-protobuf-lite-1.69.1.jar (io.grpc:grpc-protobuf-lite:1.69.1) with MergeInstrumentationAnalysisTransform
Transforming grpc-api-1.69.1.jar (io.grpc:grpc-api:1.69.1) with InstrumentationAnalysisTransform
Transforming grpc-api-1.69.1.jar (io.grpc:grpc-api:1.69.1) with MergeInstrumentationAnalysisTransform
Transforming jimfs-1.1.jar (com.google.jimfs:jimfs:1.1) with ExternalDependencyInstrumentingArtifactTransform
Transforming guava-33.3.1-jre.jar (com.google.guava:guava:33.3.1-jre) with InstrumentationAnalysisTransform
Transforming guava-33.3.1-jre.jar (com.google.guava:guava:33.3.1-jre) with MergeInstrumentationAnalysisTransform
Transforming flatbuffers-java-1.12.0.jar (com.google.flatbuffers:flatbuffers-java:1.12.0) with ExternalDependencyInstrumentingArtifactTransform
Transforming error_prone_annotations-2.30.0.jar (com.google.errorprone:error_prone_annotations:2.30.0) with InstrumentationAnalysisTransform
Transforming grpc-context-1.69.1.jar (io.grpc:grpc-context:1.69.1) with ExternalDependencyInstrumentingArtifactTransform
Transforming error_prone_annotations-2.30.0.jar (com.google.errorprone:error_prone_annotations:2.30.0) with MergeInstrumentationAnalysisTransform
Transforming grpc-api-1.69.1.jar (io.grpc:grpc-api:1.69.1) with ExternalDependencyInstrumentingArtifactTransform
Transforming dagger-2.28.3.jar (com.google.dagger:dagger:2.28.3) with InstrumentationAnalysisTransform
Transforming dagger-2.28.3.jar (com.google.dagger:dagger:2.28.3) with MergeInstrumentationAnalysisTransform
Transforming grpc-protobuf-lite-1.69.1.jar (io.grpc:grpc-protobuf-lite:1.69.1) with ExternalDependencyInstrumentingArtifactTransform
Transforming javax.inject-1.jar (javax.inject:javax.inject:1) with InstrumentationAnalysisTransform
Transforming javax.inject-1.jar (javax.inject:javax.inject:1) with MergeInstrumentationAnalysisTransform
Transforming kxml2-2.3.0.jar (net.sf.kxml:kxml2:2.3.0) with InstrumentationAnalysisTransform
Transforming guava-33.3.1-jre.jar (com.google.guava:guava:33.3.1-jre) with ExternalDependencyInstrumentingArtifactTransform
Transforming javax.inject-1.jar (javax.inject:javax.inject:1) with ExternalDependencyInstrumentingArtifactTransform
Transforming dagger-2.28.3.jar (com.google.dagger:dagger:2.28.3) with ExternalDependencyInstrumentingArtifactTransform
Transforming error_prone_annotations-2.30.0.jar (com.google.errorprone:error_prone_annotations:2.30.0) with ExternalDependencyInstrumentingArtifactTransform
Transforming kxml2-2.3.0.jar (net.sf.kxml:kxml2:2.3.0) with MergeInstrumentationAnalysisTransform
Transforming commons-compress-1.21.jar (org.apache.commons:commons-compress:1.21) with InstrumentationAnalysisTransform
Transforming commons-compress-1.21.jar (org.apache.commons:commons-compress:1.21) with MergeInstrumentationAnalysisTransform
Transforming bcutil-jdk18on-1.79.jar (org.bouncycastle:bcutil-jdk18on:1.79) with InstrumentationAnalysisTransform
Transforming bcutil-jdk18on-1.79.jar (org.bouncycastle:bcutil-jdk18on:1.79) with MergeInstrumentationAnalysisTransform
Transforming bcprov-jdk18on-1.79.jar (org.bouncycastle:bcprov-jdk18on:1.79) with InstrumentationAnalysisTransform
Transforming bcprov-jdk18on-1.79.jar (org.bouncycastle:bcprov-jdk18on:1.79) with MergeInstrumentationAnalysisTransform
Transforming httpclient-4.5.14.jar (org.apache.httpcomponents:httpclient:4.5.14) with InstrumentationAnalysisTransform
Transforming httpclient-4.5.14.jar (org.apache.httpcomponents:httpclient:4.5.14) with MergeInstrumentationAnalysisTransform
Transforming httpcore-4.4.16.jar (org.apache.httpcomponents:httpcore:4.4.16) with InstrumentationAnalysisTransform
Transforming httpcore-4.4.16.jar (org.apache.httpcomponents:httpcore:4.4.16) with MergeInstrumentationAnalysisTransform
Transforming commons-compress-1.21.jar (org.apache.commons:commons-compress:1.21) with ExternalDependencyInstrumentingArtifactTransform
Transforming kxml2-2.3.0.jar (net.sf.kxml:kxml2:2.3.0) with ExternalDependencyInstrumentingArtifactTransform
Transforming bcutil-jdk18on-1.79.jar (org.bouncycastle:bcutil-jdk18on:1.79) with ExternalDependencyInstrumentingArtifactTransform
Transforming javax.activation-1.2.0.jar (com.sun.activation:javax.activation:1.2.0) with InstrumentationAnalysisTransform
Transforming javax.activation-1.2.0.jar (com.sun.activation:javax.activation:1.2.0) with MergeInstrumentationAnalysisTransform
Transforming signflinger-8.10.1.jar (com.android:signflinger:8.10.1) with InstrumentationAnalysisTransform
Transforming signflinger-8.10.1.jar (com.android:signflinger:8.10.1) with MergeInstrumentationAnalysisTransform
Transforming zipflinger-8.10.1.jar (com.android:zipflinger:8.10.1) with InstrumentationAnalysisTransform
Transforming zipflinger-8.10.1.jar (com.android:zipflinger:8.10.1) with MergeInstrumentationAnalysisTransform
Transforming annotations-31.10.1.jar (com.android.tools:annotations:31.10.1) with InstrumentationAnalysisTransform
Transforming annotations-31.10.1.jar (com.android.tools:annotations:31.10.1) with MergeInstrumentationAnalysisTransform
Transforming jna-platform-5.6.0.jar (net.java.dev.jna:jna-platform:5.6.0) with InstrumentationAnalysisTransform
Transforming bcprov-jdk18on-1.79.jar (org.bouncycastle:bcprov-jdk18on:1.79) with ExternalDependencyInstrumentingArtifactTransform
Transforming jna-platform-5.6.0.jar (net.java.dev.jna:jna-platform:5.6.0) with MergeInstrumentationAnalysisTransform
Transforming httpclient-4.5.14.jar (org.apache.httpcomponents:httpclient:4.5.14) with ExternalDependencyInstrumentingArtifactTransform
Transforming juniversalchardet-1.0.3.jar (com.googlecode.juniversalchardet:juniversalchardet:1.0.3) with InstrumentationAnalysisTransform
Transforming httpcore-4.4.16.jar (org.apache.httpcomponents:httpcore:4.4.16) with ExternalDependencyInstrumentingArtifactTransform
Transforming juniversalchardet-1.0.3.jar (com.googlecode.juniversalchardet:juniversalchardet:1.0.3) with MergeInstrumentationAnalysisTransform
Transforming javax.annotation-api-1.3.2.jar (javax.annotation:javax.annotation-api:1.3.2) with InstrumentationAnalysisTransform
Transforming javax.annotation-api-1.3.2.jar (javax.annotation:javax.annotation-api:1.3.2) with MergeInstrumentationAnalysisTransform
Transforming stax-ex-1.8.1.jar (org.jvnet.staxex:stax-ex:1.8.1) with InstrumentationAnalysisTransform
Transforming stax-ex-1.8.1.jar (org.jvnet.staxex:stax-ex:1.8.1) with MergeInstrumentationAnalysisTransform
Transforming jakarta.xml.bind-api-2.3.2.jar (jakarta.xml.bind:jakarta.xml.bind-api:2.3.2) with InstrumentationAnalysisTransform
Transforming jakarta.xml.bind-api-2.3.2.jar (jakarta.xml.bind:jakarta.xml.bind-api:2.3.2) with MergeInstrumentationAnalysisTransform
Transforming txw2-2.3.2.jar (org.glassfish.jaxb:txw2:2.3.2) with InstrumentationAnalysisTransform
Transforming txw2-2.3.2.jar (org.glassfish.jaxb:txw2:2.3.2) with MergeInstrumentationAnalysisTransform
Transforming javax.activation-1.2.0.jar (com.sun.activation:javax.activation:1.2.0) with ExternalDependencyInstrumentingArtifactTransform
Transforming istack-commons-runtime-3.0.8.jar (com.sun.istack:istack-commons-runtime:3.0.8) with InstrumentationAnalysisTransform
Transforming signflinger-8.10.1.jar (com.android:signflinger:8.10.1) with ExternalDependencyInstrumentingArtifactTransform
Transforming istack-commons-runtime-3.0.8.jar (com.sun.istack:istack-commons-runtime:3.0.8) with MergeInstrumentationAnalysisTransform
Transforming FastInfoset-1.2.16.jar (com.sun.xml.fastinfoset:FastInfoset:1.2.16) with InstrumentationAnalysisTransform
Transforming zipflinger-8.10.1.jar (com.android:zipflinger:8.10.1) with ExternalDependencyInstrumentingArtifactTransform
Transforming FastInfoset-1.2.16.jar (com.sun.xml.fastinfoset:FastInfoset:1.2.16) with MergeInstrumentationAnalysisTransform
Transforming jakarta.activation-api-1.2.1.jar (jakarta.activation:jakarta.activation-api:1.2.1) with InstrumentationAnalysisTransform
Transforming jakarta.activation-api-1.2.1.jar (jakarta.activation:jakarta.activation-api:1.2.1) with MergeInstrumentationAnalysisTransform
Transforming auto-value-annotations-1.6.2.jar (com.google.auto.value:auto-value-annotations:1.6.2) with InstrumentationAnalysisTransform
Transforming auto-value-annotations-1.6.2.jar (com.google.auto.value:auto-value-annotations:1.6.2) with MergeInstrumentationAnalysisTransform
Transforming jose4j-0.9.5.jar (org.bitbucket.b_c:jose4j:0.9.5) with InstrumentationAnalysisTransform
Transforming jose4j-0.9.5.jar (org.bitbucket.b_c:jose4j:0.9.5) with MergeInstrumentationAnalysisTransform
Transforming slf4j-api-1.7.30.jar (org.slf4j:slf4j-api:1.7.30) with InstrumentationAnalysisTransform
Transforming annotations-31.10.1.jar (com.android.tools:annotations:31.10.1) with ExternalDependencyInstrumentingArtifactTransform
Transforming slf4j-api-1.7.30.jar (org.slf4j:slf4j-api:1.7.30) with MergeInstrumentationAnalysisTransform
Transforming jna-platform-5.6.0.jar (net.java.dev.jna:jna-platform:5.6.0) with ExternalDependencyInstrumentingArtifactTransform
Transforming jdom2-2.0.6.jar (org.jdom:jdom2:2.0.6) with InstrumentationAnalysisTransform
Transforming juniversalchardet-1.0.3.jar (com.googlecode.juniversalchardet:juniversalchardet:1.0.3) with ExternalDependencyInstrumentingArtifactTransform
Transforming jdom2-2.0.6.jar (org.jdom:jdom2:2.0.6) with MergeInstrumentationAnalysisTransform
Transforming jsr305-3.0.2.jar (com.google.code.findbugs:jsr305:3.0.2) with InstrumentationAnalysisTransform
Transforming jsr305-3.0.2.jar (com.google.code.findbugs:jsr305:3.0.2) with MergeInstrumentationAnalysisTransform
Transforming j2objc-annotations-3.0.0.jar (com.google.j2objc:j2objc-annotations:3.0.0) with InstrumentationAnalysisTransform
Transforming j2objc-annotations-3.0.0.jar (com.google.j2objc:j2objc-annotations:3.0.0) with MergeInstrumentationAnalysisTransform
Transforming annotations-4.1.1.4.jar (com.google.android:annotations:4.1.1.4) with InstrumentationAnalysisTransform
Transforming annotations-4.1.1.4.jar (com.google.android:annotations:4.1.1.4) with MergeInstrumentationAnalysisTransform
Transforming animal-sniffer-annotations-1.24.jar (org.codehaus.mojo:animal-sniffer-annotations:1.24) with InstrumentationAnalysisTransform
Transforming javax.annotation-api-1.3.2.jar (javax.annotation:javax.annotation-api:1.3.2) with ExternalDependencyInstrumentingArtifactTransform
Transforming animal-sniffer-annotations-1.24.jar (org.codehaus.mojo:animal-sniffer-annotations:1.24) with MergeInstrumentationAnalysisTransform
Transforming perfmark-api-0.27.0.jar (io.perfmark:perfmark-api:0.27.0) with InstrumentationAnalysisTransform
Transforming stax-ex-1.8.1.jar (org.jvnet.staxex:stax-ex:1.8.1) with ExternalDependencyInstrumentingArtifactTransform
Transforming perfmark-api-0.27.0.jar (io.perfmark:perfmark-api:0.27.0) with MergeInstrumentationAnalysisTransform
Transforming jakarta.xml.bind-api-2.3.2.jar (jakarta.xml.bind:jakarta.xml.bind-api:2.3.2) with ExternalDependencyInstrumentingArtifactTransform
Transforming netty-codec-http2-4.1.110.Final.jar (io.netty:netty-codec-http2:4.1.110.Final) with InstrumentationAnalysisTransform
Transforming netty-codec-http2-4.1.110.Final.jar (io.netty:netty-codec-http2:4.1.110.Final) with MergeInstrumentationAnalysisTransform
Transforming netty-handler-proxy-4.1.110.Final.jar (io.netty:netty-handler-proxy:4.1.110.Final) with InstrumentationAnalysisTransform
Transforming netty-handler-proxy-4.1.110.Final.jar (io.netty:netty-handler-proxy:4.1.110.Final) with MergeInstrumentationAnalysisTransform
Transforming netty-codec-http-4.1.110.Final.jar (io.netty:netty-codec-http:4.1.110.Final) with InstrumentationAnalysisTransform
Transforming netty-codec-http-4.1.110.Final.jar (io.netty:netty-codec-http:4.1.110.Final) with MergeInstrumentationAnalysisTransform
Transforming txw2-2.3.2.jar (org.glassfish.jaxb:txw2:2.3.2) with ExternalDependencyInstrumentingArtifactTransform
Transforming netty-handler-4.1.110.Final.jar (io.netty:netty-handler:4.1.110.Final) with InstrumentationAnalysisTransform
Transforming istack-commons-runtime-3.0.8.jar (com.sun.istack:istack-commons-runtime:3.0.8) with ExternalDependencyInstrumentingArtifactTransform
Transforming netty-handler-4.1.110.Final.jar (io.netty:netty-handler:4.1.110.Final) with MergeInstrumentationAnalysisTransform
Transforming FastInfoset-1.2.16.jar (com.sun.xml.fastinfoset:FastInfoset:1.2.16) with ExternalDependencyInstrumentingArtifactTransform
Transforming netty-transport-native-unix-common-4.1.110.Final.jar (io.netty:netty-transport-native-unix-common:4.1.110.Final) with InstrumentationAnalysisTransform
Transforming netty-transport-native-unix-common-4.1.110.Final.jar (io.netty:netty-transport-native-unix-common:4.1.110.Final) with MergeInstrumentationAnalysisTransform
Transforming checker-qual-3.43.0.jar (org.checkerframework:checker-qual:3.43.0) with InstrumentationAnalysisTransform
Transforming checker-qual-3.43.0.jar (org.checkerframework:checker-qual:3.43.0) with MergeInstrumentationAnalysisTransform
Transforming apksig-8.10.1.jar (com.android.tools.build:apksig:8.10.1) with InstrumentationAnalysisTransform
Transforming apksig-8.10.1.jar (com.android.tools.build:apksig:8.10.1) with MergeInstrumentationAnalysisTransform
Transforming jakarta.activation-api-1.2.1.jar (jakarta.activation:jakarta.activation-api:1.2.1) with ExternalDependencyInstrumentingArtifactTransform
Transforming javawriter-2.5.0.jar (com.squareup:javawriter:2.5.0) with InstrumentationAnalysisTransform
Transforming javawriter-2.5.0.jar (com.squareup:javawriter:2.5.0) with MergeInstrumentationAnalysisTransform
Transforming auto-value-annotations-1.6.2.jar (com.google.auto.value:auto-value-annotations:1.6.2) with ExternalDependencyInstrumentingArtifactTransform
Transforming jose4j-0.9.5.jar (org.bitbucket.b_c:jose4j:0.9.5) with ExternalDependencyInstrumentingArtifactTransform
Transforming failureaccess-1.0.2.jar (com.google.guava:failureaccess:1.0.2) with InstrumentationAnalysisTransform
Transforming failureaccess-1.0.2.jar (com.google.guava:failureaccess:1.0.2) with MergeInstrumentationAnalysisTransform
Transforming listenablefuture-9999.0-empty-to-avoid-conflict-with-guava.jar (com.google.guava:listenablefuture:9999.0-empty-to-avoid-conflict-with-guava) with InstrumentationAnalysisTransform
Transforming listenablefuture-9999.0-empty-to-avoid-conflict-with-guava.jar (com.google.guava:listenablefuture:9999.0-empty-to-avoid-conflict-with-guava) with MergeInstrumentationAnalysisTransform
Transforming commons-logging-1.2.jar (commons-logging:commons-logging:1.2) with InstrumentationAnalysisTransform
Transforming commons-logging-1.2.jar (commons-logging:commons-logging:1.2) with MergeInstrumentationAnalysisTransform
Transforming commons-codec-1.11.jar (commons-codec:commons-codec:1.11) with InstrumentationAnalysisTransform
Transforming slf4j-api-1.7.30.jar (org.slf4j:slf4j-api:1.7.30) with ExternalDependencyInstrumentingArtifactTransform
Transforming commons-codec-1.11.jar (commons-codec:commons-codec:1.11) with MergeInstrumentationAnalysisTransform
Transforming jna-5.6.0.jar (net.java.dev.jna:jna:5.6.0) with InstrumentationAnalysisTransform
Transforming jna-5.6.0.jar (net.java.dev.jna:jna:5.6.0) with MergeInstrumentationAnalysisTransform
Transforming jdom2-2.0.6.jar (org.jdom:jdom2:2.0.6) with ExternalDependencyInstrumentingArtifactTransform
Transforming jsr305-3.0.2.jar (com.google.code.findbugs:jsr305:3.0.2) with ExternalDependencyInstrumentingArtifactTransform
Transforming netty-codec-socks-4.1.110.Final.jar (io.netty:netty-codec-socks:4.1.110.Final) with InstrumentationAnalysisTransform
Transforming netty-codec-socks-4.1.110.Final.jar (io.netty:netty-codec-socks:4.1.110.Final) with MergeInstrumentationAnalysisTransform
Transforming netty-codec-4.1.110.Final.jar (io.netty:netty-codec:4.1.110.Final) with InstrumentationAnalysisTransform
Transforming netty-codec-4.1.110.Final.jar (io.netty:netty-codec:4.1.110.Final) with MergeInstrumentationAnalysisTransform
Transforming netty-transport-4.1.110.Final.jar (io.netty:netty-transport:4.1.110.Final) with InstrumentationAnalysisTransform
Transforming netty-transport-4.1.110.Final.jar (io.netty:netty-transport:4.1.110.Final) with MergeInstrumentationAnalysisTransform
Transforming j2objc-annotations-3.0.0.jar (com.google.j2objc:j2objc-annotations:3.0.0) with ExternalDependencyInstrumentingArtifactTransform
Transforming netty-buffer-4.1.110.Final.jar (io.netty:netty-buffer:4.1.110.Final) with InstrumentationAnalysisTransform
Transforming netty-buffer-4.1.110.Final.jar (io.netty:netty-buffer:4.1.110.Final) with MergeInstrumentationAnalysisTransform
Transforming annotations-4.1.1.4.jar (com.google.android:annotations:4.1.1.4) with ExternalDependencyInstrumentingArtifactTransform
Transforming animal-sniffer-annotations-1.24.jar (org.codehaus.mojo:animal-sniffer-annotations:1.24) with ExternalDependencyInstrumentingArtifactTransform
Transforming netty-resolver-4.1.110.Final.jar (io.netty:netty-resolver:4.1.110.Final) with InstrumentationAnalysisTransform
Transforming netty-resolver-4.1.110.Final.jar (io.netty:netty-resolver:4.1.110.Final) with MergeInstrumentationAnalysisTransform
Transforming netty-common-4.1.110.Final.jar (io.netty:netty-common:4.1.110.Final) with InstrumentationAnalysisTransform
Transforming netty-common-4.1.110.Final.jar (io.netty:netty-common:4.1.110.Final) with MergeInstrumentationAnalysisTransform
Transforming perfmark-api-0.27.0.jar (io.perfmark:perfmark-api:0.27.0) with ExternalDependencyInstrumentingArtifactTransform
Transforming netty-codec-http-4.1.110.Final.jar (io.netty:netty-codec-http:4.1.110.Final) with ExternalDependencyInstrumentingArtifactTransform
Transforming netty-handler-proxy-4.1.110.Final.jar (io.netty:netty-handler-proxy:4.1.110.Final) with ExternalDependencyInstrumentingArtifactTransform
Transforming netty-codec-http2-4.1.110.Final.jar (io.netty:netty-codec-http2:4.1.110.Final) with ExternalDependencyInstrumentingArtifactTransform
Transforming netty-transport-native-unix-common-4.1.110.Final.jar (io.netty:netty-transport-native-unix-common:4.1.110.Final) with ExternalDependencyInstrumentingArtifactTransform
Transforming netty-handler-4.1.110.Final.jar (io.netty:netty-handler:4.1.110.Final) with ExternalDependencyInstrumentingArtifactTransform
Transforming javawriter-2.5.0.jar (com.squareup:javawriter:2.5.0) with ExternalDependencyInstrumentingArtifactTransform
Transforming checker-qual-3.43.0.jar (org.checkerframework:checker-qual:3.43.0) with ExternalDependencyInstrumentingArtifactTransform
Transforming apksig-8.10.1.jar (com.android.tools.build:apksig:8.10.1) with ExternalDependencyInstrumentingArtifactTransform
Transforming listenablefuture-9999.0-empty-to-avoid-conflict-with-guava.jar (com.google.guava:listenablefuture:9999.0-empty-to-avoid-conflict-with-guava) with ExternalDependencyInstrumentingArtifactTransform
Transforming failureaccess-1.0.2.jar (com.google.guava:failureaccess:1.0.2) with ExternalDependencyInstrumentingArtifactTransform
Transforming jna-5.6.0.jar (net.java.dev.jna:jna:5.6.0) with ExternalDependencyInstrumentingArtifactTransform
Transforming commons-logging-1.2.jar (commons-logging:commons-logging:1.2) with ExternalDependencyInstrumentingArtifactTransform
Transforming commons-codec-1.11.jar (commons-codec:commons-codec:1.11) with ExternalDependencyInstrumentingArtifactTransform
Transforming netty-transport-4.1.110.Final.jar (io.netty:netty-transport:4.1.110.Final) with ExternalDependencyInstrumentingArtifactTransform
Transforming netty-codec-socks-4.1.110.Final.jar (io.netty:netty-codec-socks:4.1.110.Final) with ExternalDependencyInstrumentingArtifactTransform
Transforming netty-common-4.1.110.Final.jar (io.netty:netty-common:4.1.110.Final) with ExternalDependencyInstrumentingArtifactTransform
Transforming netty-buffer-4.1.110.Final.jar (io.netty:netty-buffer:4.1.110.Final) with ExternalDependencyInstrumentingArtifactTransform
Transforming netty-codec-4.1.110.Final.jar (io.netty:netty-codec:4.1.110.Final) with ExternalDependencyInstrumentingArtifactTransform
Transforming netty-resolver-4.1.110.Final.jar (io.netty:netty-resolver:4.1.110.Final) with ExternalDependencyInstrumentingArtifactTransform
Transforming plugins.jar (project :build-logic:plugins) with ProjectDependencyInstrumentingArtifactTransform
Transforming tools.jar (project :build-logic:tools) with ProjectDependencyInstrumentingArtifactTransform
Using default execution profile
Using Kotlin Gradle Plugin gradle811 variant

> Configure project :video
Evaluating project ':video' using build file '/home/lollerfirst/Signal-Android/video/lib/build.gradle.kts'.
Transforming classes with InstrumentationAnalysisTransform
Transforming classes with InstrumentationAnalysisTransform
Transforming gradle-8.10.1.jar (com.android.tools.build:gradle:8.10.1) with InstrumentationAnalysisTransform
Transforming gradle-settings-api-8.10.1.jar (com.android.tools.build:gradle-settings-api:8.10.1) with InstrumentationAnalysisTransform
Transforming lint-model-31.10.1.jar (com.android.tools.lint:lint-model:31.10.1) with InstrumentationAnalysisTransform
Transforming builder-8.10.1.jar (com.android.tools.build:builder:8.10.1) with InstrumentationAnalysisTransform
Transforming manifest-merger-31.10.1.jar (com.android.tools.build:manifest-merger:31.10.1) with InstrumentationAnalysisTransform
Transforming sdk-common-31.10.1.jar (com.android.tools:sdk-common:31.10.1) with InstrumentationAnalysisTransform
Transforming sdklib-31.10.1.jar (com.android.tools:sdklib:31.10.1) with InstrumentationAnalysisTransform
Transforming repository-31.10.1.jar (com.android.tools:repository:31.10.1) with InstrumentationAnalysisTransform
Transforming aaptcompiler-8.10.1.jar (com.android.tools.build:aaptcompiler:8.10.1) with InstrumentationAnalysisTransform
Transforming tracker-31.10.1.jar (com.android.tools.analytics-library:tracker:31.10.1) with InstrumentationAnalysisTransform
Transforming shared-31.10.1.jar (com.android.tools.analytics-library:shared:31.10.1) with InstrumentationAnalysisTransform
Transforming databinding-compiler-common-8.10.1.jar (androidx.databinding:databinding-compiler-common:8.10.1) with InstrumentationAnalysisTransform
Transforming android-test-plugin-host-emulator-control-proto-31.10.1.jar (com.android.tools.utp:android-test-plugin-host-emulator-control-proto:31.10.1) with InstrumentationAnalysisTransform
Transforming builder-model-8.10.1.jar (com.android.tools.build:builder-model:8.10.1) with InstrumentationAnalysisTransform
Transforming gradle-api-8.10.1.jar (com.android.tools.build:gradle-api:8.10.1) with InstrumentationAnalysisTransform
Transforming builder-test-api-8.10.1.jar (com.android.tools.build:builder-test-api:8.10.1) with InstrumentationAnalysisTransform
Transforming ddmlib-31.10.1.jar (com.android.tools.ddms:ddmlib:31.10.1) with InstrumentationAnalysisTransform
Transforming layoutlib-api-31.10.1.jar (com.android.tools.layoutlib:layoutlib-api:31.10.1) with InstrumentationAnalysisTransform
Transforming dvlib-31.10.1.jar (com.android.tools:dvlib:31.10.1) with InstrumentationAnalysisTransform
Transforming common-31.10.1.jar (com.android.tools:common:31.10.1) with InstrumentationAnalysisTransform
Transforming kotlin-stdlib-jdk8-2.1.0.jar (org.jetbrains.kotlin:kotlin-stdlib-jdk8:2.1.0) with InstrumentationAnalysisTransform
Transforming jetifier-processor-1.0.0-beta10.jar (com.android.tools.build.jetifier:jetifier-processor:1.0.0-beta10) with InstrumentationAnalysisTransform
Transforming jetifier-core-1.0.0-beta10.jar (com.android.tools.build.jetifier:jetifier-core:1.0.0-beta10) with InstrumentationAnalysisTransform
Transforming kotlin-reflect-2.0.20.jar (org.jetbrains.kotlin:kotlin-reflect:2.0.20) with InstrumentationAnalysisTransform
Transforming kotlin-stdlib-jdk7-2.1.0.jar (org.jetbrains.kotlin:kotlin-stdlib-jdk7:2.1.0) with InstrumentationAnalysisTransform
Transforming kotlin-stdlib-2.0.20.jar (org.jetbrains.kotlin:kotlin-stdlib:2.0.20) with InstrumentationAnalysisTransform
Transforming annotations-13.0.jar (org.jetbrains:annotations:13.0) with InstrumentationAnalysisTransform
Transforming kotlin-gradle-plugin-model-2.2.20.jar (org.jetbrains.kotlin:kotlin-gradle-plugin-model:2.2.20) with InstrumentationAnalysisTransform
Transforming fus-statistics-gradle-plugin-2.2.20-gradle811.jar (org.jetbrains.kotlin:fus-statistics-gradle-plugin:2.2.20) with InstrumentationAnalysisTransform
Transforming kotlin-gradle-plugin-api-2.2.20.jar (org.jetbrains.kotlin:kotlin-gradle-plugin-api:2.2.20) with InstrumentationAnalysisTransform
Transforming kotlin-gradle-plugin-api-2.2.20-gradle811.jar (org.jetbrains.kotlin:kotlin-gradle-plugin-api:2.2.20) with InstrumentationAnalysisTransform
Transforming kotlin-gradle-plugin-2.2.20-gradle811.jar (org.jetbrains.kotlin:kotlin-gradle-plugin:2.2.20) with InstrumentationAnalysisTransform
Transforming ktlint-gradle-12.1.1.jar (org.jlleitschuh.gradle:ktlint-gradle:12.1.1) with InstrumentationAnalysisTransform
Transforming kotlin-gradle-plugin-idea-proto-2.2.20.jar (org.jetbrains.kotlin:kotlin-gradle-plugin-idea-proto:2.2.20) with InstrumentationAnalysisTransform
Transforming kotlin-gradle-plugin-idea-2.2.20.jar (org.jetbrains.kotlin:kotlin-gradle-plugin-idea:2.2.20) with InstrumentationAnalysisTransform
Transforming kotlin-klib-commonizer-api-2.2.20.jar (org.jetbrains.kotlin:kotlin-klib-commonizer-api:2.2.20) with InstrumentationAnalysisTransform
Transforming kotlin-build-statistics-2.2.20.jar (org.jetbrains.kotlin:kotlin-build-statistics:2.2.20) with InstrumentationAnalysisTransform
Transforming kotlin-util-klib-metadata-2.2.20.jar (org.jetbrains.kotlin:kotlin-util-klib-metadata:2.2.20) with InstrumentationAnalysisTransform
Transforming abi-tools-api-2.2.20.jar (org.jetbrains.kotlin:abi-tools-api:2.2.20) with InstrumentationAnalysisTransform
Transforming kotlin-compiler-runner-2.2.20.jar (org.jetbrains.kotlin:kotlin-compiler-runner:2.2.20) with InstrumentationAnalysisTransform
Transforming dnsjava-2.1.9.jar (dnsjava:dnsjava:2.1.9) with InstrumentationAnalysisTransform
Transforming kotlin-gradle-plugin-annotations-2.2.20.jar (org.jetbrains.kotlin:kotlin-gradle-plugin-annotations:2.2.20) with InstrumentationAnalysisTransform
Transforming kotlin-native-utils-2.2.20.jar (org.jetbrains.kotlin:kotlin-native-utils:2.2.20) with InstrumentationAnalysisTransform
Transforming kotlin-tooling-core-2.2.20.jar (org.jetbrains.kotlin:kotlin-tooling-core:2.2.20) with InstrumentationAnalysisTransform
Transforming kotlin-build-tools-api-2.2.20.jar (org.jetbrains.kotlin:kotlin-build-tools-api:2.2.20) with InstrumentationAnalysisTransform
Transforming android-test-plugin-result-listener-gradle-proto-31.10.1.jar (com.android.tools.utp:android-test-plugin-result-listener-gradle-proto:31.10.1) with InstrumentationAnalysisTransform
Transforming bundletool-1.18.0.jar (com.android.tools.build:bundletool:1.18.0) with InstrumentationAnalysisTransform
Transforming protobuf-java-util-3.25.5.jar (com.google.protobuf:protobuf-java-util:3.25.5) with InstrumentationAnalysisTransform
Transforming grpc-netty-1.69.1.jar (io.grpc:grpc-netty:1.69.1) with InstrumentationAnalysisTransform
Transforming grpc-inprocess-1.69.1.jar (io.grpc:grpc-inprocess:1.69.1) with InstrumentationAnalysisTransform
Transforming grpc-util-1.69.1.jar (io.grpc:grpc-util:1.69.1) with InstrumentationAnalysisTransform
Transforming grpc-core-1.69.1.jar (io.grpc:grpc-core:1.69.1) with InstrumentationAnalysisTransform
Transforming tink-1.7.0.jar (com.google.crypto.tink:tink:1.7.0) with InstrumentationAnalysisTransform
Transforming gson-2.11.0.jar (com.google.code.gson:gson:2.11.0) with InstrumentationAnalysisTransform
Transforming kotlin-util-klib-2.2.20.jar (org.jetbrains.kotlin:kotlin-util-klib:2.2.20) with InstrumentationAnalysisTransform
Transforming kotlin-util-io-2.2.20.jar (org.jetbrains.kotlin:kotlin-util-io:2.2.20) with InstrumentationAnalysisTransform
Transforming kotlin-daemon-client-2.2.20.jar (org.jetbrains.kotlin:kotlin-daemon-client:2.2.20) with InstrumentationAnalysisTransform
Transforming kotlinx-coroutines-core-jvm-1.8.0.jar (org.jetbrains.kotlinx:kotlinx-coroutines-core-jvm:1.8.0) with InstrumentationAnalysisTransform
Transforming aapt2-proto-8.10.1-12782657.jar (com.android.tools.build:aapt2-proto:8.10.1-12782657) with InstrumentationAnalysisTransform
Transforming crash-31.10.1.jar (com.android.tools.analytics-library:crash:31.10.1) with InstrumentationAnalysisTransform
Transforming lint-typedef-remover-31.10.1.jar (com.android.tools.lint:lint-typedef-remover:31.10.1) with InstrumentationAnalysisTransform
Transforming databinding-common-8.10.1.jar (androidx.databinding:databinding-common:8.10.1) with InstrumentationAnalysisTransform
Transforming baseLibrary-8.10.1.jar (com.android.databinding:baseLibrary:8.10.1) with InstrumentationAnalysisTransform
Transforming android-device-provider-ddmlib-proto-31.10.1.jar (com.android.tools.utp:android-device-provider-ddmlib-proto:31.10.1) with InstrumentationAnalysisTransform
Transforming android-device-provider-gradle-proto-31.10.1.jar (com.android.tools.utp:android-device-provider-gradle-proto:31.10.1) with InstrumentationAnalysisTransform
Transforming android-device-provider-profile-proto-31.10.1.jar (com.android.tools.utp:android-device-provider-profile-proto:31.10.1) with InstrumentationAnalysisTransform
Transforming android-test-plugin-host-additional-test-output-proto-31.10.1.jar (com.android.tools.utp:android-test-plugin-host-additional-test-output-proto:31.10.1) with InstrumentationAnalysisTransform
Transforming android-test-plugin-host-coverage-proto-31.10.1.jar (com.android.tools.utp:android-test-plugin-host-coverage-proto:31.10.1) with InstrumentationAnalysisTransform
Transforming android-test-plugin-host-logcat-proto-31.10.1.jar (com.android.tools.utp:android-test-plugin-host-logcat-proto:31.10.1) with InstrumentationAnalysisTransform
Transforming android-test-plugin-host-apk-installer-proto-31.10.1.jar (com.android.tools.utp:android-test-plugin-host-apk-installer-proto:31.10.1) with InstrumentationAnalysisTransform
Transforming transform-api-2.0.0-deprecated-use-gradle-api.jar (com.android.tools.build:transform-api:2.0.0-deprecated-use-gradle-api) with InstrumentationAnalysisTransform
Transforming httpmime-4.5.6.jar (org.apache.httpcomponents:httpmime:4.5.6) with InstrumentationAnalysisTransform
Transforming commons-io-2.16.1.jar (commons-io:commons-io:2.16.1) with InstrumentationAnalysisTransform
Transforming asm-commons-9.7.1.jar (org.ow2.asm:asm-commons:9.7.1) with InstrumentationAnalysisTransform
Transforming asm-util-9.7.1.jar (org.ow2.asm:asm-util:9.7.1) with InstrumentationAnalysisTransform
Transforming asm-analysis-9.7.1.jar (org.ow2.asm:asm-analysis:9.7.1) with InstrumentationAnalysisTransform
Transforming asm-tree-9.7.1.jar (org.ow2.asm:asm-tree:9.7.1) with InstrumentationAnalysisTransform
Transforming asm-9.7.1.jar (org.ow2.asm:asm:9.7.1) with InstrumentationAnalysisTransform
Transforming apkzlib-8.10.1.jar (com.android.tools.build:apkzlib:8.10.1) with InstrumentationAnalysisTransform
Transforming bcpkix-jdk18on-1.79.jar (org.bouncycastle:bcpkix-jdk18on:1.79) with InstrumentationAnalysisTransform
Transforming jaxb-runtime-2.3.2.jar (org.glassfish.jaxb:jaxb-runtime:2.3.2) with InstrumentationAnalysisTransform
Transforming jopt-simple-4.9.jar (net.sf.jopt-simple:jopt-simple:4.9) with InstrumentationAnalysisTransform
Transforming javapoet-1.10.0.jar (com.squareup:javapoet:1.10.0) with InstrumentationAnalysisTransform
Transforming grpc-protobuf-1.69.1.jar (io.grpc:grpc-protobuf:1.69.1) with InstrumentationAnalysisTransform
Transforming core-proto-0.0.9-alpha03.jar (com.google.testing.platform:core-proto:0.0.9-alpha03) with InstrumentationAnalysisTransform
Transforming protos-31.10.1.jar (com.android.tools.analytics-library:protos:31.10.1) with InstrumentationAnalysisTransform
Transforming proto-google-common-protos-2.48.0.jar (com.google.api.grpc:proto-google-common-protos:2.48.0) with InstrumentationAnalysisTransform
Transforming protobuf-java-3.25.5.jar (com.google.protobuf:protobuf-java:3.25.5) with InstrumentationAnalysisTransform
Transforming grpc-stub-1.69.1.jar (io.grpc:grpc-stub:1.69.1) with InstrumentationAnalysisTransform
Transforming tensorflow-lite-metadata-0.2.0.jar (org.tensorflow:tensorflow-lite-metadata:0.2.0) with InstrumentationAnalysisTransform
Transforming flatbuffers-java-1.12.0.jar (com.google.flatbuffers:flatbuffers-java:1.12.0) with InstrumentationAnalysisTransform
Transforming jimfs-1.1.jar (com.google.jimfs:jimfs:1.1) with InstrumentationAnalysisTransform
Transforming grpc-context-1.69.1.jar (io.grpc:grpc-context:1.69.1) with InstrumentationAnalysisTransform
Transforming grpc-protobuf-lite-1.69.1.jar (io.grpc:grpc-protobuf-lite:1.69.1) with InstrumentationAnalysisTransform
Transforming grpc-api-1.69.1.jar (io.grpc:grpc-api:1.69.1) with InstrumentationAnalysisTransform
Transforming guava-33.3.1-jre.jar (com.google.guava:guava:33.3.1-jre) with InstrumentationAnalysisTransform
Transforming error_prone_annotations-2.30.0.jar (com.google.errorprone:error_prone_annotations:2.30.0) with InstrumentationAnalysisTransform
Transforming dagger-2.28.3.jar (com.google.dagger:dagger:2.28.3) with InstrumentationAnalysisTransform
Transforming javax.inject-1.jar (javax.inject:javax.inject:1) with InstrumentationAnalysisTransform
Transforming kxml2-2.3.0.jar (net.sf.kxml:kxml2:2.3.0) with InstrumentationAnalysisTransform
Transforming commons-compress-1.21.jar (org.apache.commons:commons-compress:1.21) with InstrumentationAnalysisTransform
Transforming bcutil-jdk18on-1.79.jar (org.bouncycastle:bcutil-jdk18on:1.79) with InstrumentationAnalysisTransform
Transforming bcprov-jdk18on-1.79.jar (org.bouncycastle:bcprov-jdk18on:1.79) with InstrumentationAnalysisTransform
Transforming httpclient-4.5.14.jar (org.apache.httpcomponents:httpclient:4.5.14) with InstrumentationAnalysisTransform
Transforming httpcore-4.4.16.jar (org.apache.httpcomponents:httpcore:4.4.16) with InstrumentationAnalysisTransform
Transforming javax.activation-1.2.0.jar (com.sun.activation:javax.activation:1.2.0) with InstrumentationAnalysisTransform
Transforming signflinger-8.10.1.jar (com.android:signflinger:8.10.1) with InstrumentationAnalysisTransform
Transforming zipflinger-8.10.1.jar (com.android:zipflinger:8.10.1) with InstrumentationAnalysisTransform
Transforming annotations-31.10.1.jar (com.android.tools:annotations:31.10.1) with InstrumentationAnalysisTransform
Transforming jna-platform-5.6.0.jar (net.java.dev.jna:jna-platform:5.6.0) with InstrumentationAnalysisTransform
Transforming juniversalchardet-1.0.3.jar (com.googlecode.juniversalchardet:juniversalchardet:1.0.3) with InstrumentationAnalysisTransform
Transforming javax.annotation-api-1.3.2.jar (javax.annotation:javax.annotation-api:1.3.2) with InstrumentationAnalysisTransform
Transforming stax-ex-1.8.1.jar (org.jvnet.staxex:stax-ex:1.8.1) with InstrumentationAnalysisTransform
Transforming jakarta.xml.bind-api-2.3.2.jar (jakarta.xml.bind:jakarta.xml.bind-api:2.3.2) with InstrumentationAnalysisTransform
Transforming txw2-2.3.2.jar (org.glassfish.jaxb:txw2:2.3.2) with InstrumentationAnalysisTransform
Transforming istack-commons-runtime-3.0.8.jar (com.sun.istack:istack-commons-runtime:3.0.8) with InstrumentationAnalysisTransform
Transforming FastInfoset-1.2.16.jar (com.sun.xml.fastinfoset:FastInfoset:1.2.16) with InstrumentationAnalysisTransform
Transforming jakarta.activation-api-1.2.1.jar (jakarta.activation:jakarta.activation-api:1.2.1) with InstrumentationAnalysisTransform
Transforming auto-value-annotations-1.6.2.jar (com.google.auto.value:auto-value-annotations:1.6.2) with InstrumentationAnalysisTransform
Transforming jose4j-0.9.5.jar (org.bitbucket.b_c:jose4j:0.9.5) with InstrumentationAnalysisTransform
Transforming slf4j-api-1.7.30.jar (org.slf4j:slf4j-api:1.7.30) with InstrumentationAnalysisTransform
Transforming jdom2-2.0.6.jar (org.jdom:jdom2:2.0.6) with InstrumentationAnalysisTransform
Transforming jsr305-3.0.2.jar (com.google.code.findbugs:jsr305:3.0.2) with InstrumentationAnalysisTransform
Transforming j2objc-annotations-3.0.0.jar (com.google.j2objc:j2objc-annotations:3.0.0) with InstrumentationAnalysisTransform
Transforming annotations-4.1.1.4.jar (com.google.android:annotations:4.1.1.4) with InstrumentationAnalysisTransform
Transforming animal-sniffer-annotations-1.24.jar (org.codehaus.mojo:animal-sniffer-annotations:1.24) with InstrumentationAnalysisTransform
Transforming perfmark-api-0.27.0.jar (io.perfmark:perfmark-api:0.27.0) with InstrumentationAnalysisTransform
Transforming netty-codec-http2-4.1.110.Final.jar (io.netty:netty-codec-http2:4.1.110.Final) with InstrumentationAnalysisTransform
Transforming netty-handler-proxy-4.1.110.Final.jar (io.netty:netty-handler-proxy:4.1.110.Final) with InstrumentationAnalysisTransform
Transforming netty-codec-http-4.1.110.Final.jar (io.netty:netty-codec-http:4.1.110.Final) with InstrumentationAnalysisTransform
Transforming netty-handler-4.1.110.Final.jar (io.netty:netty-handler:4.1.110.Final) with InstrumentationAnalysisTransform
Transforming netty-transport-native-unix-common-4.1.110.Final.jar (io.netty:netty-transport-native-unix-common:4.1.110.Final) with InstrumentationAnalysisTransform
Transforming checker-qual-3.43.0.jar (org.checkerframework:checker-qual:3.43.0) with InstrumentationAnalysisTransform
Transforming apksig-8.10.1.jar (com.android.tools.build:apksig:8.10.1) with InstrumentationAnalysisTransform
Transforming javawriter-2.5.0.jar (com.squareup:javawriter:2.5.0) with InstrumentationAnalysisTransform
Transforming failureaccess-1.0.2.jar (com.google.guava:failureaccess:1.0.2) with InstrumentationAnalysisTransform
Transforming listenablefuture-9999.0-empty-to-avoid-conflict-with-guava.jar (com.google.guava:listenablefuture:9999.0-empty-to-avoid-conflict-with-guava) with InstrumentationAnalysisTransform
Transforming commons-logging-1.2.jar (commons-logging:commons-logging:1.2) with InstrumentationAnalysisTransform
Transforming commons-codec-1.11.jar (commons-codec:commons-codec:1.11) with InstrumentationAnalysisTransform
Transforming jna-5.6.0.jar (net.java.dev.jna:jna:5.6.0) with InstrumentationAnalysisTransform
Transforming netty-codec-socks-4.1.110.Final.jar (io.netty:netty-codec-socks:4.1.110.Final) with InstrumentationAnalysisTransform
Transforming netty-codec-4.1.110.Final.jar (io.netty:netty-codec:4.1.110.Final) with InstrumentationAnalysisTransform
Transforming netty-transport-4.1.110.Final.jar (io.netty:netty-transport:4.1.110.Final) with InstrumentationAnalysisTransform
Transforming netty-buffer-4.1.110.Final.jar (io.netty:netty-buffer:4.1.110.Final) with InstrumentationAnalysisTransform
Transforming netty-resolver-4.1.110.Final.jar (io.netty:netty-resolver:4.1.110.Final) with InstrumentationAnalysisTransform
Transforming netty-common-4.1.110.Final.jar (io.netty:netty-common:4.1.110.Final) with InstrumentationAnalysisTransform
Transforming main (project :build-logic:plugins) with InstrumentationAnalysisTransform
Transforming main (project :build-logic:plugins) with InstrumentationAnalysisTransform
Transforming main (project :build-logic:plugins) with InstrumentationAnalysisTransform
Transforming main (project :build-logic:tools) with InstrumentationAnalysisTransform
Transforming main (project :build-logic:tools) with InstrumentationAnalysisTransform
Transforming classes with InstrumentationAnalysisTransform
Transforming classes with MergeInstrumentationAnalysisTransform
Transforming classes with InstrumentationAnalysisTransform
Transforming classes with MergeInstrumentationAnalysisTransform
Transforming gradle-8.10.1.jar (com.android.tools.build:gradle:8.10.1) with InstrumentationAnalysisTransform
Transforming gradle-8.10.1.jar (com.android.tools.build:gradle:8.10.1) with MergeInstrumentationAnalysisTransform
Transforming gradle-settings-api-8.10.1.jar (com.android.tools.build:gradle-settings-api:8.10.1) with InstrumentationAnalysisTransform
Transforming gradle-settings-api-8.10.1.jar (com.android.tools.build:gradle-settings-api:8.10.1) with MergeInstrumentationAnalysisTransform
Transforming lint-model-31.10.1.jar (com.android.tools.lint:lint-model:31.10.1) with InstrumentationAnalysisTransform
Transforming lint-model-31.10.1.jar (com.android.tools.lint:lint-model:31.10.1) with MergeInstrumentationAnalysisTransform
Transforming builder-8.10.1.jar (com.android.tools.build:builder:8.10.1) with InstrumentationAnalysisTransform
Transforming builder-8.10.1.jar (com.android.tools.build:builder:8.10.1) with MergeInstrumentationAnalysisTransform
Transforming manifest-merger-31.10.1.jar (com.android.tools.build:manifest-merger:31.10.1) with InstrumentationAnalysisTransform
Transforming manifest-merger-31.10.1.jar (com.android.tools.build:manifest-merger:31.10.1) with MergeInstrumentationAnalysisTransform
Transforming sdk-common-31.10.1.jar (com.android.tools:sdk-common:31.10.1) with InstrumentationAnalysisTransform
Transforming sdk-common-31.10.1.jar (com.android.tools:sdk-common:31.10.1) with MergeInstrumentationAnalysisTransform
Transforming sdklib-31.10.1.jar (com.android.tools:sdklib:31.10.1) with InstrumentationAnalysisTransform
Transforming sdklib-31.10.1.jar (com.android.tools:sdklib:31.10.1) with MergeInstrumentationAnalysisTransform
Transforming repository-31.10.1.jar (com.android.tools:repository:31.10.1) with InstrumentationAnalysisTransform
Transforming repository-31.10.1.jar (com.android.tools:repository:31.10.1) with MergeInstrumentationAnalysisTransform
Transforming aaptcompiler-8.10.1.jar (com.android.tools.build:aaptcompiler:8.10.1) with InstrumentationAnalysisTransform
Transforming aaptcompiler-8.10.1.jar (com.android.tools.build:aaptcompiler:8.10.1) with MergeInstrumentationAnalysisTransform
Transforming tracker-31.10.1.jar (com.android.tools.analytics-library:tracker:31.10.1) with InstrumentationAnalysisTransform
Transforming tracker-31.10.1.jar (com.android.tools.analytics-library:tracker:31.10.1) with MergeInstrumentationAnalysisTransform
Transforming shared-31.10.1.jar (com.android.tools.analytics-library:shared:31.10.1) with InstrumentationAnalysisTransform
Transforming shared-31.10.1.jar (com.android.tools.analytics-library:shared:31.10.1) with MergeInstrumentationAnalysisTransform
Transforming databinding-compiler-common-8.10.1.jar (androidx.databinding:databinding-compiler-common:8.10.1) with InstrumentationAnalysisTransform
Transforming databinding-compiler-common-8.10.1.jar (androidx.databinding:databinding-compiler-common:8.10.1) with MergeInstrumentationAnalysisTransform
Transforming android-test-plugin-host-emulator-control-proto-31.10.1.jar (com.android.tools.utp:android-test-plugin-host-emulator-control-proto:31.10.1) with InstrumentationAnalysisTransform
Transforming android-test-plugin-host-emulator-control-proto-31.10.1.jar (com.android.tools.utp:android-test-plugin-host-emulator-control-proto:31.10.1) with MergeInstrumentationAnalysisTransform
Transforming builder-model-8.10.1.jar (com.android.tools.build:builder-model:8.10.1) with InstrumentationAnalysisTransform
Transforming builder-model-8.10.1.jar (com.android.tools.build:builder-model:8.10.1) with MergeInstrumentationAnalysisTransform
Transforming gradle-api-8.10.1.jar (com.android.tools.build:gradle-api:8.10.1) with InstrumentationAnalysisTransform
Transforming gradle-api-8.10.1.jar (com.android.tools.build:gradle-api:8.10.1) with MergeInstrumentationAnalysisTransform
Transforming builder-test-api-8.10.1.jar (com.android.tools.build:builder-test-api:8.10.1) with InstrumentationAnalysisTransform
Transforming builder-test-api-8.10.1.jar (com.android.tools.build:builder-test-api:8.10.1) with MergeInstrumentationAnalysisTransform
Transforming ddmlib-31.10.1.jar (com.android.tools.ddms:ddmlib:31.10.1) with InstrumentationAnalysisTransform
Transforming ddmlib-31.10.1.jar (com.android.tools.ddms:ddmlib:31.10.1) with MergeInstrumentationAnalysisTransform
Transforming layoutlib-api-31.10.1.jar (com.android.tools.layoutlib:layoutlib-api:31.10.1) with InstrumentationAnalysisTransform
Transforming classes with ExternalDependencyInstrumentingArtifactTransform
Transforming layoutlib-api-31.10.1.jar (com.android.tools.layoutlib:layoutlib-api:31.10.1) with MergeInstrumentationAnalysisTransform
Transforming dvlib-31.10.1.jar (com.android.tools:dvlib:31.10.1) with InstrumentationAnalysisTransform
Transforming classes with ExternalDependencyInstrumentingArtifactTransform
Transforming dvlib-31.10.1.jar (com.android.tools:dvlib:31.10.1) with MergeInstrumentationAnalysisTransform
Transforming common-31.10.1.jar (com.android.tools:common:31.10.1) with InstrumentationAnalysisTransform
Transforming gradle-settings-api-8.10.1.jar (com.android.tools.build:gradle-settings-api:8.10.1) with ExternalDependencyInstrumentingArtifactTransform
Transforming gradle-8.10.1.jar (com.android.tools.build:gradle:8.10.1) with ExternalDependencyInstrumentingArtifactTransform
Transforming builder-8.10.1.jar (com.android.tools.build:builder:8.10.1) with ExternalDependencyInstrumentingArtifactTransform
Transforming sdklib-31.10.1.jar (com.android.tools:sdklib:31.10.1) with ExternalDependencyInstrumentingArtifactTransform
Transforming tracker-31.10.1.jar (com.android.tools.analytics-library:tracker:31.10.1) with ExternalDependencyInstrumentingArtifactTransform
Transforming aaptcompiler-8.10.1.jar (com.android.tools.build:aaptcompiler:8.10.1) with ExternalDependencyInstrumentingArtifactTransform
Transforming sdk-common-31.10.1.jar (com.android.tools:sdk-common:31.10.1) with ExternalDependencyInstrumentingArtifactTransform
Transforming shared-31.10.1.jar (com.android.tools.analytics-library:shared:31.10.1) with ExternalDependencyInstrumentingArtifactTransform
Transforming android-test-plugin-host-emulator-control-proto-31.10.1.jar (com.android.tools.utp:android-test-plugin-host-emulator-control-proto:31.10.1) with ExternalDependencyInstrumentingArtifactTransform
Transforming manifest-merger-31.10.1.jar (com.android.tools.build:manifest-merger:31.10.1) with ExternalDependencyInstrumentingArtifactTransform
Transforming common-31.10.1.jar (com.android.tools:common:31.10.1) with MergeInstrumentationAnalysisTransform
Transforming ddmlib-31.10.1.jar (com.android.tools.ddms:ddmlib:31.10.1) with ExternalDependencyInstrumentingArtifactTransform
Transforming layoutlib-api-31.10.1.jar (com.android.tools.layoutlib:layoutlib-api:31.10.1) with ExternalDependencyInstrumentingArtifactTransform
Transforming dvlib-31.10.1.jar (com.android.tools:dvlib:31.10.1) with ExternalDependencyInstrumentingArtifactTransform
Transforming lint-model-31.10.1.jar (com.android.tools.lint:lint-model:31.10.1) with ExternalDependencyInstrumentingArtifactTransform
Transforming kotlin-stdlib-jdk8-2.1.0.jar (org.jetbrains.kotlin:kotlin-stdlib-jdk8:2.1.0) with InstrumentationAnalysisTransform
Transforming builder-test-api-8.10.1.jar (com.android.tools.build:builder-test-api:8.10.1) with ExternalDependencyInstrumentingArtifactTransform
Transforming gradle-api-8.10.1.jar (com.android.tools.build:gradle-api:8.10.1) with ExternalDependencyInstrumentingArtifactTransform
Transforming kotlin-stdlib-jdk8-2.1.0.jar (org.jetbrains.kotlin:kotlin-stdlib-jdk8:2.1.0) with MergeInstrumentationAnalysisTransform
Transforming builder-model-8.10.1.jar (com.android.tools.build:builder-model:8.10.1) with ExternalDependencyInstrumentingArtifactTransform
Transforming jetifier-processor-1.0.0-beta10.jar (com.android.tools.build.jetifier:jetifier-processor:1.0.0-beta10) with InstrumentationAnalysisTransform
Transforming databinding-compiler-common-8.10.1.jar (androidx.databinding:databinding-compiler-common:8.10.1) with ExternalDependencyInstrumentingArtifactTransform
Transforming jetifier-processor-1.0.0-beta10.jar (com.android.tools.build.jetifier:jetifier-processor:1.0.0-beta10) with MergeInstrumentationAnalysisTransform
Transforming repository-31.10.1.jar (com.android.tools:repository:31.10.1) with ExternalDependencyInstrumentingArtifactTransform
Transforming jetifier-core-1.0.0-beta10.jar (com.android.tools.build.jetifier:jetifier-core:1.0.0-beta10) with InstrumentationAnalysisTransform
Transforming common-31.10.1.jar (com.android.tools:common:31.10.1) with ExternalDependencyInstrumentingArtifactTransform
Transforming kotlin-stdlib-jdk8-2.1.0.jar (org.jetbrains.kotlin:kotlin-stdlib-jdk8:2.1.0) with ExternalDependencyInstrumentingArtifactTransform
Transforming jetifier-core-1.0.0-beta10.jar (com.android.tools.build.jetifier:jetifier-core:1.0.0-beta10) with MergeInstrumentationAnalysisTransform
Transforming kotlin-reflect-2.0.20.jar (org.jetbrains.kotlin:kotlin-reflect:2.0.20) with InstrumentationAnalysisTransform
Transforming jetifier-processor-1.0.0-beta10.jar (com.android.tools.build.jetifier:jetifier-processor:1.0.0-beta10) with ExternalDependencyInstrumentingArtifactTransform
Transforming kotlin-reflect-2.0.20.jar (org.jetbrains.kotlin:kotlin-reflect:2.0.20) with MergeInstrumentationAnalysisTransform
Transforming kotlin-stdlib-jdk7-2.1.0.jar (org.jetbrains.kotlin:kotlin-stdlib-jdk7:2.1.0) with InstrumentationAnalysisTransform
Transforming kotlin-stdlib-jdk7-2.1.0.jar (org.jetbrains.kotlin:kotlin-stdlib-jdk7:2.1.0) with MergeInstrumentationAnalysisTransform
Transforming kotlin-stdlib-2.0.20.jar (org.jetbrains.kotlin:kotlin-stdlib:2.0.20) with InstrumentationAnalysisTransform
Transforming jetifier-core-1.0.0-beta10.jar (com.android.tools.build.jetifier:jetifier-core:1.0.0-beta10) with ExternalDependencyInstrumentingArtifactTransform
Transforming kotlin-stdlib-2.0.20.jar (org.jetbrains.kotlin:kotlin-stdlib:2.0.20) with MergeInstrumentationAnalysisTransform
Transforming annotations-13.0.jar (org.jetbrains:annotations:13.0) with InstrumentationAnalysisTransform
Transforming kotlin-reflect-2.0.20.jar (org.jetbrains.kotlin:kotlin-reflect:2.0.20) with ExternalDependencyInstrumentingArtifactTransform
Transforming annotations-13.0.jar (org.jetbrains:annotations:13.0) with MergeInstrumentationAnalysisTransform
Transforming kotlin-gradle-plugin-model-2.2.20.jar (org.jetbrains.kotlin:kotlin-gradle-plugin-model:2.2.20) with InstrumentationAnalysisTransform
Transforming kotlin-gradle-plugin-model-2.2.20.jar (org.jetbrains.kotlin:kotlin-gradle-plugin-model:2.2.20) with MergeInstrumentationAnalysisTransform
Transforming kotlin-stdlib-2.0.20.jar (org.jetbrains.kotlin:kotlin-stdlib:2.0.20) with ExternalDependencyInstrumentingArtifactTransform
Transforming kotlin-stdlib-jdk7-2.1.0.jar (org.jetbrains.kotlin:kotlin-stdlib-jdk7:2.1.0) with ExternalDependencyInstrumentingArtifactTransform
Transforming fus-statistics-gradle-plugin-2.2.20-gradle811.jar (org.jetbrains.kotlin:fus-statistics-gradle-plugin:2.2.20) with InstrumentationAnalysisTransform
Transforming fus-statistics-gradle-plugin-2.2.20-gradle811.jar (org.jetbrains.kotlin:fus-statistics-gradle-plugin:2.2.20) with MergeInstrumentationAnalysisTransform
Transforming kotlin-gradle-plugin-api-2.2.20.jar (org.jetbrains.kotlin:kotlin-gradle-plugin-api:2.2.20) with InstrumentationAnalysisTransform
Transforming kotlin-gradle-plugin-api-2.2.20.jar (org.jetbrains.kotlin:kotlin-gradle-plugin-api:2.2.20) with MergeInstrumentationAnalysisTransform
Transforming kotlin-gradle-plugin-model-2.2.20.jar (org.jetbrains.kotlin:kotlin-gradle-plugin-model:2.2.20) with ExternalDependencyInstrumentingArtifactTransform
Transforming kotlin-gradle-plugin-api-2.2.20-gradle811.jar (org.jetbrains.kotlin:kotlin-gradle-plugin-api:2.2.20) with InstrumentationAnalysisTransform
Transforming annotations-13.0.jar (org.jetbrains:annotations:13.0) with ExternalDependencyInstrumentingArtifactTransform
Transforming kotlin-gradle-plugin-api-2.2.20-gradle811.jar (org.jetbrains.kotlin:kotlin-gradle-plugin-api:2.2.20) with MergeInstrumentationAnalysisTransform
Transforming fus-statistics-gradle-plugin-2.2.20-gradle811.jar (org.jetbrains.kotlin:fus-statistics-gradle-plugin:2.2.20) with ExternalDependencyInstrumentingArtifactTransform
Transforming kotlin-gradle-plugin-api-2.2.20.jar (org.jetbrains.kotlin:kotlin-gradle-plugin-api:2.2.20) with ExternalDependencyInstrumentingArtifactTransform
Transforming kotlin-gradle-plugin-2.2.20-gradle811.jar (org.jetbrains.kotlin:kotlin-gradle-plugin:2.2.20) with InstrumentationAnalysisTransform
Transforming kotlin-gradle-plugin-api-2.2.20-gradle811.jar (org.jetbrains.kotlin:kotlin-gradle-plugin-api:2.2.20) with ExternalDependencyInstrumentingArtifactTransform
Transforming kotlin-gradle-plugin-2.2.20-gradle811.jar (org.jetbrains.kotlin:kotlin-gradle-plugin:2.2.20) with MergeInstrumentationAnalysisTransform
Transforming ktlint-gradle-12.1.1.jar (org.jlleitschuh.gradle:ktlint-gradle:12.1.1) with InstrumentationAnalysisTransform
Transforming ktlint-gradle-12.1.1.jar (org.jlleitschuh.gradle:ktlint-gradle:12.1.1) with MergeInstrumentationAnalysisTransform
Transforming kotlin-gradle-plugin-idea-proto-2.2.20.jar (org.jetbrains.kotlin:kotlin-gradle-plugin-idea-proto:2.2.20) with InstrumentationAnalysisTransform
Transforming kotlin-gradle-plugin-idea-proto-2.2.20.jar (org.jetbrains.kotlin:kotlin-gradle-plugin-idea-proto:2.2.20) with MergeInstrumentationAnalysisTransform
Transforming kotlin-gradle-plugin-idea-2.2.20.jar (org.jetbrains.kotlin:kotlin-gradle-plugin-idea:2.2.20) with InstrumentationAnalysisTransform
Transforming kotlin-gradle-plugin-idea-2.2.20.jar (org.jetbrains.kotlin:kotlin-gradle-plugin-idea:2.2.20) with MergeInstrumentationAnalysisTransform
Transforming kotlin-klib-commonizer-api-2.2.20.jar (org.jetbrains.kotlin:kotlin-klib-commonizer-api:2.2.20) with InstrumentationAnalysisTransform
Transforming kotlin-klib-commonizer-api-2.2.20.jar (org.jetbrains.kotlin:kotlin-klib-commonizer-api:2.2.20) with MergeInstrumentationAnalysisTransform
Transforming kotlin-build-statistics-2.2.20.jar (org.jetbrains.kotlin:kotlin-build-statistics:2.2.20) with InstrumentationAnalysisTransform
Transforming ktlint-gradle-12.1.1.jar (org.jlleitschuh.gradle:ktlint-gradle:12.1.1) with ExternalDependencyInstrumentingArtifactTransform
Transforming kotlin-gradle-plugin-2.2.20-gradle811.jar (org.jetbrains.kotlin:kotlin-gradle-plugin:2.2.20) with ExternalDependencyInstrumentingArtifactTransform
Transforming kotlin-build-statistics-2.2.20.jar (org.jetbrains.kotlin:kotlin-build-statistics:2.2.20) with MergeInstrumentationAnalysisTransform
Transforming kotlin-gradle-plugin-idea-proto-2.2.20.jar (org.jetbrains.kotlin:kotlin-gradle-plugin-idea-proto:2.2.20) with ExternalDependencyInstrumentingArtifactTransform
Transforming kotlin-util-klib-metadata-2.2.20.jar (org.jetbrains.kotlin:kotlin-util-klib-metadata:2.2.20) with InstrumentationAnalysisTransform
Transforming kotlin-util-klib-metadata-2.2.20.jar (org.jetbrains.kotlin:kotlin-util-klib-metadata:2.2.20) with MergeInstrumentationAnalysisTransform
Transforming kotlin-gradle-plugin-idea-2.2.20.jar (org.jetbrains.kotlin:kotlin-gradle-plugin-idea:2.2.20) with ExternalDependencyInstrumentingArtifactTransform
Transforming abi-tools-api-2.2.20.jar (org.jetbrains.kotlin:abi-tools-api:2.2.20) with InstrumentationAnalysisTransform
Transforming kotlin-build-statistics-2.2.20.jar (org.jetbrains.kotlin:kotlin-build-statistics:2.2.20) with ExternalDependencyInstrumentingArtifactTransform
Transforming kotlin-klib-commonizer-api-2.2.20.jar (org.jetbrains.kotlin:kotlin-klib-commonizer-api:2.2.20) with ExternalDependencyInstrumentingArtifactTransform
Transforming abi-tools-api-2.2.20.jar (org.jetbrains.kotlin:abi-tools-api:2.2.20) with MergeInstrumentationAnalysisTransform
Transforming kotlin-util-klib-metadata-2.2.20.jar (org.jetbrains.kotlin:kotlin-util-klib-metadata:2.2.20) with ExternalDependencyInstrumentingArtifactTransform
Transforming kotlin-compiler-runner-2.2.20.jar (org.jetbrains.kotlin:kotlin-compiler-runner:2.2.20) with InstrumentationAnalysisTransform
Transforming kotlin-compiler-runner-2.2.20.jar (org.jetbrains.kotlin:kotlin-compiler-runner:2.2.20) with MergeInstrumentationAnalysisTransform
Transforming dnsjava-2.1.9.jar (dnsjava:dnsjava:2.1.9) with InstrumentationAnalysisTransform
Transforming dnsjava-2.1.9.jar (dnsjava:dnsjava:2.1.9) with MergeInstrumentationAnalysisTransform
Transforming kotlin-gradle-plugin-annotations-2.2.20.jar (org.jetbrains.kotlin:kotlin-gradle-plugin-annotations:2.2.20) with InstrumentationAnalysisTransform
Transforming kotlin-compiler-runner-2.2.20.jar (org.jetbrains.kotlin:kotlin-compiler-runner:2.2.20) with ExternalDependencyInstrumentingArtifactTransform
Transforming abi-tools-api-2.2.20.jar (org.jetbrains.kotlin:abi-tools-api:2.2.20) with ExternalDependencyInstrumentingArtifactTransform
Transforming kotlin-gradle-plugin-annotations-2.2.20.jar (org.jetbrains.kotlin:kotlin-gradle-plugin-annotations:2.2.20) with MergeInstrumentationAnalysisTransform
Transforming kotlin-native-utils-2.2.20.jar (org.jetbrains.kotlin:kotlin-native-utils:2.2.20) with InstrumentationAnalysisTransform
Transforming dnsjava-2.1.9.jar (dnsjava:dnsjava:2.1.9) with ExternalDependencyInstrumentingArtifactTransform
Transforming kotlin-native-utils-2.2.20.jar (org.jetbrains.kotlin:kotlin-native-utils:2.2.20) with MergeInstrumentationAnalysisTransform
Transforming kotlin-tooling-core-2.2.20.jar (org.jetbrains.kotlin:kotlin-tooling-core:2.2.20) with InstrumentationAnalysisTransform
Transforming kotlin-tooling-core-2.2.20.jar (org.jetbrains.kotlin:kotlin-tooling-core:2.2.20) with MergeInstrumentationAnalysisTransform
Transforming kotlin-build-tools-api-2.2.20.jar (org.jetbrains.kotlin:kotlin-build-tools-api:2.2.20) with InstrumentationAnalysisTransform
Transforming kotlin-gradle-plugin-annotations-2.2.20.jar (org.jetbrains.kotlin:kotlin-gradle-plugin-annotations:2.2.20) with ExternalDependencyInstrumentingArtifactTransform
Transforming kotlin-build-tools-api-2.2.20.jar (org.jetbrains.kotlin:kotlin-build-tools-api:2.2.20) with MergeInstrumentationAnalysisTransform
Transforming kotlin-native-utils-2.2.20.jar (org.jetbrains.kotlin:kotlin-native-utils:2.2.20) with ExternalDependencyInstrumentingArtifactTransform
Transforming android-test-plugin-result-listener-gradle-proto-31.10.1.jar (com.android.tools.utp:android-test-plugin-result-listener-gradle-proto:31.10.1) with InstrumentationAnalysisTransform
Transforming kotlin-tooling-core-2.2.20.jar (org.jetbrains.kotlin:kotlin-tooling-core:2.2.20) with ExternalDependencyInstrumentingArtifactTransform
Transforming android-test-plugin-result-listener-gradle-proto-31.10.1.jar (com.android.tools.utp:android-test-plugin-result-listener-gradle-proto:31.10.1) with MergeInstrumentationAnalysisTransform
Transforming kotlin-build-tools-api-2.2.20.jar (org.jetbrains.kotlin:kotlin-build-tools-api:2.2.20) with ExternalDependencyInstrumentingArtifactTransform
Transforming bundletool-1.18.0.jar (com.android.tools.build:bundletool:1.18.0) with InstrumentationAnalysisTransform
Transforming bundletool-1.18.0.jar (com.android.tools.build:bundletool:1.18.0) with MergeInstrumentationAnalysisTransform
Transforming protobuf-java-util-3.25.5.jar (com.google.protobuf:protobuf-java-util:3.25.5) with InstrumentationAnalysisTransform
Transforming protobuf-java-util-3.25.5.jar (com.google.protobuf:protobuf-java-util:3.25.5) with MergeInstrumentationAnalysisTransform
Transforming android-test-plugin-result-listener-gradle-proto-31.10.1.jar (com.android.tools.utp:android-test-plugin-result-listener-gradle-proto:31.10.1) with ExternalDependencyInstrumentingArtifactTransform
Transforming bundletool-1.18.0.jar (com.android.tools.build:bundletool:1.18.0) with ExternalDependencyInstrumentingArtifactTransform
Transforming grpc-netty-1.69.1.jar (io.grpc:grpc-netty:1.69.1) with InstrumentationAnalysisTransform
Transforming grpc-netty-1.69.1.jar (io.grpc:grpc-netty:1.69.1) with MergeInstrumentationAnalysisTransform
Transforming grpc-inprocess-1.69.1.jar (io.grpc:grpc-inprocess:1.69.1) with InstrumentationAnalysisTransform
Transforming protobuf-java-util-3.25.5.jar (com.google.protobuf:protobuf-java-util:3.25.5) with ExternalDependencyInstrumentingArtifactTransform
Transforming grpc-netty-1.69.1.jar (io.grpc:grpc-netty:1.69.1) with ExternalDependencyInstrumentingArtifactTransform
Transforming grpc-inprocess-1.69.1.jar (io.grpc:grpc-inprocess:1.69.1) with MergeInstrumentationAnalysisTransform
Transforming grpc-util-1.69.1.jar (io.grpc:grpc-util:1.69.1) with InstrumentationAnalysisTransform
Transforming grpc-util-1.69.1.jar (io.grpc:grpc-util:1.69.1) with MergeInstrumentationAnalysisTransform
Transforming grpc-core-1.69.1.jar (io.grpc:grpc-core:1.69.1) with InstrumentationAnalysisTransform
Transforming grpc-inprocess-1.69.1.jar (io.grpc:grpc-inprocess:1.69.1) with ExternalDependencyInstrumentingArtifactTransform
Transforming grpc-core-1.69.1.jar (io.grpc:grpc-core:1.69.1) with MergeInstrumentationAnalysisTransform
Transforming tink-1.7.0.jar (com.google.crypto.tink:tink:1.7.0) with InstrumentationAnalysisTransform
Transforming tink-1.7.0.jar (com.google.crypto.tink:tink:1.7.0) with MergeInstrumentationAnalysisTransform
Transforming grpc-util-1.69.1.jar (io.grpc:grpc-util:1.69.1) with ExternalDependencyInstrumentingArtifactTransform
Transforming gson-2.11.0.jar (com.google.code.gson:gson:2.11.0) with InstrumentationAnalysisTransform
Transforming grpc-core-1.69.1.jar (io.grpc:grpc-core:1.69.1) with ExternalDependencyInstrumentingArtifactTransform
Transforming gson-2.11.0.jar (com.google.code.gson:gson:2.11.0) with MergeInstrumentationAnalysisTransform
Transforming tink-1.7.0.jar (com.google.crypto.tink:tink:1.7.0) with ExternalDependencyInstrumentingArtifactTransform
Transforming kotlin-util-klib-2.2.20.jar (org.jetbrains.kotlin:kotlin-util-klib:2.2.20) with InstrumentationAnalysisTransform
Transforming kotlin-util-klib-2.2.20.jar (org.jetbrains.kotlin:kotlin-util-klib:2.2.20) with MergeInstrumentationAnalysisTransform
Transforming gson-2.11.0.jar (com.google.code.gson:gson:2.11.0) with ExternalDependencyInstrumentingArtifactTransform
Transforming kotlin-util-io-2.2.20.jar (org.jetbrains.kotlin:kotlin-util-io:2.2.20) with InstrumentationAnalysisTransform
Transforming kotlin-util-io-2.2.20.jar (org.jetbrains.kotlin:kotlin-util-io:2.2.20) with MergeInstrumentationAnalysisTransform
Transforming kotlin-daemon-client-2.2.20.jar (org.jetbrains.kotlin:kotlin-daemon-client:2.2.20) with InstrumentationAnalysisTransform
Transforming kotlin-util-klib-2.2.20.jar (org.jetbrains.kotlin:kotlin-util-klib:2.2.20) with ExternalDependencyInstrumentingArtifactTransform
Transforming kotlin-util-io-2.2.20.jar (org.jetbrains.kotlin:kotlin-util-io:2.2.20) with ExternalDependencyInstrumentingArtifactTransform
Transforming kotlin-daemon-client-2.2.20.jar (org.jetbrains.kotlin:kotlin-daemon-client:2.2.20) with MergeInstrumentationAnalysisTransform
Transforming kotlinx-coroutines-core-jvm-1.8.0.jar (org.jetbrains.kotlinx:kotlinx-coroutines-core-jvm:1.8.0) with InstrumentationAnalysisTransform
Transforming kotlinx-coroutines-core-jvm-1.8.0.jar (org.jetbrains.kotlinx:kotlinx-coroutines-core-jvm:1.8.0) with MergeInstrumentationAnalysisTransform
Transforming aapt2-proto-8.10.1-12782657.jar (com.android.tools.build:aapt2-proto:8.10.1-12782657) with InstrumentationAnalysisTransform
Transforming aapt2-proto-8.10.1-12782657.jar (com.android.tools.build:aapt2-proto:8.10.1-12782657) with MergeInstrumentationAnalysisTransform
Transforming kotlin-daemon-client-2.2.20.jar (org.jetbrains.kotlin:kotlin-daemon-client:2.2.20) with ExternalDependencyInstrumentingArtifactTransform
Transforming kotlinx-coroutines-core-jvm-1.8.0.jar (org.jetbrains.kotlinx:kotlinx-coroutines-core-jvm:1.8.0) with ExternalDependencyInstrumentingArtifactTransform
Transforming crash-31.10.1.jar (com.android.tools.analytics-library:crash:31.10.1) with InstrumentationAnalysisTransform
Transforming aapt2-proto-8.10.1-12782657.jar (com.android.tools.build:aapt2-proto:8.10.1-12782657) with ExternalDependencyInstrumentingArtifactTransform
Transforming crash-31.10.1.jar (com.android.tools.analytics-library:crash:31.10.1) with MergeInstrumentationAnalysisTransform
Transforming lint-typedef-remover-31.10.1.jar (com.android.tools.lint:lint-typedef-remover:31.10.1) with InstrumentationAnalysisTransform
Transforming lint-typedef-remover-31.10.1.jar (com.android.tools.lint:lint-typedef-remover:31.10.1) with MergeInstrumentationAnalysisTransform
Transforming databinding-common-8.10.1.jar (androidx.databinding:databinding-common:8.10.1) with InstrumentationAnalysisTransform
Transforming crash-31.10.1.jar (com.android.tools.analytics-library:crash:31.10.1) with ExternalDependencyInstrumentingArtifactTransform
Transforming databinding-common-8.10.1.jar (androidx.databinding:databinding-common:8.10.1) with MergeInstrumentationAnalysisTransform
Transforming baseLibrary-8.10.1.jar (com.android.databinding:baseLibrary:8.10.1) with InstrumentationAnalysisTransform
Transforming lint-typedef-remover-31.10.1.jar (com.android.tools.lint:lint-typedef-remover:31.10.1) with ExternalDependencyInstrumentingArtifactTransform
Transforming baseLibrary-8.10.1.jar (com.android.databinding:baseLibrary:8.10.1) with MergeInstrumentationAnalysisTransform
Transforming android-device-provider-ddmlib-proto-31.10.1.jar (com.android.tools.utp:android-device-provider-ddmlib-proto:31.10.1) with InstrumentationAnalysisTransform
Transforming databinding-common-8.10.1.jar (androidx.databinding:databinding-common:8.10.1) with ExternalDependencyInstrumentingArtifactTransform
Transforming android-device-provider-ddmlib-proto-31.10.1.jar (com.android.tools.utp:android-device-provider-ddmlib-proto:31.10.1) with MergeInstrumentationAnalysisTransform
Transforming android-device-provider-gradle-proto-31.10.1.jar (com.android.tools.utp:android-device-provider-gradle-proto:31.10.1) with InstrumentationAnalysisTransform
Transforming baseLibrary-8.10.1.jar (com.android.databinding:baseLibrary:8.10.1) with ExternalDependencyInstrumentingArtifactTransform
Transforming android-device-provider-gradle-proto-31.10.1.jar (com.android.tools.utp:android-device-provider-gradle-proto:31.10.1) with MergeInstrumentationAnalysisTransform
Transforming android-device-provider-profile-proto-31.10.1.jar (com.android.tools.utp:android-device-provider-profile-proto:31.10.1) with InstrumentationAnalysisTransform
Transforming android-device-provider-ddmlib-proto-31.10.1.jar (com.android.tools.utp:android-device-provider-ddmlib-proto:31.10.1) with ExternalDependencyInstrumentingArtifactTransform
Transforming android-device-provider-gradle-proto-31.10.1.jar (com.android.tools.utp:android-device-provider-gradle-proto:31.10.1) with ExternalDependencyInstrumentingArtifactTransform
Transforming android-device-provider-profile-proto-31.10.1.jar (com.android.tools.utp:android-device-provider-profile-proto:31.10.1) with MergeInstrumentationAnalysisTransform
Transforming android-test-plugin-host-additional-test-output-proto-31.10.1.jar (com.android.tools.utp:android-test-plugin-host-additional-test-output-proto:31.10.1) with InstrumentationAnalysisTransform
Transforming android-test-plugin-host-additional-test-output-proto-31.10.1.jar (com.android.tools.utp:android-test-plugin-host-additional-test-output-proto:31.10.1) with MergeInstrumentationAnalysisTransform
Transforming android-device-provider-profile-proto-31.10.1.jar (com.android.tools.utp:android-device-provider-profile-proto:31.10.1) with ExternalDependencyInstrumentingArtifactTransform
Transforming android-test-plugin-host-coverage-proto-31.10.1.jar (com.android.tools.utp:android-test-plugin-host-coverage-proto:31.10.1) with InstrumentationAnalysisTransform
Transforming android-test-plugin-host-coverage-proto-31.10.1.jar (com.android.tools.utp:android-test-plugin-host-coverage-proto:31.10.1) with MergeInstrumentationAnalysisTransform
Transforming android-test-plugin-host-logcat-proto-31.10.1.jar (com.android.tools.utp:android-test-plugin-host-logcat-proto:31.10.1) with InstrumentationAnalysisTransform
Transforming android-test-plugin-host-additional-test-output-proto-31.10.1.jar (com.android.tools.utp:android-test-plugin-host-additional-test-output-proto:31.10.1) with ExternalDependencyInstrumentingArtifactTransform
Transforming android-test-plugin-host-logcat-proto-31.10.1.jar (com.android.tools.utp:android-test-plugin-host-logcat-proto:31.10.1) with MergeInstrumentationAnalysisTransform
Transforming android-test-plugin-host-apk-installer-proto-31.10.1.jar (com.android.tools.utp:android-test-plugin-host-apk-installer-proto:31.10.1) with InstrumentationAnalysisTransform
Transforming android-test-plugin-host-apk-installer-proto-31.10.1.jar (com.android.tools.utp:android-test-plugin-host-apk-installer-proto:31.10.1) with MergeInstrumentationAnalysisTransform
Transforming android-test-plugin-host-coverage-proto-31.10.1.jar (com.android.tools.utp:android-test-plugin-host-coverage-proto:31.10.1) with ExternalDependencyInstrumentingArtifactTransform
Transforming transform-api-2.0.0-deprecated-use-gradle-api.jar (com.android.tools.build:transform-api:2.0.0-deprecated-use-gradle-api) with InstrumentationAnalysisTransform
Transforming transform-api-2.0.0-deprecated-use-gradle-api.jar (com.android.tools.build:transform-api:2.0.0-deprecated-use-gradle-api) with MergeInstrumentationAnalysisTransform
Transforming android-test-plugin-host-logcat-proto-31.10.1.jar (com.android.tools.utp:android-test-plugin-host-logcat-proto:31.10.1) with ExternalDependencyInstrumentingArtifactTransform
Transforming httpmime-4.5.6.jar (org.apache.httpcomponents:httpmime:4.5.6) with InstrumentationAnalysisTransform
Transforming android-test-plugin-host-apk-installer-proto-31.10.1.jar (com.android.tools.utp:android-test-plugin-host-apk-installer-proto:31.10.1) with ExternalDependencyInstrumentingArtifactTransform
Transforming httpmime-4.5.6.jar (org.apache.httpcomponents:httpmime:4.5.6) with MergeInstrumentationAnalysisTransform
Transforming transform-api-2.0.0-deprecated-use-gradle-api.jar (com.android.tools.build:transform-api:2.0.0-deprecated-use-gradle-api) with ExternalDependencyInstrumentingArtifactTransform
Transforming commons-io-2.16.1.jar (commons-io:commons-io:2.16.1) with InstrumentationAnalysisTransform
Transforming commons-io-2.16.1.jar (commons-io:commons-io:2.16.1) with MergeInstrumentationAnalysisTransform
Transforming asm-commons-9.7.1.jar (org.ow2.asm:asm-commons:9.7.1) with InstrumentationAnalysisTransform
Transforming asm-commons-9.7.1.jar (org.ow2.asm:asm-commons:9.7.1) with MergeInstrumentationAnalysisTransform
Transforming httpmime-4.5.6.jar (org.apache.httpcomponents:httpmime:4.5.6) with ExternalDependencyInstrumentingArtifactTransform
Transforming asm-util-9.7.1.jar (org.ow2.asm:asm-util:9.7.1) with InstrumentationAnalysisTransform
Transforming commons-io-2.16.1.jar (commons-io:commons-io:2.16.1) with ExternalDependencyInstrumentingArtifactTransform
Transforming asm-util-9.7.1.jar (org.ow2.asm:asm-util:9.7.1) with MergeInstrumentationAnalysisTransform
Transforming asm-analysis-9.7.1.jar (org.ow2.asm:asm-analysis:9.7.1) with InstrumentationAnalysisTransform
Transforming asm-commons-9.7.1.jar (org.ow2.asm:asm-commons:9.7.1) with ExternalDependencyInstrumentingArtifactTransform
Transforming asm-analysis-9.7.1.jar (org.ow2.asm:asm-analysis:9.7.1) with MergeInstrumentationAnalysisTransform
Transforming asm-tree-9.7.1.jar (org.ow2.asm:asm-tree:9.7.1) with InstrumentationAnalysisTransform
Transforming asm-tree-9.7.1.jar (org.ow2.asm:asm-tree:9.7.1) with MergeInstrumentationAnalysisTransform
Transforming asm-util-9.7.1.jar (org.ow2.asm:asm-util:9.7.1) with ExternalDependencyInstrumentingArtifactTransform
Transforming asm-analysis-9.7.1.jar (org.ow2.asm:asm-analysis:9.7.1) with ExternalDependencyInstrumentingArtifactTransform
Transforming asm-9.7.1.jar (org.ow2.asm:asm:9.7.1) with InstrumentationAnalysisTransform
Transforming asm-9.7.1.jar (org.ow2.asm:asm:9.7.1) with MergeInstrumentationAnalysisTransform
Transforming apkzlib-8.10.1.jar (com.android.tools.build:apkzlib:8.10.1) with InstrumentationAnalysisTransform
Transforming asm-tree-9.7.1.jar (org.ow2.asm:asm-tree:9.7.1) with ExternalDependencyInstrumentingArtifactTransform
Transforming apkzlib-8.10.1.jar (com.android.tools.build:apkzlib:8.10.1) with MergeInstrumentationAnalysisTransform
Transforming asm-9.7.1.jar (org.ow2.asm:asm:9.7.1) with ExternalDependencyInstrumentingArtifactTransform
Transforming bcpkix-jdk18on-1.79.jar (org.bouncycastle:bcpkix-jdk18on:1.79) with InstrumentationAnalysisTransform
Transforming bcpkix-jdk18on-1.79.jar (org.bouncycastle:bcpkix-jdk18on:1.79) with MergeInstrumentationAnalysisTransform
Transforming jaxb-runtime-2.3.2.jar (org.glassfish.jaxb:jaxb-runtime:2.3.2) with InstrumentationAnalysisTransform
Transforming jaxb-runtime-2.3.2.jar (org.glassfish.jaxb:jaxb-runtime:2.3.2) with MergeInstrumentationAnalysisTransform
Transforming apkzlib-8.10.1.jar (com.android.tools.build:apkzlib:8.10.1) with ExternalDependencyInstrumentingArtifactTransform
Transforming jopt-simple-4.9.jar (net.sf.jopt-simple:jopt-simple:4.9) with InstrumentationAnalysisTransform
Transforming bcpkix-jdk18on-1.79.jar (org.bouncycastle:bcpkix-jdk18on:1.79) with ExternalDependencyInstrumentingArtifactTransform
Transforming jopt-simple-4.9.jar (net.sf.jopt-simple:jopt-simple:4.9) with MergeInstrumentationAnalysisTransform
Transforming javapoet-1.10.0.jar (com.squareup:javapoet:1.10.0) with InstrumentationAnalysisTransform
Transforming jaxb-runtime-2.3.2.jar (org.glassfish.jaxb:jaxb-runtime:2.3.2) with ExternalDependencyInstrumentingArtifactTransform
Transforming javapoet-1.10.0.jar (com.squareup:javapoet:1.10.0) with MergeInstrumentationAnalysisTransform
Transforming grpc-protobuf-1.69.1.jar (io.grpc:grpc-protobuf:1.69.1) with InstrumentationAnalysisTransform
Transforming jopt-simple-4.9.jar (net.sf.jopt-simple:jopt-simple:4.9) with ExternalDependencyInstrumentingArtifactTransform
Transforming grpc-protobuf-1.69.1.jar (io.grpc:grpc-protobuf:1.69.1) with MergeInstrumentationAnalysisTransform
Transforming core-proto-0.0.9-alpha03.jar (com.google.testing.platform:core-proto:0.0.9-alpha03) with InstrumentationAnalysisTransform
Transforming core-proto-0.0.9-alpha03.jar (com.google.testing.platform:core-proto:0.0.9-alpha03) with MergeInstrumentationAnalysisTransform
Transforming javapoet-1.10.0.jar (com.squareup:javapoet:1.10.0) with ExternalDependencyInstrumentingArtifactTransform
Transforming protos-31.10.1.jar (com.android.tools.analytics-library:protos:31.10.1) with InstrumentationAnalysisTransform
Transforming grpc-protobuf-1.69.1.jar (io.grpc:grpc-protobuf:1.69.1) with ExternalDependencyInstrumentingArtifactTransform
Transforming protos-31.10.1.jar (com.android.tools.analytics-library:protos:31.10.1) with MergeInstrumentationAnalysisTransform
Transforming core-proto-0.0.9-alpha03.jar (com.google.testing.platform:core-proto:0.0.9-alpha03) with ExternalDependencyInstrumentingArtifactTransform
Transforming proto-google-common-protos-2.48.0.jar (com.google.api.grpc:proto-google-common-protos:2.48.0) with InstrumentationAnalysisTransform
Transforming protos-31.10.1.jar (com.android.tools.analytics-library:protos:31.10.1) with ExternalDependencyInstrumentingArtifactTransform
Transforming proto-google-common-protos-2.48.0.jar (com.google.api.grpc:proto-google-common-protos:2.48.0) with MergeInstrumentationAnalysisTransform
Transforming protobuf-java-3.25.5.jar (com.google.protobuf:protobuf-java:3.25.5) with InstrumentationAnalysisTransform
Transforming protobuf-java-3.25.5.jar (com.google.protobuf:protobuf-java:3.25.5) with MergeInstrumentationAnalysisTransform
Transforming grpc-stub-1.69.1.jar (io.grpc:grpc-stub:1.69.1) with InstrumentationAnalysisTransform
Transforming grpc-stub-1.69.1.jar (io.grpc:grpc-stub:1.69.1) with MergeInstrumentationAnalysisTransform
Transforming proto-google-common-protos-2.48.0.jar (com.google.api.grpc:proto-google-common-protos:2.48.0) with ExternalDependencyInstrumentingArtifactTransform
Transforming tensorflow-lite-metadata-0.2.0.jar (org.tensorflow:tensorflow-lite-metadata:0.2.0) with InstrumentationAnalysisTransform
Transforming protobuf-java-3.25.5.jar (com.google.protobuf:protobuf-java:3.25.5) with ExternalDependencyInstrumentingArtifactTransform
Transforming tensorflow-lite-metadata-0.2.0.jar (org.tensorflow:tensorflow-lite-metadata:0.2.0) with MergeInstrumentationAnalysisTransform
Transforming grpc-stub-1.69.1.jar (io.grpc:grpc-stub:1.69.1) with ExternalDependencyInstrumentingArtifactTransform
Transforming flatbuffers-java-1.12.0.jar (com.google.flatbuffers:flatbuffers-java:1.12.0) with InstrumentationAnalysisTransform
Transforming flatbuffers-java-1.12.0.jar (com.google.flatbuffers:flatbuffers-java:1.12.0) with MergeInstrumentationAnalysisTransform
Transforming jimfs-1.1.jar (com.google.jimfs:jimfs:1.1) with InstrumentationAnalysisTransform
Transforming tensorflow-lite-metadata-0.2.0.jar (org.tensorflow:tensorflow-lite-metadata:0.2.0) with ExternalDependencyInstrumentingArtifactTransform
Transforming jimfs-1.1.jar (com.google.jimfs:jimfs:1.1) with MergeInstrumentationAnalysisTransform
Transforming grpc-context-1.69.1.jar (io.grpc:grpc-context:1.69.1) with InstrumentationAnalysisTransform
Transforming grpc-context-1.69.1.jar (io.grpc:grpc-context:1.69.1) with MergeInstrumentationAnalysisTransform
Transforming flatbuffers-java-1.12.0.jar (com.google.flatbuffers:flatbuffers-java:1.12.0) with ExternalDependencyInstrumentingArtifactTransform
Transforming jimfs-1.1.jar (com.google.jimfs:jimfs:1.1) with ExternalDependencyInstrumentingArtifactTransform
Transforming grpc-protobuf-lite-1.69.1.jar (io.grpc:grpc-protobuf-lite:1.69.1) with InstrumentationAnalysisTransform
Transforming grpc-protobuf-lite-1.69.1.jar (io.grpc:grpc-protobuf-lite:1.69.1) with MergeInstrumentationAnalysisTransform
Transforming grpc-api-1.69.1.jar (io.grpc:grpc-api:1.69.1) with InstrumentationAnalysisTransform
Transforming grpc-context-1.69.1.jar (io.grpc:grpc-context:1.69.1) with ExternalDependencyInstrumentingArtifactTransform
Transforming grpc-api-1.69.1.jar (io.grpc:grpc-api:1.69.1) with MergeInstrumentationAnalysisTransform
Transforming guava-33.3.1-jre.jar (com.google.guava:guava:33.3.1-jre) with InstrumentationAnalysisTransform
Transforming guava-33.3.1-jre.jar (com.google.guava:guava:33.3.1-jre) with MergeInstrumentationAnalysisTransform
Transforming grpc-api-1.69.1.jar (io.grpc:grpc-api:1.69.1) with ExternalDependencyInstrumentingArtifactTransform
Transforming error_prone_annotations-2.30.0.jar (com.google.errorprone:error_prone_annotations:2.30.0) with InstrumentationAnalysisTransform
Transforming grpc-protobuf-lite-1.69.1.jar (io.grpc:grpc-protobuf-lite:1.69.1) with ExternalDependencyInstrumentingArtifactTransform
Transforming error_prone_annotations-2.30.0.jar (com.google.errorprone:error_prone_annotations:2.30.0) with MergeInstrumentationAnalysisTransform
Transforming dagger-2.28.3.jar (com.google.dagger:dagger:2.28.3) with InstrumentationAnalysisTransform
Transforming guava-33.3.1-jre.jar (com.google.guava:guava:33.3.1-jre) with ExternalDependencyInstrumentingArtifactTransform
Transforming dagger-2.28.3.jar (com.google.dagger:dagger:2.28.3) with MergeInstrumentationAnalysisTransform
Transforming javax.inject-1.jar (javax.inject:javax.inject:1) with InstrumentationAnalysisTransform
Transforming javax.inject-1.jar (javax.inject:javax.inject:1) with MergeInstrumentationAnalysisTransform
Transforming kxml2-2.3.0.jar (net.sf.kxml:kxml2:2.3.0) with InstrumentationAnalysisTransform
Transforming error_prone_annotations-2.30.0.jar (com.google.errorprone:error_prone_annotations:2.30.0) with ExternalDependencyInstrumentingArtifactTransform
Transforming kxml2-2.3.0.jar (net.sf.kxml:kxml2:2.3.0) with MergeInstrumentationAnalysisTransform
Transforming dagger-2.28.3.jar (com.google.dagger:dagger:2.28.3) with ExternalDependencyInstrumentingArtifactTransform
Transforming commons-compress-1.21.jar (org.apache.commons:commons-compress:1.21) with InstrumentationAnalysisTransform
Transforming javax.inject-1.jar (javax.inject:javax.inject:1) with ExternalDependencyInstrumentingArtifactTransform
Transforming commons-compress-1.21.jar (org.apache.commons:commons-compress:1.21) with MergeInstrumentationAnalysisTransform
Transforming kxml2-2.3.0.jar (net.sf.kxml:kxml2:2.3.0) with ExternalDependencyInstrumentingArtifactTransform
Transforming bcutil-jdk18on-1.79.jar (org.bouncycastle:bcutil-jdk18on:1.79) with InstrumentationAnalysisTransform
Transforming bcutil-jdk18on-1.79.jar (org.bouncycastle:bcutil-jdk18on:1.79) with MergeInstrumentationAnalysisTransform
Transforming bcprov-jdk18on-1.79.jar (org.bouncycastle:bcprov-jdk18on:1.79) with InstrumentationAnalysisTransform
Transforming commons-compress-1.21.jar (org.apache.commons:commons-compress:1.21) with ExternalDependencyInstrumentingArtifactTransform
Transforming bcprov-jdk18on-1.79.jar (org.bouncycastle:bcprov-jdk18on:1.79) with MergeInstrumentationAnalysisTransform
Transforming httpclient-4.5.14.jar (org.apache.httpcomponents:httpclient:4.5.14) with InstrumentationAnalysisTransform
Transforming bcutil-jdk18on-1.79.jar (org.bouncycastle:bcutil-jdk18on:1.79) with ExternalDependencyInstrumentingArtifactTransform
Transforming httpclient-4.5.14.jar (org.apache.httpcomponents:httpclient:4.5.14) with MergeInstrumentationAnalysisTransform
Transforming httpcore-4.4.16.jar (org.apache.httpcomponents:httpcore:4.4.16) with InstrumentationAnalysisTransform
Transforming httpcore-4.4.16.jar (org.apache.httpcomponents:httpcore:4.4.16) with MergeInstrumentationAnalysisTransform
Transforming javax.activation-1.2.0.jar (com.sun.activation:javax.activation:1.2.0) with InstrumentationAnalysisTransform
Transforming javax.activation-1.2.0.jar (com.sun.activation:javax.activation:1.2.0) with MergeInstrumentationAnalysisTransform
Transforming signflinger-8.10.1.jar (com.android:signflinger:8.10.1) with InstrumentationAnalysisTransform
Transforming httpcore-4.4.16.jar (org.apache.httpcomponents:httpcore:4.4.16) with ExternalDependencyInstrumentingArtifactTransform
Transforming signflinger-8.10.1.jar (com.android:signflinger:8.10.1) with MergeInstrumentationAnalysisTransform
Transforming bcprov-jdk18on-1.79.jar (org.bouncycastle:bcprov-jdk18on:1.79) with ExternalDependencyInstrumentingArtifactTransform
Transforming httpclient-4.5.14.jar (org.apache.httpcomponents:httpclient:4.5.14) with ExternalDependencyInstrumentingArtifactTransform
Transforming zipflinger-8.10.1.jar (com.android:zipflinger:8.10.1) with InstrumentationAnalysisTransform
Transforming javax.activation-1.2.0.jar (com.sun.activation:javax.activation:1.2.0) with ExternalDependencyInstrumentingArtifactTransform
Transforming zipflinger-8.10.1.jar (com.android:zipflinger:8.10.1) with MergeInstrumentationAnalysisTransform
Transforming signflinger-8.10.1.jar (com.android:signflinger:8.10.1) with ExternalDependencyInstrumentingArtifactTransform
Transforming annotations-31.10.1.jar (com.android.tools:annotations:31.10.1) with InstrumentationAnalysisTransform
Transforming zipflinger-8.10.1.jar (com.android:zipflinger:8.10.1) with ExternalDependencyInstrumentingArtifactTransform
Transforming annotations-31.10.1.jar (com.android.tools:annotations:31.10.1) with MergeInstrumentationAnalysisTransform
Transforming jna-platform-5.6.0.jar (net.java.dev.jna:jna-platform:5.6.0) with InstrumentationAnalysisTransform
Transforming jna-platform-5.6.0.jar (net.java.dev.jna:jna-platform:5.6.0) with MergeInstrumentationAnalysisTransform
Transforming juniversalchardet-1.0.3.jar (com.googlecode.juniversalchardet:juniversalchardet:1.0.3) with InstrumentationAnalysisTransform
Transforming annotations-31.10.1.jar (com.android.tools:annotations:31.10.1) with ExternalDependencyInstrumentingArtifactTransform
Transforming juniversalchardet-1.0.3.jar (com.googlecode.juniversalchardet:juniversalchardet:1.0.3) with MergeInstrumentationAnalysisTransform
Transforming javax.annotation-api-1.3.2.jar (javax.annotation:javax.annotation-api:1.3.2) with InstrumentationAnalysisTransform
Transforming jna-platform-5.6.0.jar (net.java.dev.jna:jna-platform:5.6.0) with ExternalDependencyInstrumentingArtifactTransform
Transforming javax.annotation-api-1.3.2.jar (javax.annotation:javax.annotation-api:1.3.2) with MergeInstrumentationAnalysisTransform
Transforming stax-ex-1.8.1.jar (org.jvnet.staxex:stax-ex:1.8.1) with InstrumentationAnalysisTransform
Transforming juniversalchardet-1.0.3.jar (com.googlecode.juniversalchardet:juniversalchardet:1.0.3) with ExternalDependencyInstrumentingArtifactTransform
Transforming stax-ex-1.8.1.jar (org.jvnet.staxex:stax-ex:1.8.1) with MergeInstrumentationAnalysisTransform
Transforming jakarta.xml.bind-api-2.3.2.jar (jakarta.xml.bind:jakarta.xml.bind-api:2.3.2) with InstrumentationAnalysisTransform
Transforming javax.annotation-api-1.3.2.jar (javax.annotation:javax.annotation-api:1.3.2) with ExternalDependencyInstrumentingArtifactTransform
Transforming jakarta.xml.bind-api-2.3.2.jar (jakarta.xml.bind:jakarta.xml.bind-api:2.3.2) with MergeInstrumentationAnalysisTransform
Transforming txw2-2.3.2.jar (org.glassfish.jaxb:txw2:2.3.2) with InstrumentationAnalysisTransform
Transforming txw2-2.3.2.jar (org.glassfish.jaxb:txw2:2.3.2) with MergeInstrumentationAnalysisTransform
Transforming istack-commons-runtime-3.0.8.jar (com.sun.istack:istack-commons-runtime:3.0.8) with InstrumentationAnalysisTransform
Transforming stax-ex-1.8.1.jar (org.jvnet.staxex:stax-ex:1.8.1) with ExternalDependencyInstrumentingArtifactTransform
Transforming istack-commons-runtime-3.0.8.jar (com.sun.istack:istack-commons-runtime:3.0.8) with MergeInstrumentationAnalysisTransform
Transforming jakarta.xml.bind-api-2.3.2.jar (jakarta.xml.bind:jakarta.xml.bind-api:2.3.2) with ExternalDependencyInstrumentingArtifactTransform
Transforming FastInfoset-1.2.16.jar (com.sun.xml.fastinfoset:FastInfoset:1.2.16) with InstrumentationAnalysisTransform
Transforming txw2-2.3.2.jar (org.glassfish.jaxb:txw2:2.3.2) with ExternalDependencyInstrumentingArtifactTransform
Transforming FastInfoset-1.2.16.jar (com.sun.xml.fastinfoset:FastInfoset:1.2.16) with MergeInstrumentationAnalysisTransform
Transforming jakarta.activation-api-1.2.1.jar (jakarta.activation:jakarta.activation-api:1.2.1) with InstrumentationAnalysisTransform
Transforming istack-commons-runtime-3.0.8.jar (com.sun.istack:istack-commons-runtime:3.0.8) with ExternalDependencyInstrumentingArtifactTransform
Transforming jakarta.activation-api-1.2.1.jar (jakarta.activation:jakarta.activation-api:1.2.1) with MergeInstrumentationAnalysisTransform
Transforming auto-value-annotations-1.6.2.jar (com.google.auto.value:auto-value-annotations:1.6.2) with InstrumentationAnalysisTransform
Transforming FastInfoset-1.2.16.jar (com.sun.xml.fastinfoset:FastInfoset:1.2.16) with ExternalDependencyInstrumentingArtifactTransform
Transforming jakarta.activation-api-1.2.1.jar (jakarta.activation:jakarta.activation-api:1.2.1) with ExternalDependencyInstrumentingArtifactTransform
Transforming auto-value-annotations-1.6.2.jar (com.google.auto.value:auto-value-annotations:1.6.2) with MergeInstrumentationAnalysisTransform
Transforming jose4j-0.9.5.jar (org.bitbucket.b_c:jose4j:0.9.5) with InstrumentationAnalysisTransform
Transforming jose4j-0.9.5.jar (org.bitbucket.b_c:jose4j:0.9.5) with MergeInstrumentationAnalysisTransform
Transforming slf4j-api-1.7.30.jar (org.slf4j:slf4j-api:1.7.30) with InstrumentationAnalysisTransform
Transforming slf4j-api-1.7.30.jar (org.slf4j:slf4j-api:1.7.30) with MergeInstrumentationAnalysisTransform
Transforming jdom2-2.0.6.jar (org.jdom:jdom2:2.0.6) with InstrumentationAnalysisTransform
Transforming auto-value-annotations-1.6.2.jar (com.google.auto.value:auto-value-annotations:1.6.2) with ExternalDependencyInstrumentingArtifactTransform
Transforming jdom2-2.0.6.jar (org.jdom:jdom2:2.0.6) with MergeInstrumentationAnalysisTransform
Transforming jose4j-0.9.5.jar (org.bitbucket.b_c:jose4j:0.9.5) with ExternalDependencyInstrumentingArtifactTransform
Transforming jsr305-3.0.2.jar (com.google.code.findbugs:jsr305:3.0.2) with InstrumentationAnalysisTransform
Transforming slf4j-api-1.7.30.jar (org.slf4j:slf4j-api:1.7.30) with ExternalDependencyInstrumentingArtifactTransform
Transforming jsr305-3.0.2.jar (com.google.code.findbugs:jsr305:3.0.2) with MergeInstrumentationAnalysisTransform
Transforming jdom2-2.0.6.jar (org.jdom:jdom2:2.0.6) with ExternalDependencyInstrumentingArtifactTransform
Transforming j2objc-annotations-3.0.0.jar (com.google.j2objc:j2objc-annotations:3.0.0) with InstrumentationAnalysisTransform
Transforming j2objc-annotations-3.0.0.jar (com.google.j2objc:j2objc-annotations:3.0.0) with MergeInstrumentationAnalysisTransform
Transforming jsr305-3.0.2.jar (com.google.code.findbugs:jsr305:3.0.2) with ExternalDependencyInstrumentingArtifactTransform
Transforming annotations-4.1.1.4.jar (com.google.android:annotations:4.1.1.4) with InstrumentationAnalysisTransform
Transforming annotations-4.1.1.4.jar (com.google.android:annotations:4.1.1.4) with MergeInstrumentationAnalysisTransform
Transforming animal-sniffer-annotations-1.24.jar (org.codehaus.mojo:animal-sniffer-annotations:1.24) with InstrumentationAnalysisTransform
Transforming j2objc-annotations-3.0.0.jar (com.google.j2objc:j2objc-annotations:3.0.0) with ExternalDependencyInstrumentingArtifactTransform
Transforming animal-sniffer-annotations-1.24.jar (org.codehaus.mojo:animal-sniffer-annotations:1.24) with MergeInstrumentationAnalysisTransform
Transforming perfmark-api-0.27.0.jar (io.perfmark:perfmark-api:0.27.0) with InstrumentationAnalysisTransform
Transforming annotations-4.1.1.4.jar (com.google.android:annotations:4.1.1.4) with ExternalDependencyInstrumentingArtifactTransform
Transforming animal-sniffer-annotations-1.24.jar (org.codehaus.mojo:animal-sniffer-annotations:1.24) with ExternalDependencyInstrumentingArtifactTransform
Transforming perfmark-api-0.27.0.jar (io.perfmark:perfmark-api:0.27.0) with MergeInstrumentationAnalysisTransform
Transforming netty-codec-http2-4.1.110.Final.jar (io.netty:netty-codec-http2:4.1.110.Final) with InstrumentationAnalysisTransform
Transforming netty-codec-http2-4.1.110.Final.jar (io.netty:netty-codec-http2:4.1.110.Final) with MergeInstrumentationAnalysisTransform
Transforming perfmark-api-0.27.0.jar (io.perfmark:perfmark-api:0.27.0) with ExternalDependencyInstrumentingArtifactTransform
Transforming netty-handler-proxy-4.1.110.Final.jar (io.netty:netty-handler-proxy:4.1.110.Final) with InstrumentationAnalysisTransform
Transforming netty-handler-proxy-4.1.110.Final.jar (io.netty:netty-handler-proxy:4.1.110.Final) with MergeInstrumentationAnalysisTransform
Transforming netty-codec-http-4.1.110.Final.jar (io.netty:netty-codec-http:4.1.110.Final) with InstrumentationAnalysisTransform
Transforming netty-codec-http2-4.1.110.Final.jar (io.netty:netty-codec-http2:4.1.110.Final) with ExternalDependencyInstrumentingArtifactTransform
Transforming netty-codec-http-4.1.110.Final.jar (io.netty:netty-codec-http:4.1.110.Final) with MergeInstrumentationAnalysisTransform
Transforming netty-handler-4.1.110.Final.jar (io.netty:netty-handler:4.1.110.Final) with InstrumentationAnalysisTransform
Transforming netty-handler-proxy-4.1.110.Final.jar (io.netty:netty-handler-proxy:4.1.110.Final) with ExternalDependencyInstrumentingArtifactTransform
Transforming netty-handler-4.1.110.Final.jar (io.netty:netty-handler:4.1.110.Final) with MergeInstrumentationAnalysisTransform
Transforming netty-transport-native-unix-common-4.1.110.Final.jar (io.netty:netty-transport-native-unix-common:4.1.110.Final) with InstrumentationAnalysisTransform
Transforming netty-transport-native-unix-common-4.1.110.Final.jar (io.netty:netty-transport-native-unix-common:4.1.110.Final) with MergeInstrumentationAnalysisTransform
Transforming netty-codec-http-4.1.110.Final.jar (io.netty:netty-codec-http:4.1.110.Final) with ExternalDependencyInstrumentingArtifactTransform
Transforming netty-handler-4.1.110.Final.jar (io.netty:netty-handler:4.1.110.Final) with ExternalDependencyInstrumentingArtifactTransform
Transforming netty-transport-native-unix-common-4.1.110.Final.jar (io.netty:netty-transport-native-unix-common:4.1.110.Final) with ExternalDependencyInstrumentingArtifactTransform
Transforming checker-qual-3.43.0.jar (org.checkerframework:checker-qual:3.43.0) with InstrumentationAnalysisTransform
Transforming checker-qual-3.43.0.jar (org.checkerframework:checker-qual:3.43.0) with MergeInstrumentationAnalysisTransform
Transforming apksig-8.10.1.jar (com.android.tools.build:apksig:8.10.1) with InstrumentationAnalysisTransform
Transforming apksig-8.10.1.jar (com.android.tools.build:apksig:8.10.1) with MergeInstrumentationAnalysisTransform
Transforming javawriter-2.5.0.jar (com.squareup:javawriter:2.5.0) with InstrumentationAnalysisTransform
Transforming checker-qual-3.43.0.jar (org.checkerframework:checker-qual:3.43.0) with ExternalDependencyInstrumentingArtifactTransform
Transforming javawriter-2.5.0.jar (com.squareup:javawriter:2.5.0) with MergeInstrumentationAnalysisTransform
Transforming failureaccess-1.0.2.jar (com.google.guava:failureaccess:1.0.2) with InstrumentationAnalysisTransform
Transforming apksig-8.10.1.jar (com.android.tools.build:apksig:8.10.1) with ExternalDependencyInstrumentingArtifactTransform
Transforming failureaccess-1.0.2.jar (com.google.guava:failureaccess:1.0.2) with MergeInstrumentationAnalysisTransform
Transforming listenablefuture-9999.0-empty-to-avoid-conflict-with-guava.jar (com.google.guava:listenablefuture:9999.0-empty-to-avoid-conflict-with-guava) with InstrumentationAnalysisTransform
Transforming javawriter-2.5.0.jar (com.squareup:javawriter:2.5.0) with ExternalDependencyInstrumentingArtifactTransform
Transforming listenablefuture-9999.0-empty-to-avoid-conflict-with-guava.jar (com.google.guava:listenablefuture:9999.0-empty-to-avoid-conflict-with-guava) with MergeInstrumentationAnalysisTransform
Transforming commons-logging-1.2.jar (commons-logging:commons-logging:1.2) with InstrumentationAnalysisTransform
Transforming failureaccess-1.0.2.jar (com.google.guava:failureaccess:1.0.2) with ExternalDependencyInstrumentingArtifactTransform
Transforming commons-logging-1.2.jar (commons-logging:commons-logging:1.2) with MergeInstrumentationAnalysisTransform
Transforming commons-codec-1.11.jar (commons-codec:commons-codec:1.11) with InstrumentationAnalysisTransform
Transforming commons-codec-1.11.jar (commons-codec:commons-codec:1.11) with MergeInstrumentationAnalysisTransform
Transforming listenablefuture-9999.0-empty-to-avoid-conflict-with-guava.jar (com.google.guava:listenablefuture:9999.0-empty-to-avoid-conflict-with-guava) with ExternalDependencyInstrumentingArtifactTransform
Transforming jna-5.6.0.jar (net.java.dev.jna:jna:5.6.0) with InstrumentationAnalysisTransform
Transforming commons-logging-1.2.jar (commons-logging:commons-logging:1.2) with ExternalDependencyInstrumentingArtifactTransform
Transforming jna-5.6.0.jar (net.java.dev.jna:jna:5.6.0) with MergeInstrumentationAnalysisTransform
Transforming netty-codec-socks-4.1.110.Final.jar (io.netty:netty-codec-socks:4.1.110.Final) with InstrumentationAnalysisTransform
Transforming commons-codec-1.11.jar (commons-codec:commons-codec:1.11) with ExternalDependencyInstrumentingArtifactTransform
Transforming netty-codec-socks-4.1.110.Final.jar (io.netty:netty-codec-socks:4.1.110.Final) with MergeInstrumentationAnalysisTransform
Transforming netty-codec-4.1.110.Final.jar (io.netty:netty-codec:4.1.110.Final) with InstrumentationAnalysisTransform
Transforming jna-5.6.0.jar (net.java.dev.jna:jna:5.6.0) with ExternalDependencyInstrumentingArtifactTransform
Transforming netty-codec-4.1.110.Final.jar (io.netty:netty-codec:4.1.110.Final) with MergeInstrumentationAnalysisTransform
Transforming netty-transport-4.1.110.Final.jar (io.netty:netty-transport:4.1.110.Final) with InstrumentationAnalysisTransform
Transforming netty-transport-4.1.110.Final.jar (io.netty:netty-transport:4.1.110.Final) with MergeInstrumentationAnalysisTransform
Transforming netty-codec-socks-4.1.110.Final.jar (io.netty:netty-codec-socks:4.1.110.Final) with ExternalDependencyInstrumentingArtifactTransform
Transforming netty-codec-4.1.110.Final.jar (io.netty:netty-codec:4.1.110.Final) with ExternalDependencyInstrumentingArtifactTransform
Transforming netty-buffer-4.1.110.Final.jar (io.netty:netty-buffer:4.1.110.Final) with InstrumentationAnalysisTransform
Transforming netty-buffer-4.1.110.Final.jar (io.netty:netty-buffer:4.1.110.Final) with MergeInstrumentationAnalysisTransform
Transforming netty-resolver-4.1.110.Final.jar (io.netty:netty-resolver:4.1.110.Final) with InstrumentationAnalysisTransform
Transforming netty-transport-4.1.110.Final.jar (io.netty:netty-transport:4.1.110.Final) with ExternalDependencyInstrumentingArtifactTransform
Transforming netty-resolver-4.1.110.Final.jar (io.netty:netty-resolver:4.1.110.Final) with MergeInstrumentationAnalysisTransform
Transforming netty-common-4.1.110.Final.jar (io.netty:netty-common:4.1.110.Final) with InstrumentationAnalysisTransform
Transforming netty-common-4.1.110.Final.jar (io.netty:netty-common:4.1.110.Final) with MergeInstrumentationAnalysisTransform
Transforming netty-buffer-4.1.110.Final.jar (io.netty:netty-buffer:4.1.110.Final) with ExternalDependencyInstrumentingArtifactTransform
Transforming netty-resolver-4.1.110.Final.jar (io.netty:netty-resolver:4.1.110.Final) with ExternalDependencyInstrumentingArtifactTransform
Transforming netty-common-4.1.110.Final.jar (io.netty:netty-common:4.1.110.Final) with ExternalDependencyInstrumentingArtifactTransform
Transforming plugins.jar (project :build-logic:plugins) with ProjectDependencyInstrumentingArtifactTransform
Transforming tools.jar (project :build-logic:tools) with ProjectDependencyInstrumentingArtifactTransform
Using default execution profile
Using Kotlin Gradle Plugin gradle811 variant

> Configure project :video-app
Evaluating project ':video-app' using build file '/home/lollerfirst/Signal-Android/video/app/build.gradle.kts'.
Transforming classes with InstrumentationAnalysisTransform
Transforming classes with InstrumentationAnalysisTransform
Transforming gradle-8.10.1.jar (com.android.tools.build:gradle:8.10.1) with InstrumentationAnalysisTransform
Transforming gradle-settings-api-8.10.1.jar (com.android.tools.build:gradle-settings-api:8.10.1) with InstrumentationAnalysisTransform
Transforming lint-model-31.10.1.jar (com.android.tools.lint:lint-model:31.10.1) with InstrumentationAnalysisTransform
Transforming builder-8.10.1.jar (com.android.tools.build:builder:8.10.1) with InstrumentationAnalysisTransform
Transforming manifest-merger-31.10.1.jar (com.android.tools.build:manifest-merger:31.10.1) with InstrumentationAnalysisTransform
Transforming sdk-common-31.10.1.jar (com.android.tools:sdk-common:31.10.1) with InstrumentationAnalysisTransform
Transforming sdklib-31.10.1.jar (com.android.tools:sdklib:31.10.1) with InstrumentationAnalysisTransform
Transforming repository-31.10.1.jar (com.android.tools:repository:31.10.1) with InstrumentationAnalysisTransform
Transforming aaptcompiler-8.10.1.jar (com.android.tools.build:aaptcompiler:8.10.1) with InstrumentationAnalysisTransform
Transforming tracker-31.10.1.jar (com.android.tools.analytics-library:tracker:31.10.1) with InstrumentationAnalysisTransform
Transforming shared-31.10.1.jar (com.android.tools.analytics-library:shared:31.10.1) with InstrumentationAnalysisTransform
Transforming databinding-compiler-common-8.10.1.jar (androidx.databinding:databinding-compiler-common:8.10.1) with InstrumentationAnalysisTransform
Transforming android-test-plugin-host-emulator-control-proto-31.10.1.jar (com.android.tools.utp:android-test-plugin-host-emulator-control-proto:31.10.1) with InstrumentationAnalysisTransform
Transforming builder-model-8.10.1.jar (com.android.tools.build:builder-model:8.10.1) with InstrumentationAnalysisTransform
Transforming gradle-api-8.10.1.jar (com.android.tools.build:gradle-api:8.10.1) with InstrumentationAnalysisTransform
Transforming builder-test-api-8.10.1.jar (com.android.tools.build:builder-test-api:8.10.1) with InstrumentationAnalysisTransform
Transforming ddmlib-31.10.1.jar (com.android.tools.ddms:ddmlib:31.10.1) with InstrumentationAnalysisTransform
Transforming layoutlib-api-31.10.1.jar (com.android.tools.layoutlib:layoutlib-api:31.10.1) with InstrumentationAnalysisTransform
Transforming dvlib-31.10.1.jar (com.android.tools:dvlib:31.10.1) with InstrumentationAnalysisTransform
Transforming common-31.10.1.jar (com.android.tools:common:31.10.1) with InstrumentationAnalysisTransform
Transforming kotlin-stdlib-jdk8-2.1.0.jar (org.jetbrains.kotlin:kotlin-stdlib-jdk8:2.1.0) with InstrumentationAnalysisTransform
Transforming jetifier-processor-1.0.0-beta10.jar (com.android.tools.build.jetifier:jetifier-processor:1.0.0-beta10) with InstrumentationAnalysisTransform
Transforming jetifier-core-1.0.0-beta10.jar (com.android.tools.build.jetifier:jetifier-core:1.0.0-beta10) with InstrumentationAnalysisTransform
Transforming kotlin-reflect-2.0.20.jar (org.jetbrains.kotlin:kotlin-reflect:2.0.20) with InstrumentationAnalysisTransform
Transforming kotlin-stdlib-jdk7-2.1.0.jar (org.jetbrains.kotlin:kotlin-stdlib-jdk7:2.1.0) with InstrumentationAnalysisTransform
Transforming kotlin-stdlib-2.0.20.jar (org.jetbrains.kotlin:kotlin-stdlib:2.0.20) with InstrumentationAnalysisTransform
Transforming annotations-13.0.jar (org.jetbrains:annotations:13.0) with InstrumentationAnalysisTransform
Transforming kotlin-gradle-plugin-model-2.2.20.jar (org.jetbrains.kotlin:kotlin-gradle-plugin-model:2.2.20) with InstrumentationAnalysisTransform
Transforming fus-statistics-gradle-plugin-2.2.20-gradle811.jar (org.jetbrains.kotlin:fus-statistics-gradle-plugin:2.2.20) with InstrumentationAnalysisTransform
Transforming kotlin-gradle-plugin-api-2.2.20.jar (org.jetbrains.kotlin:kotlin-gradle-plugin-api:2.2.20) with InstrumentationAnalysisTransform
Transforming kotlin-gradle-plugin-api-2.2.20-gradle811.jar (org.jetbrains.kotlin:kotlin-gradle-plugin-api:2.2.20) with InstrumentationAnalysisTransform
Transforming kotlin-gradle-plugin-2.2.20-gradle811.jar (org.jetbrains.kotlin:kotlin-gradle-plugin:2.2.20) with InstrumentationAnalysisTransform
Transforming ktlint-gradle-12.1.1.jar (org.jlleitschuh.gradle:ktlint-gradle:12.1.1) with InstrumentationAnalysisTransform
Transforming kotlin-gradle-plugin-idea-proto-2.2.20.jar (org.jetbrains.kotlin:kotlin-gradle-plugin-idea-proto:2.2.20) with InstrumentationAnalysisTransform
Transforming kotlin-gradle-plugin-idea-2.2.20.jar (org.jetbrains.kotlin:kotlin-gradle-plugin-idea:2.2.20) with InstrumentationAnalysisTransform
Transforming kotlin-klib-commonizer-api-2.2.20.jar (org.jetbrains.kotlin:kotlin-klib-commonizer-api:2.2.20) with InstrumentationAnalysisTransform
Transforming kotlin-build-statistics-2.2.20.jar (org.jetbrains.kotlin:kotlin-build-statistics:2.2.20) with InstrumentationAnalysisTransform
Transforming kotlin-util-klib-metadata-2.2.20.jar (org.jetbrains.kotlin:kotlin-util-klib-metadata:2.2.20) with InstrumentationAnalysisTransform
Transforming abi-tools-api-2.2.20.jar (org.jetbrains.kotlin:abi-tools-api:2.2.20) with InstrumentationAnalysisTransform
Transforming kotlin-compiler-runner-2.2.20.jar (org.jetbrains.kotlin:kotlin-compiler-runner:2.2.20) with InstrumentationAnalysisTransform
Transforming dnsjava-2.1.9.jar (dnsjava:dnsjava:2.1.9) with InstrumentationAnalysisTransform
Transforming kotlin-gradle-plugin-annotations-2.2.20.jar (org.jetbrains.kotlin:kotlin-gradle-plugin-annotations:2.2.20) with InstrumentationAnalysisTransform
Transforming kotlin-native-utils-2.2.20.jar (org.jetbrains.kotlin:kotlin-native-utils:2.2.20) with InstrumentationAnalysisTransform
Transforming kotlin-tooling-core-2.2.20.jar (org.jetbrains.kotlin:kotlin-tooling-core:2.2.20) with InstrumentationAnalysisTransform
Transforming kotlin-build-tools-api-2.2.20.jar (org.jetbrains.kotlin:kotlin-build-tools-api:2.2.20) with InstrumentationAnalysisTransform
Transforming android-test-plugin-result-listener-gradle-proto-31.10.1.jar (com.android.tools.utp:android-test-plugin-result-listener-gradle-proto:31.10.1) with InstrumentationAnalysisTransform
Transforming bundletool-1.18.0.jar (com.android.tools.build:bundletool:1.18.0) with InstrumentationAnalysisTransform
Transforming protobuf-java-util-3.25.5.jar (com.google.protobuf:protobuf-java-util:3.25.5) with InstrumentationAnalysisTransform
Transforming grpc-netty-1.69.1.jar (io.grpc:grpc-netty:1.69.1) with InstrumentationAnalysisTransform
Transforming grpc-inprocess-1.69.1.jar (io.grpc:grpc-inprocess:1.69.1) with InstrumentationAnalysisTransform
Transforming grpc-util-1.69.1.jar (io.grpc:grpc-util:1.69.1) with InstrumentationAnalysisTransform
Transforming grpc-core-1.69.1.jar (io.grpc:grpc-core:1.69.1) with InstrumentationAnalysisTransform
Transforming tink-1.7.0.jar (com.google.crypto.tink:tink:1.7.0) with InstrumentationAnalysisTransform
Transforming gson-2.11.0.jar (com.google.code.gson:gson:2.11.0) with InstrumentationAnalysisTransform
Transforming kotlin-util-klib-2.2.20.jar (org.jetbrains.kotlin:kotlin-util-klib:2.2.20) with InstrumentationAnalysisTransform
Transforming kotlin-util-io-2.2.20.jar (org.jetbrains.kotlin:kotlin-util-io:2.2.20) with InstrumentationAnalysisTransform
Transforming kotlin-daemon-client-2.2.20.jar (org.jetbrains.kotlin:kotlin-daemon-client:2.2.20) with InstrumentationAnalysisTransform
Transforming kotlinx-coroutines-core-jvm-1.8.0.jar (org.jetbrains.kotlinx:kotlinx-coroutines-core-jvm:1.8.0) with InstrumentationAnalysisTransform
Transforming aapt2-proto-8.10.1-12782657.jar (com.android.tools.build:aapt2-proto:8.10.1-12782657) with InstrumentationAnalysisTransform
Transforming crash-31.10.1.jar (com.android.tools.analytics-library:crash:31.10.1) with InstrumentationAnalysisTransform
Transforming lint-typedef-remover-31.10.1.jar (com.android.tools.lint:lint-typedef-remover:31.10.1) with InstrumentationAnalysisTransform
Transforming databinding-common-8.10.1.jar (androidx.databinding:databinding-common:8.10.1) with InstrumentationAnalysisTransform
Transforming baseLibrary-8.10.1.jar (com.android.databinding:baseLibrary:8.10.1) with InstrumentationAnalysisTransform
Transforming android-device-provider-ddmlib-proto-31.10.1.jar (com.android.tools.utp:android-device-provider-ddmlib-proto:31.10.1) with InstrumentationAnalysisTransform
Transforming android-device-provider-gradle-proto-31.10.1.jar (com.android.tools.utp:android-device-provider-gradle-proto:31.10.1) with InstrumentationAnalysisTransform
Transforming android-device-provider-profile-proto-31.10.1.jar (com.android.tools.utp:android-device-provider-profile-proto:31.10.1) with InstrumentationAnalysisTransform
Transforming android-test-plugin-host-additional-test-output-proto-31.10.1.jar (com.android.tools.utp:android-test-plugin-host-additional-test-output-proto:31.10.1) with InstrumentationAnalysisTransform
Transforming android-test-plugin-host-coverage-proto-31.10.1.jar (com.android.tools.utp:android-test-plugin-host-coverage-proto:31.10.1) with InstrumentationAnalysisTransform
Transforming android-test-plugin-host-logcat-proto-31.10.1.jar (com.android.tools.utp:android-test-plugin-host-logcat-proto:31.10.1) with InstrumentationAnalysisTransform
Transforming android-test-plugin-host-apk-installer-proto-31.10.1.jar (com.android.tools.utp:android-test-plugin-host-apk-installer-proto:31.10.1) with InstrumentationAnalysisTransform
Transforming transform-api-2.0.0-deprecated-use-gradle-api.jar (com.android.tools.build:transform-api:2.0.0-deprecated-use-gradle-api) with InstrumentationAnalysisTransform
Transforming httpmime-4.5.6.jar (org.apache.httpcomponents:httpmime:4.5.6) with InstrumentationAnalysisTransform
Transforming commons-io-2.16.1.jar (commons-io:commons-io:2.16.1) with InstrumentationAnalysisTransform
Transforming asm-commons-9.7.1.jar (org.ow2.asm:asm-commons:9.7.1) with InstrumentationAnalysisTransform
Transforming asm-util-9.7.1.jar (org.ow2.asm:asm-util:9.7.1) with InstrumentationAnalysisTransform
Transforming asm-analysis-9.7.1.jar (org.ow2.asm:asm-analysis:9.7.1) with InstrumentationAnalysisTransform
Transforming asm-tree-9.7.1.jar (org.ow2.asm:asm-tree:9.7.1) with InstrumentationAnalysisTransform
Transforming asm-9.7.1.jar (org.ow2.asm:asm:9.7.1) with InstrumentationAnalysisTransform
Transforming apkzlib-8.10.1.jar (com.android.tools.build:apkzlib:8.10.1) with InstrumentationAnalysisTransform
Transforming bcpkix-jdk18on-1.79.jar (org.bouncycastle:bcpkix-jdk18on:1.79) with InstrumentationAnalysisTransform
Transforming jaxb-runtime-2.3.2.jar (org.glassfish.jaxb:jaxb-runtime:2.3.2) with InstrumentationAnalysisTransform
Transforming jopt-simple-4.9.jar (net.sf.jopt-simple:jopt-simple:4.9) with InstrumentationAnalysisTransform
Transforming javapoet-1.10.0.jar (com.squareup:javapoet:1.10.0) with InstrumentationAnalysisTransform
Transforming grpc-protobuf-1.69.1.jar (io.grpc:grpc-protobuf:1.69.1) with InstrumentationAnalysisTransform
Transforming core-proto-0.0.9-alpha03.jar (com.google.testing.platform:core-proto:0.0.9-alpha03) with InstrumentationAnalysisTransform
Transforming protos-31.10.1.jar (com.android.tools.analytics-library:protos:31.10.1) with InstrumentationAnalysisTransform
Transforming proto-google-common-protos-2.48.0.jar (com.google.api.grpc:proto-google-common-protos:2.48.0) with InstrumentationAnalysisTransform
Transforming protobuf-java-3.25.5.jar (com.google.protobuf:protobuf-java:3.25.5) with InstrumentationAnalysisTransform
Transforming grpc-stub-1.69.1.jar (io.grpc:grpc-stub:1.69.1) with InstrumentationAnalysisTransform
Transforming tensorflow-lite-metadata-0.2.0.jar (org.tensorflow:tensorflow-lite-metadata:0.2.0) with InstrumentationAnalysisTransform
Transforming flatbuffers-java-1.12.0.jar (com.google.flatbuffers:flatbuffers-java:1.12.0) with InstrumentationAnalysisTransform
Transforming jimfs-1.1.jar (com.google.jimfs:jimfs:1.1) with InstrumentationAnalysisTransform
Transforming grpc-context-1.69.1.jar (io.grpc:grpc-context:1.69.1) with InstrumentationAnalysisTransform
Transforming grpc-protobuf-lite-1.69.1.jar (io.grpc:grpc-protobuf-lite:1.69.1) with InstrumentationAnalysisTransform
Transforming grpc-api-1.69.1.jar (io.grpc:grpc-api:1.69.1) with InstrumentationAnalysisTransform
Transforming guava-33.3.1-jre.jar (com.google.guava:guava:33.3.1-jre) with InstrumentationAnalysisTransform
Transforming error_prone_annotations-2.30.0.jar (com.google.errorprone:error_prone_annotations:2.30.0) with InstrumentationAnalysisTransform
Transforming dagger-2.28.3.jar (com.google.dagger:dagger:2.28.3) with InstrumentationAnalysisTransform
Transforming javax.inject-1.jar (javax.inject:javax.inject:1) with InstrumentationAnalysisTransform
Transforming kxml2-2.3.0.jar (net.sf.kxml:kxml2:2.3.0) with InstrumentationAnalysisTransform
Transforming commons-compress-1.21.jar (org.apache.commons:commons-compress:1.21) with InstrumentationAnalysisTransform
Transforming bcutil-jdk18on-1.79.jar (org.bouncycastle:bcutil-jdk18on:1.79) with InstrumentationAnalysisTransform
Transforming bcprov-jdk18on-1.79.jar (org.bouncycastle:bcprov-jdk18on:1.79) with InstrumentationAnalysisTransform
Transforming httpclient-4.5.14.jar (org.apache.httpcomponents:httpclient:4.5.14) with InstrumentationAnalysisTransform
Transforming httpcore-4.4.16.jar (org.apache.httpcomponents:httpcore:4.4.16) with InstrumentationAnalysisTransform
Transforming javax.activation-1.2.0.jar (com.sun.activation:javax.activation:1.2.0) with InstrumentationAnalysisTransform
Transforming signflinger-8.10.1.jar (com.android:signflinger:8.10.1) with InstrumentationAnalysisTransform
Transforming zipflinger-8.10.1.jar (com.android:zipflinger:8.10.1) with InstrumentationAnalysisTransform
Transforming annotations-31.10.1.jar (com.android.tools:annotations:31.10.1) with InstrumentationAnalysisTransform
Transforming jna-platform-5.6.0.jar (net.java.dev.jna:jna-platform:5.6.0) with InstrumentationAnalysisTransform
Transforming juniversalchardet-1.0.3.jar (com.googlecode.juniversalchardet:juniversalchardet:1.0.3) with InstrumentationAnalysisTransform
Transforming javax.annotation-api-1.3.2.jar (javax.annotation:javax.annotation-api:1.3.2) with InstrumentationAnalysisTransform
Transforming stax-ex-1.8.1.jar (org.jvnet.staxex:stax-ex:1.8.1) with InstrumentationAnalysisTransform
Transforming jakarta.xml.bind-api-2.3.2.jar (jakarta.xml.bind:jakarta.xml.bind-api:2.3.2) with InstrumentationAnalysisTransform
Transforming txw2-2.3.2.jar (org.glassfish.jaxb:txw2:2.3.2) with InstrumentationAnalysisTransform
Transforming istack-commons-runtime-3.0.8.jar (com.sun.istack:istack-commons-runtime:3.0.8) with InstrumentationAnalysisTransform
Transforming FastInfoset-1.2.16.jar (com.sun.xml.fastinfoset:FastInfoset:1.2.16) with InstrumentationAnalysisTransform
Transforming jakarta.activation-api-1.2.1.jar (jakarta.activation:jakarta.activation-api:1.2.1) with InstrumentationAnalysisTransform
Transforming auto-value-annotations-1.6.2.jar (com.google.auto.value:auto-value-annotations:1.6.2) with InstrumentationAnalysisTransform
Transforming jose4j-0.9.5.jar (org.bitbucket.b_c:jose4j:0.9.5) with InstrumentationAnalysisTransform
Transforming slf4j-api-1.7.30.jar (org.slf4j:slf4j-api:1.7.30) with InstrumentationAnalysisTransform
Transforming jdom2-2.0.6.jar (org.jdom:jdom2:2.0.6) with InstrumentationAnalysisTransform
Transforming jsr305-3.0.2.jar (com.google.code.findbugs:jsr305:3.0.2) with InstrumentationAnalysisTransform
Transforming j2objc-annotations-3.0.0.jar (com.google.j2objc:j2objc-annotations:3.0.0) with InstrumentationAnalysisTransform
Transforming annotations-4.1.1.4.jar (com.google.android:annotations:4.1.1.4) with InstrumentationAnalysisTransform
Transforming animal-sniffer-annotations-1.24.jar (org.codehaus.mojo:animal-sniffer-annotations:1.24) with InstrumentationAnalysisTransform
Transforming perfmark-api-0.27.0.jar (io.perfmark:perfmark-api:0.27.0) with InstrumentationAnalysisTransform
Transforming netty-codec-http2-4.1.110.Final.jar (io.netty:netty-codec-http2:4.1.110.Final) with InstrumentationAnalysisTransform
Transforming netty-handler-proxy-4.1.110.Final.jar (io.netty:netty-handler-proxy:4.1.110.Final) with InstrumentationAnalysisTransform
Transforming netty-codec-http-4.1.110.Final.jar (io.netty:netty-codec-http:4.1.110.Final) with InstrumentationAnalysisTransform
Transforming netty-handler-4.1.110.Final.jar (io.netty:netty-handler:4.1.110.Final) with InstrumentationAnalysisTransform
Transforming netty-transport-native-unix-common-4.1.110.Final.jar (io.netty:netty-transport-native-unix-common:4.1.110.Final) with InstrumentationAnalysisTransform
Transforming checker-qual-3.43.0.jar (org.checkerframework:checker-qual:3.43.0) with InstrumentationAnalysisTransform
Transforming apksig-8.10.1.jar (com.android.tools.build:apksig:8.10.1) with InstrumentationAnalysisTransform
Transforming javawriter-2.5.0.jar (com.squareup:javawriter:2.5.0) with InstrumentationAnalysisTransform
Transforming failureaccess-1.0.2.jar (com.google.guava:failureaccess:1.0.2) with InstrumentationAnalysisTransform
Transforming listenablefuture-9999.0-empty-to-avoid-conflict-with-guava.jar (com.google.guava:listenablefuture:9999.0-empty-to-avoid-conflict-with-guava) with InstrumentationAnalysisTransform
Transforming commons-logging-1.2.jar (commons-logging:commons-logging:1.2) with InstrumentationAnalysisTransform
Transforming commons-codec-1.11.jar (commons-codec:commons-codec:1.11) with InstrumentationAnalysisTransform
Transforming jna-5.6.0.jar (net.java.dev.jna:jna:5.6.0) with InstrumentationAnalysisTransform
Transforming netty-codec-socks-4.1.110.Final.jar (io.netty:netty-codec-socks:4.1.110.Final) with InstrumentationAnalysisTransform
Transforming netty-codec-4.1.110.Final.jar (io.netty:netty-codec:4.1.110.Final) with InstrumentationAnalysisTransform
Transforming netty-transport-4.1.110.Final.jar (io.netty:netty-transport:4.1.110.Final) with InstrumentationAnalysisTransform
Transforming netty-buffer-4.1.110.Final.jar (io.netty:netty-buffer:4.1.110.Final) with InstrumentationAnalysisTransform
Transforming netty-resolver-4.1.110.Final.jar (io.netty:netty-resolver:4.1.110.Final) with InstrumentationAnalysisTransform
Transforming netty-common-4.1.110.Final.jar (io.netty:netty-common:4.1.110.Final) with InstrumentationAnalysisTransform
Transforming main (project :build-logic:plugins) with InstrumentationAnalysisTransform
Transforming main (project :build-logic:plugins) with InstrumentationAnalysisTransform
Transforming main (project :build-logic:plugins) with InstrumentationAnalysisTransform
Transforming main (project :build-logic:tools) with InstrumentationAnalysisTransform
Transforming main (project :build-logic:tools) with InstrumentationAnalysisTransform
Transforming classes with InstrumentationAnalysisTransform
Transforming classes with MergeInstrumentationAnalysisTransform
Transforming classes with InstrumentationAnalysisTransform
Transforming classes with MergeInstrumentationAnalysisTransform
Transforming gradle-8.10.1.jar (com.android.tools.build:gradle:8.10.1) with InstrumentationAnalysisTransform
Transforming gradle-8.10.1.jar (com.android.tools.build:gradle:8.10.1) with MergeInstrumentationAnalysisTransform
Transforming gradle-settings-api-8.10.1.jar (com.android.tools.build:gradle-settings-api:8.10.1) with InstrumentationAnalysisTransform
Transforming gradle-settings-api-8.10.1.jar (com.android.tools.build:gradle-settings-api:8.10.1) with MergeInstrumentationAnalysisTransform
Transforming lint-model-31.10.1.jar (com.android.tools.lint:lint-model:31.10.1) with InstrumentationAnalysisTransform
Transforming lint-model-31.10.1.jar (com.android.tools.lint:lint-model:31.10.1) with MergeInstrumentationAnalysisTransform
Transforming builder-8.10.1.jar (com.android.tools.build:builder:8.10.1) with InstrumentationAnalysisTransform
Transforming builder-8.10.1.jar (com.android.tools.build:builder:8.10.1) with MergeInstrumentationAnalysisTransform
Transforming manifest-merger-31.10.1.jar (com.android.tools.build:manifest-merger:31.10.1) with InstrumentationAnalysisTransform
Transforming manifest-merger-31.10.1.jar (com.android.tools.build:manifest-merger:31.10.1) with MergeInstrumentationAnalysisTransform
Transforming sdk-common-31.10.1.jar (com.android.tools:sdk-common:31.10.1) with InstrumentationAnalysisTransform
Transforming classes with ExternalDependencyInstrumentingArtifactTransform
Transforming sdk-common-31.10.1.jar (com.android.tools:sdk-common:31.10.1) with MergeInstrumentationAnalysisTransform
Transforming sdklib-31.10.1.jar (com.android.tools:sdklib:31.10.1) with InstrumentationAnalysisTransform
Transforming sdklib-31.10.1.jar (com.android.tools:sdklib:31.10.1) with MergeInstrumentationAnalysisTransform
Transforming repository-31.10.1.jar (com.android.tools:repository:31.10.1) with InstrumentationAnalysisTransform
Transforming repository-31.10.1.jar (com.android.tools:repository:31.10.1) with MergeInstrumentationAnalysisTransform
Transforming aaptcompiler-8.10.1.jar (com.android.tools.build:aaptcompiler:8.10.1) with InstrumentationAnalysisTransform
Transforming aaptcompiler-8.10.1.jar (com.android.tools.build:aaptcompiler:8.10.1) with MergeInstrumentationAnalysisTransform
Transforming tracker-31.10.1.jar (com.android.tools.analytics-library:tracker:31.10.1) with InstrumentationAnalysisTransform
Transforming tracker-31.10.1.jar (com.android.tools.analytics-library:tracker:31.10.1) with MergeInstrumentationAnalysisTransform
Transforming shared-31.10.1.jar (com.android.tools.analytics-library:shared:31.10.1) with InstrumentationAnalysisTransform
Transforming shared-31.10.1.jar (com.android.tools.analytics-library:shared:31.10.1) with MergeInstrumentationAnalysisTransform
Transforming databinding-compiler-common-8.10.1.jar (androidx.databinding:databinding-compiler-common:8.10.1) with InstrumentationAnalysisTransform
Transforming classes with ExternalDependencyInstrumentingArtifactTransform
Transforming gradle-settings-api-8.10.1.jar (com.android.tools.build:gradle-settings-api:8.10.1) with ExternalDependencyInstrumentingArtifactTransform
Transforming manifest-merger-31.10.1.jar (com.android.tools.build:manifest-merger:31.10.1) with ExternalDependencyInstrumentingArtifactTransform
Transforming lint-model-31.10.1.jar (com.android.tools.lint:lint-model:31.10.1) with ExternalDependencyInstrumentingArtifactTransform
Transforming builder-8.10.1.jar (com.android.tools.build:builder:8.10.1) with ExternalDependencyInstrumentingArtifactTransform
Transforming sdk-common-31.10.1.jar (com.android.tools:sdk-common:31.10.1) with ExternalDependencyInstrumentingArtifactTransform
Transforming aaptcompiler-8.10.1.jar (com.android.tools.build:aaptcompiler:8.10.1) with ExternalDependencyInstrumentingArtifactTransform
Transforming databinding-compiler-common-8.10.1.jar (androidx.databinding:databinding-compiler-common:8.10.1) with MergeInstrumentationAnalysisTransform
Transforming tracker-31.10.1.jar (com.android.tools.analytics-library:tracker:31.10.1) with ExternalDependencyInstrumentingArtifactTransform
Transforming android-test-plugin-host-emulator-control-proto-31.10.1.jar (com.android.tools.utp:android-test-plugin-host-emulator-control-proto:31.10.1) with InstrumentationAnalysisTransform
Transforming android-test-plugin-host-emulator-control-proto-31.10.1.jar (com.android.tools.utp:android-test-plugin-host-emulator-control-proto:31.10.1) with MergeInstrumentationAnalysisTransform
Transforming builder-model-8.10.1.jar (com.android.tools.build:builder-model:8.10.1) with InstrumentationAnalysisTransform
Transforming shared-31.10.1.jar (com.android.tools.analytics-library:shared:31.10.1) with ExternalDependencyInstrumentingArtifactTransform
Transforming builder-model-8.10.1.jar (com.android.tools.build:builder-model:8.10.1) with MergeInstrumentationAnalysisTransform
Transforming databinding-compiler-common-8.10.1.jar (androidx.databinding:databinding-compiler-common:8.10.1) with ExternalDependencyInstrumentingArtifactTransform
Transforming gradle-api-8.10.1.jar (com.android.tools.build:gradle-api:8.10.1) with InstrumentationAnalysisTransform
Transforming repository-31.10.1.jar (com.android.tools:repository:31.10.1) with ExternalDependencyInstrumentingArtifactTransform
Transforming sdklib-31.10.1.jar (com.android.tools:sdklib:31.10.1) with ExternalDependencyInstrumentingArtifactTransform
Transforming gradle-8.10.1.jar (com.android.tools.build:gradle:8.10.1) with ExternalDependencyInstrumentingArtifactTransform
Transforming builder-model-8.10.1.jar (com.android.tools.build:builder-model:8.10.1) with ExternalDependencyInstrumentingArtifactTransform
Transforming android-test-plugin-host-emulator-control-proto-31.10.1.jar (com.android.tools.utp:android-test-plugin-host-emulator-control-proto:31.10.1) with ExternalDependencyInstrumentingArtifactTransform
Transforming gradle-api-8.10.1.jar (com.android.tools.build:gradle-api:8.10.1) with MergeInstrumentationAnalysisTransform
Transforming builder-test-api-8.10.1.jar (com.android.tools.build:builder-test-api:8.10.1) with InstrumentationAnalysisTransform
Transforming builder-test-api-8.10.1.jar (com.android.tools.build:builder-test-api:8.10.1) with MergeInstrumentationAnalysisTransform
Transforming ddmlib-31.10.1.jar (com.android.tools.ddms:ddmlib:31.10.1) with InstrumentationAnalysisTransform
Transforming ddmlib-31.10.1.jar (com.android.tools.ddms:ddmlib:31.10.1) with MergeInstrumentationAnalysisTransform
Transforming layoutlib-api-31.10.1.jar (com.android.tools.layoutlib:layoutlib-api:31.10.1) with InstrumentationAnalysisTransform
Transforming layoutlib-api-31.10.1.jar (com.android.tools.layoutlib:layoutlib-api:31.10.1) with MergeInstrumentationAnalysisTransform
Transforming dvlib-31.10.1.jar (com.android.tools:dvlib:31.10.1) with InstrumentationAnalysisTransform
Transforming gradle-api-8.10.1.jar (com.android.tools.build:gradle-api:8.10.1) with ExternalDependencyInstrumentingArtifactTransform
Transforming builder-test-api-8.10.1.jar (com.android.tools.build:builder-test-api:8.10.1) with ExternalDependencyInstrumentingArtifactTransform
Transforming ddmlib-31.10.1.jar (com.android.tools.ddms:ddmlib:31.10.1) with ExternalDependencyInstrumentingArtifactTransform
Transforming dvlib-31.10.1.jar (com.android.tools:dvlib:31.10.1) with MergeInstrumentationAnalysisTransform
Transforming common-31.10.1.jar (com.android.tools:common:31.10.1) with InstrumentationAnalysisTransform
Transforming common-31.10.1.jar (com.android.tools:common:31.10.1) with MergeInstrumentationAnalysisTransform
Transforming layoutlib-api-31.10.1.jar (com.android.tools.layoutlib:layoutlib-api:31.10.1) with ExternalDependencyInstrumentingArtifactTransform
Transforming kotlin-stdlib-jdk8-2.1.0.jar (org.jetbrains.kotlin:kotlin-stdlib-jdk8:2.1.0) with InstrumentationAnalysisTransform
Transforming dvlib-31.10.1.jar (com.android.tools:dvlib:31.10.1) with ExternalDependencyInstrumentingArtifactTransform
Transforming kotlin-stdlib-jdk8-2.1.0.jar (org.jetbrains.kotlin:kotlin-stdlib-jdk8:2.1.0) with MergeInstrumentationAnalysisTransform
Transforming common-31.10.1.jar (com.android.tools:common:31.10.1) with ExternalDependencyInstrumentingArtifactTransform
Transforming jetifier-processor-1.0.0-beta10.jar (com.android.tools.build.jetifier:jetifier-processor:1.0.0-beta10) with InstrumentationAnalysisTransform
Transforming jetifier-processor-1.0.0-beta10.jar (com.android.tools.build.jetifier:jetifier-processor:1.0.0-beta10) with MergeInstrumentationAnalysisTransform
Transforming jetifier-core-1.0.0-beta10.jar (com.android.tools.build.jetifier:jetifier-core:1.0.0-beta10) with InstrumentationAnalysisTransform
Transforming kotlin-stdlib-jdk8-2.1.0.jar (org.jetbrains.kotlin:kotlin-stdlib-jdk8:2.1.0) with ExternalDependencyInstrumentingArtifactTransform
Transforming jetifier-core-1.0.0-beta10.jar (com.android.tools.build.jetifier:jetifier-core:1.0.0-beta10) with MergeInstrumentationAnalysisTransform
Transforming kotlin-reflect-2.0.20.jar (org.jetbrains.kotlin:kotlin-reflect:2.0.20) with InstrumentationAnalysisTransform
Transforming jetifier-processor-1.0.0-beta10.jar (com.android.tools.build.jetifier:jetifier-processor:1.0.0-beta10) with ExternalDependencyInstrumentingArtifactTransform
Transforming kotlin-reflect-2.0.20.jar (org.jetbrains.kotlin:kotlin-reflect:2.0.20) with MergeInstrumentationAnalysisTransform
Transforming jetifier-core-1.0.0-beta10.jar (com.android.tools.build.jetifier:jetifier-core:1.0.0-beta10) with ExternalDependencyInstrumentingArtifactTransform
Transforming kotlin-stdlib-jdk7-2.1.0.jar (org.jetbrains.kotlin:kotlin-stdlib-jdk7:2.1.0) with InstrumentationAnalysisTransform
Transforming kotlin-stdlib-jdk7-2.1.0.jar (org.jetbrains.kotlin:kotlin-stdlib-jdk7:2.1.0) with MergeInstrumentationAnalysisTransform
Transforming kotlin-stdlib-2.0.20.jar (org.jetbrains.kotlin:kotlin-stdlib:2.0.20) with InstrumentationAnalysisTransform
Transforming kotlin-stdlib-2.0.20.jar (org.jetbrains.kotlin:kotlin-stdlib:2.0.20) with MergeInstrumentationAnalysisTransform
Transforming annotations-13.0.jar (org.jetbrains:annotations:13.0) with InstrumentationAnalysisTransform
Transforming kotlin-reflect-2.0.20.jar (org.jetbrains.kotlin:kotlin-reflect:2.0.20) with ExternalDependencyInstrumentingArtifactTransform
Transforming kotlin-stdlib-jdk7-2.1.0.jar (org.jetbrains.kotlin:kotlin-stdlib-jdk7:2.1.0) with ExternalDependencyInstrumentingArtifactTransform
Transforming annotations-13.0.jar (org.jetbrains:annotations:13.0) with MergeInstrumentationAnalysisTransform
Transforming kotlin-gradle-plugin-model-2.2.20.jar (org.jetbrains.kotlin:kotlin-gradle-plugin-model:2.2.20) with InstrumentationAnalysisTransform
Transforming kotlin-stdlib-2.0.20.jar (org.jetbrains.kotlin:kotlin-stdlib:2.0.20) with ExternalDependencyInstrumentingArtifactTransform
Transforming kotlin-gradle-plugin-model-2.2.20.jar (org.jetbrains.kotlin:kotlin-gradle-plugin-model:2.2.20) with MergeInstrumentationAnalysisTransform
Transforming annotations-13.0.jar (org.jetbrains:annotations:13.0) with ExternalDependencyInstrumentingArtifactTransform
Transforming fus-statistics-gradle-plugin-2.2.20-gradle811.jar (org.jetbrains.kotlin:fus-statistics-gradle-plugin:2.2.20) with InstrumentationAnalysisTransform
Transforming kotlin-gradle-plugin-model-2.2.20.jar (org.jetbrains.kotlin:kotlin-gradle-plugin-model:2.2.20) with ExternalDependencyInstrumentingArtifactTransform
Transforming fus-statistics-gradle-plugin-2.2.20-gradle811.jar (org.jetbrains.kotlin:fus-statistics-gradle-plugin:2.2.20) with MergeInstrumentationAnalysisTransform
Transforming kotlin-gradle-plugin-api-2.2.20.jar (org.jetbrains.kotlin:kotlin-gradle-plugin-api:2.2.20) with InstrumentationAnalysisTransform
Transforming kotlin-gradle-plugin-api-2.2.20.jar (org.jetbrains.kotlin:kotlin-gradle-plugin-api:2.2.20) with MergeInstrumentationAnalysisTransform
Transforming kotlin-gradle-plugin-api-2.2.20-gradle811.jar (org.jetbrains.kotlin:kotlin-gradle-plugin-api:2.2.20) with InstrumentationAnalysisTransform
Transforming fus-statistics-gradle-plugin-2.2.20-gradle811.jar (org.jetbrains.kotlin:fus-statistics-gradle-plugin:2.2.20) with ExternalDependencyInstrumentingArtifactTransform
Transforming kotlin-gradle-plugin-api-2.2.20-gradle811.jar (org.jetbrains.kotlin:kotlin-gradle-plugin-api:2.2.20) with MergeInstrumentationAnalysisTransform
Transforming kotlin-gradle-plugin-2.2.20-gradle811.jar (org.jetbrains.kotlin:kotlin-gradle-plugin:2.2.20) with InstrumentationAnalysisTransform
Transforming kotlin-gradle-plugin-2.2.20-gradle811.jar (org.jetbrains.kotlin:kotlin-gradle-plugin:2.2.20) with MergeInstrumentationAnalysisTransform
Transforming kotlin-gradle-plugin-api-2.2.20.jar (org.jetbrains.kotlin:kotlin-gradle-plugin-api:2.2.20) with ExternalDependencyInstrumentingArtifactTransform
Transforming kotlin-gradle-plugin-api-2.2.20-gradle811.jar (org.jetbrains.kotlin:kotlin-gradle-plugin-api:2.2.20) with ExternalDependencyInstrumentingArtifactTransform
Transforming kotlin-gradle-plugin-2.2.20-gradle811.jar (org.jetbrains.kotlin:kotlin-gradle-plugin:2.2.20) with ExternalDependencyInstrumentingArtifactTransform
Transforming ktlint-gradle-12.1.1.jar (org.jlleitschuh.gradle:ktlint-gradle:12.1.1) with InstrumentationAnalysisTransform
Transforming ktlint-gradle-12.1.1.jar (org.jlleitschuh.gradle:ktlint-gradle:12.1.1) with MergeInstrumentationAnalysisTransform
Transforming kotlin-gradle-plugin-idea-proto-2.2.20.jar (org.jetbrains.kotlin:kotlin-gradle-plugin-idea-proto:2.2.20) with InstrumentationAnalysisTransform
Transforming kotlin-gradle-plugin-idea-proto-2.2.20.jar (org.jetbrains.kotlin:kotlin-gradle-plugin-idea-proto:2.2.20) with MergeInstrumentationAnalysisTransform
Transforming kotlin-gradle-plugin-idea-2.2.20.jar (org.jetbrains.kotlin:kotlin-gradle-plugin-idea:2.2.20) with InstrumentationAnalysisTransform
Transforming kotlin-gradle-plugin-idea-2.2.20.jar (org.jetbrains.kotlin:kotlin-gradle-plugin-idea:2.2.20) with MergeInstrumentationAnalysisTransform
Transforming kotlin-klib-commonizer-api-2.2.20.jar (org.jetbrains.kotlin:kotlin-klib-commonizer-api:2.2.20) with InstrumentationAnalysisTransform
Transforming kotlin-klib-commonizer-api-2.2.20.jar (org.jetbrains.kotlin:kotlin-klib-commonizer-api:2.2.20) with MergeInstrumentationAnalysisTransform
Transforming kotlin-build-statistics-2.2.20.jar (org.jetbrains.kotlin:kotlin-build-statistics:2.2.20) with InstrumentationAnalysisTransform
Transforming ktlint-gradle-12.1.1.jar (org.jlleitschuh.gradle:ktlint-gradle:12.1.1) with ExternalDependencyInstrumentingArtifactTransform
Transforming kotlin-gradle-plugin-idea-proto-2.2.20.jar (org.jetbrains.kotlin:kotlin-gradle-plugin-idea-proto:2.2.20) with ExternalDependencyInstrumentingArtifactTransform
Transforming kotlin-gradle-plugin-idea-2.2.20.jar (org.jetbrains.kotlin:kotlin-gradle-plugin-idea:2.2.20) with ExternalDependencyInstrumentingArtifactTransform
Transforming kotlin-klib-commonizer-api-2.2.20.jar (org.jetbrains.kotlin:kotlin-klib-commonizer-api:2.2.20) with ExternalDependencyInstrumentingArtifactTransform
Transforming kotlin-build-statistics-2.2.20.jar (org.jetbrains.kotlin:kotlin-build-statistics:2.2.20) with MergeInstrumentationAnalysisTransform
Transforming kotlin-util-klib-metadata-2.2.20.jar (org.jetbrains.kotlin:kotlin-util-klib-metadata:2.2.20) with InstrumentationAnalysisTransform
Transforming kotlin-util-klib-metadata-2.2.20.jar (org.jetbrains.kotlin:kotlin-util-klib-metadata:2.2.20) with MergeInstrumentationAnalysisTransform
Transforming abi-tools-api-2.2.20.jar (org.jetbrains.kotlin:abi-tools-api:2.2.20) with InstrumentationAnalysisTransform
Transforming abi-tools-api-2.2.20.jar (org.jetbrains.kotlin:abi-tools-api:2.2.20) with MergeInstrumentationAnalysisTransform
Transforming kotlin-compiler-runner-2.2.20.jar (org.jetbrains.kotlin:kotlin-compiler-runner:2.2.20) with InstrumentationAnalysisTransform
Transforming kotlin-util-klib-metadata-2.2.20.jar (org.jetbrains.kotlin:kotlin-util-klib-metadata:2.2.20) with ExternalDependencyInstrumentingArtifactTransform
Transforming kotlin-compiler-runner-2.2.20.jar (org.jetbrains.kotlin:kotlin-compiler-runner:2.2.20) with MergeInstrumentationAnalysisTransform
Transforming dnsjava-2.1.9.jar (dnsjava:dnsjava:2.1.9) with InstrumentationAnalysisTransform
Transforming abi-tools-api-2.2.20.jar (org.jetbrains.kotlin:abi-tools-api:2.2.20) with ExternalDependencyInstrumentingArtifactTransform
Transforming kotlin-build-statistics-2.2.20.jar (org.jetbrains.kotlin:kotlin-build-statistics:2.2.20) with ExternalDependencyInstrumentingArtifactTransform
Transforming dnsjava-2.1.9.jar (dnsjava:dnsjava:2.1.9) with MergeInstrumentationAnalysisTransform
Transforming kotlin-compiler-runner-2.2.20.jar (org.jetbrains.kotlin:kotlin-compiler-runner:2.2.20) with ExternalDependencyInstrumentingArtifactTransform
Transforming kotlin-gradle-plugin-annotations-2.2.20.jar (org.jetbrains.kotlin:kotlin-gradle-plugin-annotations:2.2.20) with InstrumentationAnalysisTransform
Transforming kotlin-gradle-plugin-annotations-2.2.20.jar (org.jetbrains.kotlin:kotlin-gradle-plugin-annotations:2.2.20) with MergeInstrumentationAnalysisTransform
Transforming kotlin-native-utils-2.2.20.jar (org.jetbrains.kotlin:kotlin-native-utils:2.2.20) with InstrumentationAnalysisTransform
Transforming dnsjava-2.1.9.jar (dnsjava:dnsjava:2.1.9) with ExternalDependencyInstrumentingArtifactTransform
Transforming kotlin-native-utils-2.2.20.jar (org.jetbrains.kotlin:kotlin-native-utils:2.2.20) with MergeInstrumentationAnalysisTransform
Transforming kotlin-tooling-core-2.2.20.jar (org.jetbrains.kotlin:kotlin-tooling-core:2.2.20) with InstrumentationAnalysisTransform
Transforming kotlin-tooling-core-2.2.20.jar (org.jetbrains.kotlin:kotlin-tooling-core:2.2.20) with MergeInstrumentationAnalysisTransform
Transforming kotlin-build-tools-api-2.2.20.jar (org.jetbrains.kotlin:kotlin-build-tools-api:2.2.20) with InstrumentationAnalysisTransform
Transforming kotlin-build-tools-api-2.2.20.jar (org.jetbrains.kotlin:kotlin-build-tools-api:2.2.20) with MergeInstrumentationAnalysisTransform
Transforming android-test-plugin-result-listener-gradle-proto-31.10.1.jar (com.android.tools.utp:android-test-plugin-result-listener-gradle-proto:31.10.1) with InstrumentationAnalysisTransform
Transforming android-test-plugin-result-listener-gradle-proto-31.10.1.jar (com.android.tools.utp:android-test-plugin-result-listener-gradle-proto:31.10.1) with MergeInstrumentationAnalysisTransform
Transforming kotlin-native-utils-2.2.20.jar (org.jetbrains.kotlin:kotlin-native-utils:2.2.20) with ExternalDependencyInstrumentingArtifactTransform
Transforming kotlin-gradle-plugin-annotations-2.2.20.jar (org.jetbrains.kotlin:kotlin-gradle-plugin-annotations:2.2.20) with ExternalDependencyInstrumentingArtifactTransform
Transforming kotlin-build-tools-api-2.2.20.jar (org.jetbrains.kotlin:kotlin-build-tools-api:2.2.20) with ExternalDependencyInstrumentingArtifactTransform
Transforming bundletool-1.18.0.jar (com.android.tools.build:bundletool:1.18.0) with InstrumentationAnalysisTransform
Transforming android-test-plugin-result-listener-gradle-proto-31.10.1.jar (com.android.tools.utp:android-test-plugin-result-listener-gradle-proto:31.10.1) with ExternalDependencyInstrumentingArtifactTransform
Transforming kotlin-tooling-core-2.2.20.jar (org.jetbrains.kotlin:kotlin-tooling-core:2.2.20) with ExternalDependencyInstrumentingArtifactTransform
Transforming bundletool-1.18.0.jar (com.android.tools.build:bundletool:1.18.0) with MergeInstrumentationAnalysisTransform
Transforming protobuf-java-util-3.25.5.jar (com.google.protobuf:protobuf-java-util:3.25.5) with InstrumentationAnalysisTransform
Transforming protobuf-java-util-3.25.5.jar (com.google.protobuf:protobuf-java-util:3.25.5) with MergeInstrumentationAnalysisTransform
Transforming bundletool-1.18.0.jar (com.android.tools.build:bundletool:1.18.0) with ExternalDependencyInstrumentingArtifactTransform
Transforming grpc-netty-1.69.1.jar (io.grpc:grpc-netty:1.69.1) with InstrumentationAnalysisTransform
Transforming grpc-netty-1.69.1.jar (io.grpc:grpc-netty:1.69.1) with MergeInstrumentationAnalysisTransform
Transforming grpc-inprocess-1.69.1.jar (io.grpc:grpc-inprocess:1.69.1) with InstrumentationAnalysisTransform
Transforming protobuf-java-util-3.25.5.jar (com.google.protobuf:protobuf-java-util:3.25.5) with ExternalDependencyInstrumentingArtifactTransform
Transforming grpc-inprocess-1.69.1.jar (io.grpc:grpc-inprocess:1.69.1) with MergeInstrumentationAnalysisTransform
Transforming grpc-util-1.69.1.jar (io.grpc:grpc-util:1.69.1) with InstrumentationAnalysisTransform
Transforming grpc-netty-1.69.1.jar (io.grpc:grpc-netty:1.69.1) with ExternalDependencyInstrumentingArtifactTransform
Transforming grpc-util-1.69.1.jar (io.grpc:grpc-util:1.69.1) with MergeInstrumentationAnalysisTransform
Transforming grpc-inprocess-1.69.1.jar (io.grpc:grpc-inprocess:1.69.1) with ExternalDependencyInstrumentingArtifactTransform
Transforming grpc-core-1.69.1.jar (io.grpc:grpc-core:1.69.1) with InstrumentationAnalysisTransform
Transforming grpc-core-1.69.1.jar (io.grpc:grpc-core:1.69.1) with MergeInstrumentationAnalysisTransform
Transforming tink-1.7.0.jar (com.google.crypto.tink:tink:1.7.0) with InstrumentationAnalysisTransform
Transforming grpc-util-1.69.1.jar (io.grpc:grpc-util:1.69.1) with ExternalDependencyInstrumentingArtifactTransform
Transforming tink-1.7.0.jar (com.google.crypto.tink:tink:1.7.0) with MergeInstrumentationAnalysisTransform
Transforming grpc-core-1.69.1.jar (io.grpc:grpc-core:1.69.1) with ExternalDependencyInstrumentingArtifactTransform
Transforming gson-2.11.0.jar (com.google.code.gson:gson:2.11.0) with InstrumentationAnalysisTransform
Transforming gson-2.11.0.jar (com.google.code.gson:gson:2.11.0) with MergeInstrumentationAnalysisTransform
Transforming kotlin-util-klib-2.2.20.jar (org.jetbrains.kotlin:kotlin-util-klib:2.2.20) with InstrumentationAnalysisTransform
Transforming kotlin-util-klib-2.2.20.jar (org.jetbrains.kotlin:kotlin-util-klib:2.2.20) with MergeInstrumentationAnalysisTransform
Transforming kotlin-util-io-2.2.20.jar (org.jetbrains.kotlin:kotlin-util-io:2.2.20) with InstrumentationAnalysisTransform
Transforming tink-1.7.0.jar (com.google.crypto.tink:tink:1.7.0) with ExternalDependencyInstrumentingArtifactTransform
Transforming kotlin-util-io-2.2.20.jar (org.jetbrains.kotlin:kotlin-util-io:2.2.20) with MergeInstrumentationAnalysisTransform
Transforming kotlin-daemon-client-2.2.20.jar (org.jetbrains.kotlin:kotlin-daemon-client:2.2.20) with InstrumentationAnalysisTransform
Transforming gson-2.11.0.jar (com.google.code.gson:gson:2.11.0) with ExternalDependencyInstrumentingArtifactTransform
Transforming kotlin-util-klib-2.2.20.jar (org.jetbrains.kotlin:kotlin-util-klib:2.2.20) with ExternalDependencyInstrumentingArtifactTransform
Transforming kotlin-daemon-client-2.2.20.jar (org.jetbrains.kotlin:kotlin-daemon-client:2.2.20) with MergeInstrumentationAnalysisTransform
Transforming kotlinx-coroutines-core-jvm-1.8.0.jar (org.jetbrains.kotlinx:kotlinx-coroutines-core-jvm:1.8.0) with InstrumentationAnalysisTransform
Transforming kotlin-util-io-2.2.20.jar (org.jetbrains.kotlin:kotlin-util-io:2.2.20) with ExternalDependencyInstrumentingArtifactTransform
Transforming kotlinx-coroutines-core-jvm-1.8.0.jar (org.jetbrains.kotlinx:kotlinx-coroutines-core-jvm:1.8.0) with MergeInstrumentationAnalysisTransform
Transforming aapt2-proto-8.10.1-12782657.jar (com.android.tools.build:aapt2-proto:8.10.1-12782657) with InstrumentationAnalysisTransform
Transforming kotlin-daemon-client-2.2.20.jar (org.jetbrains.kotlin:kotlin-daemon-client:2.2.20) with ExternalDependencyInstrumentingArtifactTransform
Transforming aapt2-proto-8.10.1-12782657.jar (com.android.tools.build:aapt2-proto:8.10.1-12782657) with MergeInstrumentationAnalysisTransform
Transforming crash-31.10.1.jar (com.android.tools.analytics-library:crash:31.10.1) with InstrumentationAnalysisTransform
Transforming kotlinx-coroutines-core-jvm-1.8.0.jar (org.jetbrains.kotlinx:kotlinx-coroutines-core-jvm:1.8.0) with ExternalDependencyInstrumentingArtifactTransform
Transforming crash-31.10.1.jar (com.android.tools.analytics-library:crash:31.10.1) with MergeInstrumentationAnalysisTransform
Transforming lint-typedef-remover-31.10.1.jar (com.android.tools.lint:lint-typedef-remover:31.10.1) with InstrumentationAnalysisTransform
Transforming aapt2-proto-8.10.1-12782657.jar (com.android.tools.build:aapt2-proto:8.10.1-12782657) with ExternalDependencyInstrumentingArtifactTransform
Transforming lint-typedef-remover-31.10.1.jar (com.android.tools.lint:lint-typedef-remover:31.10.1) with MergeInstrumentationAnalysisTransform
Transforming databinding-common-8.10.1.jar (androidx.databinding:databinding-common:8.10.1) with InstrumentationAnalysisTransform
Transforming databinding-common-8.10.1.jar (androidx.databinding:databinding-common:8.10.1) with MergeInstrumentationAnalysisTransform
Transforming baseLibrary-8.10.1.jar (com.android.databinding:baseLibrary:8.10.1) with InstrumentationAnalysisTransform
Transforming crash-31.10.1.jar (com.android.tools.analytics-library:crash:31.10.1) with ExternalDependencyInstrumentingArtifactTransform
Transforming baseLibrary-8.10.1.jar (com.android.databinding:baseLibrary:8.10.1) with MergeInstrumentationAnalysisTransform
Transforming lint-typedef-remover-31.10.1.jar (com.android.tools.lint:lint-typedef-remover:31.10.1) with ExternalDependencyInstrumentingArtifactTransform
Transforming android-device-provider-ddmlib-proto-31.10.1.jar (com.android.tools.utp:android-device-provider-ddmlib-proto:31.10.1) with InstrumentationAnalysisTransform
Transforming android-device-provider-ddmlib-proto-31.10.1.jar (com.android.tools.utp:android-device-provider-ddmlib-proto:31.10.1) with MergeInstrumentationAnalysisTransform
Transforming android-device-provider-gradle-proto-31.10.1.jar (com.android.tools.utp:android-device-provider-gradle-proto:31.10.1) with InstrumentationAnalysisTransform
Transforming baseLibrary-8.10.1.jar (com.android.databinding:baseLibrary:8.10.1) with ExternalDependencyInstrumentingArtifactTransform
Transforming android-device-provider-gradle-proto-31.10.1.jar (com.android.tools.utp:android-device-provider-gradle-proto:31.10.1) with MergeInstrumentationAnalysisTransform
Transforming databinding-common-8.10.1.jar (androidx.databinding:databinding-common:8.10.1) with ExternalDependencyInstrumentingArtifactTransform
Transforming android-device-provider-ddmlib-proto-31.10.1.jar (com.android.tools.utp:android-device-provider-ddmlib-proto:31.10.1) with ExternalDependencyInstrumentingArtifactTransform
Transforming android-device-provider-profile-proto-31.10.1.jar (com.android.tools.utp:android-device-provider-profile-proto:31.10.1) with InstrumentationAnalysisTransform
Transforming android-device-provider-gradle-proto-31.10.1.jar (com.android.tools.utp:android-device-provider-gradle-proto:31.10.1) with ExternalDependencyInstrumentingArtifactTransform
Transforming android-device-provider-profile-proto-31.10.1.jar (com.android.tools.utp:android-device-provider-profile-proto:31.10.1) with MergeInstrumentationAnalysisTransform
Transforming android-test-plugin-host-additional-test-output-proto-31.10.1.jar (com.android.tools.utp:android-test-plugin-host-additional-test-output-proto:31.10.1) with InstrumentationAnalysisTransform
Transforming android-test-plugin-host-additional-test-output-proto-31.10.1.jar (com.android.tools.utp:android-test-plugin-host-additional-test-output-proto:31.10.1) with MergeInstrumentationAnalysisTransform
Transforming android-device-provider-profile-proto-31.10.1.jar (com.android.tools.utp:android-device-provider-profile-proto:31.10.1) with ExternalDependencyInstrumentingArtifactTransform
Transforming android-test-plugin-host-coverage-proto-31.10.1.jar (com.android.tools.utp:android-test-plugin-host-coverage-proto:31.10.1) with InstrumentationAnalysisTransform
Transforming android-test-plugin-host-coverage-proto-31.10.1.jar (com.android.tools.utp:android-test-plugin-host-coverage-proto:31.10.1) with MergeInstrumentationAnalysisTransform
Transforming android-test-plugin-host-logcat-proto-31.10.1.jar (com.android.tools.utp:android-test-plugin-host-logcat-proto:31.10.1) with InstrumentationAnalysisTransform
Transforming android-test-plugin-host-logcat-proto-31.10.1.jar (com.android.tools.utp:android-test-plugin-host-logcat-proto:31.10.1) with MergeInstrumentationAnalysisTransform
Transforming android-test-plugin-host-apk-installer-proto-31.10.1.jar (com.android.tools.utp:android-test-plugin-host-apk-installer-proto:31.10.1) with InstrumentationAnalysisTransform
Transforming android-test-plugin-host-apk-installer-proto-31.10.1.jar (com.android.tools.utp:android-test-plugin-host-apk-installer-proto:31.10.1) with MergeInstrumentationAnalysisTransform
Transforming transform-api-2.0.0-deprecated-use-gradle-api.jar (com.android.tools.build:transform-api:2.0.0-deprecated-use-gradle-api) with InstrumentationAnalysisTransform
Transforming android-test-plugin-host-additional-test-output-proto-31.10.1.jar (com.android.tools.utp:android-test-plugin-host-additional-test-output-proto:31.10.1) with ExternalDependencyInstrumentingArtifactTransform
Transforming android-test-plugin-host-coverage-proto-31.10.1.jar (com.android.tools.utp:android-test-plugin-host-coverage-proto:31.10.1) with ExternalDependencyInstrumentingArtifactTransform
Transforming transform-api-2.0.0-deprecated-use-gradle-api.jar (com.android.tools.build:transform-api:2.0.0-deprecated-use-gradle-api) with MergeInstrumentationAnalysisTransform
Transforming httpmime-4.5.6.jar (org.apache.httpcomponents:httpmime:4.5.6) with InstrumentationAnalysisTransform
Transforming android-test-plugin-host-logcat-proto-31.10.1.jar (com.android.tools.utp:android-test-plugin-host-logcat-proto:31.10.1) with ExternalDependencyInstrumentingArtifactTransform
Transforming android-test-plugin-host-apk-installer-proto-31.10.1.jar (com.android.tools.utp:android-test-plugin-host-apk-installer-proto:31.10.1) with ExternalDependencyInstrumentingArtifactTransform
Transforming httpmime-4.5.6.jar (org.apache.httpcomponents:httpmime:4.5.6) with MergeInstrumentationAnalysisTransform
Transforming commons-io-2.16.1.jar (commons-io:commons-io:2.16.1) with InstrumentationAnalysisTransform
Transforming commons-io-2.16.1.jar (commons-io:commons-io:2.16.1) with MergeInstrumentationAnalysisTransform
Transforming transform-api-2.0.0-deprecated-use-gradle-api.jar (com.android.tools.build:transform-api:2.0.0-deprecated-use-gradle-api) with ExternalDependencyInstrumentingArtifactTransform
Transforming asm-commons-9.7.1.jar (org.ow2.asm:asm-commons:9.7.1) with InstrumentationAnalysisTransform
Transforming asm-commons-9.7.1.jar (org.ow2.asm:asm-commons:9.7.1) with MergeInstrumentationAnalysisTransform
Transforming asm-util-9.7.1.jar (org.ow2.asm:asm-util:9.7.1) with InstrumentationAnalysisTransform
Transforming asm-util-9.7.1.jar (org.ow2.asm:asm-util:9.7.1) with MergeInstrumentationAnalysisTransform
Transforming httpmime-4.5.6.jar (org.apache.httpcomponents:httpmime:4.5.6) with ExternalDependencyInstrumentingArtifactTransform
Transforming asm-analysis-9.7.1.jar (org.ow2.asm:asm-analysis:9.7.1) with InstrumentationAnalysisTransform
Transforming commons-io-2.16.1.jar (commons-io:commons-io:2.16.1) with ExternalDependencyInstrumentingArtifactTransform
Transforming asm-analysis-9.7.1.jar (org.ow2.asm:asm-analysis:9.7.1) with MergeInstrumentationAnalysisTransform
Transforming asm-tree-9.7.1.jar (org.ow2.asm:asm-tree:9.7.1) with InstrumentationAnalysisTransform
Transforming asm-commons-9.7.1.jar (org.ow2.asm:asm-commons:9.7.1) with ExternalDependencyInstrumentingArtifactTransform
Transforming asm-tree-9.7.1.jar (org.ow2.asm:asm-tree:9.7.1) with MergeInstrumentationAnalysisTransform
Transforming asm-9.7.1.jar (org.ow2.asm:asm:9.7.1) with InstrumentationAnalysisTransform
Transforming asm-9.7.1.jar (org.ow2.asm:asm:9.7.1) with MergeInstrumentationAnalysisTransform
Transforming apkzlib-8.10.1.jar (com.android.tools.build:apkzlib:8.10.1) with InstrumentationAnalysisTransform
Transforming apkzlib-8.10.1.jar (com.android.tools.build:apkzlib:8.10.1) with MergeInstrumentationAnalysisTransform
Transforming asm-util-9.7.1.jar (org.ow2.asm:asm-util:9.7.1) with ExternalDependencyInstrumentingArtifactTransform
Transforming bcpkix-jdk18on-1.79.jar (org.bouncycastle:bcpkix-jdk18on:1.79) with InstrumentationAnalysisTransform
Transforming asm-analysis-9.7.1.jar (org.ow2.asm:asm-analysis:9.7.1) with ExternalDependencyInstrumentingArtifactTransform
Transforming bcpkix-jdk18on-1.79.jar (org.bouncycastle:bcpkix-jdk18on:1.79) with MergeInstrumentationAnalysisTransform
Transforming jaxb-runtime-2.3.2.jar (org.glassfish.jaxb:jaxb-runtime:2.3.2) with InstrumentationAnalysisTransform
Transforming asm-tree-9.7.1.jar (org.ow2.asm:asm-tree:9.7.1) with ExternalDependencyInstrumentingArtifactTransform
Transforming jaxb-runtime-2.3.2.jar (org.glassfish.jaxb:jaxb-runtime:2.3.2) with MergeInstrumentationAnalysisTransform
Transforming jopt-simple-4.9.jar (net.sf.jopt-simple:jopt-simple:4.9) with InstrumentationAnalysisTransform
Transforming jopt-simple-4.9.jar (net.sf.jopt-simple:jopt-simple:4.9) with MergeInstrumentationAnalysisTransform
Transforming javapoet-1.10.0.jar (com.squareup:javapoet:1.10.0) with InstrumentationAnalysisTransform
Transforming javapoet-1.10.0.jar (com.squareup:javapoet:1.10.0) with MergeInstrumentationAnalysisTransform
Transforming grpc-protobuf-1.69.1.jar (io.grpc:grpc-protobuf:1.69.1) with InstrumentationAnalysisTransform
Transforming grpc-protobuf-1.69.1.jar (io.grpc:grpc-protobuf:1.69.1) with MergeInstrumentationAnalysisTransform
Transforming asm-9.7.1.jar (org.ow2.asm:asm:9.7.1) with ExternalDependencyInstrumentingArtifactTransform
Transforming core-proto-0.0.9-alpha03.jar (com.google.testing.platform:core-proto:0.0.9-alpha03) with InstrumentationAnalysisTransform
Transforming apkzlib-8.10.1.jar (com.android.tools.build:apkzlib:8.10.1) with ExternalDependencyInstrumentingArtifactTransform
Transforming core-proto-0.0.9-alpha03.jar (com.google.testing.platform:core-proto:0.0.9-alpha03) with MergeInstrumentationAnalysisTransform
Transforming bcpkix-jdk18on-1.79.jar (org.bouncycastle:bcpkix-jdk18on:1.79) with ExternalDependencyInstrumentingArtifactTransform
Transforming protos-31.10.1.jar (com.android.tools.analytics-library:protos:31.10.1) with InstrumentationAnalysisTransform
Transforming protos-31.10.1.jar (com.android.tools.analytics-library:protos:31.10.1) with MergeInstrumentationAnalysisTransform
Transforming proto-google-common-protos-2.48.0.jar (com.google.api.grpc:proto-google-common-protos:2.48.0) with InstrumentationAnalysisTransform
Transforming proto-google-common-protos-2.48.0.jar (com.google.api.grpc:proto-google-common-protos:2.48.0) with MergeInstrumentationAnalysisTransform
Transforming protobuf-java-3.25.5.jar (com.google.protobuf:protobuf-java:3.25.5) with InstrumentationAnalysisTransform
Transforming protobuf-java-3.25.5.jar (com.google.protobuf:protobuf-java:3.25.5) with MergeInstrumentationAnalysisTransform
Transforming jaxb-runtime-2.3.2.jar (org.glassfish.jaxb:jaxb-runtime:2.3.2) with ExternalDependencyInstrumentingArtifactTransform
Transforming grpc-stub-1.69.1.jar (io.grpc:grpc-stub:1.69.1) with InstrumentationAnalysisTransform
Transforming jopt-simple-4.9.jar (net.sf.jopt-simple:jopt-simple:4.9) with ExternalDependencyInstrumentingArtifactTransform
Transforming grpc-stub-1.69.1.jar (io.grpc:grpc-stub:1.69.1) with MergeInstrumentationAnalysisTransform
Transforming tensorflow-lite-metadata-0.2.0.jar (org.tensorflow:tensorflow-lite-metadata:0.2.0) with InstrumentationAnalysisTransform
Transforming tensorflow-lite-metadata-0.2.0.jar (org.tensorflow:tensorflow-lite-metadata:0.2.0) with MergeInstrumentationAnalysisTransform
Transforming flatbuffers-java-1.12.0.jar (com.google.flatbuffers:flatbuffers-java:1.12.0) with InstrumentationAnalysisTransform
Transforming javapoet-1.10.0.jar (com.squareup:javapoet:1.10.0) with ExternalDependencyInstrumentingArtifactTransform
Transforming flatbuffers-java-1.12.0.jar (com.google.flatbuffers:flatbuffers-java:1.12.0) with MergeInstrumentationAnalysisTransform
Transforming jimfs-1.1.jar (com.google.jimfs:jimfs:1.1) with InstrumentationAnalysisTransform
Transforming jimfs-1.1.jar (com.google.jimfs:jimfs:1.1) with MergeInstrumentationAnalysisTransform
Transforming grpc-protobuf-1.69.1.jar (io.grpc:grpc-protobuf:1.69.1) with ExternalDependencyInstrumentingArtifactTransform
Transforming core-proto-0.0.9-alpha03.jar (com.google.testing.platform:core-proto:0.0.9-alpha03) with ExternalDependencyInstrumentingArtifactTransform
Transforming grpc-context-1.69.1.jar (io.grpc:grpc-context:1.69.1) with InstrumentationAnalysisTransform
Transforming grpc-context-1.69.1.jar (io.grpc:grpc-context:1.69.1) with MergeInstrumentationAnalysisTransform
Transforming grpc-protobuf-lite-1.69.1.jar (io.grpc:grpc-protobuf-lite:1.69.1) with InstrumentationAnalysisTransform
Transforming grpc-protobuf-lite-1.69.1.jar (io.grpc:grpc-protobuf-lite:1.69.1) with MergeInstrumentationAnalysisTransform
Transforming grpc-api-1.69.1.jar (io.grpc:grpc-api:1.69.1) with InstrumentationAnalysisTransform
Transforming grpc-api-1.69.1.jar (io.grpc:grpc-api:1.69.1) with MergeInstrumentationAnalysisTransform
Transforming protos-31.10.1.jar (com.android.tools.analytics-library:protos:31.10.1) with ExternalDependencyInstrumentingArtifactTransform
Transforming guava-33.3.1-jre.jar (com.google.guava:guava:33.3.1-jre) with InstrumentationAnalysisTransform
Transforming guava-33.3.1-jre.jar (com.google.guava:guava:33.3.1-jre) with MergeInstrumentationAnalysisTransform
Transforming error_prone_annotations-2.30.0.jar (com.google.errorprone:error_prone_annotations:2.30.0) with InstrumentationAnalysisTransform
Transforming proto-google-common-protos-2.48.0.jar (com.google.api.grpc:proto-google-common-protos:2.48.0) with ExternalDependencyInstrumentingArtifactTransform
Transforming protobuf-java-3.25.5.jar (com.google.protobuf:protobuf-java:3.25.5) with ExternalDependencyInstrumentingArtifactTransform
Transforming error_prone_annotations-2.30.0.jar (com.google.errorprone:error_prone_annotations:2.30.0) with MergeInstrumentationAnalysisTransform
Transforming dagger-2.28.3.jar (com.google.dagger:dagger:2.28.3) with InstrumentationAnalysisTransform
Transforming dagger-2.28.3.jar (com.google.dagger:dagger:2.28.3) with MergeInstrumentationAnalysisTransform
Transforming javax.inject-1.jar (javax.inject:javax.inject:1) with InstrumentationAnalysisTransform
Transforming javax.inject-1.jar (javax.inject:javax.inject:1) with MergeInstrumentationAnalysisTransform
Transforming grpc-stub-1.69.1.jar (io.grpc:grpc-stub:1.69.1) with ExternalDependencyInstrumentingArtifactTransform
Transforming kxml2-2.3.0.jar (net.sf.kxml:kxml2:2.3.0) with InstrumentationAnalysisTransform
Transforming kxml2-2.3.0.jar (net.sf.kxml:kxml2:2.3.0) with MergeInstrumentationAnalysisTransform
Transforming commons-compress-1.21.jar (org.apache.commons:commons-compress:1.21) with InstrumentationAnalysisTransform
Transforming commons-compress-1.21.jar (org.apache.commons:commons-compress:1.21) with MergeInstrumentationAnalysisTransform
Transforming tensorflow-lite-metadata-0.2.0.jar (org.tensorflow:tensorflow-lite-metadata:0.2.0) with ExternalDependencyInstrumentingArtifactTransform
Transforming flatbuffers-java-1.12.0.jar (com.google.flatbuffers:flatbuffers-java:1.12.0) with ExternalDependencyInstrumentingArtifactTransform
Transforming bcutil-jdk18on-1.79.jar (org.bouncycastle:bcutil-jdk18on:1.79) with InstrumentationAnalysisTransform
Transforming bcutil-jdk18on-1.79.jar (org.bouncycastle:bcutil-jdk18on:1.79) with MergeInstrumentationAnalysisTransform
Transforming jimfs-1.1.jar (com.google.jimfs:jimfs:1.1) with ExternalDependencyInstrumentingArtifactTransform
Transforming bcprov-jdk18on-1.79.jar (org.bouncycastle:bcprov-jdk18on:1.79) with InstrumentationAnalysisTransform
Transforming bcprov-jdk18on-1.79.jar (org.bouncycastle:bcprov-jdk18on:1.79) with MergeInstrumentationAnalysisTransform
Transforming httpclient-4.5.14.jar (org.apache.httpcomponents:httpclient:4.5.14) with InstrumentationAnalysisTransform
Transforming httpclient-4.5.14.jar (org.apache.httpcomponents:httpclient:4.5.14) with MergeInstrumentationAnalysisTransform
Transforming httpcore-4.4.16.jar (org.apache.httpcomponents:httpcore:4.4.16) with InstrumentationAnalysisTransform
Transforming httpcore-4.4.16.jar (org.apache.httpcomponents:httpcore:4.4.16) with MergeInstrumentationAnalysisTransform
Transforming javax.activation-1.2.0.jar (com.sun.activation:javax.activation:1.2.0) with InstrumentationAnalysisTransform
Transforming grpc-protobuf-lite-1.69.1.jar (io.grpc:grpc-protobuf-lite:1.69.1) with ExternalDependencyInstrumentingArtifactTransform
Transforming grpc-api-1.69.1.jar (io.grpc:grpc-api:1.69.1) with ExternalDependencyInstrumentingArtifactTransform
Transforming guava-33.3.1-jre.jar (com.google.guava:guava:33.3.1-jre) with ExternalDependencyInstrumentingArtifactTransform
Transforming javax.inject-1.jar (javax.inject:javax.inject:1) with ExternalDependencyInstrumentingArtifactTransform
Transforming dagger-2.28.3.jar (com.google.dagger:dagger:2.28.3) with ExternalDependencyInstrumentingArtifactTransform
Transforming commons-compress-1.21.jar (org.apache.commons:commons-compress:1.21) with ExternalDependencyInstrumentingArtifactTransform
Transforming bcprov-jdk18on-1.79.jar (org.bouncycastle:bcprov-jdk18on:1.79) with ExternalDependencyInstrumentingArtifactTransform
Transforming httpcore-4.4.16.jar (org.apache.httpcomponents:httpcore:4.4.16) with ExternalDependencyInstrumentingArtifactTransform
Transforming grpc-context-1.69.1.jar (io.grpc:grpc-context:1.69.1) with ExternalDependencyInstrumentingArtifactTransform
Transforming httpclient-4.5.14.jar (org.apache.httpcomponents:httpclient:4.5.14) with ExternalDependencyInstrumentingArtifactTransform
Transforming bcutil-jdk18on-1.79.jar (org.bouncycastle:bcutil-jdk18on:1.79) with ExternalDependencyInstrumentingArtifactTransform
Transforming error_prone_annotations-2.30.0.jar (com.google.errorprone:error_prone_annotations:2.30.0) with ExternalDependencyInstrumentingArtifactTransform
Transforming kxml2-2.3.0.jar (net.sf.kxml:kxml2:2.3.0) with ExternalDependencyInstrumentingArtifactTransform
Transforming javax.activation-1.2.0.jar (com.sun.activation:javax.activation:1.2.0) with MergeInstrumentationAnalysisTransform
Transforming signflinger-8.10.1.jar (com.android:signflinger:8.10.1) with InstrumentationAnalysisTransform
Transforming signflinger-8.10.1.jar (com.android:signflinger:8.10.1) with MergeInstrumentationAnalysisTransform
Transforming zipflinger-8.10.1.jar (com.android:zipflinger:8.10.1) with InstrumentationAnalysisTransform
Transforming javax.activation-1.2.0.jar (com.sun.activation:javax.activation:1.2.0) with ExternalDependencyInstrumentingArtifactTransform
Transforming zipflinger-8.10.1.jar (com.android:zipflinger:8.10.1) with MergeInstrumentationAnalysisTransform
Transforming annotations-31.10.1.jar (com.android.tools:annotations:31.10.1) with InstrumentationAnalysisTransform
Transforming signflinger-8.10.1.jar (com.android:signflinger:8.10.1) with ExternalDependencyInstrumentingArtifactTransform
Transforming annotations-31.10.1.jar (com.android.tools:annotations:31.10.1) with MergeInstrumentationAnalysisTransform
Transforming jna-platform-5.6.0.jar (net.java.dev.jna:jna-platform:5.6.0) with InstrumentationAnalysisTransform
Transforming annotations-31.10.1.jar (com.android.tools:annotations:31.10.1) with ExternalDependencyInstrumentingArtifactTransform
Transforming zipflinger-8.10.1.jar (com.android:zipflinger:8.10.1) with ExternalDependencyInstrumentingArtifactTransform
Transforming jna-platform-5.6.0.jar (net.java.dev.jna:jna-platform:5.6.0) with MergeInstrumentationAnalysisTransform
Transforming juniversalchardet-1.0.3.jar (com.googlecode.juniversalchardet:juniversalchardet:1.0.3) with InstrumentationAnalysisTransform
Transforming juniversalchardet-1.0.3.jar (com.googlecode.juniversalchardet:juniversalchardet:1.0.3) with MergeInstrumentationAnalysisTransform
Transforming javax.annotation-api-1.3.2.jar (javax.annotation:javax.annotation-api:1.3.2) with InstrumentationAnalysisTransform
Transforming jna-platform-5.6.0.jar (net.java.dev.jna:jna-platform:5.6.0) with ExternalDependencyInstrumentingArtifactTransform
Transforming javax.annotation-api-1.3.2.jar (javax.annotation:javax.annotation-api:1.3.2) with MergeInstrumentationAnalysisTransform
Transforming stax-ex-1.8.1.jar (org.jvnet.staxex:stax-ex:1.8.1) with InstrumentationAnalysisTransform
Transforming stax-ex-1.8.1.jar (org.jvnet.staxex:stax-ex:1.8.1) with MergeInstrumentationAnalysisTransform
Transforming jakarta.xml.bind-api-2.3.2.jar (jakarta.xml.bind:jakarta.xml.bind-api:2.3.2) with InstrumentationAnalysisTransform
Transforming jakarta.xml.bind-api-2.3.2.jar (jakarta.xml.bind:jakarta.xml.bind-api:2.3.2) with MergeInstrumentationAnalysisTransform
Transforming txw2-2.3.2.jar (org.glassfish.jaxb:txw2:2.3.2) with InstrumentationAnalysisTransform
Transforming txw2-2.3.2.jar (org.glassfish.jaxb:txw2:2.3.2) with MergeInstrumentationAnalysisTransform
Transforming istack-commons-runtime-3.0.8.jar (com.sun.istack:istack-commons-runtime:3.0.8) with InstrumentationAnalysisTransform
Transforming juniversalchardet-1.0.3.jar (com.googlecode.juniversalchardet:juniversalchardet:1.0.3) with ExternalDependencyInstrumentingArtifactTransform
Transforming javax.annotation-api-1.3.2.jar (javax.annotation:javax.annotation-api:1.3.2) with ExternalDependencyInstrumentingArtifactTransform
Transforming stax-ex-1.8.1.jar (org.jvnet.staxex:stax-ex:1.8.1) with ExternalDependencyInstrumentingArtifactTransform
Transforming jakarta.xml.bind-api-2.3.2.jar (jakarta.xml.bind:jakarta.xml.bind-api:2.3.2) with ExternalDependencyInstrumentingArtifactTransform
Transforming istack-commons-runtime-3.0.8.jar (com.sun.istack:istack-commons-runtime:3.0.8) with MergeInstrumentationAnalysisTransform
Transforming FastInfoset-1.2.16.jar (com.sun.xml.fastinfoset:FastInfoset:1.2.16) with InstrumentationAnalysisTransform
Transforming txw2-2.3.2.jar (org.glassfish.jaxb:txw2:2.3.2) with ExternalDependencyInstrumentingArtifactTransform
Transforming FastInfoset-1.2.16.jar (com.sun.xml.fastinfoset:FastInfoset:1.2.16) with MergeInstrumentationAnalysisTransform
Transforming jakarta.activation-api-1.2.1.jar (jakarta.activation:jakarta.activation-api:1.2.1) with InstrumentationAnalysisTransform
Transforming jakarta.activation-api-1.2.1.jar (jakarta.activation:jakarta.activation-api:1.2.1) with MergeInstrumentationAnalysisTransform
Transforming auto-value-annotations-1.6.2.jar (com.google.auto.value:auto-value-annotations:1.6.2) with InstrumentationAnalysisTransform
Transforming auto-value-annotations-1.6.2.jar (com.google.auto.value:auto-value-annotations:1.6.2) with MergeInstrumentationAnalysisTransform
Transforming istack-commons-runtime-3.0.8.jar (com.sun.istack:istack-commons-runtime:3.0.8) with ExternalDependencyInstrumentingArtifactTransform
Transforming jose4j-0.9.5.jar (org.bitbucket.b_c:jose4j:0.9.5) with InstrumentationAnalysisTransform
Transforming jakarta.activation-api-1.2.1.jar (jakarta.activation:jakarta.activation-api:1.2.1) with ExternalDependencyInstrumentingArtifactTransform
Transforming jose4j-0.9.5.jar (org.bitbucket.b_c:jose4j:0.9.5) with MergeInstrumentationAnalysisTransform
Transforming slf4j-api-1.7.30.jar (org.slf4j:slf4j-api:1.7.30) with InstrumentationAnalysisTransform
Transforming FastInfoset-1.2.16.jar (com.sun.xml.fastinfoset:FastInfoset:1.2.16) with ExternalDependencyInstrumentingArtifactTransform
Transforming auto-value-annotations-1.6.2.jar (com.google.auto.value:auto-value-annotations:1.6.2) with ExternalDependencyInstrumentingArtifactTransform
Transforming slf4j-api-1.7.30.jar (org.slf4j:slf4j-api:1.7.30) with MergeInstrumentationAnalysisTransform
Transforming jose4j-0.9.5.jar (org.bitbucket.b_c:jose4j:0.9.5) with ExternalDependencyInstrumentingArtifactTransform
Transforming jdom2-2.0.6.jar (org.jdom:jdom2:2.0.6) with InstrumentationAnalysisTransform
Transforming jdom2-2.0.6.jar (org.jdom:jdom2:2.0.6) with MergeInstrumentationAnalysisTransform
Transforming jsr305-3.0.2.jar (com.google.code.findbugs:jsr305:3.0.2) with InstrumentationAnalysisTransform
Transforming jsr305-3.0.2.jar (com.google.code.findbugs:jsr305:3.0.2) with MergeInstrumentationAnalysisTransform
Transforming j2objc-annotations-3.0.0.jar (com.google.j2objc:j2objc-annotations:3.0.0) with InstrumentationAnalysisTransform
Transforming j2objc-annotations-3.0.0.jar (com.google.j2objc:j2objc-annotations:3.0.0) with MergeInstrumentationAnalysisTransform
Transforming annotations-4.1.1.4.jar (com.google.android:annotations:4.1.1.4) with InstrumentationAnalysisTransform
Transforming slf4j-api-1.7.30.jar (org.slf4j:slf4j-api:1.7.30) with ExternalDependencyInstrumentingArtifactTransform
Transforming annotations-4.1.1.4.jar (com.google.android:annotations:4.1.1.4) with MergeInstrumentationAnalysisTransform
Transforming jsr305-3.0.2.jar (com.google.code.findbugs:jsr305:3.0.2) with ExternalDependencyInstrumentingArtifactTransform
Transforming animal-sniffer-annotations-1.24.jar (org.codehaus.mojo:animal-sniffer-annotations:1.24) with InstrumentationAnalysisTransform
Transforming jdom2-2.0.6.jar (org.jdom:jdom2:2.0.6) with ExternalDependencyInstrumentingArtifactTransform
Transforming animal-sniffer-annotations-1.24.jar (org.codehaus.mojo:animal-sniffer-annotations:1.24) with MergeInstrumentationAnalysisTransform
Transforming j2objc-annotations-3.0.0.jar (com.google.j2objc:j2objc-annotations:3.0.0) with ExternalDependencyInstrumentingArtifactTransform
Transforming perfmark-api-0.27.0.jar (io.perfmark:perfmark-api:0.27.0) with InstrumentationAnalysisTransform
Transforming perfmark-api-0.27.0.jar (io.perfmark:perfmark-api:0.27.0) with MergeInstrumentationAnalysisTransform
Transforming annotations-4.1.1.4.jar (com.google.android:annotations:4.1.1.4) with ExternalDependencyInstrumentingArtifactTransform
Transforming netty-codec-http2-4.1.110.Final.jar (io.netty:netty-codec-http2:4.1.110.Final) with InstrumentationAnalysisTransform
Transforming netty-codec-http2-4.1.110.Final.jar (io.netty:netty-codec-http2:4.1.110.Final) with MergeInstrumentationAnalysisTransform
Transforming netty-handler-proxy-4.1.110.Final.jar (io.netty:netty-handler-proxy:4.1.110.Final) with InstrumentationAnalysisTransform
Transforming animal-sniffer-annotations-1.24.jar (org.codehaus.mojo:animal-sniffer-annotations:1.24) with ExternalDependencyInstrumentingArtifactTransform
Transforming perfmark-api-0.27.0.jar (io.perfmark:perfmark-api:0.27.0) with ExternalDependencyInstrumentingArtifactTransform
Transforming netty-handler-proxy-4.1.110.Final.jar (io.netty:netty-handler-proxy:4.1.110.Final) with MergeInstrumentationAnalysisTransform
Transforming netty-codec-http-4.1.110.Final.jar (io.netty:netty-codec-http:4.1.110.Final) with InstrumentationAnalysisTransform
Transforming netty-codec-http-4.1.110.Final.jar (io.netty:netty-codec-http:4.1.110.Final) with MergeInstrumentationAnalysisTransform
Transforming netty-handler-4.1.110.Final.jar (io.netty:netty-handler:4.1.110.Final) with InstrumentationAnalysisTransform
Transforming netty-codec-http2-4.1.110.Final.jar (io.netty:netty-codec-http2:4.1.110.Final) with ExternalDependencyInstrumentingArtifactTransform
Transforming netty-handler-4.1.110.Final.jar (io.netty:netty-handler:4.1.110.Final) with MergeInstrumentationAnalysisTransform
Transforming netty-transport-native-unix-common-4.1.110.Final.jar (io.netty:netty-transport-native-unix-common:4.1.110.Final) with InstrumentationAnalysisTransform
Transforming netty-transport-native-unix-common-4.1.110.Final.jar (io.netty:netty-transport-native-unix-common:4.1.110.Final) with MergeInstrumentationAnalysisTransform
Transforming netty-codec-http-4.1.110.Final.jar (io.netty:netty-codec-http:4.1.110.Final) with ExternalDependencyInstrumentingArtifactTransform
Transforming netty-handler-proxy-4.1.110.Final.jar (io.netty:netty-handler-proxy:4.1.110.Final) with ExternalDependencyInstrumentingArtifactTransform
Transforming checker-qual-3.43.0.jar (org.checkerframework:checker-qual:3.43.0) with InstrumentationAnalysisTransform
Transforming netty-handler-4.1.110.Final.jar (io.netty:netty-handler:4.1.110.Final) with ExternalDependencyInstrumentingArtifactTransform
Transforming netty-transport-native-unix-common-4.1.110.Final.jar (io.netty:netty-transport-native-unix-common:4.1.110.Final) with ExternalDependencyInstrumentingArtifactTransform
Transforming checker-qual-3.43.0.jar (org.checkerframework:checker-qual:3.43.0) with MergeInstrumentationAnalysisTransform
Transforming apksig-8.10.1.jar (com.android.tools.build:apksig:8.10.1) with InstrumentationAnalysisTransform
Transforming apksig-8.10.1.jar (com.android.tools.build:apksig:8.10.1) with MergeInstrumentationAnalysisTransform
Transforming javawriter-2.5.0.jar (com.squareup:javawriter:2.5.0) with InstrumentationAnalysisTransform
Transforming javawriter-2.5.0.jar (com.squareup:javawriter:2.5.0) with MergeInstrumentationAnalysisTransform
Transforming failureaccess-1.0.2.jar (com.google.guava:failureaccess:1.0.2) with InstrumentationAnalysisTransform
Transforming checker-qual-3.43.0.jar (org.checkerframework:checker-qual:3.43.0) with ExternalDependencyInstrumentingArtifactTransform
Transforming failureaccess-1.0.2.jar (com.google.guava:failureaccess:1.0.2) with MergeInstrumentationAnalysisTransform
Transforming listenablefuture-9999.0-empty-to-avoid-conflict-with-guava.jar (com.google.guava:listenablefuture:9999.0-empty-to-avoid-conflict-with-guava) with InstrumentationAnalysisTransform
Transforming listenablefuture-9999.0-empty-to-avoid-conflict-with-guava.jar (com.google.guava:listenablefuture:9999.0-empty-to-avoid-conflict-with-guava) with MergeInstrumentationAnalysisTransform
Transforming javawriter-2.5.0.jar (com.squareup:javawriter:2.5.0) with ExternalDependencyInstrumentingArtifactTransform
Transforming failureaccess-1.0.2.jar (com.google.guava:failureaccess:1.0.2) with ExternalDependencyInstrumentingArtifactTransform
Transforming listenablefuture-9999.0-empty-to-avoid-conflict-with-guava.jar (com.google.guava:listenablefuture:9999.0-empty-to-avoid-conflict-with-guava) with ExternalDependencyInstrumentingArtifactTransform
Transforming apksig-8.10.1.jar (com.android.tools.build:apksig:8.10.1) with ExternalDependencyInstrumentingArtifactTransform
Transforming commons-logging-1.2.jar (commons-logging:commons-logging:1.2) with InstrumentationAnalysisTransform
Transforming commons-logging-1.2.jar (commons-logging:commons-logging:1.2) with MergeInstrumentationAnalysisTransform
Transforming commons-codec-1.11.jar (commons-codec:commons-codec:1.11) with InstrumentationAnalysisTransform
Transforming commons-codec-1.11.jar (commons-codec:commons-codec:1.11) with MergeInstrumentationAnalysisTransform
Transforming jna-5.6.0.jar (net.java.dev.jna:jna:5.6.0) with InstrumentationAnalysisTransform
Transforming jna-5.6.0.jar (net.java.dev.jna:jna:5.6.0) with MergeInstrumentationAnalysisTransform
Transforming netty-codec-socks-4.1.110.Final.jar (io.netty:netty-codec-socks:4.1.110.Final) with InstrumentationAnalysisTransform
Transforming netty-codec-socks-4.1.110.Final.jar (io.netty:netty-codec-socks:4.1.110.Final) with MergeInstrumentationAnalysisTransform
Transforming netty-codec-4.1.110.Final.jar (io.netty:netty-codec:4.1.110.Final) with InstrumentationAnalysisTransform
Transforming netty-codec-4.1.110.Final.jar (io.netty:netty-codec:4.1.110.Final) with MergeInstrumentationAnalysisTransform
Transforming netty-transport-4.1.110.Final.jar (io.netty:netty-transport:4.1.110.Final) with InstrumentationAnalysisTransform
Transforming commons-codec-1.11.jar (commons-codec:commons-codec:1.11) with ExternalDependencyInstrumentingArtifactTransform
Transforming netty-transport-4.1.110.Final.jar (io.netty:netty-transport:4.1.110.Final) with MergeInstrumentationAnalysisTransform
Transforming commons-logging-1.2.jar (commons-logging:commons-logging:1.2) with ExternalDependencyInstrumentingArtifactTransform
Transforming netty-buffer-4.1.110.Final.jar (io.netty:netty-buffer:4.1.110.Final) with InstrumentationAnalysisTransform
Transforming netty-codec-socks-4.1.110.Final.jar (io.netty:netty-codec-socks:4.1.110.Final) with ExternalDependencyInstrumentingArtifactTransform
Transforming netty-buffer-4.1.110.Final.jar (io.netty:netty-buffer:4.1.110.Final) with MergeInstrumentationAnalysisTransform
Transforming netty-resolver-4.1.110.Final.jar (io.netty:netty-resolver:4.1.110.Final) with InstrumentationAnalysisTransform
Transforming jna-5.6.0.jar (net.java.dev.jna:jna:5.6.0) with ExternalDependencyInstrumentingArtifactTransform
Transforming netty-resolver-4.1.110.Final.jar (io.netty:netty-resolver:4.1.110.Final) with MergeInstrumentationAnalysisTransform
Transforming netty-transport-4.1.110.Final.jar (io.netty:netty-transport:4.1.110.Final) with ExternalDependencyInstrumentingArtifactTransform
Transforming netty-buffer-4.1.110.Final.jar (io.netty:netty-buffer:4.1.110.Final) with ExternalDependencyInstrumentingArtifactTransform
Transforming netty-codec-4.1.110.Final.jar (io.netty:netty-codec:4.1.110.Final) with ExternalDependencyInstrumentingArtifactTransform
Transforming netty-common-4.1.110.Final.jar (io.netty:netty-common:4.1.110.Final) with InstrumentationAnalysisTransform
Transforming netty-common-4.1.110.Final.jar (io.netty:netty-common:4.1.110.Final) with MergeInstrumentationAnalysisTransform
Transforming netty-resolver-4.1.110.Final.jar (io.netty:netty-resolver:4.1.110.Final) with ExternalDependencyInstrumentingArtifactTransform
Transforming netty-common-4.1.110.Final.jar (io.netty:netty-common:4.1.110.Final) with ExternalDependencyInstrumentingArtifactTransform
Transforming plugins.jar (project :build-logic:plugins) with ProjectDependencyInstrumentingArtifactTransform
Transforming tools.jar (project :build-logic:tools) with ProjectDependencyInstrumentingArtifactTransform
Using default execution profile
Using Kotlin Gradle Plugin gradle811 variant
Detected Android Gradle Plugin compose compiler configuration
Detected Android Gradle Plugin compose compiler configuration
Detected Android Gradle Plugin compose compiler configuration
Detected Android Gradle Plugin compose compiler configuration
Detected Android Gradle Plugin compose compiler configuration
All projects evaluated.
Build cccc1b3c-fe02-4e74-a7bd-f659c5d4f643 is closed
Build 8e760dc7-1a26-4a01-9a45-8774d2f1bdf4 is closed
[Incubating] Problems report is available at: file:///home/lollerfirst/Signal-Android/build/reports/problems/problems-report.html

FAILURE: Build failed with an exception.

* What went wrong:
Cannot locate tasks that match ':app:assembleDebug' as project 'app' not found in root project 'Signal'.

* Try:
> Run gradlew projects to get a list of available projects.
> For more on name expansion, please refer to https://docs.gradle.org/8.11.1/userguide/command_line_interface.html#sec:name_abbreviation in the Gradle documentation.
> Run with --debug option to get more log output.
> Run with --scan to get full insights.
> Get more help at https://help.gradle.org.

* Exception is:
org.gradle.execution.ProjectSelectionException: Cannot locate tasks that match ':app:assembleDebug' as project 'app' not found in root project 'Signal'.
	at org.gradle.execution.selection.DefaultBuildTaskSelector.lambda$selectProject$2(DefaultBuildTaskSelector.java:180)
	at org.gradle.api.problems.internal.DefaultProblemReporter.throwing(DefaultProblemReporter.java:60)
	at org.gradle.execution.selection.DefaultBuildTaskSelector.selectProject(DefaultBuildTaskSelector.java:177)
	at org.gradle.execution.selection.DefaultBuildTaskSelector.resolveProject(DefaultBuildTaskSelector.java:135)
	at org.gradle.execution.selection.DefaultBuildTaskSelector.resolveTaskName(DefaultBuildTaskSelector.java:107)
	at org.gradle.execution.commandline.CommandLineTaskParser.parseTasks(CommandLineTaskParser.java:49)
	at org.gradle.execution.TaskNameResolvingBuildTaskScheduler.scheduleRequestedTasks(TaskNameResolvingBuildTaskScheduler.java:51)
	at org.gradle.execution.DefaultTasksBuildTaskScheduler.scheduleRequestedTasks(DefaultTasksBuildTaskScheduler.java:72)
	at org.gradle.initialization.DefaultTaskExecutionPreparer.lambda$scheduleRequestedTasks$0(DefaultTaskExecutionPreparer.java:48)
	at org.gradle.internal.Factories$1.create(Factories.java:31)
	at org.gradle.internal.work.DefaultWorkerLeaseService.withReplacedLocks(DefaultWorkerLeaseService.java:359)
	at org.gradle.api.internal.project.DefaultProjectStateRegistry$DefaultBuildProjectRegistry.withMutableStateOfAllProjects(DefaultProjectStateRegistry.java:238)
	at org.gradle.api.internal.project.DefaultProjectStateRegistry$DefaultBuildProjectRegistry.withMutableStateOfAllProjects(DefaultProjectStateRegistry.java:231)
	at org.gradle.initialization.DefaultTaskExecutionPreparer.scheduleRequestedTasks(DefaultTaskExecutionPreparer.java:47)
	at org.gradle.initialization.VintageBuildModelController.lambda$scheduleRequestedTasks$0(VintageBuildModelController.java:76)
	at org.gradle.internal.model.StateTransitionController.lambda$inState$1(StateTransitionController.java:99)
	at org.gradle.internal.model.StateTransitionController.lambda$inState$2(StateTransitionController.java:114)
	at org.gradle.internal.work.DefaultSynchronizer.withLock(DefaultSynchronizer.java:46)
	at org.gradle.internal.model.StateTransitionController.inState(StateTransitionController.java:110)
	at org.gradle.internal.model.StateTransitionController.inState(StateTransitionController.java:98)
	at org.gradle.initialization.VintageBuildModelController.scheduleRequestedTasks(VintageBuildModelController.java:76)
	at org.gradle.internal.build.DefaultBuildLifecycleController$DefaultWorkGraphBuilder.addRequestedTasks(DefaultBuildLifecycleController.java:404)
	at org.gradle.internal.buildtree.DefaultBuildTreeWorkPreparer.lambda$scheduleRequestedTasks$0(DefaultBuildTreeWorkPreparer.java:41)
	at org.gradle.internal.build.DefaultBuildLifecycleController.lambda$populateWorkGraph$7(DefaultBuildLifecycleController.java:189)
	at org.gradle.internal.build.DefaultBuildWorkPreparer.populateWorkGraph(DefaultBuildWorkPreparer.java:42)
	at org.gradle.internal.build.BuildOperationFiringBuildWorkPreparer$PopulateWorkGraph.populateTaskGraph(BuildOperationFiringBuildWorkPreparer.java:106)
	at org.gradle.internal.build.BuildOperationFiringBuildWorkPreparer$PopulateWorkGraph.run(BuildOperationFiringBuildWorkPreparer.java:92)
	at org.gradle.internal.operations.DefaultBuildOperationRunner$1.execute(DefaultBuildOperationRunner.java:29)
	at org.gradle.internal.operations.DefaultBuildOperationRunner$1.execute(DefaultBuildOperationRunner.java:26)
	at org.gradle.internal.operations.DefaultBuildOperationRunner$2.execute(DefaultBuildOperationRunner.java:66)
	at org.gradle.internal.operations.DefaultBuildOperationRunner$2.execute(DefaultBuildOperationRunner.java:59)
	at org.gradle.internal.operations.DefaultBuildOperationRunner.execute(DefaultBuildOperationRunner.java:166)
	at org.gradle.internal.operations.DefaultBuildOperationRunner.execute(DefaultBuildOperationRunner.java:59)
	at org.gradle.internal.operations.DefaultBuildOperationRunner.run(DefaultBuildOperationRunner.java:47)
	at org.gradle.internal.build.BuildOperationFiringBuildWorkPreparer.populateWorkGraph(BuildOperationFiringBuildWorkPreparer.java:67)
	at org.gradle.internal.build.DefaultBuildLifecycleController.lambda$populateWorkGraph$8(DefaultBuildLifecycleController.java:189)
	at org.gradle.internal.model.StateTransitionController.lambda$inState$1(StateTransitionController.java:99)
	at org.gradle.internal.model.StateTransitionController.lambda$inState$2(StateTransitionController.java:114)
	at org.gradle.internal.work.DefaultSynchronizer.withLock(DefaultSynchronizer.java:46)
	at org.gradle.internal.model.StateTransitionController.inState(StateTransitionController.java:110)
	at org.gradle.internal.model.StateTransitionController.inState(StateTransitionController.java:98)
	at org.gradle.internal.build.DefaultBuildLifecycleController.populateWorkGraph(DefaultBuildLifecycleController.java:189)
	at org.gradle.internal.build.DefaultBuildWorkGraphController$DefaultBuildWorkGraph.populateWorkGraph(DefaultBuildWorkGraphController.java:169)
	at org.gradle.composite.internal.DefaultBuildController.populateWorkGraph(DefaultBuildController.java:76)
	at org.gradle.composite.internal.DefaultIncludedBuildTaskGraph$DefaultBuildTreeWorkGraphBuilder.withWorkGraph(DefaultIncludedBuildTaskGraph.java:153)
	at org.gradle.internal.buildtree.DefaultBuildTreeWorkPreparer.lambda$scheduleRequestedTasks$1(DefaultBuildTreeWorkPreparer.java:41)
	at org.gradle.composite.internal.DefaultIncludedBuildTaskGraph$DefaultBuildTreeWorkGraph$1.run(DefaultIncludedBuildTaskGraph.java:209)
	at org.gradle.internal.operations.DefaultBuildOperationRunner$1.execute(DefaultBuildOperationRunner.java:29)
	at org.gradle.internal.operations.DefaultBuildOperationRunner$1.execute(DefaultBuildOperationRunner.java:26)
	at org.gradle.internal.operations.DefaultBuildOperationRunner$2.execute(DefaultBuildOperationRunner.java:66)
	at org.gradle.internal.operations.DefaultBuildOperationRunner$2.execute(DefaultBuildOperationRunner.java:59)
	at org.gradle.internal.operations.DefaultBuildOperationRunner.execute(DefaultBuildOperationRunner.java:166)
	at org.gradle.internal.operations.DefaultBuildOperationRunner.execute(DefaultBuildOperationRunner.java:59)
	at org.gradle.internal.operations.DefaultBuildOperationRunner.run(DefaultBuildOperationRunner.java:47)
	at org.gradle.composite.internal.DefaultIncludedBuildTaskGraph$DefaultBuildTreeWorkGraph.scheduleWork(DefaultIncludedBuildTaskGraph.java:204)
	at org.gradle.internal.buildtree.DefaultBuildTreeWorkPreparer.scheduleRequestedTasks(DefaultBuildTreeWorkPreparer.java:37)
	at org.gradle.internal.cc.impl.VintageBuildTreeWorkController$scheduleAndRunRequestedTasks$1.apply(VintageBuildTreeWorkController.kt:36)
	at org.gradle.internal.cc.impl.VintageBuildTreeWorkController$scheduleAndRunRequestedTasks$1.apply(VintageBuildTreeWorkController.kt:35)
	at org.gradle.composite.internal.DefaultIncludedBuildTaskGraph.withNewWorkGraph(DefaultIncludedBuildTaskGraph.java:112)
	at org.gradle.internal.cc.impl.VintageBuildTreeWorkController.scheduleAndRunRequestedTasks(VintageBuildTreeWorkController.kt:35)
	at org.gradle.internal.buildtree.DefaultBuildTreeLifecycleController.lambda$scheduleAndRunTasks$1(DefaultBuildTreeLifecycleController.java:77)
	at org.gradle.internal.buildtree.DefaultBuildTreeLifecycleController.lambda$runBuild$4(DefaultBuildTreeLifecycleController.java:120)
	at org.gradle.internal.model.StateTransitionController.lambda$transition$6(StateTransitionController.java:169)
	at org.gradle.internal.model.StateTransitionController.doTransition(StateTransitionController.java:266)
	at org.gradle.internal.model.StateTransitionController.lambda$transition$7(StateTransitionController.java:169)
	at org.gradle.internal.work.DefaultSynchronizer.withLock(DefaultSynchronizer.java:46)
	at org.gradle.internal.model.StateTransitionController.transition(StateTransitionController.java:169)
	at org.gradle.internal.buildtree.DefaultBuildTreeLifecycleController.runBuild(DefaultBuildTreeLifecycleController.java:117)
	at org.gradle.internal.buildtree.DefaultBuildTreeLifecycleController.scheduleAndRunTasks(DefaultBuildTreeLifecycleController.java:77)
	at org.gradle.internal.buildtree.DefaultBuildTreeLifecycleController.scheduleAndRunTasks(DefaultBuildTreeLifecycleController.java:72)
	at org.gradle.tooling.internal.provider.ExecuteBuildActionRunner.run(ExecuteBuildActionRunner.java:31)
	at org.gradle.launcher.exec.ChainingBuildActionRunner.run(ChainingBuildActionRunner.java:35)
	at org.gradle.internal.buildtree.ProblemReportingBuildActionRunner.run(ProblemReportingBuildActionRunner.java:49)
	at org.gradle.launcher.exec.BuildOutcomeReportingBuildActionRunner.run(BuildOutcomeReportingBuildActionRunner.java:66)
	at org.gradle.tooling.internal.provider.FileSystemWatchingBuildActionRunner.run(FileSystemWatchingBuildActionRunner.java:140)
	at org.gradle.launcher.exec.BuildCompletionNotifyingBuildActionRunner.run(BuildCompletionNotifyingBuildActionRunner.java:41)
	at org.gradle.launcher.exec.RootBuildLifecycleBuildActionExecutor.lambda$execute$0(RootBuildLifecycleBuildActionExecutor.java:54)
	at org.gradle.composite.internal.DefaultRootBuildState.run(DefaultRootBuildState.java:130)
	at org.gradle.launcher.exec.RootBuildLifecycleBuildActionExecutor.execute(RootBuildLifecycleBuildActionExecutor.java:54)
	at org.gradle.internal.buildtree.InitDeprecationLoggingActionExecutor.execute(InitDeprecationLoggingActionExecutor.java:62)
	at org.gradle.internal.buildtree.InitProblems.execute(InitProblems.java:36)
	at org.gradle.internal.buildtree.DefaultBuildTreeContext.execute(DefaultBuildTreeContext.java:40)
	at org.gradle.launcher.exec.BuildTreeLifecycleBuildActionExecutor.lambda$execute$0(BuildTreeLifecycleBuildActionExecutor.java:71)
	at org.gradle.internal.buildtree.BuildTreeState.run(BuildTreeState.java:60)
	at org.gradle.launcher.exec.BuildTreeLifecycleBuildActionExecutor.execute(BuildTreeLifecycleBuildActionExecutor.java:71)
	at org.gradle.launcher.exec.RunAsBuildOperationBuildActionExecutor$3.call(RunAsBuildOperationBuildActionExecutor.java:61)
	at org.gradle.launcher.exec.RunAsBuildOperationBuildActionExecutor$3.call(RunAsBuildOperationBuildActionExecutor.java:57)
	at org.gradle.internal.operations.DefaultBuildOperationRunner$CallableBuildOperationWorker.execute(DefaultBuildOperationRunner.java:209)
	at org.gradle.internal.operations.DefaultBuildOperationRunner$CallableBuildOperationWorker.execute(DefaultBuildOperationRunner.java:204)
	at org.gradle.internal.operations.DefaultBuildOperationRunner$2.execute(DefaultBuildOperationRunner.java:66)
	at org.gradle.internal.operations.DefaultBuildOperationRunner$2.execute(DefaultBuildOperationRunner.java:59)
	at org.gradle.internal.operations.DefaultBuildOperationRunner.execute(DefaultBuildOperationRunner.java:166)
	at org.gradle.internal.operations.DefaultBuildOperationRunner.execute(DefaultBuildOperationRunner.java:59)
	at org.gradle.internal.operations.DefaultBuildOperationRunner.call(DefaultBuildOperationRunner.java:53)
	at org.gradle.launcher.exec.RunAsBuildOperationBuildActionExecutor.execute(RunAsBuildOperationBuildActionExecutor.java:57)
	at org.gradle.launcher.exec.RunAsWorkerThreadBuildActionExecutor.lambda$execute$0(RunAsWorkerThreadBuildActionExecutor.java:36)
	at org.gradle.internal.work.DefaultWorkerLeaseService.withLocks(DefaultWorkerLeaseService.java:263)
	at org.gradle.internal.work.DefaultWorkerLeaseService.runAsWorkerThread(DefaultWorkerLeaseService.java:127)
	at org.gradle.launcher.exec.RunAsWorkerThreadBuildActionExecutor.execute(RunAsWorkerThreadBuildActionExecutor.java:36)
	at org.gradle.tooling.internal.provider.continuous.ContinuousBuildActionExecutor.execute(ContinuousBuildActionExecutor.java:110)
	at org.gradle.tooling.internal.provider.SubscribableBuildActionExecutor.execute(SubscribableBuildActionExecutor.java:64)
	at org.gradle.internal.session.DefaultBuildSessionContext.execute(DefaultBuildSessionContext.java:46)
	at org.gradle.internal.buildprocess.execution.BuildSessionLifecycleBuildActionExecutor$ActionImpl.apply(BuildSessionLifecycleBuildActionExecutor.java:92)
	at org.gradle.internal.buildprocess.execution.BuildSessionLifecycleBuildActionExecutor$ActionImpl.apply(BuildSessionLifecycleBuildActionExecutor.java:80)
	at org.gradle.internal.session.BuildSessionState.run(BuildSessionState.java:71)
	at org.gradle.internal.buildprocess.execution.BuildSessionLifecycleBuildActionExecutor.execute(BuildSessionLifecycleBuildActionExecutor.java:62)
	at org.gradle.internal.buildprocess.execution.BuildSessionLifecycleBuildActionExecutor.execute(BuildSessionLifecycleBuildActionExecutor.java:41)
	at org.gradle.internal.buildprocess.execution.StartParamsValidatingActionExecutor.execute(StartParamsValidatingActionExecutor.java:64)
	at org.gradle.internal.buildprocess.execution.StartParamsValidatingActionExecutor.execute(StartParamsValidatingActionExecutor.java:32)
	at org.gradle.internal.buildprocess.execution.SessionFailureReportingActionExecutor.execute(SessionFailureReportingActionExecutor.java:51)
	at org.gradle.internal.buildprocess.execution.SessionFailureReportingActionExecutor.execute(SessionFailureReportingActionExecutor.java:39)
	at org.gradle.internal.buildprocess.execution.SetupLoggingActionExecutor.execute(SetupLoggingActionExecutor.java:47)
	at org.gradle.internal.buildprocess.execution.SetupLoggingActionExecutor.execute(SetupLoggingActionExecutor.java:31)
	at org.gradle.launcher.daemon.server.exec.ExecuteBuild.doBuild(ExecuteBuild.java:70)
	at org.gradle.launcher.daemon.server.exec.BuildCommandOnly.execute(BuildCommandOnly.java:37)
	at org.gradle.launcher.daemon.server.api.DaemonCommandExecution.proceed(DaemonCommandExecution.java:104)
	at org.gradle.launcher.daemon.server.exec.WatchForDisconnection.execute(WatchForDisconnection.java:39)
	at org.gradle.launcher.daemon.server.api.DaemonCommandExecution.proceed(DaemonCommandExecution.java:104)
	at org.gradle.launcher.daemon.server.exec.ResetDeprecationLogger.execute(ResetDeprecationLogger.java:29)
	at org.gradle.launcher.daemon.server.api.DaemonCommandExecution.proceed(DaemonCommandExecution.java:104)
	at org.gradle.launcher.daemon.server.exec.RequestStopIfSingleUsedDaemon.execute(RequestStopIfSingleUsedDaemon.java:35)
	at org.gradle.launcher.daemon.server.api.DaemonCommandExecution.proceed(DaemonCommandExecution.java:104)
	at org.gradle.launcher.daemon.server.exec.ForwardClientInput.lambda$execute$0(ForwardClientInput.java:40)
	at org.gradle.internal.daemon.clientinput.ClientInputForwarder.forwardInput(ClientInputForwarder.java:80)
	at org.gradle.launcher.daemon.server.exec.ForwardClientInput.execute(ForwardClientInput.java:37)
	at org.gradle.launcher.daemon.server.api.DaemonCommandExecution.proceed(DaemonCommandExecution.java:104)
	at org.gradle.launcher.daemon.server.exec.LogAndCheckHealth.execute(LogAndCheckHealth.java:53)
	at org.gradle.launcher.daemon.server.api.DaemonCommandExecution.proceed(DaemonCommandExecution.java:104)
	at org.gradle.launcher.daemon.server.exec.LogToClient.doBuild(LogToClient.java:63)
	at org.gradle.launcher.daemon.server.exec.BuildCommandOnly.execute(BuildCommandOnly.java:37)
	at org.gradle.launcher.daemon.server.api.DaemonCommandExecution.proceed(DaemonCommandExecution.java:104)
	at org.gradle.launcher.daemon.server.exec.EstablishBuildEnvironment.doBuild(EstablishBuildEnvironment.java:84)
	at org.gradle.launcher.daemon.server.exec.BuildCommandOnly.execute(BuildCommandOnly.java:37)
	at org.gradle.launcher.daemon.server.api.DaemonCommandExecution.proceed(DaemonCommandExecution.java:104)
	at org.gradle.launcher.daemon.server.exec.StartBuildOrRespondWithBusy$1.run(StartBuildOrRespondWithBusy.java:52)
	at org.gradle.launcher.daemon.server.DaemonStateCoordinator.lambda$runCommand$0(DaemonStateCoordinator.java:321)
	at org.gradle.internal.concurrent.ExecutorPolicy$CatchAndRecordFailures.onExecute(ExecutorPolicy.java:64)
	at org.gradle.internal.concurrent.AbstractManagedExecutor$1.run(AbstractManagedExecutor.java:48)


BUILD FAILED in 15s
15 actionable tasks: 15 up-to-date
